{
  "before_ns": {
    "median": 8918708,
    "minimum": 8833208,
    "maximum": 9648541,
    "mad": 54666,
    "half_shift": -0.0005467711397705299
  },
  "after_ns": {
    "median": 8522958,
    "minimum": 8346291,
    "maximum": 8906583,
    "mad": 130333,
    "half_shift": 0.01901292901660323
  },
  "after_before": {
    "median": 0.9586724969419175,
    "minimum": 0.8698335841657303,
    "maximum": 0.9889746360726417,
    "mad": 0.0171679173019601,
    "half_shift": 0.017232504023310335
  }
}
