{
  "before_ns": {
    "median": 345598625,
    "minimum": 337209666,
    "maximum": 367896917,
    "mad": 4395750,
    "half_shift": -0.008571903667298097
  },
  "forwarding_ns": {
    "median": 359661458,
    "minimum": 337259208,
    "maximum": 374576917,
    "mad": 6850417,
    "half_shift": -0.014976775128507702
  },
  "after_ns": {
    "median": 3616291,
    "minimum": 3405167,
    "maximum": 4115458,
    "mad": 125876,
    "half_shift": -0.05063912660133141
  },
  "after_before": {
    "median": 0.010432012819541689,
    "minimum": 0.009473101157629355,
    "maximum": 0.011970757080667452,
    "mad": 0.0003420240502668096,
    "half_shift": -0.04774583675007671
  },
  "after_forwarding": {
    "median": 0.00998893882793755,
    "minimum": 0.00946770059526367,
    "maximum": 0.011594322429886035,
    "mad": 0.0003072348324893396,
    "half_shift": -0.028975009683911424
  }
}
