optimizer-x64	Qualify native optimizer regressions	﻿2026-09-12T10:05:09.9207520Z ##[group]Run set -euo pipefail
optimizer-x64	Qualify native optimizer regressions	2026-09-12T10:05:09.9209450Z ^[[36;1mset -euo pipefail^[[0m
optimizer-x64	Qualify native optimizer regressions	2026-09-12T10:05:09.9211020Z ^[[36;1mset -o pipefail^[[0m
optimizer-x64	Qualify native optimizer regressions	2026-09-12T10:05:09.9212850Z ^[[36;1mzig build optimizer-oracle -Doptimize=ReleaseFast -Dcpu=baseline -- qualify 8 1 2>&1 | tee .zig-cache/optimizer-x64/qualification.log^[[0m
optimizer-x64	Qualify native optimizer regressions	2026-09-12T10:05:09.9567550Z shell: /bin/bash --noprofile --norc -e -o pipefail {0}
optimizer-x64	Qualify native optimizer regressions	2026-09-12T10:05:09.9568300Z ##[endgroup]
optimizer-x64	Qualify native optimizer regressions	2026-09-12T10:07:30.8177290Z optimizer oracle: native optimizer regression qualification
optimizer-x64	Qualify native optimizer regressions	2026-09-12T10:07:41.1785200Z   PASS Regressions/ScalarClassLeaves.sx
optimizer-x64	Qualify native optimizer regressions	2026-09-12T10:07:41.1788560Z     protects: scalar class state and mutator leaves preserve shared identity, reassignment barriers, signed updates, NaN, signed zero, boolean fields, and resource replacement barriers
optimizer-x64	Qualify native optimizer regressions	2026-09-12T10:07:41.1790510Z     binaries: Debug 49407 bytes, Release 45272 bytes
optimizer-x64	Qualify native optimizer regressions	2026-09-12T10:07:41.3581810Z   PASS Regressions/IntegerMemoryRegions.sx
optimizer-x64	Qualify native optimizer regressions	2026-09-12T10:07:41.3583350Z     protects: integer loop regions and direct signed/unsigned operands preserve aliases, narrow normalization, cold exits and empty iterations
optimizer-x64	Qualify native optimizer regressions	2026-09-12T10:07:41.3585240Z     binaries: Debug 41215 bytes, Release 32952 bytes
optimizer-x64	Qualify native optimizer regressions	2026-09-12T10:07:42.7742400Z   PASS Regressions/BranchComparisons.sx
optimizer-x64	Qualify native optimizer regressions	2026-09-12T10:07:42.7743810Z     protects: single-use and shared comparisons preserve signed and unsigned widths, unordered floats, infinities and signed zero
optimizer-x64	Qualify native optimizer regressions	2026-09-12T10:07:42.7745080Z     binaries: Debug 28927 bytes, Release 16536 bytes
optimizer-x64	Qualify native optimizer regressions	2026-09-12T10:07:42.9048630Z   PASS Regressions/BranchSnapshots.sx
optimizer-x64	Qualify native optimizer regressions	2026-09-12T10:07:42.9050080Z     protects: arm-local scalar snapshots preserve alias writes, joined values, negative indices, NaN and signed zero
optimizer-x64	Qualify native optimizer regressions	2026-09-12T10:07:42.9051350Z     binaries: Debug 28927 bytes, Release 20664 bytes
optimizer-x64	Qualify native optimizer regressions	2026-09-12T10:07:43.0336620Z   PASS Regressions/PrivateCollectionLengths.sx
optimizer-x64	Qualify native optimizer regressions	2026-09-12T10:07:43.0338070Z     protects: private literal lengths cross branches and unrelated calls while mutation, copies, view escapes and terminal lifetimes stay exact
optimizer-x64	Qualify native optimizer regressions	2026-09-12T10:07:43.0339460Z     binaries: Debug 37119 bytes, Release 32952 bytes
optimizer-x64	Qualify native optimizer regressions	2026-09-12T10:07:43.1578730Z   PASS Regressions/ScalarFloatOperands.sx
optimizer-x64	Qualify native optimizer regressions	2026-09-12T10:07:43.1580000Z     protects: direct scalar SSE operands preserve subtraction/division order, widths, signed zero and unordered comparisons
optimizer-x64	Qualify native optimizer regressions	2026-09-12T10:07:43.1581570Z     binaries: Debug 20735 bytes, Release 16536 bytes
optimizer-x64	Qualify native optimizer regressions	2026-09-12T10:07:43.3101560Z   PASS Regressions/FloatMemoryResidence.sx
optimizer-x64	Qualify native optimizer regressions	2026-09-12T10:07:43.3103140Z     protects: mixed integer and FP recurrences across aggregate inputs and returns, stack copies and fixed/view loads, widths, NaN and signed zero
optimizer-x64	Qualify native optimizer regressions	2026-09-12T10:07:43.3104540Z     binaries: Debug 28927 bytes, Release 24760 bytes
optimizer-x64	Qualify native optimizer regressions	2026-09-12T10:07:43.4383350Z   PASS Regressions/LoopExitResidence.sx
optimizer-x64	Qualify native optimizer regressions	2026-09-12T10:07:43.4384460Z     protects: loop-carried scalar state survives interleaved class exits and direct mutator calls
optimizer-x64	Qualify native optimizer regressions	2026-09-12T10:07:43.4385490Z     binaries: Debug 33023 bytes, Release 28856 bytes
optimizer-x64	Qualify native optimizer regressions	2026-09-12T10:07:43.5760880Z   PASS Regressions/ScalarFloatResidence.sx
optimizer-x64	Qualify native optimizer regressions	2026-09-12T10:07:43.5762150Z     protects: scalar FP pressure, loop recurrence, call barriers, addressed aliases, exact conversion, NaN and signed zero
optimizer-x64	Qualify native optimizer regressions	2026-09-12T10:07:43.5763340Z     binaries: Debug 20735 bytes, Release 12440 bytes
optimizer-x64	Qualify native optimizer regressions	2026-09-12T10:07:43.7166340Z native Release mismatch for /Users/runner/work/Silex/Silex/Toolchain/Benchmarks/Optimizer/Regressions/DominatedReferenceReads.sx
optimizer-x64	Qualify native optimizer regressions	2026-09-12T10:07:43.7170930Z   expected exit=0 stdout={ 116, 114, 117, 101, 10, 116, 114, 117, 101, 10, 116, 114, 117, 101, 10, 116, 114, 117, 101, 10, 116, 114, 117, 101, 10, 116, 114, 117, 101, 10, 116, 114, 117, 101, 10, 116, 114, 117, 101, 10, 116, 114, 117, 101, 10, 116, 114, 117, 101, 10, 116, 114, 117, 101, 10, 116, 114, 117, 101, 10, 116, 114, 117, 101, 10, 116, 114, 117, 101, 10, 116, 114, 117, 101, 10, 116, 114, 117, 101, 10, 116, 114, 117, 101, 10, 116, 114, 117, 101, 10, 116, 114, 117, 101, 10, 116, 114, 117, 101, 10, 116, 114, 117, 101, 10, 116, 114, 117, 101, 10, 116, 114, 117, 101, 10, 116, 114, 117, 101, 10, 116, 114, 117, 101, 10, 116, 114, 117, 101, 10, 116, 114, 117, 101, 10, 116, 114, 117, 101, 10 } stderr={  }
optimizer-x64	Qualify native optimizer regressions	2026-09-12T10:07:43.7178610Z   actual term=.{ .exited = 0 } stdout={ 116, 114, 117, 101, 10, 116, 114, 117, 101, 10, 102, 97, 108, 115, 101, 10, 116, 114, 117, 101, 10, 116, 114, 117, 101, 10, 116, 114, 117, 101, 10, 116, 114, 117, 101, 10, 116, 114, 117, 101, 10, 116, 114, 117, 101, 10, 116, 114, 117, 101, 10, 102, 97, 108, 115, 101, 10, 116, 114, 117, 101, 10, 116, 114, 117, 101, 10, 116, 114, 117, 101, 10, 116, 114, 117, 101, 10, 116, 114, 117, 101, 10, 116, 114, 117, 101, 10, 116, 114, 117, 101, 10, 116, 114, 117, 101, 10, 116, 114, 117, 101, 10, 116, 114, 117, 101, 10, 116, 114, 117, 101, 10, 116, 114, 117, 101, 10, 116, 114, 117, 101, 10, 116, 114, 117, 101, 10, 116, 114, 117, 101, 10, 116, 114, 117, 101, 10, 116, 114, 117, 101, 10 } stderr={  }
optimizer-x64	Qualify native optimizer regressions	2026-09-12T10:07:43.7182410Z optimizer oracle: NativeReleaseMismatch
optimizer-x64	Qualify native optimizer regressions	2026-09-12T10:07:43.7206480Z optimizer-oracle
optimizer-x64	Qualify native optimizer regressions	2026-09-12T10:07:43.7207100Z +- run exe silex-optimizer-oracle failure
optimizer-x64	Qualify native optimizer regressions	2026-09-12T10:07:43.7207840Z error: process exited with error code 1
optimizer-x64	Qualify native optimizer regressions	2026-09-12T10:07:43.7209950Z failed command: ./.zig-cache/o/906b3446dec0fe4a3c5c95861ee029ed/silex-optimizer-oracle ./.zig-cache/o/92a37f0cb99711de1defddbb8cb89dbb/silex /Users/runner/work/Silex/Silex/Toolchain/Benchmarks/Optimizer qualify 8 1
optimizer-x64	Qualify native optimizer regressions	2026-09-12T10:07:43.7211760Z
optimizer-x64	Qualify native optimizer regressions	2026-09-12T10:07:43.7212120Z Build Summary: 27/29 steps succeeded (1 failed)
optimizer-x64	Qualify native optimizer regressions	2026-09-12T10:07:43.7212770Z optimizer-oracle transitive failure
optimizer-x64	Qualify native optimizer regressions	2026-09-12T10:07:43.7213330Z +- run exe silex-optimizer-oracle failure
optimizer-x64	Qualify native optimizer regressions	2026-09-12T10:07:43.7213710Z
optimizer-x64	Qualify native optimizer regressions	2026-09-12T10:07:43.7214030Z error: the following build command failed with exit code 1:
optimizer-x64	Qualify native optimizer regressions	2026-09-12T10:07:43.7217170Z .zig-cache/o/db1bef5e1547f4a71cec5779832f149d/build /Users/runner/work/_temp/zig-x86_64-macos-0.16.0/zig /Users/runner/work/_temp/zig-x86_64-macos-0.16.0/lib /Users/runner/work/Silex/Silex/Toolchain .zig-cache /Users/runner/.cache/zig --seed 0x3b94b204 -Z88457ceb8f5064a9 optimizer-oracle -Doptimize=ReleaseFast -Dcpu=baseline -- qualify 8 1
optimizer-x64	Qualify native optimizer regressions	2026-09-12T10:07:43.7252470Z ##[error]Process completed with exit code 1.
