optimizer-x64	Qualify native optimizer regressions	﻿2026-09-12T09:30:15.9226460Z ##[group]Run set -euo pipefail
optimizer-x64	Qualify native optimizer regressions	2026-09-12T09:30:15.9228050Z ^[[36;1mset -euo pipefail^[[0m
optimizer-x64	Qualify native optimizer regressions	2026-09-12T09:30:15.9229230Z ^[[36;1mset -o pipefail^[[0m
optimizer-x64	Qualify native optimizer regressions	2026-09-12T09:30:15.9231340Z ^[[36;1mzig build optimizer-oracle -Doptimize=ReleaseFast -Dcpu=baseline -- qualify 8 1 2>&1 | tee .zig-cache/optimizer-x64/qualification.log^[[0m
optimizer-x64	Qualify native optimizer regressions	2026-09-12T09:30:15.9373420Z shell: /bin/bash --noprofile --norc -e -o pipefail {0}
optimizer-x64	Qualify native optimizer regressions	2026-09-12T09:30:15.9374730Z ##[endgroup]
optimizer-x64	Qualify native optimizer regressions	2026-09-12T09:33:11.4502660Z optimizer oracle: native optimizer regression qualification
optimizer-x64	Qualify native optimizer regressions	2026-09-12T09:33:23.2322860Z native Debug mismatch for /Users/runner/work/Silex/Silex/Toolchain/Benchmarks/Optimizer/Regressions/ScalarClassLeaves.sx
optimizer-x64	Qualify native optimizer regressions	2026-09-12T09:33:23.2329600Z   expected exit=0 stdout={ 116, 114, 117, 101, 10, 116, 114, 117, 101, 10, 116, 114, 117, 101, 10, 116, 114, 117, 101, 10, 116, 114, 117, 101, 10, 116, 114, 117, 101, 10, 116, 114, 117, 101, 10, 116, 114, 117, 101, 10, 116, 114, 117, 101, 10, 116, 114, 117, 101, 10, 116, 114, 117, 101, 10, 116, 114, 117, 101, 10, 116, 114, 117, 101, 10, 116, 114, 117, 101, 10, 116, 114, 117, 101, 10, 116, 114, 117, 101, 10, 116, 114, 117, 101, 10, 116, 114, 117, 101, 10 } stderr={  }
optimizer-x64	Qualify native optimizer regressions	2026-09-12T09:33:23.2334900Z   actual term=.{ .exited = 0 } stdout={ 116, 114, 117, 101, 10, 116, 114, 117, 101, 10, 116, 114, 117, 101, 10, 116, 114, 117, 101, 10, 116, 114, 117, 101, 10, 116, 114, 117, 101, 10, 116, 114, 117, 101, 10, 116, 114, 117, 101, 10, 116, 114, 117, 101, 10, 116, 114, 117, 101, 10, 116, 114, 117, 101, 10, 116, 114, 117, 101, 10, 116, 114, 117, 101, 10, 102, 97, 108, 115, 101, 10, 116, 114, 117, 101, 10, 116, 114, 117, 101, 10, 116, 114, 117, 101, 10, 116, 114, 117, 101, 10 } stderr={  }
optimizer-x64	Qualify native optimizer regressions	2026-09-12T09:33:23.2342630Z optimizer oracle: NativeDebugMismatch
optimizer-x64	Qualify native optimizer regressions	2026-09-12T09:33:23.2344370Z optimizer-oracle
optimizer-x64	Qualify native optimizer regressions	2026-09-12T09:33:23.2349900Z +- run exe silex-optimizer-oracle failure
optimizer-x64	Qualify native optimizer regressions	2026-09-12T09:33:23.2351110Z error: process exited with error code 1
optimizer-x64	Qualify native optimizer regressions	2026-09-12T09:33:23.2353240Z failed command: ./.zig-cache/o/a3b164ef3c19185ec73b1371720aa14f/silex-optimizer-oracle ./.zig-cache/o/8154a9924d85f2fdc6dc222e21823a30/silex /Users/runner/work/Silex/Silex/Toolchain/Benchmarks/Optimizer qualify 8 1
optimizer-x64	Qualify native optimizer regressions	2026-09-12T09:33:23.2355200Z
optimizer-x64	Qualify native optimizer regressions	2026-09-12T09:33:23.2355430Z Build Summary: 27/29 steps succeeded (1 failed)
optimizer-x64	Qualify native optimizer regressions	2026-09-12T09:33:23.2360950Z optimizer-oracle transitive failure
optimizer-x64	Qualify native optimizer regressions	2026-09-12T09:33:23.2361910Z +- run exe silex-optimizer-oracle failure
optimizer-x64	Qualify native optimizer regressions	2026-09-12T09:33:23.2362570Z
optimizer-x64	Qualify native optimizer regressions	2026-09-12T09:33:23.2363250Z error: the following build command failed with exit code 1:
optimizer-x64	Qualify native optimizer regressions	2026-09-12T09:33:23.2366420Z .zig-cache/o/db1bef5e1547f4a71cec5779832f149d/build /Users/runner/work/_temp/zig-x86_64-macos-0.16.0/zig /Users/runner/work/_temp/zig-x86_64-macos-0.16.0/lib /Users/runner/work/Silex/Silex/Toolchain .zig-cache /Users/runner/.cache/zig --seed 0x6a27ef09 -Z51ea6a79fec7baca optimizer-oracle -Doptimize=ReleaseFast -Dcpu=baseline -- qualify 8 1
optimizer-x64	Qualify native optimizer regressions	2026-09-12T09:33:23.2409420Z ##[error]Process completed with exit code 1.
