2026-09-11T16:07:50.9412010Z Current runner version: '2.337.0'
2026-09-11T16:07:50.9445140Z ##[group]Runner Image Provisioner
2026-09-11T16:07:50.9446190Z Hosted Compute Agent
2026-09-11T16:07:50.9446900Z Version: 20260819.586
2026-09-11T16:07:50.9447670Z Commit: 3cc4a88dfa507ef76119ad1bb3eccc6378bb2b76
2026-09-11T16:07:50.9448650Z Build Date: 2026-08-18T23:20:18Z
2026-09-11T16:07:50.9449510Z Worker ID: {8fce6802-ff97-4b2a-b7b5-e4dc001703e2}
2026-09-11T16:07:50.9450450Z Azure Region: westus
2026-09-11T16:07:50.9451120Z ##[endgroup]
2026-09-11T16:07:50.9453290Z ##[group]Operating System
2026-09-11T16:07:50.9454080Z macOS
2026-09-11T16:07:50.9454690Z 15.7.9
2026-09-11T16:07:50.9455300Z 24G830
2026-09-11T16:07:50.9455900Z ##[endgroup]
2026-09-11T16:07:50.9456700Z ##[group]Runner Image
2026-09-11T16:07:50.9457430Z Image: macos-15
2026-09-11T16:07:50.9458110Z Version: 20260824.0482.1
2026-09-11T16:07:50.9459800Z Included Software: https://github.com/actions/runner-images/blob/macos-15/20260824.0482/images/macos/macos-15-Readme.md
2026-09-11T16:07:50.9462160Z Image Release: https://github.com/actions/runner-images/releases/tag/macos-15%2F20260824.0482
2026-09-11T16:07:50.9463620Z ##[endgroup]
2026-09-11T16:07:50.9465790Z ##[group]GITHUB_TOKEN Permissions
2026-09-11T16:07:50.9468770Z Contents: read
2026-09-11T16:07:50.9469490Z Metadata: read
2026-09-11T16:07:50.9470280Z ##[endgroup]
2026-09-11T16:07:50.9473730Z Secret source: Actions
2026-09-11T16:07:50.9474930Z Cache mode: write
2026-09-11T16:07:50.9476900Z Prepare workflow directory
2026-09-11T16:07:50.9948150Z Prepare all required actions
2026-09-11T16:07:51.0010120Z Getting action download info
2026-09-11T16:07:51.1688130Z Download action repository 'actions/checkout@v6' (SHA:d23441a48e516b6c34aea4fa41551a30e30af803)
2026-09-11T16:07:51.6798350Z Complete job name: macos-x64
2026-09-11T16:07:51.7837310Z ##[group]Run actions/checkout@v6
2026-09-11T16:07:51.7838940Z with:
2026-09-11T16:07:51.7839610Z   repository: Matanek/Silex
2026-09-11T16:07:51.7846200Z   token: ***
2026-09-11T16:07:51.7846860Z   ssh-strict: true
2026-09-11T16:07:51.7847510Z   ssh-user: git
2026-09-11T16:07:51.7848170Z   persist-credentials: true
2026-09-11T16:07:51.7848910Z   clean: true
2026-09-11T16:07:51.7849570Z   sparse-checkout-cone-mode: true
2026-09-11T16:07:51.7850350Z   fetch-depth: 1
2026-09-11T16:07:51.7850990Z   fetch-tags: false
2026-09-11T16:07:51.7851640Z   show-progress: true
2026-09-11T16:07:51.7852300Z   lfs: false
2026-09-11T16:07:51.7852910Z   submodules: false
2026-09-11T16:07:51.7853590Z   set-safe-directory: true
2026-09-11T16:07:51.7854340Z   allow-unsafe-pr-checkout: false
2026-09-11T16:07:51.7855590Z ##[endgroup]
2026-09-11T16:07:52.4256380Z Syncing repository: Matanek/Silex
2026-09-11T16:07:52.4259000Z ##[group]Getting Git version info
2026-09-11T16:07:52.4260240Z Working directory is '/Users/runner/work/Silex/Silex'
2026-09-11T16:07:52.4261850Z [command]/usr/local/bin/git version
2026-09-11T16:07:52.4682850Z git version 2.55.0
2026-09-11T16:07:52.4721890Z ##[endgroup]
2026-09-11T16:07:52.4739230Z Copying '/Users/runner/.gitconfig' to '/Users/runner/work/_temp/12c896da-616a-4ff1-baf1-8c244ca9c072/.gitconfig'
2026-09-11T16:07:52.4758240Z Temporarily overriding HOME='/Users/runner/work/_temp/12c896da-616a-4ff1-baf1-8c244ca9c072' before making global git config changes
2026-09-11T16:07:52.4761050Z Adding repository directory to the temporary git global config as a safe directory
2026-09-11T16:07:52.4767490Z [command]/usr/local/bin/git config --global --add safe.directory /Users/runner/work/Silex/Silex
2026-09-11T16:07:52.4912970Z Deleting the contents of '/Users/runner/work/Silex/Silex'
2026-09-11T16:07:52.4921850Z ##[group]Determining repository object format
2026-09-11T16:07:52.4925350Z ##[endgroup]
2026-09-11T16:07:52.4927440Z ##[group]Initializing the repository
2026-09-11T16:07:52.4936090Z [command]/usr/local/bin/git init /Users/runner/work/Silex/Silex
2026-09-11T16:07:52.5739510Z hint: Using 'master' as the name for the initial branch. This default branch name
2026-09-11T16:07:52.5743390Z hint: will change to "main" in Git 3.0. To configure the initial branch name
2026-09-11T16:07:52.5762100Z hint: to use in all of your new repositories, which will suppress this warning,
2026-09-11T16:07:52.5769550Z hint: call:
2026-09-11T16:07:52.5771360Z hint:
2026-09-11T16:07:52.5773540Z hint: 	git config --global init.defaultBranch <name>
2026-09-11T16:07:52.5777820Z hint:
2026-09-11T16:07:52.5780090Z hint: Names commonly chosen instead of 'master' are 'main', 'trunk' and
2026-09-11T16:07:52.5783180Z hint: 'development'. The just-created branch can be renamed via this command:
2026-09-11T16:07:52.5785430Z hint:
2026-09-11T16:07:52.5786940Z hint: 	git branch -m <name>
2026-09-11T16:07:52.5788490Z hint:
2026-09-11T16:07:52.5794530Z hint: Disable this message with "git config set advice.defaultBranchName false"
2026-09-11T16:07:52.5798130Z Initialized empty Git repository in /Users/runner/work/Silex/Silex/.git/
2026-09-11T16:07:52.5814330Z [command]/usr/local/bin/git remote add origin https://github.com/Matanek/Silex
2026-09-11T16:07:52.6096120Z ##[endgroup]
2026-09-11T16:07:52.6103120Z ##[group]Disabling automatic garbage collection
2026-09-11T16:07:52.6107590Z [command]/usr/local/bin/git config --local gc.auto 0
2026-09-11T16:07:52.6330260Z ##[endgroup]
2026-09-11T16:07:52.6334460Z ##[group]Setting up auth
2026-09-11T16:07:52.6340370Z Removing SSH command configuration
2026-09-11T16:07:52.6343760Z [command]/usr/local/bin/git config --local --name-only --get-regexp core\.sshCommand
2026-09-11T16:07:52.6514240Z [command]/usr/local/bin/git submodule foreach --recursive sh -c "git config --local --name-only --get-regexp 'core\.sshCommand' && git config --local --unset-all 'core.sshCommand' || :"
2026-09-11T16:07:52.8424830Z Removing HTTP extra header
2026-09-11T16:07:52.8432800Z [command]/usr/local/bin/git config --local --name-only --get-regexp http\.https\:\/\/github\.com\/\.extraheader
2026-09-11T16:07:52.8531230Z [command]/usr/local/bin/git submodule foreach --recursive sh -c "git config --local --name-only --get-regexp 'http\.https\:\/\/github\.com\/\.extraheader' && git config --local --unset-all 'http.https://github.com/.extraheader' || :"
2026-09-11T16:07:53.1000690Z Removing includeIf entries pointing to credentials config files
2026-09-11T16:07:53.1089080Z [command]/usr/local/bin/git config --local --name-only --get-regexp ^includeIf\.gitdir:
2026-09-11T16:07:53.1147720Z [command]/usr/local/bin/git submodule foreach --recursive git config --local --show-origin --name-only --get-regexp remote.origin.url
2026-09-11T16:07:53.2319520Z [command]/usr/local/bin/git config --file /Users/runner/work/_temp/git-credentials-cab82085-fecb-4997-a7ad-476994eb6c42.config http.https://github.com/.extraheader AUTHORIZATION: basic ***
2026-09-11T16:07:53.2381650Z [command]/usr/local/bin/git config --local includeIf.gitdir:/Users/runner/work/Silex/Silex/.git.path /Users/runner/work/_temp/git-credentials-cab82085-fecb-4997-a7ad-476994eb6c42.config
2026-09-11T16:07:53.2620300Z [command]/usr/local/bin/git config --local includeIf.gitdir:/Users/runner/work/Silex/Silex/.git/worktrees/*.path /Users/runner/work/_temp/git-credentials-cab82085-fecb-4997-a7ad-476994eb6c42.config
2026-09-11T16:07:53.2630690Z [command]/usr/local/bin/git config --local includeIf.gitdir:/github/workspace/.git.path /github/runner_temp/git-credentials-cab82085-fecb-4997-a7ad-476994eb6c42.config
2026-09-11T16:07:53.2740940Z [command]/usr/local/bin/git config --local includeIf.gitdir:/github/workspace/.git/worktrees/*.path /github/runner_temp/git-credentials-cab82085-fecb-4997-a7ad-476994eb6c42.config
2026-09-11T16:07:53.2846680Z ##[endgroup]
2026-09-11T16:07:53.2848690Z ##[group]Fetching the repository
2026-09-11T16:07:53.2857280Z [command]/usr/local/bin/git -c protocol.version=2 fetch --no-tags --prune --no-recurse-submodules --depth=1 origin +41a99f13a6b0558e7c897cddeeb2ec1a94074661:refs/remotes/origin/spec-silex-optimization-parity-completion
2026-09-11T16:07:55.1540410Z From https://github.com/Matanek/Silex
2026-09-11T16:07:55.1543360Z  * [new ref]         41a99f13a6b0558e7c897cddeeb2ec1a94074661 -> origin/spec-silex-optimization-parity-completion
2026-09-11T16:07:55.1553370Z [command]/usr/local/bin/git branch --list --remote origin/spec-silex-optimization-parity-completion
2026-09-11T16:07:55.1653130Z   origin/spec-silex-optimization-parity-completion
2026-09-11T16:07:55.1664390Z [command]/usr/local/bin/git rev-parse refs/remotes/origin/spec-silex-optimization-parity-completion
2026-09-11T16:07:55.1749590Z 41a99f13a6b0558e7c897cddeeb2ec1a94074661
2026-09-11T16:07:55.1754410Z ##[endgroup]
2026-09-11T16:07:55.1756060Z ##[group]Determining the checkout info
2026-09-11T16:07:55.1757980Z ##[endgroup]
2026-09-11T16:07:55.1760710Z [command]/usr/local/bin/git sparse-checkout disable
2026-09-11T16:07:55.1894420Z [command]/usr/local/bin/git config --local --unset-all extensions.worktreeConfig
2026-09-11T16:07:55.1993000Z ##[group]Checking out the ref
2026-09-11T16:07:55.1999870Z [command]/usr/local/bin/git checkout --progress --force -B spec-silex-optimization-parity-completion refs/remotes/origin/spec-silex-optimization-parity-completion
2026-09-11T16:07:55.8498040Z Switched to a new branch 'spec-silex-optimization-parity-completion'
2026-09-11T16:07:55.8514300Z branch 'spec-silex-optimization-parity-completion' set up to track 'origin/spec-silex-optimization-parity-completion'.
2026-09-11T16:07:55.8529250Z ##[endgroup]
2026-09-11T16:07:55.8672080Z [command]/usr/local/bin/git log -1 --format=%H
2026-09-11T16:07:55.8784950Z 41a99f13a6b0558e7c897cddeeb2ec1a94074661
2026-09-11T16:07:56.1233050Z ##[group]Run set -euo pipefail
2026-09-11T16:07:56.1233880Z [36;1mset -euo pipefail[0m
2026-09-11T16:07:56.1234420Z [36;1marchive="$RUNNER_TEMP/zig.tar.xz"[0m
2026-09-11T16:07:56.1235650Z [36;1mcurl -fL https://ziglang.org/download/0.16.0/zig-x86_64-macos-0.16.0.tar.xz -o "$archive"[0m
2026-09-11T16:07:56.1237330Z [36;1mecho "0387557ed1877bc6a2e1802c8391953baddba76081876301c522f52977b52ba7  $archive" | shasum -a 256 -c -[0m
2026-09-11T16:07:56.1238880Z [36;1mtar -xJf "$archive" -C "$RUNNER_TEMP"[0m
2026-09-11T16:07:56.1239740Z [36;1mecho "$RUNNER_TEMP/zig-x86_64-macos-0.16.0" >> "$GITHUB_PATH"[0m
2026-09-11T16:07:56.1327770Z shell: /bin/bash --noprofile --norc -e -o pipefail {0}
2026-09-11T16:07:56.1328870Z ##[endgroup]
2026-09-11T16:07:56.4398900Z   % Total    % Received % Xferd  Average Speed  Time    Time    Time   Current
2026-09-11T16:07:56.4400530Z                                  Dload  Upload  Total   Spent   Left   Speed
2026-09-11T16:07:56.4401150Z 
2026-09-11T16:07:57.4406000Z   0      0   0      0   0      0      0      0                              0
2026-09-11T16:07:58.4853080Z   7 54.73M   7  4.10M   0      0  3.30M      0   00:16   00:01   00:15  4.10M
2026-09-11T16:07:59.5206810Z  53 54.73M  53 29.07M   0      0 12.87M      0   00:04   00:02   00:02 14.41M
2026-09-11T16:07:59.5345760Z 100 54.73M 100 54.73M   0      0 16.92M      0   00:03   00:03         14.41M
2026-09-11T16:07:59.5444140Z 100 54.73M 100 54.73M   0      0 16.92M      0   00:03   00:03         14.41M
2026-09-11T16:07:59.5944670Z 100 54.73M 100 54.73M   0      0 16.92M      0   00:03   00:03         14.41M
2026-09-11T16:08:00.4406200Z /Users/runner/work/_temp/zig.tar.xz: OK
2026-09-11T16:08:21.1175240Z ##[group]Run set -euo pipefail
2026-09-11T16:08:21.1176710Z [36;1mset -euo pipefail[0m
2026-09-11T16:08:21.1177440Z [36;1mtest "$(uname -m)" = "x86_64"[0m
2026-09-11T16:08:21.1178420Z [36;1mexport HOME="$RUNNER_TEMP/home"[0m
2026-09-11T16:08:21.1179070Z [36;1mmkdir -p "$HOME"[0m
2026-09-11T16:08:21.1179730Z [36;1mzig build -Doptimize=ReleaseFast -Dcpu=baseline \[0m
2026-09-11T16:08:21.1180920Z [36;1m  --prefix "$RUNNER_TEMP/silex-prefix" \[0m
2026-09-11T16:08:21.1183690Z [36;1m  --build-file Toolchain/build.zig[0m
2026-09-11T16:08:21.1186530Z [36;1msilex="$RUNNER_TEMP/silex-prefix/bin/silex"[0m
2026-09-11T16:08:21.1188840Z [36;1m"$silex" --version[0m
2026-09-11T16:08:21.1201010Z [36;1m"$silex" targets | grep -F 'macos-x64'[0m
2026-09-11T16:08:21.1204020Z [36;1m"$silex" setup[0m
2026-09-11T16:08:21.1208940Z [36;1mshadercross="$HOME/.silex/toolchain/shadercross/3.0.0/macos-x64/bin/shadercross"[0m
2026-09-11T16:08:21.1212450Z [36;1mfile "$shadercross" | grep -F 'x86_64'[0m
2026-09-11T16:08:21.1214480Z [36;1m"$shadercross" --help >/dev/null 2>&1[0m
2026-09-11T16:08:21.1217650Z [36;1mboundary_root="$GITHUB_WORKSPACE/Toolchain/Fixtures/MacOSX64Boundary/Boundary/macos-x64"[0m
2026-09-11T16:08:21.1221720Z [36;1mzig cc -target x86_64-macos -c "$boundary_root/Provider.c" -o "$boundary_root/Provider.o"[0m
2026-09-11T16:08:21.1226160Z [36;1mzig ar rcs "$boundary_root/libMacOSX64Boundary.a" "$boundary_root/Provider.o"[0m
2026-09-11T16:08:21.1228530Z [36;1mboundary_consumer="$GITHUB_WORKSPACE/Toolchain/Fixtures/MacOSX64BoundaryConsumer"[0m
2026-09-11T16:08:21.1230950Z [36;1m"$silex" link "$GITHUB_WORKSPACE/Toolchain/Fixtures/MacOSX64Boundary" \[0m
2026-09-11T16:08:21.1232950Z [36;1m  --workspace "$boundary_consumer" --target macos-x64[0m
2026-09-11T16:08:21.1234640Z [36;1m"$silex" packages resolve "$boundary_consumer"[0m
2026-09-11T16:08:21.1236060Z [36;1m"$silex" compile "$boundary_consumer/Main.sx" \[0m
2026-09-11T16:08:21.1237470Z [36;1m  --release -o "$RUNNER_TEMP/macos-x64-boundary"[0m
2026-09-11T16:08:21.1239970Z [36;1mtest "$("$RUNNER_TEMP/macos-x64-boundary")" = "macos x64 boundary ready"[0m
2026-09-11T16:08:21.1242140Z [36;1m"$silex" test "$GITHUB_WORKSPACE/Tests/Native/NativePortability.sx"[0m
2026-09-11T16:08:21.1244070Z [36;1mrun_distribution() {[0m
2026-09-11T16:08:21.1244790Z [36;1m  executable="$1"[0m
2026-09-11T16:08:21.1245590Z [36;1m  stderr="$RUNNER_TEMP/$(basename "$executable").stderr"[0m
2026-09-11T16:08:21.1246620Z [36;1m  set +e[0m
2026-09-11T16:08:21.1248080Z [36;1m  output=$("$executable" 2>"$stderr")[0m
2026-09-11T16:08:21.1249540Z [36;1m  status=$?[0m
2026-09-11T16:08:21.1250480Z [36;1m  set -e[0m
2026-09-11T16:08:21.1252300Z [36;1m  if [ "$status" -ne 0 ]; then[0m
2026-09-11T16:08:21.1253170Z [36;1m    cat "$stderr"[0m
2026-09-11T16:08:21.1254020Z [36;1m    lldb --batch -o 'run' \[0m
2026-09-11T16:08:21.1254800Z [36;1m      -k 'thread backtrace all' \[0m
2026-09-11T16:08:21.1256330Z [36;1m      -k 'register read' \[0m
2026-09-11T16:08:21.1257020Z [36;1m      -k 'image lookup -a $pc' \[0m
2026-09-11T16:08:21.1257670Z [36;1m      -k 'disassemble -p' \[0m
2026-09-11T16:08:21.1258260Z [36;1m      -- "$executable" || true[0m
2026-09-11T16:08:21.1259730Z [36;1m    return "$status"[0m
2026-09-11T16:08:21.1260460Z [36;1m  fi[0m
2026-09-11T16:08:21.1260990Z [36;1m  test "$output" = "silex distribution ready"[0m
2026-09-11T16:08:21.1261920Z [36;1m}[0m
2026-09-11T16:08:21.1263010Z [36;1mdistribution="$GITHUB_WORKSPACE/Tests/Native/DistributionSmoke.sx"[0m
2026-09-11T16:08:21.1263960Z [36;1m"$silex" compile "$distribution" \[0m
2026-09-11T16:08:21.1264670Z [36;1m  -o "$RUNNER_TEMP/distribution-smoke-debug"[0m
2026-09-11T16:08:21.1265530Z [36;1mrun_distribution "$RUNNER_TEMP/distribution-smoke-debug"[0m
2026-09-11T16:08:21.1266640Z [36;1m"$silex" compile "$distribution" \[0m
2026-09-11T16:08:21.1267460Z [36;1m  --release -o "$RUNNER_TEMP/distribution-smoke-release"[0m
2026-09-11T16:08:21.1269450Z [36;1mrun_distribution "$RUNNER_TEMP/distribution-smoke-release"[0m
2026-09-11T16:08:21.1270680Z [36;1mtest "$("$silex" run "$distribution" --release)" = "silex distribution ready"[0m
2026-09-11T16:08:21.1271950Z [36;1m"$silex" compile "$GITHUB_WORKSPACE/Tests/Native/NativePortability.sx" \[0m
2026-09-11T16:08:21.1273030Z [36;1m  --release -o "$RUNNER_TEMP/native-portability"[0m
2026-09-11T16:08:21.1274940Z [36;1mfile "$RUNNER_TEMP/native-portability" | grep -F 'x86_64'[0m
2026-09-11T16:08:21.1277990Z [36;1mportability_output=$("$RUNNER_TEMP/native-portability")[0m
2026-09-11T16:08:21.1280460Z [36;1mprintf '%s\n' "$portability_output"[0m
2026-09-11T16:08:21.1281590Z [36;1mcycle_drops=$(printf '%s\n' "$portability_output" | grep -c '^native cycle drop$')[0m
2026-09-11T16:08:21.1282630Z [36;1mtest "$cycle_drops" -eq 6[0m
2026-09-11T16:08:21.1437500Z shell: /bin/bash --noprofile --norc -e -o pipefail {0}
2026-09-11T16:08:21.1438740Z ##[endgroup]
2026-09-11T16:15:09.5120550Z silex 0.44.1
2026-09-11T16:15:09.5233480Z macos-x64 (host)
2026-09-11T16:15:11.3210680Z silex: installed Shadercross for macos-x64
2026-09-11T16:15:33.4733910Z silex: installed Native linker for macos-x64
2026-09-11T16:15:33.4989160Z /Users/runner/work/_temp/home/.silex/toolchain/shadercross/3.0.0/macos-x64/bin/shadercross: Mach-O universal binary with 2 architectures: [x86_64:Mach-O 64-bit executable x86_64] [arm64:Mach-O 64-bit executable arm64]
2026-09-11T16:15:33.5006920Z /Users/runner/work/_temp/home/.silex/toolchain/shadercross/3.0.0/macos-x64/bin/shadercross (for architecture x86_64):	Mach-O 64-bit executable x86_64
2026-09-11T16:15:34.2191680Z silex: linked MacOSX64Boundary@1.0.0 to /Users/runner/work/Silex/Silex/Toolchain/Fixtures/MacOSX64Boundary for this workspace
2026-09-11T16:15:34.2268090Z MacOSX64Boundary 1.0.0 workspace-link /Users/runner/work/Silex/Silex/Toolchain/Fixtures/MacOSX64Boundary
2026-09-11T16:15:57.2442560Z ok - execute direct indirect and dynamic calls beyond native registers
2026-09-11T16:15:57.3776080Z ok - preserve paired float32 arithmetic on native
2026-09-11T16:15:57.5084740Z ok - mutate a class-owned native list without changing its snapshot
2026-09-11T16:15:57.6488520Z ok - replace class elements in a class-owned native list
2026-09-11T16:15:57.7986690Z ok - preserve embedded byte contents on native
2026-09-11T16:15:57.9415590Z ok - format native floats through the standalone runtime
2026-09-11T16:15:58.0738900Z ok - convert native float precision in both directions
2026-09-11T16:15:58.1937370Z ok - replace and preserve an aliased native list
2026-09-11T16:15:58.3225150Z ok - swap and reverse a native list
2026-09-11T16:15:58.4479440Z ok - grow a native list at every position
2026-09-11T16:15:58.5732470Z ok - remove native list elements from every position
2026-09-11T16:15:58.7036320Z ok - slice view mutate and clear native lists
2026-09-11T16:15:58.8304600Z ok - mutable aggregate view detaches shared native list
2026-09-11T16:15:58.9599280Z copy state drop
2026-09-11T16:15:58.9600510Z copy state drop
2026-09-11T16:15:58.9601630Z ok - deep-copy repeated native class roots without collections
2026-09-11T16:15:59.0893180Z native cycle drop
2026-09-11T16:15:59.0894370Z native cycle drop
2026-09-11T16:15:59.0896710Z ok - finalize a direct native class cycle
2026-09-11T16:15:59.2113410Z native cycle drop
2026-09-11T16:15:59.2114580Z native cycle drop
2026-09-11T16:15:59.2115760Z ok - finalize a native class cycle through lists
2026-09-11T16:15:59.3351480Z native cycle drop
2026-09-11T16:15:59.3352770Z native cycle drop
2026-09-11T16:15:59.3354110Z ok - finalize a native class cycle through protocols
2026-09-11T16:15:59.4564270Z ok - execute the complete native collection mutation slice
2026-09-11T16:15:59.5846040Z copy state drop
2026-09-11T16:15:59.5847280Z copy state drop
2026-09-11T16:15:59.5848830Z ok - execute native ownership and deep-copy runtime
2026-09-11T16:15:59.7054810Z ok - preserve resource aggregates across native list growth
2026-09-11T16:15:59.8260630Z ok - serialize native mutations with mutex
2026-09-11T16:15:59.9507800Z native cycle drop
2026-09-11T16:15:59.9508650Z native cycle drop
2026-09-11T16:15:59.9509630Z native cycle drop
2026-09-11T16:15:59.9510620Z native cycle drop
2026-09-11T16:15:59.9511280Z native cycle drop
2026-09-11T16:15:59.9512550Z native cycle drop
2026-09-11T16:15:59.9513880Z ok - finalize native cycles across direct collection and protocol edges
2026-09-11T16:15:59.9515660Z 22 passed; 0 failed
2026-09-11T16:16:00.1979850Z /Users/runner/work/_temp/native-portability: Mach-O 64-bit executable x86_64
2026-09-11T16:16:00.2027760Z copy state drop
2026-09-11T16:16:00.2028480Z copy state drop
2026-09-11T16:16:00.2029310Z native cycle drop
2026-09-11T16:16:00.2030000Z native cycle drop
2026-09-11T16:16:00.2030760Z native cycle drop
2026-09-11T16:16:00.2031860Z native cycle drop
2026-09-11T16:16:00.2032320Z native cycle drop
2026-09-11T16:16:00.2033650Z native cycle drop
2026-09-11T16:16:00.2390630Z Post job cleanup.
2026-09-11T16:16:00.4183030Z [command]/usr/local/bin/git version
2026-09-11T16:16:00.4720130Z git version 2.55.0
2026-09-11T16:16:00.4760240Z Copying '/Users/runner/.gitconfig' to '/Users/runner/work/_temp/39858be7-c7a1-48e5-ab4c-619c3c8304f1/.gitconfig'
2026-09-11T16:16:00.4776390Z Temporarily overriding HOME='/Users/runner/work/_temp/39858be7-c7a1-48e5-ab4c-619c3c8304f1' before making global git config changes
2026-09-11T16:16:00.4778130Z Adding repository directory to the temporary git global config as a safe directory
2026-09-11T16:16:00.4783590Z [command]/usr/local/bin/git config --global --add safe.directory /Users/runner/work/Silex/Silex
2026-09-11T16:16:00.4892350Z Removing SSH command configuration
2026-09-11T16:16:00.4900350Z [command]/usr/local/bin/git config --local --name-only --get-regexp core\.sshCommand
2026-09-11T16:16:00.5008390Z [command]/usr/local/bin/git submodule foreach --recursive sh -c "git config --local --name-only --get-regexp 'core\.sshCommand' && git config --local --unset-all 'core.sshCommand' || :"
2026-09-11T16:16:00.8748790Z Removing HTTP extra header
2026-09-11T16:16:00.8750560Z [command]/usr/local/bin/git config --local --name-only --get-regexp http\.https\:\/\/github\.com\/\.extraheader
2026-09-11T16:16:00.8763540Z [command]/usr/local/bin/git submodule foreach --recursive sh -c "git config --local --name-only --get-regexp 'http\.https\:\/\/github\.com\/\.extraheader' && git config --local --unset-all 'http.https://github.com/.extraheader' || :"
2026-09-11T16:16:01.0147650Z Removing includeIf entries pointing to credentials config files
2026-09-11T16:16:01.0156010Z [command]/usr/local/bin/git config --local --name-only --get-regexp ^includeIf\.gitdir:
2026-09-11T16:16:01.0244130Z includeif.gitdir:/Users/runner/work/Silex/Silex/.git.path
2026-09-11T16:16:01.0245930Z includeif.gitdir:/Users/runner/work/Silex/Silex/.git/worktrees/*.path
2026-09-11T16:16:01.0247070Z includeif.gitdir:/github/workspace/.git.path
2026-09-11T16:16:01.0247980Z includeif.gitdir:/github/workspace/.git/worktrees/*.path
2026-09-11T16:16:01.0257850Z [command]/usr/local/bin/git config --local --get-all includeif.gitdir:/Users/runner/work/Silex/Silex/.git.path
2026-09-11T16:16:01.0347120Z /Users/runner/work/_temp/git-credentials-cab82085-fecb-4997-a7ad-476994eb6c42.config
2026-09-11T16:16:01.0362200Z [command]/usr/local/bin/git config --local --unset includeif.gitdir:/Users/runner/work/Silex/Silex/.git.path /Users/runner/work/_temp/git-credentials-cab82085-fecb-4997-a7ad-476994eb6c42.config
2026-09-11T16:16:01.0469140Z [command]/usr/local/bin/git config --local --get-all includeif.gitdir:/Users/runner/work/Silex/Silex/.git/worktrees/*.path
2026-09-11T16:16:01.0557910Z /Users/runner/work/_temp/git-credentials-cab82085-fecb-4997-a7ad-476994eb6c42.config
2026-09-11T16:16:01.0572830Z [command]/usr/local/bin/git config --local --unset includeif.gitdir:/Users/runner/work/Silex/Silex/.git/worktrees/*.path /Users/runner/work/_temp/git-credentials-cab82085-fecb-4997-a7ad-476994eb6c42.config
2026-09-11T16:16:01.0675970Z [command]/usr/local/bin/git config --local --get-all includeif.gitdir:/github/workspace/.git.path
2026-09-11T16:16:01.0767130Z /github/runner_temp/git-credentials-cab82085-fecb-4997-a7ad-476994eb6c42.config
2026-09-11T16:16:01.0782810Z [command]/usr/local/bin/git config --local --unset includeif.gitdir:/github/workspace/.git.path /github/runner_temp/git-credentials-cab82085-fecb-4997-a7ad-476994eb6c42.config
2026-09-11T16:16:01.0896560Z [command]/usr/local/bin/git config --local --get-all includeif.gitdir:/github/workspace/.git/worktrees/*.path
2026-09-11T16:16:01.0991050Z /github/runner_temp/git-credentials-cab82085-fecb-4997-a7ad-476994eb6c42.config
2026-09-11T16:16:01.1000460Z [command]/usr/local/bin/git config --local --unset includeif.gitdir:/github/workspace/.git/worktrees/*.path /github/runner_temp/git-credentials-cab82085-fecb-4997-a7ad-476994eb6c42.config
2026-09-11T16:16:01.1108680Z [command]/usr/local/bin/git submodule foreach --recursive git config --local --show-origin --name-only --get-regexp remote.origin.url
2026-09-11T16:16:01.2365450Z Removing credentials config '/Users/runner/work/_temp/git-credentials-cab82085-fecb-4997-a7ad-476994eb6c42.config'
2026-09-11T16:16:01.2556710Z Cleaning up orphan processes

