2026-09-11T16:07:50.8101631Z Current runner version: '2.337.0'
2026-09-11T16:07:50.8119133Z ##[group]Runner Image Provisioner
2026-09-11T16:07:50.8119740Z Hosted Compute Agent
2026-09-11T16:07:50.8120199Z Version: 20260828.587
2026-09-11T16:07:50.8120626Z Commit: abac92662cab4cc7352de4f9f9d2e2419aad9c29
2026-09-11T16:07:50.8121106Z Build Date: 2026-08-28T16:44:25Z
2026-09-11T16:07:50.8121604Z Worker ID: {3dda0679-085c-4718-ac3c-04b6da761693}
2026-09-11T16:07:50.8122085Z Azure Region: centralus
2026-09-11T16:07:50.8122472Z ##[endgroup]
2026-09-11T16:07:50.8123423Z ##[group]Operating System
2026-09-11T16:07:50.8123834Z Ubuntu
2026-09-11T16:07:50.8124218Z 24.04.5
2026-09-11T16:07:50.8124561Z LTS
2026-09-11T16:07:50.8124935Z ##[endgroup]
2026-09-11T16:07:50.8125311Z ##[group]Runner Image
2026-09-11T16:07:50.8125706Z Image: ubuntu-24.04
2026-09-11T16:07:50.8126108Z Version: 20260907.300.1
2026-09-11T16:07:50.8127208Z Included Software: https://github.com/actions/runner-images/blob/ubuntu24/20260907.300/images/ubuntu/Ubuntu2404-Readme.md
2026-09-11T16:07:50.8128282Z Image Release: https://github.com/actions/runner-images/releases/tag/ubuntu24%2F20260907.300
2026-09-11T16:07:50.8128982Z ##[endgroup]
2026-09-11T16:07:50.8129743Z ##[group]GITHUB_TOKEN Permissions
2026-09-11T16:07:50.8131432Z Contents: read
2026-09-11T16:07:50.8131842Z Metadata: read
2026-09-11T16:07:50.8132452Z ##[endgroup]
2026-09-11T16:07:50.8133947Z Secret source: Actions
2026-09-11T16:07:50.8134537Z Cache mode: write
2026-09-11T16:07:50.8135079Z Prepare workflow directory
2026-09-11T16:07:50.8367825Z Prepare all required actions
2026-09-11T16:07:50.8402479Z Getting action download info
2026-09-11T16:07:51.0608567Z Download action repository 'actions/checkout@v6' (SHA:d23441a48e516b6c34aea4fa41551a30e30af803)
2026-09-11T16:07:51.4116107Z Download action repository 'actions/upload-artifact@v4' (SHA:ea165f8d65b6e75b540449e92b4886f43607fa02)
2026-09-11T16:07:51.7811021Z Complete job name: windows-arm64-build
2026-09-11T16:07:51.8424179Z ##[group]Run actions/checkout@v6
2026-09-11T16:07:51.8425316Z with:
2026-09-11T16:07:51.8426016Z   repository: Matanek/Silex
2026-09-11T16:07:51.8432550Z   token: ***
2026-09-11T16:07:51.8433297Z   ssh-strict: true
2026-09-11T16:07:51.8434007Z   ssh-user: git
2026-09-11T16:07:51.8434748Z   persist-credentials: true
2026-09-11T16:07:51.8435523Z   clean: true
2026-09-11T16:07:51.8436287Z   sparse-checkout-cone-mode: true
2026-09-11T16:07:51.8437265Z   fetch-depth: 1
2026-09-11T16:07:51.8437978Z   fetch-tags: false
2026-09-11T16:07:51.8438721Z   show-progress: true
2026-09-11T16:07:51.8439451Z   lfs: false
2026-09-11T16:07:51.8440119Z   submodules: false
2026-09-11T16:07:51.8440873Z   set-safe-directory: true
2026-09-11T16:07:51.8441704Z   allow-unsafe-pr-checkout: false
2026-09-11T16:07:51.8442713Z ##[endgroup]
2026-09-11T16:07:51.9225199Z Syncing repository: Matanek/Silex
2026-09-11T16:07:51.9229030Z ##[group]Getting Git version info
2026-09-11T16:07:51.9230767Z Working directory is '/home/runner/work/Silex/Silex'
2026-09-11T16:07:51.9232981Z [command]/usr/bin/git version
2026-09-11T16:07:52.3655132Z git version 2.55.0
2026-09-11T16:07:52.3671429Z ##[endgroup]
2026-09-11T16:07:52.3683277Z Temporarily overriding HOME='/home/runner/work/_temp/d31c9780-1dd2-46f9-b59d-89d8d0a47e7c' before making global git config changes
2026-09-11T16:07:52.3684058Z Adding repository directory to the temporary git global config as a safe directory
2026-09-11T16:07:52.3687717Z [command]/usr/bin/git config --global --add safe.directory /home/runner/work/Silex/Silex
2026-09-11T16:07:52.3728837Z Deleting the contents of '/home/runner/work/Silex/Silex'
2026-09-11T16:07:52.3734204Z ##[group]Determining repository object format
2026-09-11T16:07:52.3736109Z ##[endgroup]
2026-09-11T16:07:52.3737348Z ##[group]Initializing the repository
2026-09-11T16:07:52.3739455Z [command]/usr/bin/git init /home/runner/work/Silex/Silex
2026-09-11T16:07:52.4606212Z hint: Using 'master' as the name for the initial branch. This default branch name
2026-09-11T16:07:52.4608136Z hint: will change to "main" in Git 3.0. To configure the initial branch name
2026-09-11T16:07:52.4609282Z hint: to use in all of your new repositories, which will suppress this warning,
2026-09-11T16:07:52.4609874Z hint: call:
2026-09-11T16:07:52.4610211Z hint:
2026-09-11T16:07:52.4610608Z hint: 	git config --global init.defaultBranch <name>
2026-09-11T16:07:52.4611159Z hint:
2026-09-11T16:07:52.4611645Z hint: Names commonly chosen instead of 'master' are 'main', 'trunk' and
2026-09-11T16:07:52.4612288Z hint: 'development'. The just-created branch can be renamed via this command:
2026-09-11T16:07:52.4612810Z hint:
2026-09-11T16:07:52.4613121Z hint: 	git branch -m <name>
2026-09-11T16:07:52.4613484Z hint:
2026-09-11T16:07:52.4613928Z hint: Disable this message with "git config set advice.defaultBranchName false"
2026-09-11T16:07:52.4614590Z Initialized empty Git repository in /home/runner/work/Silex/Silex/.git/
2026-09-11T16:07:52.4616247Z [command]/usr/bin/git remote add origin https://github.com/Matanek/Silex
2026-09-11T16:07:52.4655712Z ##[endgroup]
2026-09-11T16:07:52.4656472Z ##[group]Disabling automatic garbage collection
2026-09-11T16:07:52.4658917Z [command]/usr/bin/git config --local gc.auto 0
2026-09-11T16:07:52.4680390Z ##[endgroup]
2026-09-11T16:07:52.4680997Z ##[group]Setting up auth
2026-09-11T16:07:52.4681496Z Removing SSH command configuration
2026-09-11T16:07:52.4686602Z [command]/usr/bin/git config --local --name-only --get-regexp core\.sshCommand
2026-09-11T16:07:52.4709812Z [command]/usr/bin/git submodule foreach --recursive sh -c "git config --local --name-only --get-regexp 'core\.sshCommand' && git config --local --unset-all 'core.sshCommand' || :"
2026-09-11T16:07:52.4985343Z Removing HTTP extra header
2026-09-11T16:07:52.4989957Z [command]/usr/bin/git config --local --name-only --get-regexp http\.https\:\/\/github\.com\/\.extraheader
2026-09-11T16:07:52.5012937Z [command]/usr/bin/git submodule foreach --recursive sh -c "git config --local --name-only --get-regexp 'http\.https\:\/\/github\.com\/\.extraheader' && git config --local --unset-all 'http.https://github.com/.extraheader' || :"
2026-09-11T16:07:52.5153154Z Removing includeIf entries pointing to credentials config files
2026-09-11T16:07:52.5158434Z [command]/usr/bin/git config --local --name-only --get-regexp ^includeIf\.gitdir:
2026-09-11T16:07:52.5181212Z [command]/usr/bin/git submodule foreach --recursive git config --local --show-origin --name-only --get-regexp remote.origin.url
2026-09-11T16:07:52.5327121Z [command]/usr/bin/git config --file /home/runner/work/_temp/git-credentials-554ad957-c357-49d5-a791-94e7ac8fcd8b.config http.https://github.com/.extraheader AUTHORIZATION: basic ***
2026-09-11T16:07:52.5354455Z [command]/usr/bin/git config --local includeIf.gitdir:/home/runner/work/Silex/Silex/.git.path /home/runner/work/_temp/git-credentials-554ad957-c357-49d5-a791-94e7ac8fcd8b.config
2026-09-11T16:07:52.5375840Z [command]/usr/bin/git config --local includeIf.gitdir:/home/runner/work/Silex/Silex/.git/worktrees/*.path /home/runner/work/_temp/git-credentials-554ad957-c357-49d5-a791-94e7ac8fcd8b.config
2026-09-11T16:07:52.5488597Z [command]/usr/bin/git config --local includeIf.gitdir:/github/workspace/.git.path /github/runner_temp/git-credentials-554ad957-c357-49d5-a791-94e7ac8fcd8b.config
2026-09-11T16:07:52.5510028Z [command]/usr/bin/git config --local includeIf.gitdir:/github/workspace/.git/worktrees/*.path /github/runner_temp/git-credentials-554ad957-c357-49d5-a791-94e7ac8fcd8b.config
2026-09-11T16:07:52.5529856Z ##[endgroup]
2026-09-11T16:07:52.5530328Z ##[group]Fetching the repository
2026-09-11T16:07:52.5535252Z [command]/usr/bin/git -c protocol.version=2 fetch --no-tags --prune --no-recurse-submodules --depth=1 origin +41a99f13a6b0558e7c897cddeeb2ec1a94074661:refs/remotes/origin/spec-silex-optimization-parity-completion
2026-09-11T16:07:54.1903195Z From https://github.com/Matanek/Silex
2026-09-11T16:07:54.1904220Z  * [new ref]         41a99f13a6b0558e7c897cddeeb2ec1a94074661 -> origin/spec-silex-optimization-parity-completion
2026-09-11T16:07:54.1913021Z [command]/usr/bin/git branch --list --remote origin/spec-silex-optimization-parity-completion
2026-09-11T16:07:54.1932279Z   origin/spec-silex-optimization-parity-completion
2026-09-11T16:07:54.1947850Z [command]/usr/bin/git rev-parse refs/remotes/origin/spec-silex-optimization-parity-completion
2026-09-11T16:07:54.1957907Z 41a99f13a6b0558e7c897cddeeb2ec1a94074661
2026-09-11T16:07:54.1960318Z ##[endgroup]
2026-09-11T16:07:54.1960899Z ##[group]Determining the checkout info
2026-09-11T16:07:54.1961425Z ##[endgroup]
2026-09-11T16:07:54.1965116Z [command]/usr/bin/git sparse-checkout disable
2026-09-11T16:07:54.2001663Z [command]/usr/bin/git config --local --unset-all extensions.worktreeConfig
2026-09-11T16:07:54.2020174Z ##[group]Checking out the ref
2026-09-11T16:07:54.2023381Z [command]/usr/bin/git checkout --progress --force -B spec-silex-optimization-parity-completion refs/remotes/origin/spec-silex-optimization-parity-completion
2026-09-11T16:07:54.3210524Z Switched to a new branch 'spec-silex-optimization-parity-completion'
2026-09-11T16:07:54.3214550Z branch 'spec-silex-optimization-parity-completion' set up to track 'origin/spec-silex-optimization-parity-completion'.
2026-09-11T16:07:54.3220577Z ##[endgroup]
2026-09-11T16:07:54.3252010Z [command]/usr/bin/git log -1 --format=%H
2026-09-11T16:07:54.3269926Z 41a99f13a6b0558e7c897cddeeb2ec1a94074661
2026-09-11T16:07:54.3427224Z ##[group]Run set -euo pipefail
2026-09-11T16:07:54.3427599Z [36;1mset -euo pipefail[0m
2026-09-11T16:07:54.3427864Z [36;1marchive="$RUNNER_TEMP/zig.tar.xz"[0m
2026-09-11T16:07:54.3428360Z [36;1mcurl -fL https://ziglang.org/download/0.16.0/zig-x86_64-linux-0.16.0.tar.xz -o "$archive"[0m
2026-09-11T16:07:54.3428878Z [36;1mecho "70e49664a74374b48b51e6f3fdfbf437f6395d42509050588bd49abe52ba3d00  $archive" | sha256sum -c -[0m
2026-09-11T16:07:54.3429297Z [36;1mtar -xJf "$archive" -C "$RUNNER_TEMP"[0m
2026-09-11T16:07:54.3429625Z [36;1mecho "$RUNNER_TEMP/zig-x86_64-linux-0.16.0" >> "$GITHUB_PATH"[0m
2026-09-11T16:07:54.3453890Z shell: /usr/bin/bash --noprofile --norc -e -o pipefail {0}
2026-09-11T16:07:54.3454246Z ##[endgroup]
2026-09-11T16:07:54.5467137Z   % Total    % Received % Xferd  Average Speed   Time    Time     Time  Current
2026-09-11T16:07:54.5467951Z                                  Dload  Upload   Total   Spent    Left  Speed
2026-09-11T16:07:54.5468373Z 
2026-09-11T16:07:54.8892262Z   0     0    0     0    0     0      0      0 --:--:-- --:--:-- --:--:--     0
2026-09-11T16:07:56.0048452Z   0     0    0     0    0     0      0      0 --:--:-- --:--:-- --:--:--     0
2026-09-11T16:07:56.8974781Z   1 52.9M    1  623k    0     0   427k      0  0:02:06  0:00:01  0:02:05  427k
2026-09-11T16:07:57.8884883Z  14 52.9M   14 7663k    0     0  3260k      0  0:00:16  0:00:02  0:00:14 3259k
2026-09-11T16:07:58.8890583Z  53 52.9M   53 28.5M    0     0  8742k      0  0:00:06  0:00:03  0:00:03 8741k
2026-09-11T16:07:59.1108514Z  90 52.9M   90 48.0M    0     0  11.0M      0  0:00:04  0:00:04 --:--:-- 11.0M
2026-09-11T16:07:59.1108920Z 100 52.9M  100 52.9M    0     0  11.5M      0  0:00:04  0:00:04 --:--:-- 12.5M
2026-09-11T16:07:59.2941992Z /home/runner/work/_temp/zig.tar.xz: OK
2026-09-11T16:08:02.1978716Z ##[group]Run set -euo pipefail
2026-09-11T16:08:02.1979062Z [36;1mset -euo pipefail[0m
2026-09-11T16:08:02.1979366Z [36;1mstage="$RUNNER_TEMP/windows-arm64-bootstrap"[0m
2026-09-11T16:08:02.1979680Z [36;1mmkdir -p "$stage/boundary"[0m
2026-09-11T16:08:02.1980100Z [36;1mzig build -Dtarget=aarch64-windows -Doptimize=ReleaseFast -Dcpu=baseline \[0m
2026-09-11T16:08:02.1980545Z [36;1m  --prefix "$stage/silex" \[0m
2026-09-11T16:08:02.1980879Z [36;1m  --build-file Toolchain/build.zig[0m
2026-09-11T16:08:02.1981299Z [36;1mzig build-lib Tests/Target/windows-arm64/WindowsArm64BoundaryProbe/Provider.zig \[0m
2026-09-11T16:08:02.1981701Z [36;1m  -O ReleaseSmall \[0m
2026-09-11T16:08:02.1982018Z [36;1m  -target aarch64-windows \[0m
2026-09-11T16:08:02.1982338Z [36;1m  -femit-bin="$stage/boundary/BoundaryProbe.lib"[0m
2026-09-11T16:08:02.1982834Z [36;1mtest "$(head -c 8 "$stage/boundary/BoundaryProbe.lib")" = "!<arch>"[0m
2026-09-11T16:08:02.2008507Z shell: /usr/bin/bash --noprofile --norc -e -o pipefail {0}
2026-09-11T16:08:02.2008872Z ##[endgroup]
2026-09-11T16:11:49.3984943Z Node 20 is being deprecated. This workflow is running with Node 24 by default. If you need to temporarily use Node 20, you can set the ACTIONS_ALLOW_USE_UNSECURE_NODE_VERSION=true environment variable. For more information see: https://github.blog/changelog/2025-09-19-deprecation-of-node-20-on-github-actions-runners/
2026-09-11T16:11:49.3986284Z ##[group]Run actions/upload-artifact@v4
2026-09-11T16:11:49.3986577Z with:
2026-09-11T16:11:49.3987054Z   name: windows-arm64-bootstrap
2026-09-11T16:11:49.3987404Z   path: /home/runner/work/_temp/windows-arm64-bootstrap
2026-09-11T16:11:49.3987683Z   retention-days: 1
2026-09-11T16:11:49.3987941Z   if-no-files-found: error
2026-09-11T16:11:49.3988171Z   compression-level: 6
2026-09-11T16:11:49.3988380Z   overwrite: false
2026-09-11T16:11:49.3988645Z   include-hidden-files: false
2026-09-11T16:11:49.3988872Z ##[endgroup]
2026-09-11T16:11:49.5165652Z (node:2300) [DEP0040] DeprecationWarning: The `punycode` module is deprecated. Please use a userland alternative instead.
2026-09-11T16:11:49.5167320Z (Use `node --trace-deprecation ...` to show where the warning was created)
2026-09-11T16:11:49.5230829Z With the provided path, there will be 3 files uploaded
2026-09-11T16:11:49.5231536Z Artifact name is valid!
2026-09-11T16:11:49.5231916Z Root directory input is valid!
2026-09-11T16:11:49.8272767Z Beginning upload of artifact content to blob storage
2026-09-11T16:11:50.5345782Z (node:2300) [DEP0169] DeprecationWarning: `url.parse()` behavior is not standardized and prone to errors that have security implications. Use the WHATWG URL API instead. CVEs are not issued for `url.parse()` vulnerabilities.
2026-09-11T16:11:50.9435021Z Uploaded bytes 8388608
2026-09-11T16:11:50.9932712Z Uploaded bytes 8744158
2026-09-11T16:11:51.0314820Z Finished uploading artifact content to blob storage!
2026-09-11T16:11:51.0315558Z SHA256 digest of uploaded artifact zip is d02dd4a6b17b58aede9df5a9639c7509c6194c98fe759175a798a0a58e2b7ad0
2026-09-11T16:11:51.0316331Z Finalizing artifact upload
2026-09-11T16:11:51.2765719Z Artifact windows-arm64-bootstrap.zip successfully finalized. Artifact ID 10272690606
2026-09-11T16:11:51.2766604Z Artifact windows-arm64-bootstrap has been successfully uploaded! Final size is 8744158 bytes. Artifact ID is 10272690606
2026-09-11T16:11:51.2778033Z Artifact download URL: https://github.com/Matanek/Silex/actions/runs/34620188559/artifacts/10272690606
2026-09-11T16:11:51.2954866Z Post job cleanup.
2026-09-11T16:11:51.3578779Z [command]/usr/bin/git version
2026-09-11T16:11:51.3627654Z git version 2.55.0
2026-09-11T16:11:51.3653110Z Temporarily overriding HOME='/home/runner/work/_temp/ec44fe79-4197-4cb2-84a0-fc91d848888c' before making global git config changes
2026-09-11T16:11:51.3654322Z Adding repository directory to the temporary git global config as a safe directory
2026-09-11T16:11:51.3656221Z [command]/usr/bin/git config --global --add safe.directory /home/runner/work/Silex/Silex
2026-09-11T16:11:51.3679570Z Removing SSH command configuration
2026-09-11T16:11:51.3684886Z [command]/usr/bin/git config --local --name-only --get-regexp core\.sshCommand
2026-09-11T16:11:51.3710925Z [command]/usr/bin/git submodule foreach --recursive sh -c "git config --local --name-only --get-regexp 'core\.sshCommand' && git config --local --unset-all 'core.sshCommand' || :"
2026-09-11T16:11:51.3889804Z Removing HTTP extra header
2026-09-11T16:11:51.3893892Z [command]/usr/bin/git config --local --name-only --get-regexp http\.https\:\/\/github\.com\/\.extraheader
2026-09-11T16:11:51.3918335Z [command]/usr/bin/git submodule foreach --recursive sh -c "git config --local --name-only --get-regexp 'http\.https\:\/\/github\.com\/\.extraheader' && git config --local --unset-all 'http.https://github.com/.extraheader' || :"
2026-09-11T16:11:51.4109780Z Removing includeIf entries pointing to credentials config files
2026-09-11T16:11:51.4114319Z [command]/usr/bin/git config --local --name-only --get-regexp ^includeIf\.gitdir:
2026-09-11T16:11:51.4312577Z includeif.gitdir:/home/runner/work/Silex/Silex/.git.path
2026-09-11T16:11:51.4317779Z includeif.gitdir:/home/runner/work/Silex/Silex/.git/worktrees/*.path
2026-09-11T16:11:51.4318225Z includeif.gitdir:/github/workspace/.git.path
2026-09-11T16:11:51.4318611Z includeif.gitdir:/github/workspace/.git/worktrees/*.path
2026-09-11T16:11:51.4319437Z [command]/usr/bin/git config --local --get-all includeif.gitdir:/home/runner/work/Silex/Silex/.git.path
2026-09-11T16:11:51.4357584Z /home/runner/work/_temp/git-credentials-554ad957-c357-49d5-a791-94e7ac8fcd8b.config
2026-09-11T16:11:51.4359415Z [command]/usr/bin/git config --local --unset includeif.gitdir:/home/runner/work/Silex/Silex/.git.path /home/runner/work/_temp/git-credentials-554ad957-c357-49d5-a791-94e7ac8fcd8b.config
2026-09-11T16:11:51.4382484Z [command]/usr/bin/git config --local --get-all includeif.gitdir:/home/runner/work/Silex/Silex/.git/worktrees/*.path
2026-09-11T16:11:51.4392646Z /home/runner/work/_temp/git-credentials-554ad957-c357-49d5-a791-94e7ac8fcd8b.config
2026-09-11T16:11:51.4400330Z [command]/usr/bin/git config --local --unset includeif.gitdir:/home/runner/work/Silex/Silex/.git/worktrees/*.path /home/runner/work/_temp/git-credentials-554ad957-c357-49d5-a791-94e7ac8fcd8b.config
2026-09-11T16:11:51.4429928Z [command]/usr/bin/git config --local --get-all includeif.gitdir:/github/workspace/.git.path
2026-09-11T16:11:51.4440203Z /github/runner_temp/git-credentials-554ad957-c357-49d5-a791-94e7ac8fcd8b.config
2026-09-11T16:11:51.4447634Z [command]/usr/bin/git config --local --unset includeif.gitdir:/github/workspace/.git.path /github/runner_temp/git-credentials-554ad957-c357-49d5-a791-94e7ac8fcd8b.config
2026-09-11T16:11:51.4470085Z [command]/usr/bin/git config --local --get-all includeif.gitdir:/github/workspace/.git/worktrees/*.path
2026-09-11T16:11:51.4485202Z /github/runner_temp/git-credentials-554ad957-c357-49d5-a791-94e7ac8fcd8b.config
2026-09-11T16:11:51.4491966Z [command]/usr/bin/git config --local --unset includeif.gitdir:/github/workspace/.git/worktrees/*.path /github/runner_temp/git-credentials-554ad957-c357-49d5-a791-94e7ac8fcd8b.config
2026-09-11T16:11:51.4517570Z [command]/usr/bin/git submodule foreach --recursive git config --local --show-origin --name-only --get-regexp remote.origin.url
2026-09-11T16:11:51.4657612Z Removing credentials config '/home/runner/work/_temp/git-credentials-554ad957-c357-49d5-a791-94e7ac8fcd8b.config'
2026-09-11T16:11:51.4769368Z Cleaning up orphan processes
2026-09-11T16:11:51.4941469Z ##[warning]Node.js 20 is deprecated. The following actions target Node.js 20 but are being forced to run on Node.js 24: actions/upload-artifact@v4. For more information see: https://github.blog/changelog/2025-09-19-deprecation-of-node-20-on-github-actions-runners/

