2026-09-11T16:07:50.6916842Z Current runner version: '2.337.0'
2026-09-11T16:07:50.6944443Z ##[group]Runner Image Provisioner
2026-09-11T16:07:50.6945384Z Hosted Compute Agent
2026-09-11T16:07:50.6946131Z Version: 20260828.587
2026-09-11T16:07:50.6946808Z Commit: abac92662cab4cc7352de4f9f9d2e2419aad9c29
2026-09-11T16:07:50.6947567Z Build Date: 2026-08-28T16:44:25Z
2026-09-11T16:07:50.6948369Z Worker ID: {af6fbf27-dd63-4cc1-9c55-8f5ed3aaf85b}
2026-09-11T16:07:50.6949183Z Azure Region: eastus2
2026-09-11T16:07:50.6949830Z ##[endgroup]
2026-09-11T16:07:50.6951300Z ##[group]Operating System
2026-09-11T16:07:50.6951937Z Ubuntu
2026-09-11T16:07:50.6952587Z 24.04.5
2026-09-11T16:07:50.6953168Z LTS
2026-09-11T16:07:50.6953824Z ##[endgroup]
2026-09-11T16:07:50.6954597Z ##[group]Runner Image
2026-09-11T16:07:50.6955236Z Image: ubuntu-24.04
2026-09-11T16:07:50.6955911Z Version: 20260907.300.1
2026-09-11T16:07:50.6957255Z Included Software: https://github.com/actions/runner-images/blob/ubuntu24/20260907.300/images/ubuntu/Ubuntu2404-Readme.md
2026-09-11T16:07:50.6958865Z Image Release: https://github.com/actions/runner-images/releases/tag/ubuntu24%2F20260907.300
2026-09-11T16:07:50.6959864Z ##[endgroup]
2026-09-11T16:07:50.6961068Z ##[group]GITHUB_TOKEN Permissions
2026-09-11T16:07:50.6963008Z Contents: read
2026-09-11T16:07:50.6963746Z Metadata: read
2026-09-11T16:07:50.6964514Z ##[endgroup]
2026-09-11T16:07:50.6967163Z Secret source: Actions
2026-09-11T16:07:50.6968210Z Cache mode: write
2026-09-11T16:07:50.6968968Z Prepare workflow directory
2026-09-11T16:07:50.7296358Z Prepare all required actions
2026-09-11T16:07:50.7345066Z Getting action download info
2026-09-11T16:07:50.9615726Z Download action repository 'actions/checkout@v6' (SHA:d23441a48e516b6c34aea4fa41551a30e30af803)
2026-09-11T16:07:51.1759040Z Complete job name: linux-x64
2026-09-11T16:07:51.2536726Z ##[group]Run actions/checkout@v6
2026-09-11T16:07:51.2537558Z with:
2026-09-11T16:07:51.2538002Z   repository: Matanek/Silex
2026-09-11T16:07:51.2542305Z   token: ***
2026-09-11T16:07:51.2542773Z   ssh-strict: true
2026-09-11T16:07:51.2543227Z   ssh-user: git
2026-09-11T16:07:51.2543672Z   persist-credentials: true
2026-09-11T16:07:51.2544423Z   clean: true
2026-09-11T16:07:51.2544897Z   sparse-checkout-cone-mode: true
2026-09-11T16:07:51.2545431Z   fetch-depth: 1
2026-09-11T16:07:51.2545878Z   fetch-tags: false
2026-09-11T16:07:51.2546324Z   show-progress: true
2026-09-11T16:07:51.2546769Z   lfs: false
2026-09-11T16:07:51.2547188Z   submodules: false
2026-09-11T16:07:51.2547641Z   set-safe-directory: true
2026-09-11T16:07:51.2548155Z   allow-unsafe-pr-checkout: false
2026-09-11T16:07:51.2548956Z ##[endgroup]
2026-09-11T16:07:51.3613591Z Syncing repository: Matanek/Silex
2026-09-11T16:07:51.3616430Z ##[group]Getting Git version info
2026-09-11T16:07:51.3617561Z Working directory is '/home/runner/work/Silex/Silex'
2026-09-11T16:07:51.3619105Z [command]/usr/bin/git version
2026-09-11T16:07:51.3711300Z git version 2.55.0
2026-09-11T16:07:51.3755868Z ##[endgroup]
2026-09-11T16:07:51.3764354Z Temporarily overriding HOME='/home/runner/work/_temp/8a0cad2d-2015-40a2-bb99-6e2962e1275a' before making global git config changes
2026-09-11T16:07:51.3766830Z Adding repository directory to the temporary git global config as a safe directory
2026-09-11T16:07:51.3768871Z [command]/usr/bin/git config --global --add safe.directory /home/runner/work/Silex/Silex
2026-09-11T16:07:51.3814152Z Deleting the contents of '/home/runner/work/Silex/Silex'
2026-09-11T16:07:51.3820114Z ##[group]Determining repository object format
2026-09-11T16:07:51.3822466Z ##[endgroup]
2026-09-11T16:07:51.3823675Z ##[group]Initializing the repository
2026-09-11T16:07:51.3828161Z [command]/usr/bin/git init /home/runner/work/Silex/Silex
2026-09-11T16:07:51.3912253Z hint: Using 'master' as the name for the initial branch. This default branch name
2026-09-11T16:07:51.3914320Z hint: will change to "main" in Git 3.0. To configure the initial branch name
2026-09-11T16:07:51.3915822Z hint: to use in all of your new repositories, which will suppress this warning,
2026-09-11T16:07:51.3917361Z hint: call:
2026-09-11T16:07:51.3918047Z hint:
2026-09-11T16:07:51.3918860Z hint: 	git config --global init.defaultBranch <name>
2026-09-11T16:07:51.3919837Z hint:
2026-09-11T16:07:51.3920768Z hint: Names commonly chosen instead of 'master' are 'main', 'trunk' and
2026-09-11T16:07:51.3922235Z hint: 'development'. The just-created branch can be renamed via this command:
2026-09-11T16:07:51.3923407Z hint:
2026-09-11T16:07:51.3924308Z hint: 	git branch -m <name>
2026-09-11T16:07:51.3925084Z hint:
2026-09-11T16:07:51.3926068Z hint: Disable this message with "git config set advice.defaultBranchName false"
2026-09-11T16:07:51.3927645Z Initialized empty Git repository in /home/runner/work/Silex/Silex/.git/
2026-09-11T16:07:51.3932121Z [command]/usr/bin/git remote add origin https://github.com/Matanek/Silex
2026-09-11T16:07:51.3980249Z ##[endgroup]
2026-09-11T16:07:51.3981536Z ##[group]Disabling automatic garbage collection
2026-09-11T16:07:51.3985495Z [command]/usr/bin/git config --local gc.auto 0
2026-09-11T16:07:51.4020157Z ##[endgroup]
2026-09-11T16:07:51.4021546Z ##[group]Setting up auth
2026-09-11T16:07:51.4022549Z Removing SSH command configuration
2026-09-11T16:07:51.4028831Z [command]/usr/bin/git config --local --name-only --get-regexp core\.sshCommand
2026-09-11T16:07:51.4067150Z [command]/usr/bin/git submodule foreach --recursive sh -c "git config --local --name-only --get-regexp 'core\.sshCommand' && git config --local --unset-all 'core.sshCommand' || :"
2026-09-11T16:07:51.4416344Z Removing HTTP extra header
2026-09-11T16:07:51.4423574Z [command]/usr/bin/git config --local --name-only --get-regexp http\.https\:\/\/github\.com\/\.extraheader
2026-09-11T16:07:51.4467465Z [command]/usr/bin/git submodule foreach --recursive sh -c "git config --local --name-only --get-regexp 'http\.https\:\/\/github\.com\/\.extraheader' && git config --local --unset-all 'http.https://github.com/.extraheader' || :"
2026-09-11T16:07:51.4714973Z Removing includeIf entries pointing to credentials config files
2026-09-11T16:07:51.4721966Z [command]/usr/bin/git config --local --name-only --get-regexp ^includeIf\.gitdir:
2026-09-11T16:07:51.4760781Z [command]/usr/bin/git submodule foreach --recursive git config --local --show-origin --name-only --get-regexp remote.origin.url
2026-09-11T16:07:51.5000442Z [command]/usr/bin/git config --file /home/runner/work/_temp/git-credentials-3a0dfd5f-47bf-420b-8761-c68ff0906f8c.config http.https://github.com/.extraheader AUTHORIZATION: basic ***
2026-09-11T16:07:51.5043292Z [command]/usr/bin/git config --local includeIf.gitdir:/home/runner/work/Silex/Silex/.git.path /home/runner/work/_temp/git-credentials-3a0dfd5f-47bf-420b-8761-c68ff0906f8c.config
2026-09-11T16:07:51.5078832Z [command]/usr/bin/git config --local includeIf.gitdir:/home/runner/work/Silex/Silex/.git/worktrees/*.path /home/runner/work/_temp/git-credentials-3a0dfd5f-47bf-420b-8761-c68ff0906f8c.config
2026-09-11T16:07:51.5117186Z [command]/usr/bin/git config --local includeIf.gitdir:/github/workspace/.git.path /github/runner_temp/git-credentials-3a0dfd5f-47bf-420b-8761-c68ff0906f8c.config
2026-09-11T16:07:51.5154343Z [command]/usr/bin/git config --local includeIf.gitdir:/github/workspace/.git/worktrees/*.path /github/runner_temp/git-credentials-3a0dfd5f-47bf-420b-8761-c68ff0906f8c.config
2026-09-11T16:07:51.5188873Z ##[endgroup]
2026-09-11T16:07:51.5196566Z ##[group]Fetching the repository
2026-09-11T16:07:51.5198182Z [command]/usr/bin/git -c protocol.version=2 fetch --no-tags --prune --no-recurse-submodules --depth=1 origin +41a99f13a6b0558e7c897cddeeb2ec1a94074661:refs/remotes/origin/spec-silex-optimization-parity-completion
2026-09-11T16:07:52.4828352Z From https://github.com/Matanek/Silex
2026-09-11T16:07:52.4830573Z  * [new ref]         41a99f13a6b0558e7c897cddeeb2ec1a94074661 -> origin/spec-silex-optimization-parity-completion
2026-09-11T16:07:52.4839242Z [command]/usr/bin/git branch --list --remote origin/spec-silex-optimization-parity-completion
2026-09-11T16:07:52.4869683Z   origin/spec-silex-optimization-parity-completion
2026-09-11T16:07:52.4879658Z [command]/usr/bin/git rev-parse refs/remotes/origin/spec-silex-optimization-parity-completion
2026-09-11T16:07:52.4906368Z 41a99f13a6b0558e7c897cddeeb2ec1a94074661
2026-09-11T16:07:52.4912298Z ##[endgroup]
2026-09-11T16:07:52.4914469Z ##[group]Determining the checkout info
2026-09-11T16:07:52.4916827Z ##[endgroup]
2026-09-11T16:07:52.4917842Z [command]/usr/bin/git sparse-checkout disable
2026-09-11T16:07:52.4970707Z [command]/usr/bin/git config --local --unset-all extensions.worktreeConfig
2026-09-11T16:07:52.5003044Z ##[group]Checking out the ref
2026-09-11T16:07:52.5007272Z [command]/usr/bin/git checkout --progress --force -B spec-silex-optimization-parity-completion refs/remotes/origin/spec-silex-optimization-parity-completion
2026-09-11T16:07:52.6624366Z Switched to a new branch 'spec-silex-optimization-parity-completion'
2026-09-11T16:07:52.6628709Z branch 'spec-silex-optimization-parity-completion' set up to track 'origin/spec-silex-optimization-parity-completion'.
2026-09-11T16:07:52.6641617Z ##[endgroup]
2026-09-11T16:07:52.6690487Z [command]/usr/bin/git log -1 --format=%H
2026-09-11T16:07:52.6721201Z 41a99f13a6b0558e7c897cddeeb2ec1a94074661
2026-09-11T16:07:52.7144272Z ##[group]Run actions/checkout@v6
2026-09-11T16:07:52.7145493Z with:
2026-09-11T16:07:52.7146450Z   repository: Matanek/Silex-Lib-STD
2026-09-11T16:07:52.7147751Z   ref: 5a018305fb470dfe00e94466150b3c04f207e252
2026-09-11T16:07:52.7149083Z   path: Dependencies/STD
2026-09-11T16:07:52.7159154Z   token: ***
2026-09-11T16:07:52.7160090Z   ssh-strict: true
2026-09-11T16:07:52.7161071Z   ssh-user: git
2026-09-11T16:07:52.7162058Z   persist-credentials: true
2026-09-11T16:07:52.7163131Z   clean: true
2026-09-11T16:07:52.7164242Z   sparse-checkout-cone-mode: true
2026-09-11T16:07:52.7165445Z   fetch-depth: 1
2026-09-11T16:07:52.7166435Z   fetch-tags: false
2026-09-11T16:07:52.7167438Z   show-progress: true
2026-09-11T16:07:52.7168435Z   lfs: false
2026-09-11T16:07:52.7169349Z   submodules: false
2026-09-11T16:07:52.7170373Z   set-safe-directory: true
2026-09-11T16:07:52.7171506Z   allow-unsafe-pr-checkout: false
2026-09-11T16:07:52.7172670Z ##[endgroup]
2026-09-11T16:07:52.8085271Z Syncing repository: Matanek/Silex-Lib-STD
2026-09-11T16:07:52.8093563Z ##[group]Getting Git version info
2026-09-11T16:07:52.8096189Z Working directory is '/home/runner/work/Silex/Silex/Dependencies/STD'
2026-09-11T16:07:52.8132567Z [command]/usr/bin/git version
2026-09-11T16:07:52.8175936Z git version 2.55.0
2026-09-11T16:07:52.8198343Z ##[endgroup]
2026-09-11T16:07:52.8213501Z Temporarily overriding HOME='/home/runner/work/_temp/f2f5f708-8e97-4e7a-9652-d674b9439f0e' before making global git config changes
2026-09-11T16:07:52.8218506Z Adding repository directory to the temporary git global config as a safe directory
2026-09-11T16:07:52.8222609Z [command]/usr/bin/git config --global --add safe.directory /home/runner/work/Silex/Silex/Dependencies/STD
2026-09-11T16:07:52.8260398Z ##[group]Determining repository object format
2026-09-11T16:07:52.8263366Z ##[endgroup]
2026-09-11T16:07:52.8265891Z ##[group]Initializing the repository
2026-09-11T16:07:52.8268433Z [command]/usr/bin/git init /home/runner/work/Silex/Silex/Dependencies/STD
2026-09-11T16:07:52.8315120Z hint: Using 'master' as the name for the initial branch. This default branch name
2026-09-11T16:07:52.8319063Z hint: will change to "main" in Git 3.0. To configure the initial branch name
2026-09-11T16:07:52.8322635Z hint: to use in all of your new repositories, which will suppress this warning,
2026-09-11T16:07:52.8326128Z hint: call:
2026-09-11T16:07:52.8328179Z hint:
2026-09-11T16:07:52.8330095Z hint: 	git config --global init.defaultBranch <name>
2026-09-11T16:07:52.8332325Z hint:
2026-09-11T16:07:52.8334812Z hint: Names commonly chosen instead of 'master' are 'main', 'trunk' and
2026-09-11T16:07:52.8338300Z hint: 'development'. The just-created branch can be renamed via this command:
2026-09-11T16:07:52.8340984Z hint:
2026-09-11T16:07:52.8342499Z hint: 	git branch -m <name>
2026-09-11T16:07:52.8344919Z hint:
2026-09-11T16:07:52.8347237Z hint: Disable this message with "git config set advice.defaultBranchName false"
2026-09-11T16:07:52.8350917Z Initialized empty Git repository in /home/runner/work/Silex/Silex/Dependencies/STD/.git/
2026-09-11T16:07:52.8357078Z [command]/usr/bin/git remote add origin https://github.com/Matanek/Silex-Lib-STD
2026-09-11T16:07:52.8379633Z ##[endgroup]
2026-09-11T16:07:52.8381505Z ##[group]Disabling automatic garbage collection
2026-09-11T16:07:52.8383308Z [command]/usr/bin/git config --local gc.auto 0
2026-09-11T16:07:52.8420987Z ##[endgroup]
2026-09-11T16:07:52.8422928Z ##[group]Setting up auth
2026-09-11T16:07:52.8424611Z Removing SSH command configuration
2026-09-11T16:07:52.8524480Z [command]/usr/bin/git config --local --name-only --get-regexp core\.sshCommand
2026-09-11T16:07:52.8839871Z [command]/usr/bin/git submodule foreach --recursive sh -c "git config --local --name-only --get-regexp 'core\.sshCommand' && git config --local --unset-all 'core.sshCommand' || :"
2026-09-11T16:07:52.8848175Z Removing HTTP extra header
2026-09-11T16:07:52.8851662Z [command]/usr/bin/git config --local --name-only --get-regexp http\.https\:\/\/github\.com\/\.extraheader
2026-09-11T16:07:52.8892040Z [command]/usr/bin/git submodule foreach --recursive sh -c "git config --local --name-only --get-regexp 'http\.https\:\/\/github\.com\/\.extraheader' && git config --local --unset-all 'http.https://github.com/.extraheader' || :"
2026-09-11T16:07:52.9185832Z Removing includeIf entries pointing to credentials config files
2026-09-11T16:07:52.9187988Z [command]/usr/bin/git config --local --name-only --get-regexp ^includeIf\.gitdir:
2026-09-11T16:07:52.9216761Z [command]/usr/bin/git submodule foreach --recursive git config --local --show-origin --name-only --get-regexp remote.origin.url
2026-09-11T16:07:52.9471442Z [command]/usr/bin/git config --file /home/runner/work/_temp/git-credentials-59a208d6-9456-4492-a4ec-82575092652d.config http.https://github.com/.extraheader AUTHORIZATION: basic ***
2026-09-11T16:07:52.9519642Z [command]/usr/bin/git config --local includeIf.gitdir:/home/runner/work/Silex/Silex/Dependencies/STD/.git.path /home/runner/work/_temp/git-credentials-59a208d6-9456-4492-a4ec-82575092652d.config
2026-09-11T16:07:52.9560304Z [command]/usr/bin/git config --local includeIf.gitdir:/home/runner/work/Silex/Silex/Dependencies/STD/.git/worktrees/*.path /home/runner/work/_temp/git-credentials-59a208d6-9456-4492-a4ec-82575092652d.config
2026-09-11T16:07:52.9599335Z [command]/usr/bin/git config --local includeIf.gitdir:/github/workspace/Dependencies/STD/.git.path /github/runner_temp/git-credentials-59a208d6-9456-4492-a4ec-82575092652d.config
2026-09-11T16:07:52.9638201Z [command]/usr/bin/git config --local includeIf.gitdir:/github/workspace/Dependencies/STD/.git/worktrees/*.path /github/runner_temp/git-credentials-59a208d6-9456-4492-a4ec-82575092652d.config
2026-09-11T16:07:52.9673706Z ##[endgroup]
2026-09-11T16:07:52.9675536Z ##[group]Fetching the repository
2026-09-11T16:07:52.9683067Z [command]/usr/bin/git -c protocol.version=2 fetch --no-tags --prune --no-recurse-submodules --depth=1 origin 5a018305fb470dfe00e94466150b3c04f207e252
2026-09-11T16:07:53.4188699Z From https://github.com/Matanek/Silex-Lib-STD
2026-09-11T16:07:53.4189644Z  * branch            5a018305fb470dfe00e94466150b3c04f207e252 -> FETCH_HEAD
2026-09-11T16:07:53.4204179Z [command]/usr/bin/git rev-parse --verify --quiet 5a018305fb470dfe00e94466150b3c04f207e252^{object}
2026-09-11T16:07:53.4235739Z 5a018305fb470dfe00e94466150b3c04f207e252
2026-09-11T16:07:53.4240339Z ##[endgroup]
2026-09-11T16:07:53.4241000Z ##[group]Determining the checkout info
2026-09-11T16:07:53.4241710Z ##[endgroup]
2026-09-11T16:07:53.4246752Z [command]/usr/bin/git sparse-checkout disable
2026-09-11T16:07:53.4291988Z [command]/usr/bin/git config --local --unset-all extensions.worktreeConfig
2026-09-11T16:07:53.4324797Z ##[group]Checking out the ref
2026-09-11T16:07:53.4328119Z [command]/usr/bin/git checkout --progress --force 5a018305fb470dfe00e94466150b3c04f207e252
2026-09-11T16:07:53.4602581Z Note: switching to '5a018305fb470dfe00e94466150b3c04f207e252'.
2026-09-11T16:07:53.4603126Z 
2026-09-11T16:07:53.4603607Z You are in 'detached HEAD' state. You can look around, make experimental
2026-09-11T16:07:53.4604687Z changes and commit them, and you can discard any commits you make in this
2026-09-11T16:07:53.4605586Z state without impacting any branches by switching back to a branch.
2026-09-11T16:07:53.4606092Z 
2026-09-11T16:07:53.4606449Z If you want to create a new branch to retain commits you create, you may
2026-09-11T16:07:53.4607354Z do so (now or later) by using -c with the switch command. Example:
2026-09-11T16:07:53.4607726Z 
2026-09-11T16:07:53.4607872Z   git switch -c <new-branch-name>
2026-09-11T16:07:53.4608123Z 
2026-09-11T16:07:53.4608274Z Or undo this operation with:
2026-09-11T16:07:53.4608474Z 
2026-09-11T16:07:53.4608601Z   git switch -
2026-09-11T16:07:53.4608759Z 
2026-09-11T16:07:53.4609028Z Turn off this advice by setting config variable advice.detachedHead to false
2026-09-11T16:07:53.4609397Z 
2026-09-11T16:07:53.4609549Z HEAD is now at 5a01830 Prepare STD 0.21.0
2026-09-11T16:07:53.4611131Z ##[endgroup]
2026-09-11T16:07:53.4657477Z [command]/usr/bin/git log -1 --format=%H
2026-09-11T16:07:53.4689060Z 5a018305fb470dfe00e94466150b3c04f207e252
2026-09-11T16:07:53.4840931Z ##[group]Run set -euo pipefail
2026-09-11T16:07:53.4841412Z [36;1mset -euo pipefail[0m
2026-09-11T16:07:53.4841763Z [36;1marchive="$RUNNER_TEMP/zig.tar.xz"[0m
2026-09-11T16:07:53.4842353Z [36;1mcurl -fL https://ziglang.org/download/0.16.0/zig-x86_64-linux-0.16.0.tar.xz -o "$archive"[0m
2026-09-11T16:07:53.4843134Z [36;1mecho "70e49664a74374b48b51e6f3fdfbf437f6395d42509050588bd49abe52ba3d00  $archive" | sha256sum -c -[0m
2026-09-11T16:07:53.4843754Z [36;1mtar -xJf "$archive" -C "$RUNNER_TEMP"[0m
2026-09-11T16:07:53.4844548Z [36;1mecho "$RUNNER_TEMP/zig-x86_64-linux-0.16.0" >> "$GITHUB_PATH"[0m
2026-09-11T16:07:53.4890186Z shell: /usr/bin/bash --noprofile --norc -e -o pipefail {0}
2026-09-11T16:07:53.4890647Z ##[endgroup]
2026-09-11T16:07:53.5052825Z   % Total    % Received % Xferd  Average Speed   Time    Time     Time  Current
2026-09-11T16:07:53.5054110Z                                  Dload  Upload   Total   Spent    Left  Speed
2026-09-11T16:07:53.5054630Z 
2026-09-11T16:07:54.4844969Z   0     0    0     0    0     0      0      0 --:--:-- --:--:-- --:--:--     0
2026-09-11T16:07:55.4907065Z   0 52.9M    0  143k    0     0   146k      0  0:06:09 --:--:--  0:06:09  146k
2026-09-11T16:07:56.4599432Z   6 52.9M    6 3695k    0     0  1861k      0  0:00:29  0:00:01  0:00:28 1860k
2026-09-11T16:07:57.2874031Z  57 52.9M   57 30.4M    0     0  10.3M      0  0:00:05  0:00:02  0:00:03 10.3M
2026-09-11T16:07:57.2874954Z 100 52.9M  100 52.9M    0     0  13.9M      0  0:00:03  0:00:03 --:--:-- 13.9M
2026-09-11T16:07:57.3384716Z /home/runner/work/_temp/zig.tar.xz: OK
2026-09-11T16:08:01.1764932Z ##[group]Run set -euo pipefail
2026-09-11T16:08:01.1765337Z [36;1mset -euo pipefail[0m
2026-09-11T16:08:01.1765604Z [36;1mtest "$(uname -m)" = "x86_64"[0m
2026-09-11T16:08:01.1765901Z [36;1mexport HOME="$RUNNER_TEMP/home"[0m
2026-09-11T16:08:01.1766186Z [36;1mmkdir -p "$HOME"[0m
2026-09-11T16:08:01.1766489Z [36;1mzig build -Doptimize=ReleaseFast -Dcpu=baseline \[0m
2026-09-11T16:08:01.1766873Z [36;1m  --prefix "$RUNNER_TEMP/silex-prefix" \[0m
2026-09-11T16:08:01.1767207Z [36;1m  --build-file Toolchain/build.zig[0m
2026-09-11T16:08:01.1767535Z [36;1msilex="$RUNNER_TEMP/silex-prefix/bin/silex"[0m
2026-09-11T16:08:01.1767841Z [36;1m"$silex" setup[0m
2026-09-11T16:08:01.1768232Z [36;1m"$silex" link "$GITHUB_WORKSPACE/Dependencies/STD" --workspace "$GITHUB_WORKSPACE"[0m
2026-09-11T16:08:01.1768747Z [36;1m"$silex" test "$GITHUB_WORKSPACE/Tests/Types/Str/Operators.sx"[0m
2026-09-11T16:08:01.1769238Z [36;1m"$silex" test "$GITHUB_WORKSPACE/Tests/Types/Str/Returns.sx"[0m
2026-09-11T16:08:01.1769686Z [36;1m"$silex" test "$GITHUB_WORKSPACE/Tests/Native/NativePortability.sx"[0m
2026-09-11T16:08:01.1770365Z [36;1m"$silex" compile "$GITHUB_WORKSPACE/Tests/Native/NativePortability.sx" \[0m
2026-09-11T16:08:01.1770813Z [36;1m  --release -o "$RUNNER_TEMP/native-portability"[0m
2026-09-11T16:08:01.1771218Z [36;1mportability_output=$("$RUNNER_TEMP/native-portability")[0m
2026-09-11T16:08:01.1771599Z [36;1mprintf '%s\n' "$portability_output"[0m
2026-09-11T16:08:01.1772034Z [36;1mcycle_drops=$(printf '%s\n' "$portability_output" | grep -c '^native cycle drop$')[0m
2026-09-11T16:08:01.1772472Z [36;1mtest "$cycle_drops" -eq 6[0m
2026-09-11T16:08:01.1772858Z [36;1m"$silex" compile "$GITHUB_WORKSPACE/Tests/Native/DistributionSmoke.sx" \[0m
2026-09-11T16:08:01.1773290Z [36;1m  --release -o "$RUNNER_TEMP/distribution-smoke"[0m
2026-09-11T16:08:01.1773710Z [36;1mtest "$("$RUNNER_TEMP/distribution-smoke")" = "silex distribution ready"[0m
2026-09-11T16:08:01.1774661Z [36;1maggregate_fixture="$GITHUB_WORKSPACE/Toolchain/Benchmarks/Optimizer/Regressions/AggregateFieldStores.sx"[0m
2026-09-11T16:08:01.1775380Z [36;1mtest "$("$silex" interpret "$aggregate_fixture" --nocache)" = "aggregate field stores preserved"[0m
2026-09-11T16:08:01.1775855Z [36;1mfor mode in debug release; do[0m
2026-09-11T16:08:01.1776203Z [36;1m  "$silex" compile "$aggregate_fixture" "--$mode" --nocache \[0m
2026-09-11T16:08:01.1776594Z [36;1m    -o "$RUNNER_TEMP/aggregate-fields-$mode"[0m
2026-09-11T16:08:01.1777058Z [36;1m  test "$("$RUNNER_TEMP/aggregate-fields-$mode")" = "aggregate field stores preserved"[0m
2026-09-11T16:08:01.1777474Z [36;1mdone[0m
2026-09-11T16:08:01.1777845Z [36;1mminmax_fixture="$GITHUB_WORKSPACE/Toolchain/Benchmarks/Native/ScalarMathMinMax.sx"[0m
2026-09-11T16:08:01.1778288Z [36;1mfor mode in debug release; do[0m
2026-09-11T16:08:01.1778614Z [36;1m  "$silex" compile "$minmax_fixture" "--$mode" --nocache \[0m
2026-09-11T16:08:01.1779002Z [36;1m    -o "$RUNNER_TEMP/scalar-math-minmax-$mode"[0m
2026-09-11T16:08:01.1779482Z [36;1m  test "$("$RUNNER_TEMP/scalar-math-minmax-$mode")" = "scalar-math-minmax: pass"[0m
2026-09-11T16:08:01.1779897Z [36;1mdone[0m
2026-09-11T16:08:01.1780260Z [36;1m# Compile the exact standalone witness without the optimizer package's STD graph.[0m
2026-09-11T16:08:01.1780734Z [36;1mscalar_root="$RUNNER_TEMP/scalar-float-fixture"[0m
2026-09-11T16:08:01.1781067Z [36;1mmkdir -p "$scalar_root"[0m
2026-09-11T16:08:01.1781401Z [36;1mprintf '%s\n' '{"sources":"."}' > "$scalar_root/Package.json"[0m
2026-09-11T16:08:01.1781823Z [36;1mscalar_fixture="$scalar_root/ScalarFloatResidence.sx"[0m
2026-09-11T16:08:01.1782428Z [36;1mcp "$GITHUB_WORKSPACE/Toolchain/Benchmarks/Optimizer/Regressions/ScalarFloatResidence.sx" "$scalar_fixture"[0m
2026-09-11T16:08:01.1782972Z [36;1mfor mode in debug release; do[0m
2026-09-11T16:08:01.1783304Z [36;1m  "$silex" compile "$scalar_fixture" "--$mode" --nocache \[0m
2026-09-11T16:08:01.1784096Z [36;1m    -o "$RUNNER_TEMP/scalar-float-residence-$mode"[0m
2026-09-11T16:08:01.1784515Z [36;1m  scalar_output=$("$RUNNER_TEMP/scalar-float-residence-$mode")[0m
2026-09-11T16:08:01.1784952Z [36;1m  test "$(printf '%s\n' "$scalar_output" | wc -l)" -eq 9[0m
2026-09-11T16:08:01.1785367Z [36;1m  test "$(printf '%s\n' "$scalar_output" | grep -c '^true$')" -eq 9[0m
2026-09-11T16:08:01.1785709Z [36;1mdone[0m
2026-09-11T16:08:01.1829857Z shell: /usr/bin/bash --noprofile --norc -e -o pipefail {0}
2026-09-11T16:08:01.1830220Z ##[endgroup]
2026-09-11T16:13:25.9480619Z silex: installed Shadercross for linux-x64
2026-09-11T16:13:35.3016137Z silex: installed Native linker for linux-x64
2026-09-11T16:13:35.3032922Z silex: linked STD@0.21.0 to /home/runner/work/Silex/Silex/Dependencies/STD for this workspace
2026-09-11T16:13:49.3713701Z ok - str concatenation operand positions
2026-09-11T16:13:49.3982480Z ok - str compound concatenation
2026-09-11T16:13:49.4246056Z ok - str equality and interpolation
2026-09-11T16:13:49.4504928Z ok - str unicode scalar count
2026-09-11T16:13:49.4507145Z 4 passed; 0 failed
2026-09-11T16:13:49.5121308Z ok - str return positions
2026-09-11T16:13:49.5122404Z 1 passed; 0 failed
2026-09-11T16:13:49.5803535Z ok - execute direct indirect and dynamic calls beyond native registers
2026-09-11T16:13:49.6076706Z ok - preserve paired float32 arithmetic on native
2026-09-11T16:13:49.6347332Z ok - mutate a class-owned native list without changing its snapshot
2026-09-11T16:13:49.6621556Z ok - replace class elements in a class-owned native list
2026-09-11T16:13:49.6885519Z ok - preserve embedded byte contents on native
2026-09-11T16:13:49.7186591Z ok - format native floats through the standalone runtime
2026-09-11T16:13:49.7431636Z ok - convert native float precision in both directions
2026-09-11T16:13:49.7688687Z ok - replace and preserve an aliased native list
2026-09-11T16:13:49.7942836Z ok - swap and reverse a native list
2026-09-11T16:13:49.8189764Z ok - grow a native list at every position
2026-09-11T16:13:49.8436646Z ok - remove native list elements from every position
2026-09-11T16:13:49.8703742Z ok - slice view mutate and clear native lists
2026-09-11T16:13:49.8962797Z ok - mutable aggregate view detaches shared native list
2026-09-11T16:13:49.9257681Z copy state drop
2026-09-11T16:13:49.9258071Z copy state drop
2026-09-11T16:13:49.9258524Z ok - deep-copy repeated native class roots without collections
2026-09-11T16:13:49.9536073Z native cycle drop
2026-09-11T16:13:49.9536490Z native cycle drop
2026-09-11T16:13:49.9536831Z ok - finalize a direct native class cycle
2026-09-11T16:13:49.9799451Z native cycle drop
2026-09-11T16:13:49.9799850Z native cycle drop
2026-09-11T16:13:49.9800229Z ok - finalize a native class cycle through lists
2026-09-11T16:13:50.0044467Z native cycle drop
2026-09-11T16:13:50.0044868Z native cycle drop
2026-09-11T16:13:50.0045266Z ok - finalize a native class cycle through protocols
2026-09-11T16:13:50.0296670Z ok - execute the complete native collection mutation slice
2026-09-11T16:13:50.0555317Z copy state drop
2026-09-11T16:13:50.0555709Z copy state drop
2026-09-11T16:13:50.0556076Z ok - execute native ownership and deep-copy runtime
2026-09-11T16:13:50.0864524Z ok - preserve resource aggregates across native list growth
2026-09-11T16:13:50.1132001Z ok - serialize native mutations with mutex
2026-09-11T16:13:50.1408636Z native cycle drop
2026-09-11T16:13:50.1409045Z native cycle drop
2026-09-11T16:13:50.1409366Z native cycle drop
2026-09-11T16:13:50.1409667Z native cycle drop
2026-09-11T16:13:50.1410008Z native cycle drop
2026-09-11T16:13:50.1410302Z native cycle drop
2026-09-11T16:13:50.1410827Z ok - finalize native cycles across direct collection and protocol edges
2026-09-11T16:13:50.1418484Z 22 passed; 0 failed
2026-09-11T16:13:50.2274952Z copy state drop
2026-09-11T16:13:50.2275494Z copy state drop
2026-09-11T16:13:50.2275760Z native cycle drop
2026-09-11T16:13:50.2275967Z native cycle drop
2026-09-11T16:13:50.2276160Z native cycle drop
2026-09-11T16:13:50.2276676Z native cycle drop
2026-09-11T16:13:50.2276874Z native cycle drop
2026-09-11T16:13:50.2277067Z native cycle drop
2026-09-11T16:13:50.5144123Z Post job cleanup.
2026-09-11T16:13:50.6114774Z [command]/usr/bin/git version
2026-09-11T16:13:50.6149337Z git version 2.55.0
2026-09-11T16:13:50.6189387Z Temporarily overriding HOME='/home/runner/work/_temp/656ffd99-ee44-4443-a4a7-e13f91a4a50b' before making global git config changes
2026-09-11T16:13:50.6190660Z Adding repository directory to the temporary git global config as a safe directory
2026-09-11T16:13:50.6195819Z [command]/usr/bin/git config --global --add safe.directory /home/runner/work/Silex/Silex/Dependencies/STD
2026-09-11T16:13:50.6235708Z Removing SSH command configuration
2026-09-11T16:13:50.6242939Z [command]/usr/bin/git config --local --name-only --get-regexp core\.sshCommand
2026-09-11T16:13:50.6284753Z [command]/usr/bin/git submodule foreach --recursive sh -c "git config --local --name-only --get-regexp 'core\.sshCommand' && git config --local --unset-all 'core.sshCommand' || :"
2026-09-11T16:13:50.6561219Z Removing HTTP extra header
2026-09-11T16:13:50.6567866Z [command]/usr/bin/git config --local --name-only --get-regexp http\.https\:\/\/github\.com\/\.extraheader
2026-09-11T16:13:50.6608346Z [command]/usr/bin/git submodule foreach --recursive sh -c "git config --local --name-only --get-regexp 'http\.https\:\/\/github\.com\/\.extraheader' && git config --local --unset-all 'http.https://github.com/.extraheader' || :"
2026-09-11T16:13:50.6899721Z Removing includeIf entries pointing to credentials config files
2026-09-11T16:13:50.6924793Z [command]/usr/bin/git config --local --name-only --get-regexp ^includeIf\.gitdir:
2026-09-11T16:13:50.6954852Z includeif.gitdir:/home/runner/work/Silex/Silex/Dependencies/STD/.git.path
2026-09-11T16:13:50.6960508Z includeif.gitdir:/home/runner/work/Silex/Silex/Dependencies/STD/.git/worktrees/*.path
2026-09-11T16:13:50.6961317Z includeif.gitdir:/github/workspace/Dependencies/STD/.git.path
2026-09-11T16:13:50.6962002Z includeif.gitdir:/github/workspace/Dependencies/STD/.git/worktrees/*.path
2026-09-11T16:13:50.6963211Z [command]/usr/bin/git config --local --get-all includeif.gitdir:/home/runner/work/Silex/Silex/Dependencies/STD/.git.path
2026-09-11T16:13:50.6992483Z /home/runner/work/_temp/git-credentials-59a208d6-9456-4492-a4ec-82575092652d.config
2026-09-11T16:13:50.7007715Z [command]/usr/bin/git config --local --unset includeif.gitdir:/home/runner/work/Silex/Silex/Dependencies/STD/.git.path /home/runner/work/_temp/git-credentials-59a208d6-9456-4492-a4ec-82575092652d.config
2026-09-11T16:13:50.7056044Z [command]/usr/bin/git config --local --get-all includeif.gitdir:/home/runner/work/Silex/Silex/Dependencies/STD/.git/worktrees/*.path
2026-09-11T16:13:50.7090145Z /home/runner/work/_temp/git-credentials-59a208d6-9456-4492-a4ec-82575092652d.config
2026-09-11T16:13:50.7102152Z [command]/usr/bin/git config --local --unset includeif.gitdir:/home/runner/work/Silex/Silex/Dependencies/STD/.git/worktrees/*.path /home/runner/work/_temp/git-credentials-59a208d6-9456-4492-a4ec-82575092652d.config
2026-09-11T16:13:50.7147033Z [command]/usr/bin/git config --local --get-all includeif.gitdir:/github/workspace/Dependencies/STD/.git.path
2026-09-11T16:13:50.7176812Z /github/runner_temp/git-credentials-59a208d6-9456-4492-a4ec-82575092652d.config
2026-09-11T16:13:50.7186037Z [command]/usr/bin/git config --local --unset includeif.gitdir:/github/workspace/Dependencies/STD/.git.path /github/runner_temp/git-credentials-59a208d6-9456-4492-a4ec-82575092652d.config
2026-09-11T16:13:50.7226614Z [command]/usr/bin/git config --local --get-all includeif.gitdir:/github/workspace/Dependencies/STD/.git/worktrees/*.path
2026-09-11T16:13:50.7256055Z /github/runner_temp/git-credentials-59a208d6-9456-4492-a4ec-82575092652d.config
2026-09-11T16:13:50.7265876Z [command]/usr/bin/git config --local --unset includeif.gitdir:/github/workspace/Dependencies/STD/.git/worktrees/*.path /github/runner_temp/git-credentials-59a208d6-9456-4492-a4ec-82575092652d.config
2026-09-11T16:13:50.7310255Z [command]/usr/bin/git submodule foreach --recursive git config --local --show-origin --name-only --get-regexp remote.origin.url
2026-09-11T16:13:50.7569638Z Removing credentials config '/home/runner/work/_temp/git-credentials-59a208d6-9456-4492-a4ec-82575092652d.config'
2026-09-11T16:13:50.7759359Z Post job cleanup.
2026-09-11T16:13:50.8798401Z [command]/usr/bin/git version
2026-09-11T16:13:50.8844595Z git version 2.55.0
2026-09-11T16:13:50.8896545Z Temporarily overriding HOME='/home/runner/work/_temp/e437d40b-9219-48f8-8d2f-a82c8064bebd' before making global git config changes
2026-09-11T16:13:50.8897919Z Adding repository directory to the temporary git global config as a safe directory
2026-09-11T16:13:50.8903661Z [command]/usr/bin/git config --global --add safe.directory /home/runner/work/Silex/Silex
2026-09-11T16:13:50.8976397Z Removing SSH command configuration
2026-09-11T16:13:50.8984424Z [command]/usr/bin/git config --local --name-only --get-regexp core\.sshCommand
2026-09-11T16:13:50.9034197Z [command]/usr/bin/git submodule foreach --recursive sh -c "git config --local --name-only --get-regexp 'core\.sshCommand' && git config --local --unset-all 'core.sshCommand' || :"
2026-09-11T16:13:50.9323547Z Removing HTTP extra header
2026-09-11T16:13:50.9329365Z [command]/usr/bin/git config --local --name-only --get-regexp http\.https\:\/\/github\.com\/\.extraheader
2026-09-11T16:13:50.9383069Z [command]/usr/bin/git submodule foreach --recursive sh -c "git config --local --name-only --get-regexp 'http\.https\:\/\/github\.com\/\.extraheader' && git config --local --unset-all 'http.https://github.com/.extraheader' || :"
2026-09-11T16:13:50.9694166Z Removing includeIf entries pointing to credentials config files
2026-09-11T16:13:50.9701671Z [command]/usr/bin/git config --local --name-only --get-regexp ^includeIf\.gitdir:
2026-09-11T16:13:50.9733541Z includeif.gitdir:/home/runner/work/Silex/Silex/.git.path
2026-09-11T16:13:50.9734892Z includeif.gitdir:/home/runner/work/Silex/Silex/.git/worktrees/*.path
2026-09-11T16:13:50.9735756Z includeif.gitdir:/github/workspace/.git.path
2026-09-11T16:13:50.9736543Z includeif.gitdir:/github/workspace/.git/worktrees/*.path
2026-09-11T16:13:50.9743520Z [command]/usr/bin/git config --local --get-all includeif.gitdir:/home/runner/work/Silex/Silex/.git.path
2026-09-11T16:13:50.9773727Z /home/runner/work/_temp/git-credentials-3a0dfd5f-47bf-420b-8761-c68ff0906f8c.config
2026-09-11T16:13:50.9788184Z [command]/usr/bin/git config --local --unset includeif.gitdir:/home/runner/work/Silex/Silex/.git.path /home/runner/work/_temp/git-credentials-3a0dfd5f-47bf-420b-8761-c68ff0906f8c.config
2026-09-11T16:13:50.9836052Z [command]/usr/bin/git config --local --get-all includeif.gitdir:/home/runner/work/Silex/Silex/.git/worktrees/*.path
2026-09-11T16:13:50.9881783Z /home/runner/work/_temp/git-credentials-3a0dfd5f-47bf-420b-8761-c68ff0906f8c.config
2026-09-11T16:13:50.9920015Z [command]/usr/bin/git config --local --unset includeif.gitdir:/home/runner/work/Silex/Silex/.git/worktrees/*.path /home/runner/work/_temp/git-credentials-3a0dfd5f-47bf-420b-8761-c68ff0906f8c.config
2026-09-11T16:13:50.9963805Z [command]/usr/bin/git config --local --get-all includeif.gitdir:/github/workspace/.git.path
2026-09-11T16:13:51.0023465Z /github/runner_temp/git-credentials-3a0dfd5f-47bf-420b-8761-c68ff0906f8c.config
2026-09-11T16:13:51.0033298Z [command]/usr/bin/git config --local --unset includeif.gitdir:/github/workspace/.git.path /github/runner_temp/git-credentials-3a0dfd5f-47bf-420b-8761-c68ff0906f8c.config
2026-09-11T16:13:51.0076565Z [command]/usr/bin/git config --local --get-all includeif.gitdir:/github/workspace/.git/worktrees/*.path
2026-09-11T16:13:51.0106300Z /github/runner_temp/git-credentials-3a0dfd5f-47bf-420b-8761-c68ff0906f8c.config
2026-09-11T16:13:51.0115811Z [command]/usr/bin/git config --local --unset includeif.gitdir:/github/workspace/.git/worktrees/*.path /github/runner_temp/git-credentials-3a0dfd5f-47bf-420b-8761-c68ff0906f8c.config
2026-09-11T16:13:51.0160571Z [command]/usr/bin/git submodule foreach --recursive git config --local --show-origin --name-only --get-regexp remote.origin.url
2026-09-11T16:13:51.0434931Z Removing credentials config '/home/runner/work/_temp/git-credentials-3a0dfd5f-47bf-420b-8761-c68ff0906f8c.config'
2026-09-11T16:13:51.0618965Z Cleaning up orphan processes

