2026-09-11T16:11:58.6818904Z Current runner version: '2.337.0'
2026-09-11T16:11:58.6894682Z ##[group]Runner Image Provisioner
2026-09-11T16:11:58.6895645Z Hosted Compute Agent
2026-09-11T16:11:58.6896116Z Version: 20260828.587
2026-09-11T16:11:58.6896628Z Commit: abac92662cab4cc7352de4f9f9d2e2419aad9c29
2026-09-11T16:11:58.6897230Z Build Date: 2026-08-28T16:44:25Z
2026-09-11T16:11:58.6897800Z Worker ID: {177a0b46-4589-4e1c-9edf-530222ee91dd}
2026-09-11T16:11:58.6898390Z Azure Region: westcentralus
2026-09-11T16:11:58.6898877Z ##[endgroup]
2026-09-11T16:11:58.6900488Z ##[group]Operating System
2026-09-11T16:11:58.6901017Z Microsoft Windows 11
2026-09-11T16:11:58.6901468Z 10.0.26200
2026-09-11T16:11:58.6901880Z Enterprise
2026-09-11T16:11:58.6902291Z ##[endgroup]
2026-09-11T16:11:58.6902721Z ##[group]Runner Image
2026-09-11T16:11:58.6903197Z Image: windows-11-arm64
2026-09-11T16:11:58.6903666Z Version: 20260906.161.1
2026-09-11T16:11:58.6905139Z Included Software: https://github.com/actions/runner-images/blob/win11-arm64/20260906.161/images/windows/Windows11-Arm64-Readme.md
2026-09-11T16:11:58.6906600Z Image Release: https://github.com/actions/runner-images/releases/tag/win11-arm64%2F20260906.161
2026-09-11T16:11:58.6907414Z ##[endgroup]
2026-09-11T16:11:58.6908376Z ##[group]GITHUB_TOKEN Permissions
2026-09-11T16:11:58.6910512Z Contents: read
2026-09-11T16:11:58.6910985Z Metadata: read
2026-09-11T16:11:58.6911427Z ##[endgroup]
2026-09-11T16:11:58.6914114Z Secret source: Actions
2026-09-11T16:11:58.6914909Z Cache mode: write
2026-09-11T16:11:58.6915579Z Prepare workflow directory
2026-09-11T16:11:58.7336447Z Prepare all required actions
2026-09-11T16:11:58.7389658Z Getting action download info
2026-09-11T16:11:59.0357869Z Download action repository 'actions/checkout@v6' (SHA:d23441a48e516b6c34aea4fa41551a30e30af803)
2026-09-11T16:11:59.3655668Z Download action repository 'actions/download-artifact@v5' (SHA:634f93cb2916e3fdff6788551b99b062d0335ce0)
2026-09-11T16:12:00.6647185Z Complete job name: windows-arm64
2026-09-11T16:12:00.8444586Z ##[group]Run actions/checkout@v6
2026-09-11T16:12:00.8446671Z with:
2026-09-11T16:12:00.8447333Z   repository: Matanek/Silex
2026-09-11T16:12:00.8453595Z   token: ***
2026-09-11T16:12:00.8454237Z   ssh-strict: true
2026-09-11T16:12:00.8454840Z   ssh-user: git
2026-09-11T16:12:00.8455459Z   persist-credentials: true
2026-09-11T16:12:00.8456127Z   clean: true
2026-09-11T16:12:00.8456735Z   sparse-checkout-cone-mode: true
2026-09-11T16:12:00.8457449Z   fetch-depth: 1
2026-09-11T16:12:00.8458043Z   fetch-tags: false
2026-09-11T16:12:00.8458652Z   show-progress: true
2026-09-11T16:12:00.8459264Z   lfs: false
2026-09-11T16:12:00.8459846Z   submodules: false
2026-09-11T16:12:00.8460839Z   set-safe-directory: true
2026-09-11T16:12:00.8461557Z   allow-unsafe-pr-checkout: false
2026-09-11T16:12:00.8463063Z ##[endgroup]
2026-09-11T16:12:01.1009540Z Syncing repository: Matanek/Silex
2026-09-11T16:12:01.1011280Z ##[group]Getting Git version info
2026-09-11T16:12:01.1011813Z Working directory is 'C:\a\Silex\Silex'
2026-09-11T16:12:01.1995751Z [command]"C:\Program Files\Git\bin\git.exe" version
2026-09-11T16:12:01.6756407Z git version 2.55.0.windows.5
2026-09-11T16:12:01.6819768Z ##[endgroup]
2026-09-11T16:12:01.6864399Z Temporarily overriding HOME='C:\a\_temp\09b90946-5b42-4f7e-8141-e700dcf6a7dc' before making global git config changes
2026-09-11T16:12:01.6865263Z Adding repository directory to the temporary git global config as a safe directory
2026-09-11T16:12:01.6874581Z [command]"C:\Program Files\Git\bin\git.exe" config --global --add safe.directory C:\a\Silex\Silex
2026-09-11T16:12:01.7743743Z Deleting the contents of 'C:\a\Silex\Silex'
2026-09-11T16:12:01.7752843Z ##[group]Determining repository object format
2026-09-11T16:12:01.7755628Z ##[endgroup]
2026-09-11T16:12:01.7756434Z ##[group]Initializing the repository
2026-09-11T16:12:01.7764659Z [command]"C:\Program Files\Git\bin\git.exe" init C:\a\Silex\Silex
2026-09-11T16:12:01.9219866Z Initialized empty Git repository in C:/a/Silex/Silex/.git/
2026-09-11T16:12:01.9282705Z [command]"C:\Program Files\Git\bin\git.exe" remote add origin https://github.com/Matanek/Silex
2026-09-11T16:12:02.0032128Z ##[endgroup]
2026-09-11T16:12:02.0032686Z ##[group]Disabling automatic garbage collection
2026-09-11T16:12:02.0043428Z [command]"C:\Program Files\Git\bin\git.exe" config --local gc.auto 0
2026-09-11T16:12:02.0573033Z ##[endgroup]
2026-09-11T16:12:02.0573553Z ##[group]Setting up auth
2026-09-11T16:12:02.0573966Z Removing SSH command configuration
2026-09-11T16:12:02.0586989Z [command]"C:\Program Files\Git\bin\git.exe" config --local --name-only --get-regexp core\.sshCommand
2026-09-11T16:12:02.1127097Z [command]"C:\Program Files\Git\bin\git.exe" submodule foreach --recursive "sh -c \"git config --local --name-only --get-regexp 'core\.sshCommand' && git config --local --unset-all 'core.sshCommand' || :\""
2026-09-11T16:12:04.4883323Z Removing HTTP extra header
2026-09-11T16:12:04.4884579Z [command]"C:\Program Files\Git\bin\git.exe" config --local --name-only --get-regexp http\.https\:\/\/github\.com\/\.extraheader
2026-09-11T16:12:04.5436827Z [command]"C:\Program Files\Git\bin\git.exe" submodule foreach --recursive "sh -c \"git config --local --name-only --get-regexp 'http\.https\:\/\/github\.com\/\.extraheader' && git config --local --unset-all 'http.https://github.com/.extraheader' || :\""
2026-09-11T16:12:05.7606493Z Removing includeIf entries pointing to credentials config files
2026-09-11T16:12:05.7617816Z [command]"C:\Program Files\Git\bin\git.exe" config --local --name-only --get-regexp ^includeIf\.gitdir:
2026-09-11T16:12:05.8244914Z [command]"C:\Program Files\Git\bin\git.exe" submodule foreach --recursive "git config --local --show-origin --name-only --get-regexp remote.origin.url"
2026-09-11T16:12:07.1089421Z [command]"C:\Program Files\Git\bin\git.exe" config --file C:\a\_temp\git-credentials-76c3aae0-30b8-49e2-9561-f9afdac001c7.config http.https://github.com/.extraheader "AUTHORIZATION: basic ***"
2026-09-11T16:12:07.1662955Z [command]"C:\Program Files\Git\bin\git.exe" config --local includeIf.gitdir:C:/a/Silex/Silex/.git.path C:\a\_temp\git-credentials-76c3aae0-30b8-49e2-9561-f9afdac001c7.config
2026-09-11T16:12:07.2200281Z [command]"C:\Program Files\Git\bin\git.exe" config --local includeIf.gitdir:C:/a/Silex/Silex/.git/worktrees/*.path C:\a\_temp\git-credentials-76c3aae0-30b8-49e2-9561-f9afdac001c7.config
2026-09-11T16:12:07.2781745Z [command]"C:\Program Files\Git\bin\git.exe" config --local includeIf.gitdir:/github/workspace/.git.path /github/runner_temp/git-credentials-76c3aae0-30b8-49e2-9561-f9afdac001c7.config
2026-09-11T16:12:07.3404922Z [command]"C:\Program Files\Git\bin\git.exe" config --local includeIf.gitdir:/github/workspace/.git/worktrees/*.path /github/runner_temp/git-credentials-76c3aae0-30b8-49e2-9561-f9afdac001c7.config
2026-09-11T16:12:07.3966822Z ##[endgroup]
2026-09-11T16:12:07.3967222Z ##[group]Fetching the repository
2026-09-11T16:12:07.3981968Z [command]"C:\Program Files\Git\bin\git.exe" -c protocol.version=2 fetch --no-tags --prune --no-recurse-submodules --depth=1 origin +41a99f13a6b0558e7c897cddeeb2ec1a94074661:refs/remotes/origin/spec-silex-optimization-parity-completion
2026-09-11T16:12:09.5607808Z From https://github.com/Matanek/Silex
2026-09-11T16:12:09.5609053Z  * [new ref]         41a99f13a6b0558e7c897cddeeb2ec1a94074661 -> origin/spec-silex-optimization-parity-completion
2026-09-11T16:12:09.5676532Z [command]"C:\Program Files\Git\bin\git.exe" branch --list --remote origin/spec-silex-optimization-parity-completion
2026-09-11T16:12:09.6205064Z   origin/spec-silex-optimization-parity-completion
2026-09-11T16:12:09.6264207Z [command]"C:\Program Files\Git\bin\git.exe" rev-parse refs/remotes/origin/spec-silex-optimization-parity-completion
2026-09-11T16:12:09.6796370Z 41a99f13a6b0558e7c897cddeeb2ec1a94074661
2026-09-11T16:12:09.6844701Z ##[endgroup]
2026-09-11T16:12:09.6845059Z ##[group]Determining the checkout info
2026-09-11T16:12:09.6846594Z ##[endgroup]
2026-09-11T16:12:09.6856480Z [command]"C:\Program Files\Git\bin\git.exe" sparse-checkout disable
2026-09-11T16:12:09.7609235Z [command]"C:\Program Files\Git\bin\git.exe" config --local --unset-all extensions.worktreeConfig
2026-09-11T16:12:09.8163808Z ##[group]Checking out the ref
2026-09-11T16:12:09.8173592Z [command]"C:\Program Files\Git\bin\git.exe" checkout --progress --force -B spec-silex-optimization-parity-completion refs/remotes/origin/spec-silex-optimization-parity-completion
2026-09-11T16:12:10.8932210Z Updating files:  85% (1130/1322)
2026-09-11T16:12:10.9052272Z Updating files:  86% (1137/1322)
2026-09-11T16:12:10.9157106Z Updating files:  87% (1151/1322)
2026-09-11T16:12:10.9330699Z Updating files:  88% (1164/1322)
2026-09-11T16:12:10.9429405Z Updating files:  89% (1177/1322)
2026-09-11T16:12:10.9546613Z Updating files:  90% (1190/1322)
2026-09-11T16:12:10.9647937Z Updating files:  91% (1204/1322)
2026-09-11T16:12:10.9780234Z Updating files:  92% (1217/1322)
2026-09-11T16:12:10.9871602Z Updating files:  93% (1230/1322)
2026-09-11T16:12:11.0021152Z Updating files:  94% (1243/1322)
2026-09-11T16:12:11.0099202Z Updating files:  95% (1256/1322)
2026-09-11T16:12:11.0275388Z Updating files:  96% (1270/1322)
2026-09-11T16:12:11.0434388Z Updating files:  97% (1283/1322)
2026-09-11T16:12:11.0510178Z Updating files:  98% (1296/1322)
2026-09-11T16:12:11.0632410Z Updating files:  99% (1309/1322)
2026-09-11T16:12:11.0632923Z Updating files: 100% (1322/1322)
2026-09-11T16:12:11.0633156Z Updating files: 100% (1322/1322), done.
2026-09-11T16:12:11.0847550Z Switched to a new branch 'spec-silex-optimization-parity-completion'
2026-09-11T16:12:11.1037328Z branch 'spec-silex-optimization-parity-completion' set up to track 'origin/spec-silex-optimization-parity-completion'.
2026-09-11T16:12:11.1104093Z ##[endgroup]
2026-09-11T16:12:11.4058249Z [command]"C:\Program Files\Git\bin\git.exe" log -1 --format=%H
2026-09-11T16:12:11.4546706Z 41a99f13a6b0558e7c897cddeeb2ec1a94074661
2026-09-11T16:12:11.5166825Z Node 20 is being deprecated. This workflow is running with Node 24 by default. If you need to temporarily use Node 20, you can set the ACTIONS_ALLOW_USE_UNSECURE_NODE_VERSION=true environment variable. For more information see: https://github.blog/changelog/2025-09-19-deprecation-of-node-20-on-github-actions-runners/
2026-09-11T16:12:11.5169211Z ##[group]Run actions/download-artifact@v5
2026-09-11T16:12:11.5169467Z with:
2026-09-11T16:12:11.5169651Z   name: windows-arm64-bootstrap
2026-09-11T16:12:11.5169888Z   path: C:\a\_temp/windows-arm64-bootstrap
2026-09-11T16:12:11.5170137Z   merge-multiple: false
2026-09-11T16:12:11.5170355Z   repository: Matanek/Silex
2026-09-11T16:12:11.5170554Z   run-id: 34620188559
2026-09-11T16:12:11.5170732Z ##[endgroup]
2026-09-11T16:12:11.7839884Z Downloading single artifact
2026-09-11T16:12:11.8075991Z (node:1144) [DEP0040] DeprecationWarning: The `punycode` module is deprecated. Please use a userland alternative instead.
2026-09-11T16:12:11.8077006Z (Use `node --trace-deprecation ...` to show where the warning was created)
2026-09-11T16:12:12.0378843Z Preparing to download the following artifacts:
2026-09-11T16:12:12.0379519Z - windows-arm64-bootstrap (ID: 10272690606, Size: 8744158, Expected Digest: sha256:d02dd4a6b17b58aede9df5a9639c7509c6194c98fe759175a798a0a58e2b7ad0)
2026-09-11T16:12:12.2660311Z Redirecting to blob download url: https://productionresultssa14.blob.core.windows.net/actions-results/998599c6-ee31-40d7-b431-ff550072886d/workflow-job-run-0aa200cc-005c-5249-b995-283406c32668/artifacts/6025fa0f33cc196a1d0d5143db1af8535cef3a92f46066794d8aab3bae73955c.zip
2026-09-11T16:12:12.2661540Z Starting download of artifact to: C:\a\_temp\windows-arm64-bootstrap
2026-09-11T16:12:12.5967517Z (node:1144) [DEP0005] DeprecationWarning: Buffer() is deprecated due to security and usability issues. Please use the Buffer.alloc(), Buffer.allocUnsafe(), or Buffer.from() methods instead.
2026-09-11T16:12:13.2908653Z SHA256 digest of downloaded artifact is d02dd4a6b17b58aede9df5a9639c7509c6194c98fe759175a798a0a58e2b7ad0
2026-09-11T16:12:13.2909725Z Artifact download completed successfully.
2026-09-11T16:12:13.2909998Z Total of 1 artifact(s) downloaded
2026-09-11T16:12:13.2918397Z Download artifact has finished successfully
2026-09-11T16:12:13.3364416Z ##[group]Run $ErrorActionPreference = "Stop"
2026-09-11T16:12:13.3365566Z [36;1m$ErrorActionPreference = "Stop"[0m
2026-09-11T16:12:13.3365951Z [36;1m$PSNativeCommandUseErrorActionPreference = $true[0m
2026-09-11T16:12:13.3366255Z [36;1m[0m
2026-09-11T16:12:13.3366465Z [36;1mfunction Get-PeMachine([string] $Path) {[0m
2026-09-11T16:12:13.3366786Z [36;1m  $bytes = [System.IO.File]::ReadAllBytes($Path)[0m
2026-09-11T16:12:13.3367182Z [36;1m  if ($bytes.Length -lt 64 -or $bytes[0] -ne 0x4d -or $bytes[1] -ne 0x5a) {[0m
2026-09-11T16:12:13.3367562Z [36;1m    throw "not a PE executable: $Path"[0m
2026-09-11T16:12:13.3367819Z [36;1m  }[0m
2026-09-11T16:12:13.3368046Z [36;1m  $peOffset = [BitConverter]::ToInt32($bytes, 0x3c)[0m
2026-09-11T16:12:13.3368445Z [36;1m  if ($peOffset -lt 0 -or $peOffset + 6 -gt $bytes.Length -or[0m
2026-09-11T16:12:13.3368864Z [36;1m      $bytes[$peOffset] -ne 0x50 -or $bytes[$peOffset + 1] -ne 0x45) {[0m
2026-09-11T16:12:13.3369274Z [36;1m    throw "invalid PE header: $Path"[0m
2026-09-11T16:12:13.3369528Z [36;1m  }[0m
2026-09-11T16:12:13.3369772Z [36;1m  return [BitConverter]::ToUInt16($bytes, $peOffset + 4)[0m
2026-09-11T16:12:13.3370075Z [36;1m}[0m
2026-09-11T16:12:13.3370239Z [36;1m[0m
2026-09-11T16:12:13.3370441Z [36;1mfunction Assert-Arm64Pe([string] $Path) {[0m
2026-09-11T16:12:13.3370737Z [36;1m  $machine = Get-PeMachine $Path[0m
2026-09-11T16:12:13.3371297Z [36;1m  if ($machine -ne 0xaa64) {[0m
2026-09-11T16:12:13.3371730Z [36;1m    throw "expected ARM64 PE machine 0xaa64 for $Path, got 0x$($machine.ToString('x4'))"[0m
2026-09-11T16:12:13.3372129Z [36;1m  }[0m
2026-09-11T16:12:13.3372292Z [36;1m}[0m
2026-09-11T16:12:13.3372450Z [36;1m[0m
2026-09-11T16:12:13.3372698Z [36;1mfunction Assert-Arm64CoffArchive([string] $Path) {[0m
2026-09-11T16:12:13.3373050Z [36;1m  $bytes = [System.IO.File]::ReadAllBytes($Path)[0m
2026-09-11T16:12:13.3383388Z [36;1m  $signature = [System.Text.Encoding]::ASCII.GetString($bytes, 0, 8)[0m
2026-09-11T16:12:13.3383816Z [36;1m  if ($signature -ne "!<arch>`n") {[0m
2026-09-11T16:12:13.3384092Z [36;1m    throw "not an archive: $Path"[0m
2026-09-11T16:12:13.3384435Z [36;1m  }[0m
2026-09-11T16:12:13.3384648Z [36;1m  $offset = 8[0m
2026-09-11T16:12:13.3384887Z [36;1m  while ($offset + 60 -le $bytes.Length) {[0m
2026-09-11T16:12:13.3385314Z [36;1m    $sizeText = [System.Text.Encoding]::ASCII.GetString($bytes, $offset + 48, 10).Trim()[0m
2026-09-11T16:12:13.3385717Z [36;1m    $size = 0L[0m
2026-09-11T16:12:13.3385970Z [36;1m    if (-not [long]::TryParse($sizeText, [ref] $size)) {[0m
2026-09-11T16:12:13.3386317Z [36;1m      throw "invalid archive member size in $Path"[0m
2026-09-11T16:12:13.3386607Z [36;1m    }[0m
2026-09-11T16:12:13.3386795Z [36;1m    $dataOffset = $offset + 60[0m
2026-09-11T16:12:13.3387115Z [36;1m    if ($size -ge 2 -and $dataOffset + $size -le $bytes.Length -and[0m
2026-09-11T16:12:13.3387562Z [36;1m        $bytes[$dataOffset] -eq 0x64 -and $bytes[$dataOffset + 1] -eq 0xaa) {[0m
2026-09-11T16:12:13.3387914Z [36;1m      return[0m
2026-09-11T16:12:13.3388096Z [36;1m    }[0m
2026-09-11T16:12:13.3388285Z [36;1m    $offset = $dataOffset + $size[0m
2026-09-11T16:12:13.3388544Z [36;1m    if (($offset % 2) -ne 0) {[0m
2026-09-11T16:12:13.3388793Z [36;1m      $offset++[0m
2026-09-11T16:12:13.3388981Z [36;1m    }[0m
2026-09-11T16:12:13.3389148Z [36;1m  }[0m
2026-09-11T16:12:13.3389413Z [36;1m  throw "archive contains no Windows ARM64 COFF member: $Path"[0m
2026-09-11T16:12:13.3389732Z [36;1m}[0m
2026-09-11T16:12:13.3389892Z [36;1m[0m
2026-09-11T16:12:13.3390193Z [36;1mfunction Assert-PortabilityOutput([string[]] $Output, [string] $Mode) {[0m
2026-09-11T16:12:13.3391576Z [36;1m  $cycleDrops = @($Output | Where-Object { $_ -eq "native cycle drop" }).Count[0m
2026-09-11T16:12:13.3392066Z [36;1m  $copyDrops = @($Output | Where-Object { $_ -eq "copy state drop" }).Count[0m
2026-09-11T16:12:13.3394413Z [36;1m  if ($cycleDrops -ne 6 -or $copyDrops -ne 2) {[0m
2026-09-11T16:12:13.3395102Z [36;1m    throw "$Mode portability output has $cycleDrops cycle drops and $copyDrops copy drops"[0m
2026-09-11T16:12:13.3395521Z [36;1m  }[0m
2026-09-11T16:12:13.3395680Z [36;1m}[0m
2026-09-11T16:12:13.3395834Z [36;1m[0m
2026-09-11T16:12:13.3396139Z [36;1mfunction Invoke-NativeCapture([string] $Path, [string[]] $Arguments = @()) {[0m
2026-09-11T16:12:13.3396623Z [36;1m  $startInfo = [System.Diagnostics.ProcessStartInfo]::new()[0m
2026-09-11T16:12:13.3396967Z [36;1m  $startInfo.FileName = $Path[0m
2026-09-11T16:12:13.3397235Z [36;1m  $startInfo.UseShellExecute = $false[0m
2026-09-11T16:12:13.3397549Z [36;1m  $startInfo.RedirectStandardOutput = $true[0m
2026-09-11T16:12:13.3397893Z [36;1m  $startInfo.RedirectStandardError = $true[0m
2026-09-11T16:12:13.3398193Z [36;1m  foreach ($argument in $Arguments) {[0m
2026-09-11T16:12:13.3398495Z [36;1m    $startInfo.ArgumentList.Add($argument)[0m
2026-09-11T16:12:13.3398762Z [36;1m  }[0m
2026-09-11T16:12:13.3398987Z [36;1m  $process = [System.Diagnostics.Process]::new()[0m
2026-09-11T16:12:13.3399294Z [36;1m  $process.StartInfo = $startInfo[0m
2026-09-11T16:12:13.3399554Z [36;1m  if (-not $process.Start()) {[0m
2026-09-11T16:12:13.3399852Z [36;1m    throw "failed to start native command: $Path"[0m
2026-09-11T16:12:13.3400125Z [36;1m  }[0m
2026-09-11T16:12:13.3400349Z [36;1m  $stdout = $process.StandardOutput.ReadToEnd()[0m
2026-09-11T16:12:13.3400693Z [36;1m  $stderr = $process.StandardError.ReadToEnd()[0m
2026-09-11T16:12:13.3400994Z [36;1m  $process.WaitForExit()[0m
2026-09-11T16:12:13.3401239Z [36;1m  if ($process.ExitCode -ne 0) {[0m
2026-09-11T16:12:13.3401645Z [36;1m    throw "native command failed with exit code $($process.ExitCode): $Path`n$stderr"[0m
2026-09-11T16:12:13.3402027Z [36;1m  }[0m
2026-09-11T16:12:13.3402303Z [36;1m  return @($stdout -split "`r?`n" | Where-Object { $_.Length -ne 0 })[0m
2026-09-11T16:12:13.3402630Z [36;1m}[0m
2026-09-11T16:12:13.3402784Z [36;1m[0m
2026-09-11T16:12:13.3403175Z [36;1m$architecture = [System.Runtime.InteropServices.RuntimeInformation]::OSArchitecture.ToString()[0m
2026-09-11T16:12:13.3403774Z [36;1mif ($env:PROCESSOR_ARCHITECTURE -ne "ARM64" -or $architecture -ne "Arm64") {[0m
2026-09-11T16:12:13.3404468Z [36;1m  throw "expected a native Windows ARM64 runner, got PROCESSOR_ARCHITECTURE=$env:PROCESSOR_ARCHITECTURE OSArchitecture=$architecture"[0m
2026-09-11T16:12:13.3405021Z [36;1m}[0m
2026-09-11T16:12:13.3405182Z [36;1m[0m
2026-09-11T16:12:13.3405480Z [36;1m$bootstrapRoot = Join-Path $env:RUNNER_TEMP "windows-arm64-bootstrap"[0m
2026-09-11T16:12:13.3405891Z [36;1m$buildPrefix = Join-Path $bootstrapRoot "silex"[0m
2026-09-11T16:12:13.3406249Z [36;1m$builtSilex = Join-Path $buildPrefix "bin/silex.exe"[0m
2026-09-11T16:12:13.3406561Z [36;1mAssert-Arm64Pe $builtSilex[0m
2026-09-11T16:12:13.3406787Z [36;1m[0m
2026-09-11T16:12:13.3407166Z [36;1m$probeRoot = Join-Path $env:GITHUB_WORKSPACE "Tests/Target/windows-arm64/WindowsArm64BoundaryProbe"[0m
2026-09-11T16:12:13.3407737Z [36;1m$boundaryDirectory = Join-Path $probeRoot "Boundary/windows-arm64"[0m
2026-09-11T16:12:13.3408243Z [36;1m$boundaryArchive = Join-Path $boundaryDirectory "BoundaryProbe.lib"[0m
2026-09-11T16:12:13.3408721Z [36;1mNew-Item -ItemType Directory -Force $boundaryDirectory | Out-Null[0m
2026-09-11T16:12:13.3409242Z [36;1mCopy-Item (Join-Path $bootstrapRoot "boundary/BoundaryProbe.lib") $boundaryArchive[0m
2026-09-11T16:12:13.3409695Z [36;1mAssert-Arm64CoffArchive $boundaryArchive[0m
2026-09-11T16:12:13.3409961Z [36;1m[0m
2026-09-11T16:12:13.3410262Z [36;1m$distributionArchive = Join-Path $env:RUNNER_TEMP "silex-windows-arm64.zip"[0m
2026-09-11T16:12:13.3412541Z [36;1mCompress-Archive -Path (Join-Path $buildPrefix "*") -DestinationPath $distributionArchive[0m
2026-09-11T16:12:13.3413805Z [36;1mWrite-Output "distribution sha256=$((Get-FileHash $distributionArchive -Algorithm SHA256).Hash.ToLowerInvariant())"[0m
2026-09-11T16:12:13.3414438Z [36;1mRemove-Item -Recurse -Force $buildPrefix[0m
2026-09-11T16:12:13.3414795Z [36;1m$installRoot = Join-Path $env:RUNNER_TEMP "silex-install"[0m
2026-09-11T16:12:13.3415237Z [36;1mExpand-Archive $distributionArchive -DestinationPath $installRoot[0m
2026-09-11T16:12:13.3422153Z [36;1m$silex = Join-Path $installRoot "bin/silex.exe"[0m
2026-09-11T16:12:13.3422465Z [36;1mAssert-Arm64Pe $silex[0m
2026-09-11T16:12:13.3422675Z [36;1m[0m
2026-09-11T16:12:13.3422895Z [36;1m$env:USERPROFILE = Join-Path $env:RUNNER_TEMP "home"[0m
2026-09-11T16:12:13.3423199Z [36;1m$env:HOME = $env:USERPROFILE[0m
2026-09-11T16:12:13.3423534Z [36;1mNew-Item -ItemType Directory -Force $env:USERPROFILE | Out-Null[0m
2026-09-11T16:12:13.3423894Z [36;1m& $silex --version[0m
2026-09-11T16:12:13.3424110Z [36;1m$targets = @(& $silex targets)[0m
2026-09-11T16:12:13.3424411Z [36;1mif ($targets -notcontains "windows-arm64 (host)") {[0m
2026-09-11T16:12:13.3424784Z [36;1m  throw "windows-arm64 is not reported as the native host"[0m
2026-09-11T16:12:13.3425092Z [36;1m}[0m
2026-09-11T16:12:13.3425253Z [36;1m& $silex setup[0m
2026-09-11T16:12:13.3425436Z [36;1m[0m
2026-09-11T16:12:13.3425850Z [36;1m$managedZig = Join-Path $env:USERPROFILE ".silex/toolchain/zig/0.16.0/windows-x64/zig-x86_64-windows-0.16.0/zig.exe"[0m
2026-09-11T16:12:13.3426735Z [36;1m$shadercross = Join-Path $env:USERPROFILE ".silex/toolchain/shadercross/3.0.0/windows-arm64/SDL3_shadercross-3.0.0-windows-VC-x64/bin/shadercross.exe"[0m
2026-09-11T16:12:13.3427418Z [36;1m$managedZigMachine = Get-PeMachine $managedZig[0m
2026-09-11T16:12:13.3427729Z [36;1mif ($managedZigMachine -ne 0x8664) {[0m
2026-09-11T16:12:13.3428207Z [36;1m  throw "expected the declared X64 managed linker, got machine 0x$($managedZigMachine.ToString('x4'))"[0m
2026-09-11T16:12:13.3428647Z [36;1m}[0m
2026-09-11T16:12:13.3428868Z [36;1m$shaderMachine = Get-PeMachine $shadercross[0m
2026-09-11T16:12:13.3429161Z [36;1mif ($shaderMachine -ne 0x8664) {[0m
2026-09-11T16:12:13.3429669Z [36;1m  throw "expected the declared x64 Shadercross compatibility tool, got machine 0x$($shaderMachine.ToString('x4'))"[0m
2026-09-11T16:12:13.3430161Z [36;1m}[0m
2026-09-11T16:12:13.3430333Z [36;1m& $managedZig version[0m
2026-09-11T16:12:13.3430620Z [36;1m& $shadercross --help | Select-Object -First 1[0m
2026-09-11T16:12:13.3430896Z [36;1m[0m
2026-09-11T16:12:13.3431217Z [36;1m$env:PATH = "$env:SystemRoot\system32;$env:SystemRoot;$env:SystemRoot\System32\Wbem"[0m
2026-09-11T16:12:13.3431925Z [36;1m[0m
2026-09-11T16:12:13.3432290Z [36;1m$portabilitySource = Join-Path $env:GITHUB_WORKSPACE "Tests/Native/NativePortability.sx"[0m
2026-09-11T16:12:13.3432850Z [36;1m# Preserve and inspect independently linked tests if native execution[0m
2026-09-11T16:12:13.3433275Z [36;1m# fails before PowerShell can report the full NTSTATUS.[0m
2026-09-11T16:12:13.3433664Z [36;1m$PSNativeCommandUseErrorActionPreference = $false[0m
2026-09-11T16:12:13.3434017Z [36;1m& $silex test $portabilitySource --nocache[0m
2026-09-11T16:12:13.3434304Z [36;1m$testExitCode = $LASTEXITCODE[0m
2026-09-11T16:12:13.3434548Z [36;1mif ($testExitCode -ne 0) {[0m
2026-09-11T16:12:13.3434921Z [36;1m  $debuggersRoot = Join-Path ${env:ProgramFiles(x86)} "Windows Kits/10/Debuggers"[0m
2026-09-11T16:12:13.3435505Z [36;1m  $cdb = Get-ChildItem $debuggersRoot -Filter cdb.exe -Recurse -ErrorAction SilentlyContinue |[0m
2026-09-11T16:12:13.3436015Z [36;1m    Where-Object { $_.FullName -match '[\\/]arm64[\\/]' } |[0m
2026-09-11T16:12:13.3436333Z [36;1m    Select-Object -First 1[0m
2026-09-11T16:12:13.3436710Z [36;1m  $failedTests = @(Get-ChildItem (Join-Path $env:GITHUB_WORKSPACE ".silex/test") `[0m
2026-09-11T16:12:13.3437768Z [36;1m    -Filter "NativePortability-*.exe" -File)[0m
2026-09-11T16:12:13.3438054Z [36;1m  if ($null -ne $cdb) {[0m
2026-09-11T16:12:13.3439160Z [36;1m    foreach ($failedTest in $failedTests) {[0m
2026-09-11T16:12:13.3439612Z [36;1m      Assert-Arm64Pe $failedTest.FullName[0m
2026-09-11T16:12:13.3440064Z [36;1m      Write-Output "debugging retained ARM64 test $($failedTest.Name) with $($cdb.FullName)"[0m
2026-09-11T16:12:13.3440683Z [36;1m      & $cdb.FullName -lines -c "g; .ecxr; !analyze -v; r; kv; ub @pc L10; u @pc L40; q" $failedTest.FullName[0m
2026-09-11T16:12:13.3441110Z [36;1m    }[0m
2026-09-11T16:12:13.3441280Z [36;1m  }[0m
2026-09-11T16:12:13.3441578Z [36;1m  throw "Windows ARM64 native test slice failed with exit code $testExitCode"[0m
2026-09-11T16:12:13.3441946Z [36;1m}[0m
2026-09-11T16:12:13.3442180Z [36;1m$PSNativeCommandUseErrorActionPreference = $true[0m
2026-09-11T16:12:13.3442483Z [36;1m[0m
2026-09-11T16:12:13.3442796Z [36;1m$portabilityDebug = Join-Path $env:RUNNER_TEMP "native-portability-debug.exe"[0m
2026-09-11T16:12:13.3443356Z [36;1m$portabilityRelease = Join-Path $env:RUNNER_TEMP "native-portability-release.exe"[0m
2026-09-11T16:12:13.3443912Z [36;1m& $silex compile $portabilitySource --debug --nocache -o $portabilityDebug[0m
2026-09-11T16:12:13.3444434Z [36;1m& $silex compile $portabilitySource --release --nocache -o $portabilityRelease[0m
2026-09-11T16:12:13.3445633Z [36;1mAssert-Arm64Pe $portabilityDebug[0m
2026-09-11T16:12:13.3445965Z [36;1mAssert-Arm64Pe $portabilityRelease[0m
2026-09-11T16:12:13.3446321Z [36;1m$debugOutput = @(Invoke-NativeCapture $portabilityDebug)[0m
2026-09-11T16:12:13.3446740Z [36;1m$releaseOutput = @(Invoke-NativeCapture $portabilityRelease)[0m
2026-09-11T16:12:13.3447136Z [36;1mAssert-PortabilityOutput $debugOutput "Debug"[0m
2026-09-11T16:12:13.3447494Z [36;1mAssert-PortabilityOutput $releaseOutput "Release"[0m
2026-09-11T16:12:13.3447978Z [36;1mif (@(Compare-Object $debugOutput $releaseOutput -SyncWindow 0).Count -ne 0) {[0m
2026-09-11T16:12:13.3448438Z [36;1m  throw "Debug and Release portability outputs differ"[0m
2026-09-11T16:12:13.3448740Z [36;1m}[0m
2026-09-11T16:12:13.3448896Z [36;1m[0m
2026-09-11T16:12:13.3449102Z [36;1m& $silex test $portabilitySource --nocache[0m
2026-09-11T16:12:13.3449363Z [36;1m[0m
2026-09-11T16:12:13.3449686Z [36;1m$smokeSource = Join-Path $env:GITHUB_WORKSPACE "Tests/Native/DistributionSmoke.sx"[0m
2026-09-11T16:12:13.3450330Z [36;1m$debugSmoke = @(Invoke-NativeCapture -Path $silex -Arguments @("run", $smokeSource, "--debug", "--nocache"))[0m
2026-09-11T16:12:13.3451059Z [36;1m$releaseSmoke = @(Invoke-NativeCapture -Path $silex -Arguments @("run", $smokeSource, "--release", "--nocache"))[0m
2026-09-11T16:12:13.3451696Z [36;1mif ($debugSmoke.Count -ne 1 -or $debugSmoke[0] -ne "silex distribution ready" -or[0m
2026-09-11T16:12:13.3452238Z [36;1m    $releaseSmoke.Count -ne 1 -or $releaseSmoke[0] -ne "silex distribution ready") {[0m
2026-09-11T16:12:13.3452664Z [36;1m  throw "distribution run smoke failed"[0m
2026-09-11T16:12:13.3452916Z [36;1m}[0m
2026-09-11T16:12:13.3453213Z [36;1m$standaloneSmoke = Join-Path $env:RUNNER_TEMP "distribution-smoke.exe"[0m
2026-09-11T16:12:13.3453693Z [36;1m& $silex compile $smokeSource --release --nocache -o $standaloneSmoke[0m
2026-09-11T16:12:13.3454074Z [36;1mAssert-Arm64Pe $standaloneSmoke[0m
2026-09-11T16:12:13.3460948Z [36;1m$standaloneOutput = @(Invoke-NativeCapture $standaloneSmoke)[0m
2026-09-11T16:12:13.3461500Z [36;1mif ($standaloneOutput.Count -ne 1 -or $standaloneOutput[0] -ne "silex distribution ready") {[0m
2026-09-11T16:12:13.3461983Z [36;1m  throw "standalone distribution smoke failed"[0m
2026-09-11T16:12:13.3462652Z [36;1m}[0m
2026-09-11T16:12:13.3462817Z [36;1m[0m
2026-09-11T16:12:13.3463061Z [36;1m$boundaryTest = Join-Path $probeRoot "Tests/Boundary.sx"[0m
2026-09-11T16:12:13.3464057Z [36;1m$boundaryMain = Join-Path $probeRoot "Tests/BoundaryMain.sx"[0m
2026-09-11T16:12:13.3464420Z [36;1m& $silex test $boundaryTest --nocache[0m
2026-09-11T16:12:13.3464942Z [36;1m$boundaryDebug = Join-Path $env:RUNNER_TEMP "boundary-debug.exe"[0m
2026-09-11T16:12:13.3465461Z [36;1m$boundaryRelease = Join-Path $env:RUNNER_TEMP "boundary-release.exe"[0m
2026-09-11T16:12:13.3465924Z [36;1m& $silex compile $boundaryMain --debug --nocache -o $boundaryDebug[0m
2026-09-11T16:12:13.3466379Z [36;1m& $silex compile $boundaryMain --release --nocache -o $boundaryRelease[0m
2026-09-11T16:12:13.3466748Z [36;1mAssert-Arm64Pe $boundaryDebug[0m
2026-09-11T16:12:13.3467004Z [36;1mAssert-Arm64Pe $boundaryRelease[0m
2026-09-11T16:12:13.3467349Z [36;1m$boundaryDebugOutput = @(Invoke-NativeCapture $boundaryDebug)[0m
2026-09-11T16:12:13.3467801Z [36;1m$boundaryReleaseOutput = @(Invoke-NativeCapture $boundaryRelease)[0m
2026-09-11T16:12:13.3468382Z [36;1mif ($boundaryDebugOutput.Count -ne 1 -or $boundaryDebugOutput[0] -ne "windows arm64 boundary ready" -or[0m
2026-09-11T16:12:13.3469101Z [36;1m    $boundaryReleaseOutput.Count -ne 1 -or $boundaryReleaseOutput[0] -ne "windows arm64 boundary ready") {[0m
2026-09-11T16:12:13.3469622Z [36;1m  throw "Windows ARM64 Boundary smoke failed"[0m
2026-09-11T16:12:13.3469889Z [36;1m}[0m
2026-09-11T16:12:13.3470043Z [36;1m[0m
2026-09-11T16:12:13.3470370Z [36;1m# Copy bytes unchanged into a standalone fixture, without the optimizer's STD graph.[0m
2026-09-11T16:12:13.3470870Z [36;1m$scalarRoot = Join-Path $env:RUNNER_TEMP "scalar-float-fixture"[0m
2026-09-11T16:12:13.3471316Z [36;1mNew-Item -ItemType Directory -Force -Path $scalarRoot | Out-Null[0m
2026-09-11T16:12:13.3471826Z [36;1mSet-Content -Path (Join-Path $scalarRoot "Package.json") -Value '{"sources":"."}'[0m
2026-09-11T16:12:13.3472332Z [36;1m$scalarFixture = Join-Path $scalarRoot "ScalarFloatResidence.sx"[0m
2026-09-11T16:12:13.3473006Z [36;1mCopy-Item (Join-Path $env:GITHUB_WORKSPACE "Toolchain/Benchmarks/Optimizer/Regressions/ScalarFloatResidence.sx") $scalarFixture[0m
2026-09-11T16:12:13.3473625Z [36;1mforeach ($mode in @("debug", "release")) {[0m
2026-09-11T16:12:13.3474050Z [36;1m  $scalarBinary = Join-Path $env:RUNNER_TEMP "scalar-float-residence-$mode.exe"[0m
2026-09-11T16:12:13.3474546Z [36;1m  & $silex compile $scalarFixture "--$mode" --nocache -o $scalarBinary[0m
2026-09-11T16:12:13.3474917Z [36;1m  Assert-Arm64Pe $scalarBinary[0m
2026-09-11T16:12:13.3475239Z [36;1m  $scalarOutput = @(Invoke-NativeCapture $scalarBinary)[0m
2026-09-11T16:12:13.3475822Z [36;1m  if ($LASTEXITCODE -ne 0 -or $scalarOutput.Count -ne 9 -or @($scalarOutput | Where-Object { $_ -ne "true" }).Count -ne 0) {[0m
2026-09-11T16:12:13.3476400Z [36;1m    throw "scalar float residence $mode regression failed"[0m
2026-09-11T16:12:13.3476708Z [36;1m  }[0m
2026-09-11T16:12:13.3476874Z [36;1m}[0m
2026-09-11T16:12:13.3539303Z shell: C:\Program Files\PowerShell\7\pwsh.EXE -command ". '{0}'"
2026-09-11T16:12:13.3539710Z ##[endgroup]
2026-09-11T16:12:14.9785605Z distribution sha256=78c3a8e327897c6685e3362462c6ccebbb4c01d1a88b68236953c60c633a8a34
2026-09-11T16:12:15.2279517Z silex 0.44.1
2026-09-11T16:12:16.2050422Z silex: installed Shadercross for windows-arm64
2026-09-11T16:12:40.4713251Z silex: installed Native linker for windows-arm64
2026-09-11T16:12:42.2459427Z 0.16.0
2026-09-11T16:12:43.2086410Z Usage: shadercross <input> [options]
2026-09-11T16:12:43.2087045Z Required options:
2026-09-11T16:12:43.2087822Z   -s | --source <value>            Source language format. May be inferred from the filename. Values: [SPIRV, HLSL]
2026-09-11T16:12:43.2088551Z   -d | --dest <value>              Destination format. May be inferred from the filename. Values: [DXBC, DXIL, MSL, SPIRV, HLSL, JSON]
2026-09-11T16:12:43.2089272Z   -t | --stage <value>             Shader stage. May be inferred from the filename. Values: [vertex, fragment, compute]
2026-09-11T16:12:43.2090684Z   -e | --entrypoint <value>        Entrypoint function name. Default: "main".
2026-09-11T16:12:43.2091057Z   -o | --output <value>            Output file.
2026-09-11T16:12:43.2091274Z 
2026-09-11T16:12:43.2092737Z Optional options:
2026-09-11T16:12:43.2093326Z   -I | --include <value>           HLSL include directory. Only used with HLSL source.
2026-09-11T16:12:43.2094256Z   -D<name>[=<value>]               HLSL define. Only used with HLSL source. Can be repeated.
2026-09-11T16:12:43.2095200Z                                    If =<value> is omitted the define will be treated as equal to 1.
2026-09-11T16:12:43.2096082Z   --msl-version <value>            Target MSL version. Only used when transpiling to MSL. The default is 1.2.0.
2026-09-11T16:12:43.2096880Z   -c | --cull                      Allow the compiler to cull unused resource bindings. This may lead to surprising binding behavior so be careful when enabling this!
2026-09-11T16:12:43.2098342Z   -g | --debug                     Generate debug information when possible. Shaders are valid only when graphics debuggers are attached.
2026-09-11T16:12:43.2099130Z   -p | --pssl                      Generate PSSL-compatible shader. Destination format should be HLSL.
2026-09-11T16:17:50.4707528Z ok - execute direct indirect and dynamic calls beyond native registers
2026-09-11T16:17:50.8900440Z ok - preserve paired float32 arithmetic on native
2026-09-11T16:17:51.6382583Z ok - mutate a class-owned native list without changing its snapshot
2026-09-11T16:17:51.9841977Z ok - replace class elements in a class-owned native list
2026-09-11T16:17:52.3043846Z ok - preserve embedded byte contents on native
2026-09-11T16:17:52.6309575Z ok - format native floats through the standalone runtime
2026-09-11T16:17:52.9469800Z ok - convert native float precision in both directions
2026-09-11T16:17:53.2622842Z ok - replace and preserve an aliased native list
2026-09-11T16:17:53.5816060Z ok - swap and reverse a native list
2026-09-11T16:17:53.8972311Z ok - grow a native list at every position
2026-09-11T16:17:54.2234292Z ok - remove native list elements from every position
2026-09-11T16:17:54.5348446Z ok - slice view mutate and clear native lists
2026-09-11T16:17:54.8503587Z ok - mutable aggregate view detaches shared native list
2026-09-11T16:17:55.1681859Z copy state drop
2026-09-11T16:17:55.1682113Z copy state drop
2026-09-11T16:17:55.1682507Z ok - deep-copy repeated native class roots without collections
2026-09-11T16:17:55.4912494Z native cycle drop
2026-09-11T16:17:55.4912754Z native cycle drop
2026-09-11T16:17:55.4912985Z ok - finalize a direct native class cycle
2026-09-11T16:17:55.8072896Z native cycle drop
2026-09-11T16:17:55.8073149Z native cycle drop
2026-09-11T16:17:55.8073376Z ok - finalize a native class cycle through lists
2026-09-11T16:17:56.1233918Z native cycle drop
2026-09-11T16:17:56.1234266Z native cycle drop
2026-09-11T16:17:56.1242163Z ok - finalize a native class cycle through protocols
2026-09-11T16:17:56.4477998Z ok - execute the complete native collection mutation slice
2026-09-11T16:17:56.7703191Z copy state drop
2026-09-11T16:17:56.7703452Z copy state drop
2026-09-11T16:17:56.7703687Z ok - execute native ownership and deep-copy runtime
2026-09-11T16:17:57.0906121Z ok - preserve resource aggregates across native list growth
2026-09-11T16:17:57.4014730Z ok - serialize native mutations with mutex
2026-09-11T16:17:57.7163551Z native cycle drop
2026-09-11T16:17:57.7163803Z native cycle drop
2026-09-11T16:17:57.7163983Z native cycle drop
2026-09-11T16:17:57.7164159Z native cycle drop
2026-09-11T16:17:57.7164342Z native cycle drop
2026-09-11T16:17:57.7164516Z native cycle drop
2026-09-11T16:17:57.7164831Z ok - finalize native cycles across direct collection and protocol edges
2026-09-11T16:17:57.7192591Z 22 passed; 0 failed
2026-09-11T16:17:58.7770823Z ok - execute direct indirect and dynamic calls beyond native registers
2026-09-11T16:17:59.0932598Z ok - preserve paired float32 arithmetic on native
2026-09-11T16:17:59.4009772Z ok - mutate a class-owned native list without changing its snapshot
2026-09-11T16:17:59.7222714Z ok - replace class elements in a class-owned native list
2026-09-11T16:18:00.0421698Z ok - preserve embedded byte contents on native
2026-09-11T16:18:00.3583547Z ok - format native floats through the standalone runtime
2026-09-11T16:18:00.6846979Z ok - convert native float precision in both directions
2026-09-11T16:18:01.0045487Z ok - replace and preserve an aliased native list
2026-09-11T16:18:01.3289254Z ok - swap and reverse a native list
2026-09-11T16:18:01.6519670Z ok - grow a native list at every position
2026-09-11T16:18:01.9690937Z ok - remove native list elements from every position
2026-09-11T16:18:02.2974883Z ok - slice view mutate and clear native lists
2026-09-11T16:18:02.6151566Z ok - mutable aggregate view detaches shared native list
2026-09-11T16:18:02.9395530Z copy state drop
2026-09-11T16:18:02.9395780Z copy state drop
2026-09-11T16:18:02.9396055Z ok - deep-copy repeated native class roots without collections
2026-09-11T16:18:03.2551418Z native cycle drop
2026-09-11T16:18:03.2551666Z native cycle drop
2026-09-11T16:18:03.2551879Z ok - finalize a direct native class cycle
2026-09-11T16:18:03.5714812Z native cycle drop
2026-09-11T16:18:03.5715071Z native cycle drop
2026-09-11T16:18:03.5715301Z ok - finalize a native class cycle through lists
2026-09-11T16:18:03.8913064Z native cycle drop
2026-09-11T16:18:03.8913633Z native cycle drop
2026-09-11T16:18:03.8913932Z ok - finalize a native class cycle through protocols
2026-09-11T16:18:04.2171282Z ok - execute the complete native collection mutation slice
2026-09-11T16:18:04.5332434Z copy state drop
2026-09-11T16:18:04.5332692Z copy state drop
2026-09-11T16:18:04.5332951Z ok - execute native ownership and deep-copy runtime
2026-09-11T16:18:04.8635177Z ok - preserve resource aggregates across native list growth
2026-09-11T16:18:05.1813265Z ok - serialize native mutations with mutex
2026-09-11T16:18:05.4995999Z native cycle drop
2026-09-11T16:18:05.4996244Z native cycle drop
2026-09-11T16:18:05.4996426Z native cycle drop
2026-09-11T16:18:05.4996601Z native cycle drop
2026-09-11T16:18:05.4996785Z native cycle drop
2026-09-11T16:18:05.4996996Z native cycle drop
2026-09-11T16:18:05.4997312Z ok - finalize native cycles across direct collection and protocol edges
2026-09-11T16:18:05.5021306Z 22 passed; 0 failed
2026-09-11T16:18:06.8121569Z ok - call an ARM64 package Boundary
2026-09-11T16:18:07.1295845Z ok - round-trip a callback through the Windows ARM64 ABI
2026-09-11T16:18:07.1298995Z 2 passed; 0 failed
2026-09-11T16:18:08.4984542Z Post job cleanup.
2026-09-11T16:18:08.7988847Z [command]"C:\Program Files\Git\bin\git.exe" version
2026-09-11T16:18:08.8491945Z git version 2.55.0.windows.5
2026-09-11T16:18:08.8584471Z Temporarily overriding HOME='C:\a\_temp\b7bed011-1e36-48db-8e40-8e6a73f76147' before making global git config changes
2026-09-11T16:18:08.8585155Z Adding repository directory to the temporary git global config as a safe directory
2026-09-11T16:18:08.8594882Z [command]"C:\Program Files\Git\bin\git.exe" config --global --add safe.directory C:\a\Silex\Silex
2026-09-11T16:18:08.9169834Z Removing SSH command configuration
2026-09-11T16:18:08.9182734Z [command]"C:\Program Files\Git\bin\git.exe" config --local --name-only --get-regexp core\.sshCommand
2026-09-11T16:18:08.9745651Z [command]"C:\Program Files\Git\bin\git.exe" submodule foreach --recursive "sh -c \"git config --local --name-only --get-regexp 'core\.sshCommand' && git config --local --unset-all 'core.sshCommand' || :\""
2026-09-11T16:18:10.2813078Z Removing HTTP extra header
2026-09-11T16:18:10.2824134Z [command]"C:\Program Files\Git\bin\git.exe" config --local --name-only --get-regexp http\.https\:\/\/github\.com\/\.extraheader
2026-09-11T16:18:10.3373683Z [command]"C:\Program Files\Git\bin\git.exe" submodule foreach --recursive "sh -c \"git config --local --name-only --get-regexp 'http\.https\:\/\/github\.com\/\.extraheader' && git config --local --unset-all 'http.https://github.com/.extraheader' || :\""
2026-09-11T16:18:11.6406473Z Removing includeIf entries pointing to credentials config files
2026-09-11T16:18:11.6419897Z [command]"C:\Program Files\Git\bin\git.exe" config --local --name-only --get-regexp ^includeIf\.gitdir:
2026-09-11T16:18:11.6919902Z includeif.gitdir:C:/a/Silex/Silex/.git.path
2026-09-11T16:18:11.6920639Z includeif.gitdir:C:/a/Silex/Silex/.git/worktrees/*.path
2026-09-11T16:18:11.6921001Z includeif.gitdir:/github/workspace/.git.path
2026-09-11T16:18:11.6921384Z includeif.gitdir:/github/workspace/.git/worktrees/*.path
2026-09-11T16:18:11.6983190Z [command]"C:\Program Files\Git\bin\git.exe" config --local --get-all includeif.gitdir:C:/a/Silex/Silex/.git.path
2026-09-11T16:18:11.7479449Z C:\a\_temp\git-credentials-76c3aae0-30b8-49e2-9561-f9afdac001c7.config
2026-09-11T16:18:11.7544405Z [command]"C:\Program Files\Git\bin\git.exe" config --local --unset includeif.gitdir:C:/a/Silex/Silex/.git.path C:\a\_temp\git-credentials-76c3aae0-30b8-49e2-9561-f9afdac001c7.config
2026-09-11T16:18:11.8114808Z [command]"C:\Program Files\Git\bin\git.exe" config --local --get-all includeif.gitdir:C:/a/Silex/Silex/.git/worktrees/*.path
2026-09-11T16:18:11.8607181Z C:\a\_temp\git-credentials-76c3aae0-30b8-49e2-9561-f9afdac001c7.config
2026-09-11T16:18:11.8669035Z [command]"C:\Program Files\Git\bin\git.exe" config --local --unset includeif.gitdir:C:/a/Silex/Silex/.git/worktrees/*.path C:\a\_temp\git-credentials-76c3aae0-30b8-49e2-9561-f9afdac001c7.config
2026-09-11T16:18:11.9225973Z [command]"C:\Program Files\Git\bin\git.exe" config --local --get-all includeif.gitdir:/github/workspace/.git.path
2026-09-11T16:18:11.9709018Z /github/runner_temp/git-credentials-76c3aae0-30b8-49e2-9561-f9afdac001c7.config
2026-09-11T16:18:11.9774138Z [command]"C:\Program Files\Git\bin\git.exe" config --local --unset includeif.gitdir:/github/workspace/.git.path /github/runner_temp/git-credentials-76c3aae0-30b8-49e2-9561-f9afdac001c7.config
2026-09-11T16:18:12.0355235Z [command]"C:\Program Files\Git\bin\git.exe" config --local --get-all includeif.gitdir:/github/workspace/.git/worktrees/*.path
2026-09-11T16:18:12.0852366Z /github/runner_temp/git-credentials-76c3aae0-30b8-49e2-9561-f9afdac001c7.config
2026-09-11T16:18:12.0912770Z [command]"C:\Program Files\Git\bin\git.exe" config --local --unset includeif.gitdir:/github/workspace/.git/worktrees/*.path /github/runner_temp/git-credentials-76c3aae0-30b8-49e2-9561-f9afdac001c7.config
2026-09-11T16:18:12.1504091Z [command]"C:\Program Files\Git\bin\git.exe" submodule foreach --recursive "git config --local --show-origin --name-only --get-regexp remote.origin.url"
2026-09-11T16:18:13.4306549Z Removing credentials config 'C:\a\_temp\git-credentials-76c3aae0-30b8-49e2-9561-f9afdac001c7.config'
2026-09-11T16:18:13.4558640Z Cleaning up orphan processes
2026-09-11T16:18:13.4723853Z ##[warning]Node.js 20 is deprecated. The following actions target Node.js 20 but are being forced to run on Node.js 24: actions/download-artifact@v5. For more information see: https://github.blog/changelog/2025-09-19-deprecation-of-node-20-on-github-actions-runners/

