2026-09-11T16:07:53.2077314Z Current runner version: '2.337.0'
2026-09-11T16:07:53.2111693Z ##[group]Runner Image Provisioner
2026-09-11T16:07:53.2112768Z Hosted Compute Agent
2026-09-11T16:07:53.2113392Z Version: 20260828.587
2026-09-11T16:07:53.2114043Z Commit: abac92662cab4cc7352de4f9f9d2e2419aad9c29
2026-09-11T16:07:53.2115295Z Build Date: 2026-08-28T16:44:25Z
2026-09-11T16:07:53.2116131Z Worker ID: {6e3b7ce8-fc80-4e55-9561-b9870caf9863}
2026-09-11T16:07:53.2116958Z Azure Region: centralus
2026-09-11T16:07:53.2117571Z ##[endgroup]
2026-09-11T16:07:53.2120083Z ##[group]Operating System
2026-09-11T16:07:53.2120954Z Ubuntu
2026-09-11T16:07:53.2121543Z 24.04.5
2026-09-11T16:07:53.2122046Z LTS
2026-09-11T16:07:53.2122631Z ##[endgroup]
2026-09-11T16:07:53.2123198Z ##[group]Runner Image
2026-09-11T16:07:53.2123889Z Image: ubuntu-24.04-arm
2026-09-11T16:07:53.2124519Z Version: 20260907.118.1
2026-09-11T16:07:53.2126386Z Included Software: https://github.com/actions/runner-images/blob/ubuntu24-arm64/20260907.118/images/ubuntu/Ubuntu2404-Arm64-Readme.md
2026-09-11T16:07:53.2127991Z Image Release: https://github.com/actions/runner-images/releases/tag/ubuntu24-arm64%2F20260907.118
2026-09-11T16:07:53.2128992Z ##[endgroup]
2026-09-11T16:07:53.2130291Z ##[group]GITHUB_TOKEN Permissions
2026-09-11T16:07:53.2134154Z Contents: read
2026-09-11T16:07:53.2134776Z Metadata: read
2026-09-11T16:07:53.2135700Z ##[endgroup]
2026-09-11T16:07:53.2139318Z Secret source: Actions
2026-09-11T16:07:53.2140378Z Cache mode: write
2026-09-11T16:07:53.2141775Z Prepare workflow directory
2026-09-11T16:07:53.2567734Z Prepare all required actions
2026-09-11T16:07:53.2619681Z Getting action download info
2026-09-11T16:07:53.4937830Z Download action repository 'actions/checkout@v6' (SHA:d23441a48e516b6c34aea4fa41551a30e30af803)
2026-09-11T16:07:53.7074434Z Complete job name: linux-arm64
2026-09-11T16:07:53.7899100Z ##[group]Run actions/checkout@v6
2026-09-11T16:07:53.7900433Z with:
2026-09-11T16:07:53.7901181Z   repository: Matanek/Silex
2026-09-11T16:07:53.7904845Z   token: ***
2026-09-11T16:07:53.7905865Z   ssh-strict: true
2026-09-11T16:07:53.7906543Z   ssh-user: git
2026-09-11T16:07:53.7907120Z   persist-credentials: true
2026-09-11T16:07:53.7907802Z   clean: true
2026-09-11T16:07:53.7908404Z   sparse-checkout-cone-mode: true
2026-09-11T16:07:53.7909072Z   fetch-depth: 1
2026-09-11T16:07:53.7909733Z   fetch-tags: false
2026-09-11T16:07:53.7910341Z   show-progress: true
2026-09-11T16:07:53.7910943Z   lfs: false
2026-09-11T16:07:53.7911508Z   submodules: false
2026-09-11T16:07:53.7912138Z   set-safe-directory: true
2026-09-11T16:07:53.7912878Z   allow-unsafe-pr-checkout: false
2026-09-11T16:07:53.7914113Z ##[endgroup]
2026-09-11T16:07:53.8788533Z Syncing repository: Matanek/Silex
2026-09-11T16:07:53.8791386Z ##[group]Getting Git version info
2026-09-11T16:07:53.8792722Z Working directory is '/home/runner/work/Silex/Silex'
2026-09-11T16:07:53.8794356Z [command]/usr/bin/git version
2026-09-11T16:07:53.8816431Z git version 2.55.0
2026-09-11T16:07:53.8848156Z ##[endgroup]
2026-09-11T16:07:53.8855180Z Temporarily overriding HOME='/home/runner/work/_temp/8926408b-b2b0-4696-bb10-d80bea84dc1b' before making global git config changes
2026-09-11T16:07:53.8856875Z Adding repository directory to the temporary git global config as a safe directory
2026-09-11T16:07:53.8858084Z [command]/usr/bin/git config --global --add safe.directory /home/runner/work/Silex/Silex
2026-09-11T16:07:53.8886414Z Deleting the contents of '/home/runner/work/Silex/Silex'
2026-09-11T16:07:53.8906291Z ##[group]Determining repository object format
2026-09-11T16:07:53.8908223Z ##[endgroup]
2026-09-11T16:07:53.8909341Z ##[group]Initializing the repository
2026-09-11T16:07:53.8910204Z [command]/usr/bin/git init /home/runner/work/Silex/Silex
2026-09-11T16:07:53.8966069Z hint: Using 'master' as the name for the initial branch. This default branch name
2026-09-11T16:07:53.8967552Z hint: will change to "main" in Git 3.0. To configure the initial branch name
2026-09-11T16:07:53.8968600Z hint: to use in all of your new repositories, which will suppress this warning,
2026-09-11T16:07:53.8970007Z hint: call:
2026-09-11T16:07:53.8970570Z hint:
2026-09-11T16:07:53.8971297Z hint: 	git config --global init.defaultBranch <name>
2026-09-11T16:07:53.8972078Z hint:
2026-09-11T16:07:53.8972784Z hint: Names commonly chosen instead of 'master' are 'main', 'trunk' and
2026-09-11T16:07:53.8973972Z hint: 'development'. The just-created branch can be renamed via this command:
2026-09-11T16:07:53.8974822Z hint:
2026-09-11T16:07:53.8975838Z hint: 	git branch -m <name>
2026-09-11T16:07:53.8976451Z hint:
2026-09-11T16:07:53.8977209Z hint: Disable this message with "git config set advice.defaultBranchName false"
2026-09-11T16:07:53.8979322Z Initialized empty Git repository in /home/runner/work/Silex/Silex/.git/
2026-09-11T16:07:53.8996253Z [command]/usr/bin/git remote add origin https://github.com/Matanek/Silex
2026-09-11T16:07:53.9028282Z ##[endgroup]
2026-09-11T16:07:53.9029503Z ##[group]Disabling automatic garbage collection
2026-09-11T16:07:53.9031483Z [command]/usr/bin/git config --local gc.auto 0
2026-09-11T16:07:53.9060931Z ##[endgroup]
2026-09-11T16:07:53.9062309Z ##[group]Setting up auth
2026-09-11T16:07:53.9063215Z Removing SSH command configuration
2026-09-11T16:07:53.9066642Z [command]/usr/bin/git config --local --name-only --get-regexp core\.sshCommand
2026-09-11T16:07:53.9097010Z [command]/usr/bin/git submodule foreach --recursive sh -c "git config --local --name-only --get-regexp 'core\.sshCommand' && git config --local --unset-all 'core.sshCommand' || :"
2026-09-11T16:07:53.9361970Z Removing HTTP extra header
2026-09-11T16:07:53.9367794Z [command]/usr/bin/git config --local --name-only --get-regexp http\.https\:\/\/github\.com\/\.extraheader
2026-09-11T16:07:53.9397232Z [command]/usr/bin/git submodule foreach --recursive sh -c "git config --local --name-only --get-regexp 'http\.https\:\/\/github\.com\/\.extraheader' && git config --local --unset-all 'http.https://github.com/.extraheader' || :"
2026-09-11T16:07:53.9584075Z Removing includeIf entries pointing to credentials config files
2026-09-11T16:07:53.9590210Z [command]/usr/bin/git config --local --name-only --get-regexp ^includeIf\.gitdir:
2026-09-11T16:07:53.9622809Z [command]/usr/bin/git submodule foreach --recursive git config --local --show-origin --name-only --get-regexp remote.origin.url
2026-09-11T16:07:53.9829927Z [command]/usr/bin/git config --file /home/runner/work/_temp/git-credentials-2fd3afb9-ec4e-4910-bf8d-e8fbc20d87b3.config http.https://github.com/.extraheader AUTHORIZATION: basic ***
2026-09-11T16:07:53.9868678Z [command]/usr/bin/git config --local includeIf.gitdir:/home/runner/work/Silex/Silex/.git.path /home/runner/work/_temp/git-credentials-2fd3afb9-ec4e-4910-bf8d-e8fbc20d87b3.config
2026-09-11T16:07:53.9898338Z [command]/usr/bin/git config --local includeIf.gitdir:/home/runner/work/Silex/Silex/.git/worktrees/*.path /home/runner/work/_temp/git-credentials-2fd3afb9-ec4e-4910-bf8d-e8fbc20d87b3.config
2026-09-11T16:07:53.9928216Z [command]/usr/bin/git config --local includeIf.gitdir:/github/workspace/.git.path /github/runner_temp/git-credentials-2fd3afb9-ec4e-4910-bf8d-e8fbc20d87b3.config
2026-09-11T16:07:53.9958472Z [command]/usr/bin/git config --local includeIf.gitdir:/github/workspace/.git/worktrees/*.path /github/runner_temp/git-credentials-2fd3afb9-ec4e-4910-bf8d-e8fbc20d87b3.config
2026-09-11T16:07:53.9986393Z ##[endgroup]
2026-09-11T16:07:53.9987417Z ##[group]Fetching the repository
2026-09-11T16:07:53.9994715Z [command]/usr/bin/git -c protocol.version=2 fetch --no-tags --prune --no-recurse-submodules --depth=1 origin +41a99f13a6b0558e7c897cddeeb2ec1a94074661:refs/remotes/origin/spec-silex-optimization-parity-completion
2026-09-11T16:07:55.3371721Z From https://github.com/Matanek/Silex
2026-09-11T16:07:55.3374347Z  * [new ref]         41a99f13a6b0558e7c897cddeeb2ec1a94074661 -> origin/spec-silex-optimization-parity-completion
2026-09-11T16:07:55.3381396Z [command]/usr/bin/git branch --list --remote origin/spec-silex-optimization-parity-completion
2026-09-11T16:07:55.3411204Z   origin/spec-silex-optimization-parity-completion
2026-09-11T16:07:55.3418840Z [command]/usr/bin/git rev-parse refs/remotes/origin/spec-silex-optimization-parity-completion
2026-09-11T16:07:55.3439287Z 41a99f13a6b0558e7c897cddeeb2ec1a94074661
2026-09-11T16:07:55.3443235Z ##[endgroup]
2026-09-11T16:07:55.3445119Z ##[group]Determining the checkout info
2026-09-11T16:07:55.3446964Z ##[endgroup]
2026-09-11T16:07:55.3447982Z [command]/usr/bin/git sparse-checkout disable
2026-09-11T16:07:55.3482465Z [command]/usr/bin/git config --local --unset-all extensions.worktreeConfig
2026-09-11T16:07:55.3508654Z ##[group]Checking out the ref
2026-09-11T16:07:55.3512344Z [command]/usr/bin/git checkout --progress --force -B spec-silex-optimization-parity-completion refs/remotes/origin/spec-silex-optimization-parity-completion
2026-09-11T16:07:55.4620559Z Switched to a new branch 'spec-silex-optimization-parity-completion'
2026-09-11T16:07:55.4623701Z branch 'spec-silex-optimization-parity-completion' set up to track 'origin/spec-silex-optimization-parity-completion'.
2026-09-11T16:07:55.4630630Z ##[endgroup]
2026-09-11T16:07:55.4667392Z [command]/usr/bin/git log -1 --format=%H
2026-09-11T16:07:55.4689403Z 41a99f13a6b0558e7c897cddeeb2ec1a94074661
2026-09-11T16:07:55.4932932Z ##[group]Run set -euo pipefail
2026-09-11T16:07:55.4934277Z [36;1mset -euo pipefail[0m
2026-09-11T16:07:55.4935500Z [36;1mcase "$(uname -m)" in[0m
2026-09-11T16:07:55.4936685Z [36;1m  aarch64|arm64) ;;[0m
2026-09-11T16:07:55.4938031Z [36;1m  *) echo "expected a native ARM64 runner, got $(uname -m)" >&2; exit 1 ;;[0m
2026-09-11T16:07:55.4939526Z [36;1mesac[0m
2026-09-11T16:07:55.5029785Z shell: /usr/bin/bash --noprofile --norc -e -o pipefail {0}
2026-09-11T16:07:55.5031322Z ##[endgroup]
2026-09-11T16:07:55.5224063Z ##[group]Run set -euo pipefail
2026-09-11T16:07:55.5225562Z [36;1mset -euo pipefail[0m
2026-09-11T16:07:55.5226575Z [36;1marchive="$RUNNER_TEMP/zig.tar.xz"[0m
2026-09-11T16:07:55.5228223Z [36;1mcurl -fL https://ziglang.org/download/0.16.0/zig-aarch64-linux-0.16.0.tar.xz -o "$archive"[0m
2026-09-11T16:07:55.5230807Z [36;1mecho "ea4b09bfb22ec6f6c6ceac57ab63efb6b46e17ab08d21f69f3a48b38e1534f17  $archive" | sha256sum -c -[0m
2026-09-11T16:07:55.5232629Z [36;1mtar -xJf "$archive" -C "$RUNNER_TEMP"[0m
2026-09-11T16:07:55.5234493Z [36;1mecho "$RUNNER_TEMP/zig-aarch64-linux-0.16.0" >> "$GITHUB_PATH"[0m
2026-09-11T16:07:55.5284007Z shell: /usr/bin/bash --noprofile --norc -e -o pipefail {0}
2026-09-11T16:07:55.5285682Z ##[endgroup]
2026-09-11T16:07:55.5409573Z   % Total    % Received % Xferd  Average Speed   Time    Time     Time  Current
2026-09-11T16:07:55.5411216Z                                  Dload  Upload   Total   Spent    Left  Speed
2026-09-11T16:07:55.5412093Z 
2026-09-11T16:07:56.1126541Z   0     0    0     0    0     0      0      0 --:--:-- --:--:-- --:--:--     0
2026-09-11T16:07:57.0609443Z   0     0    0     0    0     0      0      0 --:--:-- --:--:-- --:--:--     0
2026-09-11T16:07:58.0130849Z   1 48.8M    1  671k    0     0   441k      0  0:01:53  0:00:01  0:01:52  441k
2026-09-11T16:07:59.0025663Z  16 48.8M   16 8047k    0     0  3255k      0  0:00:15  0:00:02  0:00:13 3254k
2026-09-11T16:07:59.9107675Z  57 48.8M   57 28.2M    0     0  8342k      0  0:00:05  0:00:03  0:00:02 8341k
2026-09-11T16:07:59.9445092Z 100 48.8M  100 48.8M    0     0  11.1M      0  0:00:04  0:00:04 --:--:-- 11.1M
2026-09-11T16:07:59.9445736Z /home/runner/work/_temp/zig.tar.xz: OK
2026-09-11T16:08:02.6321800Z ##[group]Run set -euo pipefail
2026-09-11T16:08:02.6322342Z [36;1mset -euo pipefail[0m
2026-09-11T16:08:02.6322775Z [36;1mexport HOME="$RUNNER_TEMP/home"[0m
2026-09-11T16:08:02.6323141Z [36;1mmkdir -p "$HOME"[0m
2026-09-11T16:08:02.6323474Z [36;1m[0m
2026-09-11T16:08:02.6323865Z [36;1mboundary="$GITHUB_WORKSPACE/Tests/Target/linux-arm64/LinuxArm64Boundary"[0m
2026-09-11T16:08:02.6324369Z [36;1mmkdir -p "$boundary/Boundary/linux-arm64"[0m
2026-09-11T16:08:02.6325056Z [36;1mzig cc -target aarch64-linux-gnu -O2 -c "$boundary/provider.c" \[0m
2026-09-11T16:08:02.6326027Z [36;1m  -o "$boundary/Boundary/linux-arm64/provider.o"[0m
2026-09-11T16:08:02.6326498Z [36;1mzig ar rcs "$boundary/Boundary/linux-arm64/libProvider.a" \[0m
2026-09-11T16:08:02.6327042Z [36;1m  "$boundary/Boundary/linux-arm64/provider.o"[0m
2026-09-11T16:08:02.6327393Z [36;1m[0m
2026-09-11T16:08:02.6327774Z [36;1mzig build -Doptimize=ReleaseFast -Dcpu=baseline \[0m
2026-09-11T16:08:02.6328270Z [36;1m  --prefix "$RUNNER_TEMP/silex-prefix" \[0m
2026-09-11T16:08:02.6328706Z [36;1m  --build-file Toolchain/build.zig[0m
2026-09-11T16:08:02.6329028Z [36;1m[0m
2026-09-11T16:08:02.6329313Z [36;1msilex="$RUNNER_TEMP/silex-prefix/bin/silex"[0m
2026-09-11T16:08:02.6329736Z [36;1m"$silex" setup[0m
2026-09-11T16:08:02.6330116Z [36;1mmanaged_zig="$HOME/.silex/toolchain/zig/0.16.0/linux-arm64/zig"[0m
2026-09-11T16:08:02.6330588Z [36;1mtest -x "$managed_zig"[0m
2026-09-11T16:08:02.6331003Z [36;1mfile "$managed_zig" | grep -E 'ELF 64-bit.*(ARM aarch64|ARM64)'[0m
2026-09-11T16:08:02.6331423Z [36;1m[0m
2026-09-11T16:08:02.6331852Z [36;1msource="$GITHUB_WORKSPACE/Tests/Native/NativePortability.sx"[0m
2026-09-11T16:08:02.6332398Z [36;1m"$silex" interpret "$source" > "$RUNNER_TEMP/interpreted.txt"[0m
2026-09-11T16:08:02.6332976Z [36;1m"$silex" compile "$source" --debug -o "$RUNNER_TEMP/native-debug"[0m
2026-09-11T16:08:02.6333498Z [36;1m"$RUNNER_TEMP/native-debug" > "$RUNNER_TEMP/debug.txt"[0m
2026-09-11T16:08:02.6333972Z [36;1mcmp "$RUNNER_TEMP/interpreted.txt" "$RUNNER_TEMP/debug.txt"[0m
2026-09-11T16:08:02.6334645Z [36;1m"$silex" compile "$source" --release -o "$RUNNER_TEMP/native-release"[0m
2026-09-11T16:08:02.6335434Z [36;1m"$RUNNER_TEMP/native-release" > "$RUNNER_TEMP/release.txt"[0m
2026-09-11T16:08:02.6335990Z [36;1mcmp "$RUNNER_TEMP/interpreted.txt" "$RUNNER_TEMP/release.txt"[0m
2026-09-11T16:08:02.6336552Z [36;1mfile "$RUNNER_TEMP/native-release" | grep -E 'ELF 64-bit.*(ARM aarch64|ARM64)'[0m
2026-09-11T16:08:02.6337139Z [36;1mreadelf -h "$RUNNER_TEMP/native-release" | grep -E 'Machine:.*AArch64'[0m
2026-09-11T16:08:02.6337670Z [36;1m[0m
2026-09-11T16:08:02.6338043Z [36;1m"$silex" run "$GITHUB_WORKSPACE/Tests/Native/DistributionSmoke.sx" --debug[0m
2026-09-11T16:08:02.6338496Z [36;1m"$silex" test "$source"[0m
2026-09-11T16:08:02.6338839Z [36;1m[0m
2026-09-11T16:08:02.6339228Z [36;1m"$managed_zig" cc -target aarch64-linux-gnu -O2 -c "$boundary/provider.c" \[0m
2026-09-11T16:08:02.6339817Z [36;1m  -o "$boundary/Boundary/linux-arm64/provider.o"[0m
2026-09-11T16:08:02.6340308Z [36;1m"$managed_zig" ar rcs "$boundary/Boundary/linux-arm64/libProvider.a" \[0m
2026-09-11T16:08:02.6340774Z [36;1m  "$boundary/Boundary/linux-arm64/provider.o"[0m
2026-09-11T16:08:02.6341228Z [36;1m"$silex" test "$boundary/Tests/Boundary.sx"[0m
2026-09-11T16:08:02.6341657Z [36;1m"$silex" compile "$boundary/Tests/Boundary.sx" --release \[0m
2026-09-11T16:08:02.6342125Z [36;1m  -o "$RUNNER_TEMP/boundary"[0m
2026-09-11T16:08:02.6342556Z [36;1mtest "$("$RUNNER_TEMP/boundary")" = "linux arm64 boundary ready"[0m
2026-09-11T16:08:02.6342980Z [36;1m[0m
2026-09-11T16:08:02.6343468Z [36;1m# Compile the exact standalone witness without the optimizer package's STD graph.[0m
2026-09-11T16:08:02.6344015Z [36;1mscalar_root="$RUNNER_TEMP/scalar-float-fixture"[0m
2026-09-11T16:08:02.6344467Z [36;1mmkdir -p "$scalar_root"[0m
2026-09-11T16:08:02.6345330Z [36;1mprintf '%s\n' '{"sources":"."}' > "$scalar_root/Package.json"[0m
2026-09-11T16:08:02.6345863Z [36;1mscalar_fixture="$scalar_root/ScalarFloatResidence.sx"[0m
2026-09-11T16:08:02.6346612Z [36;1mcp "$GITHUB_WORKSPACE/Toolchain/Benchmarks/Optimizer/Regressions/ScalarFloatResidence.sx" "$scalar_fixture"[0m
2026-09-11T16:08:02.6347253Z [36;1mfor mode in debug release; do[0m
2026-09-11T16:08:02.6347674Z [36;1m  "$silex" compile "$scalar_fixture" "--$mode" --nocache \[0m
2026-09-11T16:08:02.6348141Z [36;1m    -o "$RUNNER_TEMP/scalar-float-residence-$mode"[0m
2026-09-11T16:08:02.6348613Z [36;1m  scalar_output=$("$RUNNER_TEMP/scalar-float-residence-$mode")[0m
2026-09-11T16:08:02.6349305Z [36;1m  test "$(printf '%s\n' "$scalar_output" | wc -l)" -eq 9[0m
2026-09-11T16:08:02.6349809Z [36;1m  test "$(printf '%s\n' "$scalar_output" | grep -c '^true$')" -eq 9[0m
2026-09-11T16:08:02.6350269Z [36;1mdone[0m
2026-09-11T16:08:02.6393058Z shell: /usr/bin/bash --noprofile --norc -e -o pipefail {0}
2026-09-11T16:08:02.6393643Z ##[endgroup]
2026-09-11T16:13:14.9695334Z silex: installed Shadercross for linux-arm64
2026-09-11T16:13:23.2245317Z silex: installed Native linker for linux-arm64
2026-09-11T16:13:23.2344042Z /home/runner/work/_temp/home/.silex/toolchain/zig/0.16.0/linux-arm64/zig: ELF 64-bit LSB executable, ARM aarch64, version 1 (SYSV), statically linked, stripped
2026-09-11T16:13:23.4039399Z /home/runner/work/_temp/native-release: ELF 64-bit LSB executable, ARM aarch64, version 1 (SYSV), statically linked, no section header
2026-09-11T16:13:23.4072428Z   Machine:                           AArch64
2026-09-11T16:13:23.4448006Z silex distribution ready
2026-09-11T16:13:36.6131492Z ok - execute direct indirect and dynamic calls beyond native registers
2026-09-11T16:13:36.6308442Z ok - preserve paired float32 arithmetic on native
2026-09-11T16:13:36.6492371Z ok - mutate a class-owned native list without changing its snapshot
2026-09-11T16:13:36.6673977Z ok - replace class elements in a class-owned native list
2026-09-11T16:13:36.6859426Z ok - preserve embedded byte contents on native
2026-09-11T16:13:36.7046682Z ok - format native floats through the standalone runtime
2026-09-11T16:13:36.7244074Z ok - convert native float precision in both directions
2026-09-11T16:13:36.7446859Z ok - replace and preserve an aliased native list
2026-09-11T16:13:36.7650608Z ok - swap and reverse a native list
2026-09-11T16:13:36.7867842Z ok - grow a native list at every position
2026-09-11T16:13:36.8076641Z ok - remove native list elements from every position
2026-09-11T16:13:36.8286776Z ok - slice view mutate and clear native lists
2026-09-11T16:13:36.8511147Z ok - mutable aggregate view detaches shared native list
2026-09-11T16:13:36.8736224Z copy state drop
2026-09-11T16:13:36.8736787Z copy state drop
2026-09-11T16:13:36.8737460Z ok - deep-copy repeated native class roots without collections
2026-09-11T16:13:36.8961379Z native cycle drop
2026-09-11T16:13:36.8962034Z native cycle drop
2026-09-11T16:13:36.8962304Z ok - finalize a direct native class cycle
2026-09-11T16:13:36.9199864Z native cycle drop
2026-09-11T16:13:36.9200199Z native cycle drop
2026-09-11T16:13:36.9200464Z ok - finalize a native class cycle through lists
2026-09-11T16:13:36.9447370Z native cycle drop
2026-09-11T16:13:36.9447725Z native cycle drop
2026-09-11T16:13:36.9448265Z ok - finalize a native class cycle through protocols
2026-09-11T16:13:36.9706064Z ok - execute the complete native collection mutation slice
2026-09-11T16:13:36.9953536Z copy state drop
2026-09-11T16:13:36.9953865Z copy state drop
2026-09-11T16:13:36.9954159Z ok - execute native ownership and deep-copy runtime
2026-09-11T16:13:37.0217508Z ok - preserve resource aggregates across native list growth
2026-09-11T16:13:37.0481386Z ok - serialize native mutations with mutex
2026-09-11T16:13:37.0754452Z native cycle drop
2026-09-11T16:13:37.0754830Z native cycle drop
2026-09-11T16:13:37.0762780Z native cycle drop
2026-09-11T16:13:37.0763211Z native cycle drop
2026-09-11T16:13:37.0763558Z native cycle drop
2026-09-11T16:13:37.0764225Z native cycle drop
2026-09-11T16:13:37.0764676Z ok - finalize native cycles across direct collection and protocol edges
2026-09-11T16:13:37.0817191Z 22 passed; 0 failed
2026-09-11T16:13:37.1430001Z ok - call a Linux ARM64 Boundary through AAPCS64
2026-09-11T16:13:37.1430429Z 1 passed; 0 failed
2026-09-11T16:13:37.2283363Z Post job cleanup.
2026-09-11T16:13:37.2999805Z [command]/usr/bin/git version
2026-09-11T16:13:37.3035553Z git version 2.55.0
2026-09-11T16:13:37.3091809Z Temporarily overriding HOME='/home/runner/work/_temp/ee3bb302-7646-4a04-b992-afa7d6caed9e' before making global git config changes
2026-09-11T16:13:37.3093374Z Adding repository directory to the temporary git global config as a safe directory
2026-09-11T16:13:37.3097774Z [command]/usr/bin/git config --global --add safe.directory /home/runner/work/Silex/Silex
2026-09-11T16:13:37.3132702Z Removing SSH command configuration
2026-09-11T16:13:37.3139964Z [command]/usr/bin/git config --local --name-only --get-regexp core\.sshCommand
2026-09-11T16:13:37.3175631Z [command]/usr/bin/git submodule foreach --recursive sh -c "git config --local --name-only --get-regexp 'core\.sshCommand' && git config --local --unset-all 'core.sshCommand' || :"
2026-09-11T16:13:37.3373193Z Removing HTTP extra header
2026-09-11T16:13:37.3384226Z [command]/usr/bin/git config --local --name-only --get-regexp http\.https\:\/\/github\.com\/\.extraheader
2026-09-11T16:13:37.3441861Z [command]/usr/bin/git submodule foreach --recursive sh -c "git config --local --name-only --get-regexp 'http\.https\:\/\/github\.com\/\.extraheader' && git config --local --unset-all 'http.https://github.com/.extraheader' || :"
2026-09-11T16:13:37.3642163Z Removing includeIf entries pointing to credentials config files
2026-09-11T16:13:37.3651036Z [command]/usr/bin/git config --local --name-only --get-regexp ^includeIf\.gitdir:
2026-09-11T16:13:37.3672276Z includeif.gitdir:/home/runner/work/Silex/Silex/.git.path
2026-09-11T16:13:37.3672966Z includeif.gitdir:/home/runner/work/Silex/Silex/.git/worktrees/*.path
2026-09-11T16:13:37.3673377Z includeif.gitdir:/github/workspace/.git.path
2026-09-11T16:13:37.3674097Z includeif.gitdir:/github/workspace/.git/worktrees/*.path
2026-09-11T16:13:37.3680850Z [command]/usr/bin/git config --local --get-all includeif.gitdir:/home/runner/work/Silex/Silex/.git.path
2026-09-11T16:13:37.3703564Z /home/runner/work/_temp/git-credentials-2fd3afb9-ec4e-4910-bf8d-e8fbc20d87b3.config
2026-09-11T16:13:37.3714813Z [command]/usr/bin/git config --local --unset includeif.gitdir:/home/runner/work/Silex/Silex/.git.path /home/runner/work/_temp/git-credentials-2fd3afb9-ec4e-4910-bf8d-e8fbc20d87b3.config
2026-09-11T16:13:37.3748488Z [command]/usr/bin/git config --local --get-all includeif.gitdir:/home/runner/work/Silex/Silex/.git/worktrees/*.path
2026-09-11T16:13:37.3773247Z /home/runner/work/_temp/git-credentials-2fd3afb9-ec4e-4910-bf8d-e8fbc20d87b3.config
2026-09-11T16:13:37.3779655Z [command]/usr/bin/git config --local --unset includeif.gitdir:/home/runner/work/Silex/Silex/.git/worktrees/*.path /home/runner/work/_temp/git-credentials-2fd3afb9-ec4e-4910-bf8d-e8fbc20d87b3.config
2026-09-11T16:13:37.3812453Z [command]/usr/bin/git config --local --get-all includeif.gitdir:/github/workspace/.git.path
2026-09-11T16:13:37.3834728Z /github/runner_temp/git-credentials-2fd3afb9-ec4e-4910-bf8d-e8fbc20d87b3.config
2026-09-11T16:13:37.3841318Z [command]/usr/bin/git config --local --unset includeif.gitdir:/github/workspace/.git.path /github/runner_temp/git-credentials-2fd3afb9-ec4e-4910-bf8d-e8fbc20d87b3.config
2026-09-11T16:13:37.3872819Z [command]/usr/bin/git config --local --get-all includeif.gitdir:/github/workspace/.git/worktrees/*.path
2026-09-11T16:13:37.3894967Z /github/runner_temp/git-credentials-2fd3afb9-ec4e-4910-bf8d-e8fbc20d87b3.config
2026-09-11T16:13:37.3902711Z [command]/usr/bin/git config --local --unset includeif.gitdir:/github/workspace/.git/worktrees/*.path /github/runner_temp/git-credentials-2fd3afb9-ec4e-4910-bf8d-e8fbc20d87b3.config
2026-09-11T16:13:37.3936722Z [command]/usr/bin/git submodule foreach --recursive git config --local --show-origin --name-only --get-regexp remote.origin.url
2026-09-11T16:13:37.4144180Z Removing credentials config '/home/runner/work/_temp/git-credentials-2fd3afb9-ec4e-4910-bf8d-e8fbc20d87b3.config'
2026-09-11T16:13:37.4300183Z Cleaning up orphan processes

