install
+- run test 176 pass, 1 fail (177 total)
error: 'Lsp.CompletionContract.test.canonical completion sources pass their declared frontend boundary' failed:
       workspace completion fixture is not semantically valid: expected use, enum, struct, class, intrinsic class, nocopy class, protocol, function, or test declaration
       completion workspace source 'topology-platform-fragment' failed its fixture
failed command: cd .specs/Silex-Optimization-Parity-Completion/Worktree/Silex/Toolchain && ./.zig-cache/o/36dd224aa30aeba9e75c0b18dc002c61/test --cache-dir=./.zig-cache --seed=0xaac7627c --listen=-

Build Summary: 28/30 steps succeeded (1 failed); 176/177 tests passed (1 failed)
install transitive failure
+- install silex success
|  +- compile exe silex ReleaseFast native success 8m MaxRSS:1G
|     +- options cached
|     +- WriteFile silex-float-runtime.macho success
|     |  +- compile exe silex-float-runtime ReleaseSmall aarch64-macos success 1s MaxRSS:105M
|     +- WriteFile silex-float-runtime-linux-arm64.elf success
|     |  +- compile exe silex-float-runtime-linux-arm64 ReleaseSmall aarch64-linux success 2s MaxRSS:94M
|     +- WriteFile silex-float-runtime-x64.elf success
|     |  +- compile exe silex-float-runtime-x64 ReleaseSmall x86_64-linux success 2s MaxRSS:93M
|     +- WriteFile silex-float-runtime-macos-x64.macho success
|     |  +- compile exe silex-float-runtime-macos-x64 ReleaseSmall x86_64-macos success 1s MaxRSS:104M
|     +- WriteFile silex-deep-copy-runtime.macho success
|     |  +- compile exe silex-deep-copy-runtime ReleaseSmall aarch64-macos success 1s MaxRSS:104M
|     +- WriteFile silex-deep-copy-runtime-linux-arm64.elf success
|     |  +- compile exe silex-deep-copy-runtime-linux-arm64 ReleaseSmall aarch64-linux success 2s MaxRSS:93M
|     +- WriteFile silex-deep-copy-runtime-x64.elf success
|     |  +- compile exe silex-deep-copy-runtime-x64 ReleaseSmall x86_64-linux success 2s MaxRSS:92M
|     +- WriteFile silex-deep-copy-runtime-macos-x64.macho success
|     |  +- compile exe silex-deep-copy-runtime-macos-x64 ReleaseSmall x86_64-macos success 1s MaxRSS:102M
|     +- WriteFile silex-cycle-runtime.macho success
|     |  +- compile exe silex-cycle-runtime ReleaseSmall aarch64-macos success 1s MaxRSS:104M
|     +- WriteFile silex-cycle-runtime-linux-arm64.elf success
|     |  +- compile exe silex-cycle-runtime-linux-arm64 ReleaseSmall aarch64-linux success 2s MaxRSS:93M
|     +- WriteFile silex-cycle-runtime-x64.elf success
|     |  +- compile exe silex-cycle-runtime-x64 ReleaseSmall x86_64-linux success 2s MaxRSS:92M
|     +- WriteFile silex-cycle-runtime-macos-x64.macho success
|        +- compile exe silex-cycle-runtime-macos-x64 ReleaseSmall x86_64-macos success 1s MaxRSS:103M
+- run test 176 pass, 1 fail (177 total)
   +- compile test ReleaseFast native success 3m MaxRSS:610M
      +- options (reused)

error: the following build command failed with exit code 1:
.specs/Silex-Optimization-Parity-Completion/Worktree/Silex/Toolchain/.zig-cache/o/dac036f66fc3a371194ce2964b6d6f58/build /opt/homebrew/Cellar/zig/0.16.0_1/bin/zig /opt/homebrew/Cellar/zig/0.16.0_1/lib/zig .specs/Silex-Optimization-Parity-Completion/Worktree/Silex/Toolchain .specs/Silex-Optimization-Parity-Completion/Worktree/Silex/Toolchain/.zig-cache /Users/nekmata/.cache/zig --seed 0xaac7627c -Z6a580cb5b20b5d76 --prefix /private/tmp/silex-part03-evidence/admission-reproduction --summary all
