2026-09-11T20:54:30.8992869Z Current runner version: '2.337.0'
2026-09-11T20:54:30.9018923Z ##[group]Runner Image Provisioner
2026-09-11T20:54:30.9019837Z Hosted Compute Agent
2026-09-11T20:54:30.9020588Z Version: 20260828.587
2026-09-11T20:54:30.9021294Z Commit: abac92662cab4cc7352de4f9f9d2e2419aad9c29
2026-09-11T20:54:30.9022124Z Build Date: 2026-08-28T16:44:25Z
2026-09-11T20:54:30.9022892Z Worker ID: {3d2a8588-a356-4178-916d-e2d2ed19e3a1}
2026-09-11T20:54:30.9023638Z Azure Region: northcentralus
2026-09-11T20:54:30.9024292Z ##[endgroup]
2026-09-11T20:54:30.9026324Z ##[group]Operating System
2026-09-11T20:54:30.9026977Z Ubuntu
2026-09-11T20:54:30.9027682Z 24.04.5
2026-09-11T20:54:30.9028200Z LTS
2026-09-11T20:54:30.9028772Z ##[endgroup]
2026-09-11T20:54:30.9029366Z ##[group]Runner Image
2026-09-11T20:54:30.9029980Z Image: ubuntu-24.04-arm
2026-09-11T20:54:30.9030627Z Version: 20260907.118.1
2026-09-11T20:54:30.9031956Z Included Software: https://github.com/actions/runner-images/blob/ubuntu24-arm64/20260907.118/images/ubuntu/Ubuntu2404-Arm64-Readme.md
2026-09-11T20:54:30.9033667Z Image Release: https://github.com/actions/runner-images/releases/tag/ubuntu24-arm64%2F20260907.118
2026-09-11T20:54:30.9034838Z ##[endgroup]
2026-09-11T20:54:30.9036068Z ##[group]GITHUB_TOKEN Permissions
2026-09-11T20:54:30.9038760Z Contents: read
2026-09-11T20:54:30.9039505Z Metadata: read
2026-09-11T20:54:30.9040063Z ##[endgroup]
2026-09-11T20:54:30.9042538Z Secret source: Actions
2026-09-11T20:54:30.9043563Z Cache mode: write
2026-09-11T20:54:30.9044986Z Prepare workflow directory
2026-09-11T20:54:30.9400270Z Prepare all required actions
2026-09-11T20:54:30.9447521Z Getting action download info
2026-09-11T20:54:31.1842256Z Download action repository 'actions/checkout@v6' (SHA:d23441a48e516b6c34aea4fa41551a30e30af803)
2026-09-11T20:54:31.8458181Z Complete job name: linux-arm64
2026-09-11T20:54:31.9340604Z ##[group]Run actions/checkout@v6
2026-09-11T20:54:31.9342111Z with:
2026-09-11T20:54:31.9342791Z   repository: Matanek/Silex
2026-09-11T20:54:31.9347302Z   token: ***
2026-09-11T20:54:31.9348013Z   ssh-strict: true
2026-09-11T20:54:31.9348802Z   ssh-user: git
2026-09-11T20:54:31.9349473Z   persist-credentials: true
2026-09-11T20:54:31.9350283Z   clean: true
2026-09-11T20:54:31.9351103Z   sparse-checkout-cone-mode: true
2026-09-11T20:54:31.9351866Z   fetch-depth: 1
2026-09-11T20:54:31.9352614Z   fetch-tags: false
2026-09-11T20:54:31.9353363Z   show-progress: true
2026-09-11T20:54:31.9354020Z   lfs: false
2026-09-11T20:54:31.9355075Z   submodules: false
2026-09-11T20:54:31.9355766Z   set-safe-directory: true
2026-09-11T20:54:31.9356624Z   allow-unsafe-pr-checkout: false
2026-09-11T20:54:31.9358021Z ##[endgroup]
2026-09-11T20:54:32.0249510Z Syncing repository: Matanek/Silex
2026-09-11T20:54:32.0251973Z ##[group]Getting Git version info
2026-09-11T20:54:32.0253318Z Working directory is '/home/runner/work/Silex/Silex'
2026-09-11T20:54:32.0255245Z [command]/usr/bin/git version
2026-09-11T20:54:32.1741115Z git version 2.55.0
2026-09-11T20:54:32.1762071Z ##[endgroup]
2026-09-11T20:54:32.1776238Z Temporarily overriding HOME='/home/runner/work/_temp/c143f02c-5d05-485d-9d1c-a451dcc54c7f' before making global git config changes
2026-09-11T20:54:32.1778155Z Adding repository directory to the temporary git global config as a safe directory
2026-09-11T20:54:32.1781038Z [command]/usr/bin/git config --global --add safe.directory /home/runner/work/Silex/Silex
2026-09-11T20:54:32.1814332Z Deleting the contents of '/home/runner/work/Silex/Silex'
2026-09-11T20:54:32.1819074Z ##[group]Determining repository object format
2026-09-11T20:54:32.1820991Z ##[endgroup]
2026-09-11T20:54:32.1822321Z ##[group]Initializing the repository
2026-09-11T20:54:32.1825477Z [command]/usr/bin/git init /home/runner/work/Silex/Silex
2026-09-11T20:54:32.2405300Z hint: Using 'master' as the name for the initial branch. This default branch name
2026-09-11T20:54:32.2406738Z hint: will change to "main" in Git 3.0. To configure the initial branch name
2026-09-11T20:54:32.2407998Z hint: to use in all of your new repositories, which will suppress this warning,
2026-09-11T20:54:32.2409584Z hint: call:
2026-09-11T20:54:32.2410302Z hint:
2026-09-11T20:54:32.2411131Z hint: 	git config --global init.defaultBranch <name>
2026-09-11T20:54:32.2411961Z hint:
2026-09-11T20:54:32.2412776Z hint: Names commonly chosen instead of 'master' are 'main', 'trunk' and
2026-09-11T20:54:32.2414097Z hint: 'development'. The just-created branch can be renamed via this command:
2026-09-11T20:54:32.2415486Z hint:
2026-09-11T20:54:32.2416126Z hint: 	git branch -m <name>
2026-09-11T20:54:32.2416975Z hint:
2026-09-11T20:54:32.2417856Z hint: Disable this message with "git config set advice.defaultBranchName false"
2026-09-11T20:54:32.2419245Z Initialized empty Git repository in /home/runner/work/Silex/Silex/.git/
2026-09-11T20:54:32.2421594Z [command]/usr/bin/git remote add origin https://github.com/Matanek/Silex
2026-09-11T20:54:32.2555110Z ##[endgroup]
2026-09-11T20:54:32.2556578Z ##[group]Disabling automatic garbage collection
2026-09-11T20:54:32.2557816Z [command]/usr/bin/git config --local gc.auto 0
2026-09-11T20:54:32.2587174Z ##[endgroup]
2026-09-11T20:54:32.2588495Z ##[group]Setting up auth
2026-09-11T20:54:32.2589422Z Removing SSH command configuration
2026-09-11T20:54:32.2593390Z [command]/usr/bin/git config --local --name-only --get-regexp core\.sshCommand
2026-09-11T20:54:32.2623479Z [command]/usr/bin/git submodule foreach --recursive sh -c "git config --local --name-only --get-regexp 'core\.sshCommand' && git config --local --unset-all 'core.sshCommand' || :"
2026-09-11T20:54:32.4817775Z Removing HTTP extra header
2026-09-11T20:54:32.4822942Z [command]/usr/bin/git config --local --name-only --get-regexp http\.https\:\/\/github\.com\/\.extraheader
2026-09-11T20:54:32.4851627Z [command]/usr/bin/git submodule foreach --recursive sh -c "git config --local --name-only --get-regexp 'http\.https\:\/\/github\.com\/\.extraheader' && git config --local --unset-all 'http.https://github.com/.extraheader' || :"
2026-09-11T20:54:32.5035402Z Removing includeIf entries pointing to credentials config files
2026-09-11T20:54:32.5036896Z [command]/usr/bin/git config --local --name-only --get-regexp ^includeIf\.gitdir:
2026-09-11T20:54:32.5065204Z [command]/usr/bin/git submodule foreach --recursive git config --local --show-origin --name-only --get-regexp remote.origin.url
2026-09-11T20:54:32.5244931Z [command]/usr/bin/git config --file /home/runner/work/_temp/git-credentials-270301f6-109e-44a2-a944-fd6ccb1477b6.config http.https://github.com/.extraheader AUTHORIZATION: basic ***
2026-09-11T20:54:32.5280130Z [command]/usr/bin/git config --local includeIf.gitdir:/home/runner/work/Silex/Silex/.git.path /home/runner/work/_temp/git-credentials-270301f6-109e-44a2-a944-fd6ccb1477b6.config
2026-09-11T20:54:32.5304652Z [command]/usr/bin/git config --local includeIf.gitdir:/home/runner/work/Silex/Silex/.git/worktrees/*.path /home/runner/work/_temp/git-credentials-270301f6-109e-44a2-a944-fd6ccb1477b6.config
2026-09-11T20:54:32.5331987Z [command]/usr/bin/git config --local includeIf.gitdir:/github/workspace/.git.path /github/runner_temp/git-credentials-270301f6-109e-44a2-a944-fd6ccb1477b6.config
2026-09-11T20:54:32.5358270Z [command]/usr/bin/git config --local includeIf.gitdir:/github/workspace/.git/worktrees/*.path /github/runner_temp/git-credentials-270301f6-109e-44a2-a944-fd6ccb1477b6.config
2026-09-11T20:54:32.5383485Z ##[endgroup]
2026-09-11T20:54:32.5385015Z ##[group]Fetching the repository
2026-09-11T20:54:32.5392113Z [command]/usr/bin/git -c protocol.version=2 fetch --no-tags --prune --no-recurse-submodules --depth=1 origin +5ff94ab7471b4d2c2b1d3c7cbdb03b6572bbceae:refs/remotes/origin/spec-silex-optimization-parity-completion
2026-09-11T20:54:33.7602792Z From https://github.com/Matanek/Silex
2026-09-11T20:54:33.7604769Z  * [new ref]         5ff94ab7471b4d2c2b1d3c7cbdb03b6572bbceae -> origin/spec-silex-optimization-parity-completion
2026-09-11T20:54:33.7614289Z [command]/usr/bin/git branch --list --remote origin/spec-silex-optimization-parity-completion
2026-09-11T20:54:33.7645195Z   origin/spec-silex-optimization-parity-completion
2026-09-11T20:54:33.7653594Z [command]/usr/bin/git rev-parse refs/remotes/origin/spec-silex-optimization-parity-completion
2026-09-11T20:54:33.7677370Z 5ff94ab7471b4d2c2b1d3c7cbdb03b6572bbceae
2026-09-11T20:54:33.7679730Z ##[endgroup]
2026-09-11T20:54:33.7680438Z ##[group]Determining the checkout info
2026-09-11T20:54:33.7681220Z ##[endgroup]
2026-09-11T20:54:33.7685535Z [command]/usr/bin/git sparse-checkout disable
2026-09-11T20:54:33.7786333Z [command]/usr/bin/git config --local --unset-all extensions.worktreeConfig
2026-09-11T20:54:33.7811797Z ##[group]Checking out the ref
2026-09-11T20:54:33.7816100Z [command]/usr/bin/git checkout --progress --force -B spec-silex-optimization-parity-completion refs/remotes/origin/spec-silex-optimization-parity-completion
2026-09-11T20:54:33.8967738Z Switched to a new branch 'spec-silex-optimization-parity-completion'
2026-09-11T20:54:33.8969462Z branch 'spec-silex-optimization-parity-completion' set up to track 'origin/spec-silex-optimization-parity-completion'.
2026-09-11T20:54:33.8978541Z ##[endgroup]
2026-09-11T20:54:33.9071795Z [command]/usr/bin/git log -1 --format=%H
2026-09-11T20:54:33.9093825Z 5ff94ab7471b4d2c2b1d3c7cbdb03b6572bbceae
2026-09-11T20:54:33.9309776Z ##[group]Run set -euo pipefail
2026-09-11T20:54:33.9310473Z [36;1mset -euo pipefail[0m
2026-09-11T20:54:33.9310897Z [36;1mcase "$(uname -m)" in[0m
2026-09-11T20:54:33.9311396Z [36;1m  aarch64|arm64) ;;[0m
2026-09-11T20:54:33.9311901Z [36;1m  *) echo "expected a native ARM64 runner, got $(uname -m)" >&2; exit 1 ;;[0m
2026-09-11T20:54:33.9312461Z [36;1mesac[0m
2026-09-11T20:54:33.9578342Z shell: /usr/bin/bash --noprofile --norc -e -o pipefail {0}
2026-09-11T20:54:33.9579116Z ##[endgroup]
2026-09-11T20:54:33.9730934Z ##[group]Run set -euo pipefail
2026-09-11T20:54:33.9731511Z [36;1mset -euo pipefail[0m
2026-09-11T20:54:33.9731956Z [36;1marchive="$RUNNER_TEMP/zig.tar.xz"[0m
2026-09-11T20:54:33.9732803Z [36;1mcurl -fL https://ziglang.org/download/0.16.0/zig-aarch64-linux-0.16.0.tar.xz -o "$archive"[0m
2026-09-11T20:54:33.9733815Z [36;1mecho "ea4b09bfb22ec6f6c6ceac57ab63efb6b46e17ab08d21f69f3a48b38e1534f17  $archive" | sha256sum -c -[0m
2026-09-11T20:54:33.9735211Z [36;1mtar -xJf "$archive" -C "$RUNNER_TEMP"[0m
2026-09-11T20:54:33.9735798Z [36;1mecho "$RUNNER_TEMP/zig-aarch64-linux-0.16.0" >> "$GITHUB_PATH"[0m
2026-09-11T20:54:33.9773789Z shell: /usr/bin/bash --noprofile --norc -e -o pipefail {0}
2026-09-11T20:54:33.9774326Z ##[endgroup]
2026-09-11T20:54:33.9883013Z   % Total    % Received % Xferd  Average Speed   Time    Time     Time  Current
2026-09-11T20:54:33.9883831Z                                  Dload  Upload   Total   Spent    Left  Speed
2026-09-11T20:54:33.9884401Z 
2026-09-11T20:54:34.8358315Z   0     0    0     0    0     0      0      0 --:--:-- --:--:-- --:--:--     0
2026-09-11T20:54:35.7791292Z   0 48.8M    0  127k    0     0   150k      0  0:05:31 --:--:--  0:05:31  150k
2026-09-11T20:54:36.7833206Z   4 48.8M    4 2255k    0     0  1259k      0  0:00:39  0:00:01  0:00:38 1259k
2026-09-11T20:54:37.7865313Z  38 48.8M   38 18.8M    0     0  6914k      0  0:00:07  0:00:02  0:00:05 6912k
2026-09-11T20:54:37.8915639Z  94 48.8M   94 46.2M    0     0  12.1M      0  0:00:04  0:00:03  0:00:01 12.1M
2026-09-11T20:54:37.8916490Z 100 48.8M  100 48.8M    0     0  12.5M      0  0:00:03  0:00:03 --:--:-- 12.5M
2026-09-11T20:54:37.9347481Z /home/runner/work/_temp/zig.tar.xz: OK
2026-09-11T20:54:40.6249437Z ##[group]Run set -euo pipefail
2026-09-11T20:54:40.6250028Z [36;1mset -euo pipefail[0m
2026-09-11T20:54:40.6250338Z [36;1mexport HOME="$RUNNER_TEMP/home"[0m
2026-09-11T20:54:40.6250705Z [36;1mmkdir -p "$HOME"[0m
2026-09-11T20:54:40.6250945Z [36;1m[0m
2026-09-11T20:54:40.6251308Z [36;1mboundary="$GITHUB_WORKSPACE/Tests/Target/linux-arm64/LinuxArm64Boundary"[0m
2026-09-11T20:54:40.6251777Z [36;1mmkdir -p "$boundary/Boundary/linux-arm64"[0m
2026-09-11T20:54:40.6252197Z [36;1mzig cc -target aarch64-linux-gnu -O2 -c "$boundary/provider.c" \[0m
2026-09-11T20:54:40.6252921Z [36;1m  -o "$boundary/Boundary/linux-arm64/provider.o"[0m
2026-09-11T20:54:40.6253334Z [36;1mzig ar rcs "$boundary/Boundary/linux-arm64/libProvider.a" \[0m
2026-09-11T20:54:40.6253784Z [36;1m  "$boundary/Boundary/linux-arm64/provider.o"[0m
2026-09-11T20:54:40.6254102Z [36;1m[0m
2026-09-11T20:54:40.6254366Z [36;1mzig build -Doptimize=ReleaseFast -Dcpu=baseline \[0m
2026-09-11T20:54:40.6255096Z [36;1m  --prefix "$RUNNER_TEMP/silex-prefix" \[0m
2026-09-11T20:54:40.6255440Z [36;1m  --build-file Toolchain/build.zig[0m
2026-09-11T20:54:40.6255755Z [36;1m[0m
2026-09-11T20:54:40.6255998Z [36;1msilex="$RUNNER_TEMP/silex-prefix/bin/silex"[0m
2026-09-11T20:54:40.6256306Z [36;1m"$silex" setup[0m
2026-09-11T20:54:40.6256692Z [36;1mmanaged_zig="$HOME/.silex/toolchain/zig/0.16.0/linux-arm64/zig"[0m
2026-09-11T20:54:40.6257077Z [36;1mtest -x "$managed_zig"[0m
2026-09-11T20:54:40.6257469Z [36;1mfile "$managed_zig" | grep -E 'ELF 64-bit.*(ARM aarch64|ARM64)'[0m
2026-09-11T20:54:40.6257836Z [36;1m[0m
2026-09-11T20:54:40.6258128Z [36;1msource="$GITHUB_WORKSPACE/Tests/Native/NativePortability.sx"[0m
2026-09-11T20:54:40.6258650Z [36;1m"$silex" interpret "$source" > "$RUNNER_TEMP/interpreted.txt"[0m
2026-09-11T20:54:40.6259113Z [36;1m"$silex" compile "$source" --debug -o "$RUNNER_TEMP/native-debug"[0m
2026-09-11T20:54:40.6259568Z [36;1m"$RUNNER_TEMP/native-debug" > "$RUNNER_TEMP/debug.txt"[0m
2026-09-11T20:54:40.6260009Z [36;1mcmp "$RUNNER_TEMP/interpreted.txt" "$RUNNER_TEMP/debug.txt"[0m
2026-09-11T20:54:40.6260510Z [36;1m"$silex" compile "$source" --release -o "$RUNNER_TEMP/native-release"[0m
2026-09-11T20:54:40.6261005Z [36;1m"$RUNNER_TEMP/native-release" > "$RUNNER_TEMP/release.txt"[0m
2026-09-11T20:54:40.6261476Z [36;1mcmp "$RUNNER_TEMP/interpreted.txt" "$RUNNER_TEMP/release.txt"[0m
2026-09-11T20:54:40.6261999Z [36;1mfile "$RUNNER_TEMP/native-release" | grep -E 'ELF 64-bit.*(ARM aarch64|ARM64)'[0m
2026-09-11T20:54:40.6262549Z [36;1mreadelf -h "$RUNNER_TEMP/native-release" | grep -E 'Machine:.*AArch64'[0m
2026-09-11T20:54:40.6262970Z [36;1m[0m
2026-09-11T20:54:40.6263344Z [36;1m"$silex" run "$GITHUB_WORKSPACE/Tests/Native/DistributionSmoke.sx" --debug[0m
2026-09-11T20:54:40.6263761Z [36;1m"$silex" test "$source"[0m
2026-09-11T20:54:40.6264026Z [36;1m[0m
2026-09-11T20:54:40.6264365Z [36;1m"$managed_zig" cc -target aarch64-linux-gnu -O2 -c "$boundary/provider.c" \[0m
2026-09-11T20:54:40.6265076Z [36;1m  -o "$boundary/Boundary/linux-arm64/provider.o"[0m
2026-09-11T20:54:40.6265549Z [36;1m"$managed_zig" ar rcs "$boundary/Boundary/linux-arm64/libProvider.a" \[0m
2026-09-11T20:54:40.6265984Z [36;1m  "$boundary/Boundary/linux-arm64/provider.o"[0m
2026-09-11T20:54:40.6266333Z [36;1m"$silex" test "$boundary/Tests/Boundary.sx"[0m
2026-09-11T20:54:40.6266774Z [36;1m"$silex" compile "$boundary/Tests/Boundary.sx" --release \[0m
2026-09-11T20:54:40.6267162Z [36;1m  -o "$RUNNER_TEMP/boundary"[0m
2026-09-11T20:54:40.6267544Z [36;1mtest "$("$RUNNER_TEMP/boundary")" = "linux arm64 boundary ready"[0m
2026-09-11T20:54:40.6267911Z [36;1m[0m
2026-09-11T20:54:40.6268274Z [36;1m# Compile the exact standalone witness without the optimizer package's STD graph.[0m
2026-09-11T20:54:40.6268791Z [36;1mscalar_root="$RUNNER_TEMP/scalar-float-fixture"[0m
2026-09-11T20:54:40.6269154Z [36;1mmkdir -p "$scalar_root"[0m
2026-09-11T20:54:40.6269786Z [36;1mprintf '%s\n' '{"sources":"."}' > "$scalar_root/Package.json"[0m
2026-09-11T20:54:40.6270240Z [36;1mscalar_fixture="$scalar_root/ScalarFloatResidence.sx"[0m
2026-09-11T20:54:40.6270853Z [36;1mcp "$GITHUB_WORKSPACE/Toolchain/Benchmarks/Optimizer/Regressions/ScalarFloatResidence.sx" "$scalar_fixture"[0m
2026-09-11T20:54:40.6271451Z [36;1mfor mode in debug release; do[0m
2026-09-11T20:54:40.6271819Z [36;1m  "$silex" compile "$scalar_fixture" "--$mode" --nocache \[0m
2026-09-11T20:54:40.6272234Z [36;1m    -o "$RUNNER_TEMP/scalar-float-residence-$mode"[0m
2026-09-11T20:54:40.6272665Z [36;1m  scalar_output=$("$RUNNER_TEMP/scalar-float-residence-$mode")[0m
2026-09-11T20:54:40.6273224Z [36;1m  test "$(printf '%s\n' "$scalar_output" | wc -l)" -eq 9[0m
2026-09-11T20:54:40.6273714Z [36;1m  test "$(printf '%s\n' "$scalar_output" | grep -c '^true$')" -eq 9[0m
2026-09-11T20:54:40.6274077Z [36;1mdone[0m
2026-09-11T20:54:40.6274370Z [36;1mbranch_fixture="$scalar_root/BranchComparisons.sx"[0m
2026-09-11T20:54:40.6275130Z [36;1mcp "$GITHUB_WORKSPACE/Toolchain/Benchmarks/Optimizer/Regressions/BranchComparisons.sx" "$branch_fixture"[0m
2026-09-11T20:54:40.6275684Z [36;1mfor mode in debug release; do[0m
2026-09-11T20:54:40.6276124Z [36;1m  "$silex" compile "$branch_fixture" "--$mode" --nocache \[0m
2026-09-11T20:54:40.6276536Z [36;1m    -o "$RUNNER_TEMP/branch-comparisons-$mode"[0m
2026-09-11T20:54:40.6276943Z [36;1m  test "$("$RUNNER_TEMP/branch-comparisons-$mode")" = "true"[0m
2026-09-11T20:54:40.6277293Z [36;1mdone[0m
2026-09-11T20:54:40.6277659Z [36;1msnapshot_fixture="$scalar_root/BranchSnapshots.sx"[0m
2026-09-11T20:54:40.6278833Z [36;1mcp "$GITHUB_WORKSPACE/Toolchain/Benchmarks/Optimizer/Regressions/BranchSnapshots.sx" "$snapshot_fixture"[0m
2026-09-11T20:54:40.6279400Z [36;1mfor mode in debug release; do[0m
2026-09-11T20:54:40.6279791Z [36;1m  "$silex" compile "$snapshot_fixture" "--$mode" --nocache \[0m
2026-09-11T20:54:40.6280194Z [36;1m    -o "$RUNNER_TEMP/branch-snapshots-$mode"[0m
2026-09-11T20:54:40.6280598Z [36;1m  snapshot_output=$("$RUNNER_TEMP/branch-snapshots-$mode")[0m
2026-09-11T20:54:40.6281068Z [36;1m  test "$(printf '%s\n' "$snapshot_output" | wc -l)" -eq 8[0m
2026-09-11T20:54:40.6281511Z [36;1m  test "$(printf '%s\n' "$snapshot_output" | grep -c '^true$')" -eq 8[0m
2026-09-11T20:54:40.6281907Z [36;1mdone[0m
2026-09-11T20:54:40.6321264Z shell: /usr/bin/bash --noprofile --norc -e -o pipefail {0}
2026-09-11T20:54:40.6321786Z ##[endgroup]
2026-09-11T20:59:48.8359491Z silex: installed Shadercross for linux-arm64
2026-09-11T20:59:56.7269411Z silex: installed Native linker for linux-arm64
2026-09-11T20:59:56.7866763Z /home/runner/work/_temp/home/.silex/toolchain/zig/0.16.0/linux-arm64/zig: ELF 64-bit LSB executable, ARM aarch64, version 1 (SYSV), statically linked, stripped
2026-09-11T20:59:56.9521939Z /home/runner/work/_temp/native-release: ELF 64-bit LSB executable, ARM aarch64, version 1 (SYSV), statically linked, no section header
2026-09-11T20:59:57.0270058Z   Machine:                           AArch64
2026-09-11T20:59:57.0648542Z silex distribution ready
2026-09-11T21:00:10.1350995Z ok - execute direct indirect and dynamic calls beyond native registers
2026-09-11T21:00:10.1525247Z ok - preserve paired float32 arithmetic on native
2026-09-11T21:00:10.1696292Z ok - mutate a class-owned native list without changing its snapshot
2026-09-11T21:00:10.1878026Z ok - replace class elements in a class-owned native list
2026-09-11T21:00:10.2063209Z ok - preserve embedded byte contents on native
2026-09-11T21:00:10.2252983Z ok - format native floats through the standalone runtime
2026-09-11T21:00:10.2440528Z ok - convert native float precision in both directions
2026-09-11T21:00:10.2632535Z ok - replace and preserve an aliased native list
2026-09-11T21:00:10.2826443Z ok - swap and reverse a native list
2026-09-11T21:00:10.3027974Z ok - grow a native list at every position
2026-09-11T21:00:10.3234224Z ok - remove native list elements from every position
2026-09-11T21:00:10.3445141Z ok - slice view mutate and clear native lists
2026-09-11T21:00:10.3656376Z ok - mutable aggregate view detaches shared native list
2026-09-11T21:00:10.3888055Z copy state drop
2026-09-11T21:00:10.3888540Z copy state drop
2026-09-11T21:00:10.3888882Z ok - deep-copy repeated native class roots without collections
2026-09-11T21:00:10.4115304Z native cycle drop
2026-09-11T21:00:10.4115836Z native cycle drop
2026-09-11T21:00:10.4116124Z ok - finalize a direct native class cycle
2026-09-11T21:00:10.4338560Z native cycle drop
2026-09-11T21:00:10.4338909Z native cycle drop
2026-09-11T21:00:10.4339405Z ok - finalize a native class cycle through lists
2026-09-11T21:00:10.4565521Z native cycle drop
2026-09-11T21:00:10.4565831Z native cycle drop
2026-09-11T21:00:10.4566396Z ok - finalize a native class cycle through protocols
2026-09-11T21:00:10.4796289Z ok - execute the complete native collection mutation slice
2026-09-11T21:00:10.5025540Z copy state drop
2026-09-11T21:00:10.5025950Z copy state drop
2026-09-11T21:00:10.5026273Z ok - execute native ownership and deep-copy runtime
2026-09-11T21:00:10.5261023Z ok - preserve resource aggregates across native list growth
2026-09-11T21:00:10.5499883Z ok - serialize native mutations with mutex
2026-09-11T21:00:10.5738056Z native cycle drop
2026-09-11T21:00:10.5738420Z native cycle drop
2026-09-11T21:00:10.5738834Z native cycle drop
2026-09-11T21:00:10.5739125Z native cycle drop
2026-09-11T21:00:10.5739429Z native cycle drop
2026-09-11T21:00:10.5739661Z native cycle drop
2026-09-11T21:00:10.5740005Z ok - finalize native cycles across direct collection and protocol edges
2026-09-11T21:00:10.5814886Z 22 passed; 0 failed
2026-09-11T21:00:10.6420756Z ok - call a Linux ARM64 Boundary through AAPCS64
2026-09-11T21:00:10.6421187Z 1 passed; 0 failed
2026-09-11T21:00:11.5840384Z Post job cleanup.
2026-09-11T21:00:11.6543563Z [command]/usr/bin/git version
2026-09-11T21:00:11.6579610Z git version 2.55.0
2026-09-11T21:00:11.6614774Z Temporarily overriding HOME='/home/runner/work/_temp/59b8302d-4490-47dd-8a0c-65ea2ae56015' before making global git config changes
2026-09-11T21:00:11.6615598Z Adding repository directory to the temporary git global config as a safe directory
2026-09-11T21:00:11.6620202Z [command]/usr/bin/git config --global --add safe.directory /home/runner/work/Silex/Silex
2026-09-11T21:00:11.6649491Z Removing SSH command configuration
2026-09-11T21:00:11.6656673Z [command]/usr/bin/git config --local --name-only --get-regexp core\.sshCommand
2026-09-11T21:00:11.6699200Z [command]/usr/bin/git submodule foreach --recursive sh -c "git config --local --name-only --get-regexp 'core\.sshCommand' && git config --local --unset-all 'core.sshCommand' || :"
2026-09-11T21:00:11.6885288Z Removing HTTP extra header
2026-09-11T21:00:11.6897866Z [command]/usr/bin/git config --local --name-only --get-regexp http\.https\:\/\/github\.com\/\.extraheader
2026-09-11T21:00:11.6923110Z [command]/usr/bin/git submodule foreach --recursive sh -c "git config --local --name-only --get-regexp 'http\.https\:\/\/github\.com\/\.extraheader' && git config --local --unset-all 'http.https://github.com/.extraheader' || :"
2026-09-11T21:00:11.7140667Z Removing includeIf entries pointing to credentials config files
2026-09-11T21:00:11.7146559Z [command]/usr/bin/git config --local --name-only --get-regexp ^includeIf\.gitdir:
2026-09-11T21:00:11.7170962Z includeif.gitdir:/home/runner/work/Silex/Silex/.git.path
2026-09-11T21:00:11.7171663Z includeif.gitdir:/home/runner/work/Silex/Silex/.git/worktrees/*.path
2026-09-11T21:00:11.7172456Z includeif.gitdir:/github/workspace/.git.path
2026-09-11T21:00:11.7172978Z includeif.gitdir:/github/workspace/.git/worktrees/*.path
2026-09-11T21:00:11.7180643Z [command]/usr/bin/git config --local --get-all includeif.gitdir:/home/runner/work/Silex/Silex/.git.path
2026-09-11T21:00:11.7215929Z /home/runner/work/_temp/git-credentials-270301f6-109e-44a2-a944-fd6ccb1477b6.config
2026-09-11T21:00:11.7217647Z [command]/usr/bin/git config --local --unset includeif.gitdir:/home/runner/work/Silex/Silex/.git.path /home/runner/work/_temp/git-credentials-270301f6-109e-44a2-a944-fd6ccb1477b6.config
2026-09-11T21:00:11.7246165Z [command]/usr/bin/git config --local --get-all includeif.gitdir:/home/runner/work/Silex/Silex/.git/worktrees/*.path
2026-09-11T21:00:11.7270473Z /home/runner/work/_temp/git-credentials-270301f6-109e-44a2-a944-fd6ccb1477b6.config
2026-09-11T21:00:11.7278509Z [command]/usr/bin/git config --local --unset includeif.gitdir:/home/runner/work/Silex/Silex/.git/worktrees/*.path /home/runner/work/_temp/git-credentials-270301f6-109e-44a2-a944-fd6ccb1477b6.config
2026-09-11T21:00:11.7311547Z [command]/usr/bin/git config --local --get-all includeif.gitdir:/github/workspace/.git.path
2026-09-11T21:00:11.7334369Z /github/runner_temp/git-credentials-270301f6-109e-44a2-a944-fd6ccb1477b6.config
2026-09-11T21:00:11.7341688Z [command]/usr/bin/git config --local --unset includeif.gitdir:/github/workspace/.git.path /github/runner_temp/git-credentials-270301f6-109e-44a2-a944-fd6ccb1477b6.config
2026-09-11T21:00:11.7371969Z [command]/usr/bin/git config --local --get-all includeif.gitdir:/github/workspace/.git/worktrees/*.path
2026-09-11T21:00:11.7394026Z /github/runner_temp/git-credentials-270301f6-109e-44a2-a944-fd6ccb1477b6.config
2026-09-11T21:00:11.7401464Z [command]/usr/bin/git config --local --unset includeif.gitdir:/github/workspace/.git/worktrees/*.path /github/runner_temp/git-credentials-270301f6-109e-44a2-a944-fd6ccb1477b6.config
2026-09-11T21:00:11.7434799Z [command]/usr/bin/git submodule foreach --recursive git config --local --show-origin --name-only --get-regexp remote.origin.url
2026-09-11T21:00:11.7620641Z Removing credentials config '/home/runner/work/_temp/git-credentials-270301f6-109e-44a2-a944-fd6ccb1477b6.config'
2026-09-11T21:00:11.7757343Z Cleaning up orphan processes

