2026-09-11T20:54:27.3732758Z Current runner version: '2.337.0'
2026-09-11T20:54:27.3757324Z ##[group]Runner Image Provisioner
2026-09-11T20:54:27.3758127Z Hosted Compute Agent
2026-09-11T20:54:27.3758774Z Version: 20260828.587
2026-09-11T20:54:27.3759354Z Commit: abac92662cab4cc7352de4f9f9d2e2419aad9c29
2026-09-11T20:54:27.3760036Z Build Date: 2026-08-28T16:44:25Z
2026-09-11T20:54:27.3760649Z Worker ID: {6e347704-15dc-4d50-a8ff-1090420d7267}
2026-09-11T20:54:27.3761337Z Azure Region: centralus
2026-09-11T20:54:27.3761902Z ##[endgroup]
2026-09-11T20:54:27.3763285Z ##[group]Operating System
2026-09-11T20:54:27.3763871Z Ubuntu
2026-09-11T20:54:27.3764579Z 24.04.5
2026-09-11T20:54:27.3765065Z LTS
2026-09-11T20:54:27.3765561Z ##[endgroup]
2026-09-11T20:54:27.3766063Z ##[group]Runner Image
2026-09-11T20:54:27.3766602Z Image: ubuntu-24.04
2026-09-11T20:54:27.3767136Z Version: 20260907.300.1
2026-09-11T20:54:27.3768311Z Included Software: https://github.com/actions/runner-images/blob/ubuntu24/20260907.300/images/ubuntu/Ubuntu2404-Readme.md
2026-09-11T20:54:27.3769753Z Image Release: https://github.com/actions/runner-images/releases/tag/ubuntu24%2F20260907.300
2026-09-11T20:54:27.3770611Z ##[endgroup]
2026-09-11T20:54:27.3771704Z ##[group]GITHUB_TOKEN Permissions
2026-09-11T20:54:27.3773855Z Contents: read
2026-09-11T20:54:27.3775004Z Metadata: read
2026-09-11T20:54:27.3775552Z ##[endgroup]
2026-09-11T20:54:27.3777632Z Secret source: Actions
2026-09-11T20:54:27.3778604Z Cache mode: write
2026-09-11T20:54:27.3779513Z Prepare workflow directory
2026-09-11T20:54:27.4089378Z Prepare all required actions
2026-09-11T20:54:27.4139227Z Getting action download info
2026-09-11T20:54:27.6845624Z Download action repository 'actions/checkout@v6' (SHA:d23441a48e516b6c34aea4fa41551a30e30af803)
2026-09-11T20:54:27.7787691Z Download action repository 'actions/upload-artifact@v4' (SHA:ea165f8d65b6e75b540449e92b4886f43607fa02)
2026-09-11T20:54:27.9541818Z Complete job name: windows-arm64-build
2026-09-11T20:54:28.0185304Z ##[group]Run actions/checkout@v6
2026-09-11T20:54:28.0186252Z with:
2026-09-11T20:54:28.0186735Z   repository: Matanek/Silex
2026-09-11T20:54:28.0190383Z   token: ***
2026-09-11T20:54:28.0190911Z   ssh-strict: true
2026-09-11T20:54:28.0191387Z   ssh-user: git
2026-09-11T20:54:28.0191869Z   persist-credentials: true
2026-09-11T20:54:28.0192389Z   clean: true
2026-09-11T20:54:28.0192861Z   sparse-checkout-cone-mode: true
2026-09-11T20:54:28.0193443Z   fetch-depth: 1
2026-09-11T20:54:28.0193905Z   fetch-tags: false
2026-09-11T20:54:28.0194560Z   show-progress: true
2026-09-11T20:54:28.0195053Z   lfs: false
2026-09-11T20:54:28.0195505Z   submodules: false
2026-09-11T20:54:28.0196016Z   set-safe-directory: true
2026-09-11T20:54:28.0196541Z   allow-unsafe-pr-checkout: false
2026-09-11T20:54:28.0197368Z ##[endgroup]
2026-09-11T20:54:28.1308650Z Syncing repository: Matanek/Silex
2026-09-11T20:54:28.1313033Z ##[group]Getting Git version info
2026-09-11T20:54:28.1314700Z Working directory is '/home/runner/work/Silex/Silex'
2026-09-11T20:54:28.1316490Z [command]/usr/bin/git version
2026-09-11T20:54:28.1317217Z git version 2.55.0
2026-09-11T20:54:28.1319820Z ##[endgroup]
2026-09-11T20:54:28.1326713Z Temporarily overriding HOME='/home/runner/work/_temp/74d2f2bd-d7e5-4df6-9130-b2533498f6b8' before making global git config changes
2026-09-11T20:54:28.1328949Z Adding repository directory to the temporary git global config as a safe directory
2026-09-11T20:54:28.1330719Z [command]/usr/bin/git config --global --add safe.directory /home/runner/work/Silex/Silex
2026-09-11T20:54:28.1333168Z Deleting the contents of '/home/runner/work/Silex/Silex'
2026-09-11T20:54:28.1334997Z ##[group]Determining repository object format
2026-09-11T20:54:28.1336379Z ##[endgroup]
2026-09-11T20:54:28.1337541Z ##[group]Initializing the repository
2026-09-11T20:54:28.1338545Z [command]/usr/bin/git init /home/runner/work/Silex/Silex
2026-09-11T20:54:28.1368856Z hint: Using 'master' as the name for the initial branch. This default branch name
2026-09-11T20:54:28.1371435Z hint: will change to "main" in Git 3.0. To configure the initial branch name
2026-09-11T20:54:28.1373572Z hint: to use in all of your new repositories, which will suppress this warning,
2026-09-11T20:54:28.1375018Z hint: call:
2026-09-11T20:54:28.1375719Z hint:
2026-09-11T20:54:28.1376588Z hint: 	git config --global init.defaultBranch <name>
2026-09-11T20:54:28.1379578Z hint:
2026-09-11T20:54:28.1380738Z hint: Names commonly chosen instead of 'master' are 'main', 'trunk' and
2026-09-11T20:54:28.1382360Z hint: 'development'. The just-created branch can be renamed via this command:
2026-09-11T20:54:28.1383754Z hint:
2026-09-11T20:54:28.1384622Z hint: 	git branch -m <name>
2026-09-11T20:54:28.1385623Z hint:
2026-09-11T20:54:28.1386796Z hint: Disable this message with "git config set advice.defaultBranchName false"
2026-09-11T20:54:28.1388610Z Initialized empty Git repository in /home/runner/work/Silex/Silex/.git/
2026-09-11T20:54:28.1391322Z [command]/usr/bin/git remote add origin https://github.com/Matanek/Silex
2026-09-11T20:54:28.1421090Z ##[endgroup]
2026-09-11T20:54:28.1422074Z ##[group]Disabling automatic garbage collection
2026-09-11T20:54:28.1425539Z [command]/usr/bin/git config --local gc.auto 0
2026-09-11T20:54:28.1460899Z ##[endgroup]
2026-09-11T20:54:28.1462029Z ##[group]Setting up auth
2026-09-11T20:54:28.1462705Z Removing SSH command configuration
2026-09-11T20:54:28.1469339Z [command]/usr/bin/git config --local --name-only --get-regexp core\.sshCommand
2026-09-11T20:54:28.1523528Z [command]/usr/bin/git submodule foreach --recursive sh -c "git config --local --name-only --get-regexp 'core\.sshCommand' && git config --local --unset-all 'core.sshCommand' || :"
2026-09-11T20:54:28.1813853Z Removing HTTP extra header
2026-09-11T20:54:28.1820929Z [command]/usr/bin/git config --local --name-only --get-regexp http\.https\:\/\/github\.com\/\.extraheader
2026-09-11T20:54:28.1851892Z [command]/usr/bin/git submodule foreach --recursive sh -c "git config --local --name-only --get-regexp 'http\.https\:\/\/github\.com\/\.extraheader' && git config --local --unset-all 'http.https://github.com/.extraheader' || :"
2026-09-11T20:54:28.2046857Z Removing includeIf entries pointing to credentials config files
2026-09-11T20:54:28.2065589Z [command]/usr/bin/git config --local --name-only --get-regexp ^includeIf\.gitdir:
2026-09-11T20:54:28.2082767Z [command]/usr/bin/git submodule foreach --recursive git config --local --show-origin --name-only --get-regexp remote.origin.url
2026-09-11T20:54:28.2261940Z [command]/usr/bin/git config --file /home/runner/work/_temp/git-credentials-a086e801-e5cd-4612-a6f4-2b214761bf93.config http.https://github.com/.extraheader AUTHORIZATION: basic ***
2026-09-11T20:54:28.2294724Z [command]/usr/bin/git config --local includeIf.gitdir:/home/runner/work/Silex/Silex/.git.path /home/runner/work/_temp/git-credentials-a086e801-e5cd-4612-a6f4-2b214761bf93.config
2026-09-11T20:54:28.2319717Z [command]/usr/bin/git config --local includeIf.gitdir:/home/runner/work/Silex/Silex/.git/worktrees/*.path /home/runner/work/_temp/git-credentials-a086e801-e5cd-4612-a6f4-2b214761bf93.config
2026-09-11T20:54:28.2347383Z [command]/usr/bin/git config --local includeIf.gitdir:/github/workspace/.git.path /github/runner_temp/git-credentials-a086e801-e5cd-4612-a6f4-2b214761bf93.config
2026-09-11T20:54:28.2372573Z [command]/usr/bin/git config --local includeIf.gitdir:/github/workspace/.git/worktrees/*.path /github/runner_temp/git-credentials-a086e801-e5cd-4612-a6f4-2b214761bf93.config
2026-09-11T20:54:28.2395721Z ##[endgroup]
2026-09-11T20:54:28.2396390Z ##[group]Fetching the repository
2026-09-11T20:54:28.2403325Z [command]/usr/bin/git -c protocol.version=2 fetch --no-tags --prune --no-recurse-submodules --depth=1 origin +5ff94ab7471b4d2c2b1d3c7cbdb03b6572bbceae:refs/remotes/origin/spec-silex-optimization-parity-completion
2026-09-11T20:54:29.6153770Z From https://github.com/Matanek/Silex
2026-09-11T20:54:29.6156834Z  * [new ref]         5ff94ab7471b4d2c2b1d3c7cbdb03b6572bbceae -> origin/spec-silex-optimization-parity-completion
2026-09-11T20:54:29.6163606Z [command]/usr/bin/git branch --list --remote origin/spec-silex-optimization-parity-completion
2026-09-11T20:54:29.6184717Z   origin/spec-silex-optimization-parity-completion
2026-09-11T20:54:29.6191451Z [command]/usr/bin/git rev-parse refs/remotes/origin/spec-silex-optimization-parity-completion
2026-09-11T20:54:29.6211120Z 5ff94ab7471b4d2c2b1d3c7cbdb03b6572bbceae
2026-09-11T20:54:29.6216498Z ##[endgroup]
2026-09-11T20:54:29.6218912Z ##[group]Determining the checkout info
2026-09-11T20:54:29.6221193Z ##[endgroup]
2026-09-11T20:54:29.6222222Z [command]/usr/bin/git sparse-checkout disable
2026-09-11T20:54:29.6265095Z [command]/usr/bin/git config --local --unset-all extensions.worktreeConfig
2026-09-11T20:54:29.6289453Z ##[group]Checking out the ref
2026-09-11T20:54:29.6294714Z [command]/usr/bin/git checkout --progress --force -B spec-silex-optimization-parity-completion refs/remotes/origin/spec-silex-optimization-parity-completion
2026-09-11T20:54:29.7732303Z Switched to a new branch 'spec-silex-optimization-parity-completion'
2026-09-11T20:54:29.7738472Z branch 'spec-silex-optimization-parity-completion' set up to track 'origin/spec-silex-optimization-parity-completion'.
2026-09-11T20:54:29.7752175Z ##[endgroup]
2026-09-11T20:54:29.7792413Z [command]/usr/bin/git log -1 --format=%H
2026-09-11T20:54:29.7812781Z 5ff94ab7471b4d2c2b1d3c7cbdb03b6572bbceae
2026-09-11T20:54:29.8051524Z ##[group]Run set -euo pipefail
2026-09-11T20:54:29.8052896Z [36;1mset -euo pipefail[0m
2026-09-11T20:54:29.8054317Z [36;1marchive="$RUNNER_TEMP/zig.tar.xz"[0m
2026-09-11T20:54:29.8056408Z [36;1mcurl -fL https://ziglang.org/download/0.16.0/zig-x86_64-linux-0.16.0.tar.xz -o "$archive"[0m
2026-09-11T20:54:29.8059426Z [36;1mecho "70e49664a74374b48b51e6f3fdfbf437f6395d42509050588bd49abe52ba3d00  $archive" | sha256sum -c -[0m
2026-09-11T20:54:29.8061787Z [36;1mtar -xJf "$archive" -C "$RUNNER_TEMP"[0m
2026-09-11T20:54:29.8063477Z [36;1mecho "$RUNNER_TEMP/zig-x86_64-linux-0.16.0" >> "$GITHUB_PATH"[0m
2026-09-11T20:54:29.8093397Z shell: /usr/bin/bash --noprofile --norc -e -o pipefail {0}
2026-09-11T20:54:29.8095123Z ##[endgroup]
2026-09-11T20:54:29.8232582Z   % Total    % Received % Xferd  Average Speed   Time    Time     Time  Current
2026-09-11T20:54:29.8235117Z                                  Dload  Upload   Total   Spent    Left  Speed
2026-09-11T20:54:29.8236265Z 
2026-09-11T20:54:30.7398187Z   0     0    0     0    0     0      0      0 --:--:-- --:--:-- --:--:--     0
2026-09-11T20:54:31.7213409Z   0 52.9M    0 98042    0     0   104k      0  0:08:38 --:--:--  0:08:38  104k
2026-09-11T20:54:32.7218500Z   3 52.9M    3 2079k    0     0  1095k      0  0:00:49  0:00:01  0:00:48 1095k
2026-09-11T20:54:33.7359823Z  34 52.9M   34 18.0M    0     0  6391k      0  0:00:08  0:00:02  0:00:06 6391k
2026-09-11T20:54:34.2245717Z  75 52.9M   75 39.6M    0     0  10.1M      0  0:00:05  0:00:03  0:00:02 10.1M
2026-09-11T20:54:34.2246698Z 100 52.9M  100 52.9M    0     0  12.0M      0  0:00:04  0:00:04 --:--:-- 12.0M
2026-09-11T20:54:34.2771033Z /home/runner/work/_temp/zig.tar.xz: OK
2026-09-11T20:54:37.8508979Z ##[group]Run set -euo pipefail
2026-09-11T20:54:37.8509316Z [36;1mset -euo pipefail[0m
2026-09-11T20:54:37.8509613Z [36;1mstage="$RUNNER_TEMP/windows-arm64-bootstrap"[0m
2026-09-11T20:54:37.8509936Z [36;1mmkdir -p "$stage/boundary"[0m
2026-09-11T20:54:37.8510318Z [36;1mzig build -Dtarget=aarch64-windows -Doptimize=ReleaseFast -Dcpu=baseline \[0m
2026-09-11T20:54:37.8510737Z [36;1m  --prefix "$stage/silex" \[0m
2026-09-11T20:54:37.8511020Z [36;1m  --build-file Toolchain/build.zig[0m
2026-09-11T20:54:37.8511473Z [36;1mzig build-lib Tests/Target/windows-arm64/WindowsArm64BoundaryProbe/Provider.zig \[0m
2026-09-11T20:54:37.8511921Z [36;1m  -O ReleaseSmall \[0m
2026-09-11T20:54:37.8512161Z [36;1m  -target aarch64-windows \[0m
2026-09-11T20:54:37.8512468Z [36;1m  -femit-bin="$stage/boundary/BoundaryProbe.lib"[0m
2026-09-11T20:54:37.8512882Z [36;1mtest "$(head -c 8 "$stage/boundary/BoundaryProbe.lib")" = "!<arch>"[0m
2026-09-11T20:54:37.8538702Z shell: /usr/bin/bash --noprofile --norc -e -o pipefail {0}
2026-09-11T20:54:37.8539050Z ##[endgroup]
2026-09-11T20:58:00.6119393Z Node 20 is being deprecated. This workflow is running with Node 24 by default. If you need to temporarily use Node 20, you can set the ACTIONS_ALLOW_USE_UNSECURE_NODE_VERSION=true environment variable. For more information see: https://github.blog/changelog/2025-09-19-deprecation-of-node-20-on-github-actions-runners/
2026-09-11T20:58:00.6121152Z ##[group]Run actions/upload-artifact@v4
2026-09-11T20:58:00.6121427Z with:
2026-09-11T20:58:00.6121641Z   name: windows-arm64-bootstrap
2026-09-11T20:58:00.6121939Z   path: /home/runner/work/_temp/windows-arm64-bootstrap
2026-09-11T20:58:00.6122240Z   retention-days: 1
2026-09-11T20:58:00.6122450Z   if-no-files-found: error
2026-09-11T20:58:00.6122672Z   compression-level: 6
2026-09-11T20:58:00.6122902Z   overwrite: false
2026-09-11T20:58:00.6123113Z   include-hidden-files: false
2026-09-11T20:58:00.6123364Z ##[endgroup]
2026-09-11T20:58:00.7692044Z (node:2334) [DEP0040] DeprecationWarning: The `punycode` module is deprecated. Please use a userland alternative instead.
2026-09-11T20:58:00.7692768Z (Use `node --trace-deprecation ...` to show where the warning was created)
2026-09-11T20:58:00.7778842Z With the provided path, there will be 3 files uploaded
2026-09-11T20:58:00.7785355Z Artifact name is valid!
2026-09-11T20:58:00.7786254Z Root directory input is valid!
2026-09-11T20:58:01.0456997Z Beginning upload of artifact content to blob storage
2026-09-11T20:58:01.8263356Z (node:2334) [DEP0169] DeprecationWarning: `url.parse()` behavior is not standardized and prone to errors that have security implications. Use the WHATWG URL API instead. CVEs are not issued for `url.parse()` vulnerabilities.
2026-09-11T20:58:02.5060711Z Uploaded bytes 8388608
2026-09-11T20:58:02.5649089Z Uploaded bytes 8759034
2026-09-11T20:58:02.6140289Z Finished uploading artifact content to blob storage!
2026-09-11T20:58:02.6141419Z SHA256 digest of uploaded artifact zip is 16a6e7afd07fbb9f74097f682ec5fcd14610706e66c8c07898cedf6e86c76b5d
2026-09-11T20:58:02.6143474Z Finalizing artifact upload
2026-09-11T20:58:02.8176687Z Artifact windows-arm64-bootstrap.zip successfully finalized. Artifact ID 10282355091
2026-09-11T20:58:02.8177808Z Artifact windows-arm64-bootstrap has been successfully uploaded! Final size is 8759034 bytes. Artifact ID is 10282355091
2026-09-11T20:58:02.8183425Z Artifact download URL: https://github.com/Matanek/Silex/actions/runs/34646654100/artifacts/10282355091
2026-09-11T20:58:02.8383072Z Post job cleanup.
2026-09-11T20:58:02.9216601Z [command]/usr/bin/git version
2026-09-11T20:58:02.9253801Z git version 2.55.0
2026-09-11T20:58:02.9289648Z Temporarily overriding HOME='/home/runner/work/_temp/358ae6aa-2304-4654-8831-44870af99222' before making global git config changes
2026-09-11T20:58:02.9291044Z Adding repository directory to the temporary git global config as a safe directory
2026-09-11T20:58:02.9295298Z [command]/usr/bin/git config --global --add safe.directory /home/runner/work/Silex/Silex
2026-09-11T20:58:02.9323386Z Removing SSH command configuration
2026-09-11T20:58:02.9330510Z [command]/usr/bin/git config --local --name-only --get-regexp core\.sshCommand
2026-09-11T20:58:02.9361542Z [command]/usr/bin/git submodule foreach --recursive sh -c "git config --local --name-only --get-regexp 'core\.sshCommand' && git config --local --unset-all 'core.sshCommand' || :"
2026-09-11T20:58:02.9557321Z Removing HTTP extra header
2026-09-11T20:58:02.9562949Z [command]/usr/bin/git config --local --name-only --get-regexp http\.https\:\/\/github\.com\/\.extraheader
2026-09-11T20:58:02.9602664Z [command]/usr/bin/git submodule foreach --recursive sh -c "git config --local --name-only --get-regexp 'http\.https\:\/\/github\.com\/\.extraheader' && git config --local --unset-all 'http.https://github.com/.extraheader' || :"
2026-09-11T20:58:02.9797629Z Removing includeIf entries pointing to credentials config files
2026-09-11T20:58:02.9805957Z [command]/usr/bin/git config --local --name-only --get-regexp ^includeIf\.gitdir:
2026-09-11T20:58:02.9829340Z includeif.gitdir:/home/runner/work/Silex/Silex/.git.path
2026-09-11T20:58:02.9830340Z includeif.gitdir:/home/runner/work/Silex/Silex/.git/worktrees/*.path
2026-09-11T20:58:02.9831267Z includeif.gitdir:/github/workspace/.git.path
2026-09-11T20:58:02.9832086Z includeif.gitdir:/github/workspace/.git/worktrees/*.path
2026-09-11T20:58:02.9845357Z [command]/usr/bin/git config --local --get-all includeif.gitdir:/home/runner/work/Silex/Silex/.git.path
2026-09-11T20:58:02.9860886Z /home/runner/work/_temp/git-credentials-a086e801-e5cd-4612-a6f4-2b214761bf93.config
2026-09-11T20:58:02.9870960Z [command]/usr/bin/git config --local --unset includeif.gitdir:/home/runner/work/Silex/Silex/.git.path /home/runner/work/_temp/git-credentials-a086e801-e5cd-4612-a6f4-2b214761bf93.config
2026-09-11T20:58:02.9900490Z [command]/usr/bin/git config --local --get-all includeif.gitdir:/home/runner/work/Silex/Silex/.git/worktrees/*.path
2026-09-11T20:58:02.9932236Z /home/runner/work/_temp/git-credentials-a086e801-e5cd-4612-a6f4-2b214761bf93.config
2026-09-11T20:58:02.9942738Z [command]/usr/bin/git config --local --unset includeif.gitdir:/home/runner/work/Silex/Silex/.git/worktrees/*.path /home/runner/work/_temp/git-credentials-a086e801-e5cd-4612-a6f4-2b214761bf93.config
2026-09-11T20:58:02.9972845Z [command]/usr/bin/git config --local --get-all includeif.gitdir:/github/workspace/.git.path
2026-09-11T20:58:02.9997996Z /github/runner_temp/git-credentials-a086e801-e5cd-4612-a6f4-2b214761bf93.config
2026-09-11T20:58:03.0006200Z [command]/usr/bin/git config --local --unset includeif.gitdir:/github/workspace/.git.path /github/runner_temp/git-credentials-a086e801-e5cd-4612-a6f4-2b214761bf93.config
2026-09-11T20:58:03.0062776Z [command]/usr/bin/git config --local --get-all includeif.gitdir:/github/workspace/.git/worktrees/*.path
2026-09-11T20:58:03.0081182Z /github/runner_temp/git-credentials-a086e801-e5cd-4612-a6f4-2b214761bf93.config
2026-09-11T20:58:03.0089476Z [command]/usr/bin/git config --local --unset includeif.gitdir:/github/workspace/.git/worktrees/*.path /github/runner_temp/git-credentials-a086e801-e5cd-4612-a6f4-2b214761bf93.config
2026-09-11T20:58:03.0119672Z [command]/usr/bin/git submodule foreach --recursive git config --local --show-origin --name-only --get-regexp remote.origin.url
2026-09-11T20:58:03.0311746Z Removing credentials config '/home/runner/work/_temp/git-credentials-a086e801-e5cd-4612-a6f4-2b214761bf93.config'
2026-09-11T20:58:03.0451265Z Cleaning up orphan processes
2026-09-11T20:58:03.0664975Z ##[warning]Node.js 20 is deprecated. The following actions target Node.js 20 but are being forced to run on Node.js 24: actions/upload-artifact@v4. For more information see: https://github.blog/changelog/2025-09-19-deprecation-of-node-20-on-github-actions-runners/

