2026-09-11T20:58:07.7719666Z Current runner version: '2.337.0'
2026-09-11T20:58:07.7794314Z ##[group]Runner Image Provisioner
2026-09-11T20:58:07.7795109Z Hosted Compute Agent
2026-09-11T20:58:07.7795565Z Version: 20260828.587
2026-09-11T20:58:07.7796074Z Commit: abac92662cab4cc7352de4f9f9d2e2419aad9c29
2026-09-11T20:58:07.7796663Z Build Date: 2026-08-28T16:44:25Z
2026-09-11T20:58:07.7797223Z Worker ID: {6ad881d3-465f-410b-9f35-8bff875a7ec9}
2026-09-11T20:58:07.7797809Z Azure Region: northcentralus
2026-09-11T20:58:07.7798294Z ##[endgroup]
2026-09-11T20:58:07.7799843Z ##[group]Operating System
2026-09-11T20:58:07.7800346Z Microsoft Windows 11
2026-09-11T20:58:07.7800785Z 10.0.26200
2026-09-11T20:58:07.7801189Z Enterprise
2026-09-11T20:58:07.7801591Z ##[endgroup]
2026-09-11T20:58:07.7802008Z ##[group]Runner Image
2026-09-11T20:58:07.7802462Z Image: windows-11-arm64
2026-09-11T20:58:07.7802916Z Version: 20260906.161.1
2026-09-11T20:58:07.7804386Z Included Software: https://github.com/actions/runner-images/blob/win11-arm64/20260906.161/images/windows/Windows11-Arm64-Readme.md
2026-09-11T20:58:07.7805762Z Image Release: https://github.com/actions/runner-images/releases/tag/win11-arm64%2F20260906.161
2026-09-11T20:58:07.7806567Z ##[endgroup]
2026-09-11T20:58:07.7807543Z ##[group]GITHUB_TOKEN Permissions
2026-09-11T20:58:07.7812496Z Contents: read
2026-09-11T20:58:07.7813047Z Metadata: read
2026-09-11T20:58:07.7813476Z ##[endgroup]
2026-09-11T20:58:07.7816590Z Secret source: Actions
2026-09-11T20:58:07.7817400Z Cache mode: write
2026-09-11T20:58:07.7818402Z Prepare workflow directory
2026-09-11T20:58:07.8271849Z Prepare all required actions
2026-09-11T20:58:07.8323518Z Getting action download info
2026-09-11T20:58:08.0737458Z Download action repository 'actions/checkout@v6' (SHA:d23441a48e516b6c34aea4fa41551a30e30af803)
2026-09-11T20:58:08.6185431Z Download action repository 'actions/download-artifact@v5' (SHA:634f93cb2916e3fdff6788551b99b062d0335ce0)
2026-09-11T20:58:09.9801756Z Complete job name: windows-arm64
2026-09-11T20:58:10.1993573Z ##[group]Run actions/checkout@v6
2026-09-11T20:58:10.1995160Z with:
2026-09-11T20:58:10.1995826Z   repository: Matanek/Silex
2026-09-11T20:58:10.2001493Z   token: ***
2026-09-11T20:58:10.2002119Z   ssh-strict: true
2026-09-11T20:58:10.2002740Z   ssh-user: git
2026-09-11T20:58:10.2003382Z   persist-credentials: true
2026-09-11T20:58:10.2004079Z   clean: true
2026-09-11T20:58:10.2004709Z   sparse-checkout-cone-mode: true
2026-09-11T20:58:10.2005458Z   fetch-depth: 1
2026-09-11T20:58:10.2006075Z   fetch-tags: false
2026-09-11T20:58:10.2006715Z   show-progress: true
2026-09-11T20:58:10.2007350Z   lfs: false
2026-09-11T20:58:10.2007982Z   submodules: false
2026-09-11T20:58:10.2008633Z   set-safe-directory: true
2026-09-11T20:58:10.2009357Z   allow-unsafe-pr-checkout: false
2026-09-11T20:58:10.2010840Z ##[endgroup]
2026-09-11T20:58:10.4449610Z Syncing repository: Matanek/Silex
2026-09-11T20:58:10.4452070Z ##[group]Getting Git version info
2026-09-11T20:58:10.4453081Z Working directory is 'C:\a\Silex\Silex'
2026-09-11T20:58:10.5372714Z [command]"C:\Program Files\Git\bin\git.exe" version
2026-09-11T20:58:11.0804219Z git version 2.55.0.windows.5
2026-09-11T20:58:11.0866765Z ##[endgroup]
2026-09-11T20:58:11.0916686Z Temporarily overriding HOME='C:\a\_temp\ee1a21c9-bb32-4566-ba20-e3089e0989c8' before making global git config changes
2026-09-11T20:58:11.0919052Z Adding repository directory to the temporary git global config as a safe directory
2026-09-11T20:58:11.0925665Z [command]"C:\Program Files\Git\bin\git.exe" config --global --add safe.directory C:\a\Silex\Silex
2026-09-11T20:58:11.1741784Z Deleting the contents of 'C:\a\Silex\Silex'
2026-09-11T20:58:11.1751354Z ##[group]Determining repository object format
2026-09-11T20:58:11.1754876Z ##[endgroup]
2026-09-11T20:58:11.1755825Z ##[group]Initializing the repository
2026-09-11T20:58:11.1763944Z [command]"C:\Program Files\Git\bin\git.exe" init C:\a\Silex\Silex
2026-09-11T20:58:11.4010762Z Initialized empty Git repository in C:/a/Silex/Silex/.git/
2026-09-11T20:58:11.4067927Z [command]"C:\Program Files\Git\bin\git.exe" remote add origin https://github.com/Matanek/Silex
2026-09-11T20:58:11.4836586Z ##[endgroup]
2026-09-11T20:58:11.4837063Z ##[group]Disabling automatic garbage collection
2026-09-11T20:58:11.4847027Z [command]"C:\Program Files\Git\bin\git.exe" config --local gc.auto 0
2026-09-11T20:58:11.5352140Z ##[endgroup]
2026-09-11T20:58:11.5352592Z ##[group]Setting up auth
2026-09-11T20:58:11.5353862Z Removing SSH command configuration
2026-09-11T20:58:11.5367227Z [command]"C:\Program Files\Git\bin\git.exe" config --local --name-only --get-regexp core\.sshCommand
2026-09-11T20:58:11.5886168Z [command]"C:\Program Files\Git\bin\git.exe" submodule foreach --recursive "sh -c \"git config --local --name-only --get-regexp 'core\.sshCommand' && git config --local --unset-all 'core.sshCommand' || :\""
2026-09-11T20:58:14.2149499Z Removing HTTP extra header
2026-09-11T20:58:14.2153948Z [command]"C:\Program Files\Git\bin\git.exe" config --local --name-only --get-regexp http\.https\:\/\/github\.com\/\.extraheader
2026-09-11T20:58:14.2698718Z [command]"C:\Program Files\Git\bin\git.exe" submodule foreach --recursive "sh -c \"git config --local --name-only --get-regexp 'http\.https\:\/\/github\.com\/\.extraheader' && git config --local --unset-all 'http.https://github.com/.extraheader' || :\""
2026-09-11T20:58:15.5201657Z Removing includeIf entries pointing to credentials config files
2026-09-11T20:58:15.5223575Z [command]"C:\Program Files\Git\bin\git.exe" config --local --name-only --get-regexp ^includeIf\.gitdir:
2026-09-11T20:58:15.5750705Z [command]"C:\Program Files\Git\bin\git.exe" submodule foreach --recursive "git config --local --show-origin --name-only --get-regexp remote.origin.url"
2026-09-11T20:58:16.8374005Z [command]"C:\Program Files\Git\bin\git.exe" config --file C:\a\_temp\git-credentials-4631aa63-e9fc-469c-9230-56b0b8166846.config http.https://github.com/.extraheader "AUTHORIZATION: basic ***"
2026-09-11T20:58:16.8936876Z [command]"C:\Program Files\Git\bin\git.exe" config --local includeIf.gitdir:C:/a/Silex/Silex/.git.path C:\a\_temp\git-credentials-4631aa63-e9fc-469c-9230-56b0b8166846.config
2026-09-11T20:58:16.9466188Z [command]"C:\Program Files\Git\bin\git.exe" config --local includeIf.gitdir:C:/a/Silex/Silex/.git/worktrees/*.path C:\a\_temp\git-credentials-4631aa63-e9fc-469c-9230-56b0b8166846.config
2026-09-11T20:58:17.0010114Z [command]"C:\Program Files\Git\bin\git.exe" config --local includeIf.gitdir:/github/workspace/.git.path /github/runner_temp/git-credentials-4631aa63-e9fc-469c-9230-56b0b8166846.config
2026-09-11T20:58:17.0594550Z [command]"C:\Program Files\Git\bin\git.exe" config --local includeIf.gitdir:/github/workspace/.git/worktrees/*.path /github/runner_temp/git-credentials-4631aa63-e9fc-469c-9230-56b0b8166846.config
2026-09-11T20:58:17.1130872Z ##[endgroup]
2026-09-11T20:58:17.1131259Z ##[group]Fetching the repository
2026-09-11T20:58:17.1147229Z [command]"C:\Program Files\Git\bin\git.exe" -c protocol.version=2 fetch --no-tags --prune --no-recurse-submodules --depth=1 origin +5ff94ab7471b4d2c2b1d3c7cbdb03b6572bbceae:refs/remotes/origin/spec-silex-optimization-parity-completion
2026-09-11T20:58:18.9663617Z From https://github.com/Matanek/Silex
2026-09-11T20:58:18.9664293Z  * [new ref]         5ff94ab7471b4d2c2b1d3c7cbdb03b6572bbceae -> origin/spec-silex-optimization-parity-completion
2026-09-11T20:58:18.9734560Z [command]"C:\Program Files\Git\bin\git.exe" branch --list --remote origin/spec-silex-optimization-parity-completion
2026-09-11T20:58:19.0270590Z   origin/spec-silex-optimization-parity-completion
2026-09-11T20:58:19.0329736Z [command]"C:\Program Files\Git\bin\git.exe" rev-parse refs/remotes/origin/spec-silex-optimization-parity-completion
2026-09-11T20:58:19.0881041Z 5ff94ab7471b4d2c2b1d3c7cbdb03b6572bbceae
2026-09-11T20:58:19.0929571Z ##[endgroup]
2026-09-11T20:58:19.0929947Z ##[group]Determining the checkout info
2026-09-11T20:58:19.0931717Z ##[endgroup]
2026-09-11T20:58:19.0941315Z [command]"C:\Program Files\Git\bin\git.exe" sparse-checkout disable
2026-09-11T20:58:19.1707263Z [command]"C:\Program Files\Git\bin\git.exe" config --local --unset-all extensions.worktreeConfig
2026-09-11T20:58:19.2231177Z ##[group]Checking out the ref
2026-09-11T20:58:19.2242533Z [command]"C:\Program Files\Git\bin\git.exe" checkout --progress --force -B spec-silex-optimization-parity-completion refs/remotes/origin/spec-silex-optimization-parity-completion
2026-09-11T20:58:20.3023479Z Updating files:  63% (904/1422)
2026-09-11T20:58:20.3171861Z Updating files:  64% (911/1422)
2026-09-11T20:58:20.3403152Z Updating files:  65% (925/1422)
2026-09-11T20:58:20.3536704Z Updating files:  66% (939/1422)
2026-09-11T20:58:20.3659149Z Updating files:  67% (953/1422)
2026-09-11T20:58:20.3787684Z Updating files:  68% (967/1422)
2026-09-11T20:58:20.7324023Z Updating files:  69% (982/1422)
2026-09-11T20:58:20.7382605Z Updating files:  70% (996/1422)
2026-09-11T20:58:20.7488583Z Updating files:  71% (1010/1422)
2026-09-11T20:58:20.7576664Z Updating files:  72% (1024/1422)
2026-09-11T20:58:20.7702434Z Updating files:  73% (1039/1422)
2026-09-11T20:58:20.7844314Z Updating files:  74% (1053/1422)
2026-09-11T20:58:20.7962029Z Updating files:  75% (1067/1422)
2026-09-11T20:58:20.8077303Z Updating files:  76% (1081/1422)
2026-09-11T20:58:20.8314780Z Updating files:  77% (1095/1422)
2026-09-11T20:58:20.8407551Z Updating files:  78% (1110/1422)
2026-09-11T20:58:20.8698292Z Updating files:  79% (1124/1422)
2026-09-11T20:58:20.8926785Z Updating files:  80% (1138/1422)
2026-09-11T20:58:20.9274294Z Updating files:  81% (1152/1422)
2026-09-11T20:58:20.9449675Z Updating files:  82% (1167/1422)
2026-09-11T20:58:20.9598554Z Updating files:  83% (1181/1422)
2026-09-11T20:58:21.0093791Z Updating files:  84% (1195/1422)
2026-09-11T20:58:21.0246204Z Updating files:  85% (1209/1422)
2026-09-11T20:58:21.0455294Z Updating files:  86% (1223/1422)
2026-09-11T20:58:21.0569925Z Updating files:  87% (1238/1422)
2026-09-11T20:58:21.0712800Z Updating files:  88% (1252/1422)
2026-09-11T20:58:21.0883122Z Updating files:  89% (1266/1422)
2026-09-11T20:58:21.1011189Z Updating files:  90% (1280/1422)
2026-09-11T20:58:21.1148939Z Updating files:  91% (1295/1422)
2026-09-11T20:58:21.1266196Z Updating files:  92% (1309/1422)
2026-09-11T20:58:21.1394734Z Updating files:  93% (1323/1422)
2026-09-11T20:58:21.1574111Z Updating files:  94% (1337/1422)
2026-09-11T20:58:21.1654816Z Updating files:  95% (1351/1422)
2026-09-11T20:58:21.1845983Z Updating files:  96% (1366/1422)
2026-09-11T20:58:21.2039863Z Updating files:  97% (1380/1422)
2026-09-11T20:58:21.2116899Z Updating files:  98% (1394/1422)
2026-09-11T20:58:21.2326474Z Updating files:  99% (1408/1422)
2026-09-11T20:58:21.2326755Z Updating files: 100% (1422/1422)
2026-09-11T20:58:21.2337702Z Updating files: 100% (1422/1422), done.
2026-09-11T20:58:21.2543719Z Switched to a new branch 'spec-silex-optimization-parity-completion'
2026-09-11T20:58:21.2578438Z branch 'spec-silex-optimization-parity-completion' set up to track 'origin/spec-silex-optimization-parity-completion'.
2026-09-11T20:58:21.2650352Z ##[endgroup]
2026-09-11T20:58:21.3206918Z [command]"C:\Program Files\Git\bin\git.exe" log -1 --format=%H
2026-09-11T20:58:21.3702477Z 5ff94ab7471b4d2c2b1d3c7cbdb03b6572bbceae
2026-09-11T20:58:21.4297413Z Node 20 is being deprecated. This workflow is running with Node 24 by default. If you need to temporarily use Node 20, you can set the ACTIONS_ALLOW_USE_UNSECURE_NODE_VERSION=true environment variable. For more information see: https://github.blog/changelog/2025-09-19-deprecation-of-node-20-on-github-actions-runners/
2026-09-11T20:58:21.4299545Z ##[group]Run actions/download-artifact@v5
2026-09-11T20:58:21.4299805Z with:
2026-09-11T20:58:21.4299981Z   name: windows-arm64-bootstrap
2026-09-11T20:58:21.4300216Z   path: C:\a\_temp/windows-arm64-bootstrap
2026-09-11T20:58:21.4300464Z   merge-multiple: false
2026-09-11T20:58:21.4300667Z   repository: Matanek/Silex
2026-09-11T20:58:21.4301302Z   run-id: 34646654100
2026-09-11T20:58:21.4301479Z ##[endgroup]
2026-09-11T20:58:21.6919501Z Downloading single artifact
2026-09-11T20:58:21.7148764Z (node:7600) [DEP0040] DeprecationWarning: The `punycode` module is deprecated. Please use a userland alternative instead.
2026-09-11T20:58:21.7149760Z (Use `node --trace-deprecation ...` to show where the warning was created)
2026-09-11T20:58:21.8483861Z Preparing to download the following artifacts:
2026-09-11T20:58:21.8484536Z - windows-arm64-bootstrap (ID: 10282355091, Size: 8759034, Expected Digest: sha256:16a6e7afd07fbb9f74097f682ec5fcd14610706e66c8c07898cedf6e86c76b5d)
2026-09-11T20:58:21.9863091Z Redirecting to blob download url: https://productionresultssa19.blob.core.windows.net/actions-results/be4154c7-8180-4643-a77a-95df084f7c0e/workflow-job-run-f4ef30e7-d64b-5e62-9021-906d6947a25d/artifacts/6025fa0f33cc196a1d0d5143db1af8535cef3a92f46066794d8aab3bae73955c.zip
2026-09-11T20:58:21.9864331Z Starting download of artifact to: C:\a\_temp\windows-arm64-bootstrap
2026-09-11T20:58:22.2003590Z (node:7600) [DEP0005] DeprecationWarning: Buffer() is deprecated due to security and usability issues. Please use the Buffer.alloc(), Buffer.allocUnsafe(), or Buffer.from() methods instead.
2026-09-11T20:58:22.7017214Z SHA256 digest of downloaded artifact is 16a6e7afd07fbb9f74097f682ec5fcd14610706e66c8c07898cedf6e86c76b5d
2026-09-11T20:58:22.7017920Z Artifact download completed successfully.
2026-09-11T20:58:22.7018190Z Total of 1 artifact(s) downloaded
2026-09-11T20:58:22.7030229Z Download artifact has finished successfully
2026-09-11T20:58:22.7521682Z ##[group]Run $ErrorActionPreference = "Stop"
2026-09-11T20:58:22.7523057Z [36;1m$ErrorActionPreference = "Stop"[0m
2026-09-11T20:58:22.7523430Z [36;1m$PSNativeCommandUseErrorActionPreference = $true[0m
2026-09-11T20:58:22.7523733Z [36;1m[0m
2026-09-11T20:58:22.7523937Z [36;1mfunction Get-PeMachine([string] $Path) {[0m
2026-09-11T20:58:22.7539529Z [36;1m  $bytes = [System.IO.File]::ReadAllBytes($Path)[0m
2026-09-11T20:58:22.7540141Z [36;1m  if ($bytes.Length -lt 64 -or $bytes[0] -ne 0x4d -or $bytes[1] -ne 0x5a) {[0m
2026-09-11T20:58:22.7540536Z [36;1m    throw "not a PE executable: $Path"[0m
2026-09-11T20:58:22.7540792Z [36;1m  }[0m
2026-09-11T20:58:22.7541021Z [36;1m  $peOffset = [BitConverter]::ToInt32($bytes, 0x3c)[0m
2026-09-11T20:58:22.7541392Z [36;1m  if ($peOffset -lt 0 -or $peOffset + 6 -gt $bytes.Length -or[0m
2026-09-11T20:58:22.7541814Z [36;1m      $bytes[$peOffset] -ne 0x50 -or $bytes[$peOffset + 1] -ne 0x45) {[0m
2026-09-11T20:58:22.7542233Z [36;1m    throw "invalid PE header: $Path"[0m
2026-09-11T20:58:22.7542482Z [36;1m  }[0m
2026-09-11T20:58:22.7542724Z [36;1m  return [BitConverter]::ToUInt16($bytes, $peOffset + 4)[0m
2026-09-11T20:58:22.7543022Z [36;1m}[0m
2026-09-11T20:58:22.7543185Z [36;1m[0m
2026-09-11T20:58:22.7543389Z [36;1mfunction Assert-Arm64Pe([string] $Path) {[0m
2026-09-11T20:58:22.7543680Z [36;1m  $machine = Get-PeMachine $Path[0m
2026-09-11T20:58:22.7543943Z [36;1m  if ($machine -ne 0xaa64) {[0m
2026-09-11T20:58:22.7544447Z [36;1m    throw "expected ARM64 PE machine 0xaa64 for $Path, got 0x$($machine.ToString('x4'))"[0m
2026-09-11T20:58:22.7544857Z [36;1m  }[0m
2026-09-11T20:58:22.7545015Z [36;1m}[0m
2026-09-11T20:58:22.7545169Z [36;1m[0m
2026-09-11T20:58:22.7545403Z [36;1mfunction Assert-Arm64CoffArchive([string] $Path) {[0m
2026-09-11T20:58:22.7545754Z [36;1m  $bytes = [System.IO.File]::ReadAllBytes($Path)[0m
2026-09-11T20:58:22.7546149Z [36;1m  $signature = [System.Text.Encoding]::ASCII.GetString($bytes, 0, 8)[0m
2026-09-11T20:58:22.7546532Z [36;1m  if ($signature -ne "!<arch>`n") {[0m
2026-09-11T20:58:22.7546806Z [36;1m    throw "not an archive: $Path"[0m
2026-09-11T20:58:22.7547150Z [36;1m  }[0m
2026-09-11T20:58:22.7547365Z [36;1m  $offset = 8[0m
2026-09-11T20:58:22.7547601Z [36;1m  while ($offset + 60 -le $bytes.Length) {[0m
2026-09-11T20:58:22.7548029Z [36;1m    $sizeText = [System.Text.Encoding]::ASCII.GetString($bytes, $offset + 48, 10).Trim()[0m
2026-09-11T20:58:22.7549055Z [36;1m    $size = 0L[0m
2026-09-11T20:58:22.7549313Z [36;1m    if (-not [long]::TryParse($sizeText, [ref] $size)) {[0m
2026-09-11T20:58:22.7549665Z [36;1m      throw "invalid archive member size in $Path"[0m
2026-09-11T20:58:22.7549941Z [36;1m    }[0m
2026-09-11T20:58:22.7550123Z [36;1m    $dataOffset = $offset + 60[0m
2026-09-11T20:58:22.7550448Z [36;1m    if ($size -ge 2 -and $dataOffset + $size -le $bytes.Length -and[0m
2026-09-11T20:58:22.7550908Z [36;1m        $bytes[$dataOffset] -eq 0x64 -and $bytes[$dataOffset + 1] -eq 0xaa) {[0m
2026-09-11T20:58:22.7551259Z [36;1m      return[0m
2026-09-11T20:58:22.7551438Z [36;1m    }[0m
2026-09-11T20:58:22.7551628Z [36;1m    $offset = $dataOffset + $size[0m
2026-09-11T20:58:22.7551887Z [36;1m    if (($offset % 2) -ne 0) {[0m
2026-09-11T20:58:22.7552154Z [36;1m      $offset++[0m
2026-09-11T20:58:22.7552345Z [36;1m    }[0m
2026-09-11T20:58:22.7552513Z [36;1m  }[0m
2026-09-11T20:58:22.7552772Z [36;1m  throw "archive contains no Windows ARM64 COFF member: $Path"[0m
2026-09-11T20:58:22.7553094Z [36;1m}[0m
2026-09-11T20:58:22.7553251Z [36;1m[0m
2026-09-11T20:58:22.7553546Z [36;1mfunction Assert-PortabilityOutput([string[]] $Output, [string] $Mode) {[0m
2026-09-11T20:58:22.7554049Z [36;1m  $cycleDrops = @($Output | Where-Object { $_ -eq "native cycle drop" }).Count[0m
2026-09-11T20:58:22.7554537Z [36;1m  $copyDrops = @($Output | Where-Object { $_ -eq "copy state drop" }).Count[0m
2026-09-11T20:58:22.7557302Z [36;1m  if ($cycleDrops -ne 6 -or $copyDrops -ne 2) {[0m
2026-09-11T20:58:22.7558046Z [36;1m    throw "$Mode portability output has $cycleDrops cycle drops and $copyDrops copy drops"[0m
2026-09-11T20:58:22.7558465Z [36;1m  }[0m
2026-09-11T20:58:22.7558625Z [36;1m}[0m
2026-09-11T20:58:22.7558780Z [36;1m[0m
2026-09-11T20:58:22.7559083Z [36;1mfunction Invoke-NativeCapture([string] $Path, [string[]] $Arguments = @()) {[0m
2026-09-11T20:58:22.7559574Z [36;1m  $startInfo = [System.Diagnostics.ProcessStartInfo]::new()[0m
2026-09-11T20:58:22.7559919Z [36;1m  $startInfo.FileName = $Path[0m
2026-09-11T20:58:22.7560185Z [36;1m  $startInfo.UseShellExecute = $false[0m
2026-09-11T20:58:22.7560498Z [36;1m  $startInfo.RedirectStandardOutput = $true[0m
2026-09-11T20:58:22.7560817Z [36;1m  $startInfo.RedirectStandardError = $true[0m
2026-09-11T20:58:22.7561117Z [36;1m  foreach ($argument in $Arguments) {[0m
2026-09-11T20:58:22.7561415Z [36;1m    $startInfo.ArgumentList.Add($argument)[0m
2026-09-11T20:58:22.7561679Z [36;1m  }[0m
2026-09-11T20:58:22.7561901Z [36;1m  $process = [System.Diagnostics.Process]::new()[0m
2026-09-11T20:58:22.7562207Z [36;1m  $process.StartInfo = $startInfo[0m
2026-09-11T20:58:22.7562470Z [36;1m  if (-not $process.Start()) {[0m
2026-09-11T20:58:22.7562762Z [36;1m    throw "failed to start native command: $Path"[0m
2026-09-11T20:58:22.7563033Z [36;1m  }[0m
2026-09-11T20:58:22.7563264Z [36;1m  $stdout = $process.StandardOutput.ReadToEnd()[0m
2026-09-11T20:58:22.7563598Z [36;1m  $stderr = $process.StandardError.ReadToEnd()[0m
2026-09-11T20:58:22.7563897Z [36;1m  $process.WaitForExit()[0m
2026-09-11T20:58:22.7564143Z [36;1m  if ($process.ExitCode -ne 0) {[0m
2026-09-11T20:58:22.7564541Z [36;1m    throw "native command failed with exit code $($process.ExitCode): $Path`n$stderr"[0m
2026-09-11T20:58:22.7564934Z [36;1m  }[0m
2026-09-11T20:58:22.7565213Z [36;1m  return @($stdout -split "`r?`n" | Where-Object { $_.Length -ne 0 })[0m
2026-09-11T20:58:22.7565547Z [36;1m}[0m
2026-09-11T20:58:22.7565704Z [36;1m[0m
2026-09-11T20:58:22.7566089Z [36;1m$architecture = [System.Runtime.InteropServices.RuntimeInformation]::OSArchitecture.ToString()[0m
2026-09-11T20:58:22.7566694Z [36;1mif ($env:PROCESSOR_ARCHITECTURE -ne "ARM64" -or $architecture -ne "Arm64") {[0m
2026-09-11T20:58:22.7574355Z [36;1m  throw "expected a native Windows ARM64 runner, got PROCESSOR_ARCHITECTURE=$env:PROCESSOR_ARCHITECTURE OSArchitecture=$architecture"[0m
2026-09-11T20:58:22.7576327Z [36;1m}[0m
2026-09-11T20:58:22.7576490Z [36;1m[0m
2026-09-11T20:58:22.7576773Z [36;1m$bootstrapRoot = Join-Path $env:RUNNER_TEMP "windows-arm64-bootstrap"[0m
2026-09-11T20:58:22.7577185Z [36;1m$buildPrefix = Join-Path $bootstrapRoot "silex"[0m
2026-09-11T20:58:22.7577537Z [36;1m$builtSilex = Join-Path $buildPrefix "bin/silex.exe"[0m
2026-09-11T20:58:22.7577850Z [36;1mAssert-Arm64Pe $builtSilex[0m
2026-09-11T20:58:22.7578070Z [36;1m[0m
2026-09-11T20:58:22.7578451Z [36;1m$probeRoot = Join-Path $env:GITHUB_WORKSPACE "Tests/Target/windows-arm64/WindowsArm64BoundaryProbe"[0m
2026-09-11T20:58:22.7579021Z [36;1m$boundaryDirectory = Join-Path $probeRoot "Boundary/windows-arm64"[0m
2026-09-11T20:58:22.7579518Z [36;1m$boundaryArchive = Join-Path $boundaryDirectory "BoundaryProbe.lib"[0m
2026-09-11T20:58:22.7579986Z [36;1mNew-Item -ItemType Directory -Force $boundaryDirectory | Out-Null[0m
2026-09-11T20:58:22.7580510Z [36;1mCopy-Item (Join-Path $bootstrapRoot "boundary/BoundaryProbe.lib") $boundaryArchive[0m
2026-09-11T20:58:22.7580958Z [36;1mAssert-Arm64CoffArchive $boundaryArchive[0m
2026-09-11T20:58:22.7581219Z [36;1m[0m
2026-09-11T20:58:22.7581516Z [36;1m$distributionArchive = Join-Path $env:RUNNER_TEMP "silex-windows-arm64.zip"[0m
2026-09-11T20:58:22.7582092Z [36;1mCompress-Archive -Path (Join-Path $buildPrefix "*") -DestinationPath $distributionArchive[0m
2026-09-11T20:58:22.7583741Z [36;1mWrite-Output "distribution sha256=$((Get-FileHash $distributionArchive -Algorithm SHA256).Hash.ToLowerInvariant())"[0m
2026-09-11T20:58:22.7584406Z [36;1mRemove-Item -Recurse -Force $buildPrefix[0m
2026-09-11T20:58:22.7584769Z [36;1m$installRoot = Join-Path $env:RUNNER_TEMP "silex-install"[0m
2026-09-11T20:58:22.7585206Z [36;1mExpand-Archive $distributionArchive -DestinationPath $installRoot[0m
2026-09-11T20:58:22.7585612Z [36;1m$silex = Join-Path $installRoot "bin/silex.exe"[0m
2026-09-11T20:58:22.7585904Z [36;1mAssert-Arm64Pe $silex[0m
2026-09-11T20:58:22.7586111Z [36;1m[0m
2026-09-11T20:58:22.7586329Z [36;1m$env:USERPROFILE = Join-Path $env:RUNNER_TEMP "home"[0m
2026-09-11T20:58:22.7586634Z [36;1m$env:HOME = $env:USERPROFILE[0m
2026-09-11T20:58:22.7586968Z [36;1mNew-Item -ItemType Directory -Force $env:USERPROFILE | Out-Null[0m
2026-09-11T20:58:22.7587316Z [36;1m& $silex --version[0m
2026-09-11T20:58:22.7587536Z [36;1m$targets = @(& $silex targets)[0m
2026-09-11T20:58:22.7587836Z [36;1mif ($targets -notcontains "windows-arm64 (host)") {[0m
2026-09-11T20:58:22.7588207Z [36;1m  throw "windows-arm64 is not reported as the native host"[0m
2026-09-11T20:58:22.7588515Z [36;1m}[0m
2026-09-11T20:58:22.7588675Z [36;1m& $silex setup[0m
2026-09-11T20:58:22.7588866Z [36;1m[0m
2026-09-11T20:58:22.7589283Z [36;1m$managedZig = Join-Path $env:USERPROFILE ".silex/toolchain/zig/0.16.0/windows-x64/zig-x86_64-windows-0.16.0/zig.exe"[0m
2026-09-11T20:58:22.7590173Z [36;1m$shadercross = Join-Path $env:USERPROFILE ".silex/toolchain/shadercross/3.0.0/windows-arm64/SDL3_shadercross-3.0.0-windows-VC-x64/bin/shadercross.exe"[0m
2026-09-11T20:58:22.7590857Z [36;1m$managedZigMachine = Get-PeMachine $managedZig[0m
2026-09-11T20:58:22.7591174Z [36;1mif ($managedZigMachine -ne 0x8664) {[0m
2026-09-11T20:58:22.7591648Z [36;1m  throw "expected the declared X64 managed linker, got machine 0x$($managedZigMachine.ToString('x4'))"[0m
2026-09-11T20:58:22.7592095Z [36;1m}[0m
2026-09-11T20:58:22.7592308Z [36;1m$shaderMachine = Get-PeMachine $shadercross[0m
2026-09-11T20:58:22.7592604Z [36;1mif ($shaderMachine -ne 0x8664) {[0m
2026-09-11T20:58:22.7593110Z [36;1m  throw "expected the declared x64 Shadercross compatibility tool, got machine 0x$($shaderMachine.ToString('x4'))"[0m
2026-09-11T20:58:22.7593602Z [36;1m}[0m
2026-09-11T20:58:22.7593771Z [36;1m& $managedZig version[0m
2026-09-11T20:58:22.7594061Z [36;1m& $shadercross --help | Select-Object -First 1[0m
2026-09-11T20:58:22.7594744Z [36;1m[0m
2026-09-11T20:58:22.7595057Z [36;1m$env:PATH = "$env:SystemRoot\system32;$env:SystemRoot;$env:SystemRoot\System32\Wbem"[0m
2026-09-11T20:58:22.7595439Z [36;1m[0m
2026-09-11T20:58:22.7595779Z [36;1m$portabilitySource = Join-Path $env:GITHUB_WORKSPACE "Tests/Native/NativePortability.sx"[0m
2026-09-11T20:58:22.7596589Z [36;1m# Preserve and inspect independently linked tests if native execution[0m
2026-09-11T20:58:22.7597025Z [36;1m# fails before PowerShell can report the full NTSTATUS.[0m
2026-09-11T20:58:22.7597409Z [36;1m$PSNativeCommandUseErrorActionPreference = $false[0m
2026-09-11T20:58:22.7597756Z [36;1m& $silex test $portabilitySource --nocache[0m
2026-09-11T20:58:22.7598038Z [36;1m$testExitCode = $LASTEXITCODE[0m
2026-09-11T20:58:22.7598281Z [36;1mif ($testExitCode -ne 0) {[0m
2026-09-11T20:58:22.7598650Z [36;1m  $debuggersRoot = Join-Path ${env:ProgramFiles(x86)} "Windows Kits/10/Debuggers"[0m
2026-09-11T20:58:22.7599236Z [36;1m  $cdb = Get-ChildItem $debuggersRoot -Filter cdb.exe -Recurse -ErrorAction SilentlyContinue |[0m
2026-09-11T20:58:22.7599741Z [36;1m    Where-Object { $_.FullName -match '[\\/]arm64[\\/]' } |[0m
2026-09-11T20:58:22.7600057Z [36;1m    Select-Object -First 1[0m
2026-09-11T20:58:22.7600433Z [36;1m  $failedTests = @(Get-ChildItem (Join-Path $env:GITHUB_WORKSPACE ".silex/test") `[0m
2026-09-11T20:58:22.7600871Z [36;1m    -Filter "NativePortability-*.exe" -File)[0m
2026-09-11T20:58:22.7601147Z [36;1m  if ($null -ne $cdb) {[0m
2026-09-11T20:58:22.7601707Z [36;1m    foreach ($failedTest in $failedTests) {[0m
2026-09-11T20:58:22.7602057Z [36;1m      Assert-Arm64Pe $failedTest.FullName[0m
2026-09-11T20:58:22.7602505Z [36;1m      Write-Output "debugging retained ARM64 test $($failedTest.Name) with $($cdb.FullName)"[0m
2026-09-11T20:58:22.7603120Z [36;1m      & $cdb.FullName -lines -c "g; .ecxr; !analyze -v; r; kv; ub @pc L10; u @pc L40; q" $failedTest.FullName[0m
2026-09-11T20:58:22.7603549Z [36;1m    }[0m
2026-09-11T20:58:22.7603715Z [36;1m  }[0m
2026-09-11T20:58:22.7604011Z [36;1m  throw "Windows ARM64 native test slice failed with exit code $testExitCode"[0m
2026-09-11T20:58:22.7604380Z [36;1m}[0m
2026-09-11T20:58:22.7604610Z [36;1m$PSNativeCommandUseErrorActionPreference = $true[0m
2026-09-11T20:58:22.7604904Z [36;1m[0m
2026-09-11T20:58:22.7605212Z [36;1m$portabilityDebug = Join-Path $env:RUNNER_TEMP "native-portability-debug.exe"[0m
2026-09-11T20:58:22.7605770Z [36;1m$portabilityRelease = Join-Path $env:RUNNER_TEMP "native-portability-release.exe"[0m
2026-09-11T20:58:22.7606312Z [36;1m& $silex compile $portabilitySource --debug --nocache -o $portabilityDebug[0m
2026-09-11T20:58:22.7606835Z [36;1m& $silex compile $portabilitySource --release --nocache -o $portabilityRelease[0m
2026-09-11T20:58:22.7607245Z [36;1mAssert-Arm64Pe $portabilityDebug[0m
2026-09-11T20:58:22.7613610Z [36;1mAssert-Arm64Pe $portabilityRelease[0m
2026-09-11T20:58:22.7613986Z [36;1m$debugOutput = @(Invoke-NativeCapture $portabilityDebug)[0m
2026-09-11T20:58:22.7614399Z [36;1m$releaseOutput = @(Invoke-NativeCapture $portabilityRelease)[0m
2026-09-11T20:58:22.7614785Z [36;1mAssert-PortabilityOutput $debugOutput "Debug"[0m
2026-09-11T20:58:22.7615135Z [36;1mAssert-PortabilityOutput $releaseOutput "Release"[0m
2026-09-11T20:58:22.7615582Z [36;1mif (@(Compare-Object $debugOutput $releaseOutput -SyncWindow 0).Count -ne 0) {[0m
2026-09-11T20:58:22.7616035Z [36;1m  throw "Debug and Release portability outputs differ"[0m
2026-09-11T20:58:22.7616600Z [36;1m}[0m
2026-09-11T20:58:22.7616754Z [36;1m[0m
2026-09-11T20:58:22.7616955Z [36;1m& $silex test $portabilitySource --nocache[0m
2026-09-11T20:58:22.7617212Z [36;1m[0m
2026-09-11T20:58:22.7617528Z [36;1m$smokeSource = Join-Path $env:GITHUB_WORKSPACE "Tests/Native/DistributionSmoke.sx"[0m
2026-09-11T20:58:22.7618160Z [36;1m$debugSmoke = @(Invoke-NativeCapture -Path $silex -Arguments @("run", $smokeSource, "--debug", "--nocache"))[0m
2026-09-11T20:58:22.7619403Z [36;1m$releaseSmoke = @(Invoke-NativeCapture -Path $silex -Arguments @("run", $smokeSource, "--release", "--nocache"))[0m
2026-09-11T20:58:22.7620035Z [36;1mif ($debugSmoke.Count -ne 1 -or $debugSmoke[0] -ne "silex distribution ready" -or[0m
2026-09-11T20:58:22.7620566Z [36;1m    $releaseSmoke.Count -ne 1 -or $releaseSmoke[0] -ne "silex distribution ready") {[0m
2026-09-11T20:58:22.7620984Z [36;1m  throw "distribution run smoke failed"[0m
2026-09-11T20:58:22.7621234Z [36;1m}[0m
2026-09-11T20:58:22.7621525Z [36;1m$standaloneSmoke = Join-Path $env:RUNNER_TEMP "distribution-smoke.exe"[0m
2026-09-11T20:58:22.7621996Z [36;1m& $silex compile $smokeSource --release --nocache -o $standaloneSmoke[0m
2026-09-11T20:58:22.7622366Z [36;1mAssert-Arm64Pe $standaloneSmoke[0m
2026-09-11T20:58:22.7622701Z [36;1m$standaloneOutput = @(Invoke-NativeCapture $standaloneSmoke)[0m
2026-09-11T20:58:22.7623219Z [36;1mif ($standaloneOutput.Count -ne 1 -or $standaloneOutput[0] -ne "silex distribution ready") {[0m
2026-09-11T20:58:22.7623697Z [36;1m  throw "standalone distribution smoke failed"[0m
2026-09-11T20:58:22.7623968Z [36;1m}[0m
2026-09-11T20:58:22.7624118Z [36;1m[0m
2026-09-11T20:58:22.7624357Z [36;1m$boundaryTest = Join-Path $probeRoot "Tests/Boundary.sx"[0m
2026-09-11T20:58:22.7624767Z [36;1m$boundaryMain = Join-Path $probeRoot "Tests/BoundaryMain.sx"[0m
2026-09-11T20:58:22.7625127Z [36;1m& $silex test $boundaryTest --nocache[0m
2026-09-11T20:58:22.7625748Z [36;1m$boundaryDebug = Join-Path $env:RUNNER_TEMP "boundary-debug.exe"[0m
2026-09-11T20:58:22.7626272Z [36;1m$boundaryRelease = Join-Path $env:RUNNER_TEMP "boundary-release.exe"[0m
2026-09-11T20:58:22.7626734Z [36;1m& $silex compile $boundaryMain --debug --nocache -o $boundaryDebug[0m
2026-09-11T20:58:22.7627187Z [36;1m& $silex compile $boundaryMain --release --nocache -o $boundaryRelease[0m
2026-09-11T20:58:22.7627552Z [36;1mAssert-Arm64Pe $boundaryDebug[0m
2026-09-11T20:58:22.7627812Z [36;1mAssert-Arm64Pe $boundaryRelease[0m
2026-09-11T20:58:22.7628153Z [36;1m$boundaryDebugOutput = @(Invoke-NativeCapture $boundaryDebug)[0m
2026-09-11T20:58:22.7628600Z [36;1m$boundaryReleaseOutput = @(Invoke-NativeCapture $boundaryRelease)[0m
2026-09-11T20:58:22.7629177Z [36;1mif ($boundaryDebugOutput.Count -ne 1 -or $boundaryDebugOutput[0] -ne "windows arm64 boundary ready" -or[0m
2026-09-11T20:58:22.7629883Z [36;1m    $boundaryReleaseOutput.Count -ne 1 -or $boundaryReleaseOutput[0] -ne "windows arm64 boundary ready") {[0m
2026-09-11T20:58:22.7630407Z [36;1m  throw "Windows ARM64 Boundary smoke failed"[0m
2026-09-11T20:58:22.7630669Z [36;1m}[0m
2026-09-11T20:58:22.7630823Z [36;1m[0m
2026-09-11T20:58:22.7631145Z [36;1m# Copy bytes unchanged into a standalone fixture, without the optimizer's STD graph.[0m
2026-09-11T20:58:22.7631640Z [36;1m$scalarRoot = Join-Path $env:RUNNER_TEMP "scalar-float-fixture"[0m
2026-09-11T20:58:22.7632088Z [36;1mNew-Item -ItemType Directory -Force -Path $scalarRoot | Out-Null[0m
2026-09-11T20:58:22.7632591Z [36;1mSet-Content -Path (Join-Path $scalarRoot "Package.json") -Value '{"sources":"."}'[0m
2026-09-11T20:58:22.7633093Z [36;1m$scalarFixture = Join-Path $scalarRoot "ScalarFloatResidence.sx"[0m
2026-09-11T20:58:22.7633764Z [36;1mCopy-Item (Join-Path $env:GITHUB_WORKSPACE "Toolchain/Benchmarks/Optimizer/Regressions/ScalarFloatResidence.sx") $scalarFixture[0m
2026-09-11T20:58:22.7634365Z [36;1mforeach ($mode in @("debug", "release")) {[0m
2026-09-11T20:58:22.7634780Z [36;1m  $scalarBinary = Join-Path $env:RUNNER_TEMP "scalar-float-residence-$mode.exe"[0m
2026-09-11T20:58:22.7635277Z [36;1m  & $silex compile $scalarFixture "--$mode" --nocache -o $scalarBinary[0m
2026-09-11T20:58:22.7635640Z [36;1m  Assert-Arm64Pe $scalarBinary[0m
2026-09-11T20:58:22.7635961Z [36;1m  $scalarOutput = @(Invoke-NativeCapture $scalarBinary)[0m
2026-09-11T20:58:22.7636871Z [36;1m  if ($LASTEXITCODE -ne 0 -or $scalarOutput.Count -ne 9 -or @($scalarOutput | Where-Object { $_ -ne "true" }).Count -ne 0) {[0m
2026-09-11T20:58:22.7637868Z [36;1m    throw "scalar float residence $mode regression failed"[0m
2026-09-11T20:58:22.7638169Z [36;1m  }[0m
2026-09-11T20:58:22.7638326Z [36;1m}[0m
2026-09-11T20:58:22.7638586Z [36;1m$branchFixture = Join-Path $scalarRoot "BranchComparisons.sx"[0m
2026-09-11T20:58:22.7639232Z [36;1mCopy-Item (Join-Path $env:GITHUB_WORKSPACE "Toolchain/Benchmarks/Optimizer/Regressions/BranchComparisons.sx") $branchFixture[0m
2026-09-11T20:58:22.7639825Z [36;1mforeach ($mode in @("debug", "release")) {[0m
2026-09-11T20:58:22.7640252Z [36;1m  $branchBinary = Join-Path $env:RUNNER_TEMP "branch-comparisons-$mode.exe"[0m
2026-09-11T20:58:22.7640738Z [36;1m  & $silex compile $branchFixture "--$mode" --nocache -o $branchBinary[0m
2026-09-11T20:58:22.7641198Z [36;1m  if ($LASTEXITCODE -ne 0) { throw "branch comparison compilation failed" }[0m
2026-09-11T20:58:22.7641583Z [36;1m  $branchOutput = @(& $branchBinary)[0m
2026-09-11T20:58:22.7642001Z [36;1m  if ($LASTEXITCODE -ne 0 -or $branchOutput.Count -ne 1 -or $branchOutput[0] -ne "true") {[0m
2026-09-11T20:58:22.7642472Z [36;1m    throw "branch comparison $mode regression failed"[0m
2026-09-11T20:58:22.7642761Z [36;1m  }[0m
2026-09-11T20:58:22.7642920Z [36;1m}[0m
2026-09-11T20:58:22.7643180Z [36;1m$snapshotFixture = Join-Path $scalarRoot "BranchSnapshots.sx"[0m
2026-09-11T20:58:22.7644657Z [36;1mCopy-Item (Join-Path $env:GITHUB_WORKSPACE "Toolchain/Benchmarks/Optimizer/Regressions/BranchSnapshots.sx") $snapshotFixture[0m
2026-09-11T20:58:22.7645322Z [36;1mforeach ($mode in @("debug", "release")) {[0m
2026-09-11T20:58:22.7645720Z [36;1m  $snapshotBinary = Join-Path $env:RUNNER_TEMP "branch-snapshots-$mode.exe"[0m
2026-09-11T20:58:22.7646217Z [36;1m  & $silex compile $snapshotFixture "--$mode" --nocache -o $snapshotBinary[0m
2026-09-11T20:58:22.7646690Z [36;1m  if ($LASTEXITCODE -ne 0) { throw "branch snapshot compilation failed" }[0m
2026-09-11T20:58:22.7647079Z [36;1m  $snapshotOutput = @(& $snapshotBinary)[0m
2026-09-11T20:58:22.7647623Z [36;1m  if ($LASTEXITCODE -ne 0 -or $snapshotOutput.Count -ne 8 -or @($snapshotOutput | Where-Object { $_ -ne "true" }).Count -ne 0) {[0m
2026-09-11T20:58:22.7648197Z [36;1m    throw "branch snapshot $mode regression failed"[0m
2026-09-11T20:58:22.7654415Z [36;1m  }[0m
2026-09-11T20:58:22.7654712Z [36;1m}[0m
2026-09-11T20:58:22.7719561Z shell: C:\Program Files\PowerShell\7\pwsh.EXE -command ". '{0}'"
2026-09-11T20:58:22.7719937Z ##[endgroup]
2026-09-11T20:58:24.6927835Z distribution sha256=93e5988df95635446d11d451360bec685ee7c7e5e9c01b55484f1451e9087c99
2026-09-11T20:58:25.0148919Z silex 0.44.1
2026-09-11T20:58:25.5255391Z silex: installed Shadercross for windows-arm64
2026-09-11T20:58:51.5185113Z silex: installed Native linker for windows-arm64
2026-09-11T20:58:56.2470381Z 0.16.0
2026-09-11T20:58:56.7638172Z Usage: shadercross <input> [options]
2026-09-11T20:58:56.7638570Z Required options:
2026-09-11T20:58:56.7639036Z   -s | --source <value>            Source language format. May be inferred from the filename. Values: [SPIRV, HLSL]
2026-09-11T20:58:56.7639811Z   -d | --dest <value>              Destination format. May be inferred from the filename. Values: [DXBC, DXIL, MSL, SPIRV, HLSL, JSON]
2026-09-11T20:58:56.7640580Z   -t | --stage <value>             Shader stage. May be inferred from the filename. Values: [vertex, fragment, compute]
2026-09-11T20:58:56.7641319Z   -e | --entrypoint <value>        Entrypoint function name. Default: "main".
2026-09-11T20:58:56.7641899Z   -o | --output <value>            Output file.
2026-09-11T20:58:56.7642098Z 
2026-09-11T20:58:56.7642201Z Optional options:
2026-09-11T20:58:56.7642532Z   -I | --include <value>           HLSL include directory. Only used with HLSL source.
2026-09-11T20:58:56.7658590Z   -D<name>[=<value>]               HLSL define. Only used with HLSL source. Can be repeated.
2026-09-11T20:58:56.7660360Z                                    If =<value> is omitted the define will be treated as equal to 1.
2026-09-11T20:58:56.7661028Z   --msl-version <value>            Target MSL version. Only used when transpiling to MSL. The default is 1.2.0.
2026-09-11T20:58:56.7662117Z   -c | --cull                      Allow the compiler to cull unused resource bindings. This may lead to surprising binding behavior so be careful when enabling this!
2026-09-11T20:58:56.7663082Z   -g | --debug                     Generate debug information when possible. Shaders are valid only when graphics debuggers are attached.
2026-09-11T20:58:56.7663813Z   -p | --pssl                      Generate PSSL-compatible shader. Destination format should be HLSL.
2026-09-11T21:04:00.3944917Z ok - execute direct indirect and dynamic calls beyond native registers
2026-09-11T21:04:00.7789783Z ok - preserve paired float32 arithmetic on native
2026-09-11T21:04:01.4200135Z ok - mutate a class-owned native list without changing its snapshot
2026-09-11T21:04:01.8335851Z ok - replace class elements in a class-owned native list
2026-09-11T21:04:02.1422457Z ok - preserve embedded byte contents on native
2026-09-11T21:04:02.4369945Z ok - format native floats through the standalone runtime
2026-09-11T21:04:02.7264510Z ok - convert native float precision in both directions
2026-09-11T21:04:03.0186064Z ok - replace and preserve an aliased native list
2026-09-11T21:04:03.3359529Z ok - swap and reverse a native list
2026-09-11T21:04:03.6288894Z ok - grow a native list at every position
2026-09-11T21:04:03.9211008Z ok - remove native list elements from every position
2026-09-11T21:04:04.2200009Z ok - slice view mutate and clear native lists
2026-09-11T21:04:04.5136694Z ok - mutable aggregate view detaches shared native list
2026-09-11T21:04:04.8141085Z copy state drop
2026-09-11T21:04:04.8141417Z copy state drop
2026-09-11T21:04:04.8141903Z ok - deep-copy repeated native class roots without collections
2026-09-11T21:04:05.1206367Z native cycle drop
2026-09-11T21:04:05.1206708Z native cycle drop
2026-09-11T21:04:05.1207224Z ok - finalize a direct native class cycle
2026-09-11T21:04:05.4153147Z native cycle drop
2026-09-11T21:04:05.4153510Z native cycle drop
2026-09-11T21:04:05.4153907Z ok - finalize a native class cycle through lists
2026-09-11T21:04:05.7044142Z native cycle drop
2026-09-11T21:04:05.7044495Z native cycle drop
2026-09-11T21:04:05.7044833Z ok - finalize a native class cycle through protocols
2026-09-11T21:04:06.0308118Z ok - execute the complete native collection mutation slice
2026-09-11T21:04:06.3843614Z copy state drop
2026-09-11T21:04:06.3844017Z copy state drop
2026-09-11T21:04:06.3844402Z ok - execute native ownership and deep-copy runtime
2026-09-11T21:04:06.6749041Z ok - preserve resource aggregates across native list growth
2026-09-11T21:04:06.9858302Z ok - serialize native mutations with mutex
2026-09-11T21:04:07.2816225Z native cycle drop
2026-09-11T21:04:07.2816579Z native cycle drop
2026-09-11T21:04:07.2816965Z native cycle drop
2026-09-11T21:04:07.2817262Z native cycle drop
2026-09-11T21:04:07.2817643Z native cycle drop
2026-09-11T21:04:07.2817954Z native cycle drop
2026-09-11T21:04:07.2818383Z ok - finalize native cycles across direct collection and protocol edges
2026-09-11T21:04:07.2844888Z 22 passed; 0 failed
2026-09-11T21:04:08.2719167Z ok - execute direct indirect and dynamic calls beyond native registers
2026-09-11T21:04:08.5667217Z ok - preserve paired float32 arithmetic on native
2026-09-11T21:04:08.8696574Z ok - mutate a class-owned native list without changing its snapshot
2026-09-11T21:04:09.1698989Z ok - replace class elements in a class-owned native list
2026-09-11T21:04:09.4603214Z ok - preserve embedded byte contents on native
2026-09-11T21:04:09.7693712Z ok - format native floats through the standalone runtime
2026-09-11T21:04:10.0695106Z ok - convert native float precision in both directions
2026-09-11T21:04:10.3680822Z ok - replace and preserve an aliased native list
2026-09-11T21:04:10.6687765Z ok - swap and reverse a native list
2026-09-11T21:04:10.9709357Z ok - grow a native list at every position
2026-09-11T21:04:11.2698480Z ok - remove native list elements from every position
2026-09-11T21:04:11.5632596Z ok - slice view mutate and clear native lists
2026-09-11T21:04:11.8640348Z ok - mutable aggregate view detaches shared native list
2026-09-11T21:04:12.1606812Z copy state drop
2026-09-11T21:04:12.1607062Z copy state drop
2026-09-11T21:04:12.1607352Z ok - deep-copy repeated native class roots without collections
2026-09-11T21:04:12.4512482Z native cycle drop
2026-09-11T21:04:12.4512717Z native cycle drop
2026-09-11T21:04:12.4512927Z ok - finalize a direct native class cycle
2026-09-11T21:04:12.7542188Z native cycle drop
2026-09-11T21:04:12.7542439Z native cycle drop
2026-09-11T21:04:12.7542681Z ok - finalize a native class cycle through lists
2026-09-11T21:04:13.0492341Z native cycle drop
2026-09-11T21:04:13.0492596Z native cycle drop
2026-09-11T21:04:13.0492875Z ok - finalize a native class cycle through protocols
2026-09-11T21:04:13.3625930Z ok - execute the complete native collection mutation slice
2026-09-11T21:04:13.6754198Z copy state drop
2026-09-11T21:04:13.6754434Z copy state drop
2026-09-11T21:04:13.6754672Z ok - execute native ownership and deep-copy runtime
2026-09-11T21:04:13.9803972Z ok - preserve resource aggregates across native list growth
2026-09-11T21:04:14.2772318Z ok - serialize native mutations with mutex
2026-09-11T21:04:14.5677685Z native cycle drop
2026-09-11T21:04:14.5678556Z native cycle drop
2026-09-11T21:04:14.5678979Z native cycle drop
2026-09-11T21:04:14.5679353Z native cycle drop
2026-09-11T21:04:14.5679645Z native cycle drop
2026-09-11T21:04:14.5679911Z native cycle drop
2026-09-11T21:04:14.5680381Z ok - finalize native cycles across direct collection and protocol edges
2026-09-11T21:04:14.5703556Z 22 passed; 0 failed
2026-09-11T21:04:15.7978226Z ok - call an ARM64 package Boundary
2026-09-11T21:04:16.0986110Z ok - round-trip a callback through the Windows ARM64 ABI
2026-09-11T21:04:16.0986598Z 2 passed; 0 failed
2026-09-11T21:04:19.4368643Z Post job cleanup.
2026-09-11T21:04:19.7205126Z [command]"C:\Program Files\Git\bin\git.exe" version
2026-09-11T21:04:19.7679333Z git version 2.55.0.windows.5
2026-09-11T21:04:19.7764416Z Temporarily overriding HOME='C:\a\_temp\8a7fa8b3-e79d-4425-b7b6-0dd0b69c2097' before making global git config changes
2026-09-11T21:04:19.7765101Z Adding repository directory to the temporary git global config as a safe directory
2026-09-11T21:04:19.7774364Z [command]"C:\Program Files\Git\bin\git.exe" config --global --add safe.directory C:\a\Silex\Silex
2026-09-11T21:04:19.8280979Z Removing SSH command configuration
2026-09-11T21:04:19.8293869Z [command]"C:\Program Files\Git\bin\git.exe" config --local --name-only --get-regexp core\.sshCommand
2026-09-11T21:04:19.8813993Z [command]"C:\Program Files\Git\bin\git.exe" submodule foreach --recursive "sh -c \"git config --local --name-only --get-regexp 'core\.sshCommand' && git config --local --unset-all 'core.sshCommand' || :\""
2026-09-11T21:04:21.0284940Z Removing HTTP extra header
2026-09-11T21:04:21.0293948Z [command]"C:\Program Files\Git\bin\git.exe" config --local --name-only --get-regexp http\.https\:\/\/github\.com\/\.extraheader
2026-09-11T21:04:21.0817820Z [command]"C:\Program Files\Git\bin\git.exe" submodule foreach --recursive "sh -c \"git config --local --name-only --get-regexp 'http\.https\:\/\/github\.com\/\.extraheader' && git config --local --unset-all 'http.https://github.com/.extraheader' || :\""
2026-09-11T21:04:22.2505406Z Removing includeIf entries pointing to credentials config files
2026-09-11T21:04:22.2505981Z [command]"C:\Program Files\Git\bin\git.exe" config --local --name-only --get-regexp ^includeIf\.gitdir:
2026-09-11T21:04:22.2973567Z includeif.gitdir:C:/a/Silex/Silex/.git.path
2026-09-11T21:04:22.2974172Z includeif.gitdir:C:/a/Silex/Silex/.git/worktrees/*.path
2026-09-11T21:04:22.2975188Z includeif.gitdir:/github/workspace/.git.path
2026-09-11T21:04:22.2975766Z includeif.gitdir:/github/workspace/.git/worktrees/*.path
2026-09-11T21:04:22.3032840Z [command]"C:\Program Files\Git\bin\git.exe" config --local --get-all includeif.gitdir:C:/a/Silex/Silex/.git.path
2026-09-11T21:04:22.3516222Z C:\a\_temp\git-credentials-4631aa63-e9fc-469c-9230-56b0b8166846.config
2026-09-11T21:04:22.3564001Z [command]"C:\Program Files\Git\bin\git.exe" config --local --unset includeif.gitdir:C:/a/Silex/Silex/.git.path C:\a\_temp\git-credentials-4631aa63-e9fc-469c-9230-56b0b8166846.config
2026-09-11T21:04:22.4090924Z [command]"C:\Program Files\Git\bin\git.exe" config --local --get-all includeif.gitdir:C:/a/Silex/Silex/.git/worktrees/*.path
2026-09-11T21:04:22.4540909Z C:\a\_temp\git-credentials-4631aa63-e9fc-469c-9230-56b0b8166846.config
2026-09-11T21:04:22.4598245Z [command]"C:\Program Files\Git\bin\git.exe" config --local --unset includeif.gitdir:C:/a/Silex/Silex/.git/worktrees/*.path C:\a\_temp\git-credentials-4631aa63-e9fc-469c-9230-56b0b8166846.config
2026-09-11T21:04:22.5113011Z [command]"C:\Program Files\Git\bin\git.exe" config --local --get-all includeif.gitdir:/github/workspace/.git.path
2026-09-11T21:04:22.5571060Z /github/runner_temp/git-credentials-4631aa63-e9fc-469c-9230-56b0b8166846.config
2026-09-11T21:04:22.5626257Z [command]"C:\Program Files\Git\bin\git.exe" config --local --unset includeif.gitdir:/github/workspace/.git.path /github/runner_temp/git-credentials-4631aa63-e9fc-469c-9230-56b0b8166846.config
2026-09-11T21:04:22.6193439Z [command]"C:\Program Files\Git\bin\git.exe" config --local --get-all includeif.gitdir:/github/workspace/.git/worktrees/*.path
2026-09-11T21:04:22.6647738Z /github/runner_temp/git-credentials-4631aa63-e9fc-469c-9230-56b0b8166846.config
2026-09-11T21:04:22.6702212Z [command]"C:\Program Files\Git\bin\git.exe" config --local --unset includeif.gitdir:/github/workspace/.git/worktrees/*.path /github/runner_temp/git-credentials-4631aa63-e9fc-469c-9230-56b0b8166846.config
2026-09-11T21:04:22.7238735Z [command]"C:\Program Files\Git\bin\git.exe" submodule foreach --recursive "git config --local --show-origin --name-only --get-regexp remote.origin.url"
2026-09-11T21:04:23.9789247Z Removing credentials config 'C:\a\_temp\git-credentials-4631aa63-e9fc-469c-9230-56b0b8166846.config'
2026-09-11T21:04:24.0026441Z Cleaning up orphan processes
2026-09-11T21:04:24.0222982Z ##[warning]Node.js 20 is deprecated. The following actions target Node.js 20 but are being forced to run on Node.js 24: actions/download-artifact@v5. For more information see: https://github.blog/changelog/2025-09-19-deprecation-of-node-20-on-github-actions-runners/

