2026-09-11T20:54:27.1055278Z Current runner version: '2.337.0'
2026-09-11T20:54:27.1090261Z ##[group]Runner Image Provisioner
2026-09-11T20:54:27.1091913Z Hosted Compute Agent
2026-09-11T20:54:27.1093014Z Version: 20260828.587
2026-09-11T20:54:27.1094643Z Commit: abac92662cab4cc7352de4f9f9d2e2419aad9c29
2026-09-11T20:54:27.1096045Z Build Date: 2026-08-28T16:44:25Z
2026-09-11T20:54:27.1097252Z Worker ID: {16e1fbda-5673-4e66-997d-9160a85ccf46}
2026-09-11T20:54:27.1098729Z Azure Region: eastus
2026-09-11T20:54:27.1099855Z ##[endgroup]
2026-09-11T20:54:27.1102508Z ##[group]Operating System
2026-09-11T20:54:27.1103920Z Ubuntu
2026-09-11T20:54:27.1104809Z 24.04.5
2026-09-11T20:54:27.1105853Z LTS
2026-09-11T20:54:27.1106721Z ##[endgroup]
2026-09-11T20:54:27.1108374Z ##[group]Runner Image
2026-09-11T20:54:27.1109488Z Image: ubuntu-24.04
2026-09-11T20:54:27.1110569Z Version: 20260907.300.1
2026-09-11T20:54:27.1112841Z Included Software: https://github.com/actions/runner-images/blob/ubuntu24/20260907.300/images/ubuntu/Ubuntu2404-Readme.md
2026-09-11T20:54:27.1116229Z Image Release: https://github.com/actions/runner-images/releases/tag/ubuntu24%2F20260907.300
2026-09-11T20:54:27.1118105Z ##[endgroup]
2026-09-11T20:54:27.1120253Z ##[group]GITHUB_TOKEN Permissions
2026-09-11T20:54:27.1123371Z Contents: read
2026-09-11T20:54:27.1124684Z Metadata: read
2026-09-11T20:54:27.1125644Z ##[endgroup]
2026-09-11T20:54:27.1128843Z Secret source: Actions
2026-09-11T20:54:27.1130373Z Cache mode: write
2026-09-11T20:54:27.1132250Z Prepare workflow directory
2026-09-11T20:54:27.1616462Z Prepare all required actions
2026-09-11T20:54:27.1689186Z Getting action download info
2026-09-11T20:54:27.3421055Z Download action repository 'actions/checkout@v6' (SHA:d23441a48e516b6c34aea4fa41551a30e30af803)
2026-09-11T20:54:27.5577868Z Complete job name: linux-x64
2026-09-11T20:54:27.6376176Z ##[group]Run actions/checkout@v6
2026-09-11T20:54:27.6377081Z with:
2026-09-11T20:54:27.6377515Z   repository: Matanek/Silex
2026-09-11T20:54:27.6381486Z   token: ***
2026-09-11T20:54:27.6381939Z   ssh-strict: true
2026-09-11T20:54:27.6382382Z   ssh-user: git
2026-09-11T20:54:27.6382827Z   persist-credentials: true
2026-09-11T20:54:27.6383315Z   clean: true
2026-09-11T20:54:27.6383974Z   sparse-checkout-cone-mode: true
2026-09-11T20:54:27.6384497Z   fetch-depth: 1
2026-09-11T20:54:27.6384926Z   fetch-tags: false
2026-09-11T20:54:27.6385371Z   show-progress: true
2026-09-11T20:54:27.6385820Z   lfs: false
2026-09-11T20:54:27.6386236Z   submodules: false
2026-09-11T20:54:27.6386685Z   set-safe-directory: true
2026-09-11T20:54:27.6387189Z   allow-unsafe-pr-checkout: false
2026-09-11T20:54:27.6387968Z ##[endgroup]
2026-09-11T20:54:27.7380185Z Syncing repository: Matanek/Silex
2026-09-11T20:54:27.7382859Z ##[group]Getting Git version info
2026-09-11T20:54:27.7384301Z Working directory is '/home/runner/work/Silex/Silex'
2026-09-11T20:54:27.7386130Z [command]/usr/bin/git version
2026-09-11T20:54:27.7463012Z git version 2.55.0
2026-09-11T20:54:27.7512806Z ##[endgroup]
2026-09-11T20:54:27.7529367Z Temporarily overriding HOME='/home/runner/work/_temp/0b6f8034-615f-4f80-b9b8-def150386a20' before making global git config changes
2026-09-11T20:54:27.7530764Z Adding repository directory to the temporary git global config as a safe directory
2026-09-11T20:54:27.7532332Z [command]/usr/bin/git config --global --add safe.directory /home/runner/work/Silex/Silex
2026-09-11T20:54:27.7576405Z Deleting the contents of '/home/runner/work/Silex/Silex'
2026-09-11T20:54:27.7588024Z ##[group]Determining repository object format
2026-09-11T20:54:27.7589184Z ##[endgroup]
2026-09-11T20:54:27.7590155Z ##[group]Initializing the repository
2026-09-11T20:54:27.7599394Z [command]/usr/bin/git init /home/runner/work/Silex/Silex
2026-09-11T20:54:27.7726898Z hint: Using 'master' as the name for the initial branch. This default branch name
2026-09-11T20:54:27.7729131Z hint: will change to "main" in Git 3.0. To configure the initial branch name
2026-09-11T20:54:27.7730874Z hint: to use in all of your new repositories, which will suppress this warning,
2026-09-11T20:54:27.7732576Z hint: call:
2026-09-11T20:54:27.7733251Z hint:
2026-09-11T20:54:27.7734289Z hint: 	git config --global init.defaultBranch <name>
2026-09-11T20:54:27.7735458Z hint:
2026-09-11T20:54:27.7736518Z hint: Names commonly chosen instead of 'master' are 'main', 'trunk' and
2026-09-11T20:54:27.7738225Z hint: 'development'. The just-created branch can be renamed via this command:
2026-09-11T20:54:27.7739548Z hint:
2026-09-11T20:54:27.7740243Z hint: 	git branch -m <name>
2026-09-11T20:54:27.7741105Z hint:
2026-09-11T20:54:27.7742254Z hint: Disable this message with "git config set advice.defaultBranchName false"
2026-09-11T20:54:27.7744516Z Initialized empty Git repository in /home/runner/work/Silex/Silex/.git/
2026-09-11T20:54:27.7756329Z [command]/usr/bin/git remote add origin https://github.com/Matanek/Silex
2026-09-11T20:54:27.7807439Z ##[endgroup]
2026-09-11T20:54:27.7808634Z ##[group]Disabling automatic garbage collection
2026-09-11T20:54:27.7811487Z [command]/usr/bin/git config --local gc.auto 0
2026-09-11T20:54:27.7842375Z ##[endgroup]
2026-09-11T20:54:27.7843780Z ##[group]Setting up auth
2026-09-11T20:54:27.7844742Z Removing SSH command configuration
2026-09-11T20:54:27.7850957Z [command]/usr/bin/git config --local --name-only --get-regexp core\.sshCommand
2026-09-11T20:54:27.7895489Z [command]/usr/bin/git submodule foreach --recursive sh -c "git config --local --name-only --get-regexp 'core\.sshCommand' && git config --local --unset-all 'core.sshCommand' || :"
2026-09-11T20:54:27.8296969Z Removing HTTP extra header
2026-09-11T20:54:27.8303630Z [command]/usr/bin/git config --local --name-only --get-regexp http\.https\:\/\/github\.com\/\.extraheader
2026-09-11T20:54:27.8342149Z [command]/usr/bin/git submodule foreach --recursive sh -c "git config --local --name-only --get-regexp 'http\.https\:\/\/github\.com\/\.extraheader' && git config --local --unset-all 'http.https://github.com/.extraheader' || :"
2026-09-11T20:54:27.8558603Z Removing includeIf entries pointing to credentials config files
2026-09-11T20:54:27.8565825Z [command]/usr/bin/git config --local --name-only --get-regexp ^includeIf\.gitdir:
2026-09-11T20:54:27.8605858Z [command]/usr/bin/git submodule foreach --recursive git config --local --show-origin --name-only --get-regexp remote.origin.url
2026-09-11T20:54:27.8834890Z [command]/usr/bin/git config --file /home/runner/work/_temp/git-credentials-a6f65a32-e27d-43df-890c-50d0de59533f.config http.https://github.com/.extraheader AUTHORIZATION: basic ***
2026-09-11T20:54:27.8877222Z [command]/usr/bin/git config --local includeIf.gitdir:/home/runner/work/Silex/Silex/.git.path /home/runner/work/_temp/git-credentials-a6f65a32-e27d-43df-890c-50d0de59533f.config
2026-09-11T20:54:27.8913868Z [command]/usr/bin/git config --local includeIf.gitdir:/home/runner/work/Silex/Silex/.git/worktrees/*.path /home/runner/work/_temp/git-credentials-a6f65a32-e27d-43df-890c-50d0de59533f.config
2026-09-11T20:54:27.8955274Z [command]/usr/bin/git config --local includeIf.gitdir:/github/workspace/.git.path /github/runner_temp/git-credentials-a6f65a32-e27d-43df-890c-50d0de59533f.config
2026-09-11T20:54:27.8992158Z [command]/usr/bin/git config --local includeIf.gitdir:/github/workspace/.git/worktrees/*.path /github/runner_temp/git-credentials-a6f65a32-e27d-43df-890c-50d0de59533f.config
2026-09-11T20:54:27.9025542Z ##[endgroup]
2026-09-11T20:54:27.9026985Z ##[group]Fetching the repository
2026-09-11T20:54:27.9036967Z [command]/usr/bin/git -c protocol.version=2 fetch --no-tags --prune --no-recurse-submodules --depth=1 origin +5ff94ab7471b4d2c2b1d3c7cbdb03b6572bbceae:refs/remotes/origin/spec-silex-optimization-parity-completion
2026-09-11T20:54:28.8475554Z From https://github.com/Matanek/Silex
2026-09-11T20:54:28.8478630Z  * [new ref]         5ff94ab7471b4d2c2b1d3c7cbdb03b6572bbceae -> origin/spec-silex-optimization-parity-completion
2026-09-11T20:54:28.8487718Z [command]/usr/bin/git branch --list --remote origin/spec-silex-optimization-parity-completion
2026-09-11T20:54:28.8517743Z   origin/spec-silex-optimization-parity-completion
2026-09-11T20:54:28.8530396Z [command]/usr/bin/git rev-parse refs/remotes/origin/spec-silex-optimization-parity-completion
2026-09-11T20:54:28.8559283Z 5ff94ab7471b4d2c2b1d3c7cbdb03b6572bbceae
2026-09-11T20:54:28.8572465Z ##[endgroup]
2026-09-11T20:54:28.8574002Z ##[group]Determining the checkout info
2026-09-11T20:54:28.8575520Z ##[endgroup]
2026-09-11T20:54:28.8578240Z [command]/usr/bin/git sparse-checkout disable
2026-09-11T20:54:28.8636263Z [command]/usr/bin/git config --local --unset-all extensions.worktreeConfig
2026-09-11T20:54:28.8670827Z ##[group]Checking out the ref
2026-09-11T20:54:28.8674742Z [command]/usr/bin/git checkout --progress --force -B spec-silex-optimization-parity-completion refs/remotes/origin/spec-silex-optimization-parity-completion
2026-09-11T20:54:29.0354870Z Switched to a new branch 'spec-silex-optimization-parity-completion'
2026-09-11T20:54:29.0360623Z branch 'spec-silex-optimization-parity-completion' set up to track 'origin/spec-silex-optimization-parity-completion'.
2026-09-11T20:54:29.0375695Z ##[endgroup]
2026-09-11T20:54:29.0422925Z [command]/usr/bin/git log -1 --format=%H
2026-09-11T20:54:29.0450910Z 5ff94ab7471b4d2c2b1d3c7cbdb03b6572bbceae
2026-09-11T20:54:29.0814738Z ##[group]Run actions/checkout@v6
2026-09-11T20:54:29.0815414Z with:
2026-09-11T20:54:29.0815888Z   repository: Matanek/Silex-Lib-STD
2026-09-11T20:54:29.0816617Z   ref: 5a018305fb470dfe00e94466150b3c04f207e252
2026-09-11T20:54:29.0817369Z   path: Dependencies/STD
2026-09-11T20:54:29.0826410Z   token: ***
2026-09-11T20:54:29.0826877Z   ssh-strict: true
2026-09-11T20:54:29.0827372Z   ssh-user: git
2026-09-11T20:54:29.0827876Z   persist-credentials: true
2026-09-11T20:54:29.0828453Z   clean: true
2026-09-11T20:54:29.0828952Z   sparse-checkout-cone-mode: true
2026-09-11T20:54:29.0829622Z   fetch-depth: 1
2026-09-11T20:54:29.0830114Z   fetch-tags: false
2026-09-11T20:54:29.0830619Z   show-progress: true
2026-09-11T20:54:29.0831120Z   lfs: false
2026-09-11T20:54:29.0831563Z   submodules: false
2026-09-11T20:54:29.0832100Z   set-safe-directory: true
2026-09-11T20:54:29.0832713Z   allow-unsafe-pr-checkout: false
2026-09-11T20:54:29.0833350Z ##[endgroup]
2026-09-11T20:54:29.1659130Z Syncing repository: Matanek/Silex-Lib-STD
2026-09-11T20:54:29.1668342Z ##[group]Getting Git version info
2026-09-11T20:54:29.1670192Z Working directory is '/home/runner/work/Silex/Silex/Dependencies/STD'
2026-09-11T20:54:29.1720927Z [command]/usr/bin/git version
2026-09-11T20:54:29.1763872Z git version 2.55.0
2026-09-11T20:54:29.1787460Z ##[endgroup]
2026-09-11T20:54:29.1802331Z Temporarily overriding HOME='/home/runner/work/_temp/9b8a5cc6-6e1c-446f-b26c-ef249c2af945' before making global git config changes
2026-09-11T20:54:29.1806234Z Adding repository directory to the temporary git global config as a safe directory
2026-09-11T20:54:29.1809298Z [command]/usr/bin/git config --global --add safe.directory /home/runner/work/Silex/Silex/Dependencies/STD
2026-09-11T20:54:29.1846914Z ##[group]Determining repository object format
2026-09-11T20:54:29.1849897Z ##[endgroup]
2026-09-11T20:54:29.1851300Z ##[group]Initializing the repository
2026-09-11T20:54:29.1855267Z [command]/usr/bin/git init /home/runner/work/Silex/Silex/Dependencies/STD
2026-09-11T20:54:29.1895556Z hint: Using 'master' as the name for the initial branch. This default branch name
2026-09-11T20:54:29.1898062Z hint: will change to "main" in Git 3.0. To configure the initial branch name
2026-09-11T20:54:29.1900402Z hint: to use in all of your new repositories, which will suppress this warning,
2026-09-11T20:54:29.1902130Z hint: call:
2026-09-11T20:54:29.1902847Z hint:
2026-09-11T20:54:29.1904110Z hint: 	git config --global init.defaultBranch <name>
2026-09-11T20:54:29.1905623Z hint:
2026-09-11T20:54:29.1907036Z hint: Names commonly chosen instead of 'master' are 'main', 'trunk' and
2026-09-11T20:54:29.1909475Z hint: 'development'. The just-created branch can be renamed via this command:
2026-09-11T20:54:29.1911219Z hint:
2026-09-11T20:54:29.1911979Z hint: 	git branch -m <name>
2026-09-11T20:54:29.1913359Z hint:
2026-09-11T20:54:29.1915003Z hint: Disable this message with "git config set advice.defaultBranchName false"
2026-09-11T20:54:29.1917710Z Initialized empty Git repository in /home/runner/work/Silex/Silex/Dependencies/STD/.git/
2026-09-11T20:54:29.1921775Z [command]/usr/bin/git remote add origin https://github.com/Matanek/Silex-Lib-STD
2026-09-11T20:54:29.1959872Z ##[endgroup]
2026-09-11T20:54:29.1961408Z ##[group]Disabling automatic garbage collection
2026-09-11T20:54:29.1966022Z [command]/usr/bin/git config --local gc.auto 0
2026-09-11T20:54:29.1997642Z ##[endgroup]
2026-09-11T20:54:29.1999377Z ##[group]Setting up auth
2026-09-11T20:54:29.2089457Z Removing SSH command configuration
2026-09-11T20:54:29.2091653Z [command]/usr/bin/git config --local --name-only --get-regexp core\.sshCommand
2026-09-11T20:54:29.2097599Z [command]/usr/bin/git submodule foreach --recursive sh -c "git config --local --name-only --get-regexp 'core\.sshCommand' && git config --local --unset-all 'core.sshCommand' || :"
2026-09-11T20:54:29.2295382Z Removing HTTP extra header
2026-09-11T20:54:29.2303914Z [command]/usr/bin/git config --local --name-only --get-regexp http\.https\:\/\/github\.com\/\.extraheader
2026-09-11T20:54:29.2340072Z [command]/usr/bin/git submodule foreach --recursive sh -c "git config --local --name-only --get-regexp 'http\.https\:\/\/github\.com\/\.extraheader' && git config --local --unset-all 'http.https://github.com/.extraheader' || :"
2026-09-11T20:54:29.2583721Z Removing includeIf entries pointing to credentials config files
2026-09-11T20:54:29.2590923Z [command]/usr/bin/git config --local --name-only --get-regexp ^includeIf\.gitdir:
2026-09-11T20:54:29.2634351Z [command]/usr/bin/git submodule foreach --recursive git config --local --show-origin --name-only --get-regexp remote.origin.url
2026-09-11T20:54:29.2873271Z [command]/usr/bin/git config --file /home/runner/work/_temp/git-credentials-59441116-6deb-4619-9bbd-0663e0532c97.config http.https://github.com/.extraheader AUTHORIZATION: basic ***
2026-09-11T20:54:29.2915950Z [command]/usr/bin/git config --local includeIf.gitdir:/home/runner/work/Silex/Silex/Dependencies/STD/.git.path /home/runner/work/_temp/git-credentials-59441116-6deb-4619-9bbd-0663e0532c97.config
2026-09-11T20:54:29.2950618Z [command]/usr/bin/git config --local includeIf.gitdir:/home/runner/work/Silex/Silex/Dependencies/STD/.git/worktrees/*.path /home/runner/work/_temp/git-credentials-59441116-6deb-4619-9bbd-0663e0532c97.config
2026-09-11T20:54:29.2986207Z [command]/usr/bin/git config --local includeIf.gitdir:/github/workspace/Dependencies/STD/.git.path /github/runner_temp/git-credentials-59441116-6deb-4619-9bbd-0663e0532c97.config
2026-09-11T20:54:29.3020890Z [command]/usr/bin/git config --local includeIf.gitdir:/github/workspace/Dependencies/STD/.git/worktrees/*.path /github/runner_temp/git-credentials-59441116-6deb-4619-9bbd-0663e0532c97.config
2026-09-11T20:54:29.3051834Z ##[endgroup]
2026-09-11T20:54:29.3052757Z ##[group]Fetching the repository
2026-09-11T20:54:29.3059718Z [command]/usr/bin/git -c protocol.version=2 fetch --no-tags --prune --no-recurse-submodules --depth=1 origin 5a018305fb470dfe00e94466150b3c04f207e252
2026-09-11T20:54:29.6282606Z From https://github.com/Matanek/Silex-Lib-STD
2026-09-11T20:54:29.6283204Z  * branch            5a018305fb470dfe00e94466150b3c04f207e252 -> FETCH_HEAD
2026-09-11T20:54:29.6294135Z [command]/usr/bin/git rev-parse --verify --quiet 5a018305fb470dfe00e94466150b3c04f207e252^{object}
2026-09-11T20:54:29.6321387Z 5a018305fb470dfe00e94466150b3c04f207e252
2026-09-11T20:54:29.6326406Z ##[endgroup]
2026-09-11T20:54:29.6327001Z ##[group]Determining the checkout info
2026-09-11T20:54:29.6327854Z ##[endgroup]
2026-09-11T20:54:29.6332273Z [command]/usr/bin/git sparse-checkout disable
2026-09-11T20:54:29.6373632Z [command]/usr/bin/git config --local --unset-all extensions.worktreeConfig
2026-09-11T20:54:29.6403893Z ##[group]Checking out the ref
2026-09-11T20:54:29.6407394Z [command]/usr/bin/git checkout --progress --force 5a018305fb470dfe00e94466150b3c04f207e252
2026-09-11T20:54:29.6677152Z Note: switching to '5a018305fb470dfe00e94466150b3c04f207e252'.
2026-09-11T20:54:29.6677780Z 
2026-09-11T20:54:29.6678262Z You are in 'detached HEAD' state. You can look around, make experimental
2026-09-11T20:54:29.6679158Z changes and commit them, and you can discard any commits you make in this
2026-09-11T20:54:29.6679882Z state without impacting any branches by switching back to a branch.
2026-09-11T20:54:29.6680283Z 
2026-09-11T20:54:29.6680593Z If you want to create a new branch to retain commits you create, you may
2026-09-11T20:54:29.6681500Z do so (now or later) by using -c with the switch command. Example:
2026-09-11T20:54:29.6682206Z 
2026-09-11T20:54:29.6682553Z   git switch -c <new-branch-name>
2026-09-11T20:54:29.6683047Z 
2026-09-11T20:54:29.6683355Z Or undo this operation with:
2026-09-11T20:54:29.6684031Z 
2026-09-11T20:54:29.6684305Z   git switch -
2026-09-11T20:54:29.6684629Z 
2026-09-11T20:54:29.6685209Z Turn off this advice by setting config variable advice.detachedHead to false
2026-09-11T20:54:29.6686031Z 
2026-09-11T20:54:29.6686431Z HEAD is now at 5a01830 Prepare STD 0.21.0
2026-09-11T20:54:29.6688708Z ##[endgroup]
2026-09-11T20:54:29.6727109Z [command]/usr/bin/git log -1 --format=%H
2026-09-11T20:54:29.6753688Z 5a018305fb470dfe00e94466150b3c04f207e252
2026-09-11T20:54:29.6891386Z ##[group]Run set -euo pipefail
2026-09-11T20:54:29.6891829Z [36;1mset -euo pipefail[0m
2026-09-11T20:54:29.6892168Z [36;1marchive="$RUNNER_TEMP/zig.tar.xz"[0m
2026-09-11T20:54:29.6892733Z [36;1mcurl -fL https://ziglang.org/download/0.16.0/zig-x86_64-linux-0.16.0.tar.xz -o "$archive"[0m
2026-09-11T20:54:29.6893801Z [36;1mecho "70e49664a74374b48b51e6f3fdfbf437f6395d42509050588bd49abe52ba3d00  $archive" | sha256sum -c -[0m
2026-09-11T20:54:29.6894435Z [36;1mtar -xJf "$archive" -C "$RUNNER_TEMP"[0m
2026-09-11T20:54:29.6894881Z [36;1mecho "$RUNNER_TEMP/zig-x86_64-linux-0.16.0" >> "$GITHUB_PATH"[0m
2026-09-11T20:54:29.6936510Z shell: /usr/bin/bash --noprofile --norc -e -o pipefail {0}
2026-09-11T20:54:29.6936953Z ##[endgroup]
2026-09-11T20:54:29.7098574Z   % Total    % Received % Xferd  Average Speed   Time    Time     Time  Current
2026-09-11T20:54:29.7099407Z                                  Dload  Upload   Total   Spent    Left  Speed
2026-09-11T20:54:29.7099881Z 
2026-09-11T20:54:30.1788980Z   0     0    0     0    0     0      0      0 --:--:-- --:--:-- --:--:--     0
2026-09-11T20:54:31.2120856Z   0     0    0     0    0     0      0      0 --:--:-- --:--:-- --:--:--     0
2026-09-11T20:54:32.1807923Z   2 52.9M    2 1311k    0     0   873k      0  0:01:02  0:00:01  0:01:01  872k
2026-09-11T20:54:33.1704180Z  31 52.9M   31 16.8M    0     0  6999k      0  0:00:07  0:00:02  0:00:05 6999k
2026-09-11T20:54:33.5209107Z  80 52.9M   80 42.8M    0     0  12.3M      0  0:00:04  0:00:03  0:00:01 12.3M
2026-09-11T20:54:33.5210260Z 100 52.9M  100 52.9M    0     0  13.8M      0  0:00:03  0:00:03 --:--:-- 13.8M
2026-09-11T20:54:33.5665507Z /home/runner/work/_temp/zig.tar.xz: OK
2026-09-11T20:54:37.2779596Z ##[group]Run set -euo pipefail
2026-09-11T20:54:37.2779992Z [36;1mset -euo pipefail[0m
2026-09-11T20:54:37.2780261Z [36;1mtest "$(uname -m)" = "x86_64"[0m
2026-09-11T20:54:37.2780552Z [36;1mexport HOME="$RUNNER_TEMP/home"[0m
2026-09-11T20:54:37.2780831Z [36;1mmkdir -p "$HOME"[0m
2026-09-11T20:54:37.2781137Z [36;1mzig build -Doptimize=ReleaseFast -Dcpu=baseline \[0m
2026-09-11T20:54:37.2781506Z [36;1m  --prefix "$RUNNER_TEMP/silex-prefix" \[0m
2026-09-11T20:54:37.2781838Z [36;1m  --build-file Toolchain/build.zig[0m
2026-09-11T20:54:37.2782184Z [36;1msilex="$RUNNER_TEMP/silex-prefix/bin/silex"[0m
2026-09-11T20:54:37.2782491Z [36;1m"$silex" setup[0m
2026-09-11T20:54:37.2782890Z [36;1m"$silex" link "$GITHUB_WORKSPACE/Dependencies/STD" --workspace "$GITHUB_WORKSPACE"[0m
2026-09-11T20:54:37.2783817Z [36;1m"$silex" test "$GITHUB_WORKSPACE/Tests/Types/Str/Operators.sx"[0m
2026-09-11T20:54:37.2784342Z [36;1m"$silex" test "$GITHUB_WORKSPACE/Tests/Types/Str/Returns.sx"[0m
2026-09-11T20:54:37.2785042Z [36;1m"$silex" test "$GITHUB_WORKSPACE/Tests/Native/NativePortability.sx"[0m
2026-09-11T20:54:37.2785543Z [36;1m"$silex" compile "$GITHUB_WORKSPACE/Tests/Native/NativePortability.sx" \[0m
2026-09-11T20:54:37.2785999Z [36;1m  --release -o "$RUNNER_TEMP/native-portability"[0m
2026-09-11T20:54:37.2786403Z [36;1mportability_output=$("$RUNNER_TEMP/native-portability")[0m
2026-09-11T20:54:37.2786781Z [36;1mprintf '%s\n' "$portability_output"[0m
2026-09-11T20:54:37.2787211Z [36;1mcycle_drops=$(printf '%s\n' "$portability_output" | grep -c '^native cycle drop$')[0m
2026-09-11T20:54:37.2787640Z [36;1mtest "$cycle_drops" -eq 6[0m
2026-09-11T20:54:37.2788034Z [36;1m"$silex" compile "$GITHUB_WORKSPACE/Tests/Native/DistributionSmoke.sx" \[0m
2026-09-11T20:54:37.2788480Z [36;1m  --release -o "$RUNNER_TEMP/distribution-smoke"[0m
2026-09-11T20:54:37.2788916Z [36;1mtest "$("$RUNNER_TEMP/distribution-smoke")" = "silex distribution ready"[0m
2026-09-11T20:54:37.2789574Z [36;1maggregate_fixture="$GITHUB_WORKSPACE/Toolchain/Benchmarks/Optimizer/Regressions/AggregateFieldStores.sx"[0m
2026-09-11T20:54:37.2790327Z [36;1mtest "$("$silex" interpret "$aggregate_fixture" --nocache)" = "aggregate field stores preserved"[0m
2026-09-11T20:54:37.2790807Z [36;1mfor mode in debug release; do[0m
2026-09-11T20:54:37.2791152Z [36;1m  "$silex" compile "$aggregate_fixture" "--$mode" --nocache \[0m
2026-09-11T20:54:37.2791547Z [36;1m    -o "$RUNNER_TEMP/aggregate-fields-$mode"[0m
2026-09-11T20:54:37.2792007Z [36;1m  test "$("$RUNNER_TEMP/aggregate-fields-$mode")" = "aggregate field stores preserved"[0m
2026-09-11T20:54:37.2792445Z [36;1mdone[0m
2026-09-11T20:54:37.2792813Z [36;1mminmax_fixture="$GITHUB_WORKSPACE/Toolchain/Benchmarks/Native/ScalarMathMinMax.sx"[0m
2026-09-11T20:54:37.2793273Z [36;1mfor mode in debug release; do[0m
2026-09-11T20:54:37.2793765Z [36;1m  "$silex" compile "$minmax_fixture" "--$mode" --nocache \[0m
2026-09-11T20:54:37.2794148Z [36;1m    -o "$RUNNER_TEMP/scalar-math-minmax-$mode"[0m
2026-09-11T20:54:37.2794632Z [36;1m  test "$("$RUNNER_TEMP/scalar-math-minmax-$mode")" = "scalar-math-minmax: pass"[0m
2026-09-11T20:54:37.2795035Z [36;1mdone[0m
2026-09-11T20:54:37.2795393Z [36;1m# Compile the exact standalone witness without the optimizer package's STD graph.[0m
2026-09-11T20:54:37.2795877Z [36;1mscalar_root="$RUNNER_TEMP/scalar-float-fixture"[0m
2026-09-11T20:54:37.2796204Z [36;1mmkdir -p "$scalar_root"[0m
2026-09-11T20:54:37.2796532Z [36;1mprintf '%s\n' '{"sources":"."}' > "$scalar_root/Package.json"[0m
2026-09-11T20:54:37.2796951Z [36;1mscalar_fixture="$scalar_root/ScalarFloatResidence.sx"[0m
2026-09-11T20:54:37.2797555Z [36;1mcp "$GITHUB_WORKSPACE/Toolchain/Benchmarks/Optimizer/Regressions/ScalarFloatResidence.sx" "$scalar_fixture"[0m
2026-09-11T20:54:37.2798134Z [36;1mfor mode in debug release; do[0m
2026-09-11T20:54:37.2798482Z [36;1m  "$silex" compile "$scalar_fixture" "--$mode" --nocache \[0m
2026-09-11T20:54:37.2799057Z [36;1m    -o "$RUNNER_TEMP/scalar-float-residence-$mode"[0m
2026-09-11T20:54:37.2799480Z [36;1m  scalar_output=$("$RUNNER_TEMP/scalar-float-residence-$mode")[0m
2026-09-11T20:54:37.2799905Z [36;1m  test "$(printf '%s\n' "$scalar_output" | wc -l)" -eq 9[0m
2026-09-11T20:54:37.2800332Z [36;1m  test "$(printf '%s\n' "$scalar_output" | grep -c '^true$')" -eq 9[0m
2026-09-11T20:54:37.2800682Z [36;1mdone[0m
2026-09-11T20:54:37.2800952Z [36;1mbranch_fixture="$scalar_root/BranchComparisons.sx"[0m
2026-09-11T20:54:37.2801547Z [36;1mcp "$GITHUB_WORKSPACE/Toolchain/Benchmarks/Optimizer/Regressions/BranchComparisons.sx" "$branch_fixture"[0m
2026-09-11T20:54:37.2802084Z [36;1mfor mode in debug release; do[0m
2026-09-11T20:54:37.2802419Z [36;1m  "$silex" compile "$branch_fixture" "--$mode" --nocache \[0m
2026-09-11T20:54:37.2802797Z [36;1m    -o "$RUNNER_TEMP/branch-comparisons-$mode"[0m
2026-09-11T20:54:37.2803190Z [36;1m  test "$("$RUNNER_TEMP/branch-comparisons-$mode")" = "true"[0m
2026-09-11T20:54:37.2803802Z [36;1mdone[0m
2026-09-11T20:54:37.2804071Z [36;1msnapshot_fixture="$scalar_root/BranchSnapshots.sx"[0m
2026-09-11T20:54:37.2804645Z [36;1mcp "$GITHUB_WORKSPACE/Toolchain/Benchmarks/Optimizer/Regressions/BranchSnapshots.sx" "$snapshot_fixture"[0m
2026-09-11T20:54:37.2805187Z [36;1mfor mode in debug release; do[0m
2026-09-11T20:54:37.2805526Z [36;1m  "$silex" compile "$snapshot_fixture" "--$mode" --nocache \[0m
2026-09-11T20:54:37.2805914Z [36;1m    -o "$RUNNER_TEMP/branch-snapshots-$mode"[0m
2026-09-11T20:54:37.2806296Z [36;1m  snapshot_output=$("$RUNNER_TEMP/branch-snapshots-$mode")[0m
2026-09-11T20:54:37.2806703Z [36;1m  test "$(printf '%s\n' "$snapshot_output" | wc -l)" -eq 8[0m
2026-09-11T20:54:37.2807122Z [36;1m  test "$(printf '%s\n' "$snapshot_output" | grep -c '^true$')" -eq 8[0m
2026-09-11T20:54:37.2807471Z [36;1mdone[0m
2026-09-11T20:54:37.2847459Z shell: /usr/bin/bash --noprofile --norc -e -o pipefail {0}
2026-09-11T20:54:37.2847812Z ##[endgroup]
2026-09-11T20:59:49.0667059Z silex: installed Shadercross for linux-x64
2026-09-11T20:59:58.0480894Z silex: installed Native linker for linux-x64
2026-09-11T20:59:58.0497015Z silex: linked STD@0.21.0 to /home/runner/work/Silex/Silex/Dependencies/STD for this workspace
2026-09-11T21:00:11.2772209Z ok - str concatenation operand positions
2026-09-11T21:00:11.2987558Z ok - str compound concatenation
2026-09-11T21:00:11.3197586Z ok - str equality and interpolation
2026-09-11T21:00:11.3404115Z ok - str unicode scalar count
2026-09-11T21:00:11.3406355Z 4 passed; 0 failed
2026-09-11T21:00:11.3948484Z ok - str return positions
2026-09-11T21:00:11.3949208Z 1 passed; 0 failed
2026-09-11T21:00:11.4552968Z ok - execute direct indirect and dynamic calls beyond native registers
2026-09-11T21:00:11.4759636Z ok - preserve paired float32 arithmetic on native
2026-09-11T21:00:11.4990084Z ok - mutate a class-owned native list without changing its snapshot
2026-09-11T21:00:11.5193368Z ok - replace class elements in a class-owned native list
2026-09-11T21:00:11.5395376Z ok - preserve embedded byte contents on native
2026-09-11T21:00:11.5605137Z ok - format native floats through the standalone runtime
2026-09-11T21:00:11.5814707Z ok - convert native float precision in both directions
2026-09-11T21:00:11.6015806Z ok - replace and preserve an aliased native list
2026-09-11T21:00:11.6219935Z ok - swap and reverse a native list
2026-09-11T21:00:11.6427648Z ok - grow a native list at every position
2026-09-11T21:00:11.6631058Z ok - remove native list elements from every position
2026-09-11T21:00:11.6836058Z ok - slice view mutate and clear native lists
2026-09-11T21:00:11.7045940Z ok - mutable aggregate view detaches shared native list
2026-09-11T21:00:11.7272734Z copy state drop
2026-09-11T21:00:11.7273703Z copy state drop
2026-09-11T21:00:11.7274306Z ok - deep-copy repeated native class roots without collections
2026-09-11T21:00:11.7488458Z native cycle drop
2026-09-11T21:00:11.7488881Z native cycle drop
2026-09-11T21:00:11.7489614Z ok - finalize a direct native class cycle
2026-09-11T21:00:11.7700630Z native cycle drop
2026-09-11T21:00:11.7701026Z native cycle drop
2026-09-11T21:00:11.7701468Z ok - finalize a native class cycle through lists
2026-09-11T21:00:11.7910838Z native cycle drop
2026-09-11T21:00:11.7911242Z native cycle drop
2026-09-11T21:00:11.7911703Z ok - finalize a native class cycle through protocols
2026-09-11T21:00:11.8118235Z ok - execute the complete native collection mutation slice
2026-09-11T21:00:11.8329603Z copy state drop
2026-09-11T21:00:11.8330249Z copy state drop
2026-09-11T21:00:11.8330706Z ok - execute native ownership and deep-copy runtime
2026-09-11T21:00:11.8540023Z ok - preserve resource aggregates across native list growth
2026-09-11T21:00:11.8749236Z ok - serialize native mutations with mutex
2026-09-11T21:00:11.8966664Z native cycle drop
2026-09-11T21:00:11.8966948Z native cycle drop
2026-09-11T21:00:11.8967153Z native cycle drop
2026-09-11T21:00:11.8967378Z native cycle drop
2026-09-11T21:00:11.8967568Z native cycle drop
2026-09-11T21:00:11.8968060Z native cycle drop
2026-09-11T21:00:11.8968416Z ok - finalize native cycles across direct collection and protocol edges
2026-09-11T21:00:11.8974020Z 22 passed; 0 failed
2026-09-11T21:00:11.9740380Z copy state drop
2026-09-11T21:00:11.9740914Z copy state drop
2026-09-11T21:00:11.9741251Z native cycle drop
2026-09-11T21:00:11.9741483Z native cycle drop
2026-09-11T21:00:11.9741680Z native cycle drop
2026-09-11T21:00:11.9741871Z native cycle drop
2026-09-11T21:00:11.9742058Z native cycle drop
2026-09-11T21:00:11.9742246Z native cycle drop
2026-09-11T21:00:12.9242808Z Post job cleanup.
2026-09-11T21:00:13.0153638Z [command]/usr/bin/git version
2026-09-11T21:00:13.0208208Z git version 2.55.0
2026-09-11T21:00:13.0255929Z Temporarily overriding HOME='/home/runner/work/_temp/d4a1c965-d554-42f8-9596-4d9944f9d2ae' before making global git config changes
2026-09-11T21:00:13.0259338Z Adding repository directory to the temporary git global config as a safe directory
2026-09-11T21:00:13.0262521Z [command]/usr/bin/git config --global --add safe.directory /home/runner/work/Silex/Silex/Dependencies/STD
2026-09-11T21:00:13.0333759Z Removing SSH command configuration
2026-09-11T21:00:13.0334775Z [command]/usr/bin/git config --local --name-only --get-regexp core\.sshCommand
2026-09-11T21:00:13.0378971Z [command]/usr/bin/git submodule foreach --recursive sh -c "git config --local --name-only --get-regexp 'core\.sshCommand' && git config --local --unset-all 'core.sshCommand' || :"
2026-09-11T21:00:13.0665262Z Removing HTTP extra header
2026-09-11T21:00:13.0670720Z [command]/usr/bin/git config --local --name-only --get-regexp http\.https\:\/\/github\.com\/\.extraheader
2026-09-11T21:00:13.0684818Z [command]/usr/bin/git submodule foreach --recursive sh -c "git config --local --name-only --get-regexp 'http\.https\:\/\/github\.com\/\.extraheader' && git config --local --unset-all 'http.https://github.com/.extraheader' || :"
2026-09-11T21:00:13.0972243Z Removing includeIf entries pointing to credentials config files
2026-09-11T21:00:13.0980724Z [command]/usr/bin/git config --local --name-only --get-regexp ^includeIf\.gitdir:
2026-09-11T21:00:13.1011818Z includeif.gitdir:/home/runner/work/Silex/Silex/Dependencies/STD/.git.path
2026-09-11T21:00:13.1015168Z includeif.gitdir:/home/runner/work/Silex/Silex/Dependencies/STD/.git/worktrees/*.path
2026-09-11T21:00:13.1016425Z includeif.gitdir:/github/workspace/Dependencies/STD/.git.path
2026-09-11T21:00:13.1017656Z includeif.gitdir:/github/workspace/Dependencies/STD/.git/worktrees/*.path
2026-09-11T21:00:13.1026744Z [command]/usr/bin/git config --local --get-all includeif.gitdir:/home/runner/work/Silex/Silex/Dependencies/STD/.git.path
2026-09-11T21:00:13.1050639Z /home/runner/work/_temp/git-credentials-59441116-6deb-4619-9bbd-0663e0532c97.config
2026-09-11T21:00:13.1064302Z [command]/usr/bin/git config --local --unset includeif.gitdir:/home/runner/work/Silex/Silex/Dependencies/STD/.git.path /home/runner/work/_temp/git-credentials-59441116-6deb-4619-9bbd-0663e0532c97.config
2026-09-11T21:00:13.1106490Z [command]/usr/bin/git config --local --get-all includeif.gitdir:/home/runner/work/Silex/Silex/Dependencies/STD/.git/worktrees/*.path
2026-09-11T21:00:13.1132824Z /home/runner/work/_temp/git-credentials-59441116-6deb-4619-9bbd-0663e0532c97.config
2026-09-11T21:00:13.1160921Z [command]/usr/bin/git config --local --unset includeif.gitdir:/home/runner/work/Silex/Silex/Dependencies/STD/.git/worktrees/*.path /home/runner/work/_temp/git-credentials-59441116-6deb-4619-9bbd-0663e0532c97.config
2026-09-11T21:00:13.1190737Z [command]/usr/bin/git config --local --get-all includeif.gitdir:/github/workspace/Dependencies/STD/.git.path
2026-09-11T21:00:13.1219031Z /github/runner_temp/git-credentials-59441116-6deb-4619-9bbd-0663e0532c97.config
2026-09-11T21:00:13.1232436Z [command]/usr/bin/git config --local --unset includeif.gitdir:/github/workspace/Dependencies/STD/.git.path /github/runner_temp/git-credentials-59441116-6deb-4619-9bbd-0663e0532c97.config
2026-09-11T21:00:13.1273161Z [command]/usr/bin/git config --local --get-all includeif.gitdir:/github/workspace/Dependencies/STD/.git/worktrees/*.path
2026-09-11T21:00:13.1300287Z /github/runner_temp/git-credentials-59441116-6deb-4619-9bbd-0663e0532c97.config
2026-09-11T21:00:13.1316914Z [command]/usr/bin/git config --local --unset includeif.gitdir:/github/workspace/Dependencies/STD/.git/worktrees/*.path /github/runner_temp/git-credentials-59441116-6deb-4619-9bbd-0663e0532c97.config
2026-09-11T21:00:13.1366571Z [command]/usr/bin/git submodule foreach --recursive git config --local --show-origin --name-only --get-regexp remote.origin.url
2026-09-11T21:00:13.1616936Z Removing credentials config '/home/runner/work/_temp/git-credentials-59441116-6deb-4619-9bbd-0663e0532c97.config'
2026-09-11T21:00:13.1802051Z Post job cleanup.
2026-09-11T21:00:13.2768956Z [command]/usr/bin/git version
2026-09-11T21:00:13.2844243Z git version 2.55.0
2026-09-11T21:00:13.2873250Z Temporarily overriding HOME='/home/runner/work/_temp/76d40ec7-47bd-4a00-b2c2-3ccd036f3543' before making global git config changes
2026-09-11T21:00:13.2886144Z Adding repository directory to the temporary git global config as a safe directory
2026-09-11T21:00:13.2887310Z [command]/usr/bin/git config --global --add safe.directory /home/runner/work/Silex/Silex
2026-09-11T21:00:13.2928649Z Removing SSH command configuration
2026-09-11T21:00:13.2929330Z [command]/usr/bin/git config --local --name-only --get-regexp core\.sshCommand
2026-09-11T21:00:13.2978888Z [command]/usr/bin/git submodule foreach --recursive sh -c "git config --local --name-only --get-regexp 'core\.sshCommand' && git config --local --unset-all 'core.sshCommand' || :"
2026-09-11T21:00:13.3293672Z Removing HTTP extra header
2026-09-11T21:00:13.3304356Z [command]/usr/bin/git config --local --name-only --get-regexp http\.https\:\/\/github\.com\/\.extraheader
2026-09-11T21:00:13.3356936Z [command]/usr/bin/git submodule foreach --recursive sh -c "git config --local --name-only --get-regexp 'http\.https\:\/\/github\.com\/\.extraheader' && git config --local --unset-all 'http.https://github.com/.extraheader' || :"
2026-09-11T21:00:13.3756130Z Removing includeIf entries pointing to credentials config files
2026-09-11T21:00:13.3774367Z [command]/usr/bin/git config --local --name-only --get-regexp ^includeIf\.gitdir:
2026-09-11T21:00:13.3809911Z includeif.gitdir:/home/runner/work/Silex/Silex/.git.path
2026-09-11T21:00:13.3825615Z includeif.gitdir:/home/runner/work/Silex/Silex/.git/worktrees/*.path
2026-09-11T21:00:13.3837695Z includeif.gitdir:/github/workspace/.git.path
2026-09-11T21:00:13.3838804Z includeif.gitdir:/github/workspace/.git/worktrees/*.path
2026-09-11T21:00:13.3841273Z [command]/usr/bin/git config --local --get-all includeif.gitdir:/home/runner/work/Silex/Silex/.git.path
2026-09-11T21:00:13.3860662Z /home/runner/work/_temp/git-credentials-a6f65a32-e27d-43df-890c-50d0de59533f.config
2026-09-11T21:00:13.3896886Z [command]/usr/bin/git config --local --unset includeif.gitdir:/home/runner/work/Silex/Silex/.git.path /home/runner/work/_temp/git-credentials-a6f65a32-e27d-43df-890c-50d0de59533f.config
2026-09-11T21:00:13.3955047Z [command]/usr/bin/git config --local --get-all includeif.gitdir:/home/runner/work/Silex/Silex/.git/worktrees/*.path
2026-09-11T21:00:13.4004166Z /home/runner/work/_temp/git-credentials-a6f65a32-e27d-43df-890c-50d0de59533f.config
2026-09-11T21:00:13.4019769Z [command]/usr/bin/git config --local --unset includeif.gitdir:/home/runner/work/Silex/Silex/.git/worktrees/*.path /home/runner/work/_temp/git-credentials-a6f65a32-e27d-43df-890c-50d0de59533f.config
2026-09-11T21:00:13.4070314Z [command]/usr/bin/git config --local --get-all includeif.gitdir:/github/workspace/.git.path
2026-09-11T21:00:13.4108444Z /github/runner_temp/git-credentials-a6f65a32-e27d-43df-890c-50d0de59533f.config
2026-09-11T21:00:13.4118744Z [command]/usr/bin/git config --local --unset includeif.gitdir:/github/workspace/.git.path /github/runner_temp/git-credentials-a6f65a32-e27d-43df-890c-50d0de59533f.config
2026-09-11T21:00:13.4161974Z [command]/usr/bin/git config --local --get-all includeif.gitdir:/github/workspace/.git/worktrees/*.path
2026-09-11T21:00:13.4192178Z /github/runner_temp/git-credentials-a6f65a32-e27d-43df-890c-50d0de59533f.config
2026-09-11T21:00:13.4202869Z [command]/usr/bin/git config --local --unset includeif.gitdir:/github/workspace/.git/worktrees/*.path /github/runner_temp/git-credentials-a6f65a32-e27d-43df-890c-50d0de59533f.config
2026-09-11T21:00:13.4249928Z [command]/usr/bin/git submodule foreach --recursive git config --local --show-origin --name-only --get-regexp remote.origin.url
2026-09-11T21:00:13.4498727Z Removing credentials config '/home/runner/work/_temp/git-credentials-a6f65a32-e27d-43df-890c-50d0de59533f.config'
2026-09-11T21:00:13.4687911Z Cleaning up orphan processes

