coverage audit: 13 bounded families, 15 LLVM techniques, 26/69 modeled IR operation tags (including abstract lifetime operations)
qualified timing policy: >= 21 pairs, <= 200000 ppm spread; global parity not established by this audit
reports: .zig-cache/optimizer-oracle/assurance.tsv, llvm-operation-coverage.tsv, proof-scope.tsv
LLVM case coverage written to .zig-cache/optimizer-oracle/llvm-case-coverage.tsv; emission alone is not execution evidence
Build Summary: 29/29 steps succeeded
optimizer-oracle success
+- run exe silex-optimizer-oracle success 18s
   +- compile exe silex-optimizer-oracle ReleaseFast native success 53s MaxRSS:2G
   |  +- options cached
   +- compile exe silex ReleaseFast native cached 49ms MaxRSS:35M
      +- options (reused)
      +- WriteFile silex-float-runtime.macho cached
      |  +- compile exe silex-float-runtime ReleaseSmall aarch64-macos cached 99ms MaxRSS:35M
      +- WriteFile silex-float-runtime-linux-arm64.elf cached
      |  +- compile exe silex-float-runtime-linux-arm64 ReleaseSmall aarch64-linux cached 102ms MaxRSS:35M
      +- WriteFile silex-float-runtime-x64.elf cached
      |  +- compile exe silex-float-runtime-x64 ReleaseSmall x86_64-linux cached 101ms MaxRSS:35M
      +- WriteFile silex-float-runtime-macos-x64.macho cached
      |  +- compile exe silex-float-runtime-macos-x64 ReleaseSmall x86_64-macos cached 106ms MaxRSS:35M
      +- WriteFile silex-deep-copy-runtime.macho cached
      |  +- compile exe silex-deep-copy-runtime ReleaseSmall aarch64-macos cached 105ms MaxRSS:35M
      +- WriteFile silex-deep-copy-runtime-linux-arm64.elf cached
      |  +- compile exe silex-deep-copy-runtime-linux-arm64 ReleaseSmall aarch64-linux cached 101ms MaxRSS:35M
      +- WriteFile silex-deep-copy-runtime-x64.elf cached
      |  +- compile exe silex-deep-copy-runtime-x64 ReleaseSmall x86_64-linux cached 107ms MaxRSS:35M
      +- WriteFile silex-deep-copy-runtime-macos-x64.macho cached
      |  +- compile exe silex-deep-copy-runtime-macos-x64 ReleaseSmall x86_64-macos cached 40ms MaxRSS:35M
      +- WriteFile silex-cycle-runtime.macho cached
      |  +- compile exe silex-cycle-runtime ReleaseSmall aarch64-macos cached 88ms MaxRSS:35M
      +- WriteFile silex-cycle-runtime-linux-arm64.elf cached
      |  +- compile exe silex-cycle-runtime-linux-arm64 ReleaseSmall aarch64-linux cached 83ms MaxRSS:35M
      +- WriteFile silex-cycle-runtime-x64.elf cached
      |  +- compile exe silex-cycle-runtime-x64 ReleaseSmall x86_64-linux cached 101ms MaxRSS:35M
      +- WriteFile silex-cycle-runtime-macos-x64.macho cached
         +- compile exe silex-cycle-runtime-macos-x64 ReleaseSmall x86_64-macos cached 102ms MaxRSS:35M

