2026-09-12T00:35:18.0921063Z Current runner version: '2.337.0'
2026-09-12T00:35:18.0942352Z ##[group]Runner Image Provisioner
2026-09-12T00:35:18.0942986Z Hosted Compute Agent
2026-09-12T00:35:18.0943444Z Version: 20260828.587
2026-09-12T00:35:18.0943916Z Commit: abac92662cab4cc7352de4f9f9d2e2419aad9c29
2026-09-12T00:35:18.0944523Z Build Date: 2026-08-28T16:44:25Z
2026-09-12T00:35:18.0945033Z Worker ID: {d4919a18-9ce5-4566-a456-86fc32996c47}
2026-09-12T00:35:18.0945553Z Azure Region: westus3
2026-09-12T00:35:18.0945989Z ##[endgroup]
2026-09-12T00:35:18.0947003Z ##[group]Operating System
2026-09-12T00:35:18.0947466Z Microsoft Windows Server 2025
2026-09-12T00:35:18.0947948Z 10.0.26100
2026-09-12T00:35:18.0948388Z Datacenter
2026-09-12T00:35:18.0948761Z ##[endgroup]
2026-09-12T00:35:18.0949190Z ##[group]Runner Image
2026-09-12T00:35:18.0949655Z Image: windows-2025-vs2026
2026-09-12T00:35:18.0950117Z Version: 20260907.229.1
2026-09-12T00:35:18.0951231Z Included Software: https://github.com/actions/runner-images/blob/win25-vs2026/20260907.229/images/windows/Windows2025-VS2026-Readme.md
2026-09-12T00:35:18.0952509Z Image Release: https://github.com/actions/runner-images/releases/tag/win25-vs2026%2F20260907.229
2026-09-12T00:35:18.0953235Z ##[endgroup]
2026-09-12T00:35:18.0954108Z ##[group]GITHUB_TOKEN Permissions
2026-09-12T00:35:18.0955619Z Contents: read
2026-09-12T00:35:18.0956074Z Metadata: read
2026-09-12T00:35:18.0956476Z ##[endgroup]
2026-09-12T00:35:18.0958092Z Secret source: Actions
2026-09-12T00:35:18.0958817Z Cache mode: write
2026-09-12T00:35:18.0959342Z Prepare workflow directory
2026-09-12T00:35:18.1223757Z Prepare all required actions
2026-09-12T00:35:18.1276535Z Getting action download info
2026-09-12T00:35:18.4012813Z Download action repository 'actions/checkout@v6' (SHA:d23441a48e516b6c34aea4fa41551a30e30af803)
2026-09-12T00:35:18.6088361Z Complete job name: windows-x64
2026-09-12T00:35:18.7159965Z ##[group]Run actions/checkout@v6
2026-09-12T00:35:18.7160802Z with:
2026-09-12T00:35:18.7161123Z   repository: Matanek/Silex
2026-09-12T00:35:18.7164459Z   token: ***
2026-09-12T00:35:18.7164776Z   ssh-strict: true
2026-09-12T00:35:18.7165099Z   ssh-user: git
2026-09-12T00:35:18.7165424Z   persist-credentials: true
2026-09-12T00:35:18.7165787Z   clean: true
2026-09-12T00:35:18.7166128Z   sparse-checkout-cone-mode: true
2026-09-12T00:35:18.7166517Z   fetch-depth: 1
2026-09-12T00:35:18.7166840Z   fetch-tags: false
2026-09-12T00:35:18.7167166Z   show-progress: true
2026-09-12T00:35:18.7167489Z   lfs: false
2026-09-12T00:35:18.7167784Z   submodules: false
2026-09-12T00:35:18.7168106Z   set-safe-directory: true
2026-09-12T00:35:18.7168472Z   allow-unsafe-pr-checkout: false
2026-09-12T00:35:18.7169030Z ##[endgroup]
2026-09-12T00:35:18.8290535Z Syncing repository: Matanek/Silex
2026-09-12T00:35:18.8291835Z ##[group]Getting Git version info
2026-09-12T00:35:18.8292326Z Working directory is 'D:\a\Silex\Silex'
2026-09-12T00:35:18.8892009Z [command]"C:\Program Files\Git\bin\git.exe" version
2026-09-12T00:35:19.2395422Z git version 2.55.0.windows.5
2026-09-12T00:35:19.2433060Z ##[endgroup]
2026-09-12T00:35:19.2449083Z Temporarily overriding HOME='D:\a\_temp\48f74f7a-eb01-4aa8-b0dd-b9d03d13bbff' before making global git config changes
2026-09-12T00:35:19.2450187Z Adding repository directory to the temporary git global config as a safe directory
2026-09-12T00:35:19.2457725Z [command]"C:\Program Files\Git\bin\git.exe" config --global --add safe.directory D:\a\Silex\Silex
2026-09-12T00:35:19.3083958Z Deleting the contents of 'D:\a\Silex\Silex'
2026-09-12T00:35:19.3089519Z ##[group]Determining repository object format
2026-09-12T00:35:19.3091763Z ##[endgroup]
2026-09-12T00:35:19.3092414Z ##[group]Initializing the repository
2026-09-12T00:35:19.3099179Z [command]"C:\Program Files\Git\bin\git.exe" init D:\a\Silex\Silex
2026-09-12T00:35:19.3817644Z Initialized empty Git repository in D:/a/Silex/Silex/.git/
2026-09-12T00:35:19.3855323Z [command]"C:\Program Files\Git\bin\git.exe" remote add origin https://github.com/Matanek/Silex
2026-09-12T00:35:19.4404193Z ##[endgroup]
2026-09-12T00:35:19.4404894Z ##[group]Disabling automatic garbage collection
2026-09-12T00:35:19.4410868Z [command]"C:\Program Files\Git\bin\git.exe" config --local gc.auto 0
2026-09-12T00:35:19.4641782Z ##[endgroup]
2026-09-12T00:35:19.4642831Z ##[group]Setting up auth
2026-09-12T00:35:19.4643630Z Removing SSH command configuration
2026-09-12T00:35:19.4655466Z [command]"C:\Program Files\Git\bin\git.exe" config --local --name-only --get-regexp core\.sshCommand
2026-09-12T00:35:19.4908849Z [command]"C:\Program Files\Git\bin\git.exe" submodule foreach --recursive "sh -c \"git config --local --name-only --get-regexp 'core\.sshCommand' && git config --local --unset-all 'core.sshCommand' || :\""
2026-09-12T00:35:20.7833182Z Removing HTTP extra header
2026-09-12T00:35:20.7841079Z [command]"C:\Program Files\Git\bin\git.exe" config --local --name-only --get-regexp http\.https\:\/\/github\.com\/\.extraheader
2026-09-12T00:35:20.8071162Z [command]"C:\Program Files\Git\bin\git.exe" submodule foreach --recursive "sh -c \"git config --local --name-only --get-regexp 'http\.https\:\/\/github\.com\/\.extraheader' && git config --local --unset-all 'http.https://github.com/.extraheader' || :\""
2026-09-12T00:35:21.2108789Z Removing includeIf entries pointing to credentials config files
2026-09-12T00:35:21.2118559Z [command]"C:\Program Files\Git\bin\git.exe" config --local --name-only --get-regexp ^includeIf\.gitdir:
2026-09-12T00:35:21.2352135Z [command]"C:\Program Files\Git\bin\git.exe" submodule foreach --recursive "git config --local --show-origin --name-only --get-regexp remote.origin.url"
2026-09-12T00:35:21.6566365Z [command]"C:\Program Files\Git\bin\git.exe" config --file D:\a\_temp\git-credentials-18939d41-2b29-4cc6-80ae-4eba6fd5b3c9.config http.https://github.com/.extraheader "AUTHORIZATION: basic ***"
2026-09-12T00:35:21.6825331Z [command]"C:\Program Files\Git\bin\git.exe" config --local includeIf.gitdir:D:/a/Silex/Silex/.git.path D:\a\_temp\git-credentials-18939d41-2b29-4cc6-80ae-4eba6fd5b3c9.config
2026-09-12T00:35:21.7050614Z [command]"C:\Program Files\Git\bin\git.exe" config --local includeIf.gitdir:D:/a/Silex/Silex/.git/worktrees/*.path D:\a\_temp\git-credentials-18939d41-2b29-4cc6-80ae-4eba6fd5b3c9.config
2026-09-12T00:35:21.7317361Z [command]"C:\Program Files\Git\bin\git.exe" config --local includeIf.gitdir:/github/workspace/.git.path /github/runner_temp/git-credentials-18939d41-2b29-4cc6-80ae-4eba6fd5b3c9.config
2026-09-12T00:35:21.7540004Z [command]"C:\Program Files\Git\bin\git.exe" config --local includeIf.gitdir:/github/workspace/.git/worktrees/*.path /github/runner_temp/git-credentials-18939d41-2b29-4cc6-80ae-4eba6fd5b3c9.config
2026-09-12T00:35:21.7758020Z ##[endgroup]
2026-09-12T00:35:21.7758408Z ##[group]Fetching the repository
2026-09-12T00:35:21.7768638Z [command]"C:\Program Files\Git\bin\git.exe" -c protocol.version=2 fetch --no-tags --prune --no-recurse-submodules --depth=1 origin +40dc12052f4d03b646ba2210ec5b15013f338f77:refs/remotes/origin/spec-silex-optimization-parity-completion
2026-09-12T00:35:25.9950751Z From https://github.com/Matanek/Silex
2026-09-12T00:35:25.9952227Z  * [new ref]         40dc12052f4d03b646ba2210ec5b15013f338f77 -> origin/spec-silex-optimization-parity-completion
2026-09-12T00:35:26.0002051Z [command]"C:\Program Files\Git\bin\git.exe" branch --list --remote origin/spec-silex-optimization-parity-completion
2026-09-12T00:35:26.2400159Z   origin/spec-silex-optimization-parity-completion
2026-09-12T00:35:26.2439375Z [command]"C:\Program Files\Git\bin\git.exe" rev-parse refs/remotes/origin/spec-silex-optimization-parity-completion
2026-09-12T00:35:26.3939722Z 40dc12052f4d03b646ba2210ec5b15013f338f77
2026-09-12T00:35:26.3973580Z ##[endgroup]
2026-09-12T00:35:26.3974034Z ##[group]Determining the checkout info
2026-09-12T00:35:26.3975489Z ##[endgroup]
2026-09-12T00:35:26.3983961Z [command]"C:\Program Files\Git\bin\git.exe" sparse-checkout disable
2026-09-12T00:35:26.6363027Z [command]"C:\Program Files\Git\bin\git.exe" config --local --unset-all extensions.worktreeConfig
2026-09-12T00:35:26.6596982Z ##[group]Checking out the ref
2026-09-12T00:35:26.6604090Z [command]"C:\Program Files\Git\bin\git.exe" checkout --progress --force -B spec-silex-optimization-parity-completion refs/remotes/origin/spec-silex-optimization-parity-completion
2026-09-12T00:35:28.4468039Z Updating files:  78% (1765/2242)
2026-09-12T00:35:28.4504682Z Updating files:  79% (1772/2242)
2026-09-12T00:35:28.4545653Z Updating files:  80% (1794/2242)
2026-09-12T00:35:28.4582061Z Updating files:  81% (1817/2242)
2026-09-12T00:35:28.4615974Z Updating files:  82% (1839/2242)
2026-09-12T00:35:28.4652455Z Updating files:  83% (1861/2242)
2026-09-12T00:35:28.4716358Z Updating files:  84% (1884/2242)
2026-09-12T00:35:28.4778788Z Updating files:  85% (1906/2242)
2026-09-12T00:35:28.4827423Z Updating files:  86% (1929/2242)
2026-09-12T00:35:28.4880514Z Updating files:  87% (1951/2242)
2026-09-12T00:35:28.4958422Z Updating files:  88% (1973/2242)
2026-09-12T00:35:28.5012817Z Updating files:  89% (1996/2242)
2026-09-12T00:35:28.5069451Z Updating files:  90% (2018/2242)
2026-09-12T00:35:28.5119667Z Updating files:  91% (2041/2242)
2026-09-12T00:35:28.5189666Z Updating files:  92% (2063/2242)
2026-09-12T00:35:28.5242778Z Updating files:  93% (2086/2242)
2026-09-12T00:35:28.5287304Z Updating files:  94% (2108/2242)
2026-09-12T00:35:28.5346231Z Updating files:  95% (2130/2242)
2026-09-12T00:35:28.5402777Z Updating files:  96% (2153/2242)
2026-09-12T00:35:28.5460119Z Updating files:  97% (2175/2242)
2026-09-12T00:35:28.5515023Z Updating files:  98% (2198/2242)
2026-09-12T00:35:28.5566533Z Updating files:  99% (2220/2242)
2026-09-12T00:35:28.5569420Z Updating files: 100% (2242/2242)
2026-09-12T00:35:28.5569724Z Updating files: 100% (2242/2242), done.
2026-09-12T00:35:28.5701638Z Switched to a new branch 'spec-silex-optimization-parity-completion'
2026-09-12T00:35:28.6084248Z branch 'spec-silex-optimization-parity-completion' set up to track 'origin/spec-silex-optimization-parity-completion'.
2026-09-12T00:35:28.6152888Z ##[endgroup]
2026-09-12T00:35:28.6878086Z [command]"C:\Program Files\Git\bin\git.exe" log -1 --format=%H
2026-09-12T00:35:28.7214671Z 40dc12052f4d03b646ba2210ec5b15013f338f77
2026-09-12T00:35:28.7638336Z ##[group]Run actions/checkout@v6
2026-09-12T00:35:28.7638638Z with:
2026-09-12T00:35:28.7638814Z   repository: Matanek/Silex-Lib-STD
2026-09-12T00:35:28.7639050Z   ref: 5a018305fb470dfe00e94466150b3c04f207e252
2026-09-12T00:35:28.7639270Z   path: Dependencies/STD
2026-09-12T00:35:28.7641408Z   token: ***
2026-09-12T00:35:28.7641553Z   ssh-strict: true
2026-09-12T00:35:28.7641697Z   ssh-user: git
2026-09-12T00:35:28.7641851Z   persist-credentials: true
2026-09-12T00:35:28.7642020Z   clean: true
2026-09-12T00:35:28.7642177Z   sparse-checkout-cone-mode: true
2026-09-12T00:35:28.7642390Z   fetch-depth: 1
2026-09-12T00:35:28.7642533Z   fetch-tags: false
2026-09-12T00:35:28.7642682Z   show-progress: true
2026-09-12T00:35:28.7642849Z   lfs: false
2026-09-12T00:35:28.7642980Z   submodules: false
2026-09-12T00:35:28.7643129Z   set-safe-directory: true
2026-09-12T00:35:28.7643309Z   allow-unsafe-pr-checkout: false
2026-09-12T00:35:28.7643507Z ##[endgroup]
2026-09-12T00:35:28.8661161Z Syncing repository: Matanek/Silex-Lib-STD
2026-09-12T00:35:28.8670704Z ##[group]Getting Git version info
2026-09-12T00:35:28.8671142Z Working directory is 'D:\a\Silex\Silex\Dependencies\STD'
2026-09-12T00:35:28.9444220Z [command]"C:\Program Files\Git\bin\git.exe" version
2026-09-12T00:35:28.9666590Z git version 2.55.0.windows.5
2026-09-12T00:35:28.9702353Z ##[endgroup]
2026-09-12T00:35:28.9716209Z Temporarily overriding HOME='D:\a\_temp\190488ec-6d82-425e-92d4-03a40b7bc08b' before making global git config changes
2026-09-12T00:35:28.9716753Z Adding repository directory to the temporary git global config as a safe directory
2026-09-12T00:35:28.9725012Z [command]"C:\Program Files\Git\bin\git.exe" config --global --add safe.directory D:\a\Silex\Silex\Dependencies\STD
2026-09-12T00:35:28.9961530Z ##[group]Determining repository object format
2026-09-12T00:35:28.9964194Z ##[endgroup]
2026-09-12T00:35:28.9964567Z ##[group]Initializing the repository
2026-09-12T00:35:28.9971908Z [command]"C:\Program Files\Git\bin\git.exe" init D:\a\Silex\Silex\Dependencies\STD
2026-09-12T00:35:29.0242794Z Initialized empty Git repository in D:/a/Silex/Silex/Dependencies/STD/.git/
2026-09-12T00:35:29.0276396Z [command]"C:\Program Files\Git\bin\git.exe" remote add origin https://github.com/Matanek/Silex-Lib-STD
2026-09-12T00:35:29.0510911Z ##[endgroup]
2026-09-12T00:35:29.0511219Z ##[group]Disabling automatic garbage collection
2026-09-12T00:35:29.0519836Z [command]"C:\Program Files\Git\bin\git.exe" config --local gc.auto 0
2026-09-12T00:35:29.0761788Z ##[endgroup]
2026-09-12T00:35:29.0762100Z ##[group]Setting up auth
2026-09-12T00:35:29.0763230Z Removing SSH command configuration
2026-09-12T00:35:29.0773424Z [command]"C:\Program Files\Git\bin\git.exe" config --local --name-only --get-regexp core\.sshCommand
2026-09-12T00:35:29.1050406Z [command]"C:\Program Files\Git\bin\git.exe" submodule foreach --recursive "sh -c \"git config --local --name-only --get-regexp 'core\.sshCommand' && git config --local --unset-all 'core.sshCommand' || :\""
2026-09-12T00:35:29.6466194Z Removing HTTP extra header
2026-09-12T00:35:29.6466964Z [command]"C:\Program Files\Git\bin\git.exe" config --local --name-only --get-regexp http\.https\:\/\/github\.com\/\.extraheader
2026-09-12T00:35:29.6657232Z [command]"C:\Program Files\Git\bin\git.exe" submodule foreach --recursive "sh -c \"git config --local --name-only --get-regexp 'http\.https\:\/\/github\.com\/\.extraheader' && git config --local --unset-all 'http.https://github.com/.extraheader' || :\""
2026-09-12T00:35:30.0458516Z Removing includeIf entries pointing to credentials config files
2026-09-12T00:35:30.0468740Z [command]"C:\Program Files\Git\bin\git.exe" config --local --name-only --get-regexp ^includeIf\.gitdir:
2026-09-12T00:35:30.0707567Z [command]"C:\Program Files\Git\bin\git.exe" submodule foreach --recursive "git config --local --show-origin --name-only --get-regexp remote.origin.url"
2026-09-12T00:35:30.4477011Z [command]"C:\Program Files\Git\bin\git.exe" config --file D:\a\_temp\git-credentials-2c7168c9-c451-4e54-9593-f7e762515f2a.config http.https://github.com/.extraheader "AUTHORIZATION: basic ***"
2026-09-12T00:35:30.4768453Z [command]"C:\Program Files\Git\bin\git.exe" config --local includeIf.gitdir:D:/a/Silex/Silex/Dependencies/STD/.git.path D:\a\_temp\git-credentials-2c7168c9-c451-4e54-9593-f7e762515f2a.config
2026-09-12T00:35:30.5003639Z [command]"C:\Program Files\Git\bin\git.exe" config --local includeIf.gitdir:D:/a/Silex/Silex/Dependencies/STD/.git/worktrees/*.path D:\a\_temp\git-credentials-2c7168c9-c451-4e54-9593-f7e762515f2a.config
2026-09-12T00:35:30.5237450Z [command]"C:\Program Files\Git\bin\git.exe" config --local includeIf.gitdir:/github/workspace/Dependencies/STD/.git.path /github/runner_temp/git-credentials-2c7168c9-c451-4e54-9593-f7e762515f2a.config
2026-09-12T00:35:30.5463429Z [command]"C:\Program Files\Git\bin\git.exe" config --local includeIf.gitdir:/github/workspace/Dependencies/STD/.git/worktrees/*.path /github/runner_temp/git-credentials-2c7168c9-c451-4e54-9593-f7e762515f2a.config
2026-09-12T00:35:30.5683219Z ##[endgroup]
2026-09-12T00:35:30.5683615Z ##[group]Fetching the repository
2026-09-12T00:35:30.5694406Z [command]"C:\Program Files\Git\bin\git.exe" -c protocol.version=2 fetch --no-tags --prune --no-recurse-submodules --depth=1 origin 5a018305fb470dfe00e94466150b3c04f207e252
2026-09-12T00:35:31.3029533Z From https://github.com/Matanek/Silex-Lib-STD
2026-09-12T00:35:31.3029909Z  * branch            5a018305fb470dfe00e94466150b3c04f207e252 -> FETCH_HEAD
2026-09-12T00:35:31.3068093Z [command]"C:\Program Files\Git\bin\git.exe" rev-parse --verify --quiet 5a018305fb470dfe00e94466150b3c04f207e252^{object}
2026-09-12T00:35:31.3271889Z 5a018305fb470dfe00e94466150b3c04f207e252
2026-09-12T00:35:31.3295154Z ##[endgroup]
2026-09-12T00:35:31.3295468Z ##[group]Determining the checkout info
2026-09-12T00:35:31.3296748Z ##[endgroup]
2026-09-12T00:35:31.3303877Z [command]"C:\Program Files\Git\bin\git.exe" sparse-checkout disable
2026-09-12T00:35:31.3563285Z [command]"C:\Program Files\Git\bin\git.exe" config --local --unset-all extensions.worktreeConfig
2026-09-12T00:35:31.3785120Z ##[group]Checking out the ref
2026-09-12T00:35:31.3792242Z [command]"C:\Program Files\Git\bin\git.exe" checkout --progress --force 5a018305fb470dfe00e94466150b3c04f207e252
2026-09-12T00:35:31.4835273Z Note: switching to '5a018305fb470dfe00e94466150b3c04f207e252'.
2026-09-12T00:35:31.4835634Z 
2026-09-12T00:35:31.4835886Z You are in 'detached HEAD' state. You can look around, make experimental
2026-09-12T00:35:31.4836482Z changes and commit them, and you can discard any commits you make in this
2026-09-12T00:35:31.4837065Z state without impacting any branches by switching back to a branch.
2026-09-12T00:35:31.4837439Z 
2026-09-12T00:35:31.4837657Z If you want to create a new branch to retain commits you create, you may
2026-09-12T00:35:31.4838200Z do so (now or later) by using -c with the switch command. Example:
2026-09-12T00:35:31.4838520Z 
2026-09-12T00:35:31.4838732Z   git switch -c <new-branch-name>
2026-09-12T00:35:31.4838937Z 
2026-09-12T00:35:31.4839054Z Or undo this operation with:
2026-09-12T00:35:31.4839246Z 
2026-09-12T00:35:31.4839350Z   git switch -
2026-09-12T00:35:31.4839486Z 
2026-09-12T00:35:31.4839738Z Turn off this advice by setting config variable advice.detachedHead to false
2026-09-12T00:35:31.4840094Z 
2026-09-12T00:35:31.4840220Z HEAD is now at 5a01830 Prepare STD 0.21.0
2026-09-12T00:35:31.4886539Z ##[endgroup]
2026-09-12T00:35:31.5145186Z [command]"C:\Program Files\Git\bin\git.exe" log -1 --format=%H
2026-09-12T00:35:31.5357951Z 5a018305fb470dfe00e94466150b3c04f207e252
2026-09-12T00:35:31.5655207Z ##[group]Run $ErrorActionPreference = "Stop"
2026-09-12T00:35:31.5655605Z [36;1m$ErrorActionPreference = "Stop"[0m
2026-09-12T00:35:31.5655898Z [36;1m$archive = Join-Path $env:RUNNER_TEMP "zig.zip"[0m
2026-09-12T00:35:31.5656360Z [36;1mInvoke-WebRequest https://ziglang.org/download/0.16.0/zig-x86_64-windows-0.16.0.zip -OutFile $archive[0m
2026-09-12T00:35:31.5656842Z [36;1m$actual = (Get-FileHash $archive -Algorithm SHA256).Hash.ToLowerInvariant()[0m
2026-09-12T00:35:31.5657276Z [36;1mif ($actual -ne "68659eb5f1e4eb1437a722f1dd889c5a322c9954607f5edcf337bc3684a75a7e") {[0m
2026-09-12T00:35:31.5657633Z [36;1m  throw "Zig archive checksum mismatch"[0m
2026-09-12T00:35:31.5657837Z [36;1m}[0m
2026-09-12T00:35:31.5658054Z [36;1mExpand-Archive $archive -DestinationPath $env:RUNNER_TEMP[0m
2026-09-12T00:35:31.5658434Z [36;1mAdd-Content $env:GITHUB_PATH (Join-Path $env:RUNNER_TEMP "zig-x86_64-windows-0.16.0")[0m
2026-09-12T00:35:32.7428700Z shell: C:\Program Files\PowerShell\7\pwsh.EXE -command ". '{0}'"
2026-09-12T00:35:32.7429014Z ##[endgroup]
2026-09-12T00:36:05.0190958Z ##[group]Run $ErrorActionPreference = "Stop"
2026-09-12T00:36:05.0191777Z [36;1m$ErrorActionPreference = "Stop"[0m
2026-09-12T00:36:05.0192074Z [36;1m$PSNativeCommandUseErrorActionPreference = $true[0m
2026-09-12T00:36:05.0192360Z [36;1mif ($env:PROCESSOR_ARCHITECTURE -ne "AMD64") {[0m
2026-09-12T00:36:05.0192677Z [36;1m  throw "expected Windows X64 runner, got $env:PROCESSOR_ARCHITECTURE"[0m
2026-09-12T00:36:05.0192948Z [36;1m}[0m
2026-09-12T00:36:05.0193135Z [36;1m$env:USERPROFILE = Join-Path $env:RUNNER_TEMP "home"[0m
2026-09-12T00:36:05.0193374Z [36;1m$env:HOME = $env:USERPROFILE[0m
2026-09-12T00:36:05.0193641Z [36;1mNew-Item -ItemType Directory -Force $env:USERPROFILE | Out-Null[0m
2026-09-12T00:36:05.0193960Z [36;1mzig build -Doptimize=ReleaseFast -Dcpu=baseline `[0m
2026-09-12T00:36:05.0194233Z [36;1m  --prefix "$env:RUNNER_TEMP/silex-prefix" `[0m
2026-09-12T00:36:05.0194477Z [36;1m  --build-file Toolchain/build.zig[0m
2026-09-12T00:36:05.0195429Z [36;1m$silex = Join-Path $env:RUNNER_TEMP "silex-prefix/bin/silex.exe"[0m
2026-09-12T00:36:05.0195692Z [36;1m& $silex setup[0m
2026-09-12T00:36:05.0196023Z [36;1m& $silex link (Join-Path $env:GITHUB_WORKSPACE "Dependencies/STD") --workspace $env:GITHUB_WORKSPACE[0m
2026-09-12T00:36:05.0196466Z [36;1m& $silex test (Join-Path $env:GITHUB_WORKSPACE "Tests/Types/Str/Operators.sx")[0m
2026-09-12T00:36:05.0196858Z [36;1m& $silex test (Join-Path $env:GITHUB_WORKSPACE "Tests/Types/Str/Returns.sx")[0m
2026-09-12T00:36:05.0197256Z [36;1m& $silex test (Join-Path $env:GITHUB_WORKSPACE "Tests/Native/NativePortability.sx")[0m
2026-09-12T00:36:05.0197643Z [36;1m$portability = Join-Path $env:RUNNER_TEMP "native-portability.exe"[0m
2026-09-12T00:36:05.0198062Z [36;1m& $silex compile (Join-Path $env:GITHUB_WORKSPACE "Tests/Native/NativePortability.sx") `[0m
2026-09-12T00:36:05.0198401Z [36;1m  --release -o $portability[0m
2026-09-12T00:36:05.0198620Z [36;1m$portabilityOutput = @(& $portability)[0m
2026-09-12T00:36:05.0198893Z [36;1m$portabilityOutput | ForEach-Object { Write-Output $_ }[0m
2026-09-12T00:36:05.0199257Z [36;1m$cycleDrops = @($portabilityOutput | Where-Object { $_ -eq "native cycle drop" }).Count[0m
2026-09-12T00:36:05.0199577Z [36;1mif ($cycleDrops -ne 6) {[0m
2026-09-12T00:36:05.0199833Z [36;1m  throw "expected 6 native cycle finalizers, got $cycleDrops"[0m
2026-09-12T00:36:05.0200077Z [36;1m}[0m
2026-09-12T00:36:05.0200276Z [36;1m$smoke = Join-Path $env:RUNNER_TEMP "distribution-smoke.exe"[0m
2026-09-12T00:36:05.0200645Z [36;1m& $silex compile (Join-Path $env:GITHUB_WORKSPACE "Tests/Native/DistributionSmoke.sx") `[0m
2026-09-12T00:36:05.0200955Z [36;1m  --release -o $smoke[0m
2026-09-12T00:36:05.0201133Z [36;1m$smokeOutput = @(& $smoke)[0m
2026-09-12T00:36:05.0201484Z [36;1mif ($LASTEXITCODE -ne 0 -or $smokeOutput.Count -ne 1 -or $smokeOutput[0] -ne "silex distribution ready") {[0m
2026-09-12T00:36:05.0201870Z [36;1m  throw "standalone distribution smoke failed"[0m
2026-09-12T00:36:05.0202143Z [36;1m}[0m
2026-09-12T00:36:05.0202523Z [36;1m$aggregateFixture = Join-Path $env:GITHUB_WORKSPACE "Toolchain/Benchmarks/Optimizer/Regressions/AggregateFieldStores.sx"[0m
2026-09-12T00:36:05.0203004Z [36;1m$interpreted = @(& $silex interpret $aggregateFixture --nocache)[0m
2026-09-12T00:36:05.0203441Z [36;1mif ($LASTEXITCODE -ne 0 -or $interpreted.Count -ne 1 -or $interpreted[0] -ne "aggregate field stores preserved") {[0m
2026-09-12T00:36:05.0203859Z [36;1m  throw "aggregate field interpreter regression failed"[0m
2026-09-12T00:36:05.0204084Z [36;1m}[0m
2026-09-12T00:36:05.0204248Z [36;1mforeach ($mode in @("debug", "release")) {[0m
2026-09-12T00:36:05.0204552Z [36;1m  $aggregateBinary = Join-Path $env:RUNNER_TEMP "aggregate-fields-$mode.exe"[0m
2026-09-12T00:36:05.0204934Z [36;1m  & $silex compile $aggregateFixture "--$mode" --nocache -o $aggregateBinary[0m
2026-09-12T00:36:05.0206520Z [36;1m  $aggregateOutput = @(& $aggregateBinary)[0m
2026-09-12T00:36:05.0207028Z [36;1m  if ($LASTEXITCODE -ne 0 -or $aggregateOutput.Count -ne 1 -or $aggregateOutput[0] -ne "aggregate field stores preserved") {[0m
2026-09-12T00:36:05.0207479Z [36;1m    throw "aggregate field $mode regression failed"[0m
2026-09-12T00:36:05.0207701Z [36;1m  }[0m
2026-09-12T00:36:05.0207840Z [36;1m}[0m
2026-09-12T00:36:05.0208146Z [36;1m$minmaxFixture = Join-Path $env:GITHUB_WORKSPACE "Toolchain/Benchmarks/Native/ScalarMathMinMax.sx"[0m
2026-09-12T00:36:05.0208537Z [36;1mforeach ($mode in @("debug", "release")) {[0m
2026-09-12T00:36:05.0208842Z [36;1m  $minmaxBinary = Join-Path $env:RUNNER_TEMP "scalar-math-minmax-$mode.exe"[0m
2026-09-12T00:36:05.0209207Z [36;1m  & $silex compile $minmaxFixture "--$mode" --nocache -o $minmaxBinary[0m
2026-09-12T00:36:05.0209496Z [36;1m  $minmaxOutput = @(& $minmaxBinary)[0m
2026-09-12T00:36:05.0209875Z [36;1m  if ($LASTEXITCODE -ne 0 -or $minmaxOutput.Count -ne 1 -or $minmaxOutput[0] -ne "scalar-math-minmax: pass") {[0m
2026-09-12T00:36:05.0210704Z [36;1m    throw "scalar math minmax $mode regression failed"[0m
2026-09-12T00:36:05.0211019Z [36;1m  }[0m
2026-09-12T00:36:05.0211147Z [36;1m}[0m
2026-09-12T00:36:05.0211436Z [36;1m# Copy bytes unchanged into a standalone fixture, without the optimizer's STD graph.[0m
2026-09-12T00:36:05.0212007Z [36;1m$scalarRoot = Join-Path $env:RUNNER_TEMP "scalar-float-fixture"[0m
2026-09-12T00:36:05.0212353Z [36;1mNew-Item -ItemType Directory -Force -Path $scalarRoot | Out-Null[0m
2026-09-12T00:36:05.0212738Z [36;1mSet-Content -Path (Join-Path $scalarRoot "Package.json") -Value '{"sources":"."}'[0m
2026-09-12T00:36:05.0213116Z [36;1m$scalarFixture = Join-Path $scalarRoot "ScalarFloatResidence.sx"[0m
2026-09-12T00:36:05.0213669Z [36;1mCopy-Item (Join-Path $env:GITHUB_WORKSPACE "Toolchain/Benchmarks/Optimizer/Regressions/ScalarFloatResidence.sx") $scalarFixture[0m
2026-09-12T00:36:05.0214264Z [36;1mforeach ($mode in @("debug", "release")) {[0m
2026-09-12T00:36:05.0214595Z [36;1m  $scalarBinary = Join-Path $env:RUNNER_TEMP "scalar-float-residence-$mode.exe"[0m
2026-09-12T00:36:05.0214976Z [36;1m  & $silex compile $scalarFixture "--$mode" --nocache -o $scalarBinary[0m
2026-09-12T00:36:05.0215262Z [36;1m  $scalarOutput = @(& $scalarBinary)[0m
2026-09-12T00:36:05.0215663Z [36;1m  if ($LASTEXITCODE -ne 0 -or $scalarOutput.Count -ne 9 -or @($scalarOutput | Where-Object { $_ -ne "true" }).Count -ne 0) {[0m
2026-09-12T00:36:05.0216105Z [36;1m    throw "scalar float residence $mode regression failed"[0m
2026-09-12T00:36:05.0216334Z [36;1m  }[0m
2026-09-12T00:36:05.0216464Z [36;1m}[0m
2026-09-12T00:36:05.0216671Z [36;1m$branchFixture = Join-Path $scalarRoot "BranchComparisons.sx"[0m
2026-09-12T00:36:05.0217168Z [36;1mCopy-Item (Join-Path $env:GITHUB_WORKSPACE "Toolchain/Benchmarks/Optimizer/Regressions/BranchComparisons.sx") $branchFixture[0m
2026-09-12T00:36:05.0217642Z [36;1mforeach ($mode in @("debug", "release")) {[0m
2026-09-12T00:36:05.0217955Z [36;1m  $branchBinary = Join-Path $env:RUNNER_TEMP "branch-comparisons-$mode.exe"[0m
2026-09-12T00:36:05.0218321Z [36;1m  & $silex compile $branchFixture "--$mode" --nocache -o $branchBinary[0m
2026-09-12T00:36:05.0218674Z [36;1m  if ($LASTEXITCODE -ne 0) { throw "branch comparison compilation failed" }[0m
2026-09-12T00:36:05.0218971Z [36;1m  $branchOutput = @(& $branchBinary)[0m
2026-09-12T00:36:05.0219297Z [36;1m  if ($LASTEXITCODE -ne 0 -or $branchOutput.Count -ne 1 -or $branchOutput[0] -ne "true") {[0m
2026-09-12T00:36:05.0219651Z [36;1m    throw "branch comparison $mode regression failed"[0m
2026-09-12T00:36:05.0219871Z [36;1m  }[0m
2026-09-12T00:36:05.0220001Z [36;1m}[0m
2026-09-12T00:36:05.0220210Z [36;1m$snapshotFixture = Join-Path $scalarRoot "BranchSnapshots.sx"[0m
2026-09-12T00:36:05.0220715Z [36;1mCopy-Item (Join-Path $env:GITHUB_WORKSPACE "Toolchain/Benchmarks/Optimizer/Regressions/BranchSnapshots.sx") $snapshotFixture[0m
2026-09-12T00:36:05.0221641Z [36;1mforeach ($mode in @("debug", "release")) {[0m
2026-09-12T00:36:05.0221970Z [36;1m  $snapshotBinary = Join-Path $env:RUNNER_TEMP "branch-snapshots-$mode.exe"[0m
2026-09-12T00:36:05.0222350Z [36;1m  & $silex compile $snapshotFixture "--$mode" --nocache -o $snapshotBinary[0m
2026-09-12T00:36:05.0222714Z [36;1m  if ($LASTEXITCODE -ne 0) { throw "branch snapshot compilation failed" }[0m
2026-09-12T00:36:05.0223010Z [36;1m  $snapshotOutput = @(& $snapshotBinary)[0m
2026-09-12T00:36:05.0223432Z [36;1m  if ($LASTEXITCODE -ne 0 -or $snapshotOutput.Count -ne 8 -or @($snapshotOutput | Where-Object { $_ -ne "true" }).Count -ne 0) {[0m
2026-09-12T00:36:05.0223871Z [36;1m    throw "branch snapshot $mode regression failed"[0m
2026-09-12T00:36:05.0224087Z [36;1m  }[0m
2026-09-12T00:36:05.0224214Z [36;1m}[0m
2026-09-12T00:36:05.0224422Z [36;1m$loopExitFixture = Join-Path $scalarRoot "LoopExitResidence.sx"[0m
2026-09-12T00:36:05.0224935Z [36;1mCopy-Item (Join-Path $env:GITHUB_WORKSPACE "Toolchain/Benchmarks/Optimizer/Regressions/LoopExitResidence.sx") $loopExitFixture[0m
2026-09-12T00:36:05.0225487Z [36;1mforeach ($mode in @("debug", "release")) {[0m
2026-09-12T00:36:05.0225793Z [36;1m  $loopExitBinary = Join-Path $env:RUNNER_TEMP "loop-exit-residence-$mode.exe"[0m
2026-09-12T00:36:05.0226171Z [36;1m  & $silex compile $loopExitFixture "--$mode" --nocache -o $loopExitBinary[0m
2026-09-12T00:36:05.0226547Z [36;1m  if ($LASTEXITCODE -ne 0) { throw "loop exit residence compilation failed" }[0m
2026-09-12T00:36:05.0226846Z [36;1m  $loopExitOutput = @(& $loopExitBinary)[0m
2026-09-12T00:36:05.0227253Z [36;1m  if ($LASTEXITCODE -ne 0 -or $loopExitOutput.Count -ne 5 -or @($loopExitOutput | Where-Object { $_ -ne "true" }).Count -ne 0) {[0m
2026-09-12T00:36:05.0227691Z [36;1m    throw "loop exit residence $mode regression failed"[0m
2026-09-12T00:36:05.0227929Z [36;1m  }[0m
2026-09-12T00:36:05.0228058Z [36;1m}[0m
2026-09-12T00:36:05.0228287Z [36;1m$floatMemoryFixture = Join-Path $scalarRoot "FloatMemoryResidence.sx"[0m
2026-09-12T00:36:05.0228841Z [36;1mCopy-Item (Join-Path $env:GITHUB_WORKSPACE "Toolchain/Benchmarks/Optimizer/Regressions/FloatMemoryResidence.sx") $floatMemoryFixture[0m
2026-09-12T00:36:05.0229306Z [36;1mforeach ($mode in @("debug", "release")) {[0m
2026-09-12T00:36:05.0229637Z [36;1m  $floatMemoryBinary = Join-Path $env:RUNNER_TEMP "float-memory-residence-$mode.exe"[0m
2026-09-12T00:36:05.0230065Z [36;1m  & $silex compile $floatMemoryFixture "--$mode" --nocache -o $floatMemoryBinary[0m
2026-09-12T00:36:05.0230466Z [36;1m  if ($LASTEXITCODE -ne 0) { throw "float memory residence compilation failed" }[0m
2026-09-12T00:36:05.0230973Z [36;1m  $floatMemoryOutput = @(& $floatMemoryBinary)[0m
2026-09-12T00:36:05.0231420Z [36;1m  if ($LASTEXITCODE -ne 0 -or $floatMemoryOutput.Count -ne 13 -or @($floatMemoryOutput | Where-Object { $_ -ne "true" }).Count -ne 0) {[0m
2026-09-12T00:36:05.0232021Z [36;1m    throw "float memory residence $mode regression failed"[0m
2026-09-12T00:36:05.0232283Z [36;1m  }[0m
2026-09-12T00:36:05.0232409Z [36;1m}[0m
2026-09-12T00:36:05.0232639Z [36;1m$floatOperandsFixture = Join-Path $scalarRoot "ScalarFloatOperands.sx"[0m
2026-09-12T00:36:05.0233181Z [36;1mCopy-Item (Join-Path $env:GITHUB_WORKSPACE "Toolchain/Benchmarks/Optimizer/Regressions/ScalarFloatOperands.sx") $floatOperandsFixture[0m
2026-09-12T00:36:05.0233652Z [36;1mforeach ($mode in @("debug", "release")) {[0m
2026-09-12T00:36:05.0233986Z [36;1m  $floatOperandsBinary = Join-Path $env:RUNNER_TEMP "scalar-float-operands-$mode.exe"[0m
2026-09-12T00:36:05.0234412Z [36;1m  & $silex compile $floatOperandsFixture "--$mode" --nocache -o $floatOperandsBinary[0m
2026-09-12T00:36:05.0234809Z [36;1m  if ($LASTEXITCODE -ne 0) { throw "scalar float operands compilation failed" }[0m
2026-09-12T00:36:05.0235137Z [36;1m  $floatOperandsOutput = @(& $floatOperandsBinary)[0m
2026-09-12T00:36:05.0235694Z [36;1m  if ($LASTEXITCODE -ne 0 -or $floatOperandsOutput.Count -ne 18 -or @($floatOperandsOutput | Where-Object { $_ -ne "true" }).Count -ne 0) {[0m
2026-09-12T00:36:05.0236177Z [36;1m    throw "scalar float operands $mode regression failed"[0m
2026-09-12T00:36:05.0236406Z [36;1m  }[0m
2026-09-12T00:36:05.0236536Z [36;1m}[0m
2026-09-12T00:36:05.0236775Z [36;1m$privateLengthFixture = Join-Path $scalarRoot "PrivateCollectionLengths.sx"[0m
2026-09-12T00:36:05.0237343Z [36;1mCopy-Item (Join-Path $env:GITHUB_WORKSPACE "Toolchain/Benchmarks/Optimizer/Regressions/PrivateCollectionLengths.sx") $privateLengthFixture[0m
2026-09-12T00:36:05.0237822Z [36;1mforeach ($mode in @("debug", "release")) {[0m
2026-09-12T00:36:05.0238158Z [36;1m  $privateLengthBinary = Join-Path $env:RUNNER_TEMP "private-collection-lengths-$mode.exe"[0m
2026-09-12T00:36:05.0238596Z [36;1m  & $silex compile $privateLengthFixture "--$mode" --nocache -o $privateLengthBinary[0m
2026-09-12T00:36:05.0239002Z [36;1m  if ($LASTEXITCODE -ne 0) { throw "private collection lengths compilation failed" }[0m
2026-09-12T00:36:05.0239422Z [36;1m  $privateLengthOutput = @(& $privateLengthBinary)[0m
2026-09-12T00:36:05.0239884Z [36;1m  if ($LASTEXITCODE -ne 0 -or $privateLengthOutput.Count -ne 10 -or @($privateLengthOutput | Where-Object { $_ -ne "true" }).Count -ne 0) {[0m
2026-09-12T00:36:05.0240368Z [36;1m    throw "private collection lengths $mode regression failed"[0m
2026-09-12T00:36:05.0240610Z [36;1m  }[0m
2026-09-12T00:36:05.0240740Z [36;1m}[0m
2026-09-12T00:36:05.0240949Z [36;1m$classLeafFixture = Join-Path $scalarRoot "ScalarClassLeaves.sx"[0m
2026-09-12T00:36:05.0241453Z [36;1mCopy-Item (Join-Path $env:GITHUB_WORKSPACE "Toolchain/Benchmarks/Optimizer/Regressions/ScalarClassLeaves.sx") $classLeafFixture[0m
2026-09-12T00:36:05.0241908Z [36;1mforeach ($mode in @("debug", "release")) {[0m
2026-09-12T00:36:05.0242211Z [36;1m  $classLeafBinary = Join-Path $env:RUNNER_TEMP "scalar-class-leaves-$mode.exe"[0m
2026-09-12T00:36:05.0242596Z [36;1m  & $silex compile $classLeafFixture "--$mode" --nocache -o $classLeafBinary[0m
2026-09-12T00:36:05.0242970Z [36;1m  if ($LASTEXITCODE -ne 0) { throw "scalar class leaves compilation failed" }[0m
2026-09-12T00:36:05.0243268Z [36;1m  $classLeafOutput = @(& $classLeafBinary)[0m
2026-09-12T00:36:05.0243679Z [36;1m  if ($LASTEXITCODE -ne 0 -or $classLeafOutput.Count -ne 10 -or @($classLeafOutput | Where-Object { $_ -ne "true" }).Count -ne 0) {[0m
2026-09-12T00:36:05.0244163Z [36;1m    throw "scalar class leaves $mode regression failed"[0m
2026-09-12T00:36:05.0244388Z [36;1m  }[0m
2026-09-12T00:36:05.0244511Z [36;1m}[0m
2026-09-12T00:36:05.0244739Z [36;1m$integerMemoryFixture = Join-Path $scalarRoot "IntegerMemoryRegions.sx"[0m
2026-09-12T00:36:05.0245281Z [36;1mCopy-Item (Join-Path $env:GITHUB_WORKSPACE "Toolchain/Benchmarks/Optimizer/Regressions/IntegerMemoryRegions.sx") $integerMemoryFixture[0m
2026-09-12T00:36:05.0245744Z [36;1mforeach ($mode in @("debug", "release")) {[0m
2026-09-12T00:36:05.0246070Z [36;1m  $integerMemoryBinary = Join-Path $env:RUNNER_TEMP "integer-memory-regions-$mode.exe"[0m
2026-09-12T00:36:05.0246505Z [36;1m  & $silex compile $integerMemoryFixture "--$mode" --nocache -o $integerMemoryBinary[0m
2026-09-12T00:36:05.0246903Z [36;1m  if ($LASTEXITCODE -ne 0) { throw "integer memory regions compilation failed" }[0m
2026-09-12T00:36:05.0247229Z [36;1m  $integerMemoryOutput = @(& $integerMemoryBinary)[0m
2026-09-12T00:36:05.0247694Z [36;1m  if ($LASTEXITCODE -ne 0 -or $integerMemoryOutput.Count -ne 10 -or @($integerMemoryOutput | Where-Object { $_ -ne "true" }).Count -ne 0) {[0m
2026-09-12T00:36:05.0248508Z [36;1m    throw "integer memory regions $mode regression failed"[0m
2026-09-12T00:36:05.0249072Z [36;1m  }[0m
2026-09-12T00:36:05.0249235Z [36;1m}[0m
2026-09-12T00:36:05.0307229Z shell: C:\Program Files\PowerShell\7\pwsh.EXE -command ". '{0}'"
2026-09-12T00:36:05.0307501Z ##[endgroup]
2026-09-12T00:40:23.4024671Z silex: installed Shadercross for windows-x64
2026-09-12T00:40:36.4480729Z silex: installed Native linker for windows-x64
2026-09-12T00:40:36.4587360Z silex: linked STD@0.21.0 to D:\a\Silex\Silex\Dependencies\STD for this workspace
2026-09-12T00:41:42.8255576Z ok - str concatenation operand positions
2026-09-12T00:41:42.9871876Z ok - str compound concatenation
2026-09-12T00:41:43.1376041Z ok - str equality and interpolation
2026-09-12T00:41:43.2926924Z ok - str unicode scalar count
2026-09-12T00:41:43.2928253Z 4 passed; 0 failed
2026-09-12T00:41:43.4928319Z ok - str return positions
2026-09-12T00:41:43.4928794Z 1 passed; 0 failed
2026-09-12T00:41:43.6822057Z ok - dynamic protocol dispatch returns updated structures and shared classes
2026-09-12T00:41:43.8349262Z ok - execute direct indirect and dynamic calls beyond native registers
2026-09-12T00:41:43.9940821Z ok - preserve paired float32 arithmetic on native
2026-09-12T00:41:44.1659801Z ok - mutate a class-owned native list without changing its snapshot
2026-09-12T00:41:44.3331028Z ok - replace class elements in a class-owned native list
2026-09-12T00:41:44.4809018Z ok - preserve embedded byte contents on native
2026-09-12T00:41:44.6327839Z ok - format native floats through the standalone runtime
2026-09-12T00:41:44.7871595Z ok - convert native float precision in both directions
2026-09-12T00:41:44.9546452Z ok - replace and preserve an aliased native list
2026-09-12T00:41:45.1130868Z ok - swap and reverse a native list
2026-09-12T00:41:45.2680463Z ok - grow a native list at every position
2026-09-12T00:41:45.4262931Z ok - remove native list elements from every position
2026-09-12T00:41:45.5786355Z ok - slice view mutate and clear native lists
2026-09-12T00:41:45.7399199Z ok - mutable aggregate view detaches shared native list
2026-09-12T00:41:45.8982563Z copy state drop
2026-09-12T00:41:45.8982955Z copy state drop
2026-09-12T00:41:45.8983419Z ok - deep-copy repeated native class roots without collections
2026-09-12T00:41:46.0553950Z native cycle drop
2026-09-12T00:41:46.0554353Z native cycle drop
2026-09-12T00:41:46.0554710Z ok - finalize a direct native class cycle
2026-09-12T00:41:46.2120376Z native cycle drop
2026-09-12T00:41:46.2120771Z native cycle drop
2026-09-12T00:41:46.2121145Z ok - finalize a native class cycle through lists
2026-09-12T00:41:46.3766043Z native cycle drop
2026-09-12T00:41:46.3766404Z native cycle drop
2026-09-12T00:41:46.3766732Z ok - finalize a native class cycle through protocols
2026-09-12T00:41:46.5320711Z ok - execute the complete native collection mutation slice
2026-09-12T00:41:46.6872465Z copy state drop
2026-09-12T00:41:46.6872874Z copy state drop
2026-09-12T00:41:46.6873262Z ok - execute native ownership and deep-copy runtime
2026-09-12T00:41:46.8435913Z ok - preserve resource aggregates across native list growth
2026-09-12T00:41:46.9963512Z ok - serialize native mutations with mutex
2026-09-12T00:41:47.1563115Z native cycle drop
2026-09-12T00:41:47.1563528Z native cycle drop
2026-09-12T00:41:47.1563833Z native cycle drop
2026-09-12T00:41:47.1564171Z native cycle drop
2026-09-12T00:41:47.1564440Z native cycle drop
2026-09-12T00:41:47.1564722Z native cycle drop
2026-09-12T00:41:47.1565201Z ok - finalize native cycles across direct collection and protocol edges
2026-09-12T00:41:47.1572372Z 23 passed; 0 failed
2026-09-12T00:41:47.2767176Z copy state drop
2026-09-12T00:41:47.2771094Z copy state drop
2026-09-12T00:41:47.2773097Z native cycle drop
2026-09-12T00:41:47.2775007Z native cycle drop
2026-09-12T00:41:47.2777048Z native cycle drop
2026-09-12T00:41:47.2778713Z native cycle drop
2026-09-12T00:41:47.2780377Z native cycle drop
2026-09-12T00:41:47.2782078Z native cycle drop
2026-09-12T00:41:48.8835723Z Post job cleanup.
2026-09-12T00:41:49.0249978Z [command]"C:\Program Files\Git\bin\git.exe" version
2026-09-12T00:41:49.0486489Z git version 2.55.0.windows.5
2026-09-12T00:41:49.0546540Z Temporarily overriding HOME='D:\a\_temp\2e35141b-b107-4814-bb93-e9aeaef17889' before making global git config changes
2026-09-12T00:41:49.0547445Z Adding repository directory to the temporary git global config as a safe directory
2026-09-12T00:41:49.0555856Z [command]"C:\Program Files\Git\bin\git.exe" config --global --add safe.directory D:\a\Silex\Silex\Dependencies\STD
2026-09-12T00:41:49.0828347Z Removing SSH command configuration
2026-09-12T00:41:49.0843138Z [command]"C:\Program Files\Git\bin\git.exe" config --local --name-only --get-regexp core\.sshCommand
2026-09-12T00:41:49.1145252Z [command]"C:\Program Files\Git\bin\git.exe" submodule foreach --recursive "sh -c \"git config --local --name-only --get-regexp 'core\.sshCommand' && git config --local --unset-all 'core.sshCommand' || :\""
2026-09-12T00:41:49.5816051Z Removing HTTP extra header
2026-09-12T00:41:49.5828146Z [command]"C:\Program Files\Git\bin\git.exe" config --local --name-only --get-regexp http\.https\:\/\/github\.com\/\.extraheader
2026-09-12T00:41:49.6123274Z [command]"C:\Program Files\Git\bin\git.exe" submodule foreach --recursive "sh -c \"git config --local --name-only --get-regexp 'http\.https\:\/\/github\.com\/\.extraheader' && git config --local --unset-all 'http.https://github.com/.extraheader' || :\""
2026-09-12T00:41:50.1058338Z Removing includeIf entries pointing to credentials config files
2026-09-12T00:41:50.1068824Z [command]"C:\Program Files\Git\bin\git.exe" config --local --name-only --get-regexp ^includeIf\.gitdir:
2026-09-12T00:41:50.1272184Z includeif.gitdir:D:/a/Silex/Silex/Dependencies/STD/.git.path
2026-09-12T00:41:50.1272837Z includeif.gitdir:D:/a/Silex/Silex/Dependencies/STD/.git/worktrees/*.path
2026-09-12T00:41:50.1273458Z includeif.gitdir:/github/workspace/Dependencies/STD/.git.path
2026-09-12T00:41:50.1274104Z includeif.gitdir:/github/workspace/Dependencies/STD/.git/worktrees/*.path
2026-09-12T00:41:50.1302823Z [command]"C:\Program Files\Git\bin\git.exe" config --local --get-all includeif.gitdir:D:/a/Silex/Silex/Dependencies/STD/.git.path
2026-09-12T00:41:50.1502914Z D:\a\_temp\git-credentials-2c7168c9-c451-4e54-9593-f7e762515f2a.config
2026-09-12T00:41:50.1534901Z [command]"C:\Program Files\Git\bin\git.exe" config --local --unset includeif.gitdir:D:/a/Silex/Silex/Dependencies/STD/.git.path D:\a\_temp\git-credentials-2c7168c9-c451-4e54-9593-f7e762515f2a.config
2026-09-12T00:41:50.1763809Z [command]"C:\Program Files\Git\bin\git.exe" config --local --get-all includeif.gitdir:D:/a/Silex/Silex/Dependencies/STD/.git/worktrees/*.path
2026-09-12T00:41:50.1962373Z D:\a\_temp\git-credentials-2c7168c9-c451-4e54-9593-f7e762515f2a.config
2026-09-12T00:41:50.1993249Z [command]"C:\Program Files\Git\bin\git.exe" config --local --unset includeif.gitdir:D:/a/Silex/Silex/Dependencies/STD/.git/worktrees/*.path D:\a\_temp\git-credentials-2c7168c9-c451-4e54-9593-f7e762515f2a.config
2026-09-12T00:41:50.2220915Z [command]"C:\Program Files\Git\bin\git.exe" config --local --get-all includeif.gitdir:/github/workspace/Dependencies/STD/.git.path
2026-09-12T00:41:50.2425537Z /github/runner_temp/git-credentials-2c7168c9-c451-4e54-9593-f7e762515f2a.config
2026-09-12T00:41:50.2455309Z [command]"C:\Program Files\Git\bin\git.exe" config --local --unset includeif.gitdir:/github/workspace/Dependencies/STD/.git.path /github/runner_temp/git-credentials-2c7168c9-c451-4e54-9593-f7e762515f2a.config
2026-09-12T00:41:50.2683011Z [command]"C:\Program Files\Git\bin\git.exe" config --local --get-all includeif.gitdir:/github/workspace/Dependencies/STD/.git/worktrees/*.path
2026-09-12T00:41:50.2878858Z /github/runner_temp/git-credentials-2c7168c9-c451-4e54-9593-f7e762515f2a.config
2026-09-12T00:41:50.2911525Z [command]"C:\Program Files\Git\bin\git.exe" config --local --unset includeif.gitdir:/github/workspace/Dependencies/STD/.git/worktrees/*.path /github/runner_temp/git-credentials-2c7168c9-c451-4e54-9593-f7e762515f2a.config
2026-09-12T00:41:50.3141556Z [command]"C:\Program Files\Git\bin\git.exe" submodule foreach --recursive "git config --local --show-origin --name-only --get-regexp remote.origin.url"
2026-09-12T00:41:50.7355132Z Removing credentials config 'D:\a\_temp\git-credentials-2c7168c9-c451-4e54-9593-f7e762515f2a.config'
2026-09-12T00:41:50.7622655Z Post job cleanup.
2026-09-12T00:41:50.8966368Z [command]"C:\Program Files\Git\bin\git.exe" version
2026-09-12T00:41:50.9182688Z git version 2.55.0.windows.5
2026-09-12T00:41:50.9238689Z Temporarily overriding HOME='D:\a\_temp\fd82dedc-720a-4e9e-ae75-2f6015b91841' before making global git config changes
2026-09-12T00:41:50.9239593Z Adding repository directory to the temporary git global config as a safe directory
2026-09-12T00:41:50.9247333Z [command]"C:\Program Files\Git\bin\git.exe" config --global --add safe.directory D:\a\Silex\Silex
2026-09-12T00:41:50.9498504Z Removing SSH command configuration
2026-09-12T00:41:50.9512631Z [command]"C:\Program Files\Git\bin\git.exe" config --local --name-only --get-regexp core\.sshCommand
2026-09-12T00:41:50.9771403Z [command]"C:\Program Files\Git\bin\git.exe" submodule foreach --recursive "sh -c \"git config --local --name-only --get-regexp 'core\.sshCommand' && git config --local --unset-all 'core.sshCommand' || :\""
2026-09-12T00:41:51.4367457Z Removing HTTP extra header
2026-09-12T00:41:51.4376119Z [command]"C:\Program Files\Git\bin\git.exe" config --local --name-only --get-regexp http\.https\:\/\/github\.com\/\.extraheader
2026-09-12T00:41:51.4623115Z [command]"C:\Program Files\Git\bin\git.exe" submodule foreach --recursive "sh -c \"git config --local --name-only --get-regexp 'http\.https\:\/\/github\.com\/\.extraheader' && git config --local --unset-all 'http.https://github.com/.extraheader' || :\""
2026-09-12T00:41:51.8776321Z Removing includeIf entries pointing to credentials config files
2026-09-12T00:41:51.8786340Z [command]"C:\Program Files\Git\bin\git.exe" config --local --name-only --get-regexp ^includeIf\.gitdir:
2026-09-12T00:41:51.8990284Z includeif.gitdir:D:/a/Silex/Silex/.git.path
2026-09-12T00:41:51.8990698Z includeif.gitdir:D:/a/Silex/Silex/.git/worktrees/*.path
2026-09-12T00:41:51.8990965Z includeif.gitdir:/github/workspace/.git.path
2026-09-12T00:41:51.8991438Z includeif.gitdir:/github/workspace/.git/worktrees/*.path
2026-09-12T00:41:51.9021616Z [command]"C:\Program Files\Git\bin\git.exe" config --local --get-all includeif.gitdir:D:/a/Silex/Silex/.git.path
2026-09-12T00:41:51.9228833Z D:\a\_temp\git-credentials-18939d41-2b29-4cc6-80ae-4eba6fd5b3c9.config
2026-09-12T00:41:51.9265466Z [command]"C:\Program Files\Git\bin\git.exe" config --local --unset includeif.gitdir:D:/a/Silex/Silex/.git.path D:\a\_temp\git-credentials-18939d41-2b29-4cc6-80ae-4eba6fd5b3c9.config
2026-09-12T00:41:51.9505767Z [command]"C:\Program Files\Git\bin\git.exe" config --local --get-all includeif.gitdir:D:/a/Silex/Silex/.git/worktrees/*.path
2026-09-12T00:41:51.9709282Z D:\a\_temp\git-credentials-18939d41-2b29-4cc6-80ae-4eba6fd5b3c9.config
2026-09-12T00:41:51.9741393Z [command]"C:\Program Files\Git\bin\git.exe" config --local --unset includeif.gitdir:D:/a/Silex/Silex/.git/worktrees/*.path D:\a\_temp\git-credentials-18939d41-2b29-4cc6-80ae-4eba6fd5b3c9.config
2026-09-12T00:41:51.9975275Z [command]"C:\Program Files\Git\bin\git.exe" config --local --get-all includeif.gitdir:/github/workspace/.git.path
2026-09-12T00:41:52.0175286Z /github/runner_temp/git-credentials-18939d41-2b29-4cc6-80ae-4eba6fd5b3c9.config
2026-09-12T00:41:52.0205240Z [command]"C:\Program Files\Git\bin\git.exe" config --local --unset includeif.gitdir:/github/workspace/.git.path /github/runner_temp/git-credentials-18939d41-2b29-4cc6-80ae-4eba6fd5b3c9.config
2026-09-12T00:41:52.0442314Z [command]"C:\Program Files\Git\bin\git.exe" config --local --get-all includeif.gitdir:/github/workspace/.git/worktrees/*.path
2026-09-12T00:41:52.0645960Z /github/runner_temp/git-credentials-18939d41-2b29-4cc6-80ae-4eba6fd5b3c9.config
2026-09-12T00:41:52.0678177Z [command]"C:\Program Files\Git\bin\git.exe" config --local --unset includeif.gitdir:/github/workspace/.git/worktrees/*.path /github/runner_temp/git-credentials-18939d41-2b29-4cc6-80ae-4eba6fd5b3c9.config
2026-09-12T00:41:52.0920658Z [command]"C:\Program Files\Git\bin\git.exe" submodule foreach --recursive "git config --local --show-origin --name-only --get-regexp remote.origin.url"
2026-09-12T00:41:52.5444967Z Removing credentials config 'D:\a\_temp\git-credentials-18939d41-2b29-4cc6-80ae-4eba6fd5b3c9.config'
2026-09-12T00:41:52.5616979Z Cleaning up orphan processes
