2026-09-12T00:35:17.8914036Z Current runner version: '2.337.0'
2026-09-12T00:35:17.8939530Z ##[group]Runner Image Provisioner
2026-09-12T00:35:17.8940399Z Hosted Compute Agent
2026-09-12T00:35:17.8941365Z Version: 20260828.587
2026-09-12T00:35:17.8942040Z Commit: abac92662cab4cc7352de4f9f9d2e2419aad9c29
2026-09-12T00:35:17.8942783Z Build Date: 2026-08-28T16:44:25Z
2026-09-12T00:35:17.8943607Z Worker ID: {80d2e921-7cb3-4c35-8b5c-43aef8287f72}
2026-09-12T00:35:17.8944324Z Azure Region: eastus2
2026-09-12T00:35:17.8944927Z ##[endgroup]
2026-09-12T00:35:17.8946955Z ##[group]Operating System
2026-09-12T00:35:17.8947637Z Ubuntu
2026-09-12T00:35:17.8948284Z 24.04.5
2026-09-12T00:35:17.8948838Z LTS
2026-09-12T00:35:17.8949385Z ##[endgroup]
2026-09-12T00:35:17.8950049Z ##[group]Runner Image
2026-09-12T00:35:17.8950662Z Image: ubuntu-24.04
2026-09-12T00:35:17.8951570Z Version: 20260907.300.1
2026-09-12T00:35:17.8952861Z Included Software: https://github.com/actions/runner-images/blob/ubuntu24/20260907.300/images/ubuntu/Ubuntu2404-Readme.md
2026-09-12T00:35:17.8954573Z Image Release: https://github.com/actions/runner-images/releases/tag/ubuntu24%2F20260907.300
2026-09-12T00:35:17.8955586Z ##[endgroup]
2026-09-12T00:35:17.8956734Z ##[group]GITHUB_TOKEN Permissions
2026-09-12T00:35:17.8959509Z Contents: read
2026-09-12T00:35:17.8960225Z Metadata: read
2026-09-12T00:35:17.8961178Z ##[endgroup]
2026-09-12T00:35:17.8963810Z Secret source: Actions
2026-09-12T00:35:17.8964900Z Cache mode: write
2026-09-12T00:35:17.8965914Z Prepare workflow directory
2026-09-12T00:35:17.9296249Z Prepare all required actions
2026-09-12T00:35:17.9343980Z Getting action download info
2026-09-12T00:35:18.1496935Z Download action repository 'actions/checkout@v6' (SHA:d23441a48e516b6c34aea4fa41551a30e30af803)
2026-09-12T00:35:18.2453513Z Download action repository 'actions/upload-artifact@v4' (SHA:ea165f8d65b6e75b540449e92b4886f43607fa02)
2026-09-12T00:35:18.4552086Z Complete job name: windows-arm64-build
2026-09-12T00:35:18.5407019Z ##[group]Run actions/checkout@v6
2026-09-12T00:35:18.5407932Z with:
2026-09-12T00:35:18.5408371Z   repository: Matanek/Silex
2026-09-12T00:35:18.5412565Z   token: ***
2026-09-12T00:35:18.5413009Z   ssh-strict: true
2026-09-12T00:35:18.5413444Z   ssh-user: git
2026-09-12T00:35:18.5413894Z   persist-credentials: true
2026-09-12T00:35:18.5414375Z   clean: true
2026-09-12T00:35:18.5414839Z   sparse-checkout-cone-mode: true
2026-09-12T00:35:18.5415361Z   fetch-depth: 1
2026-09-12T00:35:18.5415791Z   fetch-tags: false
2026-09-12T00:35:18.5416236Z   show-progress: true
2026-09-12T00:35:18.5416690Z   lfs: false
2026-09-12T00:35:18.5417098Z   submodules: false
2026-09-12T00:35:18.5417543Z   set-safe-directory: true
2026-09-12T00:35:18.5418043Z   allow-unsafe-pr-checkout: false
2026-09-12T00:35:18.5418803Z ##[endgroup]
2026-09-12T00:35:18.6429909Z Syncing repository: Matanek/Silex
2026-09-12T00:35:18.6431936Z ##[group]Getting Git version info
2026-09-12T00:35:18.6432703Z Working directory is '/home/runner/work/Silex/Silex'
2026-09-12T00:35:18.6434003Z [command]/usr/bin/git version
2026-09-12T00:35:18.6515967Z git version 2.55.0
2026-09-12T00:35:18.6546084Z ##[endgroup]
2026-09-12T00:35:18.6565087Z Temporarily overriding HOME='/home/runner/work/_temp/8e9acf77-0eea-4d2f-a2d8-cab68fd19325' before making global git config changes
2026-09-12T00:35:18.6567553Z Adding repository directory to the temporary git global config as a safe directory
2026-09-12T00:35:18.6571094Z [command]/usr/bin/git config --global --add safe.directory /home/runner/work/Silex/Silex
2026-09-12T00:35:18.6625289Z Deleting the contents of '/home/runner/work/Silex/Silex'
2026-09-12T00:35:18.6629861Z ##[group]Determining repository object format
2026-09-12T00:35:18.6633143Z ##[endgroup]
2026-09-12T00:35:18.6634464Z ##[group]Initializing the repository
2026-09-12T00:35:18.6638776Z [command]/usr/bin/git init /home/runner/work/Silex/Silex
2026-09-12T00:35:18.6741243Z hint: Using 'master' as the name for the initial branch. This default branch name
2026-09-12T00:35:18.6743313Z hint: will change to "main" in Git 3.0. To configure the initial branch name
2026-09-12T00:35:18.6745775Z hint: to use in all of your new repositories, which will suppress this warning,
2026-09-12T00:35:18.6747680Z hint: call:
2026-09-12T00:35:18.6748755Z hint:
2026-09-12T00:35:18.6750044Z hint: 	git config --global init.defaultBranch <name>
2026-09-12T00:35:18.6751740Z hint:
2026-09-12T00:35:18.6752996Z hint: Names commonly chosen instead of 'master' are 'main', 'trunk' and
2026-09-12T00:35:18.6755029Z hint: 'development'. The just-created branch can be renamed via this command:
2026-09-12T00:35:18.6756405Z hint:
2026-09-12T00:35:18.6757620Z hint: 	git branch -m <name>
2026-09-12T00:35:18.6758789Z hint:
2026-09-12T00:35:18.6760264Z hint: Disable this message with "git config set advice.defaultBranchName false"
2026-09-12T00:35:18.6762620Z Initialized empty Git repository in /home/runner/work/Silex/Silex/.git/
2026-09-12T00:35:18.6766157Z [command]/usr/bin/git remote add origin https://github.com/Matanek/Silex
2026-09-12T00:35:18.6805450Z ##[endgroup]
2026-09-12T00:35:18.6806301Z ##[group]Disabling automatic garbage collection
2026-09-12T00:35:18.6809767Z [command]/usr/bin/git config --local gc.auto 0
2026-09-12T00:35:18.6839891Z ##[endgroup]
2026-09-12T00:35:18.6841575Z ##[group]Setting up auth
2026-09-12T00:35:18.6842387Z Removing SSH command configuration
2026-09-12T00:35:18.6848371Z [command]/usr/bin/git config --local --name-only --get-regexp core\.sshCommand
2026-09-12T00:35:18.6887227Z [command]/usr/bin/git submodule foreach --recursive sh -c "git config --local --name-only --get-regexp 'core\.sshCommand' && git config --local --unset-all 'core.sshCommand' || :"
2026-09-12T00:35:18.7236216Z Removing HTTP extra header
2026-09-12T00:35:18.7245203Z [command]/usr/bin/git config --local --name-only --get-regexp http\.https\:\/\/github\.com\/\.extraheader
2026-09-12T00:35:18.7291088Z [command]/usr/bin/git submodule foreach --recursive sh -c "git config --local --name-only --get-regexp 'http\.https\:\/\/github\.com\/\.extraheader' && git config --local --unset-all 'http.https://github.com/.extraheader' || :"
2026-09-12T00:35:18.7509928Z Removing includeIf entries pointing to credentials config files
2026-09-12T00:35:18.7517638Z [command]/usr/bin/git config --local --name-only --get-regexp ^includeIf\.gitdir:
2026-09-12T00:35:18.7555837Z [command]/usr/bin/git submodule foreach --recursive git config --local --show-origin --name-only --get-regexp remote.origin.url
2026-09-12T00:35:18.7807605Z [command]/usr/bin/git config --file /home/runner/work/_temp/git-credentials-1e989f36-ced8-4ef2-8622-8e3453ff89a5.config http.https://github.com/.extraheader AUTHORIZATION: basic ***
2026-09-12T00:35:18.7853339Z [command]/usr/bin/git config --local includeIf.gitdir:/home/runner/work/Silex/Silex/.git.path /home/runner/work/_temp/git-credentials-1e989f36-ced8-4ef2-8622-8e3453ff89a5.config
2026-09-12T00:35:18.7892327Z [command]/usr/bin/git config --local includeIf.gitdir:/home/runner/work/Silex/Silex/.git/worktrees/*.path /home/runner/work/_temp/git-credentials-1e989f36-ced8-4ef2-8622-8e3453ff89a5.config
2026-09-12T00:35:18.7931238Z [command]/usr/bin/git config --local includeIf.gitdir:/github/workspace/.git.path /github/runner_temp/git-credentials-1e989f36-ced8-4ef2-8622-8e3453ff89a5.config
2026-09-12T00:35:18.7975110Z [command]/usr/bin/git config --local includeIf.gitdir:/github/workspace/.git/worktrees/*.path /github/runner_temp/git-credentials-1e989f36-ced8-4ef2-8622-8e3453ff89a5.config
2026-09-12T00:35:18.8005867Z ##[endgroup]
2026-09-12T00:35:18.8006604Z ##[group]Fetching the repository
2026-09-12T00:35:18.8014793Z [command]/usr/bin/git -c protocol.version=2 fetch --no-tags --prune --no-recurse-submodules --depth=1 origin +40dc12052f4d03b646ba2210ec5b15013f338f77:refs/remotes/origin/spec-silex-optimization-parity-completion
2026-09-12T00:35:20.2055913Z From https://github.com/Matanek/Silex
2026-09-12T00:35:20.2058348Z  * [new ref]         40dc12052f4d03b646ba2210ec5b15013f338f77 -> origin/spec-silex-optimization-parity-completion
2026-09-12T00:35:20.2077890Z [command]/usr/bin/git branch --list --remote origin/spec-silex-optimization-parity-completion
2026-09-12T00:35:20.2099459Z   origin/spec-silex-optimization-parity-completion
2026-09-12T00:35:20.2111294Z [command]/usr/bin/git rev-parse refs/remotes/origin/spec-silex-optimization-parity-completion
2026-09-12T00:35:20.2139762Z 40dc12052f4d03b646ba2210ec5b15013f338f77
2026-09-12T00:35:20.2146219Z ##[endgroup]
2026-09-12T00:35:20.2147972Z ##[group]Determining the checkout info
2026-09-12T00:35:20.2149692Z ##[endgroup]
2026-09-12T00:35:20.2152403Z [command]/usr/bin/git sparse-checkout disable
2026-09-12T00:35:20.2205994Z [command]/usr/bin/git config --local --unset-all extensions.worktreeConfig
2026-09-12T00:35:20.2238780Z ##[group]Checking out the ref
2026-09-12T00:35:20.2244879Z [command]/usr/bin/git checkout --progress --force -B spec-silex-optimization-parity-completion refs/remotes/origin/spec-silex-optimization-parity-completion
2026-09-12T00:35:20.4837429Z Switched to a new branch 'spec-silex-optimization-parity-completion'
2026-09-12T00:35:20.4841855Z branch 'spec-silex-optimization-parity-completion' set up to track 'origin/spec-silex-optimization-parity-completion'.
2026-09-12T00:35:20.4863472Z ##[endgroup]
2026-09-12T00:35:20.4909895Z [command]/usr/bin/git log -1 --format=%H
2026-09-12T00:35:20.4937167Z 40dc12052f4d03b646ba2210ec5b15013f338f77
2026-09-12T00:35:20.5179382Z ##[group]Run set -euo pipefail
2026-09-12T00:35:20.5180219Z [36;1mset -euo pipefail[0m
2026-09-12T00:35:20.5181255Z [36;1marchive="$RUNNER_TEMP/zig.tar.xz"[0m
2026-09-12T00:35:20.5182831Z [36;1mcurl -fL https://ziglang.org/download/0.16.0/zig-x86_64-linux-0.16.0.tar.xz -o "$archive"[0m
2026-09-12T00:35:20.5185196Z [36;1mecho "70e49664a74374b48b51e6f3fdfbf437f6395d42509050588bd49abe52ba3d00  $archive" | sha256sum -c -[0m
2026-09-12T00:35:20.5186989Z [36;1mtar -xJf "$archive" -C "$RUNNER_TEMP"[0m
2026-09-12T00:35:20.5188122Z [36;1mecho "$RUNNER_TEMP/zig-x86_64-linux-0.16.0" >> "$GITHUB_PATH"[0m
2026-09-12T00:35:20.5230087Z shell: /usr/bin/bash --noprofile --norc -e -o pipefail {0}
2026-09-12T00:35:20.5231459Z ##[endgroup]
2026-09-12T00:35:20.5387366Z   % Total    % Received % Xferd  Average Speed   Time    Time     Time  Current
2026-09-12T00:35:20.5389458Z                                  Dload  Upload   Total   Spent    Left  Speed
2026-09-12T00:35:20.5390429Z 
2026-09-12T00:35:20.7076246Z   0     0    0     0    0     0      0      0 --:--:-- --:--:-- --:--:--     0
2026-09-12T00:35:21.6187963Z   0     0    0     0    0     0      0      0 --:--:-- --:--:-- --:--:--     0
2026-09-12T00:35:22.6588485Z   0 52.9M    0  495k    0     0   458k      0  0:01:58  0:00:01  0:01:57  458k
2026-09-12T00:35:23.6783865Z  22 52.9M   22 11.9M    0     0  5772k      0  0:00:09  0:00:02  0:00:07 5770k
2026-09-12T00:35:24.1769359Z  72 52.9M   72 38.3M    0     0  12.2M      0  0:00:04  0:00:03  0:00:01 12.2M
2026-09-12T00:35:24.1770214Z 100 52.9M  100 52.9M    0     0  14.5M      0  0:00:03  0:00:03 --:--:-- 14.5M
2026-09-12T00:35:24.2217977Z /home/runner/work/_temp/zig.tar.xz: OK
2026-09-12T00:35:28.0147330Z ##[group]Run set -euo pipefail
2026-09-12T00:35:28.0147690Z [36;1mset -euo pipefail[0m
2026-09-12T00:35:28.0147999Z [36;1mstage="$RUNNER_TEMP/windows-arm64-bootstrap"[0m
2026-09-12T00:35:28.0148329Z [36;1mmkdir -p "$stage/boundary"[0m
2026-09-12T00:35:28.0148728Z [36;1mzig build -Dtarget=aarch64-windows -Doptimize=ReleaseFast -Dcpu=baseline \[0m
2026-09-12T00:35:28.0149150Z [36;1m  --prefix "$stage/silex" \[0m
2026-09-12T00:35:28.0149447Z [36;1m  --build-file Toolchain/build.zig[0m
2026-09-12T00:35:28.0149917Z [36;1mzig build-lib Tests/Target/windows-arm64/WindowsArm64BoundaryProbe/Provider.zig \[0m
2026-09-12T00:35:28.0150376Z [36;1m  -O ReleaseSmall \[0m
2026-09-12T00:35:28.0150645Z [36;1m  -target aarch64-windows \[0m
2026-09-12T00:35:28.0151450Z [36;1m  -femit-bin="$stage/boundary/BoundaryProbe.lib"[0m
2026-09-12T00:35:28.0151892Z [36;1mtest "$(head -c 8 "$stage/boundary/BoundaryProbe.lib")" = "!<arch>"[0m
2026-09-12T00:35:28.0193196Z shell: /usr/bin/bash --noprofile --norc -e -o pipefail {0}
2026-09-12T00:35:28.0193563Z ##[endgroup]
2026-09-12T00:39:11.0504531Z Node 20 is being deprecated. This workflow is running with Node 24 by default. If you need to temporarily use Node 20, you can set the ACTIONS_ALLOW_USE_UNSECURE_NODE_VERSION=true environment variable. For more information see: https://github.blog/changelog/2025-09-19-deprecation-of-node-20-on-github-actions-runners/
2026-09-12T00:39:11.0506483Z ##[group]Run actions/upload-artifact@v4
2026-09-12T00:39:11.0506774Z with:
2026-09-12T00:39:11.0506986Z   name: windows-arm64-bootstrap
2026-09-12T00:39:11.0507306Z   path: /home/runner/work/_temp/windows-arm64-bootstrap
2026-09-12T00:39:11.0507623Z   retention-days: 1
2026-09-12T00:39:11.0507838Z   if-no-files-found: error
2026-09-12T00:39:11.0508072Z   compression-level: 6
2026-09-12T00:39:11.0508283Z   overwrite: false
2026-09-12T00:39:11.0508519Z   include-hidden-files: false
2026-09-12T00:39:11.0508782Z ##[endgroup]
2026-09-12T00:39:11.2162051Z (node:2522) [DEP0040] DeprecationWarning: The `punycode` module is deprecated. Please use a userland alternative instead.
2026-09-12T00:39:11.2162839Z (Use `node --trace-deprecation ...` to show where the warning was created)
2026-09-12T00:39:11.2244071Z With the provided path, there will be 3 files uploaded
2026-09-12T00:39:11.2246935Z Artifact name is valid!
2026-09-12T00:39:11.2250262Z Root directory input is valid!
2026-09-12T00:39:11.4197343Z Beginning upload of artifact content to blob storage
2026-09-12T00:39:12.2422236Z (node:2522) [DEP0169] DeprecationWarning: `url.parse()` behavior is not standardized and prone to errors that have security implications. Use the WHATWG URL API instead. CVEs are not issued for `url.parse()` vulnerabilities.
2026-09-12T00:39:12.4400320Z Uploaded bytes 8388608
2026-09-12T00:39:12.4706335Z Uploaded bytes 8774391
2026-09-12T00:39:12.4888289Z Finished uploading artifact content to blob storage!
2026-09-12T00:39:12.4889445Z SHA256 digest of uploaded artifact zip is 5b7455f65f8bd58ca75845b3864c8cdbb8e8e81356d5b85f7fa9e8eea7c06b9f
2026-09-12T00:39:12.4892684Z Finalizing artifact upload
2026-09-12T00:39:12.6737071Z Artifact windows-arm64-bootstrap.zip successfully finalized. Artifact ID 10288170642
2026-09-12T00:39:12.6738649Z Artifact windows-arm64-bootstrap has been successfully uploaded! Final size is 8774391 bytes. Artifact ID is 10288170642
2026-09-12T00:39:12.6744695Z Artifact download URL: https://github.com/Matanek/Silex/actions/runs/34662126348/artifacts/10288170642
2026-09-12T00:39:12.6974107Z Post job cleanup.
2026-09-12T00:39:12.7851679Z [command]/usr/bin/git version
2026-09-12T00:39:12.7896124Z git version 2.55.0
2026-09-12T00:39:12.7942610Z Temporarily overriding HOME='/home/runner/work/_temp/6e7b99c9-becd-436e-974a-91130b37d3b8' before making global git config changes
2026-09-12T00:39:12.7943705Z Adding repository directory to the temporary git global config as a safe directory
2026-09-12T00:39:12.7951664Z [command]/usr/bin/git config --global --add safe.directory /home/runner/work/Silex/Silex
2026-09-12T00:39:12.7990333Z Removing SSH command configuration
2026-09-12T00:39:12.7991268Z [command]/usr/bin/git config --local --name-only --get-regexp core\.sshCommand
2026-09-12T00:39:12.8028410Z [command]/usr/bin/git submodule foreach --recursive sh -c "git config --local --name-only --get-regexp 'core\.sshCommand' && git config --local --unset-all 'core.sshCommand' || :"
2026-09-12T00:39:12.8284541Z Removing HTTP extra header
2026-09-12T00:39:12.8291769Z [command]/usr/bin/git config --local --name-only --get-regexp http\.https\:\/\/github\.com\/\.extraheader
2026-09-12T00:39:12.8328663Z [command]/usr/bin/git submodule foreach --recursive sh -c "git config --local --name-only --get-regexp 'http\.https\:\/\/github\.com\/\.extraheader' && git config --local --unset-all 'http.https://github.com/.extraheader' || :"
2026-09-12T00:39:12.8574357Z Removing includeIf entries pointing to credentials config files
2026-09-12T00:39:12.8591719Z [command]/usr/bin/git config --local --name-only --get-regexp ^includeIf\.gitdir:
2026-09-12T00:39:12.8619357Z includeif.gitdir:/home/runner/work/Silex/Silex/.git.path
2026-09-12T00:39:12.8620433Z includeif.gitdir:/home/runner/work/Silex/Silex/.git/worktrees/*.path
2026-09-12T00:39:12.8621765Z includeif.gitdir:/github/workspace/.git.path
2026-09-12T00:39:12.8622854Z includeif.gitdir:/github/workspace/.git/worktrees/*.path
2026-09-12T00:39:12.8644526Z [command]/usr/bin/git config --local --get-all includeif.gitdir:/home/runner/work/Silex/Silex/.git.path
2026-09-12T00:39:12.8670558Z /home/runner/work/_temp/git-credentials-1e989f36-ced8-4ef2-8622-8e3453ff89a5.config
2026-09-12T00:39:12.8683058Z [command]/usr/bin/git config --local --unset includeif.gitdir:/home/runner/work/Silex/Silex/.git.path /home/runner/work/_temp/git-credentials-1e989f36-ced8-4ef2-8622-8e3453ff89a5.config
2026-09-12T00:39:12.8723447Z [command]/usr/bin/git config --local --get-all includeif.gitdir:/home/runner/work/Silex/Silex/.git/worktrees/*.path
2026-09-12T00:39:12.8749822Z /home/runner/work/_temp/git-credentials-1e989f36-ced8-4ef2-8622-8e3453ff89a5.config
2026-09-12T00:39:12.8761027Z [command]/usr/bin/git config --local --unset includeif.gitdir:/home/runner/work/Silex/Silex/.git/worktrees/*.path /home/runner/work/_temp/git-credentials-1e989f36-ced8-4ef2-8622-8e3453ff89a5.config
2026-09-12T00:39:12.8800410Z [command]/usr/bin/git config --local --get-all includeif.gitdir:/github/workspace/.git.path
2026-09-12T00:39:12.8826361Z /github/runner_temp/git-credentials-1e989f36-ced8-4ef2-8622-8e3453ff89a5.config
2026-09-12T00:39:12.8835554Z [command]/usr/bin/git config --local --unset includeif.gitdir:/github/workspace/.git.path /github/runner_temp/git-credentials-1e989f36-ced8-4ef2-8622-8e3453ff89a5.config
2026-09-12T00:39:12.8895130Z [command]/usr/bin/git config --local --get-all includeif.gitdir:/github/workspace/.git/worktrees/*.path
2026-09-12T00:39:12.8917375Z /github/runner_temp/git-credentials-1e989f36-ced8-4ef2-8622-8e3453ff89a5.config
2026-09-12T00:39:12.8943495Z [command]/usr/bin/git config --local --unset includeif.gitdir:/github/workspace/.git/worktrees/*.path /github/runner_temp/git-credentials-1e989f36-ced8-4ef2-8622-8e3453ff89a5.config
2026-09-12T00:39:12.8986015Z [command]/usr/bin/git submodule foreach --recursive git config --local --show-origin --name-only --get-regexp remote.origin.url
2026-09-12T00:39:12.9229210Z Removing credentials config '/home/runner/work/_temp/git-credentials-1e989f36-ced8-4ef2-8622-8e3453ff89a5.config'
2026-09-12T00:39:12.9388993Z Cleaning up orphan processes
2026-09-12T00:39:12.9720944Z ##[warning]Node.js 20 is deprecated. The following actions target Node.js 20 but are being forced to run on Node.js 24: actions/upload-artifact@v4. For more information see: https://github.blog/changelog/2025-09-19-deprecation-of-node-20-on-github-actions-runners/
