2026-09-12T00:35:20.5649617Z Current runner version: '2.337.0'
2026-09-12T00:35:20.5700994Z ##[group]Runner Image Provisioner
2026-09-12T00:35:20.5702017Z Hosted Compute Agent
2026-09-12T00:35:20.5702837Z Version: 20260828.587
2026-09-12T00:35:20.5703510Z Commit: abac92662cab4cc7352de4f9f9d2e2419aad9c29
2026-09-12T00:35:20.5704355Z Build Date: 2026-08-28T16:44:25Z
2026-09-12T00:35:20.5705070Z Worker ID: {adbf82a9-d406-43a5-b260-e1cfee91fc0c}
2026-09-12T00:35:20.5705788Z Azure Region: centralus
2026-09-12T00:35:20.5706438Z ##[endgroup]
2026-09-12T00:35:20.5708260Z ##[group]Operating System
2026-09-12T00:35:20.5709537Z Ubuntu
2026-09-12T00:35:20.5710130Z 24.04.5
2026-09-12T00:35:20.5710694Z LTS
2026-09-12T00:35:20.5711299Z ##[endgroup]
2026-09-12T00:35:20.5711872Z ##[group]Runner Image
2026-09-12T00:35:20.5712518Z Image: ubuntu-24.04-arm
2026-09-12T00:35:20.5713208Z Version: 20260907.118.1
2026-09-12T00:35:20.5714554Z Included Software: https://github.com/actions/runner-images/blob/ubuntu24-arm64/20260907.118/images/ubuntu/Ubuntu2404-Arm64-Readme.md
2026-09-12T00:35:20.5716407Z Image Release: https://github.com/actions/runner-images/releases/tag/ubuntu24-arm64%2F20260907.118
2026-09-12T00:35:20.5717354Z ##[endgroup]
2026-09-12T00:35:20.5718608Z ##[group]GITHUB_TOKEN Permissions
2026-09-12T00:35:20.5722013Z Contents: read
2026-09-12T00:35:20.5722835Z Metadata: read
2026-09-12T00:35:20.5723483Z ##[endgroup]
2026-09-12T00:35:20.5726960Z Secret source: Actions
2026-09-12T00:35:20.5728009Z Cache mode: write
2026-09-12T00:35:20.5729067Z Prepare workflow directory
2026-09-12T00:35:20.6130216Z Prepare all required actions
2026-09-12T00:35:20.6180904Z Getting action download info
2026-09-12T00:35:20.8469869Z Download action repository 'actions/checkout@v6' (SHA:d23441a48e516b6c34aea4fa41551a30e30af803)
2026-09-12T00:35:21.0532967Z Complete job name: linux-arm64
2026-09-12T00:35:21.1356103Z ##[group]Run actions/checkout@v6
2026-09-12T00:35:21.1357369Z with:
2026-09-12T00:35:21.1358121Z   repository: Matanek/Silex
2026-09-12T00:35:21.1362244Z   token: ***
2026-09-12T00:35:21.1362948Z   ssh-strict: true
2026-09-12T00:35:21.1363570Z   ssh-user: git
2026-09-12T00:35:21.1364167Z   persist-credentials: true
2026-09-12T00:35:21.1364833Z   clean: true
2026-09-12T00:35:21.1365410Z   sparse-checkout-cone-mode: true
2026-09-12T00:35:21.1366125Z   fetch-depth: 1
2026-09-12T00:35:21.1366711Z   fetch-tags: false
2026-09-12T00:35:21.1367294Z   show-progress: true
2026-09-12T00:35:21.1367933Z   lfs: false
2026-09-12T00:35:21.1368468Z   submodules: false
2026-09-12T00:35:21.1369034Z   set-safe-directory: true
2026-09-12T00:35:21.1369997Z   allow-unsafe-pr-checkout: false
2026-09-12T00:35:21.1371291Z ##[endgroup]
2026-09-12T00:35:21.2278714Z Syncing repository: Matanek/Silex
2026-09-12T00:35:21.2281599Z ##[group]Getting Git version info
2026-09-12T00:35:21.2282863Z Working directory is '/home/runner/work/Silex/Silex'
2026-09-12T00:35:21.2284137Z [command]/usr/bin/git version
2026-09-12T00:35:21.2285010Z git version 2.55.0
2026-09-12T00:35:21.2297535Z ##[endgroup]
2026-09-12T00:35:21.2310916Z Temporarily overriding HOME='/home/runner/work/_temp/86911b97-2799-4ad3-9524-08944f7e167e' before making global git config changes
2026-09-12T00:35:21.2312923Z Adding repository directory to the temporary git global config as a safe directory
2026-09-12T00:35:21.2315789Z [command]/usr/bin/git config --global --add safe.directory /home/runner/work/Silex/Silex
2026-09-12T00:35:21.2347474Z Deleting the contents of '/home/runner/work/Silex/Silex'
2026-09-12T00:35:21.2352780Z ##[group]Determining repository object format
2026-09-12T00:35:21.2354972Z ##[endgroup]
2026-09-12T00:35:21.2356318Z ##[group]Initializing the repository
2026-09-12T00:35:21.2359486Z [command]/usr/bin/git init /home/runner/work/Silex/Silex
2026-09-12T00:35:21.2424311Z hint: Using 'master' as the name for the initial branch. This default branch name
2026-09-12T00:35:21.2426437Z hint: will change to "main" in Git 3.0. To configure the initial branch name
2026-09-12T00:35:21.2427995Z hint: to use in all of your new repositories, which will suppress this warning,
2026-09-12T00:35:21.2430095Z hint: call:
2026-09-12T00:35:21.2430856Z hint:
2026-09-12T00:35:21.2431507Z hint: 	git config --global init.defaultBranch <name>
2026-09-12T00:35:21.2432191Z hint:
2026-09-12T00:35:21.2433097Z hint: Names commonly chosen instead of 'master' are 'main', 'trunk' and
2026-09-12T00:35:21.2434096Z hint: 'development'. The just-created branch can be renamed via this command:
2026-09-12T00:35:21.2434977Z hint:
2026-09-12T00:35:21.2435540Z hint: 	git branch -m <name>
2026-09-12T00:35:21.2436113Z hint:
2026-09-12T00:35:21.2436995Z hint: Disable this message with "git config set advice.defaultBranchName false"
2026-09-12T00:35:21.2438072Z Initialized empty Git repository in /home/runner/work/Silex/Silex/.git/
2026-09-12T00:35:21.2442163Z [command]/usr/bin/git remote add origin https://github.com/Matanek/Silex
2026-09-12T00:35:21.2475075Z ##[endgroup]
2026-09-12T00:35:21.2476197Z ##[group]Disabling automatic garbage collection
2026-09-12T00:35:21.2477388Z [command]/usr/bin/git config --local gc.auto 0
2026-09-12T00:35:21.2507444Z ##[endgroup]
2026-09-12T00:35:21.2509535Z ##[group]Setting up auth
2026-09-12T00:35:21.2510519Z Removing SSH command configuration
2026-09-12T00:35:21.2512720Z [command]/usr/bin/git config --local --name-only --get-regexp core\.sshCommand
2026-09-12T00:35:21.2543278Z [command]/usr/bin/git submodule foreach --recursive sh -c "git config --local --name-only --get-regexp 'core\.sshCommand' && git config --local --unset-all 'core.sshCommand' || :"
2026-09-12T00:35:21.2824514Z Removing HTTP extra header
2026-09-12T00:35:21.2839979Z [command]/usr/bin/git config --local --name-only --get-regexp http\.https\:\/\/github\.com\/\.extraheader
2026-09-12T00:35:21.2863662Z [command]/usr/bin/git submodule foreach --recursive sh -c "git config --local --name-only --get-regexp 'http\.https\:\/\/github\.com\/\.extraheader' && git config --local --unset-all 'http.https://github.com/.extraheader' || :"
2026-09-12T00:35:21.3056974Z Removing includeIf entries pointing to credentials config files
2026-09-12T00:35:21.3062167Z [command]/usr/bin/git config --local --name-only --get-regexp ^includeIf\.gitdir:
2026-09-12T00:35:21.3093012Z [command]/usr/bin/git submodule foreach --recursive git config --local --show-origin --name-only --get-regexp remote.origin.url
2026-09-12T00:35:21.3290012Z [command]/usr/bin/git config --file /home/runner/work/_temp/git-credentials-f6cfd141-2d67-404a-abd0-44f722062ebf.config http.https://github.com/.extraheader AUTHORIZATION: basic ***
2026-09-12T00:35:21.3325282Z [command]/usr/bin/git config --local includeIf.gitdir:/home/runner/work/Silex/Silex/.git.path /home/runner/work/_temp/git-credentials-f6cfd141-2d67-404a-abd0-44f722062ebf.config
2026-09-12T00:35:21.3354764Z [command]/usr/bin/git config --local includeIf.gitdir:/home/runner/work/Silex/Silex/.git/worktrees/*.path /home/runner/work/_temp/git-credentials-f6cfd141-2d67-404a-abd0-44f722062ebf.config
2026-09-12T00:35:21.3383143Z [command]/usr/bin/git config --local includeIf.gitdir:/github/workspace/.git.path /github/runner_temp/git-credentials-f6cfd141-2d67-404a-abd0-44f722062ebf.config
2026-09-12T00:35:21.3411196Z [command]/usr/bin/git config --local includeIf.gitdir:/github/workspace/.git/worktrees/*.path /github/runner_temp/git-credentials-f6cfd141-2d67-404a-abd0-44f722062ebf.config
2026-09-12T00:35:21.3437436Z ##[endgroup]
2026-09-12T00:35:21.3438472Z ##[group]Fetching the repository
2026-09-12T00:35:21.3446203Z [command]/usr/bin/git -c protocol.version=2 fetch --no-tags --prune --no-recurse-submodules --depth=1 origin +40dc12052f4d03b646ba2210ec5b15013f338f77:refs/remotes/origin/spec-silex-optimization-parity-completion
2026-09-12T00:35:22.9722398Z From https://github.com/Matanek/Silex
2026-09-12T00:35:22.9725066Z  * [new ref]         40dc12052f4d03b646ba2210ec5b15013f338f77 -> origin/spec-silex-optimization-parity-completion
2026-09-12T00:35:22.9732743Z [command]/usr/bin/git branch --list --remote origin/spec-silex-optimization-parity-completion
2026-09-12T00:35:22.9765526Z   origin/spec-silex-optimization-parity-completion
2026-09-12T00:35:22.9773707Z [command]/usr/bin/git rev-parse refs/remotes/origin/spec-silex-optimization-parity-completion
2026-09-12T00:35:22.9796367Z 40dc12052f4d03b646ba2210ec5b15013f338f77
2026-09-12T00:35:22.9800347Z ##[endgroup]
2026-09-12T00:35:22.9802023Z ##[group]Determining the checkout info
2026-09-12T00:35:22.9803812Z ##[endgroup]
2026-09-12T00:35:22.9804914Z [command]/usr/bin/git sparse-checkout disable
2026-09-12T00:35:22.9843861Z [command]/usr/bin/git config --local --unset-all extensions.worktreeConfig
2026-09-12T00:35:22.9871456Z ##[group]Checking out the ref
2026-09-12T00:35:22.9875266Z [command]/usr/bin/git checkout --progress --force -B spec-silex-optimization-parity-completion refs/remotes/origin/spec-silex-optimization-parity-completion
2026-09-12T00:35:23.1589916Z Switched to a new branch 'spec-silex-optimization-parity-completion'
2026-09-12T00:35:23.1592907Z branch 'spec-silex-optimization-parity-completion' set up to track 'origin/spec-silex-optimization-parity-completion'.
2026-09-12T00:35:23.1604504Z ##[endgroup]
2026-09-12T00:35:23.1641888Z [command]/usr/bin/git log -1 --format=%H
2026-09-12T00:35:23.1664729Z 40dc12052f4d03b646ba2210ec5b15013f338f77
2026-09-12T00:35:23.1923452Z ##[group]Run set -euo pipefail
2026-09-12T00:35:23.1924797Z [36;1mset -euo pipefail[0m
2026-09-12T00:35:23.1925947Z [36;1mcase "$(uname -m)" in[0m
2026-09-12T00:35:23.1926966Z [36;1m  aarch64|arm64) ;;[0m
2026-09-12T00:35:23.1928376Z [36;1m  *) echo "expected a native ARM64 runner, got $(uname -m)" >&2; exit 1 ;;[0m
2026-09-12T00:35:23.1930143Z [36;1mesac[0m
2026-09-12T00:35:23.2035409Z shell: /usr/bin/bash --noprofile --norc -e -o pipefail {0}
2026-09-12T00:35:23.2036852Z ##[endgroup]
2026-09-12T00:35:23.2238922Z ##[group]Run set -euo pipefail
2026-09-12T00:35:23.2240547Z [36;1mset -euo pipefail[0m
2026-09-12T00:35:23.2242030Z [36;1marchive="$RUNNER_TEMP/zig.tar.xz"[0m
2026-09-12T00:35:23.2243895Z [36;1mcurl -fL https://ziglang.org/download/0.16.0/zig-aarch64-linux-0.16.0.tar.xz -o "$archive"[0m
2026-09-12T00:35:23.2246379Z [36;1mecho "ea4b09bfb22ec6f6c6ceac57ab63efb6b46e17ab08d21f69f3a48b38e1534f17  $archive" | sha256sum -c -[0m
2026-09-12T00:35:23.2248311Z [36;1mtar -xJf "$archive" -C "$RUNNER_TEMP"[0m
2026-09-12T00:35:23.2249859Z [36;1mecho "$RUNNER_TEMP/zig-aarch64-linux-0.16.0" >> "$GITHUB_PATH"[0m
2026-09-12T00:35:23.2310045Z shell: /usr/bin/bash --noprofile --norc -e -o pipefail {0}
2026-09-12T00:35:23.2311350Z ##[endgroup]
2026-09-12T00:35:23.2443504Z   % Total    % Received % Xferd  Average Speed   Time    Time     Time  Current
2026-09-12T00:35:23.2445322Z                                  Dload  Upload   Total   Spent    Left  Speed
2026-09-12T00:35:23.2446243Z 
2026-09-12T00:35:23.7423105Z   0     0    0     0    0     0      0      0 --:--:-- --:--:-- --:--:--     0
2026-09-12T00:35:24.7195453Z   0     0    0     0    0     0      0      0 --:--:-- --:--:-- --:--:--     0
2026-09-12T00:35:25.6970696Z   1 48.8M    1  575k    0     0   390k      0  0:02:08  0:00:01  0:02:07  390k
2026-09-12T00:35:26.6385671Z  10 48.8M   10 5231k    0     0  2133k      0  0:00:23  0:00:02  0:00:21 2132k
2026-09-12T00:35:27.6493277Z  50 48.8M   50 24.5M    0     0  7415k      0  0:00:06  0:00:03  0:00:03 7415k
2026-09-12T00:35:27.8987528Z  89 48.8M   89 43.5M    0     0   9.8M      0  0:00:04  0:00:04 --:--:--  9.8M
2026-09-12T00:35:27.8988641Z 100 48.8M  100 48.8M    0     0  10.4M      0  0:00:04  0:00:04 --:--:-- 11.7M
2026-09-12T00:35:27.9332441Z /home/runner/work/_temp/zig.tar.xz: OK
2026-09-12T00:35:30.6045991Z ##[group]Run set -euo pipefail
2026-09-12T00:35:30.6046647Z [36;1mset -euo pipefail[0m
2026-09-12T00:35:30.6046974Z [36;1mexport HOME="$RUNNER_TEMP/home"[0m
2026-09-12T00:35:30.6047302Z [36;1mmkdir -p "$HOME"[0m
2026-09-12T00:35:30.6047612Z [36;1m[0m
2026-09-12T00:35:30.6047974Z [36;1mboundary="$GITHUB_WORKSPACE/Tests/Target/linux-arm64/LinuxArm64Boundary"[0m
2026-09-12T00:35:30.6048504Z [36;1mmkdir -p "$boundary/Boundary/linux-arm64"[0m
2026-09-12T00:35:30.6049581Z [36;1mzig cc -target aarch64-linux-gnu -O2 -c "$boundary/provider.c" \[0m
2026-09-12T00:35:30.6050024Z [36;1m  -o "$boundary/Boundary/linux-arm64/provider.o"[0m
2026-09-12T00:35:30.6050533Z [36;1mzig ar rcs "$boundary/Boundary/linux-arm64/libProvider.a" \[0m
2026-09-12T00:35:30.6050964Z [36;1m  "$boundary/Boundary/linux-arm64/provider.o"[0m
2026-09-12T00:35:30.6051316Z [36;1m[0m
2026-09-12T00:35:30.6051592Z [36;1mzig build -Doptimize=ReleaseFast -Dcpu=baseline \[0m
2026-09-12T00:35:30.6052128Z [36;1m  --prefix "$RUNNER_TEMP/silex-prefix" \[0m
2026-09-12T00:35:30.6052515Z [36;1m  --build-file Toolchain/build.zig[0m
2026-09-12T00:35:30.6052799Z [36;1m[0m
2026-09-12T00:35:30.6053114Z [36;1msilex="$RUNNER_TEMP/silex-prefix/bin/silex"[0m
2026-09-12T00:35:30.6053453Z [36;1m"$silex" setup[0m
2026-09-12T00:35:30.6053845Z [36;1mmanaged_zig="$HOME/.silex/toolchain/zig/0.16.0/linux-arm64/zig"[0m
2026-09-12T00:35:30.6054254Z [36;1mtest -x "$managed_zig"[0m
2026-09-12T00:35:30.6054615Z [36;1mfile "$managed_zig" | grep -E 'ELF 64-bit.*(ARM aarch64|ARM64)'[0m
2026-09-12T00:35:30.6055036Z [36;1m[0m
2026-09-12T00:35:30.6055374Z [36;1msource="$GITHUB_WORKSPACE/Tests/Native/NativePortability.sx"[0m
2026-09-12T00:35:30.6055910Z [36;1m"$silex" interpret "$source" > "$RUNNER_TEMP/interpreted.txt"[0m
2026-09-12T00:35:30.6056386Z [36;1m"$silex" compile "$source" --debug -o "$RUNNER_TEMP/native-debug"[0m
2026-09-12T00:35:30.6056834Z [36;1m"$RUNNER_TEMP/native-debug" > "$RUNNER_TEMP/debug.txt"[0m
2026-09-12T00:35:30.6057301Z [36;1mcmp "$RUNNER_TEMP/interpreted.txt" "$RUNNER_TEMP/debug.txt"[0m
2026-09-12T00:35:30.6057800Z [36;1m"$silex" compile "$source" --release -o "$RUNNER_TEMP/native-release"[0m
2026-09-12T00:35:30.6058270Z [36;1m"$RUNNER_TEMP/native-release" > "$RUNNER_TEMP/release.txt"[0m
2026-09-12T00:35:30.6058801Z [36;1mcmp "$RUNNER_TEMP/interpreted.txt" "$RUNNER_TEMP/release.txt"[0m
2026-09-12T00:35:30.6059526Z [36;1mfile "$RUNNER_TEMP/native-release" | grep -E 'ELF 64-bit.*(ARM aarch64|ARM64)'[0m
2026-09-12T00:35:30.6060205Z [36;1mreadelf -h "$RUNNER_TEMP/native-release" | grep -E 'Machine:.*AArch64'[0m
2026-09-12T00:35:30.6060622Z [36;1m[0m
2026-09-12T00:35:30.6060944Z [36;1m"$silex" run "$GITHUB_WORKSPACE/Tests/Native/DistributionSmoke.sx" --debug[0m
2026-09-12T00:35:30.6061414Z [36;1m"$silex" test "$source"[0m
2026-09-12T00:35:30.6061668Z [36;1m[0m
2026-09-12T00:35:30.6062074Z [36;1m"$managed_zig" cc -target aarch64-linux-gnu -O2 -c "$boundary/provider.c" \[0m
2026-09-12T00:35:30.6062563Z [36;1m  -o "$boundary/Boundary/linux-arm64/provider.o"[0m
2026-09-12T00:35:30.6062993Z [36;1m"$managed_zig" ar rcs "$boundary/Boundary/linux-arm64/libProvider.a" \[0m
2026-09-12T00:35:30.6063476Z [36;1m  "$boundary/Boundary/linux-arm64/provider.o"[0m
2026-09-12T00:35:30.6063837Z [36;1m"$silex" test "$boundary/Tests/Boundary.sx"[0m
2026-09-12T00:35:30.6064251Z [36;1m"$silex" compile "$boundary/Tests/Boundary.sx" --release \[0m
2026-09-12T00:35:30.6064658Z [36;1m  -o "$RUNNER_TEMP/boundary"[0m
2026-09-12T00:35:30.6065020Z [36;1mtest "$("$RUNNER_TEMP/boundary")" = "linux arm64 boundary ready"[0m
2026-09-12T00:35:30.6065427Z [36;1m[0m
2026-09-12T00:35:30.6065826Z [36;1m# Compile the exact standalone witness without the optimizer package's STD graph.[0m
2026-09-12T00:35:30.6066412Z [36;1mscalar_root="$RUNNER_TEMP/scalar-float-fixture"[0m
2026-09-12T00:35:30.6066790Z [36;1mmkdir -p "$scalar_root"[0m
2026-09-12T00:35:30.6067361Z [36;1mprintf '%s\n' '{"sources":"."}' > "$scalar_root/Package.json"[0m
2026-09-12T00:35:30.6067873Z [36;1mscalar_fixture="$scalar_root/ScalarFloatResidence.sx"[0m
2026-09-12T00:35:30.6068501Z [36;1mcp "$GITHUB_WORKSPACE/Toolchain/Benchmarks/Optimizer/Regressions/ScalarFloatResidence.sx" "$scalar_fixture"[0m
2026-09-12T00:35:30.6069335Z [36;1mfor mode in debug release; do[0m
2026-09-12T00:35:30.6069744Z [36;1m  "$silex" compile "$scalar_fixture" "--$mode" --nocache \[0m
2026-09-12T00:35:30.6070160Z [36;1m    -o "$RUNNER_TEMP/scalar-float-residence-$mode"[0m
2026-09-12T00:35:30.6070847Z [36;1m  scalar_output=$("$RUNNER_TEMP/scalar-float-residence-$mode")[0m
2026-09-12T00:35:30.6071289Z [36;1m  test "$(printf '%s\n' "$scalar_output" | wc -l)" -eq 9[0m
2026-09-12T00:35:30.6071734Z [36;1m  test "$(printf '%s\n' "$scalar_output" | grep -c '^true$')" -eq 9[0m
2026-09-12T00:35:30.6072178Z [36;1mdone[0m
2026-09-12T00:35:30.6072460Z [36;1mbranch_fixture="$scalar_root/BranchComparisons.sx"[0m
2026-09-12T00:35:30.6073588Z [36;1mcp "$GITHUB_WORKSPACE/Toolchain/Benchmarks/Optimizer/Regressions/BranchComparisons.sx" "$branch_fixture"[0m
2026-09-12T00:35:30.6074179Z [36;1mfor mode in debug release; do[0m
2026-09-12T00:35:30.6074529Z [36;1m  "$silex" compile "$branch_fixture" "--$mode" --nocache \[0m
2026-09-12T00:35:30.6074968Z [36;1m    -o "$RUNNER_TEMP/branch-comparisons-$mode"[0m
2026-09-12T00:35:30.6075375Z [36;1m  test "$("$RUNNER_TEMP/branch-comparisons-$mode")" = "true"[0m
2026-09-12T00:35:30.6075784Z [36;1mdone[0m
2026-09-12T00:35:30.6076208Z [36;1msnapshot_fixture="$scalar_root/BranchSnapshots.sx"[0m
2026-09-12T00:35:30.6076861Z [36;1mcp "$GITHUB_WORKSPACE/Toolchain/Benchmarks/Optimizer/Regressions/BranchSnapshots.sx" "$snapshot_fixture"[0m
2026-09-12T00:35:30.6077460Z [36;1mfor mode in debug release; do[0m
2026-09-12T00:35:30.6077832Z [36;1m  "$silex" compile "$snapshot_fixture" "--$mode" --nocache \[0m
2026-09-12T00:35:30.6078297Z [36;1m    -o "$RUNNER_TEMP/branch-snapshots-$mode"[0m
2026-09-12T00:35:30.6078725Z [36;1m  snapshot_output=$("$RUNNER_TEMP/branch-snapshots-$mode")[0m
2026-09-12T00:35:30.6079362Z [36;1m  test "$(printf '%s\n' "$snapshot_output" | wc -l)" -eq 8[0m
2026-09-12T00:35:30.6079904Z [36;1m  test "$(printf '%s\n' "$snapshot_output" | grep -c '^true$')" -eq 8[0m
2026-09-12T00:35:30.6080280Z [36;1mdone[0m
2026-09-12T00:35:30.6080594Z [36;1mloop_exit_fixture="$scalar_root/LoopExitResidence.sx"[0m
2026-09-12T00:35:30.6081385Z [36;1mcp "$GITHUB_WORKSPACE/Toolchain/Benchmarks/Optimizer/Regressions/LoopExitResidence.sx" "$loop_exit_fixture"[0m
2026-09-12T00:35:30.6081977Z [36;1mfor mode in debug release; do[0m
2026-09-12T00:35:30.6082403Z [36;1m  "$silex" compile "$loop_exit_fixture" "--$mode" --nocache \[0m
2026-09-12T00:35:30.6082814Z [36;1m    -o "$RUNNER_TEMP/loop-exit-residence-$mode"[0m
2026-09-12T00:35:30.6083259Z [36;1m  loop_exit_output=$("$RUNNER_TEMP/loop-exit-residence-$mode")[0m
2026-09-12T00:35:30.6083745Z [36;1m  test "$(printf '%s\n' "$loop_exit_output" | wc -l)" -eq 5[0m
2026-09-12T00:35:30.6084198Z [36;1m  test "$(printf '%s\n' "$loop_exit_output" | grep -c '^true$')" -eq 5[0m
2026-09-12T00:35:30.6084606Z [36;1mdone[0m
2026-09-12T00:35:30.6084932Z [36;1mfloat_memory_fixture="$scalar_root/FloatMemoryResidence.sx"[0m
2026-09-12T00:35:30.6085618Z [36;1mcp "$GITHUB_WORKSPACE/Toolchain/Benchmarks/Optimizer/Regressions/FloatMemoryResidence.sx" "$float_memory_fixture"[0m
2026-09-12T00:35:30.6086385Z [36;1mfor mode in debug release; do[0m
2026-09-12T00:35:30.6086765Z [36;1m  "$silex" compile "$float_memory_fixture" "--$mode" --nocache \[0m
2026-09-12T00:35:30.6087241Z [36;1m    -o "$RUNNER_TEMP/float-memory-residence-$mode"[0m
2026-09-12T00:35:30.6087688Z [36;1m  float_memory_output=$("$RUNNER_TEMP/float-memory-residence-$mode")[0m
2026-09-12T00:35:30.6088157Z [36;1m  test "$(printf '%s\n' "$float_memory_output" | wc -l)" -eq 13[0m
2026-09-12T00:35:30.6088705Z [36;1m  test "$(printf '%s\n' "$float_memory_output" | grep -c '^true$')" -eq 13[0m
2026-09-12T00:35:30.6089488Z [36;1mdone[0m
2026-09-12T00:35:30.6089968Z [36;1mfloat_operands_fixture="$scalar_root/ScalarFloatOperands.sx"[0m
2026-09-12T00:35:30.6090660Z [36;1mcp "$GITHUB_WORKSPACE/Toolchain/Benchmarks/Optimizer/Regressions/ScalarFloatOperands.sx" "$float_operands_fixture"[0m
2026-09-12T00:35:30.6091240Z [36;1mfor mode in debug release; do[0m
2026-09-12T00:35:30.6091703Z [36;1m  "$silex" compile "$float_operands_fixture" "--$mode" --nocache \[0m
2026-09-12T00:35:30.6092286Z [36;1m    -o "$RUNNER_TEMP/scalar-float-operands-$mode"[0m
2026-09-12T00:35:30.6092818Z [36;1m  float_operands_output=$("$RUNNER_TEMP/scalar-float-operands-$mode")[0m
2026-09-12T00:35:30.6093313Z [36;1m  test "$(printf '%s\n' "$float_operands_output" | wc -l)" -eq 18[0m
2026-09-12T00:35:30.6093810Z [36;1m  test "$(printf '%s\n' "$float_operands_output" | grep -c '^true$')" -eq 18[0m
2026-09-12T00:35:30.6094248Z [36;1mdone[0m
2026-09-12T00:35:30.6094582Z [36;1mprivate_length_fixture="$scalar_root/PrivateCollectionLengths.sx"[0m
2026-09-12T00:35:30.6095325Z [36;1mcp "$GITHUB_WORKSPACE/Toolchain/Benchmarks/Optimizer/Regressions/PrivateCollectionLengths.sx" "$private_length_fixture"[0m
2026-09-12T00:35:30.6095963Z [36;1mfor mode in debug release; do[0m
2026-09-12T00:35:30.6096524Z [36;1m  "$silex" compile "$private_length_fixture" "--$mode" --nocache \[0m
2026-09-12T00:35:30.6097014Z [36;1m    -o "$RUNNER_TEMP/private-collection-lengths-$mode"[0m
2026-09-12T00:35:30.6097487Z [36;1m  private_length_output=$("$RUNNER_TEMP/private-collection-lengths-$mode")[0m
2026-09-12T00:35:30.6098017Z [36;1m  test "$(printf '%s\n' "$private_length_output" | wc -l)" -eq 10[0m
2026-09-12T00:35:30.6098508Z [36;1m  test "$(printf '%s\n' "$private_length_output" | grep -c '^true$')" -eq 10[0m
2026-09-12T00:35:30.6098919Z [36;1mdone[0m
2026-09-12T00:35:30.6099436Z [36;1mclass_leaf_fixture="$scalar_root/ScalarClassLeaves.sx"[0m
2026-09-12T00:35:30.6100081Z [36;1mcp "$GITHUB_WORKSPACE/Toolchain/Benchmarks/Optimizer/Regressions/ScalarClassLeaves.sx" "$class_leaf_fixture"[0m
2026-09-12T00:35:30.6100705Z [36;1mfor mode in debug release; do[0m
2026-09-12T00:35:30.6101077Z [36;1m  "$silex" compile "$class_leaf_fixture" "--$mode" --nocache \[0m
2026-09-12T00:35:30.6101510Z [36;1m    -o "$RUNNER_TEMP/scalar-class-leaves-$mode"[0m
2026-09-12T00:35:30.6101965Z [36;1m  class_leaf_output=$("$RUNNER_TEMP/scalar-class-leaves-$mode")[0m
2026-09-12T00:35:30.6102432Z [36;1m  test "$(printf '%s\n' "$class_leaf_output" | wc -l)" -eq 10[0m
2026-09-12T00:35:30.6102910Z [36;1m  test "$(printf '%s\n' "$class_leaf_output" | grep -c '^true$')" -eq 10[0m
2026-09-12T00:35:30.6103301Z [36;1mdone[0m
2026-09-12T00:35:30.6103640Z [36;1minteger_memory_fixture="$scalar_root/IntegerMemoryRegions.sx"[0m
2026-09-12T00:35:30.6104354Z [36;1mcp "$GITHUB_WORKSPACE/Toolchain/Benchmarks/Optimizer/Regressions/IntegerMemoryRegions.sx" "$integer_memory_fixture"[0m
2026-09-12T00:35:30.6104954Z [36;1mfor mode in debug release; do[0m
2026-09-12T00:35:30.6105331Z [36;1m  "$silex" compile "$integer_memory_fixture" "--$mode" --nocache \[0m
2026-09-12T00:35:30.6105857Z [36;1m    -o "$RUNNER_TEMP/integer-memory-regions-$mode"[0m
2026-09-12T00:35:30.6106313Z [36;1m  integer_memory_output=$("$RUNNER_TEMP/integer-memory-regions-$mode")[0m
2026-09-12T00:35:30.6106837Z [36;1m  test "$(printf '%s\n' "$integer_memory_output" | wc -l)" -eq 10[0m
2026-09-12T00:35:30.6107324Z [36;1m  test "$(printf '%s\n' "$integer_memory_output" | grep -c '^true$')" -eq 10[0m
2026-09-12T00:35:30.6107716Z [36;1mdone[0m
2026-09-12T00:35:30.6148876Z shell: /usr/bin/bash --noprofile --norc -e -o pipefail {0}
2026-09-12T00:35:30.6149589Z ##[endgroup]
2026-09-12T00:40:30.4136026Z silex: installed Shadercross for linux-arm64
2026-09-12T00:40:38.1175302Z silex: installed Native linker for linux-arm64
2026-09-12T00:40:38.1692484Z /home/runner/work/_temp/home/.silex/toolchain/zig/0.16.0/linux-arm64/zig: ELF 64-bit LSB executable, ARM aarch64, version 1 (SYSV), statically linked, stripped
2026-09-12T00:40:38.3345359Z /home/runner/work/_temp/native-release: ELF 64-bit LSB executable, ARM aarch64, version 1 (SYSV), statically linked, no section header
2026-09-12T00:40:38.3913723Z   Machine:                           AArch64
2026-09-12T00:40:38.4286674Z silex distribution ready
2026-09-12T00:40:50.8886568Z ok - dynamic protocol dispatch returns updated structures and shared classes
2026-09-12T00:40:50.9052447Z ok - execute direct indirect and dynamic calls beyond native registers
2026-09-12T00:40:50.9211199Z ok - preserve paired float32 arithmetic on native
2026-09-12T00:40:50.9371446Z ok - mutate a class-owned native list without changing its snapshot
2026-09-12T00:40:50.9538796Z ok - replace class elements in a class-owned native list
2026-09-12T00:40:50.9718422Z ok - preserve embedded byte contents on native
2026-09-12T00:40:50.9894166Z ok - format native floats through the standalone runtime
2026-09-12T00:40:51.0075372Z ok - convert native float precision in both directions
2026-09-12T00:40:51.0262707Z ok - replace and preserve an aliased native list
2026-09-12T00:40:51.0453348Z ok - swap and reverse a native list
2026-09-12T00:40:51.0647761Z ok - grow a native list at every position
2026-09-12T00:40:51.0847062Z ok - remove native list elements from every position
2026-09-12T00:40:51.1050883Z ok - slice view mutate and clear native lists
2026-09-12T00:40:51.1255994Z ok - mutable aggregate view detaches shared native list
2026-09-12T00:40:51.1470502Z copy state drop
2026-09-12T00:40:51.1471378Z copy state drop
2026-09-12T00:40:51.1473898Z ok - deep-copy repeated native class roots without collections
2026-09-12T00:40:51.1686626Z native cycle drop
2026-09-12T00:40:51.1687500Z native cycle drop
2026-09-12T00:40:51.1688281Z ok - finalize a direct native class cycle
2026-09-12T00:40:51.1909970Z native cycle drop
2026-09-12T00:40:51.1910728Z native cycle drop
2026-09-12T00:40:51.1911271Z ok - finalize a native class cycle through lists
2026-09-12T00:40:51.2150273Z native cycle drop
2026-09-12T00:40:51.2150631Z native cycle drop
2026-09-12T00:40:51.2151087Z ok - finalize a native class cycle through protocols
2026-09-12T00:40:51.2370359Z ok - execute the complete native collection mutation slice
2026-09-12T00:40:51.2574987Z copy state drop
2026-09-12T00:40:51.2575675Z copy state drop
2026-09-12T00:40:51.2576347Z ok - execute native ownership and deep-copy runtime
2026-09-12T00:40:51.2804254Z ok - preserve resource aggregates across native list growth
2026-09-12T00:40:51.3036701Z ok - serialize native mutations with mutex
2026-09-12T00:40:51.3274340Z native cycle drop
2026-09-12T00:40:51.3274979Z native cycle drop
2026-09-12T00:40:51.3275499Z native cycle drop
2026-09-12T00:40:51.3276350Z native cycle drop
2026-09-12T00:40:51.3276652Z native cycle drop
2026-09-12T00:40:51.3276883Z native cycle drop
2026-09-12T00:40:51.3277445Z ok - finalize native cycles across direct collection and protocol edges
2026-09-12T00:40:51.3329395Z 23 passed; 0 failed
2026-09-12T00:40:51.3918259Z ok - call a Linux ARM64 Boundary through AAPCS64
2026-09-12T00:40:51.3918929Z 1 passed; 0 failed
2026-09-12T00:40:52.3292305Z Post job cleanup.
2026-09-12T00:40:52.4049048Z [command]/usr/bin/git version
2026-09-12T00:40:52.4082995Z git version 2.55.0
2026-09-12T00:40:52.4117984Z Temporarily overriding HOME='/home/runner/work/_temp/097f8c0a-e436-4b0d-be19-d0827ad33676' before making global git config changes
2026-09-12T00:40:52.4119282Z Adding repository directory to the temporary git global config as a safe directory
2026-09-12T00:40:52.4124193Z [command]/usr/bin/git config --global --add safe.directory /home/runner/work/Silex/Silex
2026-09-12T00:40:52.4152033Z Removing SSH command configuration
2026-09-12T00:40:52.4157733Z [command]/usr/bin/git config --local --name-only --get-regexp core\.sshCommand
2026-09-12T00:40:52.4192458Z [command]/usr/bin/git submodule foreach --recursive sh -c "git config --local --name-only --get-regexp 'core\.sshCommand' && git config --local --unset-all 'core.sshCommand' || :"
2026-09-12T00:40:52.4369656Z Removing HTTP extra header
2026-09-12T00:40:52.4374630Z [command]/usr/bin/git config --local --name-only --get-regexp http\.https\:\/\/github\.com\/\.extraheader
2026-09-12T00:40:52.4412672Z [command]/usr/bin/git submodule foreach --recursive sh -c "git config --local --name-only --get-regexp 'http\.https\:\/\/github\.com\/\.extraheader' && git config --local --unset-all 'http.https://github.com/.extraheader' || :"
2026-09-12T00:40:52.4596752Z Removing includeIf entries pointing to credentials config files
2026-09-12T00:40:52.4605390Z [command]/usr/bin/git config --local --name-only --get-regexp ^includeIf\.gitdir:
2026-09-12T00:40:52.4628656Z includeif.gitdir:/home/runner/work/Silex/Silex/.git.path
2026-09-12T00:40:52.4629872Z includeif.gitdir:/home/runner/work/Silex/Silex/.git/worktrees/*.path
2026-09-12T00:40:52.4630352Z includeif.gitdir:/github/workspace/.git.path
2026-09-12T00:40:52.4630837Z includeif.gitdir:/github/workspace/.git/worktrees/*.path
2026-09-12T00:40:52.4637417Z [command]/usr/bin/git config --local --get-all includeif.gitdir:/home/runner/work/Silex/Silex/.git.path
2026-09-12T00:40:52.4659010Z /home/runner/work/_temp/git-credentials-f6cfd141-2d67-404a-abd0-44f722062ebf.config
2026-09-12T00:40:52.4667584Z [command]/usr/bin/git config --local --unset includeif.gitdir:/home/runner/work/Silex/Silex/.git.path /home/runner/work/_temp/git-credentials-f6cfd141-2d67-404a-abd0-44f722062ebf.config
2026-09-12T00:40:52.4699617Z [command]/usr/bin/git config --local --get-all includeif.gitdir:/home/runner/work/Silex/Silex/.git/worktrees/*.path
2026-09-12T00:40:52.4723881Z /home/runner/work/_temp/git-credentials-f6cfd141-2d67-404a-abd0-44f722062ebf.config
2026-09-12T00:40:52.4732021Z [command]/usr/bin/git config --local --unset includeif.gitdir:/home/runner/work/Silex/Silex/.git/worktrees/*.path /home/runner/work/_temp/git-credentials-f6cfd141-2d67-404a-abd0-44f722062ebf.config
2026-09-12T00:40:52.4763198Z [command]/usr/bin/git config --local --get-all includeif.gitdir:/github/workspace/.git.path
2026-09-12T00:40:52.4784036Z /github/runner_temp/git-credentials-f6cfd141-2d67-404a-abd0-44f722062ebf.config
2026-09-12T00:40:52.4790902Z [command]/usr/bin/git config --local --unset includeif.gitdir:/github/workspace/.git.path /github/runner_temp/git-credentials-f6cfd141-2d67-404a-abd0-44f722062ebf.config
2026-09-12T00:40:52.4818805Z [command]/usr/bin/git config --local --get-all includeif.gitdir:/github/workspace/.git/worktrees/*.path
2026-09-12T00:40:52.4839536Z /github/runner_temp/git-credentials-f6cfd141-2d67-404a-abd0-44f722062ebf.config
2026-09-12T00:40:52.4846826Z [command]/usr/bin/git config --local --unset includeif.gitdir:/github/workspace/.git/worktrees/*.path /github/runner_temp/git-credentials-f6cfd141-2d67-404a-abd0-44f722062ebf.config
2026-09-12T00:40:52.4878866Z [command]/usr/bin/git submodule foreach --recursive git config --local --show-origin --name-only --get-regexp remote.origin.url
2026-09-12T00:40:52.5060110Z Removing credentials config '/home/runner/work/_temp/git-credentials-f6cfd141-2d67-404a-abd0-44f722062ebf.config'
2026-09-12T00:40:52.5194074Z Cleaning up orphan processes
