2026-09-11T15:11:27.4322394Z Current runner version: '2.337.0'
2026-09-11T15:11:27.4346691Z ##[group]Runner Image Provisioner
2026-09-11T15:11:27.4347868Z Hosted Compute Agent
2026-09-11T15:11:27.4348498Z Version: 20260828.587
2026-09-11T15:11:27.4349223Z Commit: abac92662cab4cc7352de4f9f9d2e2419aad9c29
2026-09-11T15:11:27.4349988Z Build Date: 2026-08-28T16:44:25Z
2026-09-11T15:11:27.4350658Z Worker ID: {1c0e088e-3555-48e1-b7fa-c819c7a22fde}
2026-09-11T15:11:27.4351440Z Azure Region: westcentralus
2026-09-11T15:11:27.4352042Z ##[endgroup]
2026-09-11T15:11:27.4354045Z ##[group]Operating System
2026-09-11T15:11:27.4354705Z Ubuntu
2026-09-11T15:11:27.4355227Z 24.04.5
2026-09-11T15:11:27.4355785Z LTS
2026-09-11T15:11:27.4356328Z ##[endgroup]
2026-09-11T15:11:27.4356933Z ##[group]Runner Image
2026-09-11T15:11:27.4357781Z Image: ubuntu-24.04
2026-09-11T15:11:27.4358358Z Version: 20260907.300.1
2026-09-11T15:11:27.4359703Z Included Software: https://github.com/actions/runner-images/blob/ubuntu24/20260907.300/images/ubuntu/Ubuntu2404-Readme.md
2026-09-11T15:11:27.4361355Z Image Release: https://github.com/actions/runner-images/releases/tag/ubuntu24%2F20260907.300
2026-09-11T15:11:27.4362345Z ##[endgroup]
2026-09-11T15:11:27.4363380Z ##[group]GITHUB_TOKEN Permissions
2026-09-11T15:11:27.4365548Z Contents: read
2026-09-11T15:11:27.4366189Z Metadata: read
2026-09-11T15:11:27.4366886Z ##[endgroup]
2026-09-11T15:11:27.4369129Z Secret source: Actions
2026-09-11T15:11:27.4370189Z Cache mode: write
2026-09-11T15:11:27.4370890Z Prepare workflow directory
2026-09-11T15:11:27.4759389Z Prepare all required actions
2026-09-11T15:11:27.4807229Z Getting action download info
2026-09-11T15:11:27.8189535Z Download action repository 'actions/checkout@v6' (SHA:d23441a48e516b6c34aea4fa41551a30e30af803)
2026-09-11T15:11:28.2694613Z Complete job name: linux-x64
2026-09-11T15:11:28.3521021Z ##[group]Run actions/checkout@v6
2026-09-11T15:11:28.3521887Z with:
2026-09-11T15:11:28.3522325Z   repository: Matanek/Silex
2026-09-11T15:11:28.3526596Z   token: ***
2026-09-11T15:11:28.3527081Z   ssh-strict: true
2026-09-11T15:11:28.3527672Z   ssh-user: git
2026-09-11T15:11:28.3528130Z   persist-credentials: true
2026-09-11T15:11:28.3528620Z   clean: true
2026-09-11T15:11:28.3529065Z   sparse-checkout-cone-mode: true
2026-09-11T15:11:28.3529618Z   fetch-depth: 1
2026-09-11T15:11:28.3530041Z   fetch-tags: false
2026-09-11T15:11:28.3530487Z   show-progress: true
2026-09-11T15:11:28.3530929Z   lfs: false
2026-09-11T15:11:28.3531351Z   submodules: false
2026-09-11T15:11:28.3531803Z   set-safe-directory: true
2026-09-11T15:11:28.3532316Z   allow-unsafe-pr-checkout: false
2026-09-11T15:11:28.3533247Z ##[endgroup]
2026-09-11T15:11:28.4578451Z Syncing repository: Matanek/Silex
2026-09-11T15:11:28.4581639Z ##[group]Getting Git version info
2026-09-11T15:11:28.4582457Z Working directory is '/home/runner/work/Silex/Silex'
2026-09-11T15:11:28.4583595Z [command]/usr/bin/git version
2026-09-11T15:11:28.5041166Z git version 2.55.0
2026-09-11T15:11:28.5070085Z ##[endgroup]
2026-09-11T15:11:28.5087151Z Temporarily overriding HOME='/home/runner/work/_temp/a2aacdfa-a2a6-4271-afcc-fe9bb2c67009' before making global git config changes
2026-09-11T15:11:28.5090624Z Adding repository directory to the temporary git global config as a safe directory
2026-09-11T15:11:28.5098783Z [command]/usr/bin/git config --global --add safe.directory /home/runner/work/Silex/Silex
2026-09-11T15:11:28.5154185Z Deleting the contents of '/home/runner/work/Silex/Silex'
2026-09-11T15:11:28.5159656Z ##[group]Determining repository object format
2026-09-11T15:11:28.5176059Z ##[endgroup]
2026-09-11T15:11:28.5177704Z ##[group]Initializing the repository
2026-09-11T15:11:28.5179014Z [command]/usr/bin/git init /home/runner/work/Silex/Silex
2026-09-11T15:11:28.5857588Z hint: Using 'master' as the name for the initial branch. This default branch name
2026-09-11T15:11:28.5859001Z hint: will change to "main" in Git 3.0. To configure the initial branch name
2026-09-11T15:11:28.5860253Z hint: to use in all of your new repositories, which will suppress this warning,
2026-09-11T15:11:28.5862323Z hint: call:
2026-09-11T15:11:28.5862857Z hint:
2026-09-11T15:11:28.5863509Z hint: 	git config --global init.defaultBranch <name>
2026-09-11T15:11:28.5864326Z hint:
2026-09-11T15:11:28.5865052Z hint: Names commonly chosen instead of 'master' are 'main', 'trunk' and
2026-09-11T15:11:28.5866206Z hint: 'development'. The just-created branch can be renamed via this command:
2026-09-11T15:11:28.5867888Z hint:
2026-09-11T15:11:28.5868445Z hint: 	git branch -m <name>
2026-09-11T15:11:28.5868952Z hint:
2026-09-11T15:11:28.5869594Z hint: Disable this message with "git config set advice.defaultBranchName false"
2026-09-11T15:11:28.5870574Z Initialized empty Git repository in /home/runner/work/Silex/Silex/.git/
2026-09-11T15:11:28.5875429Z [command]/usr/bin/git remote add origin https://github.com/Matanek/Silex
2026-09-11T15:11:28.5931925Z ##[endgroup]
2026-09-11T15:11:28.5933200Z ##[group]Disabling automatic garbage collection
2026-09-11T15:11:28.5936718Z [command]/usr/bin/git config --local gc.auto 0
2026-09-11T15:11:28.5971496Z ##[endgroup]
2026-09-11T15:11:28.5973273Z ##[group]Setting up auth
2026-09-11T15:11:28.5974228Z Removing SSH command configuration
2026-09-11T15:11:28.5979845Z [command]/usr/bin/git config --local --name-only --get-regexp core\.sshCommand
2026-09-11T15:11:28.6017345Z [command]/usr/bin/git submodule foreach --recursive sh -c "git config --local --name-only --get-regexp 'core\.sshCommand' && git config --local --unset-all 'core.sshCommand' || :"
2026-09-11T15:11:28.6798287Z Removing HTTP extra header
2026-09-11T15:11:28.6809168Z [command]/usr/bin/git config --local --name-only --get-regexp http\.https\:\/\/github\.com\/\.extraheader
2026-09-11T15:11:28.6844592Z [command]/usr/bin/git submodule foreach --recursive sh -c "git config --local --name-only --get-regexp 'http\.https\:\/\/github\.com\/\.extraheader' && git config --local --unset-all 'http.https://github.com/.extraheader' || :"
2026-09-11T15:11:28.7072820Z Removing includeIf entries pointing to credentials config files
2026-09-11T15:11:28.7079245Z [command]/usr/bin/git config --local --name-only --get-regexp ^includeIf\.gitdir:
2026-09-11T15:11:28.7115085Z [command]/usr/bin/git submodule foreach --recursive git config --local --show-origin --name-only --get-regexp remote.origin.url
2026-09-11T15:11:28.7341935Z [command]/usr/bin/git config --file /home/runner/work/_temp/git-credentials-cd10aac1-8058-44e9-88ec-9ae58251e983.config http.https://github.com/.extraheader AUTHORIZATION: basic ***
2026-09-11T15:11:28.7382541Z [command]/usr/bin/git config --local includeIf.gitdir:/home/runner/work/Silex/Silex/.git.path /home/runner/work/_temp/git-credentials-cd10aac1-8058-44e9-88ec-9ae58251e983.config
2026-09-11T15:11:28.7425570Z [command]/usr/bin/git config --local includeIf.gitdir:/home/runner/work/Silex/Silex/.git/worktrees/*.path /home/runner/work/_temp/git-credentials-cd10aac1-8058-44e9-88ec-9ae58251e983.config
2026-09-11T15:11:28.7469342Z [command]/usr/bin/git config --local includeIf.gitdir:/github/workspace/.git.path /github/runner_temp/git-credentials-cd10aac1-8058-44e9-88ec-9ae58251e983.config
2026-09-11T15:11:28.7507772Z [command]/usr/bin/git config --local includeIf.gitdir:/github/workspace/.git/worktrees/*.path /github/runner_temp/git-credentials-cd10aac1-8058-44e9-88ec-9ae58251e983.config
2026-09-11T15:11:28.7547318Z ##[endgroup]
2026-09-11T15:11:28.7548473Z ##[group]Fetching the repository
2026-09-11T15:11:28.7556185Z [command]/usr/bin/git -c protocol.version=2 fetch --no-tags --prune --no-recurse-submodules --depth=1 origin +ebc20fb3bb2c397ee577f21b3a31083cc0f49c65:refs/remotes/origin/spec-silex-optimization-parity-completion
2026-09-11T15:11:31.0076486Z From https://github.com/Matanek/Silex
2026-09-11T15:11:31.0078737Z  * [new ref]         ebc20fb3bb2c397ee577f21b3a31083cc0f49c65 -> origin/spec-silex-optimization-parity-completion
2026-09-11T15:11:31.0099363Z [command]/usr/bin/git branch --list --remote origin/spec-silex-optimization-parity-completion
2026-09-11T15:11:31.0116627Z   origin/spec-silex-optimization-parity-completion
2026-09-11T15:11:31.0128374Z [command]/usr/bin/git rev-parse refs/remotes/origin/spec-silex-optimization-parity-completion
2026-09-11T15:11:31.0155210Z ebc20fb3bb2c397ee577f21b3a31083cc0f49c65
2026-09-11T15:11:31.0165548Z ##[endgroup]
2026-09-11T15:11:31.0166871Z ##[group]Determining the checkout info
2026-09-11T15:11:31.0168598Z ##[endgroup]
2026-09-11T15:11:31.0169482Z [command]/usr/bin/git sparse-checkout disable
2026-09-11T15:11:31.0226782Z [command]/usr/bin/git config --local --unset-all extensions.worktreeConfig
2026-09-11T15:11:31.0261359Z ##[group]Checking out the ref
2026-09-11T15:11:31.0266552Z [command]/usr/bin/git checkout --progress --force -B spec-silex-optimization-parity-completion refs/remotes/origin/spec-silex-optimization-parity-completion
2026-09-11T15:11:31.2002071Z Switched to a new branch 'spec-silex-optimization-parity-completion'
2026-09-11T15:11:31.2007896Z branch 'spec-silex-optimization-parity-completion' set up to track 'origin/spec-silex-optimization-parity-completion'.
2026-09-11T15:11:31.2023047Z ##[endgroup]
2026-09-11T15:11:31.2071886Z [command]/usr/bin/git log -1 --format=%H
2026-09-11T15:11:31.2100891Z ebc20fb3bb2c397ee577f21b3a31083cc0f49c65
2026-09-11T15:11:31.2467063Z ##[group]Run actions/checkout@v6
2026-09-11T15:11:31.2468015Z with:
2026-09-11T15:11:31.2468486Z   repository: Matanek/Silex-Lib-STD
2026-09-11T15:11:31.2469220Z   ref: 5a018305fb470dfe00e94466150b3c04f207e252
2026-09-11T15:11:31.2469966Z   path: Dependencies/STD
2026-09-11T15:11:31.2477945Z   token: ***
2026-09-11T15:11:31.2478406Z   ssh-strict: true
2026-09-11T15:11:31.2478895Z   ssh-user: git
2026-09-11T15:11:31.2479392Z   persist-credentials: true
2026-09-11T15:11:31.2479972Z   clean: true
2026-09-11T15:11:31.2480481Z   sparse-checkout-cone-mode: true
2026-09-11T15:11:31.2481150Z   fetch-depth: 1
2026-09-11T15:11:31.2481646Z   fetch-tags: false
2026-09-11T15:11:31.2482156Z   show-progress: true
2026-09-11T15:11:31.2482661Z   lfs: false
2026-09-11T15:11:31.2483100Z   submodules: false
2026-09-11T15:11:31.2483636Z   set-safe-directory: true
2026-09-11T15:11:31.2484249Z   allow-unsafe-pr-checkout: false
2026-09-11T15:11:31.2484883Z ##[endgroup]
2026-09-11T15:11:31.3415781Z Syncing repository: Matanek/Silex-Lib-STD
2026-09-11T15:11:31.3418480Z ##[group]Getting Git version info
2026-09-11T15:11:31.3420526Z Working directory is '/home/runner/work/Silex/Silex/Dependencies/STD'
2026-09-11T15:11:31.3462831Z [command]/usr/bin/git version
2026-09-11T15:11:31.3509493Z git version 2.55.0
2026-09-11T15:11:31.3535838Z ##[endgroup]
2026-09-11T15:11:31.3554320Z Temporarily overriding HOME='/home/runner/work/_temp/6172380e-bb0c-4a87-8e4e-721f421f528d' before making global git config changes
2026-09-11T15:11:31.3559674Z Adding repository directory to the temporary git global config as a safe directory
2026-09-11T15:11:31.3564035Z [command]/usr/bin/git config --global --add safe.directory /home/runner/work/Silex/Silex/Dependencies/STD
2026-09-11T15:11:31.3605109Z ##[group]Determining repository object format
2026-09-11T15:11:31.3621742Z ##[endgroup]
2026-09-11T15:11:31.3623170Z ##[group]Initializing the repository
2026-09-11T15:11:31.3624940Z [command]/usr/bin/git init /home/runner/work/Silex/Silex/Dependencies/STD
2026-09-11T15:11:31.3672002Z hint: Using 'master' as the name for the initial branch. This default branch name
2026-09-11T15:11:31.3674990Z hint: will change to "main" in Git 3.0. To configure the initial branch name
2026-09-11T15:11:31.3678279Z hint: to use in all of your new repositories, which will suppress this warning,
2026-09-11T15:11:31.3680553Z hint: call:
2026-09-11T15:11:31.3681565Z hint:
2026-09-11T15:11:31.3682950Z hint: 	git config --global init.defaultBranch <name>
2026-09-11T15:11:31.3686248Z hint:
2026-09-11T15:11:31.3689123Z hint: Names commonly chosen instead of 'master' are 'main', 'trunk' and
2026-09-11T15:11:31.3691929Z hint: 'development'. The just-created branch can be renamed via this command:
2026-09-11T15:11:31.3694422Z hint:
2026-09-11T15:11:31.3695503Z hint: 	git branch -m <name>
2026-09-11T15:11:31.3697144Z hint:
2026-09-11T15:11:31.3706312Z hint: Disable this message with "git config set advice.defaultBranchName false"
2026-09-11T15:11:31.3709747Z Initialized empty Git repository in /home/runner/work/Silex/Silex/Dependencies/STD/.git/
2026-09-11T15:11:31.3715057Z [command]/usr/bin/git remote add origin https://github.com/Matanek/Silex-Lib-STD
2026-09-11T15:11:31.3734561Z ##[endgroup]
2026-09-11T15:11:31.3736576Z ##[group]Disabling automatic garbage collection
2026-09-11T15:11:31.3741384Z [command]/usr/bin/git config --local gc.auto 0
2026-09-11T15:11:31.3780001Z ##[endgroup]
2026-09-11T15:11:31.3909638Z ##[group]Setting up auth
2026-09-11T15:11:31.3911206Z Removing SSH command configuration
2026-09-11T15:11:31.3912772Z [command]/usr/bin/git config --local --name-only --get-regexp core\.sshCommand
2026-09-11T15:11:31.3918587Z [command]/usr/bin/git submodule foreach --recursive sh -c "git config --local --name-only --get-regexp 'core\.sshCommand' && git config --local --unset-all 'core.sshCommand' || :"
2026-09-11T15:11:31.4116436Z Removing HTTP extra header
2026-09-11T15:11:31.4130457Z [command]/usr/bin/git config --local --name-only --get-regexp http\.https\:\/\/github\.com\/\.extraheader
2026-09-11T15:11:31.4166965Z [command]/usr/bin/git submodule foreach --recursive sh -c "git config --local --name-only --get-regexp 'http\.https\:\/\/github\.com\/\.extraheader' && git config --local --unset-all 'http.https://github.com/.extraheader' || :"
2026-09-11T15:11:31.4419951Z Removing includeIf entries pointing to credentials config files
2026-09-11T15:11:31.4426996Z [command]/usr/bin/git config --local --name-only --get-regexp ^includeIf\.gitdir:
2026-09-11T15:11:31.4472838Z [command]/usr/bin/git submodule foreach --recursive git config --local --show-origin --name-only --get-regexp remote.origin.url
2026-09-11T15:11:31.4733300Z [command]/usr/bin/git config --file /home/runner/work/_temp/git-credentials-30c852b2-1e44-458f-8b4e-a26b3cebc43c.config http.https://github.com/.extraheader AUTHORIZATION: basic ***
2026-09-11T15:11:31.4782746Z [command]/usr/bin/git config --local includeIf.gitdir:/home/runner/work/Silex/Silex/Dependencies/STD/.git.path /home/runner/work/_temp/git-credentials-30c852b2-1e44-458f-8b4e-a26b3cebc43c.config
2026-09-11T15:11:31.4826854Z [command]/usr/bin/git config --local includeIf.gitdir:/home/runner/work/Silex/Silex/Dependencies/STD/.git/worktrees/*.path /home/runner/work/_temp/git-credentials-30c852b2-1e44-458f-8b4e-a26b3cebc43c.config
2026-09-11T15:11:31.4870587Z [command]/usr/bin/git config --local includeIf.gitdir:/github/workspace/Dependencies/STD/.git.path /github/runner_temp/git-credentials-30c852b2-1e44-458f-8b4e-a26b3cebc43c.config
2026-09-11T15:11:31.4914403Z [command]/usr/bin/git config --local includeIf.gitdir:/github/workspace/Dependencies/STD/.git/worktrees/*.path /github/runner_temp/git-credentials-30c852b2-1e44-458f-8b4e-a26b3cebc43c.config
2026-09-11T15:11:31.4963973Z ##[endgroup]
2026-09-11T15:11:31.4966109Z ##[group]Fetching the repository
2026-09-11T15:11:31.4973948Z [command]/usr/bin/git -c protocol.version=2 fetch --no-tags --prune --no-recurse-submodules --depth=1 origin 5a018305fb470dfe00e94466150b3c04f207e252
2026-09-11T15:11:32.4750413Z From https://github.com/Matanek/Silex-Lib-STD
2026-09-11T15:11:32.4751441Z  * branch            5a018305fb470dfe00e94466150b3c04f207e252 -> FETCH_HEAD
2026-09-11T15:11:32.4762761Z [command]/usr/bin/git rev-parse --verify --quiet 5a018305fb470dfe00e94466150b3c04f207e252^{object}
2026-09-11T15:11:32.4793688Z 5a018305fb470dfe00e94466150b3c04f207e252
2026-09-11T15:11:32.4798408Z ##[endgroup]
2026-09-11T15:11:32.4799336Z ##[group]Determining the checkout info
2026-09-11T15:11:32.4800214Z ##[endgroup]
2026-09-11T15:11:32.4805977Z [command]/usr/bin/git sparse-checkout disable
2026-09-11T15:11:32.4864420Z [command]/usr/bin/git config --local --unset-all extensions.worktreeConfig
2026-09-11T15:11:32.4882057Z ##[group]Checking out the ref
2026-09-11T15:11:32.4887583Z [command]/usr/bin/git checkout --progress --force 5a018305fb470dfe00e94466150b3c04f207e252
2026-09-11T15:11:32.5154597Z Note: switching to '5a018305fb470dfe00e94466150b3c04f207e252'.
2026-09-11T15:11:32.5155549Z 
2026-09-11T15:11:32.5156240Z You are in 'detached HEAD' state. You can look around, make experimental
2026-09-11T15:11:32.5157292Z changes and commit them, and you can discard any commits you make in this
2026-09-11T15:11:32.5158444Z state without impacting any branches by switching back to a branch.
2026-09-11T15:11:32.5158947Z 
2026-09-11T15:11:32.5159285Z If you want to create a new branch to retain commits you create, you may
2026-09-11T15:11:32.5160054Z do so (now or later) by using -c with the switch command. Example:
2026-09-11T15:11:32.5160561Z 
2026-09-11T15:11:32.5160788Z   git switch -c <new-branch-name>
2026-09-11T15:11:32.5161189Z 
2026-09-11T15:11:32.5161392Z Or undo this operation with:
2026-09-11T15:11:32.5161733Z 
2026-09-11T15:11:32.5161904Z   git switch -
2026-09-11T15:11:32.5162150Z 
2026-09-11T15:11:32.5162518Z Turn off this advice by setting config variable advice.detachedHead to false
2026-09-11T15:11:32.5163131Z 
2026-09-11T15:11:32.5163353Z HEAD is now at 5a01830 Prepare STD 0.21.0
2026-09-11T15:11:32.5164849Z ##[endgroup]
2026-09-11T15:11:32.5208168Z [command]/usr/bin/git log -1 --format=%H
2026-09-11T15:11:32.5235720Z 5a018305fb470dfe00e94466150b3c04f207e252
2026-09-11T15:11:32.5380480Z ##[group]Run set -euo pipefail
2026-09-11T15:11:32.5380894Z [36;1mset -euo pipefail[0m
2026-09-11T15:11:32.5381190Z [36;1marchive="$RUNNER_TEMP/zig.tar.xz"[0m
2026-09-11T15:11:32.5381719Z [36;1mcurl -fL https://ziglang.org/download/0.16.0/zig-x86_64-linux-0.16.0.tar.xz -o "$archive"[0m
2026-09-11T15:11:32.5382431Z [36;1mecho "70e49664a74374b48b51e6f3fdfbf437f6395d42509050588bd49abe52ba3d00  $archive" | sha256sum -c -[0m
2026-09-11T15:11:32.5383023Z [36;1mtar -xJf "$archive" -C "$RUNNER_TEMP"[0m
2026-09-11T15:11:32.5383409Z [36;1mecho "$RUNNER_TEMP/zig-x86_64-linux-0.16.0" >> "$GITHUB_PATH"[0m
2026-09-11T15:11:32.5425125Z shell: /usr/bin/bash --noprofile --norc -e -o pipefail {0}
2026-09-11T15:11:32.5425517Z ##[endgroup]
2026-09-11T15:11:32.5588096Z   % Total    % Received % Xferd  Average Speed   Time    Time     Time  Current
2026-09-11T15:11:32.5588942Z                                  Dload  Upload   Total   Spent    Left  Speed
2026-09-11T15:11:32.5589365Z 
2026-09-11T15:11:32.7777578Z   0     0    0     0    0     0      0      0 --:--:-- --:--:-- --:--:--     0
2026-09-11T15:11:33.8091082Z   0     0    0     0    0     0      0      0 --:--:-- --:--:-- --:--:--     0
2026-09-11T15:11:34.7071027Z   0 52.9M    0  255k    0     0   204k      0  0:04:24  0:00:01  0:04:23  204k
2026-09-11T15:11:35.6903261Z   5 52.9M    5 2735k    0     0  1273k      0  0:00:42  0:00:02  0:00:40 1273k
2026-09-11T15:11:36.7495467Z  34 52.9M   34 18.4M    0     0  6019k      0  0:00:09  0:00:03  0:00:06 6017k
2026-09-11T15:11:37.3798317Z  75 52.9M   75 40.1M    0     0  9815k      0  0:00:05  0:00:04  0:00:01 9815k
2026-09-11T15:11:37.3799049Z 100 52.9M  100 52.9M    0     0  10.9M      0  0:00:04  0:00:04 --:--:-- 11.4M
2026-09-11T15:11:37.4302913Z /home/runner/work/_temp/zig.tar.xz: OK
2026-09-11T15:11:41.2447081Z ##[group]Run set -euo pipefail
2026-09-11T15:11:41.2447774Z [36;1mset -euo pipefail[0m
2026-09-11T15:11:41.2448077Z [36;1mtest "$(uname -m)" = "x86_64"[0m
2026-09-11T15:11:41.2448363Z [36;1mexport HOME="$RUNNER_TEMP/home"[0m
2026-09-11T15:11:41.2448640Z [36;1mmkdir -p "$HOME"[0m
2026-09-11T15:11:41.2448934Z [36;1mzig build -Doptimize=ReleaseFast -Dcpu=baseline \[0m
2026-09-11T15:11:41.2449306Z [36;1m  --prefix "$RUNNER_TEMP/silex-prefix" \[0m
2026-09-11T15:11:41.2449625Z [36;1m  --build-file Toolchain/build.zig[0m
2026-09-11T15:11:41.2449947Z [36;1msilex="$RUNNER_TEMP/silex-prefix/bin/silex"[0m
2026-09-11T15:11:41.2450254Z [36;1m"$silex" setup[0m
2026-09-11T15:11:41.2450635Z [36;1m"$silex" link "$GITHUB_WORKSPACE/Dependencies/STD" --workspace "$GITHUB_WORKSPACE"[0m
2026-09-11T15:11:41.2451147Z [36;1m"$silex" test "$GITHUB_WORKSPACE/Tests/Types/Str/Operators.sx"[0m
2026-09-11T15:11:41.2451829Z [36;1m"$silex" test "$GITHUB_WORKSPACE/Tests/Types/Str/Returns.sx"[0m
2026-09-11T15:11:41.2452278Z [36;1m"$silex" test "$GITHUB_WORKSPACE/Tests/Native/NativePortability.sx"[0m
2026-09-11T15:11:41.2452769Z [36;1m"$silex" compile "$GITHUB_WORKSPACE/Tests/Native/NativePortability.sx" \[0m
2026-09-11T15:11:41.2453225Z [36;1m  --release -o "$RUNNER_TEMP/native-portability"[0m
2026-09-11T15:11:41.2453620Z [36;1mportability_output=$("$RUNNER_TEMP/native-portability")[0m
2026-09-11T15:11:41.2453987Z [36;1mprintf '%s\n' "$portability_output"[0m
2026-09-11T15:11:41.2454410Z [36;1mcycle_drops=$(printf '%s\n' "$portability_output" | grep -c '^native cycle drop$')[0m
2026-09-11T15:11:41.2454830Z [36;1mtest "$cycle_drops" -eq 6[0m
2026-09-11T15:11:41.2455203Z [36;1m"$silex" compile "$GITHUB_WORKSPACE/Tests/Native/DistributionSmoke.sx" \[0m
2026-09-11T15:11:41.2455642Z [36;1m  --release -o "$RUNNER_TEMP/distribution-smoke"[0m
2026-09-11T15:11:41.2456073Z [36;1mtest "$("$RUNNER_TEMP/distribution-smoke")" = "silex distribution ready"[0m
2026-09-11T15:11:41.2456720Z [36;1maggregate_fixture="$GITHUB_WORKSPACE/Toolchain/Benchmarks/Optimizer/Regressions/AggregateFieldStores.sx"[0m
2026-09-11T15:11:41.2457683Z [36;1mtest "$("$silex" interpret "$aggregate_fixture" --nocache)" = "aggregate field stores preserved"[0m
2026-09-11T15:11:41.2458171Z [36;1mfor mode in debug release; do[0m
2026-09-11T15:11:41.2458509Z [36;1m  "$silex" compile "$aggregate_fixture" "--$mode" --nocache \[0m
2026-09-11T15:11:41.2458890Z [36;1m    -o "$RUNNER_TEMP/aggregate-fields-$mode"[0m
2026-09-11T15:11:41.2459346Z [36;1m  test "$("$RUNNER_TEMP/aggregate-fields-$mode")" = "aggregate field stores preserved"[0m
2026-09-11T15:11:41.2459764Z [36;1mdone[0m
2026-09-11T15:11:41.2460123Z [36;1mminmax_fixture="$GITHUB_WORKSPACE/Toolchain/Benchmarks/Native/ScalarMathMinMax.sx"[0m
2026-09-11T15:11:41.2460564Z [36;1mfor mode in debug release; do[0m
2026-09-11T15:11:41.2460906Z [36;1m  "$silex" compile "$minmax_fixture" "--$mode" --nocache \[0m
2026-09-11T15:11:41.2461280Z [36;1m    -o "$RUNNER_TEMP/scalar-math-minmax-$mode"[0m
2026-09-11T15:11:41.2461749Z [36;1m  test "$("$RUNNER_TEMP/scalar-math-minmax-$mode")" = "scalar-math-minmax: pass"[0m
2026-09-11T15:11:41.2462156Z [36;1mdone[0m
2026-09-11T15:11:41.2462591Z [36;1mscalar_fixture="$GITHUB_WORKSPACE/Toolchain/Benchmarks/Optimizer/Regressions/ScalarFloatResidence.sx"[0m
2026-09-11T15:11:41.2463134Z [36;1mfor mode in debug release; do[0m
2026-09-11T15:11:41.2463463Z [36;1m  "$silex" compile "$scalar_fixture" "--$mode" --nocache \[0m
2026-09-11T15:11:41.2463857Z [36;1m    -o "$RUNNER_TEMP/scalar-float-residence-$mode"[0m
2026-09-11T15:11:41.2464259Z [36;1m  scalar_output=$("$RUNNER_TEMP/scalar-float-residence-$mode")[0m
2026-09-11T15:11:41.2464687Z [36;1m  test "$(printf '%s\n' "$scalar_output" | wc -l)" -eq 9[0m
2026-09-11T15:11:41.2465097Z [36;1m  test "$(printf '%s\n' "$scalar_output" | grep -c '^true$')" -eq 9[0m
2026-09-11T15:11:41.2465442Z [36;1mdone[0m
2026-09-11T15:11:41.2506622Z shell: /usr/bin/bash --noprofile --norc -e -o pipefail {0}
2026-09-11T15:11:41.2506983Z ##[endgroup]
2026-09-11T15:13:33.9532169Z install
2026-09-11T15:13:33.9533557Z +- run test 174 pass, 3 fail (177 total)
2026-09-11T15:13:33.9534428Z error: 'Lsp.CompletionContract.test.canonical completion sources pass their declared frontend boundary' failed:
2026-09-11T15:13:33.9536150Z        workspace completion fixture is not semantically valid: expected use, enum, struct, class, intrinsic class, nocopy class, protocol, function, or test declaration
2026-09-11T15:13:33.9537189Z        completion workspace source 'topology-platform-fragment' failed its fixture
2026-09-11T15:13:33.9540201Z error: 'CompilationCache.test.cache key depends on command variant paths and exact contents' failed without output
2026-09-11T15:13:33.9541302Z error: 'CompilationCache.test.entry cache key distinguishes programs sharing one source set' failed without output
2026-09-11T15:13:33.9543202Z failed command: ./Toolchain/.zig-cache/o/b884237f484189a7d2e7e2d9a4ce97b9/test --cache-dir=./Toolchain/.zig-cache --seed=0xa12b4b79 --listen=-
2026-09-11T15:13:33.9543944Z 
2026-09-11T15:15:24.9871263Z Build Summary: 28/30 steps succeeded (1 failed); 174/177 tests passed (3 failed)
2026-09-11T15:15:24.9872292Z install transitive failure
2026-09-11T15:15:24.9872920Z +- run test 174 pass, 3 fail (177 total)
2026-09-11T15:15:24.9873153Z 
2026-09-11T15:15:24.9877948Z error: the following build command failed with exit code 1:
2026-09-11T15:15:24.9891695Z Toolchain/.zig-cache/o/06bd51fa9be32aa44cf5b7806ee6552f/build /home/runner/work/_temp/zig-x86_64-linux-0.16.0/zig /home/runner/work/_temp/zig-x86_64-linux-0.16.0/lib Toolchain Toolchain/.zig-cache /home/runner/work/_temp/home/.cache/zig --seed 0xa12b4b79 -Zb709e8abe425293a -Doptimize=ReleaseFast -Dcpu=baseline --prefix /home/runner/work/_temp/silex-prefix
2026-09-11T15:15:25.0040265Z ##[error]Process completed with exit code 1.
2026-09-11T15:15:25.0179120Z Post job cleanup.
2026-09-11T15:15:25.1041029Z [command]/usr/bin/git version
2026-09-11T15:15:25.1085922Z git version 2.55.0
2026-09-11T15:15:25.1132369Z Temporarily overriding HOME='/home/runner/work/_temp/c2fec5eb-d2f1-4a62-a6e7-a75353f451ff' before making global git config changes
2026-09-11T15:15:25.1133416Z Adding repository directory to the temporary git global config as a safe directory
2026-09-11T15:15:25.1139729Z [command]/usr/bin/git config --global --add safe.directory /home/runner/work/Silex/Silex/Dependencies/STD
2026-09-11T15:15:25.1172035Z Removing SSH command configuration
2026-09-11T15:15:25.1179582Z [command]/usr/bin/git config --local --name-only --get-regexp core\.sshCommand
2026-09-11T15:15:25.1217067Z [command]/usr/bin/git submodule foreach --recursive sh -c "git config --local --name-only --get-regexp 'core\.sshCommand' && git config --local --unset-all 'core.sshCommand' || :"
2026-09-11T15:15:25.1473028Z Removing HTTP extra header
2026-09-11T15:15:25.1479456Z [command]/usr/bin/git config --local --name-only --get-regexp http\.https\:\/\/github\.com\/\.extraheader
2026-09-11T15:15:25.1517075Z [command]/usr/bin/git submodule foreach --recursive sh -c "git config --local --name-only --get-regexp 'http\.https\:\/\/github\.com\/\.extraheader' && git config --local --unset-all 'http.https://github.com/.extraheader' || :"
2026-09-11T15:15:25.1775167Z Removing includeIf entries pointing to credentials config files
2026-09-11T15:15:25.1783947Z [command]/usr/bin/git config --local --name-only --get-regexp ^includeIf\.gitdir:
2026-09-11T15:15:25.1818663Z includeif.gitdir:/home/runner/work/Silex/Silex/Dependencies/STD/.git.path
2026-09-11T15:15:25.1819902Z includeif.gitdir:/home/runner/work/Silex/Silex/Dependencies/STD/.git/worktrees/*.path
2026-09-11T15:15:25.1821039Z includeif.gitdir:/github/workspace/Dependencies/STD/.git.path
2026-09-11T15:15:25.1822056Z includeif.gitdir:/github/workspace/Dependencies/STD/.git/worktrees/*.path
2026-09-11T15:15:25.1829952Z [command]/usr/bin/git config --local --get-all includeif.gitdir:/home/runner/work/Silex/Silex/Dependencies/STD/.git.path
2026-09-11T15:15:25.1857925Z /home/runner/work/_temp/git-credentials-30c852b2-1e44-458f-8b4e-a26b3cebc43c.config
2026-09-11T15:15:25.1870629Z [command]/usr/bin/git config --local --unset includeif.gitdir:/home/runner/work/Silex/Silex/Dependencies/STD/.git.path /home/runner/work/_temp/git-credentials-30c852b2-1e44-458f-8b4e-a26b3cebc43c.config
2026-09-11T15:15:25.1914902Z [command]/usr/bin/git config --local --get-all includeif.gitdir:/home/runner/work/Silex/Silex/Dependencies/STD/.git/worktrees/*.path
2026-09-11T15:15:25.1948360Z /home/runner/work/_temp/git-credentials-30c852b2-1e44-458f-8b4e-a26b3cebc43c.config
2026-09-11T15:15:25.1951774Z [command]/usr/bin/git config --local --unset includeif.gitdir:/home/runner/work/Silex/Silex/Dependencies/STD/.git/worktrees/*.path /home/runner/work/_temp/git-credentials-30c852b2-1e44-458f-8b4e-a26b3cebc43c.config
2026-09-11T15:15:25.1989209Z [command]/usr/bin/git config --local --get-all includeif.gitdir:/github/workspace/Dependencies/STD/.git.path
2026-09-11T15:15:25.2025767Z /github/runner_temp/git-credentials-30c852b2-1e44-458f-8b4e-a26b3cebc43c.config
2026-09-11T15:15:25.2034648Z [command]/usr/bin/git config --local --unset includeif.gitdir:/github/workspace/Dependencies/STD/.git.path /github/runner_temp/git-credentials-30c852b2-1e44-458f-8b4e-a26b3cebc43c.config
2026-09-11T15:15:25.2074196Z [command]/usr/bin/git config --local --get-all includeif.gitdir:/github/workspace/Dependencies/STD/.git/worktrees/*.path
2026-09-11T15:15:25.2101513Z /github/runner_temp/git-credentials-30c852b2-1e44-458f-8b4e-a26b3cebc43c.config
2026-09-11T15:15:25.2112865Z [command]/usr/bin/git config --local --unset includeif.gitdir:/github/workspace/Dependencies/STD/.git/worktrees/*.path /github/runner_temp/git-credentials-30c852b2-1e44-458f-8b4e-a26b3cebc43c.config
2026-09-11T15:15:25.2155204Z [command]/usr/bin/git submodule foreach --recursive git config --local --show-origin --name-only --get-regexp remote.origin.url
2026-09-11T15:15:25.2386551Z Removing credentials config '/home/runner/work/_temp/git-credentials-30c852b2-1e44-458f-8b4e-a26b3cebc43c.config'
2026-09-11T15:15:25.2578679Z Post job cleanup.
2026-09-11T15:15:25.3452296Z [command]/usr/bin/git version
2026-09-11T15:15:25.3496829Z git version 2.55.0
2026-09-11T15:15:25.3542665Z Temporarily overriding HOME='/home/runner/work/_temp/c4068f6b-a86e-46d8-8c6b-86460f14261d' before making global git config changes
2026-09-11T15:15:25.3543643Z Adding repository directory to the temporary git global config as a safe directory
2026-09-11T15:15:25.3550406Z [command]/usr/bin/git config --global --add safe.directory /home/runner/work/Silex/Silex
2026-09-11T15:15:25.3581144Z Removing SSH command configuration
2026-09-11T15:15:25.3588702Z [command]/usr/bin/git config --local --name-only --get-regexp core\.sshCommand
2026-09-11T15:15:25.3626164Z [command]/usr/bin/git submodule foreach --recursive sh -c "git config --local --name-only --get-regexp 'core\.sshCommand' && git config --local --unset-all 'core.sshCommand' || :"
2026-09-11T15:15:25.3870858Z Removing HTTP extra header
2026-09-11T15:15:25.3876240Z [command]/usr/bin/git config --local --name-only --get-regexp http\.https\:\/\/github\.com\/\.extraheader
2026-09-11T15:15:25.3914861Z [command]/usr/bin/git submodule foreach --recursive sh -c "git config --local --name-only --get-regexp 'http\.https\:\/\/github\.com\/\.extraheader' && git config --local --unset-all 'http.https://github.com/.extraheader' || :"
2026-09-11T15:15:25.4209470Z Removing includeIf entries pointing to credentials config files
2026-09-11T15:15:25.4217360Z [command]/usr/bin/git config --local --name-only --get-regexp ^includeIf\.gitdir:
2026-09-11T15:15:25.4256402Z includeif.gitdir:/home/runner/work/Silex/Silex/.git.path
2026-09-11T15:15:25.4270187Z includeif.gitdir:/home/runner/work/Silex/Silex/.git/worktrees/*.path
2026-09-11T15:15:25.4283430Z includeif.gitdir:/github/workspace/.git.path
2026-09-11T15:15:25.4284489Z includeif.gitdir:/github/workspace/.git/worktrees/*.path
2026-09-11T15:15:25.4286910Z [command]/usr/bin/git config --local --get-all includeif.gitdir:/home/runner/work/Silex/Silex/.git.path
2026-09-11T15:15:25.4305126Z /home/runner/work/_temp/git-credentials-cd10aac1-8058-44e9-88ec-9ae58251e983.config
2026-09-11T15:15:25.4341302Z [command]/usr/bin/git config --local --unset includeif.gitdir:/home/runner/work/Silex/Silex/.git.path /home/runner/work/_temp/git-credentials-cd10aac1-8058-44e9-88ec-9ae58251e983.config
2026-09-11T15:15:25.4397877Z [command]/usr/bin/git config --local --get-all includeif.gitdir:/home/runner/work/Silex/Silex/.git/worktrees/*.path
2026-09-11T15:15:25.4423607Z /home/runner/work/_temp/git-credentials-cd10aac1-8058-44e9-88ec-9ae58251e983.config
2026-09-11T15:15:25.4450542Z [command]/usr/bin/git config --local --unset includeif.gitdir:/home/runner/work/Silex/Silex/.git/worktrees/*.path /home/runner/work/_temp/git-credentials-cd10aac1-8058-44e9-88ec-9ae58251e983.config
2026-09-11T15:15:25.4499791Z [command]/usr/bin/git config --local --get-all includeif.gitdir:/github/workspace/.git.path
2026-09-11T15:15:25.4542976Z /github/runner_temp/git-credentials-cd10aac1-8058-44e9-88ec-9ae58251e983.config
2026-09-11T15:15:25.4566827Z [command]/usr/bin/git config --local --unset includeif.gitdir:/github/workspace/.git.path /github/runner_temp/git-credentials-cd10aac1-8058-44e9-88ec-9ae58251e983.config
2026-09-11T15:15:25.4601023Z [command]/usr/bin/git config --local --get-all includeif.gitdir:/github/workspace/.git/worktrees/*.path
2026-09-11T15:15:25.4630874Z /github/runner_temp/git-credentials-cd10aac1-8058-44e9-88ec-9ae58251e983.config
2026-09-11T15:15:25.4675087Z [command]/usr/bin/git config --local --unset includeif.gitdir:/github/workspace/.git/worktrees/*.path /github/runner_temp/git-credentials-cd10aac1-8058-44e9-88ec-9ae58251e983.config
2026-09-11T15:15:25.4713952Z [command]/usr/bin/git submodule foreach --recursive git config --local --show-origin --name-only --get-regexp remote.origin.url
2026-09-11T15:15:25.4963058Z Removing credentials config '/home/runner/work/_temp/git-credentials-cd10aac1-8058-44e9-88ec-9ae58251e983.config'
2026-09-11T15:15:25.5109090Z Cleaning up orphan processes

