2026-09-11T15:11:29.4650007Z Current runner version: '2.337.0'
2026-09-11T15:11:29.4678103Z ##[group]Runner Image Provisioner
2026-09-11T15:11:29.4679138Z Hosted Compute Agent
2026-09-11T15:11:29.4679831Z Version: 20260828.587
2026-09-11T15:11:29.4680484Z Commit: abac92662cab4cc7352de4f9f9d2e2419aad9c29
2026-09-11T15:11:29.4681350Z Build Date: 2026-08-28T16:44:25Z
2026-09-11T15:11:29.4682096Z Worker ID: {9dd706cd-f10c-405e-b1f8-d33772a28525}
2026-09-11T15:11:29.4682920Z Azure Region: northcentralus
2026-09-11T15:11:29.4683547Z ##[endgroup]
2026-09-11T15:11:29.4685520Z ##[group]Operating System
2026-09-11T15:11:29.4686185Z Ubuntu
2026-09-11T15:11:29.4686804Z 24.04.5
2026-09-11T15:11:29.4687728Z LTS
2026-09-11T15:11:29.4688285Z ##[endgroup]
2026-09-11T15:11:29.4688932Z ##[group]Runner Image
2026-09-11T15:11:29.4689611Z Image: ubuntu-24.04-arm
2026-09-11T15:11:29.4690226Z Version: 20260907.118.1
2026-09-11T15:11:29.4691693Z Included Software: https://github.com/actions/runner-images/blob/ubuntu24-arm64/20260907.118/images/ubuntu/Ubuntu2404-Arm64-Readme.md
2026-09-11T15:11:29.4693397Z Image Release: https://github.com/actions/runner-images/releases/tag/ubuntu24-arm64%2F20260907.118
2026-09-11T15:11:29.4694359Z ##[endgroup]
2026-09-11T15:11:29.4695576Z ##[group]GITHUB_TOKEN Permissions
2026-09-11T15:11:29.4698579Z Contents: read
2026-09-11T15:11:29.4699221Z Metadata: read
2026-09-11T15:11:29.4699907Z ##[endgroup]
2026-09-11T15:11:29.4702929Z Secret source: Actions
2026-09-11T15:11:29.4704049Z Cache mode: write
2026-09-11T15:11:29.4704807Z Prepare workflow directory
2026-09-11T15:11:29.5092841Z Prepare all required actions
2026-09-11T15:11:29.5146566Z Getting action download info
2026-09-11T15:11:29.7447090Z Download action repository 'actions/checkout@v6' (SHA:d23441a48e516b6c34aea4fa41551a30e30af803)
2026-09-11T15:11:29.9934112Z Complete job name: linux-arm64
2026-09-11T15:11:30.0768112Z ##[group]Run actions/checkout@v6
2026-09-11T15:11:30.0769903Z with:
2026-09-11T15:11:30.0770483Z   repository: Matanek/Silex
2026-09-11T15:11:30.0774234Z   token: ***
2026-09-11T15:11:30.0774916Z   ssh-strict: true
2026-09-11T15:11:30.0775442Z   ssh-user: git
2026-09-11T15:11:30.0776133Z   persist-credentials: true
2026-09-11T15:11:30.0776736Z   clean: true
2026-09-11T15:11:30.0777770Z   sparse-checkout-cone-mode: true
2026-09-11T15:11:30.0778488Z   fetch-depth: 1
2026-09-11T15:11:30.0779036Z   fetch-tags: false
2026-09-11T15:11:30.0779704Z   show-progress: true
2026-09-11T15:11:30.0780245Z   lfs: false
2026-09-11T15:11:30.0780820Z   submodules: false
2026-09-11T15:11:30.0781433Z   set-safe-directory: true
2026-09-11T15:11:30.0782094Z   allow-unsafe-pr-checkout: false
2026-09-11T15:11:30.0783945Z ##[endgroup]
2026-09-11T15:11:30.1649899Z Syncing repository: Matanek/Silex
2026-09-11T15:11:30.1652040Z ##[group]Getting Git version info
2026-09-11T15:11:30.1653183Z Working directory is '/home/runner/work/Silex/Silex'
2026-09-11T15:11:30.1654429Z [command]/usr/bin/git version
2026-09-11T15:11:30.1688905Z git version 2.55.0
2026-09-11T15:11:30.1714349Z ##[endgroup]
2026-09-11T15:11:30.1721542Z Temporarily overriding HOME='/home/runner/work/_temp/bdbadca7-3c7f-4ef0-8b19-dd01a2c465fb' before making global git config changes
2026-09-11T15:11:30.1723496Z Adding repository directory to the temporary git global config as a safe directory
2026-09-11T15:11:30.1727687Z [command]/usr/bin/git config --global --add safe.directory /home/runner/work/Silex/Silex
2026-09-11T15:11:30.1756150Z Deleting the contents of '/home/runner/work/Silex/Silex'
2026-09-11T15:11:30.1760823Z ##[group]Determining repository object format
2026-09-11T15:11:30.1762433Z ##[endgroup]
2026-09-11T15:11:30.1763824Z ##[group]Initializing the repository
2026-09-11T15:11:30.1767181Z [command]/usr/bin/git init /home/runner/work/Silex/Silex
2026-09-11T15:11:30.1833843Z hint: Using 'master' as the name for the initial branch. This default branch name
2026-09-11T15:11:30.1835488Z hint: will change to "main" in Git 3.0. To configure the initial branch name
2026-09-11T15:11:30.1840997Z hint: to use in all of your new repositories, which will suppress this warning,
2026-09-11T15:11:30.1842697Z hint: call:
2026-09-11T15:11:30.1843443Z hint:
2026-09-11T15:11:30.1844538Z hint: 	git config --global init.defaultBranch <name>
2026-09-11T15:11:30.1845566Z hint:
2026-09-11T15:11:30.1846643Z hint: Names commonly chosen instead of 'master' are 'main', 'trunk' and
2026-09-11T15:11:30.1848257Z hint: 'development'. The just-created branch can be renamed via this command:
2026-09-11T15:11:30.1850053Z hint:
2026-09-11T15:11:30.1861353Z hint: 	git branch -m <name>
2026-09-11T15:11:30.1862842Z hint:
2026-09-11T15:11:30.1863821Z hint: Disable this message with "git config set advice.defaultBranchName false"
2026-09-11T15:11:30.1865235Z Initialized empty Git repository in /home/runner/work/Silex/Silex/.git/
2026-09-11T15:11:30.1867468Z [command]/usr/bin/git remote add origin https://github.com/Matanek/Silex
2026-09-11T15:11:30.1879088Z ##[endgroup]
2026-09-11T15:11:30.1880163Z ##[group]Disabling automatic garbage collection
2026-09-11T15:11:30.1882775Z [command]/usr/bin/git config --local gc.auto 0
2026-09-11T15:11:30.1927535Z ##[endgroup]
2026-09-11T15:11:30.1928535Z ##[group]Setting up auth
2026-09-11T15:11:30.1929318Z Removing SSH command configuration
2026-09-11T15:11:30.1930232Z [command]/usr/bin/git config --local --name-only --get-regexp core\.sshCommand
2026-09-11T15:11:30.1956290Z [command]/usr/bin/git submodule foreach --recursive sh -c "git config --local --name-only --get-regexp 'core\.sshCommand' && git config --local --unset-all 'core.sshCommand' || :"
2026-09-11T15:11:30.2256692Z Removing HTTP extra header
2026-09-11T15:11:30.2258317Z [command]/usr/bin/git config --local --name-only --get-regexp http\.https\:\/\/github\.com\/\.extraheader
2026-09-11T15:11:30.2278328Z [command]/usr/bin/git submodule foreach --recursive sh -c "git config --local --name-only --get-regexp 'http\.https\:\/\/github\.com\/\.extraheader' && git config --local --unset-all 'http.https://github.com/.extraheader' || :"
2026-09-11T15:11:30.2470405Z Removing includeIf entries pointing to credentials config files
2026-09-11T15:11:30.2474835Z [command]/usr/bin/git config --local --name-only --get-regexp ^includeIf\.gitdir:
2026-09-11T15:11:30.2507566Z [command]/usr/bin/git submodule foreach --recursive git config --local --show-origin --name-only --get-regexp remote.origin.url
2026-09-11T15:11:30.2705973Z [command]/usr/bin/git config --file /home/runner/work/_temp/git-credentials-a1f4cb13-6ce1-4d0a-83be-5eaaaff4556c.config http.https://github.com/.extraheader AUTHORIZATION: basic ***
2026-09-11T15:11:30.2745145Z [command]/usr/bin/git config --local includeIf.gitdir:/home/runner/work/Silex/Silex/.git.path /home/runner/work/_temp/git-credentials-a1f4cb13-6ce1-4d0a-83be-5eaaaff4556c.config
2026-09-11T15:11:30.2775057Z [command]/usr/bin/git config --local includeIf.gitdir:/home/runner/work/Silex/Silex/.git/worktrees/*.path /home/runner/work/_temp/git-credentials-a1f4cb13-6ce1-4d0a-83be-5eaaaff4556c.config
2026-09-11T15:11:30.2805202Z [command]/usr/bin/git config --local includeIf.gitdir:/github/workspace/.git.path /github/runner_temp/git-credentials-a1f4cb13-6ce1-4d0a-83be-5eaaaff4556c.config
2026-09-11T15:11:30.2835824Z [command]/usr/bin/git config --local includeIf.gitdir:/github/workspace/.git/worktrees/*.path /github/runner_temp/git-credentials-a1f4cb13-6ce1-4d0a-83be-5eaaaff4556c.config
2026-09-11T15:11:30.2862137Z ##[endgroup]
2026-09-11T15:11:30.2863228Z ##[group]Fetching the repository
2026-09-11T15:11:30.2870393Z [command]/usr/bin/git -c protocol.version=2 fetch --no-tags --prune --no-recurse-submodules --depth=1 origin +ebc20fb3bb2c397ee577f21b3a31083cc0f49c65:refs/remotes/origin/spec-silex-optimization-parity-completion
2026-09-11T15:11:31.3462181Z From https://github.com/Matanek/Silex
2026-09-11T15:11:31.3464873Z  * [new ref]         ebc20fb3bb2c397ee577f21b3a31083cc0f49c65 -> origin/spec-silex-optimization-parity-completion
2026-09-11T15:11:31.3471741Z [command]/usr/bin/git branch --list --remote origin/spec-silex-optimization-parity-completion
2026-09-11T15:11:31.3503859Z   origin/spec-silex-optimization-parity-completion
2026-09-11T15:11:31.3510884Z [command]/usr/bin/git rev-parse refs/remotes/origin/spec-silex-optimization-parity-completion
2026-09-11T15:11:31.3531142Z ebc20fb3bb2c397ee577f21b3a31083cc0f49c65
2026-09-11T15:11:31.3534628Z ##[endgroup]
2026-09-11T15:11:31.3536208Z ##[group]Determining the checkout info
2026-09-11T15:11:31.3538215Z ##[endgroup]
2026-09-11T15:11:31.3539336Z [command]/usr/bin/git sparse-checkout disable
2026-09-11T15:11:31.3575333Z [command]/usr/bin/git config --local --unset-all extensions.worktreeConfig
2026-09-11T15:11:31.3600475Z ##[group]Checking out the ref
2026-09-11T15:11:31.3604024Z [command]/usr/bin/git checkout --progress --force -B spec-silex-optimization-parity-completion refs/remotes/origin/spec-silex-optimization-parity-completion
2026-09-11T15:11:31.4707237Z Switched to a new branch 'spec-silex-optimization-parity-completion'
2026-09-11T15:11:31.4710534Z branch 'spec-silex-optimization-parity-completion' set up to track 'origin/spec-silex-optimization-parity-completion'.
2026-09-11T15:11:31.4717574Z ##[endgroup]
2026-09-11T15:11:31.4755068Z [command]/usr/bin/git log -1 --format=%H
2026-09-11T15:11:31.4777915Z ebc20fb3bb2c397ee577f21b3a31083cc0f49c65
2026-09-11T15:11:31.5032205Z ##[group]Run set -euo pipefail
2026-09-11T15:11:31.5033603Z [36;1mset -euo pipefail[0m
2026-09-11T15:11:31.5034663Z [36;1mcase "$(uname -m)" in[0m
2026-09-11T15:11:31.5035808Z [36;1m  aarch64|arm64) ;;[0m
2026-09-11T15:11:31.5037152Z [36;1m  *) echo "expected a native ARM64 runner, got $(uname -m)" >&2; exit 1 ;;[0m
2026-09-11T15:11:31.5038905Z [36;1mesac[0m
2026-09-11T15:11:31.5140996Z shell: /usr/bin/bash --noprofile --norc -e -o pipefail {0}
2026-09-11T15:11:31.5142620Z ##[endgroup]
2026-09-11T15:11:31.5342480Z ##[group]Run set -euo pipefail
2026-09-11T15:11:31.5344013Z [36;1mset -euo pipefail[0m
2026-09-11T15:11:31.5345147Z [36;1marchive="$RUNNER_TEMP/zig.tar.xz"[0m
2026-09-11T15:11:31.5346857Z [36;1mcurl -fL https://ziglang.org/download/0.16.0/zig-aarch64-linux-0.16.0.tar.xz -o "$archive"[0m
2026-09-11T15:11:31.5349731Z [36;1mecho "ea4b09bfb22ec6f6c6ceac57ab63efb6b46e17ab08d21f69f3a48b38e1534f17  $archive" | sha256sum -c -[0m
2026-09-11T15:11:31.5351562Z [36;1mtar -xJf "$archive" -C "$RUNNER_TEMP"[0m
2026-09-11T15:11:31.5352882Z [36;1mecho "$RUNNER_TEMP/zig-aarch64-linux-0.16.0" >> "$GITHUB_PATH"[0m
2026-09-11T15:11:31.5404672Z shell: /usr/bin/bash --noprofile --norc -e -o pipefail {0}
2026-09-11T15:11:31.5406048Z ##[endgroup]
2026-09-11T15:11:31.5534256Z   % Total    % Received % Xferd  Average Speed   Time    Time     Time  Current
2026-09-11T15:11:31.5536171Z                                  Dload  Upload   Total   Spent    Left  Speed
2026-09-11T15:11:31.5537018Z 
2026-09-11T15:11:31.6820187Z   0     0    0     0    0     0      0      0 --:--:-- --:--:-- --:--:--     0
2026-09-11T15:11:32.7186036Z   0     0    0     0    0     0      0      0 --:--:-- --:--:-- --:--:--     0
2026-09-11T15:11:33.7419260Z   0 48.8M    0  223k    0     0   192k      0  0:04:20  0:00:01  0:04:19  192k
2026-09-11T15:11:34.7337195Z   6 48.8M    6 3343k    0     0  1527k      0  0:00:32  0:00:02  0:00:30 1527k
2026-09-11T15:11:35.7045066Z  46 48.8M   46 22.5M    0     0  7274k      0  0:00:06  0:00:03  0:00:03 7273k
2026-09-11T15:11:35.9163346Z  87 48.8M   87 42.5M    0     0  10.2M      0  0:00:04  0:00:04 --:--:-- 10.2M
2026-09-11T15:11:35.9164382Z 100 48.8M  100 48.8M    0     0  11.1M      0  0:00:04  0:00:04 --:--:-- 11.5M
2026-09-11T15:11:35.9497142Z /home/runner/work/_temp/zig.tar.xz: OK
2026-09-11T15:11:38.6070094Z ##[group]Run set -euo pipefail
2026-09-11T15:11:38.6070606Z [36;1mset -euo pipefail[0m
2026-09-11T15:11:38.6071022Z [36;1mexport HOME="$RUNNER_TEMP/home"[0m
2026-09-11T15:11:38.6071380Z [36;1mmkdir -p "$HOME"[0m
2026-09-11T15:11:38.6071649Z [36;1m[0m
2026-09-11T15:11:38.6072084Z [36;1mboundary="$GITHUB_WORKSPACE/Tests/Target/linux-arm64/LinuxArm64Boundary"[0m
2026-09-11T15:11:38.6072581Z [36;1mmkdir -p "$boundary/Boundary/linux-arm64"[0m
2026-09-11T15:11:38.6073397Z [36;1mzig cc -target aarch64-linux-gnu -O2 -c "$boundary/provider.c" \[0m
2026-09-11T15:11:38.6073963Z [36;1m  -o "$boundary/Boundary/linux-arm64/provider.o"[0m
2026-09-11T15:11:38.6074431Z [36;1mzig ar rcs "$boundary/Boundary/linux-arm64/libProvider.a" \[0m
2026-09-11T15:11:38.6074930Z [36;1m  "$boundary/Boundary/linux-arm64/provider.o"[0m
2026-09-11T15:11:38.6075276Z [36;1m[0m
2026-09-11T15:11:38.6075617Z [36;1mzig build -Doptimize=ReleaseFast -Dcpu=baseline \[0m
2026-09-11T15:11:38.6076170Z [36;1m  --prefix "$RUNNER_TEMP/silex-prefix" \[0m
2026-09-11T15:11:38.6076597Z [36;1m  --build-file Toolchain/build.zig[0m
2026-09-11T15:11:38.6076932Z [36;1m[0m
2026-09-11T15:11:38.6077225Z [36;1msilex="$RUNNER_TEMP/silex-prefix/bin/silex"[0m
2026-09-11T15:11:38.6077845Z [36;1m"$silex" setup[0m
2026-09-11T15:11:38.6078233Z [36;1mmanaged_zig="$HOME/.silex/toolchain/zig/0.16.0/linux-arm64/zig"[0m
2026-09-11T15:11:38.6078714Z [36;1mtest -x "$managed_zig"[0m
2026-09-11T15:11:38.6079165Z [36;1mfile "$managed_zig" | grep -E 'ELF 64-bit.*(ARM aarch64|ARM64)'[0m
2026-09-11T15:11:38.6079565Z [36;1m[0m
2026-09-11T15:11:38.6079997Z [36;1msource="$GITHUB_WORKSPACE/Tests/Native/NativePortability.sx"[0m
2026-09-11T15:11:38.6080536Z [36;1m"$silex" interpret "$source" > "$RUNNER_TEMP/interpreted.txt"[0m
2026-09-11T15:11:38.6081063Z [36;1m"$silex" compile "$source" --debug -o "$RUNNER_TEMP/native-debug"[0m
2026-09-11T15:11:38.6081600Z [36;1m"$RUNNER_TEMP/native-debug" > "$RUNNER_TEMP/debug.txt"[0m
2026-09-11T15:11:38.6082106Z [36;1mcmp "$RUNNER_TEMP/interpreted.txt" "$RUNNER_TEMP/debug.txt"[0m
2026-09-11T15:11:38.6082697Z [36;1m"$silex" compile "$source" --release -o "$RUNNER_TEMP/native-release"[0m
2026-09-11T15:11:38.6083220Z [36;1m"$RUNNER_TEMP/native-release" > "$RUNNER_TEMP/release.txt"[0m
2026-09-11T15:11:38.6083714Z [36;1mcmp "$RUNNER_TEMP/interpreted.txt" "$RUNNER_TEMP/release.txt"[0m
2026-09-11T15:11:38.6084315Z [36;1mfile "$RUNNER_TEMP/native-release" | grep -E 'ELF 64-bit.*(ARM aarch64|ARM64)'[0m
2026-09-11T15:11:38.6084929Z [36;1mreadelf -h "$RUNNER_TEMP/native-release" | grep -E 'Machine:.*AArch64'[0m
2026-09-11T15:11:38.6085413Z [36;1m[0m
2026-09-11T15:11:38.6085807Z [36;1m"$silex" run "$GITHUB_WORKSPACE/Tests/Native/DistributionSmoke.sx" --debug[0m
2026-09-11T15:11:38.6086285Z [36;1m"$silex" test "$source"[0m
2026-09-11T15:11:38.6086614Z [36;1m[0m
2026-09-11T15:11:38.6086989Z [36;1m"$managed_zig" cc -target aarch64-linux-gnu -O2 -c "$boundary/provider.c" \[0m
2026-09-11T15:11:38.6087837Z [36;1m  -o "$boundary/Boundary/linux-arm64/provider.o"[0m
2026-09-11T15:11:38.6088344Z [36;1m"$managed_zig" ar rcs "$boundary/Boundary/linux-arm64/libProvider.a" \[0m
2026-09-11T15:11:38.6088820Z [36;1m  "$boundary/Boundary/linux-arm64/provider.o"[0m
2026-09-11T15:11:38.6089279Z [36;1m"$silex" test "$boundary/Tests/Boundary.sx"[0m
2026-09-11T15:11:38.6089707Z [36;1m"$silex" compile "$boundary/Tests/Boundary.sx" --release \[0m
2026-09-11T15:11:38.6090185Z [36;1m  -o "$RUNNER_TEMP/boundary"[0m
2026-09-11T15:11:38.6090602Z [36;1mtest "$("$RUNNER_TEMP/boundary")" = "linux arm64 boundary ready"[0m
2026-09-11T15:11:38.6091000Z [36;1m[0m
2026-09-11T15:11:38.6091514Z [36;1mscalar_fixture="$GITHUB_WORKSPACE/Toolchain/Benchmarks/Optimizer/Regressions/ScalarFloatResidence.sx"[0m
2026-09-11T15:11:38.6092087Z [36;1mfor mode in debug release; do[0m
2026-09-11T15:11:38.6092535Z [36;1m  "$silex" compile "$scalar_fixture" "--$mode" --nocache \[0m
2026-09-11T15:11:38.6093240Z [36;1m    -o "$RUNNER_TEMP/scalar-float-residence-$mode"[0m
2026-09-11T15:11:38.6093740Z [36;1m  scalar_output=$("$RUNNER_TEMP/scalar-float-residence-$mode")[0m
2026-09-11T15:11:38.6094268Z [36;1m  test "$(printf '%s\n' "$scalar_output" | wc -l)" -eq 9[0m
2026-09-11T15:11:38.6094762Z [36;1m  test "$(printf '%s\n' "$scalar_output" | grep -c '^true$')" -eq 9[0m
2026-09-11T15:11:38.6095154Z [36;1mdone[0m
2026-09-11T15:11:38.6144658Z shell: /usr/bin/bash --noprofile --norc -e -o pipefail {0}
2026-09-11T15:11:38.6145428Z ##[endgroup]
2026-09-11T15:13:30.0934726Z install
2026-09-11T15:13:30.0936574Z +- run test 174 pass, 3 fail (177 total)
2026-09-11T15:13:30.0937276Z error: 'Lsp.CompletionContract.test.canonical completion sources pass their declared frontend boundary' failed:
2026-09-11T15:13:30.0938549Z        workspace completion fixture is not semantically valid: expected use, enum, struct, class, intrinsic class, nocopy class, protocol, function, or test declaration
2026-09-11T15:13:30.0939445Z        completion workspace source 'topology-platform-fragment' failed its fixture
2026-09-11T15:13:30.0940162Z error: 'CompilationCache.test.cache key depends on command variant paths and exact contents' failed without output
2026-09-11T15:13:30.0941059Z error: 'CompilationCache.test.entry cache key distinguishes programs sharing one source set' failed without output
2026-09-11T15:13:30.0942077Z failed command: ./Toolchain/.zig-cache/o/ac75375de7f9c37ac18550dd6ab03bec/test --cache-dir=./Toolchain/.zig-cache --seed=0xd079cfb2 --listen=-
2026-09-11T15:13:30.0942634Z 
2026-09-11T15:15:11.4128998Z Build Summary: 28/30 steps succeeded (1 failed); 174/177 tests passed (3 failed)
2026-09-11T15:15:11.4129780Z install transitive failure
2026-09-11T15:15:11.4130062Z +- run test 174 pass, 3 fail (177 total)
2026-09-11T15:15:11.4130263Z 
2026-09-11T15:15:11.4131874Z error: the following build command failed with exit code 1:
2026-09-11T15:15:11.4135360Z Toolchain/.zig-cache/o/62ac0b335e095fff7e72c4cd25fdd759/build /home/runner/work/_temp/zig-aarch64-linux-0.16.0/zig /home/runner/work/_temp/zig-aarch64-linux-0.16.0/lib Toolchain Toolchain/.zig-cache /home/runner/work/_temp/home/.cache/zig --seed 0xd079cfb2 -Zd25936b53ac38231 -Doptimize=ReleaseFast -Dcpu=baseline --prefix /home/runner/work/_temp/silex-prefix
2026-09-11T15:15:11.4393546Z ##[error]Process completed with exit code 1.
2026-09-11T15:15:11.4545928Z Post job cleanup.
2026-09-11T15:15:11.5269671Z [command]/usr/bin/git version
2026-09-11T15:15:11.5318641Z git version 2.55.0
2026-09-11T15:15:11.5348537Z Temporarily overriding HOME='/home/runner/work/_temp/c11a0672-ec24-40c2-8ab6-e1ac72f36fe8' before making global git config changes
2026-09-11T15:15:11.5350445Z Adding repository directory to the temporary git global config as a safe directory
2026-09-11T15:15:11.5351096Z [command]/usr/bin/git config --global --add safe.directory /home/runner/work/Silex/Silex
2026-09-11T15:15:11.5379553Z Removing SSH command configuration
2026-09-11T15:15:11.5389182Z [command]/usr/bin/git config --local --name-only --get-regexp core\.sshCommand
2026-09-11T15:15:11.5416932Z [command]/usr/bin/git submodule foreach --recursive sh -c "git config --local --name-only --get-regexp 'core\.sshCommand' && git config --local --unset-all 'core.sshCommand' || :"
2026-09-11T15:15:11.5604756Z Removing HTTP extra header
2026-09-11T15:15:11.5610545Z [command]/usr/bin/git config --local --name-only --get-regexp http\.https\:\/\/github\.com\/\.extraheader
2026-09-11T15:15:11.5641217Z [command]/usr/bin/git submodule foreach --recursive sh -c "git config --local --name-only --get-regexp 'http\.https\:\/\/github\.com\/\.extraheader' && git config --local --unset-all 'http.https://github.com/.extraheader' || :"
2026-09-11T15:15:11.5849042Z Removing includeIf entries pointing to credentials config files
2026-09-11T15:15:11.5849601Z [command]/usr/bin/git config --local --name-only --get-regexp ^includeIf\.gitdir:
2026-09-11T15:15:11.5868344Z includeif.gitdir:/home/runner/work/Silex/Silex/.git.path
2026-09-11T15:15:11.5868855Z includeif.gitdir:/home/runner/work/Silex/Silex/.git/worktrees/*.path
2026-09-11T15:15:11.5869471Z includeif.gitdir:/github/workspace/.git.path
2026-09-11T15:15:11.5869844Z includeif.gitdir:/github/workspace/.git/worktrees/*.path
2026-09-11T15:15:11.5876581Z [command]/usr/bin/git config --local --get-all includeif.gitdir:/home/runner/work/Silex/Silex/.git.path
2026-09-11T15:15:11.5899775Z /home/runner/work/_temp/git-credentials-a1f4cb13-6ce1-4d0a-83be-5eaaaff4556c.config
2026-09-11T15:15:11.5908429Z [command]/usr/bin/git config --local --unset includeif.gitdir:/home/runner/work/Silex/Silex/.git.path /home/runner/work/_temp/git-credentials-a1f4cb13-6ce1-4d0a-83be-5eaaaff4556c.config
2026-09-11T15:15:11.5941527Z [command]/usr/bin/git config --local --get-all includeif.gitdir:/home/runner/work/Silex/Silex/.git/worktrees/*.path
2026-09-11T15:15:11.5964809Z /home/runner/work/_temp/git-credentials-a1f4cb13-6ce1-4d0a-83be-5eaaaff4556c.config
2026-09-11T15:15:11.5973159Z [command]/usr/bin/git config --local --unset includeif.gitdir:/home/runner/work/Silex/Silex/.git/worktrees/*.path /home/runner/work/_temp/git-credentials-a1f4cb13-6ce1-4d0a-83be-5eaaaff4556c.config
2026-09-11T15:15:11.6004951Z [command]/usr/bin/git config --local --get-all includeif.gitdir:/github/workspace/.git.path
2026-09-11T15:15:11.6027455Z /github/runner_temp/git-credentials-a1f4cb13-6ce1-4d0a-83be-5eaaaff4556c.config
2026-09-11T15:15:11.6034236Z [command]/usr/bin/git config --local --unset includeif.gitdir:/github/workspace/.git.path /github/runner_temp/git-credentials-a1f4cb13-6ce1-4d0a-83be-5eaaaff4556c.config
2026-09-11T15:15:11.6064272Z [command]/usr/bin/git config --local --get-all includeif.gitdir:/github/workspace/.git/worktrees/*.path
2026-09-11T15:15:11.6087071Z /github/runner_temp/git-credentials-a1f4cb13-6ce1-4d0a-83be-5eaaaff4556c.config
2026-09-11T15:15:11.6094599Z [command]/usr/bin/git config --local --unset includeif.gitdir:/github/workspace/.git/worktrees/*.path /github/runner_temp/git-credentials-a1f4cb13-6ce1-4d0a-83be-5eaaaff4556c.config
2026-09-11T15:15:11.6128135Z [command]/usr/bin/git submodule foreach --recursive git config --local --show-origin --name-only --get-regexp remote.origin.url
2026-09-11T15:15:11.6319511Z Removing credentials config '/home/runner/work/_temp/git-credentials-a1f4cb13-6ce1-4d0a-83be-5eaaaff4556c.config'
2026-09-11T15:15:11.6471210Z Cleaning up orphan processes

