2026-09-11T15:11:28.4012510Z Current runner version: '2.337.0'
2026-09-11T15:11:28.4073550Z ##[group]Runner Image Provisioner
2026-09-11T15:11:28.4075370Z Hosted Compute Agent
2026-09-11T15:11:28.4076950Z Version: 20260819.586
2026-09-11T15:11:28.4078450Z Commit: 3cc4a88dfa507ef76119ad1bb3eccc6378bb2b76
2026-09-11T15:11:28.4080200Z Build Date: 2026-08-18T23:20:18Z
2026-09-11T15:11:28.4082250Z Worker ID: {bb1a2236-2640-4d3d-b1a3-a70b0d10cff9}
2026-09-11T15:11:28.4083990Z Azure Region: westus
2026-09-11T15:11:28.4085250Z ##[endgroup]
2026-09-11T15:11:28.4089230Z ##[group]Operating System
2026-09-11T15:11:28.4090640Z macOS
2026-09-11T15:11:28.4091730Z 15.7.9
2026-09-11T15:11:28.4092820Z 24G830
2026-09-11T15:11:28.4093910Z ##[endgroup]
2026-09-11T15:11:28.4095100Z ##[group]Runner Image
2026-09-11T15:11:28.4096430Z Image: macos-15
2026-09-11T15:11:28.4097720Z Version: 20260824.0482.1
2026-09-11T15:11:28.4100760Z Included Software: https://github.com/actions/runner-images/blob/macos-15/20260824.0482/images/macos/macos-15-Readme.md
2026-09-11T15:11:28.4105520Z Image Release: https://github.com/actions/runner-images/releases/tag/macos-15%2F20260824.0482
2026-09-11T15:11:28.4108090Z ##[endgroup]
2026-09-11T15:11:28.4110880Z ##[group]GITHUB_TOKEN Permissions
2026-09-11T15:11:28.4116350Z Contents: read
2026-09-11T15:11:28.4117610Z Metadata: read
2026-09-11T15:11:28.4118800Z ##[endgroup]
2026-09-11T15:11:28.4123630Z Secret source: Actions
2026-09-11T15:11:28.4125660Z Cache mode: write
2026-09-11T15:11:28.4127380Z Prepare workflow directory
2026-09-11T15:11:28.5052630Z Prepare all required actions
2026-09-11T15:11:28.5236000Z Getting action download info
2026-09-11T15:11:28.8855940Z Download action repository 'actions/checkout@v6' (SHA:d23441a48e516b6c34aea4fa41551a30e30af803)
2026-09-11T15:11:29.9510270Z Complete job name: macos-x64
2026-09-11T15:11:30.1305310Z ##[group]Run actions/checkout@v6
2026-09-11T15:11:30.1309650Z with:
2026-09-11T15:11:30.1311180Z   repository: Matanek/Silex
2026-09-11T15:11:30.1326090Z   token: ***
2026-09-11T15:11:30.1327530Z   ssh-strict: true
2026-09-11T15:11:30.1328830Z   ssh-user: git
2026-09-11T15:11:30.1330180Z   persist-credentials: true
2026-09-11T15:11:30.1331690Z   clean: true
2026-09-11T15:11:30.1333040Z   sparse-checkout-cone-mode: true
2026-09-11T15:11:30.1334570Z   fetch-depth: 1
2026-09-11T15:11:30.1336050Z   fetch-tags: false
2026-09-11T15:11:30.1337560Z   show-progress: true
2026-09-11T15:11:30.1338940Z   lfs: false
2026-09-11T15:11:30.1340250Z   submodules: false
2026-09-11T15:11:30.1341730Z   set-safe-directory: true
2026-09-11T15:11:30.1343240Z   allow-unsafe-pr-checkout: false
2026-09-11T15:11:30.1346220Z ##[endgroup]
2026-09-11T15:11:30.8402810Z Syncing repository: Matanek/Silex
2026-09-11T15:11:30.8407890Z ##[group]Getting Git version info
2026-09-11T15:11:30.8410380Z Working directory is '/Users/runner/work/Silex/Silex'
2026-09-11T15:11:30.8564380Z [command]/usr/local/bin/git version
2026-09-11T15:11:30.9233020Z git version 2.55.0
2026-09-11T15:11:30.9365970Z ##[endgroup]
2026-09-11T15:11:30.9439700Z Copying '/Users/runner/.gitconfig' to '/Users/runner/work/_temp/e6747e2b-1c27-4569-bbcf-1fd1174c0fe1/.gitconfig'
2026-09-11T15:11:30.9468180Z Temporarily overriding HOME='/Users/runner/work/_temp/e6747e2b-1c27-4569-bbcf-1fd1174c0fe1' before making global git config changes
2026-09-11T15:11:30.9497260Z Adding repository directory to the temporary git global config as a safe directory
2026-09-11T15:11:30.9517850Z [command]/usr/local/bin/git config --global --add safe.directory /Users/runner/work/Silex/Silex
2026-09-11T15:11:30.9636570Z Deleting the contents of '/Users/runner/work/Silex/Silex'
2026-09-11T15:11:30.9674000Z ##[group]Determining repository object format
2026-09-11T15:11:30.9718860Z ##[endgroup]
2026-09-11T15:11:30.9750040Z ##[group]Initializing the repository
2026-09-11T15:11:30.9780210Z [command]/usr/local/bin/git init /Users/runner/work/Silex/Silex
2026-09-11T15:11:31.0347640Z hint: Using 'master' as the name for the initial branch. This default branch name
2026-09-11T15:11:31.0350850Z hint: will change to "main" in Git 3.0. To configure the initial branch name
2026-09-11T15:11:31.0355230Z hint: to use in all of your new repositories, which will suppress this warning,
2026-09-11T15:11:31.0357790Z hint: call:
2026-09-11T15:11:31.0359320Z hint:
2026-09-11T15:11:31.0361030Z hint: 	git config --global init.defaultBranch <name>
2026-09-11T15:11:31.0363220Z hint:
2026-09-11T15:11:31.0365150Z hint: Names commonly chosen instead of 'master' are 'main', 'trunk' and
2026-09-11T15:11:31.0368260Z hint: 'development'. The just-created branch can be renamed via this command:
2026-09-11T15:11:31.0370790Z hint:
2026-09-11T15:11:31.0372370Z hint: 	git branch -m <name>
2026-09-11T15:11:31.0379770Z hint:
2026-09-11T15:11:31.0387450Z hint: Disable this message with "git config set advice.defaultBranchName false"
2026-09-11T15:11:31.0390760Z Initialized empty Git repository in /Users/runner/work/Silex/Silex/.git/
2026-09-11T15:11:31.0395790Z [command]/usr/local/bin/git remote add origin https://github.com/Matanek/Silex
2026-09-11T15:11:31.0631680Z ##[endgroup]
2026-09-11T15:11:31.0697490Z ##[group]Disabling automatic garbage collection
2026-09-11T15:11:31.0732600Z [command]/usr/local/bin/git config --local gc.auto 0
2026-09-11T15:11:31.1114290Z ##[endgroup]
2026-09-11T15:11:31.1183830Z ##[group]Setting up auth
2026-09-11T15:11:31.1221720Z Removing SSH command configuration
2026-09-11T15:11:31.1228570Z [command]/usr/local/bin/git config --local --name-only --get-regexp core\.sshCommand
2026-09-11T15:11:31.1369980Z [command]/usr/local/bin/git submodule foreach --recursive sh -c "git config --local --name-only --get-regexp 'core\.sshCommand' && git config --local --unset-all 'core.sshCommand' || :"
2026-09-11T15:11:31.5383850Z Removing HTTP extra header
2026-09-11T15:11:31.5388630Z [command]/usr/local/bin/git config --local --name-only --get-regexp http\.https\:\/\/github\.com\/\.extraheader
2026-09-11T15:11:31.6967550Z [command]/usr/local/bin/git submodule foreach --recursive sh -c "git config --local --name-only --get-regexp 'http\.https\:\/\/github\.com\/\.extraheader' && git config --local --unset-all 'http.https://github.com/.extraheader' || :"
2026-09-11T15:11:31.9767840Z Removing includeIf entries pointing to credentials config files
2026-09-11T15:11:31.9817900Z [command]/usr/local/bin/git config --local --name-only --get-regexp ^includeIf\.gitdir:
2026-09-11T15:11:31.9923210Z [command]/usr/local/bin/git submodule foreach --recursive git config --local --show-origin --name-only --get-regexp remote.origin.url
2026-09-11T15:11:32.2414910Z [command]/usr/local/bin/git config --file /Users/runner/work/_temp/git-credentials-18045e14-9b1e-4d5f-8b9b-6bd48d113dbc.config http.https://github.com/.extraheader AUTHORIZATION: basic ***
2026-09-11T15:11:32.2613070Z [command]/usr/local/bin/git config --local includeIf.gitdir:/Users/runner/work/Silex/Silex/.git.path /Users/runner/work/_temp/git-credentials-18045e14-9b1e-4d5f-8b9b-6bd48d113dbc.config
2026-09-11T15:11:32.2892470Z [command]/usr/local/bin/git config --local includeIf.gitdir:/Users/runner/work/Silex/Silex/.git/worktrees/*.path /Users/runner/work/_temp/git-credentials-18045e14-9b1e-4d5f-8b9b-6bd48d113dbc.config
2026-09-11T15:11:32.3121160Z [command]/usr/local/bin/git config --local includeIf.gitdir:/github/workspace/.git.path /github/runner_temp/git-credentials-18045e14-9b1e-4d5f-8b9b-6bd48d113dbc.config
2026-09-11T15:11:32.3379300Z [command]/usr/local/bin/git config --local includeIf.gitdir:/github/workspace/.git/worktrees/*.path /github/runner_temp/git-credentials-18045e14-9b1e-4d5f-8b9b-6bd48d113dbc.config
2026-09-11T15:11:32.3592880Z ##[endgroup]
2026-09-11T15:11:32.3640220Z ##[group]Fetching the repository
2026-09-11T15:11:32.3653060Z [command]/usr/local/bin/git -c protocol.version=2 fetch --no-tags --prune --no-recurse-submodules --depth=1 origin +ebc20fb3bb2c397ee577f21b3a31083cc0f49c65:refs/remotes/origin/spec-silex-optimization-parity-completion
2026-09-11T15:11:34.4179760Z From https://github.com/Matanek/Silex
2026-09-11T15:11:34.4200780Z  * [new ref]         ebc20fb3bb2c397ee577f21b3a31083cc0f49c65 -> origin/spec-silex-optimization-parity-completion
2026-09-11T15:11:34.4466790Z [command]/usr/local/bin/git branch --list --remote origin/spec-silex-optimization-parity-completion
2026-09-11T15:11:34.5641980Z   origin/spec-silex-optimization-parity-completion
2026-09-11T15:11:34.6343990Z [command]/usr/local/bin/git rev-parse refs/remotes/origin/spec-silex-optimization-parity-completion
2026-09-11T15:11:34.6414100Z ebc20fb3bb2c397ee577f21b3a31083cc0f49c65
2026-09-11T15:11:34.7517930Z ##[endgroup]
2026-09-11T15:11:34.7613160Z ##[group]Determining the checkout info
2026-09-11T15:11:34.7659370Z ##[endgroup]
2026-09-11T15:11:34.7663760Z [command]/usr/local/bin/git sparse-checkout disable
2026-09-11T15:11:34.7789710Z [command]/usr/local/bin/git config --local --unset-all extensions.worktreeConfig
2026-09-11T15:11:34.7952850Z ##[group]Checking out the ref
2026-09-11T15:11:34.8004740Z [command]/usr/local/bin/git checkout --progress --force -B spec-silex-optimization-parity-completion refs/remotes/origin/spec-silex-optimization-parity-completion
2026-09-11T15:11:35.5965040Z Updating files:  83% (1092/1302)
2026-09-11T15:11:35.6134240Z Updating files:  84% (1094/1302)
2026-09-11T15:11:35.6227760Z Updating files:  85% (1107/1302)
2026-09-11T15:11:35.6373840Z Updating files:  86% (1120/1302)
2026-09-11T15:11:35.6417980Z Updating files:  87% (1133/1302)
2026-09-11T15:11:35.6553530Z Updating files:  88% (1146/1302)
2026-09-11T15:11:35.6686160Z Updating files:  89% (1159/1302)
2026-09-11T15:11:35.6899640Z Updating files:  90% (1172/1302)
2026-09-11T15:11:35.7038190Z Updating files:  91% (1185/1302)
2026-09-11T15:11:35.7148730Z Updating files:  92% (1198/1302)
2026-09-11T15:11:35.7261330Z Updating files:  93% (1211/1302)
2026-09-11T15:11:35.7462960Z Updating files:  94% (1224/1302)
2026-09-11T15:11:35.7609550Z Updating files:  95% (1237/1302)
2026-09-11T15:11:35.7704880Z Updating files:  96% (1250/1302)
2026-09-11T15:11:35.7823280Z Updating files:  97% (1263/1302)
2026-09-11T15:11:35.7911540Z Updating files:  98% (1276/1302)
2026-09-11T15:11:35.7987070Z Updating files:  99% (1289/1302)
2026-09-11T15:11:35.7989060Z Updating files: 100% (1302/1302)
2026-09-11T15:11:35.7991530Z Updating files: 100% (1302/1302), done.
2026-09-11T15:11:35.8157710Z Switched to a new branch 'spec-silex-optimization-parity-completion'
2026-09-11T15:11:35.8185390Z branch 'spec-silex-optimization-parity-completion' set up to track 'origin/spec-silex-optimization-parity-completion'.
2026-09-11T15:11:35.8215940Z ##[endgroup]
2026-09-11T15:11:35.8479170Z [command]/usr/local/bin/git log -1 --format=%H
2026-09-11T15:11:35.8745450Z ebc20fb3bb2c397ee577f21b3a31083cc0f49c65
2026-09-11T15:11:35.9433160Z ##[group]Run set -euo pipefail
2026-09-11T15:11:35.9434520Z [36;1mset -euo pipefail[0m
2026-09-11T15:11:35.9435490Z [36;1marchive="$RUNNER_TEMP/zig.tar.xz"[0m
2026-09-11T15:11:35.9437280Z [36;1mcurl -fL https://ziglang.org/download/0.16.0/zig-x86_64-macos-0.16.0.tar.xz -o "$archive"[0m
2026-09-11T15:11:35.9439780Z [36;1mecho "0387557ed1877bc6a2e1802c8391953baddba76081876301c522f52977b52ba7  $archive" | shasum -a 256 -c -[0m
2026-09-11T15:11:35.9441900Z [36;1mtar -xJf "$archive" -C "$RUNNER_TEMP"[0m
2026-09-11T15:11:35.9443250Z [36;1mecho "$RUNNER_TEMP/zig-x86_64-macos-0.16.0" >> "$GITHUB_PATH"[0m
2026-09-11T15:11:35.9663140Z shell: /bin/bash --noprofile --norc -e -o pipefail {0}
2026-09-11T15:11:35.9664300Z ##[endgroup]
2026-09-11T15:11:36.3292750Z   % Total    % Received % Xferd  Average Speed  Time    Time    Time   Current
2026-09-11T15:11:36.3681770Z                                  Dload  Upload  Total   Spent   Left   Speed
2026-09-11T15:11:36.3688360Z 
2026-09-11T15:11:37.3265940Z   0      0   0      0   0      0      0      0                              0
2026-09-11T15:11:38.3540970Z   6 54.73M   6  3.40M   0      0  2.68M      0   00:20   00:01   00:19  3.34M
2026-09-11T15:11:39.2787720Z  52 54.73M  52 28.81M   0      0 12.62M      0   00:04   00:02   00:02 14.17M
2026-09-11T15:11:39.2812570Z 100 54.73M 100 54.73M   0      0 17.00M      0   00:03   00:03         14.17M
2026-09-11T15:11:39.2852240Z 100 54.73M 100 54.73M   0      0 17.00M      0   00:03   00:03         14.17M
2026-09-11T15:11:39.2876740Z 100 54.73M 100 54.73M   0      0 17.00M      0   00:03   00:03         14.17M
2026-09-11T15:11:40.1042000Z /Users/runner/work/_temp/zig.tar.xz: OK
2026-09-11T15:12:04.5225370Z ##[group]Run set -euo pipefail
2026-09-11T15:12:04.5226610Z [36;1mset -euo pipefail[0m
2026-09-11T15:12:04.5227520Z [36;1mtest "$(uname -m)" = "x86_64"[0m
2026-09-11T15:12:04.5228550Z [36;1mexport HOME="$RUNNER_TEMP/home"[0m
2026-09-11T15:12:04.5229550Z [36;1mmkdir -p "$HOME"[0m
2026-09-11T15:12:04.5230630Z [36;1mzig build -Doptimize=ReleaseFast -Dcpu=baseline \[0m
2026-09-11T15:12:04.5232000Z [36;1m  --prefix "$RUNNER_TEMP/silex-prefix" \[0m
2026-09-11T15:12:04.5233180Z [36;1m  --build-file Toolchain/build.zig[0m
2026-09-11T15:12:04.5234360Z [36;1msilex="$RUNNER_TEMP/silex-prefix/bin/silex"[0m
2026-09-11T15:12:04.5235480Z [36;1m"$silex" --version[0m
2026-09-11T15:12:04.5236480Z [36;1m"$silex" targets | grep -F 'macos-x64'[0m
2026-09-11T15:12:04.5237570Z [36;1m"$silex" setup[0m
2026-09-11T15:12:04.5238980Z [36;1mshadercross="$HOME/.silex/toolchain/shadercross/3.0.0/macos-x64/bin/shadercross"[0m
2026-09-11T15:12:04.5240830Z [36;1mfile "$shadercross" | grep -F 'x86_64'[0m
2026-09-11T15:12:04.5242000Z [36;1m"$shadercross" --help >/dev/null 2>&1[0m
2026-09-11T15:12:04.5243770Z [36;1mboundary_root="$GITHUB_WORKSPACE/Toolchain/Fixtures/MacOSX64Boundary/Boundary/macos-x64"[0m
2026-09-11T15:12:04.5246130Z [36;1mzig cc -target x86_64-macos -c "$boundary_root/Provider.c" -o "$boundary_root/Provider.o"[0m
2026-09-11T15:12:04.5248350Z [36;1mzig ar rcs "$boundary_root/libMacOSX64Boundary.a" "$boundary_root/Provider.o"[0m
2026-09-11T15:12:04.5250510Z [36;1mboundary_consumer="$GITHUB_WORKSPACE/Toolchain/Fixtures/MacOSX64BoundaryConsumer"[0m
2026-09-11T15:12:04.5252640Z [36;1m"$silex" link "$GITHUB_WORKSPACE/Toolchain/Fixtures/MacOSX64Boundary" \[0m
2026-09-11T15:12:04.5254310Z [36;1m  --workspace "$boundary_consumer" --target macos-x64[0m
2026-09-11T15:12:04.5256090Z [36;1m"$silex" packages resolve "$boundary_consumer"[0m
2026-09-11T15:12:04.5257410Z [36;1m"$silex" compile "$boundary_consumer/Main.sx" \[0m
2026-09-11T15:12:04.5258750Z [36;1m  --release -o "$RUNNER_TEMP/macos-x64-boundary"[0m
2026-09-11T15:12:04.5260340Z [36;1mtest "$("$RUNNER_TEMP/macos-x64-boundary")" = "macos x64 boundary ready"[0m
2026-09-11T15:12:04.5262170Z [36;1m"$silex" test "$GITHUB_WORKSPACE/Tests/Native/NativePortability.sx"[0m
2026-09-11T15:12:04.5263580Z [36;1mrun_distribution() {[0m
2026-09-11T15:12:04.5264530Z [36;1m  executable="$1"[0m
2026-09-11T15:12:04.5265640Z [36;1m  stderr="$RUNNER_TEMP/$(basename "$executable").stderr"[0m
2026-09-11T15:12:04.5266880Z [36;1m  set +e[0m
2026-09-11T15:12:04.5267720Z [36;1m  output=$("$executable" 2>"$stderr")[0m
2026-09-11T15:12:04.5268740Z [36;1m  status=$?[0m
2026-09-11T15:12:04.5269510Z [36;1m  set -e[0m
2026-09-11T15:12:04.5270310Z [36;1m  if [ "$status" -ne 0 ]; then[0m
2026-09-11T15:12:04.5271270Z [36;1m    cat "$stderr"[0m
2026-09-11T15:12:04.5272160Z [36;1m    lldb --batch -o 'run' \[0m
2026-09-11T15:12:04.5273220Z [36;1m      -k 'thread backtrace all' \[0m
2026-09-11T15:12:04.5274270Z [36;1m      -k 'register read' \[0m
2026-09-11T15:12:04.5275250Z [36;1m      -k 'image lookup -a $pc' \[0m
2026-09-11T15:12:04.5276370Z [36;1m      -k 'disassemble -p' \[0m
2026-09-11T15:12:04.5277470Z [36;1m      -- "$executable" || true[0m
2026-09-11T15:12:04.5278570Z [36;1m    return "$status"[0m
2026-09-11T15:12:04.5279550Z [36;1m  fi[0m
2026-09-11T15:12:04.5280490Z [36;1m  test "$output" = "silex distribution ready"[0m
2026-09-11T15:12:04.5281660Z [36;1m}[0m
2026-09-11T15:12:04.5283020Z [36;1mdistribution="$GITHUB_WORKSPACE/Tests/Native/DistributionSmoke.sx"[0m
2026-09-11T15:12:04.5284720Z [36;1m"$silex" compile "$distribution" \[0m
2026-09-11T15:12:04.5286070Z [36;1m  -o "$RUNNER_TEMP/distribution-smoke-debug"[0m
2026-09-11T15:12:04.5289130Z [36;1mrun_distribution "$RUNNER_TEMP/distribution-smoke-debug"[0m
2026-09-11T15:12:04.5290710Z [36;1m"$silex" compile "$distribution" \[0m
2026-09-11T15:12:04.5292160Z [36;1m  --release -o "$RUNNER_TEMP/distribution-smoke-release"[0m
2026-09-11T15:12:04.5294890Z [36;1mrun_distribution "$RUNNER_TEMP/distribution-smoke-release"[0m
2026-09-11T15:12:04.5296870Z [36;1mtest "$("$silex" run "$distribution" --release)" = "silex distribution ready"[0m
2026-09-11T15:12:04.5298970Z [36;1m"$silex" compile "$GITHUB_WORKSPACE/Tests/Native/NativePortability.sx" \[0m
2026-09-11T15:12:04.5300760Z [36;1m  --release -o "$RUNNER_TEMP/native-portability"[0m
2026-09-11T15:12:04.5302310Z [36;1mfile "$RUNNER_TEMP/native-portability" | grep -F 'x86_64'[0m
2026-09-11T15:12:04.5304030Z [36;1mportability_output=$("$RUNNER_TEMP/native-portability")[0m
2026-09-11T15:12:04.5305500Z [36;1mprintf '%s\n' "$portability_output"[0m
2026-09-11T15:12:04.5307360Z [36;1mcycle_drops=$(printf '%s\n' "$portability_output" | grep -c '^native cycle drop$')[0m
2026-09-11T15:12:04.5309470Z [36;1mtest "$cycle_drops" -eq 6[0m
2026-09-11T15:12:04.5462120Z shell: /bin/bash --noprofile --norc -e -o pipefail {0}
2026-09-11T15:12:04.5463440Z ##[endgroup]
2026-09-11T15:17:53.7622210Z install
2026-09-11T15:17:53.7626140Z +- run test 175 pass, 2 fail (177 total)
2026-09-11T15:17:53.7627730Z error: 'CompilationCache.test.cache key depends on command variant paths and exact contents' failed without output
2026-09-11T15:17:53.7630380Z error: 'CompilationCache.test.entry cache key distinguishes programs sharing one source set' failed without output
2026-09-11T15:17:53.7632880Z failed command: ./Toolchain/.zig-cache/o/16c44a13e8f7de9dc9c8936fa9014329/test --cache-dir=./Toolchain/.zig-cache --seed=0xd5f45327 --listen=-
2026-09-11T15:17:53.7634290Z 
2026-09-11T15:23:09.0227550Z Build Summary: 28/30 steps succeeded (1 failed); 175/177 tests passed (2 failed)
2026-09-11T15:23:09.0229440Z install transitive failure
2026-09-11T15:23:09.0243100Z +- run test 175 pass, 2 fail (177 total)
2026-09-11T15:23:09.0244500Z 
2026-09-11T15:23:09.0266870Z error: the following build command failed with exit code 1:
2026-09-11T15:23:09.0272490Z Toolchain/.zig-cache/o/8180086c9d915bae2d090696661c5d20/build /Users/runner/work/_temp/zig-x86_64-macos-0.16.0/zig /Users/runner/work/_temp/zig-x86_64-macos-0.16.0/lib Toolchain Toolchain/.zig-cache /Users/runner/work/_temp/home/.cache/zig --seed 0xd5f45327 -Zd1d1534614c0ca2a -Doptimize=ReleaseFast -Dcpu=baseline --prefix /Users/runner/work/_temp/silex-prefix
2026-09-11T15:23:09.1062740Z ##[error]Process completed with exit code 1.
2026-09-11T15:23:09.2522840Z Post job cleanup.
2026-09-11T15:23:09.8408450Z [command]/usr/local/bin/git version
2026-09-11T15:23:09.8705980Z git version 2.55.0
2026-09-11T15:23:09.8787040Z Copying '/Users/runner/.gitconfig' to '/Users/runner/work/_temp/db583e97-f6fc-4522-a83a-6e5a965f27c9/.gitconfig'
2026-09-11T15:23:09.8815670Z Temporarily overriding HOME='/Users/runner/work/_temp/db583e97-f6fc-4522-a83a-6e5a965f27c9' before making global git config changes
2026-09-11T15:23:09.8818560Z Adding repository directory to the temporary git global config as a safe directory
2026-09-11T15:23:09.8825980Z [command]/usr/local/bin/git config --global --add safe.directory /Users/runner/work/Silex/Silex
2026-09-11T15:23:09.9085900Z Removing SSH command configuration
2026-09-11T15:23:09.9090720Z [command]/usr/local/bin/git config --local --name-only --get-regexp core\.sshCommand
2026-09-11T15:23:10.0765720Z [command]/usr/local/bin/git submodule foreach --recursive sh -c "git config --local --name-only --get-regexp 'core\.sshCommand' && git config --local --unset-all 'core.sshCommand' || :"
2026-09-11T15:23:10.3508100Z Removing HTTP extra header
2026-09-11T15:23:10.3569810Z [command]/usr/local/bin/git config --local --name-only --get-regexp http\.https\:\/\/github\.com\/\.extraheader
2026-09-11T15:23:10.3684420Z [command]/usr/local/bin/git submodule foreach --recursive sh -c "git config --local --name-only --get-regexp 'http\.https\:\/\/github\.com\/\.extraheader' && git config --local --unset-all 'http.https://github.com/.extraheader' || :"
2026-09-11T15:23:10.5199310Z Removing includeIf entries pointing to credentials config files
2026-09-11T15:23:10.5209170Z [command]/usr/local/bin/git config --local --name-only --get-regexp ^includeIf\.gitdir:
2026-09-11T15:23:10.5325300Z includeif.gitdir:/Users/runner/work/Silex/Silex/.git.path
2026-09-11T15:23:10.5327360Z includeif.gitdir:/Users/runner/work/Silex/Silex/.git/worktrees/*.path
2026-09-11T15:23:10.5329180Z includeif.gitdir:/github/workspace/.git.path
2026-09-11T15:23:10.5330810Z includeif.gitdir:/github/workspace/.git/worktrees/*.path
2026-09-11T15:23:10.5346890Z [command]/usr/local/bin/git config --local --get-all includeif.gitdir:/Users/runner/work/Silex/Silex/.git.path
2026-09-11T15:23:10.5476740Z /Users/runner/work/_temp/git-credentials-18045e14-9b1e-4d5f-8b9b-6bd48d113dbc.config
2026-09-11T15:23:10.5499010Z [command]/usr/local/bin/git config --local --unset includeif.gitdir:/Users/runner/work/Silex/Silex/.git.path /Users/runner/work/_temp/git-credentials-18045e14-9b1e-4d5f-8b9b-6bd48d113dbc.config
2026-09-11T15:23:10.5647160Z [command]/usr/local/bin/git config --local --get-all includeif.gitdir:/Users/runner/work/Silex/Silex/.git/worktrees/*.path
2026-09-11T15:23:10.5756570Z /Users/runner/work/_temp/git-credentials-18045e14-9b1e-4d5f-8b9b-6bd48d113dbc.config
2026-09-11T15:23:10.5776870Z [command]/usr/local/bin/git config --local --unset includeif.gitdir:/Users/runner/work/Silex/Silex/.git/worktrees/*.path /Users/runner/work/_temp/git-credentials-18045e14-9b1e-4d5f-8b9b-6bd48d113dbc.config
2026-09-11T15:23:10.5912370Z [command]/usr/local/bin/git config --local --get-all includeif.gitdir:/github/workspace/.git.path
2026-09-11T15:23:10.6020030Z /github/runner_temp/git-credentials-18045e14-9b1e-4d5f-8b9b-6bd48d113dbc.config
2026-09-11T15:23:10.6036400Z [command]/usr/local/bin/git config --local --unset includeif.gitdir:/github/workspace/.git.path /github/runner_temp/git-credentials-18045e14-9b1e-4d5f-8b9b-6bd48d113dbc.config
2026-09-11T15:23:10.6156850Z [command]/usr/local/bin/git config --local --get-all includeif.gitdir:/github/workspace/.git/worktrees/*.path
2026-09-11T15:23:10.6267100Z /github/runner_temp/git-credentials-18045e14-9b1e-4d5f-8b9b-6bd48d113dbc.config
2026-09-11T15:23:10.6283250Z [command]/usr/local/bin/git config --local --unset includeif.gitdir:/github/workspace/.git/worktrees/*.path /github/runner_temp/git-credentials-18045e14-9b1e-4d5f-8b9b-6bd48d113dbc.config
2026-09-11T15:23:10.6422500Z [command]/usr/local/bin/git submodule foreach --recursive git config --local --show-origin --name-only --get-regexp remote.origin.url
2026-09-11T15:23:10.7949850Z Removing credentials config '/Users/runner/work/_temp/git-credentials-18045e14-9b1e-4d5f-8b9b-6bd48d113dbc.config'
2026-09-11T15:23:10.8210240Z Cleaning up orphan processes

