2026-09-12T01:29:23.0366960Z Current runner version: '2.337.0'
2026-09-12T01:29:23.0410260Z ##[group]Runner Image Provisioner
2026-09-12T01:29:23.0411790Z Hosted Compute Agent
2026-09-12T01:29:23.0412810Z Version: 20260819.586
2026-09-12T01:29:23.0414030Z Commit: 3cc4a88dfa507ef76119ad1bb3eccc6378bb2b76
2026-09-12T01:29:23.0415440Z Build Date: 2026-08-18T23:20:18Z
2026-09-12T01:29:23.0416580Z Worker ID: {b8be95da-b0a6-4c07-8267-1a4822b267f1}
2026-09-12T01:29:23.0417810Z Azure Region: westus
2026-09-12T01:29:23.0419120Z ##[endgroup]
2026-09-12T01:29:23.0424030Z ##[group]Operating System
2026-09-12T01:29:23.0425180Z macOS
2026-09-12T01:29:23.0426210Z 15.7.9
2026-09-12T01:29:23.0427090Z 24G830
2026-09-12T01:29:23.0428020Z ##[endgroup]
2026-09-12T01:29:23.0429070Z ##[group]Runner Image
2026-09-12T01:29:23.0430160Z Image: macos-15
2026-09-12T01:29:23.0431120Z Version: 20260824.0482.1
2026-09-12T01:29:23.0433780Z Included Software: https://github.com/actions/runner-images/blob/macos-15/20260824.0482/images/macos/macos-15-Readme.md
2026-09-12T01:29:23.0436950Z Image Release: https://github.com/actions/runner-images/releases/tag/macos-15%2F20260824.0482
2026-09-12T01:29:23.0438910Z ##[endgroup]
2026-09-12T01:29:23.0441100Z ##[group]GITHUB_TOKEN Permissions
2026-09-12T01:29:23.0445810Z Contents: read
2026-09-12T01:29:23.0446850Z Metadata: read
2026-09-12T01:29:23.0447850Z ##[endgroup]
2026-09-12T01:29:23.0452240Z Secret source: Actions
2026-09-12T01:29:23.0453990Z Cache mode: write
2026-09-12T01:29:23.0455260Z Prepare workflow directory
2026-09-12T01:29:23.1327210Z Prepare all required actions
2026-09-12T01:29:23.1427440Z Getting action download info
2026-09-12T01:29:23.8509350Z Download action repository 'actions/checkout@v6' (SHA:d23441a48e516b6c34aea4fa41551a30e30af803)
2026-09-12T01:29:24.1742050Z Download action repository 'actions/upload-artifact@v7' (SHA:043fb46d1a93c77aae656e7c1c64a875d1fc6a0a)
2026-09-12T01:29:24.5257790Z Complete job name: optimizer-x64
2026-09-12T01:29:24.6997740Z ##[group]Run actions/checkout@v6
2026-09-12T01:29:24.6999410Z with:
2026-09-12T01:29:24.7000380Z   repository: Matanek/Silex
2026-09-12T01:29:24.7010550Z   token: ***
2026-09-12T01:29:24.7011600Z   ssh-strict: true
2026-09-12T01:29:24.7012540Z   ssh-user: git
2026-09-12T01:29:24.7013750Z   persist-credentials: true
2026-09-12T01:29:24.7014880Z   clean: true
2026-09-12T01:29:24.7015780Z   sparse-checkout-cone-mode: true
2026-09-12T01:29:24.7017060Z   fetch-depth: 1
2026-09-12T01:29:24.7017980Z   fetch-tags: false
2026-09-12T01:29:24.7018900Z   show-progress: true
2026-09-12T01:29:24.7020090Z   lfs: false
2026-09-12T01:29:24.7021050Z   submodules: false
2026-09-12T01:29:24.7021960Z   set-safe-directory: true
2026-09-12T01:29:24.7023060Z   allow-unsafe-pr-checkout: false
2026-09-12T01:29:24.7025770Z ##[endgroup]
2026-09-12T01:29:27.0022090Z Syncing repository: Matanek/Silex
2026-09-12T01:29:27.0030010Z ##[group]Getting Git version info
2026-09-12T01:29:27.0032040Z Working directory is '/Users/runner/work/Silex/Silex'
2026-09-12T01:29:27.0036040Z [command]/usr/local/bin/git version
2026-09-12T01:29:27.0037860Z git version 2.55.0
2026-09-12T01:29:27.0043060Z ##[endgroup]
2026-09-12T01:29:27.0062500Z Copying '/Users/runner/.gitconfig' to '/Users/runner/work/_temp/5c9061c5-449e-4e2f-95d2-ecb65a753652/.gitconfig'
2026-09-12T01:29:27.0067180Z Temporarily overriding HOME='/Users/runner/work/_temp/5c9061c5-449e-4e2f-95d2-ecb65a753652' before making global git config changes
2026-09-12T01:29:27.0070980Z Adding repository directory to the temporary git global config as a safe directory
2026-09-12T01:29:27.0076160Z [command]/usr/local/bin/git config --global --add safe.directory /Users/runner/work/Silex/Silex
2026-09-12T01:29:27.0085630Z Deleting the contents of '/Users/runner/work/Silex/Silex'
2026-09-12T01:29:27.0088840Z ##[group]Determining repository object format
2026-09-12T01:29:27.0091430Z ##[endgroup]
2026-09-12T01:29:27.0093750Z ##[group]Initializing the repository
2026-09-12T01:29:27.0095740Z [command]/usr/local/bin/git init /Users/runner/work/Silex/Silex
2026-09-12T01:29:27.0100070Z hint: Using 'master' as the name for the initial branch. This default branch name
2026-09-12T01:29:27.0131480Z hint: will change to "main" in Git 3.0. To configure the initial branch name
2026-09-12T01:29:27.0170070Z hint: to use in all of your new repositories, which will suppress this warning,
2026-09-12T01:29:27.0900000Z hint: call:
2026-09-12T01:29:27.0903720Z hint:
2026-09-12T01:29:27.0912370Z hint: 	git config --global init.defaultBranch <name>
2026-09-12T01:29:27.0931210Z hint:
2026-09-12T01:29:27.0984950Z hint: Names commonly chosen instead of 'master' are 'main', 'trunk' and
2026-09-12T01:29:27.1237640Z hint: 'development'. The just-created branch can be renamed via this command:
2026-09-12T01:29:27.1995330Z hint:
2026-09-12T01:29:27.2117410Z hint: 	git branch -m <name>
2026-09-12T01:29:27.2131670Z hint:
2026-09-12T01:29:27.2150590Z hint: Disable this message with "git config set advice.defaultBranchName false"
2026-09-12T01:29:27.2271910Z Initialized empty Git repository in /Users/runner/work/Silex/Silex/.git/
2026-09-12T01:29:27.2311820Z [command]/usr/local/bin/git remote add origin https://github.com/Matanek/Silex
2026-09-12T01:29:27.2458560Z ##[endgroup]
2026-09-12T01:29:27.3465180Z ##[group]Disabling automatic garbage collection
2026-09-12T01:29:27.3483060Z [command]/usr/local/bin/git config --local gc.auto 0
2026-09-12T01:29:27.3529350Z ##[endgroup]
2026-09-12T01:29:27.3532670Z ##[group]Setting up auth
2026-09-12T01:29:27.3536240Z Removing SSH command configuration
2026-09-12T01:29:27.3538760Z [command]/usr/local/bin/git config --local --name-only --get-regexp core\.sshCommand
2026-09-12T01:29:27.3544800Z [command]/usr/local/bin/git submodule foreach --recursive sh -c "git config --local --name-only --get-regexp 'core\.sshCommand' && git config --local --unset-all 'core.sshCommand' || :"
2026-09-12T01:29:27.3598900Z Removing HTTP extra header
2026-09-12T01:29:27.3613510Z [command]/usr/local/bin/git config --local --name-only --get-regexp http\.https\:\/\/github\.com\/\.extraheader
2026-09-12T01:29:27.3713260Z [command]/usr/local/bin/git submodule foreach --recursive sh -c "git config --local --name-only --get-regexp 'http\.https\:\/\/github\.com\/\.extraheader' && git config --local --unset-all 'http.https://github.com/.extraheader' || :"
2026-09-12T01:29:27.5627040Z Removing includeIf entries pointing to credentials config files
2026-09-12T01:29:27.5687190Z [command]/usr/local/bin/git config --local --name-only --get-regexp ^includeIf\.gitdir:
2026-09-12T01:29:27.5833080Z [command]/usr/local/bin/git submodule foreach --recursive git config --local --show-origin --name-only --get-regexp remote.origin.url
2026-09-12T01:29:27.7747380Z [command]/usr/local/bin/git config --file /Users/runner/work/_temp/git-credentials-3a3f0336-7a82-4ca7-9b11-7f8dbe81e236.config http.https://github.com/.extraheader AUTHORIZATION: basic ***
2026-09-12T01:29:27.7821860Z [command]/usr/local/bin/git config --local includeIf.gitdir:/Users/runner/work/Silex/Silex/.git.path /Users/runner/work/_temp/git-credentials-3a3f0336-7a82-4ca7-9b11-7f8dbe81e236.config
2026-09-12T01:29:27.7850130Z [command]/usr/local/bin/git config --local includeIf.gitdir:/Users/runner/work/Silex/Silex/.git/worktrees/*.path /Users/runner/work/_temp/git-credentials-3a3f0336-7a82-4ca7-9b11-7f8dbe81e236.config
2026-09-12T01:29:27.7909470Z [command]/usr/local/bin/git config --local includeIf.gitdir:/github/workspace/.git.path /github/runner_temp/git-credentials-3a3f0336-7a82-4ca7-9b11-7f8dbe81e236.config
2026-09-12T01:29:27.7941290Z [command]/usr/local/bin/git config --local includeIf.gitdir:/github/workspace/.git/worktrees/*.path /github/runner_temp/git-credentials-3a3f0336-7a82-4ca7-9b11-7f8dbe81e236.config
2026-09-12T01:29:27.8038840Z ##[endgroup]
2026-09-12T01:29:27.8042290Z ##[group]Fetching the repository
2026-09-12T01:29:27.8064140Z [command]/usr/local/bin/git -c protocol.version=2 fetch --no-tags --prune --no-recurse-submodules --depth=1 origin +b8d01d73233a88a080170b53096f2a72bbd8d98e:refs/remotes/origin/spec-silex-optimization-parity-completion
2026-09-12T01:29:29.6073810Z From https://github.com/Matanek/Silex
2026-09-12T01:29:29.6133400Z  * [new ref]         b8d01d73233a88a080170b53096f2a72bbd8d98e -> origin/spec-silex-optimization-parity-completion
2026-09-12T01:29:29.6238320Z [command]/usr/local/bin/git branch --list --remote origin/spec-silex-optimization-parity-completion
2026-09-12T01:29:29.6284830Z   origin/spec-silex-optimization-parity-completion
2026-09-12T01:29:29.6361360Z [command]/usr/local/bin/git rev-parse refs/remotes/origin/spec-silex-optimization-parity-completion
2026-09-12T01:29:29.6391080Z b8d01d73233a88a080170b53096f2a72bbd8d98e
2026-09-12T01:29:29.6482510Z ##[endgroup]
2026-09-12T01:29:29.6520110Z ##[group]Determining the checkout info
2026-09-12T01:29:29.6549910Z ##[endgroup]
2026-09-12T01:29:29.6551110Z [command]/usr/local/bin/git sparse-checkout disable
2026-09-12T01:29:29.6646480Z [command]/usr/local/bin/git config --local --unset-all extensions.worktreeConfig
2026-09-12T01:29:29.6706740Z ##[group]Checking out the ref
2026-09-12T01:29:29.6735880Z [command]/usr/local/bin/git checkout --progress --force -B spec-silex-optimization-parity-completion refs/remotes/origin/spec-silex-optimization-parity-completion
2026-09-12T01:29:30.9068980Z Updating files:  76% (1868/2454)
2026-09-12T01:29:30.9408430Z Updating files:  77% (1890/2454)
2026-09-12T01:29:30.9538240Z Updating files:  78% (1915/2454)
2026-09-12T01:29:30.9643620Z Updating files:  79% (1939/2454)
2026-09-12T01:29:30.9767980Z Updating files:  80% (1964/2454)
2026-09-12T01:29:30.9929840Z Updating files:  81% (1988/2454)
2026-09-12T01:29:31.0154110Z Updating files:  82% (2013/2454)
2026-09-12T01:29:31.0822000Z Updating files:  83% (2037/2454)
2026-09-12T01:29:31.0968050Z Updating files:  84% (2062/2454)
2026-09-12T01:29:31.1031890Z Updating files:  85% (2086/2454)
2026-09-12T01:29:31.1094700Z Updating files:  86% (2111/2454)
2026-09-12T01:29:31.1142540Z Updating files:  87% (2135/2454)
2026-09-12T01:29:31.1222850Z Updating files:  88% (2160/2454)
2026-09-12T01:29:31.1301140Z Updating files:  89% (2185/2454)
2026-09-12T01:29:31.1385390Z Updating files:  90% (2209/2454)
2026-09-12T01:29:31.1486130Z Updating files:  91% (2234/2454)
2026-09-12T01:29:31.1562130Z Updating files:  92% (2258/2454)
2026-09-12T01:29:31.1563770Z Updating files:  93% (2283/2454)
2026-09-12T01:29:31.1621110Z Updating files:  94% (2307/2454)
2026-09-12T01:29:31.1941830Z Updating files:  95% (2332/2454)
2026-09-12T01:29:31.2192940Z Updating files:  96% (2356/2454)
2026-09-12T01:29:31.2358870Z Updating files:  97% (2381/2454)
2026-09-12T01:29:31.2525850Z Updating files:  98% (2405/2454)
2026-09-12T01:29:31.2642030Z Updating files:  99% (2430/2454)
2026-09-12T01:29:31.2643690Z Updating files: 100% (2454/2454)
2026-09-12T01:29:31.2645400Z Updating files: 100% (2454/2454), done.
2026-09-12T01:29:31.2832980Z Switched to a new branch 'spec-silex-optimization-parity-completion'
2026-09-12T01:29:31.2848040Z branch 'spec-silex-optimization-parity-completion' set up to track 'origin/spec-silex-optimization-parity-completion'.
2026-09-12T01:29:31.2900590Z ##[endgroup]
2026-09-12T01:29:31.3079930Z [command]/usr/local/bin/git log -1 --format=%H
2026-09-12T01:29:31.3224900Z b8d01d73233a88a080170b53096f2a72bbd8d98e
2026-09-12T01:29:31.3716190Z ##[group]Run actions/checkout@v6
2026-09-12T01:29:31.3716680Z with:
2026-09-12T01:29:31.3717030Z   repository: Matanek/Silex-Lib-STD
2026-09-12T01:29:31.3717530Z   ref: 80aabd9a2de919af52dc0b8bf2d0f9de50aa75c5
2026-09-12T01:29:31.3718040Z   path: Dependencies/STD
2026-09-12T01:29:31.3722420Z   token: ***
2026-09-12T01:29:31.3722750Z   ssh-strict: true
2026-09-12T01:29:31.3723360Z   ssh-user: git
2026-09-12T01:29:31.3723900Z   persist-credentials: true
2026-09-12T01:29:31.3724450Z   clean: true
2026-09-12T01:29:31.3724960Z   sparse-checkout-cone-mode: true
2026-09-12T01:29:31.3725570Z   fetch-depth: 1
2026-09-12T01:29:31.3726040Z   fetch-tags: false
2026-09-12T01:29:31.3726530Z   show-progress: true
2026-09-12T01:29:31.3727010Z   lfs: false
2026-09-12T01:29:31.3727700Z   submodules: false
2026-09-12T01:29:31.3729180Z   set-safe-directory: true
2026-09-12T01:29:31.3729780Z   allow-unsafe-pr-checkout: false
2026-09-12T01:29:31.3730410Z ##[endgroup]
2026-09-12T01:29:31.6731300Z Syncing repository: Matanek/Silex-Lib-STD
2026-09-12T01:29:31.6734490Z ##[group]Getting Git version info
2026-09-12T01:29:31.6736110Z Working directory is '/Users/runner/work/Silex/Silex/Dependencies/STD'
2026-09-12T01:29:31.6741200Z [command]/usr/local/bin/git version
2026-09-12T01:29:31.6743210Z git version 2.55.0
2026-09-12T01:29:31.6753880Z ##[endgroup]
2026-09-12T01:29:31.6760250Z Copying '/Users/runner/.gitconfig' to '/Users/runner/work/_temp/2ab38912-ed45-42e0-9205-06a953ba5e55/.gitconfig'
2026-09-12T01:29:31.6764210Z Temporarily overriding HOME='/Users/runner/work/_temp/2ab38912-ed45-42e0-9205-06a953ba5e55' before making global git config changes
2026-09-12T01:29:31.6767830Z Adding repository directory to the temporary git global config as a safe directory
2026-09-12T01:29:31.6771320Z [command]/usr/local/bin/git config --global --add safe.directory /Users/runner/work/Silex/Silex/Dependencies/STD
2026-09-12T01:29:31.6778800Z ##[group]Determining repository object format
2026-09-12T01:29:31.6781800Z ##[endgroup]
2026-09-12T01:29:31.6784560Z ##[group]Initializing the repository
2026-09-12T01:29:31.6787240Z [command]/usr/local/bin/git init /Users/runner/work/Silex/Silex/Dependencies/STD
2026-09-12T01:29:31.6790550Z hint: Using 'master' as the name for the initial branch. This default branch name
2026-09-12T01:29:31.6793430Z hint: will change to "main" in Git 3.0. To configure the initial branch name
2026-09-12T01:29:31.6796480Z hint: to use in all of your new repositories, which will suppress this warning,
2026-09-12T01:29:31.6799140Z hint: call:
2026-09-12T01:29:31.6801110Z hint:
2026-09-12T01:29:31.6803270Z hint: 	git config --global init.defaultBranch <name>
2026-09-12T01:29:31.6805790Z hint:
2026-09-12T01:29:31.6808100Z hint: Names commonly chosen instead of 'master' are 'main', 'trunk' and
2026-09-12T01:29:31.6811070Z hint: 'development'. The just-created branch can be renamed via this command:
2026-09-12T01:29:31.6813670Z hint:
2026-09-12T01:29:31.6815800Z hint: 	git branch -m <name>
2026-09-12T01:29:31.6817900Z hint:
2026-09-12T01:29:31.6822770Z hint: Disable this message with "git config set advice.defaultBranchName false"
2026-09-12T01:29:31.6826190Z Initialized empty Git repository in /Users/runner/work/Silex/Silex/Dependencies/STD/.git/
2026-09-12T01:29:31.6834850Z [command]/usr/local/bin/git remote add origin https://github.com/Matanek/Silex-Lib-STD
2026-09-12T01:29:31.6843850Z ##[endgroup]
2026-09-12T01:29:31.6847220Z ##[group]Disabling automatic garbage collection
2026-09-12T01:29:31.6853680Z [command]/usr/local/bin/git config --local gc.auto 0
2026-09-12T01:29:31.6858830Z ##[endgroup]
2026-09-12T01:29:31.6860610Z ##[group]Setting up auth
2026-09-12T01:29:31.6862280Z Removing SSH command configuration
2026-09-12T01:29:31.6868650Z [command]/usr/local/bin/git config --local --name-only --get-regexp core\.sshCommand
2026-09-12T01:29:31.7060740Z [command]/usr/local/bin/git submodule foreach --recursive sh -c "git config --local --name-only --get-regexp 'core\.sshCommand' && git config --local --unset-all 'core.sshCommand' || :"
2026-09-12T01:29:32.0669090Z Removing HTTP extra header
2026-09-12T01:29:32.0767710Z [command]/usr/local/bin/git config --local --name-only --get-regexp http\.https\:\/\/github\.com\/\.extraheader
2026-09-12T01:29:32.1169420Z [command]/usr/local/bin/git submodule foreach --recursive sh -c "git config --local --name-only --get-regexp 'http\.https\:\/\/github\.com\/\.extraheader' && git config --local --unset-all 'http.https://github.com/.extraheader' || :"
2026-09-12T01:29:32.2450820Z Removing includeIf entries pointing to credentials config files
2026-09-12T01:29:32.2522390Z [command]/usr/local/bin/git config --local --name-only --get-regexp ^includeIf\.gitdir:
2026-09-12T01:29:32.2837360Z [command]/usr/local/bin/git submodule foreach --recursive git config --local --show-origin --name-only --get-regexp remote.origin.url
2026-09-12T01:29:32.4969320Z [command]/usr/local/bin/git config --file /Users/runner/work/_temp/git-credentials-769a5405-c54e-43a5-84bb-6247f1ed7734.config http.https://github.com/.extraheader AUTHORIZATION: basic ***
2026-09-12T01:29:32.5194740Z [command]/usr/local/bin/git config --local includeIf.gitdir:/Users/runner/work/Silex/Silex/Dependencies/STD/.git.path /Users/runner/work/_temp/git-credentials-769a5405-c54e-43a5-84bb-6247f1ed7734.config
2026-09-12T01:29:32.5404720Z [command]/usr/local/bin/git config --local includeIf.gitdir:/Users/runner/work/Silex/Silex/Dependencies/STD/.git/worktrees/*.path /Users/runner/work/_temp/git-credentials-769a5405-c54e-43a5-84bb-6247f1ed7734.config
2026-09-12T01:29:32.5555930Z [command]/usr/local/bin/git config --local includeIf.gitdir:/github/workspace/Dependencies/STD/.git.path /github/runner_temp/git-credentials-769a5405-c54e-43a5-84bb-6247f1ed7734.config
2026-09-12T01:29:32.5745140Z [command]/usr/local/bin/git config --local includeIf.gitdir:/github/workspace/Dependencies/STD/.git/worktrees/*.path /github/runner_temp/git-credentials-769a5405-c54e-43a5-84bb-6247f1ed7734.config
2026-09-12T01:29:32.5979920Z ##[endgroup]
2026-09-12T01:29:32.6025820Z ##[group]Fetching the repository
2026-09-12T01:29:32.6055500Z [command]/usr/local/bin/git -c protocol.version=2 fetch --no-tags --prune --no-recurse-submodules --depth=1 origin 80aabd9a2de919af52dc0b8bf2d0f9de50aa75c5
2026-09-12T01:29:33.1639580Z From https://github.com/Matanek/Silex-Lib-STD
2026-09-12T01:29:33.1717520Z  * branch            80aabd9a2de919af52dc0b8bf2d0f9de50aa75c5 -> FETCH_HEAD
2026-09-12T01:29:33.1840810Z [command]/usr/local/bin/git rev-parse --verify --quiet 80aabd9a2de919af52dc0b8bf2d0f9de50aa75c5^{object}
2026-09-12T01:29:33.1888210Z 80aabd9a2de919af52dc0b8bf2d0f9de50aa75c5
2026-09-12T01:29:33.2062210Z ##[endgroup]
2026-09-12T01:29:33.2380560Z ##[group]Determining the checkout info
2026-09-12T01:29:33.2442100Z ##[endgroup]
2026-09-12T01:29:33.2485760Z [command]/usr/local/bin/git sparse-checkout disable
2026-09-12T01:29:33.2610130Z [command]/usr/local/bin/git config --local --unset-all extensions.worktreeConfig
2026-09-12T01:29:33.2677220Z ##[group]Checking out the ref
2026-09-12T01:29:33.2727110Z [command]/usr/local/bin/git checkout --progress --force 80aabd9a2de919af52dc0b8bf2d0f9de50aa75c5
2026-09-12T01:29:33.3564840Z HEAD is now at 80aabd9 Pin Silex 0.44 in portability CI
2026-09-12T01:29:33.3588210Z ##[endgroup]
2026-09-12T01:29:33.3771780Z [command]/usr/local/bin/git log -1 --format=%H
2026-09-12T01:29:33.3921500Z 80aabd9a2de919af52dc0b8bf2d0f9de50aa75c5
2026-09-12T01:29:33.4159220Z ##[group]Run set -euo pipefail
2026-09-12T01:29:33.4160270Z [36;1mset -euo pipefail[0m
2026-09-12T01:29:33.4161120Z [36;1marchive="$RUNNER_TEMP/zig.tar.xz"[0m
2026-09-12T01:29:33.4162560Z [36;1mcurl -fL https://ziglang.org/download/0.16.0/zig-x86_64-macos-0.16.0.tar.xz -o "$archive"[0m
2026-09-12T01:29:33.4165710Z [36;1mecho "0387557ed1877bc6a2e1802c8391953baddba76081876301c522f52977b52ba7  $archive" | shasum -a 256 -c -[0m
2026-09-12T01:29:33.4169970Z [36;1mtar -xJf "$archive" -C "$RUNNER_TEMP"[0m
2026-09-12T01:29:33.4174290Z [36;1mecho "$RUNNER_TEMP/zig-x86_64-macos-0.16.0" >> "$GITHUB_PATH"[0m
2026-09-12T01:29:33.4290760Z shell: /bin/bash --noprofile --norc -e -o pipefail {0}
2026-09-12T01:29:33.4291720Z ##[endgroup]
2026-09-12T01:29:33.8551080Z   % Total    % Received % Xferd  Average Speed  Time    Time    Time   Current
2026-09-12T01:29:33.8560540Z                                  Dload  Upload  Total   Spent   Left   Speed
2026-09-12T01:29:33.8584150Z 
2026-09-12T01:29:34.8833630Z   0      0   0      0   0      0      0      0                              0
2026-09-12T01:29:35.9627680Z   0 54.73M   0 495.7k   0      0 357.1k      0   02:36   00:01   02:35 483.5k
2026-09-12T01:29:37.0992880Z  26 54.73M  26 14.31M   0      0  5.81M      0   00:09   00:02   00:07  6.81M
2026-09-12T01:29:37.9873430Z  66 54.73M  66 36.46M   0      0 10.24M      0   00:05   00:03   00:02 11.40M
2026-09-12T01:29:37.9876950Z 100 54.73M 100 54.73M   0      0 12.17M      0   00:04   00:04         11.40M
2026-09-12T01:29:37.9881180Z 100 54.73M 100 54.73M   0      0 12.17M      0   00:04   00:04         11.40M
2026-09-12T01:29:37.9884070Z 100 54.73M 100 54.73M   0      0 12.17M      0   00:04   00:04         11.40M
2026-09-12T01:29:38.4261040Z /Users/runner/work/_temp/zig.tar.xz: OK
2026-09-12T01:29:52.8462760Z ##[group]Run set -euo pipefail
2026-09-12T01:29:52.8463740Z [36;1mset -euo pipefail[0m
2026-09-12T01:29:52.8464420Z [36;1mtest "$(uname -m)" = "x86_64"[0m
2026-09-12T01:29:52.8465200Z [36;1mmkdir -p .zig-cache/optimizer-x64[0m
2026-09-12T01:29:52.8466020Z [36;1m{[0m
2026-09-12T01:29:52.8466890Z [36;1m  echo "commit=$(git -C .. rev-parse HEAD)"[0m
2026-09-12T01:29:52.8468060Z [36;1m  echo "bootstrap=-Doptimize=ReleaseFast -Dcpu=baseline"[0m
2026-09-12T01:29:52.8469020Z [36;1m  echo "system=$(uname -s)"[0m
2026-09-12T01:29:52.8469800Z [36;1m  echo "architecture=$(uname -m)"[0m
2026-09-12T01:29:52.8470840Z [36;1m  echo "os=$(sw_vers -productVersion)"[0m
2026-09-12T01:29:52.8471870Z [36;1m  echo "cpu=$(sysctl -n machdep.cpu.brand_string)"[0m
2026-09-12T01:29:52.8472800Z [36;1m  clang --version | sed -n '1p'[0m
2026-09-12T01:29:52.8473560Z [36;1m} | tee .zig-cache/optimizer-x64/environment.txt[0m
2026-09-12T01:29:52.8573980Z shell: /bin/bash --noprofile --norc -e -o pipefail {0}
2026-09-12T01:29:52.8574880Z ##[endgroup]
2026-09-12T01:29:52.9329270Z commit=b8d01d73233a88a080170b53096f2a72bbd8d98e
2026-09-12T01:29:52.9427820Z bootstrap=-Doptimize=ReleaseFast -Dcpu=baseline
2026-09-12T01:29:52.9546840Z system=Darwin
2026-09-12T01:29:52.9690640Z architecture=x86_64
2026-09-12T01:29:53.0693790Z os=15.7.9
2026-09-12T01:29:53.1696000Z cpu=Intel(R) Core(TM) i7-8700B CPU @ 3.20GHz
2026-09-12T01:29:55.2952370Z Apple clang version 17.0.0 (clang-1700.0.13.5)
2026-09-12T01:29:55.3474820Z ##[group]Run set -euo pipefail
2026-09-12T01:29:55.3475740Z [36;1mset -euo pipefail[0m
2026-09-12T01:29:55.3476660Z [36;1mzig build -Doptimize=ReleaseFast -Dcpu=baseline \[0m
2026-09-12T01:29:55.3477810Z [36;1m  --prefix "$RUNNER_TEMP/silex-prefix"[0m
2026-09-12T01:29:55.3478720Z [36;1mcd "$GITHUB_WORKSPACE"[0m
2026-09-12T01:29:55.3479560Z [36;1m"$RUNNER_TEMP/silex-prefix/bin/silex" link \[0m
2026-09-12T01:29:55.3480560Z [36;1m  "$GITHUB_WORKSPACE/Dependencies/STD" \[0m
2026-09-12T01:29:55.3481660Z [36;1m  --workspace "$GITHUB_WORKSPACE"[0m
2026-09-12T01:29:55.3482790Z [36;1m"$RUNNER_TEMP/silex-prefix/bin/silex" packages resolve \[0m
2026-09-12T01:29:55.3483930Z [36;1m  "$GITHUB_WORKSPACE/Toolchain/Benchmarks/Optimizer"[0m
2026-09-12T01:29:55.3575200Z shell: /bin/bash --noprofile --norc -e -o pipefail {0}
2026-09-12T01:29:55.3575970Z ##[endgroup]
2026-09-12T01:36:41.5603140Z silex: linked STD@0.22.0 to /Users/runner/work/Silex/Silex/Dependencies/STD for this workspace
2026-09-12T01:36:41.5969560Z STD 0.22.0 workspace-link /Users/runner/work/Silex/Silex/Dependencies/STD
2026-09-12T01:36:42.2937060Z ##[group]Run set -euo pipefail
2026-09-12T01:36:42.2939430Z [36;1mset -euo pipefail[0m
2026-09-12T01:36:42.2940250Z [36;1mset -o pipefail[0m
2026-09-12T01:36:42.2942080Z [36;1mzig build optimizer-oracle -Doptimize=ReleaseFast -Dcpu=baseline -- qualify 8 1 2>&1 | tee .zig-cache/optimizer-x64/qualification.log[0m
2026-09-12T01:36:42.6797450Z shell: /bin/bash --noprofile --norc -e -o pipefail {0}
2026-09-12T01:36:42.6800810Z ##[endgroup]
2026-09-12T01:39:14.7769940Z optimizer oracle: native optimizer regression qualification
2026-09-12T01:39:25.4494360Z   PASS Regressions/ScalarClassLeaves.sx
2026-09-12T01:39:25.4498380Z     protects: scalar class mutator leaves preserve shared identity, signed and floating updates, boolean fields, and resource replacement barriers
2026-09-12T01:39:25.4508820Z     binaries: Debug 41215 bytes, Release 37080 bytes
2026-09-12T01:39:25.6207720Z   PASS Regressions/IntegerMemoryRegions.sx
2026-09-12T01:39:25.6225210Z     protects: integer loop regions and direct signed/unsigned operands preserve aliases, narrow normalization, cold exits and empty iterations
2026-09-12T01:39:25.6236950Z     binaries: Debug 41215 bytes, Release 32952 bytes
2026-09-12T01:39:27.0847450Z   PASS Regressions/BranchComparisons.sx
2026-09-12T01:39:27.0849610Z     protects: single-use and shared comparisons preserve signed and unsigned widths, unordered floats, infinities and signed zero
2026-09-12T01:39:27.0851960Z     binaries: Debug 28927 bytes, Release 16536 bytes
2026-09-12T01:39:27.2193960Z   PASS Regressions/BranchSnapshots.sx
2026-09-12T01:39:27.2202000Z     protects: arm-local scalar snapshots preserve alias writes, joined values, negative indices, NaN and signed zero
2026-09-12T01:39:27.2204170Z     binaries: Debug 28927 bytes, Release 20664 bytes
2026-09-12T01:39:27.3486010Z   PASS Regressions/PrivateCollectionLengths.sx
2026-09-12T01:39:27.3495610Z     protects: private literal lengths cross branches and unrelated calls while mutation, copies, view escapes and terminal lifetimes stay exact
2026-09-12T01:39:27.3497290Z     binaries: Debug 37119 bytes, Release 32952 bytes
2026-09-12T01:39:27.4728510Z   PASS Regressions/ScalarFloatOperands.sx
2026-09-12T01:39:27.4730130Z     protects: direct scalar SSE operands preserve subtraction/division order, widths, signed zero and unordered comparisons
2026-09-12T01:39:27.4731600Z     binaries: Debug 20735 bytes, Release 16536 bytes
2026-09-12T01:39:27.6210880Z   PASS Regressions/FloatMemoryResidence.sx
2026-09-12T01:39:27.6212320Z     protects: mixed integer and FP recurrences across aggregate inputs and returns, stack copies and fixed/view loads, widths, NaN and signed zero
2026-09-12T01:39:27.6213660Z     binaries: Debug 28927 bytes, Release 24760 bytes
2026-09-12T01:39:27.7453550Z   PASS Regressions/LoopExitResidence.sx
2026-09-12T01:39:27.7455070Z     protects: loop-carried scalar state survives interleaved class exits and direct mutator calls
2026-09-12T01:39:27.7456480Z     binaries: Debug 33023 bytes, Release 28856 bytes
2026-09-12T01:39:27.8798620Z   PASS Regressions/ScalarFloatResidence.sx
2026-09-12T01:39:27.8800540Z     protects: scalar FP pressure, loop recurrence, call barriers, addressed aliases, exact conversion, NaN and signed zero
2026-09-12T01:39:27.8807130Z     binaries: Debug 20735 bytes, Release 12440 bytes
2026-09-12T01:39:28.0105060Z   PASS Regressions/DominatedReferenceReads.sx
2026-09-12T01:39:28.0106650Z     protects: dominated borrowed fields preserve branches, mutable aliases, signed zero, NaN and mixed scalar widths
2026-09-12T01:39:28.0107740Z     binaries: Debug 20735 bytes, Release 16536 bytes
2026-09-12T01:39:28.1588000Z   PASS Regressions/LateScalarClosure.sx
2026-09-12T01:39:28.2731930Z     protects: helpers exposed as scalar leaves after collection cleanup preserve loop results and checked initialization
2026-09-12T01:39:28.2733610Z     binaries: Debug 16631 bytes, Release 12440 bytes
2026-09-12T01:39:28.2734680Z   PASS Regressions/ValueModules/Main.sx
2026-09-12T01:39:28.2737040Z     protects: module and generic boundaries preserve dominated values, partial paths, mutable aliases and strict floating observations
2026-09-12T01:39:28.2738310Z     binaries: Debug 20735 bytes, Release 12440 bytes
2026-09-12T01:39:28.5585880Z   PASS Regressions/AggregatePreparation.sx
2026-09-12T01:39:28.5587280Z     protects: complete preparation observes all 26 fields across dynamic/fixed bodies, warm starts and detached results
2026-09-12T01:39:28.5593290Z     contract: dominated aggregate field reads 820 -> 24
2026-09-12T01:39:28.5599040Z     counter: disabling ssa_value_simplification retains 56 field reads versus 24
2026-09-12T01:39:28.5600090Z     binaries: Debug 131327 bytes, Release 32952 bytes
2026-09-12T01:39:28.6882670Z   PASS Regressions/ScalarExpressionReuse.sx
2026-09-12T01:39:28.6884490Z     protects: identical scalar snapshots share calculations across stores while changed memory and floating edge values retain their observations
2026-09-12T01:39:28.6886090Z     contract: scalar products 4 -> 2; changed-memory path retains 2
2026-09-12T01:39:28.6887320Z     counter: disabling ssa_value_simplification retains 4 scalar products versus 2
2026-09-12T01:39:28.6889030Z     binaries: Debug 20735 bytes, Release 12440 bytes
2026-09-12T01:39:28.8209600Z   PASS Regressions/KnownViewElements.sx
2026-09-12T01:39:28.8216040Z     protects: known scalar elements propagate through clamped nested views; aliases and branches retain observations
2026-09-12T01:39:28.8217850Z     contract: constantViews view loads 2 -> 0, stores 0 -> 0, 2 guard(s) retained
2026-09-12T01:39:28.8219550Z     counter: disabling reference_memory_elision retains 4 memory operation(s) versus 0 in constantViews; guards 6/2
2026-09-12T01:39:28.8220820Z     binaries: Debug 24831 bytes, Release 16536 bytes
2026-09-12T01:39:32.4644040Z   PASS IntegerArithmetic.sx
2026-09-12T01:39:32.4646370Z     protects: a hot scalar loop retains target registers across a terminal output barrier
2026-09-12T01:39:32.4647870Z     contract: main scalar residences ARM64 13/13, X64 13/13
2026-09-12T01:39:32.4649310Z     binaries: Debug 16631 bytes, Release 12440 bytes
2026-09-12T01:39:32.6165880Z   PASS AggregateScalarization.sx
2026-09-12T01:39:32.6172580Z     protects: value aggregate copies, field updates and returns reduce to scalar leaves
2026-09-12T01:39:32.6174200Z     contract: update value-aggregate operations 14 -> 3
2026-09-12T01:39:32.6175840Z     binaries: Debug 16631 bytes, Release 12440 bytes
2026-09-12T01:39:32.7656880Z   PASS ReferenceDeadStores.sx
2026-09-12T01:39:32.7658720Z     protects: exact reference stores are eliminated while a possibly aliasing observation remains
2026-09-12T01:39:32.7660370Z     contract: overwrite reference stores 2 -> 1; observed retains 1 load(s) and 2 store(s)
2026-09-12T01:39:32.7667420Z     counter: disabling reference_memory_elision retains 2 memory operation(s) versus 1 in overwrite; guards 0/0
2026-09-12T01:39:32.7669100Z     binaries: Debug 16631 bytes, Release 12440 bytes
2026-09-12T01:39:32.9087680Z   PASS MutableViewMemory.sx
2026-09-12T01:39:32.9094900Z     protects: exact mutable-view stores and loads coalesce without removing the surviving bounds guard
2026-09-12T01:39:32.9097090Z     contract: rewrite view loads 5 -> 0, stores 2 -> 1, 1 guard(s) retained
2026-09-12T01:39:32.9099260Z     counter: disabling reference_memory_elision retains 3 memory operation(s) versus 1 in rewrite; guards 3/1
2026-09-12T01:39:32.9100830Z     binaries: Debug 16631 bytes, Release 12440 bytes
2026-09-12T01:39:33.0398060Z   PASS OwningCollectionCopy.sx
2026-09-12T01:39:33.0398940Z     protects: known owning-list values forward while copy-on-write mutation remains explicit
2026-09-12T01:39:33.0399980Z     contract: main owning loads 4 -> 0, 1 mutation(s) and 0 guard(s) retained
2026-09-12T01:39:33.0401100Z     counter: disabling reference_memory_elision retains 3 memory operation(s) versus 1 in main; guards 3/0
2026-09-12T01:39:33.0402080Z     binaries: Debug 16631 bytes, Release 12440 bytes
2026-09-12T01:39:33.3217360Z   PASS Regressions/AggregateFieldStores.sx
2026-09-12T01:39:33.3218650Z     protects: scalar field reads and writes preserve snapshots, alias mutations across calls and loops, and owning collection copies
2026-09-12T01:39:33.3219840Z     binaries: Debug 45311 bytes, Release 32952 bytes
2026-09-12T01:39:33.4796650Z   PASS Regressions/CheckedMemoryLanes.sx
2026-09-12T01:39:33.4797600Z     protects: checked aggregate loads, independent arithmetic lanes, branches and borrowed writes
2026-09-12T01:39:33.4798600Z     binaries: Debug 33023 bytes, Release 24760 bytes
2026-09-12T01:39:33.6569580Z   PASS Regressions/AggregateControlFlow.sx
2026-09-12T01:39:33.6570960Z     protects: immutable aggregate projections across branches and loops preserve snapshots and joined returns
2026-09-12T01:39:33.6572460Z     binaries: Debug 20735 bytes, Release 12440 bytes
2026-09-12T01:39:33.8070490Z   PASS Regressions/FloatSsaDiamond.sx
2026-09-12T01:39:33.8071780Z     protects: float32 and float64 local values preserve both incoming edges of an SSA diamond
2026-09-12T01:39:33.8073010Z     binaries: Debug 20735 bytes, Release 16536 bytes
2026-09-12T01:39:33.9395440Z   PASS Regressions/FloatSsaLoop.sx
2026-09-12T01:39:33.9396720Z     protects: float32 and float64 local recurrences preserve entry and back-edge values
2026-09-12T01:39:33.9397880Z     binaries: Debug 16631 bytes, Release 12440 bytes
2026-09-12T01:39:34.0926170Z   PASS Regressions/BooleanSharedChain.sx
2026-09-12T01:39:34.0926960Z     protects: shared boolean-chain blocks and reused branch values
2026-09-12T01:39:34.0927660Z     contract: hot_chain blocks 13 -> 8
2026-09-12T01:39:34.0928210Z     binaries: Debug 16631 bytes, Release 12440 bytes
2026-09-12T01:39:34.2223810Z   PASS Regressions/SsaValueFacts.sx
2026-09-12T01:39:34.2224750Z     protects: unanimous SSA joins propagate exact constants while divergent joins retain their control
2026-09-12T01:39:34.2225770Z     contract: unanimous branches 2 -> 1, arithmetic 1 -> 0
2026-09-12T01:39:34.2227090Z     counter: disabling ssa_value_simplification retains 2 branches and 1 arithmetic operation(s), versus 1 and 0
2026-09-12T01:39:34.2228170Z     binaries: Debug 16631 bytes, Release 12440 bytes
2026-09-12T01:39:34.3497430Z   PASS Regressions/SsaCriticalEdge.sx
2026-09-12T01:39:34.3498400Z     protects: float32 and float64 locals cross a critical edge without memory traffic or a synthetic block
2026-09-12T01:39:34.3499620Z     contract: choose64 local operations 3 -> 0, blocks 4 -> 3
2026-09-12T01:39:34.3500640Z     counter: disabling ssa_promotion_post retains 3 local operation(s) versus 0, with blocks 3 versus 3
2026-09-12T01:39:34.3501610Z     binaries: Debug 16631 bytes, Release 12440 bytes
2026-09-12T01:39:34.4797510Z   PASS Regressions/SsaForwardedPhiLoop.sx
2026-09-12T01:39:34.4798580Z     protects: a loop-carried float value crosses an inner forwarding join without falling back to local storage
2026-09-12T01:39:34.4799690Z     contract: accumulate local operations 9 -> 0, blocks 7 -> 6
2026-09-12T01:39:34.4800730Z     counter: disabling ssa_promotion_post retains 4 local operation(s) versus 0, with blocks 6 versus 6
2026-09-12T01:39:34.4801700Z     binaries: Debug 16631 bytes, Release 12440 bytes
2026-09-12T01:39:34.6174460Z   PASS Regressions/SsaDistinctPhiLoop.sx
2026-09-12T01:39:34.6175490Z     protects: a float recurrence keeps distinct loop and branch joins without falling back to local storage
2026-09-12T01:39:34.6176930Z     contract: accumulate local operations 13 -> 0, blocks 7 -> 7
2026-09-12T01:39:34.6177980Z     counter: disabling ssa_promotion_post retains 8 local operation(s) versus 0, with blocks 7 versus 7
2026-09-12T01:39:34.6179050Z     binaries: Debug 16631 bytes, Release 12440 bytes
2026-09-12T01:39:34.7481700Z   PASS Regressions/IntegerConversionConstants.sx
2026-09-12T01:39:34.7483040Z     protects: unanimous integer facts cross representable conversions and expose dependent constant arithmetic
2026-09-12T01:39:34.7484140Z     contract: joined conversions 5 -> 0, arithmetic 4 -> 0
2026-09-12T01:39:34.7485650Z     counter: disabling ssa_value_simplification retains 1 conversions and 1 arithmetic operation(s), versus 0 and 0
2026-09-12T01:39:34.7486770Z     binaries: Debug 16631 bytes, Release 12440 bytes
2026-09-12T01:39:34.8775260Z   PASS Regressions/IntegerShiftConstants.sx
2026-09-12T01:39:34.8776320Z     protects: unanimous integer and count facts fold valid shifts while invalid counts preserve their failure
2026-09-12T01:39:34.8818570Z     contract: shifted branches 2 -> 1, arithmetic 3 -> 0
2026-09-12T01:39:34.8819800Z     counter: disabling ssa_value_simplification retains 2 branches and 3 arithmetic operation(s), versus 1 and 0
2026-09-12T01:39:34.8820860Z     binaries: Debug 16631 bytes, Release 12440 bytes
2026-09-12T01:39:35.0197500Z   PASS Regressions/IntegerRangeChecks.sx
2026-09-12T01:39:35.0198610Z     protects: dominating and loop-carried bounds remove only proven overflow and conversion checks
2026-09-12T01:39:35.0200140Z     contract: increment, decrement, widen_unsigned, shift_bounded, accumulate proven checks 12 -> 0; 1 unproven check(s) retained
2026-09-12T01:39:35.0201630Z     counter: disabling value_range_analysis retains 10 proven check(s) versus 0; unproven checks remain 1/1
2026-09-12T01:39:35.0203110Z     binaries: Debug 20735 bytes, Release 12440 bytes
2026-09-12T01:39:35.1473630Z   PASS Regressions/ConstantDivision.sx
2026-09-12T01:39:35.1474810Z     protects: signed and unsigned constant division, including powers of two, preserves all Silex integer widths on native backends
2026-09-12T01:39:35.1475960Z     binaries: Debug 28927 bytes, Release 16536 bytes
2026-09-12T01:39:35.2732770Z   PASS Regressions/X64RegionalBarriers.sx
2026-09-12T01:39:35.2733920Z     protects: a hot X64 scalar loop retains volatile registers while aggregate construction and a direct call remain stack barriers
2026-09-12T01:39:35.2735860Z     contract: integrate X64 regional residence 13/15, 2 spilled values, 4 frame slots/32 bytes, loop stack 0 load/0 store, barriers 1 direct/0 indirect call and 2 aggregate leaf slots
2026-09-12T01:39:35.2737290Z     binaries: Debug 16631 bytes, Release 12440 bytes
2026-09-12T01:39:35.3996710Z   PASS Regressions/X64IndirectAggregate.sx
2026-09-12T01:39:35.3997680Z     protects: a hot X64 scalar loop retains registers before a wide aggregate and indirect call barrier
2026-09-12T01:39:35.3999400Z     contract: integrate X64 regional residence 14/20, 6 spilled values, 8 frame slots/64 bytes, loop stack 0 load/0 store, barriers 0 direct/1 indirect call and 4 aggregate leaf slots
2026-09-12T01:39:35.4000850Z     binaries: Debug 16631 bytes, Release 12440 bytes
2026-09-12T01:39:35.5397760Z   PASS Regressions/ArrayStorageAccess.sx
2026-09-12T01:39:35.5398710Z     protects: fixed, dynamic, nested, and aggregate collection storage
2026-09-12T01:39:35.5399650Z     binaries: Debug 28927 bytes, Release 24760 bytes
2026-09-12T01:40:12.8909090Z   PASS Regressions/BoundedCollectionLoop.sx
2026-09-12T01:40:12.8909930Z     protects: proven zero-origin collection traversal without weakening other bounds checks
2026-09-12T01:40:12.8911320Z     contract: sum checked collection loads 1 -> 0
2026-09-12T01:40:12.8912230Z     binaries: Debug 16631 bytes, Release 12440 bytes
2026-09-12T01:40:13.0179410Z   PASS Regressions/SequentialBoundedLoops.sx
2026-09-12T01:40:13.0180290Z     protects: zero-origin recovery after a sequential loop resets its reused induction variable
2026-09-12T01:40:13.0181210Z     contract: sum_sequential checked collection loads 2 -> 1
2026-09-12T01:40:13.0190930Z     binaries: Debug 16631 bytes, Release 12440 bytes
2026-09-12T01:41:31.8287370Z   PASS Regressions/DenseScalarLoop.sx
2026-09-12T01:41:31.8288180Z     protects: class count accessor inlining and redundant scalar loads inside a dense loop
2026-09-12T01:41:31.8289070Z     contract: integrate collection loads 4 -> 2, calls 1 -> 0
2026-09-12T01:41:31.8289690Z     binaries: Debug 37119 bytes, Release 32952 bytes
2026-09-12T01:41:31.9789610Z   PASS Regressions/LoopExitFloatLaneXY.sx
2026-09-12T01:41:31.9792360Z     protects: XY loop recurrences become stable vectorizable snapshots after loop exit
2026-09-12T01:41:31.9794070Z     contract: finish SLP width 2 (required >= 2), ARM64 pairs 15 (required=yes), X64 pairs 0 (required=no)
2026-09-12T01:41:31.9794970Z     binaries: Debug 16631 bytes, Release 12440 bytes
2026-09-12T01:41:32.1129930Z   PASS Regressions/FloatLaneXYZ.sx
2026-09-12T01:41:32.1130740Z     protects: portable XYZ lane grouping through loads and arithmetic
2026-09-12T01:41:32.1131870Z     contract: transform SLP width 3 (required >= 3), ARM64 pairs 3 (required=no), X64 pairs 0 (required=no)
2026-09-12T01:41:32.1133100Z     binaries: Debug 16631 bytes, Release 12440 bytes
2026-09-12T01:41:32.2662950Z   PASS Regressions/LoopExitFloatLaneXYZW.sx
2026-09-12T01:41:32.2663900Z     protects: XYZW loop recurrences become two stable vectorizable pairs after loop exit
2026-09-12T01:41:32.2665430Z     contract: finish SLP width 4 (required >= 4), ARM64 pairs 30 (required=yes), X64 pairs 0 (required=no)
2026-09-12T01:41:32.2666360Z     binaries: Debug 20735 bytes, Release 12440 bytes
2026-09-12T01:41:32.3992740Z   PASS Regressions/TextOutputIntegrity.sx
2026-09-12T01:41:32.3995240Z     protects: complete text output through branches and collection iteration
2026-09-12T01:41:32.3996050Z     binaries: Debug 16631 bytes, Release 12440 bytes
2026-09-12T01:41:32.5538750Z   PASS Regressions/BoidsKernel.sx
2026-09-12T01:41:32.5539740Z     protects: boids-like arrays, shared boolean chains, and native XY/Z realization
2026-09-12T01:41:32.5541020Z     contract: steer SLP width 3 (required >= 3), ARM64 pairs 15 (required=yes), X64 pairs 6 (required=yes)
2026-09-12T01:41:32.5541910Z     binaries: Debug 37119 bytes, Release 32952 bytes
2026-09-12T01:41:32.7103880Z   PASS Regressions/Boids2DSteering.sx
2026-09-12T01:41:32.7105260Z     protects: aggregate vector parameters keep pointer-terminated collection cursors disjoint from cached float literals
2026-09-12T01:41:32.7106320Z     binaries: Debug 20735 bytes, Release 16536 bytes
2026-09-12T01:41:32.8425830Z   PASS Regressions/ReversedFloatRecurrence.sx
2026-09-12T01:41:32.8426800Z     protects: reversed float recurrence copies preserve lane order and exact unaligned compact-field loads
2026-09-12T01:41:32.8427750Z     binaries: Debug 33023 bytes, Release 28856 bytes
2026-09-12T01:41:33.0035230Z   PASS Regressions/CollectionCursor.sx
2026-09-12T01:41:33.0036280Z     protects: a generic unit-stride float collection loop retains a post-indexed pointer-terminated cursor
2026-09-12T01:41:33.0037690Z     contract: accumulate ARM64 cursor post-indexed=yes, pointer-terminated=yes
2026-09-12T01:41:33.0038560Z     binaries: Debug 33023 bytes, Release 28856 bytes
2026-09-12T01:41:33.1366780Z   PASS Regressions/ReferenceCursorReuse.sx
2026-09-12T01:41:33.1368320Z     protects: ascending mutable view references preserve checked bounds and reuse stable element addresses across field writes
2026-09-12T01:41:33.1369800Z     binaries: Debug 20735 bytes, Release 16536 bytes
2026-09-12T01:41:33.2710420Z   PASS Regressions/MultipleReferenceCursors.sx
2026-09-12T01:41:33.2712360Z     protects: independent mutable views carry every checked ascending element address in one loop
2026-09-12T01:41:33.2714460Z     contract: shift ARM64 reference cursors unchecked=0, checked=2
2026-09-12T01:41:33.2716080Z     binaries: Debug 20735 bytes, Release 16536 bytes
2026-09-12T01:41:33.4487390Z   PASS Regressions/AggregateParameterResidence.sx
2026-09-12T01:41:33.4489180Z     protects: read-only aggregate parameters keep scalar leaves in ARM64 registers unless storage is required
2026-09-12T01:41:33.4491760Z     contract: evaluate ARM64 aggregate parameter residence 12/12
2026-09-12T01:41:33.4493410Z     binaries: Debug 16631 bytes, Release 12440 bytes
2026-09-12T01:41:33.5930740Z   PASS Regressions/LoopForms.sx
2026-09-12T01:41:33.5932980Z     protects: signed and unsigned inductions, nested control, break, continue, dynamic bounds, strided access and contiguous recurrence
2026-09-12T01:41:33.5934790Z     binaries: Debug 33023 bytes, Release 28856 bytes
2026-09-12T01:41:33.7431790Z   PASS Regressions/CallEffectsInlining.sx
2026-09-12T01:41:33.7433500Z     protects: small reference and checked-view callees inline into the final caller without losing their memory effects
2026-09-12T01:41:33.7435410Z     contract: main calls 2 -> 0, reference stores 1 -> 0 after scalar replacement
2026-09-12T01:41:33.7437170Z     counter: disabling value_inlining retains 2 call(s) versus 0 in main
2026-09-12T01:41:33.7438830Z     binaries: Debug 16631 bytes, Release 12440 bytes
2026-09-12T01:41:33.9199580Z   PASS Regressions/BranchingReferenceInlining.sx
2026-09-12T01:41:33.9200820Z     protects: branching reference callees inline at hot loop sites while preserving their writes
2026-09-12T01:41:33.9202640Z     contract: main calls 1 -> 0, reference stores 2 -> 2 after scalar replacement
2026-09-12T01:41:33.9204330Z     counter: disabling value_inlining retains 1 call(s) versus 0 in main
2026-09-12T01:41:33.9205150Z     binaries: Debug 16631 bytes, Release 12440 bytes
2026-09-12T01:41:36.3192860Z   PASS Regressions/PureMathReferenceInlining.sx
2026-09-12T01:41:36.3196480Z     protects: proven pure scalar-math effects remain exact while a native call barrier stays outside a branching reference caller
2026-09-12T01:41:36.3198710Z     contract: main calls 1 -> 1, reference stores 4 -> 4 after scalar replacement
2026-09-12T01:41:36.3199960Z     binaries: Debug 20790 bytes, Release 16686 bytes
2026-09-12T01:41:37.9636150Z   PASS Regressions/HotReferenceLeafClosure.sx
2026-09-12T01:41:37.9637340Z     protects: a pressure-heavy hot set of reference leaf callees stays out of line until expanded caller residences are proven profitable
2026-09-12T01:41:37.9638660Z     contract: integrate calls 2 -> 2, reference stores 9 -> 9 after scalar replacement
2026-09-12T01:41:37.9639550Z     binaries: Debug 37225 bytes, Release 29033 bytes
2026-09-12T01:41:38.1343720Z   PASS Regressions/DynamicFieldClearAppend.sx
2026-09-12T01:41:38.1344740Z     protects: a loop-local class call bound stays defined before clearing and rebuilding a dynamic field
2026-09-12T01:41:38.1345880Z     binaries: Debug 45311 bytes, Release 41176 bytes
2026-09-12T01:41:46.7768840Z qualified: 64 integer failures with ordered output in Debug/Release
2026-09-12T01:41:51.8157200Z qualified: 43 numeric conversions with exact values and diagnostics in Debug/Release
2026-09-12T01:41:51.9501210Z qualified: 57 fixed regressions and 8 generated native scenarios
2026-09-12T01:41:53.3387340Z ##[group]Run actions/checkout@v6
2026-09-12T01:41:53.3387890Z with:
2026-09-12T01:41:53.3388500Z   ref: 901c6f5594841a277da00c53c29051bb7ab23076
2026-09-12T01:41:53.3388980Z   path: Baseline
2026-09-12T01:41:53.3389320Z   repository: Matanek/Silex
2026-09-12T01:41:53.3393490Z   token: ***
2026-09-12T01:41:53.3393800Z   ssh-strict: true
2026-09-12T01:41:53.3394120Z   ssh-user: git
2026-09-12T01:41:53.3394450Z   persist-credentials: true
2026-09-12T01:41:53.3394830Z   clean: true
2026-09-12T01:41:53.3395170Z   sparse-checkout-cone-mode: true
2026-09-12T01:41:53.3395580Z   fetch-depth: 1
2026-09-12T01:41:53.3396030Z   fetch-tags: false
2026-09-12T01:41:53.3396560Z   show-progress: true
2026-09-12T01:41:53.3397170Z   lfs: false
2026-09-12T01:41:53.3397670Z   submodules: false
2026-09-12T01:41:53.3398300Z   set-safe-directory: true
2026-09-12T01:41:53.3399120Z   allow-unsafe-pr-checkout: false
2026-09-12T01:41:53.3400020Z ##[endgroup]
2026-09-12T01:41:54.1380990Z Syncing repository: Matanek/Silex
2026-09-12T01:41:54.1381900Z ##[group]Getting Git version info
2026-09-12T01:41:54.1382530Z Working directory is '/Users/runner/work/Silex/Silex/Baseline'
2026-09-12T01:41:54.1383490Z [command]/usr/local/bin/git version
2026-09-12T01:41:54.1519210Z git version 2.55.0
2026-09-12T01:41:54.1544270Z ##[endgroup]
2026-09-12T01:41:54.1566080Z Copying '/Users/runner/.gitconfig' to '/Users/runner/work/_temp/f969162c-f1e5-4e54-b90e-e9944de57a0a/.gitconfig'
2026-09-12T01:41:54.1568990Z Temporarily overriding HOME='/Users/runner/work/_temp/f969162c-f1e5-4e54-b90e-e9944de57a0a' before making global git config changes
2026-09-12T01:41:54.1570420Z Adding repository directory to the temporary git global config as a safe directory
2026-09-12T01:41:54.1575570Z [command]/usr/local/bin/git config --global --add safe.directory /Users/runner/work/Silex/Silex/Baseline
2026-09-12T01:41:54.1710870Z ##[group]Determining repository object format
2026-09-12T01:41:54.1712770Z ##[endgroup]
2026-09-12T01:41:54.1713480Z ##[group]Initializing the repository
2026-09-12T01:41:54.1719630Z [command]/usr/local/bin/git init /Users/runner/work/Silex/Silex/Baseline
2026-09-12T01:41:54.2237000Z hint: Using 'master' as the name for the initial branch. This default branch name
2026-09-12T01:41:54.2238050Z hint: will change to "main" in Git 3.0. To configure the initial branch name
2026-09-12T01:41:54.2239140Z hint: to use in all of your new repositories, which will suppress this warning,
2026-09-12T01:41:54.2239880Z hint: call:
2026-09-12T01:41:54.2240250Z hint:
2026-09-12T01:41:54.2240700Z hint: 	git config --global init.defaultBranch <name>
2026-09-12T01:41:54.2241340Z hint:
2026-09-12T01:41:54.2242540Z hint: Names commonly chosen instead of 'master' are 'main', 'trunk' and
2026-09-12T01:41:54.2243530Z hint: 'development'. The just-created branch can be renamed via this command:
2026-09-12T01:41:54.2244300Z hint:
2026-09-12T01:41:54.2244680Z hint: 	git branch -m <name>
2026-09-12T01:41:54.2245180Z hint:
2026-09-12T01:41:54.2245800Z hint: Disable this message with "git config set advice.defaultBranchName false"
2026-09-12T01:41:54.2247020Z Initialized empty Git repository in /Users/runner/work/Silex/Silex/Baseline/.git/
2026-09-12T01:41:54.2252660Z [command]/usr/local/bin/git remote add origin https://github.com/Matanek/Silex
2026-09-12T01:41:54.2369830Z ##[endgroup]
2026-09-12T01:41:54.2375380Z ##[group]Disabling automatic garbage collection
2026-09-12T01:41:54.2376070Z [command]/usr/local/bin/git config --local gc.auto 0
2026-09-12T01:41:54.2477900Z ##[endgroup]
2026-09-12T01:41:54.2478630Z ##[group]Setting up auth
2026-09-12T01:41:54.2479170Z Removing SSH command configuration
2026-09-12T01:41:54.2486660Z [command]/usr/local/bin/git config --local --name-only --get-regexp core\.sshCommand
2026-09-12T01:41:54.2579300Z [command]/usr/local/bin/git submodule foreach --recursive sh -c "git config --local --name-only --get-regexp 'core\.sshCommand' && git config --local --unset-all 'core.sshCommand' || :"
2026-09-12T01:41:54.4326350Z Removing HTTP extra header
2026-09-12T01:41:54.4332230Z [command]/usr/local/bin/git config --local --name-only --get-regexp http\.https\:\/\/github\.com\/\.extraheader
2026-09-12T01:41:54.4425740Z [command]/usr/local/bin/git submodule foreach --recursive sh -c "git config --local --name-only --get-regexp 'http\.https\:\/\/github\.com\/\.extraheader' && git config --local --unset-all 'http.https://github.com/.extraheader' || :"
2026-09-12T01:41:54.5688470Z Removing includeIf entries pointing to credentials config files
2026-09-12T01:41:54.5694910Z [command]/usr/local/bin/git config --local --name-only --get-regexp ^includeIf\.gitdir:
2026-09-12T01:41:54.5800690Z [command]/usr/local/bin/git submodule foreach --recursive git config --local --show-origin --name-only --get-regexp remote.origin.url
2026-09-12T01:41:54.7126190Z [command]/usr/local/bin/git config --file /Users/runner/work/_temp/git-credentials-e5839be2-d04a-406d-bf36-5085295b8f07.config http.https://github.com/.extraheader AUTHORIZATION: basic ***
2026-09-12T01:41:54.7260380Z [command]/usr/local/bin/git config --local includeIf.gitdir:/Users/runner/work/Silex/Silex/Baseline/.git.path /Users/runner/work/_temp/git-credentials-e5839be2-d04a-406d-bf36-5085295b8f07.config
2026-09-12T01:41:54.7373120Z [command]/usr/local/bin/git config --local includeIf.gitdir:/Users/runner/work/Silex/Silex/Baseline/.git/worktrees/*.path /Users/runner/work/_temp/git-credentials-e5839be2-d04a-406d-bf36-5085295b8f07.config
2026-09-12T01:41:54.8001510Z [command]/usr/local/bin/git config --local includeIf.gitdir:/github/workspace/Baseline/.git.path /github/runner_temp/git-credentials-e5839be2-d04a-406d-bf36-5085295b8f07.config
2026-09-12T01:41:54.8026590Z [command]/usr/local/bin/git config --local includeIf.gitdir:/github/workspace/Baseline/.git/worktrees/*.path /github/runner_temp/git-credentials-e5839be2-d04a-406d-bf36-5085295b8f07.config
2026-09-12T01:41:54.8036330Z ##[endgroup]
2026-09-12T01:41:54.8037060Z ##[group]Fetching the repository
2026-09-12T01:41:54.8038330Z [command]/usr/local/bin/git -c protocol.version=2 fetch --no-tags --prune --no-recurse-submodules --depth=1 origin 901c6f5594841a277da00c53c29051bb7ab23076
2026-09-12T01:41:56.4785470Z From https://github.com/Matanek/Silex
2026-09-12T01:41:56.4786200Z  * branch            901c6f5594841a277da00c53c29051bb7ab23076 -> FETCH_HEAD
2026-09-12T01:41:56.4799320Z [command]/usr/local/bin/git rev-parse --verify --quiet 901c6f5594841a277da00c53c29051bb7ab23076^{object}
2026-09-12T01:41:56.4895340Z 901c6f5594841a277da00c53c29051bb7ab23076
2026-09-12T01:41:56.4899360Z ##[endgroup]
2026-09-12T01:41:56.4900010Z ##[group]Determining the checkout info
2026-09-12T01:41:56.4900800Z ##[endgroup]
2026-09-12T01:41:56.4906780Z [command]/usr/local/bin/git sparse-checkout disable
2026-09-12T01:41:56.5021630Z [command]/usr/local/bin/git config --local --unset-all extensions.worktreeConfig
2026-09-12T01:41:56.5120640Z ##[group]Checking out the ref
2026-09-12T01:41:56.5126130Z [command]/usr/local/bin/git checkout --progress --force 901c6f5594841a277da00c53c29051bb7ab23076
2026-09-12T01:41:57.5919810Z Updating files:  73% (1754/2374)
2026-09-12T01:41:57.7436720Z Updating files:  74% (1757/2374)
2026-09-12T01:41:57.8314290Z Updating files:  75% (1781/2374)
2026-09-12T01:41:57.8341740Z Updating files:  76% (1805/2374)
2026-09-12T01:41:57.8372270Z Updating files:  77% (1828/2374)
2026-09-12T01:41:57.8384430Z Updating files:  78% (1852/2374)
2026-09-12T01:41:57.8440640Z Updating files:  79% (1876/2374)
2026-09-12T01:41:57.8453640Z Updating files:  80% (1900/2374)
2026-09-12T01:41:57.8469420Z Updating files:  81% (1923/2374)
2026-09-12T01:41:57.8472070Z Updating files:  82% (1947/2374)
2026-09-12T01:41:57.8474340Z Updating files:  83% (1971/2374)
2026-09-12T01:41:57.8599850Z Updating files:  84% (1995/2374)
2026-09-12T01:41:57.8807440Z Updating files:  85% (2018/2374)
2026-09-12T01:41:57.8887800Z Updating files:  86% (2042/2374)
2026-09-12T01:41:57.8933570Z Updating files:  87% (2066/2374)
2026-09-12T01:41:57.8982930Z Updating files:  88% (2090/2374)
2026-09-12T01:41:57.9318020Z Updating files:  89% (2113/2374)
2026-09-12T01:41:57.9793120Z Updating files:  90% (2137/2374)
2026-09-12T01:41:57.9816050Z Updating files:  91% (2161/2374)
2026-09-12T01:41:57.9936690Z Updating files:  92% (2185/2374)
2026-09-12T01:41:58.0024010Z Updating files:  93% (2208/2374)
2026-09-12T01:41:58.0157690Z Updating files:  94% (2232/2374)
2026-09-12T01:41:58.0266090Z Updating files:  95% (2256/2374)
2026-09-12T01:41:58.0381460Z Updating files:  96% (2280/2374)
2026-09-12T01:41:58.0487820Z Updating files:  97% (2303/2374)
2026-09-12T01:41:58.0608140Z Updating files:  98% (2327/2374)
2026-09-12T01:41:58.0814720Z Updating files:  99% (2351/2374)
2026-09-12T01:41:58.0816750Z Updating files: 100% (2374/2374)
2026-09-12T01:41:58.0818170Z Updating files: 100% (2374/2374), done.
2026-09-12T01:41:58.0916550Z HEAD is now at 901c6f5 perf(x64): retain integer state in mixed numeric loops
2026-09-12T01:41:58.1292180Z ##[endgroup]
2026-09-12T01:41:58.1466540Z [command]/usr/local/bin/git log -1 --format=%H
2026-09-12T01:41:58.1610100Z 901c6f5594841a277da00c53c29051bb7ab23076
2026-09-12T01:41:58.2051480Z ##[group]Run set -euo pipefail
2026-09-12T01:41:58.2052420Z [36;1mset -euo pipefail[0m
2026-09-12T01:41:58.2053110Z [36;1m[[ "$BASELINE_REF" =~ ^[0-9a-f]{40}$ ]][0m
2026-09-12T01:41:58.2053860Z [36;1mtest "$(git -C ../Baseline rev-parse HEAD)" = "$BASELINE_REF"[0m
2026-09-12T01:41:58.2054730Z [36;1mzig build -Doptimize=ReleaseFast -Dcpu=baseline \[0m
2026-09-12T01:41:58.2055410Z [36;1m  --build-file ../Baseline/Toolchain/build.zig \[0m
2026-09-12T01:41:58.2056300Z [36;1m  --prefix "$RUNNER_TEMP/silex-baseline-prefix" \[0m
2026-09-12T01:41:58.2057220Z [36;1m  2>&1 | tee .zig-cache/optimizer-x64/baseline-build.log[0m
2026-09-12T01:41:58.2058350Z [36;1mbaseline_output="$GITHUB_WORKSPACE/Toolchain/.zig-cache/benchmark-before"[0m
2026-09-12T01:41:58.2059110Z [36;1mmkdir -p "$baseline_output"[0m
2026-09-12T01:41:58.2059610Z [36;1mcd "$GITHUB_WORKSPACE"[0m
2026-09-12T01:41:58.2060130Z [36;1mfor workload in Arithmetic Objects Flocking; do[0m
2026-09-12T01:41:58.2060850Z [36;1m  stem=$(echo "$workload" | tr '[:upper:]' '[:lower:]')[0m
2026-09-12T01:41:58.2061600Z [36;1m  "$RUNNER_TEMP/silex-baseline-prefix/bin/silex" compile \[0m
2026-09-12T01:41:58.2062660Z [36;1m    "$GITHUB_WORKSPACE/Toolchain/Benchmarks/Native/$workload.sx" \[0m
2026-09-12T01:41:58.2063680Z [36;1m    --release --nocache -o "$baseline_output/$stem-release"[0m
2026-09-12T01:41:58.2064520Z [36;1mdone[0m
2026-09-12T01:41:58.2256680Z shell: /bin/bash --noprofile --norc -e -o pipefail {0}
2026-09-12T01:41:58.2257230Z env:
2026-09-12T01:41:58.2257820Z   BASELINE_REF: 901c6f5594841a277da00c53c29051bb7ab23076
2026-09-12T01:41:58.2259670Z ##[endgroup]
2026-09-12T01:47:33.1854670Z ##[group]Run set -euo pipefail
2026-09-12T01:47:33.1861660Z [36;1mset -euo pipefail[0m
2026-09-12T01:47:33.1862740Z [36;1mset -o pipefail[0m
2026-09-12T01:47:33.1863920Z [36;1mpython3 -m unittest discover -s Benchmarks/Native -p 'test_campaign.py'[0m
2026-09-12T01:47:33.1865990Z [36;1mzig build benchmark-native -Doptimize=ReleaseFast -Dcpu=baseline 2>&1 | tee .zig-cache/optimizer-x64/benchmark-build.log[0m
2026-09-12T01:47:33.1868000Z [36;1mbaseline_args=()[0m
2026-09-12T01:47:33.1874840Z [36;1mif [ -n "$BASELINE_REF" ]; then[0m
2026-09-12T01:47:33.1881640Z [36;1m  baseline_args=(--baseline-directory .zig-cache/benchmark-before --baseline-sha "$BASELINE_REF")[0m
2026-09-12T01:47:33.1883390Z [36;1mfi[0m
2026-09-12T01:47:33.1884030Z [36;1mpython3 Benchmarks/Native/campaign.py \[0m
2026-09-12T01:47:33.1885010Z [36;1m  .zig-cache/benchmark-native \[0m
2026-09-12T01:47:33.1885760Z [36;1m  .zig-cache/optimizer-x64/campaign.json \[0m
2026-09-12T01:47:33.1886780Z [36;1m  --samples 21 \[0m
2026-09-12T01:47:33.1940540Z [36;1m  --warmups 6 \[0m
2026-09-12T01:47:33.1941960Z [36;1m  --candidate-sha "$(git -C .. rev-parse HEAD)" \[0m
2026-09-12T01:47:33.1943350Z [36;1m  --require-native-x64 \[0m
2026-09-12T01:47:33.1944260Z [36;1m  --require-parity "${baseline_args[@]}"[0m
2026-09-12T01:47:33.1945290Z [36;1mcat .zig-cache/optimizer-x64/campaign.json[0m
2026-09-12T01:47:33.2067200Z shell: /bin/bash --noprofile --norc -e -o pipefail {0}
2026-09-12T01:47:33.2068470Z env:
2026-09-12T01:47:33.2069490Z   BASELINE_REF: 901c6f5594841a277da00c53c29051bb7ab23076
2026-09-12T01:47:33.2070210Z ##[endgroup]
2026-09-12T01:47:34.1065740Z .......
2026-09-12T01:47:34.1066850Z ----------------------------------------------------------------------
2026-09-12T01:47:34.1068140Z Ran 7 tests in 0.019s
2026-09-12T01:47:34.1068880Z 
2026-09-12T01:47:34.1069290Z OK
2026-09-12T01:47:58.7341620Z Silex native benchmark
2026-09-12T01:47:58.7343580Z host: Darwin-x86_64
2026-09-12T01:47:58.7345760Z clang: Apple clang version 17.0.0 (clang-1700.0.13.5)
2026-09-12T01:47:58.7348070Z references: clang=-O2/native-layout; clang-o3-slot8=-O3/8-byte-fields
2026-09-12T01:47:58.7350570Z workload: Arithmetic
2026-09-12T01:47:58.7352080Z result: 143997165
2026-09-12T01:47:58.7354820Z sizes:
2026-09-12T01:47:58.7356640Z    16631 .zig-cache/benchmark-native/arithmetic-debug
2026-09-12T01:47:58.7357850Z    12440 .zig-cache/benchmark-native/arithmetic-release
2026-09-12T01:47:58.7359140Z     8496 .zig-cache/benchmark-native/arithmetic-clang
2026-09-12T01:47:58.7360980Z     8496 .zig-cache/benchmark-native/arithmetic-clang-o3-slot8
2026-09-12T01:47:58.7361910Z    46063 total
2026-09-12T01:47:58.7362550Z compile times:
2026-09-12T01:47:58.7362930Z   debug real 0.27
2026-09-12T01:47:58.7363770Z   debug user 0.12
2026-09-12T01:47:58.7364420Z   debug sys 0.12
2026-09-12T01:47:58.7365210Z   release real 0.02
2026-09-12T01:47:58.7366010Z   release user 0.01
2026-09-12T01:47:58.7366490Z   release sys 0.01
2026-09-12T01:47:58.7366960Z   clang real 2.50
2026-09-12T01:47:58.7367360Z   clang user 0.15
2026-09-12T01:47:58.7367770Z   clang sys 2.12
2026-09-12T01:47:58.7368290Z   clang-o3-slot8 real 0.18
2026-09-12T01:47:58.7369180Z   clang-o3-slot8 user 0.13
2026-09-12T01:47:58.7370060Z   clang-o3-slot8 sys 0.07
2026-09-12T01:47:58.7370530Z run times:
2026-09-12T01:47:58.7370900Z   debug real 0.01
2026-09-12T01:47:58.7371310Z   debug user 0.00
2026-09-12T01:47:58.7371770Z   debug sys 0.00
2026-09-12T01:47:58.7372150Z   release real 0.00
2026-09-12T01:47:58.7372540Z   release user 0.00
2026-09-12T01:47:58.7372910Z   release sys 0.00
2026-09-12T01:47:58.7373540Z   clang real 0.00
2026-09-12T01:47:58.7374260Z   clang user 0.00
2026-09-12T01:47:58.7374900Z   clang sys 0.00
2026-09-12T01:47:58.7375780Z   clang-o3-slot8 real 0.00
2026-09-12T01:47:58.7376890Z   clang-o3-slot8 user 0.00
2026-09-12T01:47:58.7377430Z   clang-o3-slot8 sys 0.00
2026-09-12T01:47:58.7378910Z references: clang=-O2/native-layout; clang-o3-slot8=-O3/8-byte-fields
2026-09-12T01:47:58.7381890Z workload: Objects
2026-09-12T01:47:58.7382400Z result: 6000000
2026-09-12T01:47:58.7382780Z sizes:
2026-09-12T01:47:58.7383420Z    33023 .zig-cache/benchmark-native/objects-debug
2026-09-12T01:47:58.7384940Z    28856 .zig-cache/benchmark-native/objects-release
2026-09-12T01:47:58.7385740Z     8584 .zig-cache/benchmark-native/objects-clang
2026-09-12T01:47:58.7386670Z     8584 .zig-cache/benchmark-native/objects-clang-o3-slot8
2026-09-12T01:47:58.7387500Z    79047 total
2026-09-12T01:47:58.7389040Z compile times:
2026-09-12T01:47:58.7389560Z   debug real 0.14
2026-09-12T01:47:58.7390110Z   debug user 0.07
2026-09-12T01:47:58.7391060Z   debug sys 0.06
2026-09-12T01:47:58.7392010Z   release real 0.06
2026-09-12T01:47:58.7393100Z   release user 0.01
2026-09-12T01:47:58.7394360Z   release sys 0.01
2026-09-12T01:47:58.7395350Z   clang real 1.56
2026-09-12T01:47:58.7396680Z   clang user 0.76
2026-09-12T01:47:58.7397350Z   clang sys 0.45
2026-09-12T01:47:58.7398540Z   clang-o3-slot8 real 0.72
2026-09-12T01:47:58.7399650Z   clang-o3-slot8 user 0.65
2026-09-12T01:47:58.7400850Z   clang-o3-slot8 sys 0.09
2026-09-12T01:47:58.7401950Z run times:
2026-09-12T01:47:58.7402830Z   debug real 0.03
2026-09-12T01:47:58.7403500Z   debug user 0.03
2026-09-12T01:47:58.7404010Z   debug sys 0.00
2026-09-12T01:47:58.7405020Z   release real 0.01
2026-09-12T01:47:58.7406190Z   release user 0.00
2026-09-12T01:47:58.7407460Z   release sys 0.00
2026-09-12T01:47:58.7408650Z   clang real 0.00
2026-09-12T01:47:58.7409590Z   clang user 0.00
2026-09-12T01:47:58.7410150Z   clang sys 0.00
2026-09-12T01:47:58.7411250Z   clang-o3-slot8 real 0.00
2026-09-12T01:47:58.7411970Z   clang-o3-slot8 user 0.00
2026-09-12T01:47:58.7412910Z   clang-o3-slot8 sys 0.00
2026-09-12T01:47:58.7413780Z references: clang=-O2/native-layout; clang-o3-slot8=-O3/8-byte-fields
2026-09-12T01:47:58.7414820Z workload: Flocking
2026-09-12T01:47:58.7415610Z result: true
2026-09-12T01:47:58.7417380Z sizes:
2026-09-12T01:47:58.7418580Z    28927 .zig-cache/benchmark-native/flocking-debug
2026-09-12T01:47:58.7420680Z    20664 .zig-cache/benchmark-native/flocking-release
2026-09-12T01:47:58.7422820Z     9904 .zig-cache/benchmark-native/flocking-clang
2026-09-12T01:47:58.7424600Z    14000 .zig-cache/benchmark-native/flocking-clang-o3-slot8
2026-09-12T01:47:58.7425620Z    73495 total
2026-09-12T01:47:58.7426310Z compile times:
2026-09-12T01:47:58.7426980Z   debug real 0.12
2026-09-12T01:47:58.7427380Z   debug user 0.07
2026-09-12T01:47:58.7427760Z   debug sys 0.04
2026-09-12T01:47:58.7428310Z   release real 0.10
2026-09-12T01:47:58.7428830Z   release user 0.04
2026-09-12T01:47:58.7429220Z   release sys 0.01
2026-09-12T01:47:58.7429720Z   clang real 0.85
2026-09-12T01:47:58.7430240Z   clang user 0.74
2026-09-12T01:47:58.7430630Z   clang sys 0.13
2026-09-12T01:47:58.7431020Z   clang-o3-slot8 real 0.74
2026-09-12T01:47:58.7431460Z   clang-o3-slot8 user 0.67
2026-09-12T01:47:58.7431900Z   clang-o3-slot8 sys 0.09
2026-09-12T01:47:58.7432520Z run times:
2026-09-12T01:47:58.7433360Z   debug real 3.80
2026-09-12T01:47:58.7434090Z   debug user 3.77
2026-09-12T01:47:58.7434970Z   debug sys 0.02
2026-09-12T01:47:58.7435860Z   release real 1.17
2026-09-12T01:47:58.7436520Z   release user 1.16
2026-09-12T01:47:58.7437420Z   release sys 0.01
2026-09-12T01:47:58.7438020Z   clang real 0.30
2026-09-12T01:47:58.7438410Z   clang user 0.29
2026-09-12T01:47:58.7438900Z   clang sys 0.01
2026-09-12T01:47:58.7439280Z   clang-o3-slot8 real 0.45
2026-09-12T01:47:58.7439720Z   clang-o3-slot8 user 0.44
2026-09-12T01:47:58.7440150Z   clang-o3-slot8 sys 0.00
2026-09-12T01:51:20.9939500Z optimizer X64 qualification: arithmetic: clang: clang spread exceeds 200000 ppm
2026-09-12T01:51:20.9941070Z optimizer X64 qualification: arithmetic: clang: clang_half_shift_ppm exceeds 100000 ppm
2026-09-12T01:51:20.9942420Z optimizer X64 qualification: arithmetic: clang: Silex/Clang upper bound exceeds 1000000 ppm
2026-09-12T01:51:20.9946230Z optimizer X64 qualification: arithmetic: clang-o3-slot8: clang_half_shift_ppm exceeds 100000 ppm
2026-09-12T01:51:20.9948520Z optimizer X64 qualification: arithmetic: clang-o3-slot8: Silex/Clang upper bound exceeds 1000000 ppm
2026-09-12T01:51:20.9949950Z optimizer X64 qualification: objects: clang: Silex/Clang upper bound exceeds 1000000 ppm
2026-09-12T01:51:20.9951300Z optimizer X64 qualification: objects: clang-o3-slot8: Silex/Clang upper bound exceeds 1000000 ppm
2026-09-12T01:51:20.9952490Z optimizer X64 qualification: flocking: clang: clang spread exceeds 200000 ppm
2026-09-12T01:51:20.9953810Z optimizer X64 qualification: flocking: clang: Silex/Clang upper bound exceeds 1000000 ppm
2026-09-12T01:51:20.9955840Z optimizer X64 qualification: flocking: clang-o3-slot8: Silex/Clang upper bound exceeds 1000000 ppm
2026-09-12T01:51:21.0299590Z ##[error]Process completed with exit code 1.
2026-09-12T01:51:21.1519790Z ##[group]Run actions/upload-artifact@v7
2026-09-12T01:51:21.1520940Z with:
2026-09-12T01:51:21.1522370Z   name: optimizer-x64-b8d01d73233a88a080170b53096f2a72bbd8d98e
2026-09-12T01:51:21.1527630Z   path: Toolchain/.zig-cache/optimizer-x64
Toolchain/.zig-cache/benchmark-native
Toolchain/.zig-cache/benchmark-before

2026-09-12T01:51:21.1535160Z   if-no-files-found: error
2026-09-12T01:51:21.1535770Z   retention-days: 14
2026-09-12T01:51:21.1543350Z   compression-level: 6
2026-09-12T01:51:21.1546460Z   overwrite: false
2026-09-12T01:51:21.1549680Z   include-hidden-files: false
2026-09-12T01:51:21.1551980Z   archive: true
2026-09-12T01:51:21.1552340Z ##[endgroup]
2026-09-12T01:51:22.1031580Z Multiple search paths detected. Calculating the least common ancestor of all paths
2026-09-12T01:51:22.1035170Z The least common ancestor is /Users/runner/work/Silex/Silex/Toolchain/.zig-cache. This will be the root directory of the artifact
2026-09-12T01:51:22.1037410Z With the provided path, there will be 48 files uploaded
2026-09-12T01:51:22.1038700Z Artifact name is valid!
2026-09-12T01:51:22.1039340Z Root directory input is valid!
2026-09-12T01:51:22.3404240Z Uploading artifact: optimizer-x64-b8d01d73233a88a080170b53096f2a72bbd8d98e.zip
2026-09-12T01:51:22.3452680Z Beginning upload of artifact content to blob storage
2026-09-12T01:51:22.9045430Z Uploaded bytes 69669
2026-09-12T01:51:22.9823940Z Finished uploading artifact content to blob storage!
2026-09-12T01:51:22.9825490Z SHA256 digest of uploaded artifact is 432eae5ec4f0b0fa482e4b309cfdb5318a8fef651e4d98ba92e5d320dabd8df1
2026-09-12T01:51:22.9827060Z Finalizing artifact upload
2026-09-12T01:51:23.4015000Z Artifact optimizer-x64-b8d01d73233a88a080170b53096f2a72bbd8d98e successfully finalized. Artifact ID 10289735715
2026-09-12T01:51:23.4025870Z Artifact optimizer-x64-b8d01d73233a88a080170b53096f2a72bbd8d98e has been successfully uploaded! Final size is 69669 bytes. Artifact ID is 10289735715
2026-09-12T01:51:23.4029800Z Artifact download URL: https://github.com/Matanek/Silex/actions/runs/34664959587/artifacts/10289735715
2026-09-12T01:51:23.4466600Z Post job cleanup.
2026-09-12T01:51:23.6377490Z [command]/usr/local/bin/git version
2026-09-12T01:51:23.6503640Z git version 2.55.0
2026-09-12T01:51:23.6546310Z Copying '/Users/runner/.gitconfig' to '/Users/runner/work/_temp/4dcc09e8-5762-407a-8099-48e8527a9c87/.gitconfig'
2026-09-12T01:51:23.6569160Z Temporarily overriding HOME='/Users/runner/work/_temp/4dcc09e8-5762-407a-8099-48e8527a9c87' before making global git config changes
2026-09-12T01:51:23.6571320Z Adding repository directory to the temporary git global config as a safe directory
2026-09-12T01:51:23.6574410Z [command]/usr/local/bin/git config --global --add safe.directory /Users/runner/work/Silex/Silex/Baseline
2026-09-12T01:51:23.6722810Z Removing SSH command configuration
2026-09-12T01:51:23.6735660Z [command]/usr/local/bin/git config --local --name-only --get-regexp core\.sshCommand
2026-09-12T01:51:23.6867570Z [command]/usr/local/bin/git submodule foreach --recursive sh -c "git config --local --name-only --get-regexp 'core\.sshCommand' && git config --local --unset-all 'core.sshCommand' || :"
2026-09-12T01:51:23.8645360Z Removing HTTP extra header
2026-09-12T01:51:23.8655970Z [command]/usr/local/bin/git config --local --name-only --get-regexp http\.https\:\/\/github\.com\/\.extraheader
2026-09-12T01:51:23.8797250Z [command]/usr/local/bin/git submodule foreach --recursive sh -c "git config --local --name-only --get-regexp 'http\.https\:\/\/github\.com\/\.extraheader' && git config --local --unset-all 'http.https://github.com/.extraheader' || :"
2026-09-12T01:51:24.0829780Z Removing includeIf entries pointing to credentials config files
2026-09-12T01:51:24.0836530Z [command]/usr/local/bin/git config --local --name-only --get-regexp ^includeIf\.gitdir:
2026-09-12T01:51:24.0928980Z includeif.gitdir:/Users/runner/work/Silex/Silex/Baseline/.git.path
2026-09-12T01:51:24.0930540Z includeif.gitdir:/Users/runner/work/Silex/Silex/Baseline/.git/worktrees/*.path
2026-09-12T01:51:24.0932060Z includeif.gitdir:/github/workspace/Baseline/.git.path
2026-09-12T01:51:24.0933250Z includeif.gitdir:/github/workspace/Baseline/.git/worktrees/*.path
2026-09-12T01:51:24.0940900Z [command]/usr/local/bin/git config --local --get-all includeif.gitdir:/Users/runner/work/Silex/Silex/Baseline/.git.path
2026-09-12T01:51:24.1037130Z /Users/runner/work/_temp/git-credentials-e5839be2-d04a-406d-bf36-5085295b8f07.config
2026-09-12T01:51:24.1053800Z [command]/usr/local/bin/git config --local --unset includeif.gitdir:/Users/runner/work/Silex/Silex/Baseline/.git.path /Users/runner/work/_temp/git-credentials-e5839be2-d04a-406d-bf36-5085295b8f07.config
2026-09-12T01:51:24.1181390Z [command]/usr/local/bin/git config --local --get-all includeif.gitdir:/Users/runner/work/Silex/Silex/Baseline/.git/worktrees/*.path
2026-09-12T01:51:24.1315330Z /Users/runner/work/_temp/git-credentials-e5839be2-d04a-406d-bf36-5085295b8f07.config
2026-09-12T01:51:24.1334420Z [command]/usr/local/bin/git config --local --unset includeif.gitdir:/Users/runner/work/Silex/Silex/Baseline/.git/worktrees/*.path /Users/runner/work/_temp/git-credentials-e5839be2-d04a-406d-bf36-5085295b8f07.config
2026-09-12T01:51:24.1489610Z [command]/usr/local/bin/git config --local --get-all includeif.gitdir:/github/workspace/Baseline/.git.path
2026-09-12T01:51:24.1598700Z /github/runner_temp/git-credentials-e5839be2-d04a-406d-bf36-5085295b8f07.config
2026-09-12T01:51:24.1617130Z [command]/usr/local/bin/git config --local --unset includeif.gitdir:/github/workspace/Baseline/.git.path /github/runner_temp/git-credentials-e5839be2-d04a-406d-bf36-5085295b8f07.config
2026-09-12T01:51:24.1766960Z [command]/usr/local/bin/git config --local --get-all includeif.gitdir:/github/workspace/Baseline/.git/worktrees/*.path
2026-09-12T01:51:24.1881190Z /github/runner_temp/git-credentials-e5839be2-d04a-406d-bf36-5085295b8f07.config
2026-09-12T01:51:24.1902250Z [command]/usr/local/bin/git config --local --unset includeif.gitdir:/github/workspace/Baseline/.git/worktrees/*.path /github/runner_temp/git-credentials-e5839be2-d04a-406d-bf36-5085295b8f07.config
2026-09-12T01:51:24.2018410Z [command]/usr/local/bin/git submodule foreach --recursive git config --local --show-origin --name-only --get-regexp remote.origin.url
2026-09-12T01:51:24.3703870Z Removing credentials config '/Users/runner/work/_temp/git-credentials-e5839be2-d04a-406d-bf36-5085295b8f07.config'
2026-09-12T01:51:24.4076920Z Post job cleanup.
2026-09-12T01:51:24.5720840Z [command]/usr/local/bin/git version
2026-09-12T01:51:24.5827810Z git version 2.55.0
2026-09-12T01:51:24.5876300Z Copying '/Users/runner/.gitconfig' to '/Users/runner/work/_temp/1cfa7637-9693-491e-8b60-5f53b7266f8b/.gitconfig'
2026-09-12T01:51:24.5900820Z Temporarily overriding HOME='/Users/runner/work/_temp/1cfa7637-9693-491e-8b60-5f53b7266f8b' before making global git config changes
2026-09-12T01:51:24.5903070Z Adding repository directory to the temporary git global config as a safe directory
2026-09-12T01:51:24.5911620Z [command]/usr/local/bin/git config --global --add safe.directory /Users/runner/work/Silex/Silex/Dependencies/STD
2026-09-12T01:51:24.6075320Z Removing SSH command configuration
2026-09-12T01:51:24.6088880Z [command]/usr/local/bin/git config --local --name-only --get-regexp core\.sshCommand
2026-09-12T01:51:24.6230050Z [command]/usr/local/bin/git submodule foreach --recursive sh -c "git config --local --name-only --get-regexp 'core\.sshCommand' && git config --local --unset-all 'core.sshCommand' || :"
2026-09-12T01:51:24.7546100Z Removing HTTP extra header
2026-09-12T01:51:24.7553500Z [command]/usr/local/bin/git config --local --name-only --get-regexp http\.https\:\/\/github\.com\/\.extraheader
2026-09-12T01:51:24.7669500Z [command]/usr/local/bin/git submodule foreach --recursive sh -c "git config --local --name-only --get-regexp 'http\.https\:\/\/github\.com\/\.extraheader' && git config --local --unset-all 'http.https://github.com/.extraheader' || :"
2026-09-12T01:51:24.9010040Z Removing includeIf entries pointing to credentials config files
2026-09-12T01:51:24.9019400Z [command]/usr/local/bin/git config --local --name-only --get-regexp ^includeIf\.gitdir:
2026-09-12T01:51:24.9143030Z includeif.gitdir:/Users/runner/work/Silex/Silex/Dependencies/STD/.git.path
2026-09-12T01:51:24.9144920Z includeif.gitdir:/Users/runner/work/Silex/Silex/Dependencies/STD/.git/worktrees/*.path
2026-09-12T01:51:24.9146430Z includeif.gitdir:/github/workspace/Dependencies/STD/.git.path
2026-09-12T01:51:24.9148220Z includeif.gitdir:/github/workspace/Dependencies/STD/.git/worktrees/*.path
2026-09-12T01:51:24.9160990Z [command]/usr/local/bin/git config --local --get-all includeif.gitdir:/Users/runner/work/Silex/Silex/Dependencies/STD/.git.path
2026-09-12T01:51:24.9276670Z /Users/runner/work/_temp/git-credentials-769a5405-c54e-43a5-84bb-6247f1ed7734.config
2026-09-12T01:51:24.9296350Z [command]/usr/local/bin/git config --local --unset includeif.gitdir:/Users/runner/work/Silex/Silex/Dependencies/STD/.git.path /Users/runner/work/_temp/git-credentials-769a5405-c54e-43a5-84bb-6247f1ed7734.config
2026-09-12T01:51:24.9450540Z [command]/usr/local/bin/git config --local --get-all includeif.gitdir:/Users/runner/work/Silex/Silex/Dependencies/STD/.git/worktrees/*.path
2026-09-12T01:51:24.9556280Z /Users/runner/work/_temp/git-credentials-769a5405-c54e-43a5-84bb-6247f1ed7734.config
2026-09-12T01:51:24.9582700Z [command]/usr/local/bin/git config --local --unset includeif.gitdir:/Users/runner/work/Silex/Silex/Dependencies/STD/.git/worktrees/*.path /Users/runner/work/_temp/git-credentials-769a5405-c54e-43a5-84bb-6247f1ed7734.config
2026-09-12T01:51:24.9712930Z [command]/usr/local/bin/git config --local --get-all includeif.gitdir:/github/workspace/Dependencies/STD/.git.path
2026-09-12T01:51:24.9806610Z /github/runner_temp/git-credentials-769a5405-c54e-43a5-84bb-6247f1ed7734.config
2026-09-12T01:51:24.9816520Z [command]/usr/local/bin/git config --local --unset includeif.gitdir:/github/workspace/Dependencies/STD/.git.path /github/runner_temp/git-credentials-769a5405-c54e-43a5-84bb-6247f1ed7734.config
2026-09-12T01:51:24.9920280Z [command]/usr/local/bin/git config --local --get-all includeif.gitdir:/github/workspace/Dependencies/STD/.git/worktrees/*.path
2026-09-12T01:51:25.0019540Z /github/runner_temp/git-credentials-769a5405-c54e-43a5-84bb-6247f1ed7734.config
2026-09-12T01:51:25.0033240Z [command]/usr/local/bin/git config --local --unset includeif.gitdir:/github/workspace/Dependencies/STD/.git/worktrees/*.path /github/runner_temp/git-credentials-769a5405-c54e-43a5-84bb-6247f1ed7734.config
2026-09-12T01:51:25.0135080Z [command]/usr/local/bin/git submodule foreach --recursive git config --local --show-origin --name-only --get-regexp remote.origin.url
2026-09-12T01:51:25.1842530Z Removing credentials config '/Users/runner/work/_temp/git-credentials-769a5405-c54e-43a5-84bb-6247f1ed7734.config'
2026-09-12T01:51:25.2235840Z Post job cleanup.
2026-09-12T01:51:25.4135640Z [command]/usr/local/bin/git version
2026-09-12T01:51:25.4259400Z git version 2.55.0
2026-09-12T01:51:25.4307550Z Copying '/Users/runner/.gitconfig' to '/Users/runner/work/_temp/6a753a9f-01ca-4d45-8792-697d9a63de97/.gitconfig'
2026-09-12T01:51:25.4333510Z Temporarily overriding HOME='/Users/runner/work/_temp/6a753a9f-01ca-4d45-8792-697d9a63de97' before making global git config changes
2026-09-12T01:51:25.4336770Z Adding repository directory to the temporary git global config as a safe directory
2026-09-12T01:51:25.4343080Z [command]/usr/local/bin/git config --global --add safe.directory /Users/runner/work/Silex/Silex
2026-09-12T01:51:25.4451810Z Removing SSH command configuration
2026-09-12T01:51:25.4461460Z [command]/usr/local/bin/git config --local --name-only --get-regexp core\.sshCommand
2026-09-12T01:51:25.4580670Z [command]/usr/local/bin/git submodule foreach --recursive sh -c "git config --local --name-only --get-regexp 'core\.sshCommand' && git config --local --unset-all 'core.sshCommand' || :"
2026-09-12T01:51:25.6065860Z Removing HTTP extra header
2026-09-12T01:51:25.6075550Z [command]/usr/local/bin/git config --local --name-only --get-regexp http\.https\:\/\/github\.com\/\.extraheader
2026-09-12T01:51:25.6193900Z [command]/usr/local/bin/git submodule foreach --recursive sh -c "git config --local --name-only --get-regexp 'http\.https\:\/\/github\.com\/\.extraheader' && git config --local --unset-all 'http.https://github.com/.extraheader' || :"
2026-09-12T01:51:25.7628680Z Removing includeIf entries pointing to credentials config files
2026-09-12T01:51:25.7637820Z [command]/usr/local/bin/git config --local --name-only --get-regexp ^includeIf\.gitdir:
2026-09-12T01:51:25.7753920Z includeif.gitdir:/Users/runner/work/Silex/Silex/.git.path
2026-09-12T01:51:25.7755910Z includeif.gitdir:/Users/runner/work/Silex/Silex/.git/worktrees/*.path
2026-09-12T01:51:25.7756870Z includeif.gitdir:/github/workspace/.git.path
2026-09-12T01:51:25.7757590Z includeif.gitdir:/github/workspace/.git/worktrees/*.path
2026-09-12T01:51:25.7767860Z [command]/usr/local/bin/git config --local --get-all includeif.gitdir:/Users/runner/work/Silex/Silex/.git.path
2026-09-12T01:51:25.7860890Z /Users/runner/work/_temp/git-credentials-3a3f0336-7a82-4ca7-9b11-7f8dbe81e236.config
2026-09-12T01:51:25.7877920Z [command]/usr/local/bin/git config --local --unset includeif.gitdir:/Users/runner/work/Silex/Silex/.git.path /Users/runner/work/_temp/git-credentials-3a3f0336-7a82-4ca7-9b11-7f8dbe81e236.config
2026-09-12T01:51:25.8032750Z [command]/usr/local/bin/git config --local --get-all includeif.gitdir:/Users/runner/work/Silex/Silex/.git/worktrees/*.path
2026-09-12T01:51:25.8152940Z /Users/runner/work/_temp/git-credentials-3a3f0336-7a82-4ca7-9b11-7f8dbe81e236.config
2026-09-12T01:51:25.8170430Z [command]/usr/local/bin/git config --local --unset includeif.gitdir:/Users/runner/work/Silex/Silex/.git/worktrees/*.path /Users/runner/work/_temp/git-credentials-3a3f0336-7a82-4ca7-9b11-7f8dbe81e236.config
2026-09-12T01:51:25.8289770Z [command]/usr/local/bin/git config --local --get-all includeif.gitdir:/github/workspace/.git.path
2026-09-12T01:51:25.8376060Z /github/runner_temp/git-credentials-3a3f0336-7a82-4ca7-9b11-7f8dbe81e236.config
2026-09-12T01:51:25.8384660Z [command]/usr/local/bin/git config --local --unset includeif.gitdir:/github/workspace/.git.path /github/runner_temp/git-credentials-3a3f0336-7a82-4ca7-9b11-7f8dbe81e236.config
2026-09-12T01:51:25.8486530Z [command]/usr/local/bin/git config --local --get-all includeif.gitdir:/github/workspace/.git/worktrees/*.path
2026-09-12T01:51:25.8574130Z /github/runner_temp/git-credentials-3a3f0336-7a82-4ca7-9b11-7f8dbe81e236.config
2026-09-12T01:51:25.8585300Z [command]/usr/local/bin/git config --local --unset includeif.gitdir:/github/workspace/.git/worktrees/*.path /github/runner_temp/git-credentials-3a3f0336-7a82-4ca7-9b11-7f8dbe81e236.config
2026-09-12T01:51:25.8690420Z [command]/usr/local/bin/git submodule foreach --recursive git config --local --show-origin --name-only --get-regexp remote.origin.url
2026-09-12T01:51:25.9920770Z Removing credentials config '/Users/runner/work/_temp/git-credentials-3a3f0336-7a82-4ca7-9b11-7f8dbe81e236.config'
2026-09-12T01:51:26.0185300Z Cleaning up orphan processes

