2026-09-12T01:24:27.8155834Z Current runner version: '2.337.0'
2026-09-12T01:24:27.8182500Z ##[group]Runner Image Provisioner
2026-09-12T01:24:27.8183355Z Hosted Compute Agent
2026-09-12T01:24:27.8183932Z Version: 20260828.587
2026-09-12T01:24:27.8184571Z Commit: abac92662cab4cc7352de4f9f9d2e2419aad9c29
2026-09-12T01:24:27.8185292Z Build Date: 2026-08-28T16:44:25Z
2026-09-12T01:24:27.8185999Z Worker ID: {38c526dd-2d3a-404a-82e3-82d94a388825}
2026-09-12T01:24:27.8186708Z Azure Region: westus
2026-09-12T01:24:27.8187248Z ##[endgroup]
2026-09-12T01:24:27.8188723Z ##[group]Operating System
2026-09-12T01:24:27.8189386Z Microsoft Windows Server 2025
2026-09-12T01:24:27.8189969Z 10.0.26100
2026-09-12T01:24:27.8190500Z Datacenter
2026-09-12T01:24:27.8191005Z ##[endgroup]
2026-09-12T01:24:27.8191524Z ##[group]Runner Image
2026-09-12T01:24:27.8192147Z Image: windows-2025-vs2026
2026-09-12T01:24:27.8192717Z Version: 20260907.229.1
2026-09-12T01:24:27.8194176Z Included Software: https://github.com/actions/runner-images/blob/win25-vs2026/20260907.229/images/windows/Windows2025-VS2026-Readme.md
2026-09-12T01:24:27.8195833Z Image Release: https://github.com/actions/runner-images/releases/tag/win25-vs2026%2F20260907.229
2026-09-12T01:24:27.8196861Z ##[endgroup]
2026-09-12T01:24:27.8197918Z ##[group]GITHUB_TOKEN Permissions
2026-09-12T01:24:27.8200525Z Contents: read
2026-09-12T01:24:27.8201119Z Metadata: read
2026-09-12T01:24:27.8201704Z ##[endgroup]
2026-09-12T01:24:27.8203745Z Secret source: Actions
2026-09-12T01:24:27.8204763Z Cache mode: write
2026-09-12T01:24:27.8205506Z Prepare workflow directory
2026-09-12T01:24:27.8583772Z Prepare all required actions
2026-09-12T01:24:27.8631609Z Getting action download info
2026-09-12T01:24:28.1761678Z Download action repository 'actions/checkout@v6' (SHA:d23441a48e516b6c34aea4fa41551a30e30af803)
2026-09-12T01:24:30.3371726Z Complete job name: windows-x64
2026-09-12T01:24:35.0824473Z ##[group]Run actions/checkout@v6
2026-09-12T01:24:35.0825214Z with:
2026-09-12T01:24:35.0825464Z   repository: Matanek/Silex
2026-09-12T01:24:35.0828313Z   token: ***
2026-09-12T01:24:35.0828545Z   ssh-strict: true
2026-09-12T01:24:35.0828779Z   ssh-user: git
2026-09-12T01:24:35.0829024Z   persist-credentials: true
2026-09-12T01:24:35.0829281Z   clean: true
2026-09-12T01:24:35.0829515Z   sparse-checkout-cone-mode: true
2026-09-12T01:24:35.0829792Z   fetch-depth: 1
2026-09-12T01:24:35.0830013Z   fetch-tags: false
2026-09-12T01:24:35.0830263Z   show-progress: true
2026-09-12T01:24:35.0830503Z   lfs: false
2026-09-12T01:24:35.0830718Z   submodules: false
2026-09-12T01:24:35.0830967Z   set-safe-directory: true
2026-09-12T01:24:35.0831239Z   allow-unsafe-pr-checkout: false
2026-09-12T01:24:35.0831723Z ##[endgroup]
2026-09-12T01:24:35.4394034Z Syncing repository: Matanek/Silex
2026-09-12T01:24:35.4395290Z ##[group]Getting Git version info
2026-09-12T01:24:35.4395666Z Working directory is 'D:\a\Silex\Silex'
2026-09-12T01:24:36.8769046Z [command]"C:\Program Files\Git\bin\git.exe" version
2026-09-12T01:24:38.3795024Z git version 2.55.0.windows.5
2026-09-12T01:24:38.3848703Z ##[endgroup]
2026-09-12T01:24:38.3872654Z Temporarily overriding HOME='D:\a\_temp\78f74c16-2a10-4fbb-bc99-8a03ab450a36' before making global git config changes
2026-09-12T01:24:38.3874184Z Adding repository directory to the temporary git global config as a safe directory
2026-09-12T01:24:38.3884585Z [command]"C:\Program Files\Git\bin\git.exe" config --global --add safe.directory D:\a\Silex\Silex
2026-09-12T01:24:38.4531862Z Deleting the contents of 'D:\a\Silex\Silex'
2026-09-12T01:24:38.4538749Z ##[group]Determining repository object format
2026-09-12T01:24:38.4541921Z ##[endgroup]
2026-09-12T01:24:38.4542329Z ##[group]Initializing the repository
2026-09-12T01:24:38.4555438Z [command]"C:\Program Files\Git\bin\git.exe" init D:\a\Silex\Silex
2026-09-12T01:24:40.9556409Z Initialized empty Git repository in D:/a/Silex/Silex/.git/
2026-09-12T01:24:40.9608910Z [command]"C:\Program Files\Git\bin\git.exe" remote add origin https://github.com/Matanek/Silex
2026-09-12T01:24:41.0351670Z ##[endgroup]
2026-09-12T01:24:41.0352351Z ##[group]Disabling automatic garbage collection
2026-09-12T01:24:41.0362151Z [command]"C:\Program Files\Git\bin\git.exe" config --local gc.auto 0
2026-09-12T01:24:41.0677502Z ##[endgroup]
2026-09-12T01:24:41.0678767Z ##[group]Setting up auth
2026-09-12T01:24:41.0680591Z Removing SSH command configuration
2026-09-12T01:24:41.0693945Z [command]"C:\Program Files\Git\bin\git.exe" config --local --name-only --get-regexp core\.sshCommand
2026-09-12T01:24:41.1010582Z [command]"C:\Program Files\Git\bin\git.exe" submodule foreach --recursive "sh -c \"git config --local --name-only --get-regexp 'core\.sshCommand' && git config --local --unset-all 'core.sshCommand' || :\""
2026-09-12T01:24:43.2856872Z Removing HTTP extra header
2026-09-12T01:24:43.2867466Z [command]"C:\Program Files\Git\bin\git.exe" config --local --name-only --get-regexp http\.https\:\/\/github\.com\/\.extraheader
2026-09-12T01:24:43.3167815Z [command]"C:\Program Files\Git\bin\git.exe" submodule foreach --recursive "sh -c \"git config --local --name-only --get-regexp 'http\.https\:\/\/github\.com\/\.extraheader' && git config --local --unset-all 'http.https://github.com/.extraheader' || :\""
2026-09-12T01:24:43.8367523Z Removing includeIf entries pointing to credentials config files
2026-09-12T01:24:43.8380126Z [command]"C:\Program Files\Git\bin\git.exe" config --local --name-only --get-regexp ^includeIf\.gitdir:
2026-09-12T01:24:43.8672907Z [command]"C:\Program Files\Git\bin\git.exe" submodule foreach --recursive "git config --local --show-origin --name-only --get-regexp remote.origin.url"
2026-09-12T01:24:44.4228169Z [command]"C:\Program Files\Git\bin\git.exe" config --file D:\a\_temp\git-credentials-d50d3f60-d445-4090-901c-c30e9cd8bef4.config http.https://github.com/.extraheader "AUTHORIZATION: basic ***"
2026-09-12T01:24:44.4540243Z [command]"C:\Program Files\Git\bin\git.exe" config --local includeIf.gitdir:D:/a/Silex/Silex/.git.path D:\a\_temp\git-credentials-d50d3f60-d445-4090-901c-c30e9cd8bef4.config
2026-09-12T01:24:44.4827141Z [command]"C:\Program Files\Git\bin\git.exe" config --local includeIf.gitdir:D:/a/Silex/Silex/.git/worktrees/*.path D:\a\_temp\git-credentials-d50d3f60-d445-4090-901c-c30e9cd8bef4.config
2026-09-12T01:24:44.5210760Z [command]"C:\Program Files\Git\bin\git.exe" config --local includeIf.gitdir:/github/workspace/.git.path /github/runner_temp/git-credentials-d50d3f60-d445-4090-901c-c30e9cd8bef4.config
2026-09-12T01:24:44.5527924Z [command]"C:\Program Files\Git\bin\git.exe" config --local includeIf.gitdir:/github/workspace/.git/worktrees/*.path /github/runner_temp/git-credentials-d50d3f60-d445-4090-901c-c30e9cd8bef4.config
2026-09-12T01:24:44.5814382Z ##[endgroup]
2026-09-12T01:24:44.5814957Z ##[group]Fetching the repository
2026-09-12T01:24:44.5830137Z [command]"C:\Program Files\Git\bin\git.exe" -c protocol.version=2 fetch --no-tags --prune --no-recurse-submodules --depth=1 origin +b8d01d73233a88a080170b53096f2a72bbd8d98e:refs/remotes/origin/spec-silex-optimization-parity-completion
2026-09-12T01:24:47.4150439Z From https://github.com/Matanek/Silex
2026-09-12T01:24:47.4151391Z  * [new ref]         b8d01d73233a88a080170b53096f2a72bbd8d98e -> origin/spec-silex-optimization-parity-completion
2026-09-12T01:24:47.4203829Z [command]"C:\Program Files\Git\bin\git.exe" branch --list --remote origin/spec-silex-optimization-parity-completion
2026-09-12T01:24:47.4751092Z   origin/spec-silex-optimization-parity-completion
2026-09-12T01:24:47.4799286Z [command]"C:\Program Files\Git\bin\git.exe" rev-parse refs/remotes/origin/spec-silex-optimization-parity-completion
2026-09-12T01:24:47.5296109Z b8d01d73233a88a080170b53096f2a72bbd8d98e
2026-09-12T01:24:47.5327898Z ##[endgroup]
2026-09-12T01:24:47.5328477Z ##[group]Determining the checkout info
2026-09-12T01:24:47.5330463Z ##[endgroup]
2026-09-12T01:24:47.5340674Z [command]"C:\Program Files\Git\bin\git.exe" sparse-checkout disable
2026-09-12T01:24:47.5893947Z [command]"C:\Program Files\Git\bin\git.exe" config --local --unset-all extensions.worktreeConfig
2026-09-12T01:24:47.6180471Z ##[group]Checking out the ref
2026-09-12T01:24:47.6188951Z [command]"C:\Program Files\Git\bin\git.exe" checkout --progress --force -B spec-silex-optimization-parity-completion refs/remotes/origin/spec-silex-optimization-parity-completion
2026-09-12T01:24:48.6263974Z Switched to a new branch 'spec-silex-optimization-parity-completion'
2026-09-12T01:24:48.6362854Z branch 'spec-silex-optimization-parity-completion' set up to track 'origin/spec-silex-optimization-parity-completion'.
2026-09-12T01:24:48.6426973Z ##[endgroup]
2026-09-12T01:24:48.6932751Z [command]"C:\Program Files\Git\bin\git.exe" log -1 --format=%H
2026-09-12T01:24:48.7221654Z b8d01d73233a88a080170b53096f2a72bbd8d98e
2026-09-12T01:24:48.7697835Z ##[group]Run actions/checkout@v6
2026-09-12T01:24:48.7698149Z with:
2026-09-12T01:24:48.7698365Z   repository: Matanek/Silex-Lib-STD
2026-09-12T01:24:48.7698642Z   ref: 5a018305fb470dfe00e94466150b3c04f207e252
2026-09-12T01:24:48.7698937Z   path: Dependencies/STD
2026-09-12T01:24:48.7701672Z   token: ***
2026-09-12T01:24:48.7701865Z   ssh-strict: true
2026-09-12T01:24:48.7702051Z   ssh-user: git
2026-09-12T01:24:48.7702246Z   persist-credentials: true
2026-09-12T01:24:48.7702459Z   clean: true
2026-09-12T01:24:48.7702651Z   sparse-checkout-cone-mode: true
2026-09-12T01:24:48.7702895Z   fetch-depth: 1
2026-09-12T01:24:48.7703075Z   fetch-tags: false
2026-09-12T01:24:48.7703263Z   show-progress: true
2026-09-12T01:24:48.7703454Z   lfs: false
2026-09-12T01:24:48.7703636Z   submodules: false
2026-09-12T01:24:48.7703836Z   set-safe-directory: true
2026-09-12T01:24:48.7704075Z   allow-unsafe-pr-checkout: false
2026-09-12T01:24:48.7704310Z ##[endgroup]
2026-09-12T01:24:48.8790262Z Syncing repository: Matanek/Silex-Lib-STD
2026-09-12T01:24:48.8800062Z ##[group]Getting Git version info
2026-09-12T01:24:48.8800605Z Working directory is 'D:\a\Silex\Silex\Dependencies\STD'
2026-09-12T01:24:48.9645673Z [command]"C:\Program Files\Git\bin\git.exe" version
2026-09-12T01:24:48.9919836Z git version 2.55.0.windows.5
2026-09-12T01:24:48.9962868Z ##[endgroup]
2026-09-12T01:24:48.9979592Z Temporarily overriding HOME='D:\a\_temp\304a68a0-ca75-470f-8da9-7fbb339f7aa2' before making global git config changes
2026-09-12T01:24:48.9980848Z Adding repository directory to the temporary git global config as a safe directory
2026-09-12T01:24:48.9990507Z [command]"C:\Program Files\Git\bin\git.exe" config --global --add safe.directory D:\a\Silex\Silex\Dependencies\STD
2026-09-12T01:24:49.0497300Z ##[group]Determining repository object format
2026-09-12T01:24:49.0503539Z ##[endgroup]
2026-09-12T01:24:49.0506001Z ##[group]Initializing the repository
2026-09-12T01:24:49.0539764Z [command]"C:\Program Files\Git\bin\git.exe" init D:\a\Silex\Silex\Dependencies\STD
2026-09-12T01:24:49.1387587Z Initialized empty Git repository in D:/a/Silex/Silex/Dependencies/STD/.git/
2026-09-12T01:24:49.1432355Z [command]"C:\Program Files\Git\bin\git.exe" remote add origin https://github.com/Matanek/Silex-Lib-STD
2026-09-12T01:24:49.1748277Z ##[endgroup]
2026-09-12T01:24:49.1748667Z ##[group]Disabling automatic garbage collection
2026-09-12T01:24:49.1757982Z [command]"C:\Program Files\Git\bin\git.exe" config --local gc.auto 0
2026-09-12T01:24:49.2039898Z ##[endgroup]
2026-09-12T01:24:49.2040250Z ##[group]Setting up auth
2026-09-12T01:24:49.2042048Z Removing SSH command configuration
2026-09-12T01:24:49.2053082Z [command]"C:\Program Files\Git\bin\git.exe" config --local --name-only --get-regexp core\.sshCommand
2026-09-12T01:24:49.2339936Z [command]"C:\Program Files\Git\bin\git.exe" submodule foreach --recursive "sh -c \"git config --local --name-only --get-regexp 'core\.sshCommand' && git config --local --unset-all 'core.sshCommand' || :\""
2026-09-12T01:24:49.7940385Z Removing HTTP extra header
2026-09-12T01:24:49.7950868Z [command]"C:\Program Files\Git\bin\git.exe" config --local --name-only --get-regexp http\.https\:\/\/github\.com\/\.extraheader
2026-09-12T01:24:49.8267366Z [command]"C:\Program Files\Git\bin\git.exe" submodule foreach --recursive "sh -c \"git config --local --name-only --get-regexp 'http\.https\:\/\/github\.com\/\.extraheader' && git config --local --unset-all 'http.https://github.com/.extraheader' || :\""
2026-09-12T01:24:50.4341603Z Removing includeIf entries pointing to credentials config files
2026-09-12T01:24:50.4353767Z [command]"C:\Program Files\Git\bin\git.exe" config --local --name-only --get-regexp ^includeIf\.gitdir:
2026-09-12T01:24:50.4647999Z [command]"C:\Program Files\Git\bin\git.exe" submodule foreach --recursive "git config --local --show-origin --name-only --get-regexp remote.origin.url"
2026-09-12T01:24:51.0093152Z [command]"C:\Program Files\Git\bin\git.exe" config --file D:\a\_temp\git-credentials-2352358b-497c-44c8-8de1-3866965db839.config http.https://github.com/.extraheader "AUTHORIZATION: basic ***"
2026-09-12T01:24:51.0408931Z [command]"C:\Program Files\Git\bin\git.exe" config --local includeIf.gitdir:D:/a/Silex/Silex/Dependencies/STD/.git.path D:\a\_temp\git-credentials-2352358b-497c-44c8-8de1-3866965db839.config
2026-09-12T01:24:51.0712171Z [command]"C:\Program Files\Git\bin\git.exe" config --local includeIf.gitdir:D:/a/Silex/Silex/Dependencies/STD/.git/worktrees/*.path D:\a\_temp\git-credentials-2352358b-497c-44c8-8de1-3866965db839.config
2026-09-12T01:24:51.1010590Z [command]"C:\Program Files\Git\bin\git.exe" config --local includeIf.gitdir:/github/workspace/Dependencies/STD/.git.path /github/runner_temp/git-credentials-2352358b-497c-44c8-8de1-3866965db839.config
2026-09-12T01:24:51.1301146Z [command]"C:\Program Files\Git\bin\git.exe" config --local includeIf.gitdir:/github/workspace/Dependencies/STD/.git/worktrees/*.path /github/runner_temp/git-credentials-2352358b-497c-44c8-8de1-3866965db839.config
2026-09-12T01:24:51.1585860Z ##[endgroup]
2026-09-12T01:24:51.1586218Z ##[group]Fetching the repository
2026-09-12T01:24:51.1599414Z [command]"C:\Program Files\Git\bin\git.exe" -c protocol.version=2 fetch --no-tags --prune --no-recurse-submodules --depth=1 origin 5a018305fb470dfe00e94466150b3c04f207e252
2026-09-12T01:24:51.7362282Z From https://github.com/Matanek/Silex-Lib-STD
2026-09-12T01:24:51.7363002Z  * branch            5a018305fb470dfe00e94466150b3c04f207e252 -> FETCH_HEAD
2026-09-12T01:24:51.7414674Z [command]"C:\Program Files\Git\bin\git.exe" rev-parse --verify --quiet 5a018305fb470dfe00e94466150b3c04f207e252^{object}
2026-09-12T01:24:51.7689050Z 5a018305fb470dfe00e94466150b3c04f207e252
2026-09-12T01:24:51.7720577Z ##[endgroup]
2026-09-12T01:24:51.7721087Z ##[group]Determining the checkout info
2026-09-12T01:24:51.7722857Z ##[endgroup]
2026-09-12T01:24:51.7732335Z [command]"C:\Program Files\Git\bin\git.exe" sparse-checkout disable
2026-09-12T01:24:51.8083378Z [command]"C:\Program Files\Git\bin\git.exe" config --local --unset-all extensions.worktreeConfig
2026-09-12T01:24:51.8383762Z ##[group]Checking out the ref
2026-09-12T01:24:51.8393998Z [command]"C:\Program Files\Git\bin\git.exe" checkout --progress --force 5a018305fb470dfe00e94466150b3c04f207e252
2026-09-12T01:24:51.9823592Z Note: switching to '5a018305fb470dfe00e94466150b3c04f207e252'.
2026-09-12T01:24:51.9824141Z 
2026-09-12T01:24:51.9824489Z You are in 'detached HEAD' state. You can look around, make experimental
2026-09-12T01:24:51.9825355Z changes and commit them, and you can discard any commits you make in this
2026-09-12T01:24:51.9826215Z state without impacting any branches by switching back to a branch.
2026-09-12T01:24:51.9826747Z 
2026-09-12T01:24:51.9827102Z If you want to create a new branch to retain commits you create, you may
2026-09-12T01:24:51.9827899Z do so (now or later) by using -c with the switch command. Example:
2026-09-12T01:24:51.9828362Z 
2026-09-12T01:24:51.9828602Z   git switch -c <new-branch-name>
2026-09-12T01:24:51.9828914Z 
2026-09-12T01:24:51.9829069Z Or undo this operation with:
2026-09-12T01:24:51.9829346Z 
2026-09-12T01:24:51.9829473Z   git switch -
2026-09-12T01:24:51.9830014Z 
2026-09-12T01:24:51.9830376Z Turn off this advice by setting config variable advice.detachedHead to false
2026-09-12T01:24:51.9830943Z 
2026-09-12T01:24:51.9831147Z HEAD is now at 5a01830 Prepare STD 0.21.0
2026-09-12T01:24:51.9885582Z ##[endgroup]
2026-09-12T01:24:52.0219676Z [command]"C:\Program Files\Git\bin\git.exe" log -1 --format=%H
2026-09-12T01:24:52.0500643Z 5a018305fb470dfe00e94466150b3c04f207e252
2026-09-12T01:24:52.0848084Z ##[group]Run $ErrorActionPreference = "Stop"
2026-09-12T01:24:52.0848536Z [36;1m$ErrorActionPreference = "Stop"[0m
2026-09-12T01:24:52.0848907Z [36;1m$archive = Join-Path $env:RUNNER_TEMP "zig.zip"[0m
2026-09-12T01:24:52.0849494Z [36;1mInvoke-WebRequest https://ziglang.org/download/0.16.0/zig-x86_64-windows-0.16.0.zip -OutFile $archive[0m
2026-09-12T01:24:52.0850160Z [36;1m$actual = (Get-FileHash $archive -Algorithm SHA256).Hash.ToLowerInvariant()[0m
2026-09-12T01:24:52.0850740Z [36;1mif ($actual -ne "68659eb5f1e4eb1437a722f1dd889c5a322c9954607f5edcf337bc3684a75a7e") {[0m
2026-09-12T01:24:52.0851228Z [36;1m  throw "Zig archive checksum mismatch"[0m
2026-09-12T01:24:52.0851491Z [36;1m}[0m
2026-09-12T01:24:52.0851760Z [36;1mExpand-Archive $archive -DestinationPath $env:RUNNER_TEMP[0m
2026-09-12T01:24:52.0852275Z [36;1mAdd-Content $env:GITHUB_PATH (Join-Path $env:RUNNER_TEMP "zig-x86_64-windows-0.16.0")[0m
2026-09-12T01:24:52.4762483Z shell: C:\Program Files\PowerShell\7\pwsh.EXE -command ". '{0}'"
2026-09-12T01:24:52.4762890Z ##[endgroup]
2026-09-12T01:25:28.4412472Z ##[group]Run $ErrorActionPreference = "Stop"
2026-09-12T01:25:28.4413279Z [36;1m$ErrorActionPreference = "Stop"[0m
2026-09-12T01:25:28.4413633Z [36;1m$PSNativeCommandUseErrorActionPreference = $true[0m
2026-09-12T01:25:28.4414015Z [36;1mif ($env:PROCESSOR_ARCHITECTURE -ne "AMD64") {[0m
2026-09-12T01:25:28.4414436Z [36;1m  throw "expected Windows X64 runner, got $env:PROCESSOR_ARCHITECTURE"[0m
2026-09-12T01:25:28.4414797Z [36;1m}[0m
2026-09-12T01:25:28.4415049Z [36;1m$env:USERPROFILE = Join-Path $env:RUNNER_TEMP "home"[0m
2026-09-12T01:25:28.4415362Z [36;1m$env:HOME = $env:USERPROFILE[0m
2026-09-12T01:25:28.4415714Z [36;1mNew-Item -ItemType Directory -Force $env:USERPROFILE | Out-Null[0m
2026-09-12T01:25:28.4416163Z [36;1mzig build -Doptimize=ReleaseFast -Dcpu=baseline `[0m
2026-09-12T01:25:28.4416540Z [36;1m  --prefix "$env:RUNNER_TEMP/silex-prefix" `[0m
2026-09-12T01:25:28.4416849Z [36;1m  --build-file Toolchain/build.zig[0m
2026-09-12T01:25:28.4417238Z [36;1m$silex = Join-Path $env:RUNNER_TEMP "silex-prefix/bin/silex.exe"[0m
2026-09-12T01:25:28.4417589Z [36;1m& $silex setup[0m
2026-09-12T01:25:28.4418027Z [36;1m& $silex link (Join-Path $env:GITHUB_WORKSPACE "Dependencies/STD") --workspace $env:GITHUB_WORKSPACE[0m
2026-09-12T01:25:28.4418641Z [36;1m& $silex test (Join-Path $env:GITHUB_WORKSPACE "Tests/Types/Str/Operators.sx")[0m
2026-09-12T01:25:28.4419152Z [36;1m& $silex test (Join-Path $env:GITHUB_WORKSPACE "Tests/Types/Str/Returns.sx")[0m
2026-09-12T01:25:28.4419692Z [36;1m& $silex test (Join-Path $env:GITHUB_WORKSPACE "Tests/Native/NativePortability.sx")[0m
2026-09-12T01:25:28.4420222Z [36;1m$portability = Join-Path $env:RUNNER_TEMP "native-portability.exe"[0m
2026-09-12T01:25:28.4420764Z [36;1m& $silex compile (Join-Path $env:GITHUB_WORKSPACE "Tests/Native/NativePortability.sx") `[0m
2026-09-12T01:25:28.4421211Z [36;1m  --release -o $portability[0m
2026-09-12T01:25:28.4421488Z [36;1m$portabilityOutput = @(& $portability)[0m
2026-09-12T01:25:28.4421850Z [36;1m$portabilityOutput | ForEach-Object { Write-Output $_ }[0m
2026-09-12T01:25:28.4422349Z [36;1m$cycleDrops = @($portabilityOutput | Where-Object { $_ -eq "native cycle drop" }).Count[0m
2026-09-12T01:25:28.4422997Z [36;1mif ($cycleDrops -ne 6) {[0m
2026-09-12T01:25:28.4423555Z [36;1m  throw "expected 6 native cycle finalizers, got $cycleDrops"[0m
2026-09-12T01:25:28.4423889Z [36;1m}[0m
2026-09-12T01:25:28.4424151Z [36;1m$smoke = Join-Path $env:RUNNER_TEMP "distribution-smoke.exe"[0m
2026-09-12T01:25:28.4425445Z [36;1m& $silex compile (Join-Path $env:GITHUB_WORKSPACE "Tests/Native/DistributionSmoke.sx") `[0m
2026-09-12T01:25:28.4425900Z [36;1m  --release -o $smoke[0m
2026-09-12T01:25:28.4426131Z [36;1m$smokeOutput = @(& $smoke)[0m
2026-09-12T01:25:28.4426605Z [36;1mif ($LASTEXITCODE -ne 0 -or $smokeOutput.Count -ne 1 -or $smokeOutput[0] -ne "silex distribution ready") {[0m
2026-09-12T01:25:28.4427150Z [36;1m  throw "standalone distribution smoke failed"[0m
2026-09-12T01:25:28.4427498Z [36;1m}[0m
2026-09-12T01:25:28.4428012Z [36;1m$aggregateFixture = Join-Path $env:GITHUB_WORKSPACE "Toolchain/Benchmarks/Optimizer/Regressions/AggregateFieldStores.sx"[0m
2026-09-12T01:25:28.4428681Z [36;1m$interpreted = @(& $silex interpret $aggregateFixture --nocache)[0m
2026-09-12T01:25:28.4429293Z [36;1mif ($LASTEXITCODE -ne 0 -or $interpreted.Count -ne 1 -or $interpreted[0] -ne "aggregate field stores preserved") {[0m
2026-09-12T01:25:28.4429887Z [36;1m  throw "aggregate field interpreter regression failed"[0m
2026-09-12T01:25:28.4430194Z [36;1m}[0m
2026-09-12T01:25:28.4430407Z [36;1mforeach ($mode in @("debug", "release")) {[0m
2026-09-12T01:25:28.4430820Z [36;1m  $aggregateBinary = Join-Path $env:RUNNER_TEMP "aggregate-fields-$mode.exe"[0m
2026-09-12T01:25:28.4431350Z [36;1m  & $silex compile $aggregateFixture "--$mode" --nocache -o $aggregateBinary[0m
2026-09-12T01:25:28.4433875Z [36;1m  $aggregateOutput = @(& $aggregateBinary)[0m
2026-09-12T01:25:28.4434569Z [36;1m  if ($LASTEXITCODE -ne 0 -or $aggregateOutput.Count -ne 1 -or $aggregateOutput[0] -ne "aggregate field stores preserved") {[0m
2026-09-12T01:25:28.4435196Z [36;1m    throw "aggregate field $mode regression failed"[0m
2026-09-12T01:25:28.4435488Z [36;1m  }[0m
2026-09-12T01:25:28.4435655Z [36;1m}[0m
2026-09-12T01:25:28.4436064Z [36;1m$minmaxFixture = Join-Path $env:GITHUB_WORKSPACE "Toolchain/Benchmarks/Native/ScalarMathMinMax.sx"[0m
2026-09-12T01:25:28.4436621Z [36;1mforeach ($mode in @("debug", "release")) {[0m
2026-09-12T01:25:28.4437023Z [36;1m  $minmaxBinary = Join-Path $env:RUNNER_TEMP "scalar-math-minmax-$mode.exe"[0m
2026-09-12T01:25:28.4437523Z [36;1m  & $silex compile $minmaxFixture "--$mode" --nocache -o $minmaxBinary[0m
2026-09-12T01:25:28.4437903Z [36;1m  $minmaxOutput = @(& $minmaxBinary)[0m
2026-09-12T01:25:28.4438415Z [36;1m  if ($LASTEXITCODE -ne 0 -or $minmaxOutput.Count -ne 1 -or $minmaxOutput[0] -ne "scalar-math-minmax: pass") {[0m
2026-09-12T01:25:28.4438978Z [36;1m    throw "scalar math minmax $mode regression failed"[0m
2026-09-12T01:25:28.4439269Z [36;1m  }[0m
2026-09-12T01:25:28.4439426Z [36;1m}[0m
2026-09-12T01:25:28.4439769Z [36;1m# Copy bytes unchanged into a standalone fixture, without the optimizer's STD graph.[0m
2026-09-12T01:25:28.4440296Z [36;1m$scalarRoot = Join-Path $env:RUNNER_TEMP "scalar-float-fixture"[0m
2026-09-12T01:25:28.4440761Z [36;1mNew-Item -ItemType Directory -Force -Path $scalarRoot | Out-Null[0m
2026-09-12T01:25:28.4441301Z [36;1mSet-Content -Path (Join-Path $scalarRoot "Package.json") -Value '{"sources":"."}'[0m
2026-09-12T01:25:28.4441838Z [36;1m$scalarFixture = Join-Path $scalarRoot "ScalarFloatResidence.sx"[0m
2026-09-12T01:25:28.4442577Z [36;1mCopy-Item (Join-Path $env:GITHUB_WORKSPACE "Toolchain/Benchmarks/Optimizer/Regressions/ScalarFloatResidence.sx") $scalarFixture[0m
2026-09-12T01:25:28.4443629Z [36;1mforeach ($mode in @("debug", "release")) {[0m
2026-09-12T01:25:28.4444075Z [36;1m  $scalarBinary = Join-Path $env:RUNNER_TEMP "scalar-float-residence-$mode.exe"[0m
2026-09-12T01:25:28.4444599Z [36;1m  & $silex compile $scalarFixture "--$mode" --nocache -o $scalarBinary[0m
2026-09-12T01:25:28.4444989Z [36;1m  $scalarOutput = @(& $scalarBinary)[0m
2026-09-12T01:25:28.4445535Z [36;1m  if ($LASTEXITCODE -ne 0 -or $scalarOutput.Count -ne 9 -or @($scalarOutput | Where-Object { $_ -ne "true" }).Count -ne 0) {[0m
2026-09-12T01:25:28.4446549Z [36;1m    throw "scalar float residence $mode regression failed"[0m
2026-09-12T01:25:28.4446863Z [36;1m  }[0m
2026-09-12T01:25:28.4447025Z [36;1m}[0m
2026-09-12T01:25:28.4447294Z [36;1m$branchFixture = Join-Path $scalarRoot "BranchComparisons.sx"[0m
2026-09-12T01:25:28.4447985Z [36;1mCopy-Item (Join-Path $env:GITHUB_WORKSPACE "Toolchain/Benchmarks/Optimizer/Regressions/BranchComparisons.sx") $branchFixture[0m
2026-09-12T01:25:28.4448619Z [36;1mforeach ($mode in @("debug", "release")) {[0m
2026-09-12T01:25:28.4449037Z [36;1m  $branchBinary = Join-Path $env:RUNNER_TEMP "branch-comparisons-$mode.exe"[0m
2026-09-12T01:25:28.4449554Z [36;1m  & $silex compile $branchFixture "--$mode" --nocache -o $branchBinary[0m
2026-09-12T01:25:28.4450055Z [36;1m  if ($LASTEXITCODE -ne 0) { throw "branch comparison compilation failed" }[0m
2026-09-12T01:25:28.4450458Z [36;1m  $branchOutput = @(& $branchBinary)[0m
2026-09-12T01:25:28.4450904Z [36;1m  if ($LASTEXITCODE -ne 0 -or $branchOutput.Count -ne 1 -or $branchOutput[0] -ne "true") {[0m
2026-09-12T01:25:28.4451408Z [36;1m    throw "branch comparison $mode regression failed"[0m
2026-09-12T01:25:28.4451708Z [36;1m  }[0m
2026-09-12T01:25:28.4451871Z [36;1m}[0m
2026-09-12T01:25:28.4452157Z [36;1m$snapshotFixture = Join-Path $scalarRoot "BranchSnapshots.sx"[0m
2026-09-12T01:25:28.4452853Z [36;1mCopy-Item (Join-Path $env:GITHUB_WORKSPACE "Toolchain/Benchmarks/Optimizer/Regressions/BranchSnapshots.sx") $snapshotFixture[0m
2026-09-12T01:25:28.4453949Z [36;1mforeach ($mode in @("debug", "release")) {[0m
2026-09-12T01:25:28.4454395Z [36;1m  $snapshotBinary = Join-Path $env:RUNNER_TEMP "branch-snapshots-$mode.exe"[0m
2026-09-12T01:25:28.4454924Z [36;1m  & $silex compile $snapshotFixture "--$mode" --nocache -o $snapshotBinary[0m
2026-09-12T01:25:28.4455426Z [36;1m  if ($LASTEXITCODE -ne 0) { throw "branch snapshot compilation failed" }[0m
2026-09-12T01:25:28.4455824Z [36;1m  $snapshotOutput = @(& $snapshotBinary)[0m
2026-09-12T01:25:28.4456404Z [36;1m  if ($LASTEXITCODE -ne 0 -or $snapshotOutput.Count -ne 8 -or @($snapshotOutput | Where-Object { $_ -ne "true" }).Count -ne 0) {[0m
2026-09-12T01:25:28.4457027Z [36;1m    throw "branch snapshot $mode regression failed"[0m
2026-09-12T01:25:28.4457313Z [36;1m  }[0m
2026-09-12T01:25:28.4457469Z [36;1m}[0m
2026-09-12T01:25:28.4457741Z [36;1m$loopExitFixture = Join-Path $scalarRoot "LoopExitResidence.sx"[0m
2026-09-12T01:25:28.4458448Z [36;1mCopy-Item (Join-Path $env:GITHUB_WORKSPACE "Toolchain/Benchmarks/Optimizer/Regressions/LoopExitResidence.sx") $loopExitFixture[0m
2026-09-12T01:25:28.4459079Z [36;1mforeach ($mode in @("debug", "release")) {[0m
2026-09-12T01:25:28.4459502Z [36;1m  $loopExitBinary = Join-Path $env:RUNNER_TEMP "loop-exit-residence-$mode.exe"[0m
2026-09-12T01:25:28.4460032Z [36;1m  & $silex compile $loopExitFixture "--$mode" --nocache -o $loopExitBinary[0m
2026-09-12T01:25:28.4460560Z [36;1m  if ($LASTEXITCODE -ne 0) { throw "loop exit residence compilation failed" }[0m
2026-09-12T01:25:28.4460985Z [36;1m  $loopExitOutput = @(& $loopExitBinary)[0m
2026-09-12T01:25:28.4461553Z [36;1m  if ($LASTEXITCODE -ne 0 -or $loopExitOutput.Count -ne 5 -or @($loopExitOutput | Where-Object { $_ -ne "true" }).Count -ne 0) {[0m
2026-09-12T01:25:28.4462169Z [36;1m    throw "loop exit residence $mode regression failed"[0m
2026-09-12T01:25:28.4462475Z [36;1m  }[0m
2026-09-12T01:25:28.4462632Z [36;1m}[0m
2026-09-12T01:25:28.4462944Z [36;1m$floatMemoryFixture = Join-Path $scalarRoot "FloatMemoryResidence.sx"[0m
2026-09-12T01:25:28.4464092Z [36;1mCopy-Item (Join-Path $env:GITHUB_WORKSPACE "Toolchain/Benchmarks/Optimizer/Regressions/FloatMemoryResidence.sx") $floatMemoryFixture[0m
2026-09-12T01:25:28.4464753Z [36;1mforeach ($mode in @("debug", "release")) {[0m
2026-09-12T01:25:28.4465197Z [36;1m  $floatMemoryBinary = Join-Path $env:RUNNER_TEMP "float-memory-residence-$mode.exe"[0m
2026-09-12T01:25:28.4465773Z [36;1m  & $silex compile $floatMemoryFixture "--$mode" --nocache -o $floatMemoryBinary[0m
2026-09-12T01:25:28.4467069Z [36;1m  if ($LASTEXITCODE -ne 0) { throw "float memory residence compilation failed" }[0m
2026-09-12T01:25:28.4467512Z [36;1m  $floatMemoryOutput = @(& $floatMemoryBinary)[0m
2026-09-12T01:25:28.4468134Z [36;1m  if ($LASTEXITCODE -ne 0 -or $floatMemoryOutput.Count -ne 22 -or @($floatMemoryOutput | Where-Object { $_ -ne "true" }).Count -ne 0) {[0m
2026-09-12T01:25:28.4468792Z [36;1m    throw "float memory residence $mode regression failed"[0m
2026-09-12T01:25:28.4469102Z [36;1m  }[0m
2026-09-12T01:25:28.4469260Z [36;1m}[0m
2026-09-12T01:25:28.4469569Z [36;1m$floatOperandsFixture = Join-Path $scalarRoot "ScalarFloatOperands.sx"[0m
2026-09-12T01:25:28.4470333Z [36;1mCopy-Item (Join-Path $env:GITHUB_WORKSPACE "Toolchain/Benchmarks/Optimizer/Regressions/ScalarFloatOperands.sx") $floatOperandsFixture[0m
2026-09-12T01:25:28.4471002Z [36;1mforeach ($mode in @("debug", "release")) {[0m
2026-09-12T01:25:28.4471465Z [36;1m  $floatOperandsBinary = Join-Path $env:RUNNER_TEMP "scalar-float-operands-$mode.exe"[0m
2026-09-12T01:25:28.4472086Z [36;1m  & $silex compile $floatOperandsFixture "--$mode" --nocache -o $floatOperandsBinary[0m
2026-09-12T01:25:28.4472645Z [36;1m  if ($LASTEXITCODE -ne 0) { throw "scalar float operands compilation failed" }[0m
2026-09-12T01:25:28.4473100Z [36;1m  $floatOperandsOutput = @(& $floatOperandsBinary)[0m
2026-09-12T01:25:28.4473843Z [36;1m  if ($LASTEXITCODE -ne 0 -or $floatOperandsOutput.Count -ne 18 -or @($floatOperandsOutput | Where-Object { $_ -ne "true" }).Count -ne 0) {[0m
2026-09-12T01:25:28.4474522Z [36;1m    throw "scalar float operands $mode regression failed"[0m
2026-09-12T01:25:28.4474833Z [36;1m  }[0m
2026-09-12T01:25:28.4474992Z [36;1m}[0m
2026-09-12T01:25:28.4475311Z [36;1m$privateLengthFixture = Join-Path $scalarRoot "PrivateCollectionLengths.sx"[0m
2026-09-12T01:25:28.4476118Z [36;1mCopy-Item (Join-Path $env:GITHUB_WORKSPACE "Toolchain/Benchmarks/Optimizer/Regressions/PrivateCollectionLengths.sx") $privateLengthFixture[0m
2026-09-12T01:25:28.4476800Z [36;1mforeach ($mode in @("debug", "release")) {[0m
2026-09-12T01:25:28.4477267Z [36;1m  $privateLengthBinary = Join-Path $env:RUNNER_TEMP "private-collection-lengths-$mode.exe"[0m
2026-09-12T01:25:28.4477883Z [36;1m  & $silex compile $privateLengthFixture "--$mode" --nocache -o $privateLengthBinary[0m
2026-09-12T01:25:28.4478454Z [36;1m  if ($LASTEXITCODE -ne 0) { throw "private collection lengths compilation failed" }[0m
2026-09-12T01:25:28.4478913Z [36;1m  $privateLengthOutput = @(& $privateLengthBinary)[0m
2026-09-12T01:25:28.4479553Z [36;1m  if ($LASTEXITCODE -ne 0 -or $privateLengthOutput.Count -ne 10 -or @($privateLengthOutput | Where-Object { $_ -ne "true" }).Count -ne 0) {[0m
2026-09-12T01:25:28.4480248Z [36;1m    throw "private collection lengths $mode regression failed"[0m
2026-09-12T01:25:28.4480572Z [36;1m  }[0m
2026-09-12T01:25:28.4480730Z [36;1m}[0m
2026-09-12T01:25:28.4481014Z [36;1m$classLeafFixture = Join-Path $scalarRoot "ScalarClassLeaves.sx"[0m
2026-09-12T01:25:28.4481718Z [36;1mCopy-Item (Join-Path $env:GITHUB_WORKSPACE "Toolchain/Benchmarks/Optimizer/Regressions/ScalarClassLeaves.sx") $classLeafFixture[0m
2026-09-12T01:25:28.4482347Z [36;1mforeach ($mode in @("debug", "release")) {[0m
2026-09-12T01:25:28.4482771Z [36;1m  $classLeafBinary = Join-Path $env:RUNNER_TEMP "scalar-class-leaves-$mode.exe"[0m
2026-09-12T01:25:28.4483413Z [36;1m  & $silex compile $classLeafFixture "--$mode" --nocache -o $classLeafBinary[0m
2026-09-12T01:25:28.4484200Z [36;1m  if ($LASTEXITCODE -ne 0) { throw "scalar class leaves compilation failed" }[0m
2026-09-12T01:25:28.4484629Z [36;1m  $classLeafOutput = @(& $classLeafBinary)[0m
2026-09-12T01:25:28.4485215Z [36;1m  if ($LASTEXITCODE -ne 0 -or $classLeafOutput.Count -ne 10 -or @($classLeafOutput | Where-Object { $_ -ne "true" }).Count -ne 0) {[0m
2026-09-12T01:25:28.4485841Z [36;1m    throw "scalar class leaves $mode regression failed"[0m
2026-09-12T01:25:28.4486260Z [36;1m  }[0m
2026-09-12T01:25:28.4486424Z [36;1m}[0m
2026-09-12T01:25:28.4486739Z [36;1m$integerMemoryFixture = Join-Path $scalarRoot "IntegerMemoryRegions.sx"[0m
2026-09-12T01:25:28.4487511Z [36;1mCopy-Item (Join-Path $env:GITHUB_WORKSPACE "Toolchain/Benchmarks/Optimizer/Regressions/IntegerMemoryRegions.sx") $integerMemoryFixture[0m
2026-09-12T01:25:28.4488172Z [36;1mforeach ($mode in @("debug", "release")) {[0m
2026-09-12T01:25:28.4488624Z [36;1m  $integerMemoryBinary = Join-Path $env:RUNNER_TEMP "integer-memory-regions-$mode.exe"[0m
2026-09-12T01:25:28.4489224Z [36;1m  & $silex compile $integerMemoryFixture "--$mode" --nocache -o $integerMemoryBinary[0m
2026-09-12T01:25:28.4489778Z [36;1m  if ($LASTEXITCODE -ne 0) { throw "integer memory regions compilation failed" }[0m
2026-09-12T01:25:28.4490234Z [36;1m  $integerMemoryOutput = @(& $integerMemoryBinary)[0m
2026-09-12T01:25:28.4490883Z [36;1m  if ($LASTEXITCODE -ne 0 -or $integerMemoryOutput.Count -ne 18 -or @($integerMemoryOutput | Where-Object { $_ -ne "true" }).Count -ne 0) {[0m
2026-09-12T01:25:28.4491559Z [36;1m    throw "integer memory regions $mode regression failed"[0m
2026-09-12T01:25:28.4491873Z [36;1m  }[0m
2026-09-12T01:25:28.4492032Z [36;1m}[0m
2026-09-12T01:25:28.4564095Z shell: C:\Program Files\PowerShell\7\pwsh.EXE -command ". '{0}'"
2026-09-12T01:25:28.4564458Z ##[endgroup]
2026-09-12T01:31:30.4973688Z silex: installed Shadercross for windows-x64
2026-09-12T01:32:06.3223102Z silex: installed Native linker for windows-x64
2026-09-12T01:32:06.3351452Z silex: linked STD@0.21.0 to D:\a\Silex\Silex\Dependencies\STD for this workspace
2026-09-12T01:34:21.1103737Z ok - str concatenation operand positions
2026-09-12T01:34:21.3301108Z ok - str compound concatenation
2026-09-12T01:34:21.5528406Z ok - str equality and interpolation
2026-09-12T01:34:21.7695705Z ok - str unicode scalar count
2026-09-12T01:34:21.7696627Z 4 passed; 0 failed
2026-09-12T01:34:22.0305865Z ok - str return positions
2026-09-12T01:34:22.0313444Z 1 passed; 0 failed
2026-09-12T01:34:22.3052351Z ok - dynamic protocol dispatch returns updated structures and shared classes
2026-09-12T01:34:22.5339167Z ok - execute direct indirect and dynamic calls beyond native registers
2026-09-12T01:34:22.7644438Z ok - preserve paired float32 arithmetic on native
2026-09-12T01:34:22.9961569Z ok - mutate a class-owned native list without changing its snapshot
2026-09-12T01:34:23.2180756Z ok - replace class elements in a class-owned native list
2026-09-12T01:34:23.4273799Z ok - preserve embedded byte contents on native
2026-09-12T01:34:23.6442352Z ok - format native floats through the standalone runtime
2026-09-12T01:34:23.8571445Z ok - convert native float precision in both directions
2026-09-12T01:34:24.0779565Z ok - replace and preserve an aliased native list
2026-09-12T01:34:24.2934562Z ok - swap and reverse a native list
2026-09-12T01:34:24.5110657Z ok - grow a native list at every position
2026-09-12T01:34:24.7331287Z ok - remove native list elements from every position
2026-09-12T01:34:24.9442244Z ok - slice view mutate and clear native lists
2026-09-12T01:34:25.1601801Z ok - mutable aggregate view detaches shared native list
2026-09-12T01:34:25.3889369Z copy state drop
2026-09-12T01:34:25.3890223Z copy state drop
2026-09-12T01:34:25.3891059Z ok - deep-copy repeated native class roots without collections
2026-09-12T01:34:25.5908073Z native cycle drop
2026-09-12T01:34:25.5908743Z native cycle drop
2026-09-12T01:34:25.5909567Z ok - finalize a direct native class cycle
2026-09-12T01:34:25.8063631Z native cycle drop
2026-09-12T01:34:25.8064895Z native cycle drop
2026-09-12T01:34:25.8065789Z ok - finalize a native class cycle through lists
2026-09-12T01:34:26.0096984Z native cycle drop
2026-09-12T01:34:26.0097838Z native cycle drop
2026-09-12T01:34:26.0099193Z ok - finalize a native class cycle through protocols
2026-09-12T01:34:26.2441417Z ok - execute the complete native collection mutation slice
2026-09-12T01:34:26.4558076Z copy state drop
2026-09-12T01:34:26.4558893Z copy state drop
2026-09-12T01:34:26.4559649Z ok - execute native ownership and deep-copy runtime
2026-09-12T01:34:26.6661177Z ok - preserve resource aggregates across native list growth
2026-09-12T01:34:26.8746911Z ok - serialize native mutations with mutex
2026-09-12T01:34:27.0973181Z native cycle drop
2026-09-12T01:34:27.0973861Z native cycle drop
2026-09-12T01:34:27.0974416Z native cycle drop
2026-09-12T01:34:27.0975271Z native cycle drop
2026-09-12T01:34:27.0975854Z native cycle drop
2026-09-12T01:34:27.0976384Z native cycle drop
2026-09-12T01:34:27.1034145Z ok - finalize native cycles across direct collection and protocol edges
2026-09-12T01:34:27.1034902Z 23 passed; 0 failed
2026-09-12T01:34:27.2461291Z copy state drop
2026-09-12T01:34:27.2465861Z copy state drop
2026-09-12T01:34:27.2469105Z native cycle drop
2026-09-12T01:34:27.2472287Z native cycle drop
2026-09-12T01:34:27.2475529Z native cycle drop
2026-09-12T01:34:27.2478611Z native cycle drop
2026-09-12T01:34:27.2481185Z native cycle drop
2026-09-12T01:34:27.2483873Z native cycle drop
2026-09-12T01:34:29.4578313Z Post job cleanup.
2026-09-12T01:34:29.7490350Z [command]"C:\Program Files\Git\bin\git.exe" version
2026-09-12T01:34:29.7859595Z git version 2.55.0.windows.5
2026-09-12T01:34:29.7936391Z Temporarily overriding HOME='D:\a\_temp\9321bb41-436c-4767-839c-75c04b6c47bc' before making global git config changes
2026-09-12T01:34:29.7938246Z Adding repository directory to the temporary git global config as a safe directory
2026-09-12T01:34:29.7953433Z [command]"C:\Program Files\Git\bin\git.exe" config --global --add safe.directory D:\a\Silex\Silex\Dependencies\STD
2026-09-12T01:34:29.8308328Z Removing SSH command configuration
2026-09-12T01:34:29.8321483Z [command]"C:\Program Files\Git\bin\git.exe" config --local --name-only --get-regexp core\.sshCommand
2026-09-12T01:34:29.8714342Z [command]"C:\Program Files\Git\bin\git.exe" submodule foreach --recursive "sh -c \"git config --local --name-only --get-regexp 'core\.sshCommand' && git config --local --unset-all 'core.sshCommand' || :\""
2026-09-12T01:34:30.4653018Z Removing HTTP extra header
2026-09-12T01:34:30.4664039Z [command]"C:\Program Files\Git\bin\git.exe" config --local --name-only --get-regexp http\.https\:\/\/github\.com\/\.extraheader
2026-09-12T01:34:30.4997966Z [command]"C:\Program Files\Git\bin\git.exe" submodule foreach --recursive "sh -c \"git config --local --name-only --get-regexp 'http\.https\:\/\/github\.com\/\.extraheader' && git config --local --unset-all 'http.https://github.com/.extraheader' || :\""
2026-09-12T01:34:31.1004069Z Removing includeIf entries pointing to credentials config files
2026-09-12T01:34:31.1019979Z [command]"C:\Program Files\Git\bin\git.exe" config --local --name-only --get-regexp ^includeIf\.gitdir:
2026-09-12T01:34:31.1336273Z includeif.gitdir:D:/a/Silex/Silex/Dependencies/STD/.git.path
2026-09-12T01:34:31.1337278Z includeif.gitdir:D:/a/Silex/Silex/Dependencies/STD/.git/worktrees/*.path
2026-09-12T01:34:31.1338070Z includeif.gitdir:/github/workspace/Dependencies/STD/.git.path
2026-09-12T01:34:31.1338959Z includeif.gitdir:/github/workspace/Dependencies/STD/.git/worktrees/*.path
2026-09-12T01:34:31.1380131Z [command]"C:\Program Files\Git\bin\git.exe" config --local --get-all includeif.gitdir:D:/a/Silex/Silex/Dependencies/STD/.git.path
2026-09-12T01:34:31.1669482Z D:\a\_temp\git-credentials-2352358b-497c-44c8-8de1-3866965db839.config
2026-09-12T01:34:31.1720012Z [command]"C:\Program Files\Git\bin\git.exe" config --local --unset includeif.gitdir:D:/a/Silex/Silex/Dependencies/STD/.git.path D:\a\_temp\git-credentials-2352358b-497c-44c8-8de1-3866965db839.config
2026-09-12T01:34:31.2059620Z [command]"C:\Program Files\Git\bin\git.exe" config --local --get-all includeif.gitdir:D:/a/Silex/Silex/Dependencies/STD/.git/worktrees/*.path
2026-09-12T01:34:31.2351513Z D:\a\_temp\git-credentials-2352358b-497c-44c8-8de1-3866965db839.config
2026-09-12T01:34:31.2398915Z [command]"C:\Program Files\Git\bin\git.exe" config --local --unset includeif.gitdir:D:/a/Silex/Silex/Dependencies/STD/.git/worktrees/*.path D:\a\_temp\git-credentials-2352358b-497c-44c8-8de1-3866965db839.config
2026-09-12T01:34:31.2791187Z [command]"C:\Program Files\Git\bin\git.exe" config --local --get-all includeif.gitdir:/github/workspace/Dependencies/STD/.git.path
2026-09-12T01:34:31.3149221Z /github/runner_temp/git-credentials-2352358b-497c-44c8-8de1-3866965db839.config
2026-09-12T01:34:31.3198704Z [command]"C:\Program Files\Git\bin\git.exe" config --local --unset includeif.gitdir:/github/workspace/Dependencies/STD/.git.path /github/runner_temp/git-credentials-2352358b-497c-44c8-8de1-3866965db839.config
2026-09-12T01:34:31.3553072Z [command]"C:\Program Files\Git\bin\git.exe" config --local --get-all includeif.gitdir:/github/workspace/Dependencies/STD/.git/worktrees/*.path
2026-09-12T01:34:31.3859678Z /github/runner_temp/git-credentials-2352358b-497c-44c8-8de1-3866965db839.config
2026-09-12T01:34:31.3907184Z [command]"C:\Program Files\Git\bin\git.exe" config --local --unset includeif.gitdir:/github/workspace/Dependencies/STD/.git/worktrees/*.path /github/runner_temp/git-credentials-2352358b-497c-44c8-8de1-3866965db839.config
2026-09-12T01:34:31.4279140Z [command]"C:\Program Files\Git\bin\git.exe" submodule foreach --recursive "git config --local --show-origin --name-only --get-regexp remote.origin.url"
2026-09-12T01:34:32.0185219Z Removing credentials config 'D:\a\_temp\git-credentials-2352358b-497c-44c8-8de1-3866965db839.config'
2026-09-12T01:34:32.0601982Z Post job cleanup.
2026-09-12T01:34:32.3003748Z [command]"C:\Program Files\Git\bin\git.exe" version
2026-09-12T01:34:32.3305177Z git version 2.55.0.windows.5
2026-09-12T01:34:32.3390248Z Temporarily overriding HOME='D:\a\_temp\97326361-c09b-4d4e-bce6-78256bf219a0' before making global git config changes
2026-09-12T01:34:32.3391508Z Adding repository directory to the temporary git global config as a safe directory
2026-09-12T01:34:32.3402415Z [command]"C:\Program Files\Git\bin\git.exe" config --global --add safe.directory D:\a\Silex\Silex
2026-09-12T01:34:32.3758657Z Removing SSH command configuration
2026-09-12T01:34:32.3776232Z [command]"C:\Program Files\Git\bin\git.exe" config --local --name-only --get-regexp core\.sshCommand
2026-09-12T01:34:32.4220334Z [command]"C:\Program Files\Git\bin\git.exe" submodule foreach --recursive "sh -c \"git config --local --name-only --get-regexp 'core\.sshCommand' && git config --local --unset-all 'core.sshCommand' || :\""
2026-09-12T01:34:33.0469117Z Removing HTTP extra header
2026-09-12T01:34:33.0480845Z [command]"C:\Program Files\Git\bin\git.exe" config --local --name-only --get-regexp http\.https\:\/\/github\.com\/\.extraheader
2026-09-12T01:34:33.0871233Z [command]"C:\Program Files\Git\bin\git.exe" submodule foreach --recursive "sh -c \"git config --local --name-only --get-regexp 'http\.https\:\/\/github\.com\/\.extraheader' && git config --local --unset-all 'http.https://github.com/.extraheader' || :\""
2026-09-12T01:34:33.6870937Z Removing includeIf entries pointing to credentials config files
2026-09-12T01:34:33.6883589Z [command]"C:\Program Files\Git\bin\git.exe" config --local --name-only --get-regexp ^includeIf\.gitdir:
2026-09-12T01:34:33.7217223Z includeif.gitdir:D:/a/Silex/Silex/.git.path
2026-09-12T01:34:33.7218342Z includeif.gitdir:D:/a/Silex/Silex/.git/worktrees/*.path
2026-09-12T01:34:33.7219007Z includeif.gitdir:/github/workspace/.git.path
2026-09-12T01:34:33.7219794Z includeif.gitdir:/github/workspace/.git/worktrees/*.path
2026-09-12T01:34:33.7266293Z [command]"C:\Program Files\Git\bin\git.exe" config --local --get-all includeif.gitdir:D:/a/Silex/Silex/.git.path
2026-09-12T01:34:33.7553126Z D:\a\_temp\git-credentials-d50d3f60-d445-4090-901c-c30e9cd8bef4.config
2026-09-12T01:34:33.7598804Z [command]"C:\Program Files\Git\bin\git.exe" config --local --unset includeif.gitdir:D:/a/Silex/Silex/.git.path D:\a\_temp\git-credentials-d50d3f60-d445-4090-901c-c30e9cd8bef4.config
2026-09-12T01:34:33.7936387Z [command]"C:\Program Files\Git\bin\git.exe" config --local --get-all includeif.gitdir:D:/a/Silex/Silex/.git/worktrees/*.path
2026-09-12T01:34:33.8226640Z D:\a\_temp\git-credentials-d50d3f60-d445-4090-901c-c30e9cd8bef4.config
2026-09-12T01:34:33.8271117Z [command]"C:\Program Files\Git\bin\git.exe" config --local --unset includeif.gitdir:D:/a/Silex/Silex/.git/worktrees/*.path D:\a\_temp\git-credentials-d50d3f60-d445-4090-901c-c30e9cd8bef4.config
2026-09-12T01:34:33.8616429Z [command]"C:\Program Files\Git\bin\git.exe" config --local --get-all includeif.gitdir:/github/workspace/.git.path
2026-09-12T01:34:33.8943525Z /github/runner_temp/git-credentials-d50d3f60-d445-4090-901c-c30e9cd8bef4.config
2026-09-12T01:34:33.8989444Z [command]"C:\Program Files\Git\bin\git.exe" config --local --unset includeif.gitdir:/github/workspace/.git.path /github/runner_temp/git-credentials-d50d3f60-d445-4090-901c-c30e9cd8bef4.config
2026-09-12T01:34:33.9346686Z [command]"C:\Program Files\Git\bin\git.exe" config --local --get-all includeif.gitdir:/github/workspace/.git/worktrees/*.path
2026-09-12T01:34:33.9648996Z /github/runner_temp/git-credentials-d50d3f60-d445-4090-901c-c30e9cd8bef4.config
2026-09-12T01:34:33.9693755Z [command]"C:\Program Files\Git\bin\git.exe" config --local --unset includeif.gitdir:/github/workspace/.git/worktrees/*.path /github/runner_temp/git-credentials-d50d3f60-d445-4090-901c-c30e9cd8bef4.config
2026-09-12T01:34:34.0033198Z [command]"C:\Program Files\Git\bin\git.exe" submodule foreach --recursive "git config --local --show-origin --name-only --get-regexp remote.origin.url"
2026-09-12T01:34:34.6141137Z Removing credentials config 'D:\a\_temp\git-credentials-d50d3f60-d445-4090-901c-c30e9cd8bef4.config'
2026-09-12T01:34:34.6362162Z Cleaning up orphan processes

