2026-09-11T20:13:55.0953556Z Current runner version: '2.337.0'
2026-09-11T20:13:55.0980398Z ##[group]Runner Image Provisioner
2026-09-11T20:13:55.0981716Z Hosted Compute Agent
2026-09-11T20:13:55.0982340Z Version: 20260828.587
2026-09-11T20:13:55.0982981Z Commit: abac92662cab4cc7352de4f9f9d2e2419aad9c29
2026-09-11T20:13:55.0983826Z Build Date: 2026-08-28T16:44:25Z
2026-09-11T20:13:55.0984555Z Worker ID: {72b4d830-1cdc-4c2d-bcd7-dc07c30dda31}
2026-09-11T20:13:55.0985463Z Azure Region: northcentralus
2026-09-11T20:13:55.0986100Z ##[endgroup]
2026-09-11T20:13:55.0987543Z ##[group]Operating System
2026-09-11T20:13:55.0988321Z Ubuntu
2026-09-11T20:13:55.0988885Z 24.04.5
2026-09-11T20:13:55.0989498Z LTS
2026-09-11T20:13:55.0990068Z ##[endgroup]
2026-09-11T20:13:55.0990657Z ##[group]Runner Image
2026-09-11T20:13:55.0991581Z Image: ubuntu-24.04
2026-09-11T20:13:55.0992182Z Version: 20260907.300.1
2026-09-11T20:13:55.0993596Z Included Software: https://github.com/actions/runner-images/blob/ubuntu24/20260907.300/images/ubuntu/Ubuntu2404-Readme.md
2026-09-11T20:13:55.0995181Z Image Release: https://github.com/actions/runner-images/releases/tag/ubuntu24%2F20260907.300
2026-09-11T20:13:55.0996240Z ##[endgroup]
2026-09-11T20:13:55.0997481Z ##[group]GITHUB_TOKEN Permissions
2026-09-11T20:13:55.0999498Z Contents: read
2026-09-11T20:13:55.1000656Z Metadata: read
2026-09-11T20:13:55.1001476Z ##[endgroup]
2026-09-11T20:13:55.1003666Z Secret source: Actions
2026-09-11T20:13:55.1004840Z Cache mode: write
2026-09-11T20:13:55.1005555Z Prepare workflow directory
2026-09-11T20:13:55.1454624Z Prepare all required actions
2026-09-11T20:13:55.1523038Z Getting action download info
2026-09-11T20:13:55.3916530Z Download action repository 'actions/checkout@v6' (SHA:d23441a48e516b6c34aea4fa41551a30e30af803)
2026-09-11T20:13:55.4905520Z Download action repository 'actions/upload-artifact@v4' (SHA:ea165f8d65b6e75b540449e92b4886f43607fa02)
2026-09-11T20:13:55.7051639Z Complete job name: windows-arm64-build
2026-09-11T20:13:55.7809072Z ##[group]Run actions/checkout@v6
2026-09-11T20:13:55.7809955Z with:
2026-09-11T20:13:55.7810402Z   repository: Matanek/Silex
2026-09-11T20:13:55.7814841Z   token: ***
2026-09-11T20:13:55.7815315Z   ssh-strict: true
2026-09-11T20:13:55.7815771Z   ssh-user: git
2026-09-11T20:13:55.7816223Z   persist-credentials: true
2026-09-11T20:13:55.7816721Z   clean: true
2026-09-11T20:13:55.7817179Z   sparse-checkout-cone-mode: true
2026-09-11T20:13:55.7817703Z   fetch-depth: 1
2026-09-11T20:13:55.7818148Z   fetch-tags: false
2026-09-11T20:13:55.7818595Z   show-progress: true
2026-09-11T20:13:55.7819058Z   lfs: false
2026-09-11T20:13:55.7819477Z   submodules: false
2026-09-11T20:13:55.7819932Z   set-safe-directory: true
2026-09-11T20:13:55.7820451Z   allow-unsafe-pr-checkout: false
2026-09-11T20:13:55.7821416Z ##[endgroup]
2026-09-11T20:13:55.8891985Z Syncing repository: Matanek/Silex
2026-09-11T20:13:55.8894666Z ##[group]Getting Git version info
2026-09-11T20:13:55.8895837Z Working directory is '/home/runner/work/Silex/Silex'
2026-09-11T20:13:55.8897432Z [command]/usr/bin/git version
2026-09-11T20:13:55.8926504Z git version 2.55.0
2026-09-11T20:13:55.8961479Z ##[endgroup]
2026-09-11T20:13:55.8968757Z Temporarily overriding HOME='/home/runner/work/_temp/ebe1936c-9e69-43fd-b72f-efc46ff23d63' before making global git config changes
2026-09-11T20:13:55.8970881Z Adding repository directory to the temporary git global config as a safe directory
2026-09-11T20:13:55.8975077Z [command]/usr/bin/git config --global --add safe.directory /home/runner/work/Silex/Silex
2026-09-11T20:13:55.9028114Z Deleting the contents of '/home/runner/work/Silex/Silex'
2026-09-11T20:13:55.9033876Z ##[group]Determining repository object format
2026-09-11T20:13:55.9036985Z ##[endgroup]
2026-09-11T20:13:55.9037964Z ##[group]Initializing the repository
2026-09-11T20:13:55.9042751Z [command]/usr/bin/git init /home/runner/work/Silex/Silex
2026-09-11T20:13:55.9127520Z hint: Using 'master' as the name for the initial branch. This default branch name
2026-09-11T20:13:55.9129125Z hint: will change to "main" in Git 3.0. To configure the initial branch name
2026-09-11T20:13:55.9130712Z hint: to use in all of your new repositories, which will suppress this warning,
2026-09-11T20:13:55.9131886Z hint: call:
2026-09-11T20:13:55.9132441Z hint:
2026-09-11T20:13:55.9133122Z hint: 	git config --global init.defaultBranch <name>
2026-09-11T20:13:55.9133891Z hint:
2026-09-11T20:13:55.9134631Z hint: Names commonly chosen instead of 'master' are 'main', 'trunk' and
2026-09-11T20:13:55.9135865Z hint: 'development'. The just-created branch can be renamed via this command:
2026-09-11T20:13:55.9136955Z hint:
2026-09-11T20:13:55.9137540Z hint: 	git branch -m <name>
2026-09-11T20:13:55.9138174Z hint:
2026-09-11T20:13:55.9138950Z hint: Disable this message with "git config set advice.defaultBranchName false"
2026-09-11T20:13:55.9140222Z Initialized empty Git repository in /home/runner/work/Silex/Silex/.git/
2026-09-11T20:13:55.9142533Z [command]/usr/bin/git remote add origin https://github.com/Matanek/Silex
2026-09-11T20:13:55.9187852Z ##[endgroup]
2026-09-11T20:13:55.9188676Z ##[group]Disabling automatic garbage collection
2026-09-11T20:13:55.9193212Z [command]/usr/bin/git config --local gc.auto 0
2026-09-11T20:13:55.9231932Z ##[endgroup]
2026-09-11T20:13:55.9233330Z ##[group]Setting up auth
2026-09-11T20:13:55.9234135Z Removing SSH command configuration
2026-09-11T20:13:55.9240629Z [command]/usr/bin/git config --local --name-only --get-regexp core\.sshCommand
2026-09-11T20:13:55.9280807Z [command]/usr/bin/git submodule foreach --recursive sh -c "git config --local --name-only --get-regexp 'core\.sshCommand' && git config --local --unset-all 'core.sshCommand' || :"
2026-09-11T20:13:55.9634009Z Removing HTTP extra header
2026-09-11T20:13:55.9643221Z [command]/usr/bin/git config --local --name-only --get-regexp http\.https\:\/\/github\.com\/\.extraheader
2026-09-11T20:13:55.9688371Z [command]/usr/bin/git submodule foreach --recursive sh -c "git config --local --name-only --get-regexp 'http\.https\:\/\/github\.com\/\.extraheader' && git config --local --unset-all 'http.https://github.com/.extraheader' || :"
2026-09-11T20:13:55.9954903Z Removing includeIf entries pointing to credentials config files
2026-09-11T20:13:55.9962918Z [command]/usr/bin/git config --local --name-only --get-regexp ^includeIf\.gitdir:
2026-09-11T20:13:56.0008377Z [command]/usr/bin/git submodule foreach --recursive git config --local --show-origin --name-only --get-regexp remote.origin.url
2026-09-11T20:13:56.0261466Z [command]/usr/bin/git config --file /home/runner/work/_temp/git-credentials-d57db568-e90d-4c07-b972-629041df4336.config http.https://github.com/.extraheader AUTHORIZATION: basic ***
2026-09-11T20:13:56.0308736Z [command]/usr/bin/git config --local includeIf.gitdir:/home/runner/work/Silex/Silex/.git.path /home/runner/work/_temp/git-credentials-d57db568-e90d-4c07-b972-629041df4336.config
2026-09-11T20:13:56.0346892Z [command]/usr/bin/git config --local includeIf.gitdir:/home/runner/work/Silex/Silex/.git/worktrees/*.path /home/runner/work/_temp/git-credentials-d57db568-e90d-4c07-b972-629041df4336.config
2026-09-11T20:13:56.0384798Z [command]/usr/bin/git config --local includeIf.gitdir:/github/workspace/.git.path /github/runner_temp/git-credentials-d57db568-e90d-4c07-b972-629041df4336.config
2026-09-11T20:13:56.0422234Z [command]/usr/bin/git config --local includeIf.gitdir:/github/workspace/.git/worktrees/*.path /github/runner_temp/git-credentials-d57db568-e90d-4c07-b972-629041df4336.config
2026-09-11T20:13:56.0458717Z ##[endgroup]
2026-09-11T20:13:56.0459539Z ##[group]Fetching the repository
2026-09-11T20:13:56.0467056Z [command]/usr/bin/git -c protocol.version=2 fetch --no-tags --prune --no-recurse-submodules --depth=1 origin +1badca9d9c6b2a290db2242299faa9521c0ede5f:refs/remotes/origin/spec-silex-optimization-parity-completion
2026-09-11T20:13:57.3426983Z From https://github.com/Matanek/Silex
2026-09-11T20:13:57.3428757Z  * [new ref]         1badca9d9c6b2a290db2242299faa9521c0ede5f -> origin/spec-silex-optimization-parity-completion
2026-09-11T20:13:57.3440913Z [command]/usr/bin/git branch --list --remote origin/spec-silex-optimization-parity-completion
2026-09-11T20:13:57.3475509Z   origin/spec-silex-optimization-parity-completion
2026-09-11T20:13:57.3501927Z [command]/usr/bin/git rev-parse refs/remotes/origin/spec-silex-optimization-parity-completion
2026-09-11T20:13:57.3522533Z 1badca9d9c6b2a290db2242299faa9521c0ede5f
2026-09-11T20:13:57.3533844Z ##[endgroup]
2026-09-11T20:13:57.3535023Z ##[group]Determining the checkout info
2026-09-11T20:13:57.3536320Z ##[endgroup]
2026-09-11T20:13:57.3537105Z [command]/usr/bin/git sparse-checkout disable
2026-09-11T20:13:57.3601529Z [command]/usr/bin/git config --local --unset-all extensions.worktreeConfig
2026-09-11T20:13:57.3640662Z ##[group]Checking out the ref
2026-09-11T20:13:57.3647769Z [command]/usr/bin/git checkout --progress --force -B spec-silex-optimization-parity-completion refs/remotes/origin/spec-silex-optimization-parity-completion
2026-09-11T20:13:57.5297195Z Switched to a new branch 'spec-silex-optimization-parity-completion'
2026-09-11T20:13:57.5299223Z branch 'spec-silex-optimization-parity-completion' set up to track 'origin/spec-silex-optimization-parity-completion'.
2026-09-11T20:13:57.5312012Z ##[endgroup]
2026-09-11T20:13:57.5366551Z [command]/usr/bin/git log -1 --format=%H
2026-09-11T20:13:57.5398037Z 1badca9d9c6b2a290db2242299faa9521c0ede5f
2026-09-11T20:13:57.5652247Z ##[group]Run set -euo pipefail
2026-09-11T20:13:57.5653191Z [36;1mset -euo pipefail[0m
2026-09-11T20:13:57.5653967Z [36;1marchive="$RUNNER_TEMP/zig.tar.xz"[0m
2026-09-11T20:13:57.5655600Z [36;1mcurl -fL https://ziglang.org/download/0.16.0/zig-x86_64-linux-0.16.0.tar.xz -o "$archive"[0m
2026-09-11T20:13:57.5657940Z [36;1mecho "70e49664a74374b48b51e6f3fdfbf437f6395d42509050588bd49abe52ba3d00  $archive" | sha256sum -c -[0m
2026-09-11T20:13:57.5659709Z [36;1mtar -xJf "$archive" -C "$RUNNER_TEMP"[0m
2026-09-11T20:13:57.5660852Z [36;1mecho "$RUNNER_TEMP/zig-x86_64-linux-0.16.0" >> "$GITHUB_PATH"[0m
2026-09-11T20:13:57.5710032Z shell: /usr/bin/bash --noprofile --norc -e -o pipefail {0}
2026-09-11T20:13:57.5711355Z ##[endgroup]
2026-09-11T20:13:57.5879292Z   % Total    % Received % Xferd  Average Speed   Time    Time     Time  Current
2026-09-11T20:13:57.5880857Z                                  Dload  Upload   Total   Spent    Left  Speed
2026-09-11T20:13:57.5881871Z 
2026-09-11T20:13:58.4685324Z   0     0    0     0    0     0      0      0 --:--:-- --:--:-- --:--:--     0
2026-09-11T20:13:59.4537074Z   0 52.9M    0 98042    0     0   108k      0  0:08:18 --:--:--  0:08:18  108k
2026-09-11T20:14:00.4228687Z   5 52.9M    5 2783k    0     0  1491k      0  0:00:36  0:00:01  0:00:35 1491k
2026-09-11T20:14:01.4233132Z  39 52.9M   39 20.8M    0     0  7528k      0  0:00:07  0:00:02  0:00:05 7526k
2026-09-11T20:14:02.3479320Z  68 52.9M   68 35.9M    0     0  9607k      0  0:00:05  0:00:03  0:00:02 9605k
2026-09-11T20:14:02.3479965Z 100 52.9M  100 52.9M    0     0  11.1M      0  0:00:04  0:00:04 --:--:-- 11.1M
2026-09-11T20:14:02.3986577Z /home/runner/work/_temp/zig.tar.xz: OK
2026-09-11T20:14:06.1610846Z ##[group]Run set -euo pipefail
2026-09-11T20:14:06.1611462Z [36;1mset -euo pipefail[0m
2026-09-11T20:14:06.1611776Z [36;1mstage="$RUNNER_TEMP/windows-arm64-bootstrap"[0m
2026-09-11T20:14:06.1612112Z [36;1mmkdir -p "$stage/boundary"[0m
2026-09-11T20:14:06.1612521Z [36;1mzig build -Dtarget=aarch64-windows -Doptimize=ReleaseFast -Dcpu=baseline \[0m
2026-09-11T20:14:06.1612964Z [36;1m  --prefix "$stage/silex" \[0m
2026-09-11T20:14:06.1613291Z [36;1m  --build-file Toolchain/build.zig[0m
2026-09-11T20:14:06.1613793Z [36;1mzig build-lib Tests/Target/windows-arm64/WindowsArm64BoundaryProbe/Provider.zig \[0m
2026-09-11T20:14:06.1614274Z [36;1m  -O ReleaseSmall \[0m
2026-09-11T20:14:06.1614544Z [36;1m  -target aarch64-windows \[0m
2026-09-11T20:14:06.1614875Z [36;1m  -femit-bin="$stage/boundary/BoundaryProbe.lib"[0m
2026-09-11T20:14:06.1615301Z [36;1mtest "$(head -c 8 "$stage/boundary/BoundaryProbe.lib")" = "!<arch>"[0m
2026-09-11T20:14:06.1659604Z shell: /usr/bin/bash --noprofile --norc -e -o pipefail {0}
2026-09-11T20:14:06.1659993Z ##[endgroup]
2026-09-11T20:19:41.5191525Z Node 20 is being deprecated. This workflow is running with Node 24 by default. If you need to temporarily use Node 20, you can set the ACTIONS_ALLOW_USE_UNSECURE_NODE_VERSION=true environment variable. For more information see: https://github.blog/changelog/2025-09-19-deprecation-of-node-20-on-github-actions-runners/
2026-09-11T20:19:41.5193520Z ##[group]Run actions/upload-artifact@v4
2026-09-11T20:19:41.5193805Z with:
2026-09-11T20:19:41.5194022Z   name: windows-arm64-bootstrap
2026-09-11T20:19:41.5194333Z   path: /home/runner/work/_temp/windows-arm64-bootstrap
2026-09-11T20:19:41.5194651Z   retention-days: 1
2026-09-11T20:19:41.5194878Z   if-no-files-found: error
2026-09-11T20:19:41.5195114Z   compression-level: 6
2026-09-11T20:19:41.5195365Z   overwrite: false
2026-09-11T20:19:41.5195601Z   include-hidden-files: false
2026-09-11T20:19:41.5195878Z ##[endgroup]
2026-09-11T20:19:41.6956268Z (node:2487) [DEP0040] DeprecationWarning: The `punycode` module is deprecated. Please use a userland alternative instead.
2026-09-11T20:19:41.6957618Z (Use `node --trace-deprecation ...` to show where the warning was created)
2026-09-11T20:19:41.7164467Z With the provided path, there will be 3 files uploaded
2026-09-11T20:19:41.7165620Z Artifact name is valid!
2026-09-11T20:19:41.7166052Z Root directory input is valid!
2026-09-11T20:19:41.9525356Z Beginning upload of artifact content to blob storage
2026-09-11T20:19:42.8699393Z (node:2487) [DEP0169] DeprecationWarning: `url.parse()` behavior is not standardized and prone to errors that have security implications. Use the WHATWG URL API instead. CVEs are not issued for `url.parse()` vulnerabilities.
2026-09-11T20:19:43.1727586Z Uploaded bytes 8388608
2026-09-11T20:19:43.2317570Z Uploaded bytes 8749714
2026-09-11T20:19:43.2614239Z Finished uploading artifact content to blob storage!
2026-09-11T20:19:43.2615492Z SHA256 digest of uploaded artifact zip is 5ebdcbda3bcbd3c9d6371adaeac700b24540cd61f8509c4a8457f78a16a5046f
2026-09-11T20:19:43.2616365Z Finalizing artifact upload
2026-09-11T20:19:43.4741731Z Artifact windows-arm64-bootstrap.zip successfully finalized. Artifact ID 10280599384
2026-09-11T20:19:43.4742936Z Artifact windows-arm64-bootstrap has been successfully uploaded! Final size is 8749714 bytes. Artifact ID is 10280599384
2026-09-11T20:19:43.4749390Z Artifact download URL: https://github.com/Matanek/Silex/actions/runs/34643090825/artifacts/10280599384
2026-09-11T20:19:43.5003371Z Post job cleanup.
2026-09-11T20:19:43.5884107Z [command]/usr/bin/git version
2026-09-11T20:19:43.5929914Z git version 2.55.0
2026-09-11T20:19:43.5970946Z Temporarily overriding HOME='/home/runner/work/_temp/71c13170-98fc-499d-8edc-1c1787ff7b64' before making global git config changes
2026-09-11T20:19:43.5972374Z Adding repository directory to the temporary git global config as a safe directory
2026-09-11T20:19:43.5979361Z [command]/usr/bin/git config --global --add safe.directory /home/runner/work/Silex/Silex
2026-09-11T20:19:43.6018722Z Removing SSH command configuration
2026-09-11T20:19:43.6026178Z [command]/usr/bin/git config --local --name-only --get-regexp core\.sshCommand
2026-09-11T20:19:43.6078852Z [command]/usr/bin/git submodule foreach --recursive sh -c "git config --local --name-only --get-regexp 'core\.sshCommand' && git config --local --unset-all 'core.sshCommand' || :"
2026-09-11T20:19:43.6434394Z Removing HTTP extra header
2026-09-11T20:19:43.6447398Z [command]/usr/bin/git config --local --name-only --get-regexp http\.https\:\/\/github\.com\/\.extraheader
2026-09-11T20:19:43.6526625Z [command]/usr/bin/git submodule foreach --recursive sh -c "git config --local --name-only --get-regexp 'http\.https\:\/\/github\.com\/\.extraheader' && git config --local --unset-all 'http.https://github.com/.extraheader' || :"
2026-09-11T20:19:43.6902282Z Removing includeIf entries pointing to credentials config files
2026-09-11T20:19:43.6903382Z [command]/usr/bin/git config --local --name-only --get-regexp ^includeIf\.gitdir:
2026-09-11T20:19:43.6944848Z includeif.gitdir:/home/runner/work/Silex/Silex/.git.path
2026-09-11T20:19:43.6960215Z includeif.gitdir:/home/runner/work/Silex/Silex/.git/worktrees/*.path
2026-09-11T20:19:43.6961061Z includeif.gitdir:/github/workspace/.git.path
2026-09-11T20:19:43.6961947Z includeif.gitdir:/github/workspace/.git/worktrees/*.path
2026-09-11T20:19:43.6963815Z [command]/usr/bin/git config --local --get-all includeif.gitdir:/home/runner/work/Silex/Silex/.git.path
2026-09-11T20:19:43.7013677Z /home/runner/work/_temp/git-credentials-d57db568-e90d-4c07-b972-629041df4336.config
2026-09-11T20:19:43.7027725Z [command]/usr/bin/git config --local --unset includeif.gitdir:/home/runner/work/Silex/Silex/.git.path /home/runner/work/_temp/git-credentials-d57db568-e90d-4c07-b972-629041df4336.config
2026-09-11T20:19:43.7102657Z [command]/usr/bin/git config --local --get-all includeif.gitdir:/home/runner/work/Silex/Silex/.git/worktrees/*.path
2026-09-11T20:19:43.7152511Z /home/runner/work/_temp/git-credentials-d57db568-e90d-4c07-b972-629041df4336.config
2026-09-11T20:19:43.7170391Z [command]/usr/bin/git config --local --unset includeif.gitdir:/home/runner/work/Silex/Silex/.git/worktrees/*.path /home/runner/work/_temp/git-credentials-d57db568-e90d-4c07-b972-629041df4336.config
2026-09-11T20:19:43.7215183Z [command]/usr/bin/git config --local --get-all includeif.gitdir:/github/workspace/.git.path
2026-09-11T20:19:43.7247346Z /github/runner_temp/git-credentials-d57db568-e90d-4c07-b972-629041df4336.config
2026-09-11T20:19:43.7257161Z [command]/usr/bin/git config --local --unset includeif.gitdir:/github/workspace/.git.path /github/runner_temp/git-credentials-d57db568-e90d-4c07-b972-629041df4336.config
2026-09-11T20:19:43.7299917Z [command]/usr/bin/git config --local --get-all includeif.gitdir:/github/workspace/.git/worktrees/*.path
2026-09-11T20:19:43.7330163Z /github/runner_temp/git-credentials-d57db568-e90d-4c07-b972-629041df4336.config
2026-09-11T20:19:43.7341353Z [command]/usr/bin/git config --local --unset includeif.gitdir:/github/workspace/.git/worktrees/*.path /github/runner_temp/git-credentials-d57db568-e90d-4c07-b972-629041df4336.config
2026-09-11T20:19:43.7389583Z [command]/usr/bin/git submodule foreach --recursive git config --local --show-origin --name-only --get-regexp remote.origin.url
2026-09-11T20:19:43.7662845Z Removing credentials config '/home/runner/work/_temp/git-credentials-d57db568-e90d-4c07-b972-629041df4336.config'
2026-09-11T20:19:43.7865532Z Cleaning up orphan processes
2026-09-11T20:19:43.8202665Z ##[warning]Node.js 20 is deprecated. The following actions target Node.js 20 but are being forced to run on Node.js 24: actions/upload-artifact@v4. For more information see: https://github.blog/changelog/2025-09-19-deprecation-of-node-20-on-github-actions-runners/
