2026-09-11T20:13:55.3042827Z Current runner version: '2.337.0'
2026-09-11T20:13:55.3066689Z ##[group]Runner Image Provisioner
2026-09-11T20:13:55.3067654Z Hosted Compute Agent
2026-09-11T20:13:55.3068254Z Version: 20260828.587
2026-09-11T20:13:55.3068923Z Commit: abac92662cab4cc7352de4f9f9d2e2419aad9c29
2026-09-11T20:13:55.3069740Z Build Date: 2026-08-28T16:44:25Z
2026-09-11T20:13:55.3070448Z Worker ID: {f2e8bed6-ec0d-4319-af0f-1e0080d8ecbd}
2026-09-11T20:13:55.3071191Z Azure Region: westus
2026-09-11T20:13:55.3071762Z ##[endgroup]
2026-09-11T20:13:55.3073913Z ##[group]Operating System
2026-09-11T20:13:55.3074653Z Ubuntu
2026-09-11T20:13:55.3075206Z 24.04.5
2026-09-11T20:13:55.3075786Z LTS
2026-09-11T20:13:55.3076306Z ##[endgroup]
2026-09-11T20:13:55.3076891Z ##[group]Runner Image
2026-09-11T20:13:55.3077522Z Image: ubuntu-24.04
2026-09-11T20:13:55.3078073Z Version: 20260907.300.1
2026-09-11T20:13:55.3079367Z Included Software: https://github.com/actions/runner-images/blob/ubuntu24/20260907.300/images/ubuntu/Ubuntu2404-Readme.md
2026-09-11T20:13:55.3080929Z Image Release: https://github.com/actions/runner-images/releases/tag/ubuntu24%2F20260907.300
2026-09-11T20:13:55.3081931Z ##[endgroup]
2026-09-11T20:13:55.3083028Z ##[group]GITHUB_TOKEN Permissions
2026-09-11T20:13:55.3085358Z Contents: read
2026-09-11T20:13:55.3086003Z Metadata: read
2026-09-11T20:13:55.3086537Z ##[endgroup]
2026-09-11T20:13:55.3088689Z Secret source: Actions
2026-09-11T20:13:55.3089622Z Cache mode: write
2026-09-11T20:13:55.3090402Z Prepare workflow directory
2026-09-11T20:13:55.3429987Z Prepare all required actions
2026-09-11T20:13:55.3479247Z Getting action download info
2026-09-11T20:13:55.7205073Z Download action repository 'actions/checkout@v6' (SHA:d23441a48e516b6c34aea4fa41551a30e30af803)
2026-09-11T20:13:55.9337140Z Complete job name: linux-x64
2026-09-11T20:13:56.0099279Z ##[group]Run actions/checkout@v6
2026-09-11T20:13:56.0100157Z with:
2026-09-11T20:13:56.0100602Z   repository: Matanek/Silex
2026-09-11T20:13:56.0104892Z   token: ***
2026-09-11T20:13:56.0105356Z   ssh-strict: true
2026-09-11T20:13:56.0105788Z   ssh-user: git
2026-09-11T20:13:56.0106258Z   persist-credentials: true
2026-09-11T20:13:56.0106748Z   clean: true
2026-09-11T20:13:56.0107195Z   sparse-checkout-cone-mode: true
2026-09-11T20:13:56.0107716Z   fetch-depth: 1
2026-09-11T20:13:56.0108142Z   fetch-tags: false
2026-09-11T20:13:56.0108587Z   show-progress: true
2026-09-11T20:13:56.0109031Z   lfs: false
2026-09-11T20:13:56.0109437Z   submodules: false
2026-09-11T20:13:56.0109884Z   set-safe-directory: true
2026-09-11T20:13:56.0110386Z   allow-unsafe-pr-checkout: false
2026-09-11T20:13:56.0111167Z ##[endgroup]
2026-09-11T20:13:56.1189314Z Syncing repository: Matanek/Silex
2026-09-11T20:13:56.1191512Z ##[group]Getting Git version info
2026-09-11T20:13:56.1192280Z Working directory is '/home/runner/work/Silex/Silex'
2026-09-11T20:13:56.1193727Z [command]/usr/bin/git version
2026-09-11T20:13:56.1268319Z git version 2.55.0
2026-09-11T20:13:56.1302904Z ##[endgroup]
2026-09-11T20:13:56.1311617Z Temporarily overriding HOME='/home/runner/work/_temp/6de639b0-71d0-45e6-83ff-ad75eb8e9be1' before making global git config changes
2026-09-11T20:13:56.1314482Z Adding repository directory to the temporary git global config as a safe directory
2026-09-11T20:13:56.1327149Z [command]/usr/bin/git config --global --add safe.directory /home/runner/work/Silex/Silex
2026-09-11T20:13:56.1370681Z Deleting the contents of '/home/runner/work/Silex/Silex'
2026-09-11T20:13:56.1375642Z ##[group]Determining repository object format
2026-09-11T20:13:56.1378551Z ##[endgroup]
2026-09-11T20:13:56.1379827Z ##[group]Initializing the repository
2026-09-11T20:13:56.1384186Z [command]/usr/bin/git init /home/runner/work/Silex/Silex
2026-09-11T20:13:56.1530657Z hint: Using 'master' as the name for the initial branch. This default branch name
2026-09-11T20:13:56.1531932Z hint: will change to "main" in Git 3.0. To configure the initial branch name
2026-09-11T20:13:56.1533840Z hint: to use in all of your new repositories, which will suppress this warning,
2026-09-11T20:13:56.1535447Z hint: call:
2026-09-11T20:13:56.1536141Z hint:
2026-09-11T20:13:56.1536860Z hint: 	git config --global init.defaultBranch <name>
2026-09-11T20:13:56.1538010Z hint:
2026-09-11T20:13:56.1538640Z hint: Names commonly chosen instead of 'master' are 'main', 'trunk' and
2026-09-11T20:13:56.1540219Z hint: 'development'. The just-created branch can be renamed via this command:
2026-09-11T20:13:56.1541021Z hint:
2026-09-11T20:13:56.1541435Z hint: 	git branch -m <name>
2026-09-11T20:13:56.1541903Z hint:
2026-09-11T20:13:56.1542520Z hint: Disable this message with "git config set advice.defaultBranchName false"
2026-09-11T20:13:56.1544238Z Initialized empty Git repository in /home/runner/work/Silex/Silex/.git/
2026-09-11T20:13:56.1548010Z [command]/usr/bin/git remote add origin https://github.com/Matanek/Silex
2026-09-11T20:13:56.1603182Z ##[endgroup]
2026-09-11T20:13:56.1604486Z ##[group]Disabling automatic garbage collection
2026-09-11T20:13:56.1607023Z [command]/usr/bin/git config --local gc.auto 0
2026-09-11T20:13:56.1639139Z ##[endgroup]
2026-09-11T20:13:56.1640425Z ##[group]Setting up auth
2026-09-11T20:13:56.1641315Z Removing SSH command configuration
2026-09-11T20:13:56.1647398Z [command]/usr/bin/git config --local --name-only --get-regexp core\.sshCommand
2026-09-11T20:13:56.1681394Z [command]/usr/bin/git submodule foreach --recursive sh -c "git config --local --name-only --get-regexp 'core\.sshCommand' && git config --local --unset-all 'core.sshCommand' || :"
2026-09-11T20:13:56.2053797Z Removing HTTP extra header
2026-09-11T20:13:56.2060162Z [command]/usr/bin/git config --local --name-only --get-regexp http\.https\:\/\/github\.com\/\.extraheader
2026-09-11T20:13:56.2100512Z [command]/usr/bin/git submodule foreach --recursive sh -c "git config --local --name-only --get-regexp 'http\.https\:\/\/github\.com\/\.extraheader' && git config --local --unset-all 'http.https://github.com/.extraheader' || :"
2026-09-11T20:13:56.2320446Z Removing includeIf entries pointing to credentials config files
2026-09-11T20:13:56.2327100Z [command]/usr/bin/git config --local --name-only --get-regexp ^includeIf\.gitdir:
2026-09-11T20:13:56.2363210Z [command]/usr/bin/git submodule foreach --recursive git config --local --show-origin --name-only --get-regexp remote.origin.url
2026-09-11T20:13:56.2591525Z [command]/usr/bin/git config --file /home/runner/work/_temp/git-credentials-de5970c0-0a82-4596-85cb-f94cc83900b0.config http.https://github.com/.extraheader AUTHORIZATION: basic ***
2026-09-11T20:13:56.2632448Z [command]/usr/bin/git config --local includeIf.gitdir:/home/runner/work/Silex/Silex/.git.path /home/runner/work/_temp/git-credentials-de5970c0-0a82-4596-85cb-f94cc83900b0.config
2026-09-11T20:13:56.2666257Z [command]/usr/bin/git config --local includeIf.gitdir:/home/runner/work/Silex/Silex/.git/worktrees/*.path /home/runner/work/_temp/git-credentials-de5970c0-0a82-4596-85cb-f94cc83900b0.config
2026-09-11T20:13:56.2705232Z [command]/usr/bin/git config --local includeIf.gitdir:/github/workspace/.git.path /github/runner_temp/git-credentials-de5970c0-0a82-4596-85cb-f94cc83900b0.config
2026-09-11T20:13:56.2745193Z [command]/usr/bin/git config --local includeIf.gitdir:/github/workspace/.git/worktrees/*.path /github/runner_temp/git-credentials-de5970c0-0a82-4596-85cb-f94cc83900b0.config
2026-09-11T20:13:56.2789778Z ##[endgroup]
2026-09-11T20:13:56.2791547Z ##[group]Fetching the repository
2026-09-11T20:13:56.2800901Z [command]/usr/bin/git -c protocol.version=2 fetch --no-tags --prune --no-recurse-submodules --depth=1 origin +1badca9d9c6b2a290db2242299faa9521c0ede5f:refs/remotes/origin/spec-silex-optimization-parity-completion
2026-09-11T20:13:57.5134840Z From https://github.com/Matanek/Silex
2026-09-11T20:13:57.5137471Z  * [new ref]         1badca9d9c6b2a290db2242299faa9521c0ede5f -> origin/spec-silex-optimization-parity-completion
2026-09-11T20:13:57.5148930Z [command]/usr/bin/git branch --list --remote origin/spec-silex-optimization-parity-completion
2026-09-11T20:13:57.5177614Z   origin/spec-silex-optimization-parity-completion
2026-09-11T20:13:57.5186653Z [command]/usr/bin/git rev-parse refs/remotes/origin/spec-silex-optimization-parity-completion
2026-09-11T20:13:57.5212418Z 1badca9d9c6b2a290db2242299faa9521c0ede5f
2026-09-11T20:13:57.5218437Z ##[endgroup]
2026-09-11T20:13:57.5219914Z ##[group]Determining the checkout info
2026-09-11T20:13:57.5221523Z ##[endgroup]
2026-09-11T20:13:57.5224435Z [command]/usr/bin/git sparse-checkout disable
2026-09-11T20:13:57.5276382Z [command]/usr/bin/git config --local --unset-all extensions.worktreeConfig
2026-09-11T20:13:57.5309858Z ##[group]Checking out the ref
2026-09-11T20:13:57.5314752Z [command]/usr/bin/git checkout --progress --force -B spec-silex-optimization-parity-completion refs/remotes/origin/spec-silex-optimization-parity-completion
2026-09-11T20:13:57.6928151Z Switched to a new branch 'spec-silex-optimization-parity-completion'
2026-09-11T20:13:57.6934877Z branch 'spec-silex-optimization-parity-completion' set up to track 'origin/spec-silex-optimization-parity-completion'.
2026-09-11T20:13:57.6947420Z ##[endgroup]
2026-09-11T20:13:57.6993789Z [command]/usr/bin/git log -1 --format=%H
2026-09-11T20:13:57.7021290Z 1badca9d9c6b2a290db2242299faa9521c0ede5f
2026-09-11T20:13:57.7439339Z ##[group]Run actions/checkout@v6
2026-09-11T20:13:57.7440572Z with:
2026-09-11T20:13:57.7441489Z   repository: Matanek/Silex-Lib-STD
2026-09-11T20:13:57.7442805Z   ref: 5a018305fb470dfe00e94466150b3c04f207e252
2026-09-11T20:13:57.7444306Z   path: Dependencies/STD
2026-09-11T20:13:57.7455025Z   token: ***
2026-09-11T20:13:57.7455954Z   ssh-strict: true
2026-09-11T20:13:57.7456895Z   ssh-user: git
2026-09-11T20:13:57.7457860Z   persist-credentials: true
2026-09-11T20:13:57.7458940Z   clean: true
2026-09-11T20:13:57.7459912Z   sparse-checkout-cone-mode: true
2026-09-11T20:13:57.7461087Z   fetch-depth: 1
2026-09-11T20:13:57.7462033Z   fetch-tags: false
2026-09-11T20:13:57.7462993Z   show-progress: true
2026-09-11T20:13:57.7464111Z   lfs: false
2026-09-11T20:13:57.7465010Z   submodules: false
2026-09-11T20:13:57.7466016Z   set-safe-directory: true
2026-09-11T20:13:57.7467130Z   allow-unsafe-pr-checkout: false
2026-09-11T20:13:57.7468277Z ##[endgroup]
2026-09-11T20:13:57.8329727Z Syncing repository: Matanek/Silex-Lib-STD
2026-09-11T20:13:57.8333705Z ##[group]Getting Git version info
2026-09-11T20:13:57.8336660Z Working directory is '/home/runner/work/Silex/Silex/Dependencies/STD'
2026-09-11T20:13:57.8364182Z [command]/usr/bin/git version
2026-09-11T20:13:57.8407175Z git version 2.55.0
2026-09-11T20:13:57.8433465Z ##[endgroup]
2026-09-11T20:13:57.8448700Z Temporarily overriding HOME='/home/runner/work/_temp/abf53c17-5fe7-4f15-ae2b-624c9a04709f' before making global git config changes
2026-09-11T20:13:57.8454373Z Adding repository directory to the temporary git global config as a safe directory
2026-09-11T20:13:57.8459414Z [command]/usr/bin/git config --global --add safe.directory /home/runner/work/Silex/Silex/Dependencies/STD
2026-09-11T20:13:57.8488778Z ##[group]Determining repository object format
2026-09-11T20:13:57.8492269Z ##[endgroup]
2026-09-11T20:13:57.8495274Z ##[group]Initializing the repository
2026-09-11T20:13:57.8498320Z [command]/usr/bin/git init /home/runner/work/Silex/Silex/Dependencies/STD
2026-09-11T20:13:57.8538480Z hint: Using 'master' as the name for the initial branch. This default branch name
2026-09-11T20:13:57.8542298Z hint: will change to "main" in Git 3.0. To configure the initial branch name
2026-09-11T20:13:57.8546416Z hint: to use in all of your new repositories, which will suppress this warning,
2026-09-11T20:13:57.8549387Z hint: call:
2026-09-11T20:13:57.8551984Z hint:
2026-09-11T20:13:57.8554147Z hint: 	git config --global init.defaultBranch <name>
2026-09-11T20:13:57.8556538Z hint:
2026-09-11T20:13:57.8559051Z hint: Names commonly chosen instead of 'master' are 'main', 'trunk' and
2026-09-11T20:13:57.8562344Z hint: 'development'. The just-created branch can be renamed via this command:
2026-09-11T20:13:57.8565824Z hint:
2026-09-11T20:13:57.8567918Z hint: 	git branch -m <name>
2026-09-11T20:13:57.8570390Z hint:
2026-09-11T20:13:57.8572738Z hint: Disable this message with "git config set advice.defaultBranchName false"
2026-09-11T20:13:57.8576850Z Initialized empty Git repository in /home/runner/work/Silex/Silex/Dependencies/STD/.git/
2026-09-11T20:13:57.8581221Z [command]/usr/bin/git remote add origin https://github.com/Matanek/Silex-Lib-STD
2026-09-11T20:13:57.8592243Z ##[endgroup]
2026-09-11T20:13:57.8596661Z ##[group]Disabling automatic garbage collection
2026-09-11T20:13:57.8599010Z [command]/usr/bin/git config --local gc.auto 0
2026-09-11T20:13:57.8628250Z ##[endgroup]
2026-09-11T20:13:57.8630837Z ##[group]Setting up auth
2026-09-11T20:13:57.8633178Z Removing SSH command configuration
2026-09-11T20:13:57.8646487Z [command]/usr/bin/git config --local --name-only --get-regexp core\.sshCommand
2026-09-11T20:13:57.8691284Z [command]/usr/bin/git submodule foreach --recursive sh -c "git config --local --name-only --get-regexp 'core\.sshCommand' && git config --local --unset-all 'core.sshCommand' || :"
2026-09-11T20:13:57.8944927Z Removing HTTP extra header
2026-09-11T20:13:57.8966602Z [command]/usr/bin/git config --local --name-only --get-regexp http\.https\:\/\/github\.com\/\.extraheader
2026-09-11T20:13:57.9245651Z [command]/usr/bin/git submodule foreach --recursive sh -c "git config --local --name-only --get-regexp 'http\.https\:\/\/github\.com\/\.extraheader' && git config --local --unset-all 'http.https://github.com/.extraheader' || :"
2026-09-11T20:13:57.9335964Z Removing includeIf entries pointing to credentials config files
2026-09-11T20:13:57.9339350Z [command]/usr/bin/git config --local --name-only --get-regexp ^includeIf\.gitdir:
2026-09-11T20:13:57.9360472Z [command]/usr/bin/git submodule foreach --recursive git config --local --show-origin --name-only --get-regexp remote.origin.url
2026-09-11T20:13:57.9565619Z [command]/usr/bin/git config --file /home/runner/work/_temp/git-credentials-e54c6c83-6ac7-4aef-934b-43195ea72233.config http.https://github.com/.extraheader AUTHORIZATION: basic ***
2026-09-11T20:13:57.9608747Z [command]/usr/bin/git config --local includeIf.gitdir:/home/runner/work/Silex/Silex/Dependencies/STD/.git.path /home/runner/work/_temp/git-credentials-e54c6c83-6ac7-4aef-934b-43195ea72233.config
2026-09-11T20:13:57.9645432Z [command]/usr/bin/git config --local includeIf.gitdir:/home/runner/work/Silex/Silex/Dependencies/STD/.git/worktrees/*.path /home/runner/work/_temp/git-credentials-e54c6c83-6ac7-4aef-934b-43195ea72233.config
2026-09-11T20:13:57.9680854Z [command]/usr/bin/git config --local includeIf.gitdir:/github/workspace/Dependencies/STD/.git.path /github/runner_temp/git-credentials-e54c6c83-6ac7-4aef-934b-43195ea72233.config
2026-09-11T20:13:57.9718307Z [command]/usr/bin/git config --local includeIf.gitdir:/github/workspace/Dependencies/STD/.git/worktrees/*.path /github/runner_temp/git-credentials-e54c6c83-6ac7-4aef-934b-43195ea72233.config
2026-09-11T20:13:57.9751870Z ##[endgroup]
2026-09-11T20:13:57.9753710Z ##[group]Fetching the repository
2026-09-11T20:13:57.9760064Z [command]/usr/bin/git -c protocol.version=2 fetch --no-tags --prune --no-recurse-submodules --depth=1 origin 5a018305fb470dfe00e94466150b3c04f207e252
2026-09-11T20:13:58.5792165Z From https://github.com/Matanek/Silex-Lib-STD
2026-09-11T20:13:58.5794901Z  * branch            5a018305fb470dfe00e94466150b3c04f207e252 -> FETCH_HEAD
2026-09-11T20:13:58.5805688Z [command]/usr/bin/git rev-parse --verify --quiet 5a018305fb470dfe00e94466150b3c04f207e252^{object}
2026-09-11T20:13:58.5835290Z 5a018305fb470dfe00e94466150b3c04f207e252
2026-09-11T20:13:58.5839960Z ##[endgroup]
2026-09-11T20:13:58.5841035Z ##[group]Determining the checkout info
2026-09-11T20:13:58.5842178Z ##[endgroup]
2026-09-11T20:13:58.5847800Z [command]/usr/bin/git sparse-checkout disable
2026-09-11T20:13:58.5893090Z [command]/usr/bin/git config --local --unset-all extensions.worktreeConfig
2026-09-11T20:13:58.5925616Z ##[group]Checking out the ref
2026-09-11T20:13:58.5928716Z [command]/usr/bin/git checkout --progress --force 5a018305fb470dfe00e94466150b3c04f207e252
2026-09-11T20:13:58.6195861Z Note: switching to '5a018305fb470dfe00e94466150b3c04f207e252'.
2026-09-11T20:13:58.6196671Z 
2026-09-11T20:13:58.6197395Z You are in 'detached HEAD' state. You can look around, make experimental
2026-09-11T20:13:58.6198463Z changes and commit them, and you can discard any commits you make in this
2026-09-11T20:13:58.6199476Z state without impacting any branches by switching back to a branch.
2026-09-11T20:13:58.6200022Z 
2026-09-11T20:13:58.6200403Z If you want to create a new branch to retain commits you create, you may
2026-09-11T20:13:58.6201338Z do so (now or later) by using -c with the switch command. Example:
2026-09-11T20:13:58.6201659Z 
2026-09-11T20:13:58.6201812Z   git switch -c <new-branch-name>
2026-09-11T20:13:58.6202044Z 
2026-09-11T20:13:58.6202207Z Or undo this operation with:
2026-09-11T20:13:58.6202407Z 
2026-09-11T20:13:58.6202529Z   git switch -
2026-09-11T20:13:58.6202691Z 
2026-09-11T20:13:58.6202944Z Turn off this advice by setting config variable advice.detachedHead to false
2026-09-11T20:13:58.6203633Z 
2026-09-11T20:13:58.6204013Z HEAD is now at 5a01830 Prepare STD 0.21.0
2026-09-11T20:13:58.6205558Z ##[endgroup]
2026-09-11T20:13:58.6245671Z [command]/usr/bin/git log -1 --format=%H
2026-09-11T20:13:58.6272612Z 5a018305fb470dfe00e94466150b3c04f207e252
2026-09-11T20:13:58.6414438Z ##[group]Run set -euo pipefail
2026-09-11T20:13:58.6414912Z [36;1mset -euo pipefail[0m
2026-09-11T20:13:58.6415258Z [36;1marchive="$RUNNER_TEMP/zig.tar.xz"[0m
2026-09-11T20:13:58.6415842Z [36;1mcurl -fL https://ziglang.org/download/0.16.0/zig-x86_64-linux-0.16.0.tar.xz -o "$archive"[0m
2026-09-11T20:13:58.6416632Z [36;1mecho "70e49664a74374b48b51e6f3fdfbf437f6395d42509050588bd49abe52ba3d00  $archive" | sha256sum -c -[0m
2026-09-11T20:13:58.6417243Z [36;1mtar -xJf "$archive" -C "$RUNNER_TEMP"[0m
2026-09-11T20:13:58.6417693Z [36;1mecho "$RUNNER_TEMP/zig-x86_64-linux-0.16.0" >> "$GITHUB_PATH"[0m
2026-09-11T20:13:58.6459737Z shell: /usr/bin/bash --noprofile --norc -e -o pipefail {0}
2026-09-11T20:13:58.6460199Z ##[endgroup]
2026-09-11T20:13:58.6611355Z   % Total    % Received % Xferd  Average Speed   Time    Time     Time  Current
2026-09-11T20:13:58.6612360Z                                  Dload  Upload   Total   Spent    Left  Speed
2026-09-11T20:13:58.6612865Z 
2026-09-11T20:13:59.3669788Z   0     0    0     0    0     0      0      0 --:--:-- --:--:-- --:--:--     0
2026-09-11T20:14:00.3896623Z   0     0    0     0    0     0      0      0 --:--:-- --:--:-- --:--:--     0
2026-09-11T20:14:01.4121929Z   1 52.9M    1  671k    0     0   388k      0  0:02:19  0:00:01  0:02:18  388k
2026-09-11T20:14:02.3552562Z  11 52.9M   11 6095k    0     0  2215k      0  0:00:24  0:00:02  0:00:22 2215k
2026-09-11T20:14:03.4223259Z  33 52.9M   33 17.5M    0     0  4876k      0  0:00:11  0:00:03  0:00:08 4875k
2026-09-11T20:14:04.3744477Z  66 52.9M   66 35.1M    0     0  7550k      0  0:00:07  0:00:04  0:00:03 7549k
2026-09-11T20:14:04.3949727Z  98 52.9M   98 52.1M    0     0  9350k      0  0:00:05  0:00:05 --:--:-- 10.4M
2026-09-11T20:14:04.3950488Z 100 52.9M  100 52.9M    0     0  9448k      0  0:00:05  0:00:05 --:--:-- 13.0M
2026-09-11T20:14:04.4405496Z /home/runner/work/_temp/zig.tar.xz: OK
2026-09-11T20:14:08.2360513Z ##[group]Run set -euo pipefail
2026-09-11T20:14:08.2360888Z [36;1mset -euo pipefail[0m
2026-09-11T20:14:08.2361144Z [36;1mtest "$(uname -m)" = "x86_64"[0m
2026-09-11T20:14:08.2361423Z [36;1mexport HOME="$RUNNER_TEMP/home"[0m
2026-09-11T20:14:08.2361697Z [36;1mmkdir -p "$HOME"[0m
2026-09-11T20:14:08.2361994Z [36;1mzig build -Doptimize=ReleaseFast -Dcpu=baseline \[0m
2026-09-11T20:14:08.2362365Z [36;1m  --prefix "$RUNNER_TEMP/silex-prefix" \[0m
2026-09-11T20:14:08.2362698Z [36;1m  --build-file Toolchain/build.zig[0m
2026-09-11T20:14:08.2363023Z [36;1msilex="$RUNNER_TEMP/silex-prefix/bin/silex"[0m
2026-09-11T20:14:08.2363652Z [36;1m"$silex" setup[0m
2026-09-11T20:14:08.2364102Z [36;1m"$silex" link "$GITHUB_WORKSPACE/Dependencies/STD" --workspace "$GITHUB_WORKSPACE"[0m
2026-09-11T20:14:08.2364806Z [36;1m"$silex" test "$GITHUB_WORKSPACE/Tests/Types/Str/Operators.sx"[0m
2026-09-11T20:14:08.2365277Z [36;1m"$silex" test "$GITHUB_WORKSPACE/Tests/Types/Str/Returns.sx"[0m
2026-09-11T20:14:08.2365729Z [36;1m"$silex" test "$GITHUB_WORKSPACE/Tests/Native/NativePortability.sx"[0m
2026-09-11T20:14:08.2366249Z [36;1m"$silex" compile "$GITHUB_WORKSPACE/Tests/Native/NativePortability.sx" \[0m
2026-09-11T20:14:08.2366709Z [36;1m  --release -o "$RUNNER_TEMP/native-portability"[0m
2026-09-11T20:14:08.2367103Z [36;1mportability_output=$("$RUNNER_TEMP/native-portability")[0m
2026-09-11T20:14:08.2367469Z [36;1mprintf '%s\n' "$portability_output"[0m
2026-09-11T20:14:08.2367890Z [36;1mcycle_drops=$(printf '%s\n' "$portability_output" | grep -c '^native cycle drop$')[0m
2026-09-11T20:14:08.2368321Z [36;1mtest "$cycle_drops" -eq 6[0m
2026-09-11T20:14:08.2368694Z [36;1m"$silex" compile "$GITHUB_WORKSPACE/Tests/Native/DistributionSmoke.sx" \[0m
2026-09-11T20:14:08.2369142Z [36;1m  --release -o "$RUNNER_TEMP/distribution-smoke"[0m
2026-09-11T20:14:08.2369568Z [36;1mtest "$("$RUNNER_TEMP/distribution-smoke")" = "silex distribution ready"[0m
2026-09-11T20:14:08.2370205Z [36;1maggregate_fixture="$GITHUB_WORKSPACE/Toolchain/Benchmarks/Optimizer/Regressions/AggregateFieldStores.sx"[0m
2026-09-11T20:14:08.2370924Z [36;1mtest "$("$silex" interpret "$aggregate_fixture" --nocache)" = "aggregate field stores preserved"[0m
2026-09-11T20:14:08.2371410Z [36;1mfor mode in debug release; do[0m
2026-09-11T20:14:08.2371754Z [36;1m  "$silex" compile "$aggregate_fixture" "--$mode" --nocache \[0m
2026-09-11T20:14:08.2372143Z [36;1m    -o "$RUNNER_TEMP/aggregate-fields-$mode"[0m
2026-09-11T20:14:08.2372600Z [36;1m  test "$("$RUNNER_TEMP/aggregate-fields-$mode")" = "aggregate field stores preserved"[0m
2026-09-11T20:14:08.2373043Z [36;1mdone[0m
2026-09-11T20:14:08.2373712Z [36;1mminmax_fixture="$GITHUB_WORKSPACE/Toolchain/Benchmarks/Native/ScalarMathMinMax.sx"[0m
2026-09-11T20:14:08.2374193Z [36;1mfor mode in debug release; do[0m
2026-09-11T20:14:08.2374529Z [36;1m  "$silex" compile "$minmax_fixture" "--$mode" --nocache \[0m
2026-09-11T20:14:08.2374916Z [36;1m    -o "$RUNNER_TEMP/scalar-math-minmax-$mode"[0m
2026-09-11T20:14:08.2375387Z [36;1m  test "$("$RUNNER_TEMP/scalar-math-minmax-$mode")" = "scalar-math-minmax: pass"[0m
2026-09-11T20:14:08.2375792Z [36;1mdone[0m
2026-09-11T20:14:08.2376151Z [36;1m# Compile the exact standalone witness without the optimizer package's STD graph.[0m
2026-09-11T20:14:08.2376634Z [36;1mscalar_root="$RUNNER_TEMP/scalar-float-fixture"[0m
2026-09-11T20:14:08.2376953Z [36;1mmkdir -p "$scalar_root"[0m
2026-09-11T20:14:08.2377290Z [36;1mprintf '%s\n' '{"sources":"."}' > "$scalar_root/Package.json"[0m
2026-09-11T20:14:08.2377706Z [36;1mscalar_fixture="$scalar_root/ScalarFloatResidence.sx"[0m
2026-09-11T20:14:08.2378309Z [36;1mcp "$GITHUB_WORKSPACE/Toolchain/Benchmarks/Optimizer/Regressions/ScalarFloatResidence.sx" "$scalar_fixture"[0m
2026-09-11T20:14:08.2378869Z [36;1mfor mode in debug release; do[0m
2026-09-11T20:14:08.2379197Z [36;1m  "$silex" compile "$scalar_fixture" "--$mode" --nocache \[0m
2026-09-11T20:14:08.2379767Z [36;1m    -o "$RUNNER_TEMP/scalar-float-residence-$mode"[0m
2026-09-11T20:14:08.2380183Z [36;1m  scalar_output=$("$RUNNER_TEMP/scalar-float-residence-$mode")[0m
2026-09-11T20:14:08.2380607Z [36;1m  test "$(printf '%s\n' "$scalar_output" | wc -l)" -eq 9[0m
2026-09-11T20:14:08.2381017Z [36;1m  test "$(printf '%s\n' "$scalar_output" | grep -c '^true$')" -eq 9[0m
2026-09-11T20:14:08.2381359Z [36;1mdone[0m
2026-09-11T20:14:08.2381619Z [36;1mbranch_fixture="$scalar_root/BranchComparisons.sx"[0m
2026-09-11T20:14:08.2382196Z [36;1mcp "$GITHUB_WORKSPACE/Toolchain/Benchmarks/Optimizer/Regressions/BranchComparisons.sx" "$branch_fixture"[0m
2026-09-11T20:14:08.2382726Z [36;1mfor mode in debug release; do[0m
2026-09-11T20:14:08.2383047Z [36;1m  "$silex" compile "$branch_fixture" "--$mode" --nocache \[0m
2026-09-11T20:14:08.2383687Z [36;1m    -o "$RUNNER_TEMP/branch-comparisons-$mode"[0m
2026-09-11T20:14:08.2384085Z [36;1m  test "$("$RUNNER_TEMP/branch-comparisons-$mode")" = "true"[0m
2026-09-11T20:14:08.2384432Z [36;1mdone[0m
2026-09-11T20:14:08.2424118Z shell: /usr/bin/bash --noprofile --norc -e -o pipefail {0}
2026-09-11T20:14:08.2424464Z ##[endgroup]
2026-09-11T20:19:23.1692703Z silex: installed Shadercross for linux-x64
2026-09-11T20:19:50.7037087Z silex: installed Native linker for linux-x64
2026-09-11T20:19:50.7051701Z silex: linked STD@0.21.0 to /home/runner/work/Silex/Silex/Dependencies/STD for this workspace
2026-09-11T20:20:03.9306453Z ok - str concatenation operand positions
2026-09-11T20:20:03.9512798Z ok - str compound concatenation
2026-09-11T20:20:03.9715403Z ok - str equality and interpolation
2026-09-11T20:20:03.9915769Z ok - str unicode scalar count
2026-09-11T20:20:03.9918352Z 4 passed; 0 failed
2026-09-11T20:20:04.0436240Z ok - str return positions
2026-09-11T20:20:04.0437468Z 1 passed; 0 failed
2026-09-11T20:20:04.1032357Z ok - execute direct indirect and dynamic calls beyond native registers
2026-09-11T20:20:04.1240750Z ok - preserve paired float32 arithmetic on native
2026-09-11T20:20:04.1447701Z ok - mutate a class-owned native list without changing its snapshot
2026-09-11T20:20:04.1652341Z ok - replace class elements in a class-owned native list
2026-09-11T20:20:04.1859916Z ok - preserve embedded byte contents on native
2026-09-11T20:20:04.2067612Z ok - format native floats through the standalone runtime
2026-09-11T20:20:04.2271945Z ok - convert native float precision in both directions
2026-09-11T20:20:04.2481410Z ok - replace and preserve an aliased native list
2026-09-11T20:20:04.2688948Z ok - swap and reverse a native list
2026-09-11T20:20:04.2898807Z ok - grow a native list at every position
2026-09-11T20:20:04.3122596Z ok - remove native list elements from every position
2026-09-11T20:20:04.3332847Z ok - slice view mutate and clear native lists
2026-09-11T20:20:04.3539363Z ok - mutable aggregate view detaches shared native list
2026-09-11T20:20:04.3745602Z copy state drop
2026-09-11T20:20:04.3747277Z copy state drop
2026-09-11T20:20:04.3747832Z ok - deep-copy repeated native class roots without collections
2026-09-11T20:20:04.3957205Z native cycle drop
2026-09-11T20:20:04.3957618Z native cycle drop
2026-09-11T20:20:04.3958020Z ok - finalize a direct native class cycle
2026-09-11T20:20:04.4165906Z native cycle drop
2026-09-11T20:20:04.4166294Z native cycle drop
2026-09-11T20:20:04.4166719Z ok - finalize a native class cycle through lists
2026-09-11T20:20:04.4369315Z native cycle drop
2026-09-11T20:20:04.4369700Z native cycle drop
2026-09-11T20:20:04.4370146Z ok - finalize a native class cycle through protocols
2026-09-11T20:20:04.4593656Z ok - execute the complete native collection mutation slice
2026-09-11T20:20:04.4799579Z copy state drop
2026-09-11T20:20:04.4800011Z copy state drop
2026-09-11T20:20:04.4800457Z ok - execute native ownership and deep-copy runtime
2026-09-11T20:20:04.5006115Z ok - preserve resource aggregates across native list growth
2026-09-11T20:20:04.5210865Z ok - serialize native mutations with mutex
2026-09-11T20:20:04.5418979Z native cycle drop
2026-09-11T20:20:04.5419560Z native cycle drop
2026-09-11T20:20:04.5419779Z native cycle drop
2026-09-11T20:20:04.5419971Z native cycle drop
2026-09-11T20:20:04.5420157Z native cycle drop
2026-09-11T20:20:04.5420343Z native cycle drop
2026-09-11T20:20:04.5420663Z ok - finalize native cycles across direct collection and protocol edges
2026-09-11T20:20:04.5430391Z 22 passed; 0 failed
2026-09-11T20:20:04.6193556Z copy state drop
2026-09-11T20:20:04.6193982Z copy state drop
2026-09-11T20:20:04.6194461Z native cycle drop
2026-09-11T20:20:04.6194814Z native cycle drop
2026-09-11T20:20:04.6195028Z native cycle drop
2026-09-11T20:20:04.6195227Z native cycle drop
2026-09-11T20:20:04.6195416Z native cycle drop
2026-09-11T20:20:04.6195604Z native cycle drop
2026-09-11T20:20:05.5423643Z Post job cleanup.
2026-09-11T20:20:05.6300644Z [command]/usr/bin/git version
2026-09-11T20:20:05.6346344Z git version 2.55.0
2026-09-11T20:20:05.6387629Z Temporarily overriding HOME='/home/runner/work/_temp/5d1f5232-b9fd-4b12-bb27-350949360a3d' before making global git config changes
2026-09-11T20:20:05.6388990Z Adding repository directory to the temporary git global config as a safe directory
2026-09-11T20:20:05.6393991Z [command]/usr/bin/git config --global --add safe.directory /home/runner/work/Silex/Silex/Dependencies/STD
2026-09-11T20:20:05.6425641Z Removing SSH command configuration
2026-09-11T20:20:05.6432598Z [command]/usr/bin/git config --local --name-only --get-regexp core\.sshCommand
2026-09-11T20:20:05.6468543Z [command]/usr/bin/git submodule foreach --recursive sh -c "git config --local --name-only --get-regexp 'core\.sshCommand' && git config --local --unset-all 'core.sshCommand' || :"
2026-09-11T20:20:05.6709468Z Removing HTTP extra header
2026-09-11T20:20:05.6715763Z [command]/usr/bin/git config --local --name-only --get-regexp http\.https\:\/\/github\.com\/\.extraheader
2026-09-11T20:20:05.6757100Z [command]/usr/bin/git submodule foreach --recursive sh -c "git config --local --name-only --get-regexp 'http\.https\:\/\/github\.com\/\.extraheader' && git config --local --unset-all 'http.https://github.com/.extraheader' || :"
2026-09-11T20:20:05.7011523Z Removing includeIf entries pointing to credentials config files
2026-09-11T20:20:05.7020545Z [command]/usr/bin/git config --local --name-only --get-regexp ^includeIf\.gitdir:
2026-09-11T20:20:05.7063821Z includeif.gitdir:/home/runner/work/Silex/Silex/Dependencies/STD/.git.path
2026-09-11T20:20:05.7064733Z includeif.gitdir:/home/runner/work/Silex/Silex/Dependencies/STD/.git/worktrees/*.path
2026-09-11T20:20:05.7065273Z includeif.gitdir:/github/workspace/Dependencies/STD/.git.path
2026-09-11T20:20:05.7065745Z includeif.gitdir:/github/workspace/Dependencies/STD/.git/worktrees/*.path
2026-09-11T20:20:05.7066826Z [command]/usr/bin/git config --local --get-all includeif.gitdir:/home/runner/work/Silex/Silex/Dependencies/STD/.git.path
2026-09-11T20:20:05.7092818Z /home/runner/work/_temp/git-credentials-e54c6c83-6ac7-4aef-934b-43195ea72233.config
2026-09-11T20:20:05.7114701Z [command]/usr/bin/git config --local --unset includeif.gitdir:/home/runner/work/Silex/Silex/Dependencies/STD/.git.path /home/runner/work/_temp/git-credentials-e54c6c83-6ac7-4aef-934b-43195ea72233.config
2026-09-11T20:20:05.7150182Z [command]/usr/bin/git config --local --get-all includeif.gitdir:/home/runner/work/Silex/Silex/Dependencies/STD/.git/worktrees/*.path
2026-09-11T20:20:05.7177801Z /home/runner/work/_temp/git-credentials-e54c6c83-6ac7-4aef-934b-43195ea72233.config
2026-09-11T20:20:05.7189023Z [command]/usr/bin/git config --local --unset includeif.gitdir:/home/runner/work/Silex/Silex/Dependencies/STD/.git/worktrees/*.path /home/runner/work/_temp/git-credentials-e54c6c83-6ac7-4aef-934b-43195ea72233.config
2026-09-11T20:20:05.7228325Z [command]/usr/bin/git config --local --get-all includeif.gitdir:/github/workspace/Dependencies/STD/.git.path
2026-09-11T20:20:05.7254157Z /github/runner_temp/git-credentials-e54c6c83-6ac7-4aef-934b-43195ea72233.config
2026-09-11T20:20:05.7264390Z [command]/usr/bin/git config --local --unset includeif.gitdir:/github/workspace/Dependencies/STD/.git.path /github/runner_temp/git-credentials-e54c6c83-6ac7-4aef-934b-43195ea72233.config
2026-09-11T20:20:05.7301903Z [command]/usr/bin/git config --local --get-all includeif.gitdir:/github/workspace/Dependencies/STD/.git/worktrees/*.path
2026-09-11T20:20:05.7331686Z /github/runner_temp/git-credentials-e54c6c83-6ac7-4aef-934b-43195ea72233.config
2026-09-11T20:20:05.7346084Z [command]/usr/bin/git config --local --unset includeif.gitdir:/github/workspace/Dependencies/STD/.git/worktrees/*.path /github/runner_temp/git-credentials-e54c6c83-6ac7-4aef-934b-43195ea72233.config
2026-09-11T20:20:05.7395086Z [command]/usr/bin/git submodule foreach --recursive git config --local --show-origin --name-only --get-regexp remote.origin.url
2026-09-11T20:20:05.7619644Z Removing credentials config '/home/runner/work/_temp/git-credentials-e54c6c83-6ac7-4aef-934b-43195ea72233.config'
2026-09-11T20:20:05.7798772Z Post job cleanup.
2026-09-11T20:20:05.8679647Z [command]/usr/bin/git version
2026-09-11T20:20:05.8725268Z git version 2.55.0
2026-09-11T20:20:05.8766264Z Temporarily overriding HOME='/home/runner/work/_temp/2e98c971-e020-4402-9c66-f598c88af97e' before making global git config changes
2026-09-11T20:20:05.8767553Z Adding repository directory to the temporary git global config as a safe directory
2026-09-11T20:20:05.8771573Z [command]/usr/bin/git config --global --add safe.directory /home/runner/work/Silex/Silex
2026-09-11T20:20:05.8812567Z Removing SSH command configuration
2026-09-11T20:20:05.8819978Z [command]/usr/bin/git config --local --name-only --get-regexp core\.sshCommand
2026-09-11T20:20:05.8858844Z [command]/usr/bin/git submodule foreach --recursive sh -c "git config --local --name-only --get-regexp 'core\.sshCommand' && git config --local --unset-all 'core.sshCommand' || :"
2026-09-11T20:20:05.9181069Z Removing HTTP extra header
2026-09-11T20:20:05.9188956Z [command]/usr/bin/git config --local --name-only --get-regexp http\.https\:\/\/github\.com\/\.extraheader
2026-09-11T20:20:05.9242110Z [command]/usr/bin/git submodule foreach --recursive sh -c "git config --local --name-only --get-regexp 'http\.https\:\/\/github\.com\/\.extraheader' && git config --local --unset-all 'http.https://github.com/.extraheader' || :"
2026-09-11T20:20:05.9590744Z Removing includeIf entries pointing to credentials config files
2026-09-11T20:20:05.9592160Z [command]/usr/bin/git config --local --name-only --get-regexp ^includeIf\.gitdir:
2026-09-11T20:20:05.9621244Z includeif.gitdir:/home/runner/work/Silex/Silex/.git.path
2026-09-11T20:20:05.9627605Z includeif.gitdir:/home/runner/work/Silex/Silex/.git/worktrees/*.path
2026-09-11T20:20:05.9628569Z includeif.gitdir:/github/workspace/.git.path
2026-09-11T20:20:05.9629414Z includeif.gitdir:/github/workspace/.git/worktrees/*.path
2026-09-11T20:20:05.9644554Z [command]/usr/bin/git config --local --get-all includeif.gitdir:/home/runner/work/Silex/Silex/.git.path
2026-09-11T20:20:05.9702074Z /home/runner/work/_temp/git-credentials-de5970c0-0a82-4596-85cb-f94cc83900b0.config
2026-09-11T20:20:05.9806967Z [command]/usr/bin/git config --local --unset includeif.gitdir:/home/runner/work/Silex/Silex/.git.path /home/runner/work/_temp/git-credentials-de5970c0-0a82-4596-85cb-f94cc83900b0.config
2026-09-11T20:20:05.9871882Z [command]/usr/bin/git config --local --get-all includeif.gitdir:/home/runner/work/Silex/Silex/.git/worktrees/*.path
2026-09-11T20:20:05.9890794Z /home/runner/work/_temp/git-credentials-de5970c0-0a82-4596-85cb-f94cc83900b0.config
2026-09-11T20:20:05.9894478Z [command]/usr/bin/git config --local --unset includeif.gitdir:/home/runner/work/Silex/Silex/.git/worktrees/*.path /home/runner/work/_temp/git-credentials-de5970c0-0a82-4596-85cb-f94cc83900b0.config
2026-09-11T20:20:05.9897081Z [command]/usr/bin/git config --local --get-all includeif.gitdir:/github/workspace/.git.path
2026-09-11T20:20:05.9934076Z /github/runner_temp/git-credentials-de5970c0-0a82-4596-85cb-f94cc83900b0.config
2026-09-11T20:20:05.9956562Z [command]/usr/bin/git config --local --unset includeif.gitdir:/github/workspace/.git.path /github/runner_temp/git-credentials-de5970c0-0a82-4596-85cb-f94cc83900b0.config
2026-09-11T20:20:06.0011351Z [command]/usr/bin/git config --local --get-all includeif.gitdir:/github/workspace/.git/worktrees/*.path
2026-09-11T20:20:06.0033029Z /github/runner_temp/git-credentials-de5970c0-0a82-4596-85cb-f94cc83900b0.config
2026-09-11T20:20:06.0050273Z [command]/usr/bin/git config --local --unset includeif.gitdir:/github/workspace/.git/worktrees/*.path /github/runner_temp/git-credentials-de5970c0-0a82-4596-85cb-f94cc83900b0.config
2026-09-11T20:20:06.0131892Z [command]/usr/bin/git submodule foreach --recursive git config --local --show-origin --name-only --get-regexp remote.origin.url
2026-09-11T20:20:06.0494667Z Removing credentials config '/home/runner/work/_temp/git-credentials-de5970c0-0a82-4596-85cb-f94cc83900b0.config'
2026-09-11T20:20:06.0668890Z Cleaning up orphan processes
