2026-09-11T20:13:54.4948400Z Current runner version: '2.337.0'
2026-09-11T20:13:54.4980250Z ##[group]Runner Image Provisioner
2026-09-11T20:13:54.4981220Z Hosted Compute Agent
2026-09-11T20:13:54.4981870Z Version: 20260819.586
2026-09-11T20:13:54.4982600Z Commit: 3cc4a88dfa507ef76119ad1bb3eccc6378bb2b76
2026-09-11T20:13:54.4983480Z Build Date: 2026-08-18T23:20:18Z
2026-09-11T20:13:54.4984280Z Worker ID: {edde7b29-0d27-434f-b957-83c7c2abaf3c}
2026-09-11T20:13:54.4985130Z Azure Region: westus
2026-09-11T20:13:54.4985770Z ##[endgroup]
2026-09-11T20:13:54.4987790Z ##[group]Operating System
2026-09-11T20:13:54.4988710Z macOS
2026-09-11T20:13:54.4989340Z 15.7.9
2026-09-11T20:13:54.4989890Z 24G830
2026-09-11T20:13:54.4990440Z ##[endgroup]
2026-09-11T20:13:54.4991040Z ##[group]Runner Image
2026-09-11T20:13:54.4991690Z Image: macos-15
2026-09-11T20:13:54.4992300Z Version: 20260824.0482.1
2026-09-11T20:13:54.4993840Z Included Software: https://github.com/actions/runner-images/blob/macos-15/20260824.0482/images/macos/macos-15-Readme.md
2026-09-11T20:13:54.4995890Z Image Release: https://github.com/actions/runner-images/releases/tag/macos-15%2F20260824.0482
2026-09-11T20:13:54.4997170Z ##[endgroup]
2026-09-11T20:13:54.4998540Z ##[group]GITHUB_TOKEN Permissions
2026-09-11T20:13:54.5001180Z Contents: read
2026-09-11T20:13:54.5001830Z Metadata: read
2026-09-11T20:13:54.5002640Z ##[endgroup]
2026-09-11T20:13:54.5005090Z Secret source: Actions
2026-09-11T20:13:54.5006120Z Cache mode: write
2026-09-11T20:13:54.5007910Z Prepare workflow directory
2026-09-11T20:13:54.5439590Z Prepare all required actions
2026-09-11T20:13:54.5499810Z Getting action download info
2026-09-11T20:13:54.7060300Z Download action repository 'actions/checkout@v6' (SHA:d23441a48e516b6c34aea4fa41551a30e30af803)
2026-09-11T20:13:54.9876120Z Complete job name: macos-x64
2026-09-11T20:13:55.0706000Z ##[group]Run actions/checkout@v6
2026-09-11T20:13:55.0707250Z with:
2026-09-11T20:13:55.0707870Z   repository: Matanek/Silex
2026-09-11T20:13:55.0713620Z   token: ***
2026-09-11T20:13:55.0714250Z   ssh-strict: true
2026-09-11T20:13:55.0714870Z   ssh-user: git
2026-09-11T20:13:55.0715510Z   persist-credentials: true
2026-09-11T20:13:55.0716210Z   clean: true
2026-09-11T20:13:55.0716960Z   sparse-checkout-cone-mode: true
2026-09-11T20:13:55.0717720Z   fetch-depth: 1
2026-09-11T20:13:55.0718330Z   fetch-tags: false
2026-09-11T20:13:55.0718960Z   show-progress: true
2026-09-11T20:13:55.0719590Z   lfs: false
2026-09-11T20:13:55.0720180Z   submodules: false
2026-09-11T20:13:55.0720820Z   set-safe-directory: true
2026-09-11T20:13:55.0721540Z   allow-unsafe-pr-checkout: false
2026-09-11T20:13:55.0722660Z ##[endgroup]
2026-09-11T20:13:55.3677350Z Syncing repository: Matanek/Silex
2026-09-11T20:13:55.3680090Z ##[group]Getting Git version info
2026-09-11T20:13:55.3681380Z Working directory is '/Users/runner/work/Silex/Silex'
2026-09-11T20:13:55.3683020Z [command]/usr/local/bin/git version
2026-09-11T20:13:55.3880970Z git version 2.55.0
2026-09-11T20:13:55.3905970Z ##[endgroup]
2026-09-11T20:13:55.3918630Z Copying '/Users/runner/.gitconfig' to '/Users/runner/work/_temp/2f099832-45c1-4f92-a880-da491975875d/.gitconfig'
2026-09-11T20:13:55.3933180Z Temporarily overriding HOME='/Users/runner/work/_temp/2f099832-45c1-4f92-a880-da491975875d' before making global git config changes
2026-09-11T20:13:55.3935530Z Adding repository directory to the temporary git global config as a safe directory
2026-09-11T20:13:55.3937610Z [command]/usr/local/bin/git config --global --add safe.directory /Users/runner/work/Silex/Silex
2026-09-11T20:13:55.4079920Z Deleting the contents of '/Users/runner/work/Silex/Silex'
2026-09-11T20:13:55.4085460Z ##[group]Determining repository object format
2026-09-11T20:13:55.4087120Z ##[endgroup]
2026-09-11T20:13:55.4088370Z ##[group]Initializing the repository
2026-09-11T20:13:55.4093460Z [command]/usr/local/bin/git init /Users/runner/work/Silex/Silex
2026-09-11T20:13:55.4441490Z hint: Using 'master' as the name for the initial branch. This default branch name
2026-09-11T20:13:55.4443710Z hint: will change to "main" in Git 3.0. To configure the initial branch name
2026-09-11T20:13:55.4446970Z hint: to use in all of your new repositories, which will suppress this warning,
2026-09-11T20:13:55.4448620Z hint: call:
2026-09-11T20:13:55.4450810Z hint:
2026-09-11T20:13:55.4452260Z hint: 	git config --global init.defaultBranch <name>
2026-09-11T20:13:55.4453400Z hint:
2026-09-11T20:13:55.4454430Z hint: Names commonly chosen instead of 'master' are 'main', 'trunk' and
2026-09-11T20:13:55.4456660Z hint: 'development'. The just-created branch can be renamed via this command:
2026-09-11T20:13:55.4458010Z hint:
2026-09-11T20:13:55.4458830Z hint: 	git branch -m <name>
2026-09-11T20:13:55.4459720Z hint:
2026-09-11T20:13:55.4460930Z hint: Disable this message with "git config set advice.defaultBranchName false"
2026-09-11T20:13:55.4462640Z Initialized empty Git repository in /Users/runner/work/Silex/Silex/.git/
2026-09-11T20:13:55.4465930Z [command]/usr/local/bin/git remote add origin https://github.com/Matanek/Silex
2026-09-11T20:13:55.4635190Z ##[endgroup]
2026-09-11T20:13:55.4636540Z ##[group]Disabling automatic garbage collection
2026-09-11T20:13:55.4639770Z [command]/usr/local/bin/git config --local gc.auto 0
2026-09-11T20:13:55.5259320Z ##[endgroup]
2026-09-11T20:13:55.5260990Z ##[group]Setting up auth
2026-09-11T20:13:55.5261960Z Removing SSH command configuration
2026-09-11T20:13:55.5268520Z [command]/usr/local/bin/git config --local --name-only --get-regexp core\.sshCommand
2026-09-11T20:13:55.5375340Z [command]/usr/local/bin/git submodule foreach --recursive sh -c "git config --local --name-only --get-regexp 'core\.sshCommand' && git config --local --unset-all 'core.sshCommand' || :"
2026-09-11T20:13:55.6686080Z Removing HTTP extra header
2026-09-11T20:13:55.6692630Z [command]/usr/local/bin/git config --local --name-only --get-regexp http\.https\:\/\/github\.com\/\.extraheader
2026-09-11T20:13:55.6781950Z [command]/usr/local/bin/git submodule foreach --recursive sh -c "git config --local --name-only --get-regexp 'http\.https\:\/\/github\.com\/\.extraheader' && git config --local --unset-all 'http.https://github.com/.extraheader' || :"
2026-09-11T20:13:55.7903480Z Removing includeIf entries pointing to credentials config files
2026-09-11T20:13:55.7909400Z [command]/usr/local/bin/git config --local --name-only --get-regexp ^includeIf\.gitdir:
2026-09-11T20:13:55.7998810Z [command]/usr/local/bin/git submodule foreach --recursive git config --local --show-origin --name-only --get-regexp remote.origin.url
2026-09-11T20:13:55.9200060Z [command]/usr/local/bin/git config --file /Users/runner/work/_temp/git-credentials-4dd3dd33-78c4-45e6-a0bb-a276819bc871.config http.https://github.com/.extraheader AUTHORIZATION: basic ***
2026-09-11T20:13:55.9305220Z [command]/usr/local/bin/git config --local includeIf.gitdir:/Users/runner/work/Silex/Silex/.git.path /Users/runner/work/_temp/git-credentials-4dd3dd33-78c4-45e6-a0bb-a276819bc871.config
2026-09-11T20:13:55.9401180Z [command]/usr/local/bin/git config --local includeIf.gitdir:/Users/runner/work/Silex/Silex/.git/worktrees/*.path /Users/runner/work/_temp/git-credentials-4dd3dd33-78c4-45e6-a0bb-a276819bc871.config
2026-09-11T20:13:55.9552970Z [command]/usr/local/bin/git config --local includeIf.gitdir:/github/workspace/.git.path /github/runner_temp/git-credentials-4dd3dd33-78c4-45e6-a0bb-a276819bc871.config
2026-09-11T20:13:55.9624870Z [command]/usr/local/bin/git config --local includeIf.gitdir:/github/workspace/.git/worktrees/*.path /github/runner_temp/git-credentials-4dd3dd33-78c4-45e6-a0bb-a276819bc871.config
2026-09-11T20:13:55.9726460Z ##[endgroup]
2026-09-11T20:13:55.9738270Z ##[group]Fetching the repository
2026-09-11T20:13:55.9746560Z [command]/usr/local/bin/git -c protocol.version=2 fetch --no-tags --prune --no-recurse-submodules --depth=1 origin +1badca9d9c6b2a290db2242299faa9521c0ede5f:refs/remotes/origin/spec-silex-optimization-parity-completion
2026-09-11T20:13:57.8823390Z From https://github.com/Matanek/Silex
2026-09-11T20:13:57.8825730Z  * [new ref]         1badca9d9c6b2a290db2242299faa9521c0ede5f -> origin/spec-silex-optimization-parity-completion
2026-09-11T20:13:57.8834980Z [command]/usr/local/bin/git branch --list --remote origin/spec-silex-optimization-parity-completion
2026-09-11T20:13:57.8932210Z   origin/spec-silex-optimization-parity-completion
2026-09-11T20:13:57.8942280Z [command]/usr/local/bin/git rev-parse refs/remotes/origin/spec-silex-optimization-parity-completion
2026-09-11T20:13:57.9020180Z 1badca9d9c6b2a290db2242299faa9521c0ede5f
2026-09-11T20:13:57.9024010Z ##[endgroup]
2026-09-11T20:13:57.9024850Z ##[group]Determining the checkout info
2026-09-11T20:13:57.9025850Z ##[endgroup]
2026-09-11T20:13:57.9031090Z [command]/usr/local/bin/git sparse-checkout disable
2026-09-11T20:13:57.9144830Z [command]/usr/local/bin/git config --local --unset-all extensions.worktreeConfig
2026-09-11T20:13:57.9235100Z ##[group]Checking out the ref
2026-09-11T20:13:57.9240280Z [command]/usr/local/bin/git checkout --progress --force -B spec-silex-optimization-parity-completion refs/remotes/origin/spec-silex-optimization-parity-completion
2026-09-11T20:13:58.4216570Z Switched to a new branch 'spec-silex-optimization-parity-completion'
2026-09-11T20:13:58.4224560Z branch 'spec-silex-optimization-parity-completion' set up to track 'origin/spec-silex-optimization-parity-completion'.
2026-09-11T20:13:58.4241780Z ##[endgroup]
2026-09-11T20:13:58.4378680Z [command]/usr/local/bin/git log -1 --format=%H
2026-09-11T20:13:58.4494570Z 1badca9d9c6b2a290db2242299faa9521c0ede5f
2026-09-11T20:13:58.4777700Z ##[group]Run set -euo pipefail
2026-09-11T20:13:58.4778430Z [36;1mset -euo pipefail[0m
2026-09-11T20:13:58.4778910Z [36;1marchive="$RUNNER_TEMP/zig.tar.xz"[0m
2026-09-11T20:13:58.4779830Z [36;1mcurl -fL https://ziglang.org/download/0.16.0/zig-x86_64-macos-0.16.0.tar.xz -o "$archive"[0m
2026-09-11T20:13:58.4781140Z [36;1mecho "0387557ed1877bc6a2e1802c8391953baddba76081876301c522f52977b52ba7  $archive" | shasum -a 256 -c -[0m
2026-09-11T20:13:58.4782170Z [36;1mtar -xJf "$archive" -C "$RUNNER_TEMP"[0m
2026-09-11T20:13:58.4782880Z [36;1mecho "$RUNNER_TEMP/zig-x86_64-macos-0.16.0" >> "$GITHUB_PATH"[0m
2026-09-11T20:13:58.4847030Z shell: /bin/bash --noprofile --norc -e -o pipefail {0}
2026-09-11T20:13:58.4847660Z ##[endgroup]
2026-09-11T20:13:58.7717180Z   % Total    % Received % Xferd  Average Speed  Time    Time    Time   Current
2026-09-11T20:13:58.7718190Z                                  Dload  Upload  Total   Spent   Left   Speed
2026-09-11T20:13:58.7718680Z 
2026-09-11T20:13:59.7715550Z   0      0   0      0   0      0      0      0                              0
2026-09-11T20:14:00.7719300Z   5 54.73M   5  3.04M   0      0  2.44M      0   00:22   00:01   00:21  3.04M
2026-09-11T20:14:01.7720280Z  35 54.73M  35 19.43M   0      0  8.65M      0   00:06   00:02   00:04  9.72M
2026-09-11T20:14:02.5561090Z  68 54.73M  68 37.24M   0      0 11.47M      0   00:04   00:03   00:01 12.42M
2026-09-11T20:14:02.5562130Z 100 54.73M 100 54.73M   0      0 13.58M      0   00:04   00:04         12.42M
2026-09-11T20:14:02.5564010Z 100 54.73M 100 54.73M   0      0 13.58M      0   00:04   00:04         12.42M
2026-09-11T20:14:02.5566130Z 100 54.73M 100 54.73M   0      0 13.58M      0   00:04   00:04         12.42M
2026-09-11T20:14:02.8403340Z /Users/runner/work/_temp/zig.tar.xz: OK
2026-09-11T20:14:13.4780760Z ##[group]Run set -euo pipefail
2026-09-11T20:14:13.4781410Z [36;1mset -euo pipefail[0m
2026-09-11T20:14:13.4781870Z [36;1mtest "$(uname -m)" = "x86_64"[0m
2026-09-11T20:14:13.4782380Z [36;1mexport HOME="$RUNNER_TEMP/home"[0m
2026-09-11T20:14:13.4782890Z [36;1mmkdir -p "$HOME"[0m
2026-09-11T20:14:13.4783430Z [36;1mzig build -Doptimize=ReleaseFast -Dcpu=baseline \[0m
2026-09-11T20:14:13.4784100Z [36;1m  --prefix "$RUNNER_TEMP/silex-prefix" \[0m
2026-09-11T20:14:13.4784700Z [36;1m  --build-file Toolchain/build.zig[0m
2026-09-11T20:14:13.4785300Z [36;1msilex="$RUNNER_TEMP/silex-prefix/bin/silex"[0m
2026-09-11T20:14:13.4785870Z [36;1m"$silex" --version[0m
2026-09-11T20:14:13.4786360Z [36;1m"$silex" targets | grep -F 'macos-x64'[0m
2026-09-11T20:14:13.4787510Z [36;1m"$silex" setup[0m
2026-09-11T20:14:13.4788220Z [36;1mshadercross="$HOME/.silex/toolchain/shadercross/3.0.0/macos-x64/bin/shadercross"[0m
2026-09-11T20:14:13.4789170Z [36;1mfile "$shadercross" | grep -F 'x86_64'[0m
2026-09-11T20:14:13.4789750Z [36;1m"$shadercross" --help >/dev/null 2>&1[0m
2026-09-11T20:14:13.4790640Z [36;1mboundary_root="$GITHUB_WORKSPACE/Toolchain/Fixtures/MacOSX64Boundary/Boundary/macos-x64"[0m
2026-09-11T20:14:13.4791860Z [36;1mzig cc -target x86_64-macos -c "$boundary_root/Provider.c" -o "$boundary_root/Provider.o"[0m
2026-09-11T20:14:13.4792970Z [36;1mzig ar rcs "$boundary_root/libMacOSX64Boundary.a" "$boundary_root/Provider.o"[0m
2026-09-11T20:14:13.4794060Z [36;1mboundary_consumer="$GITHUB_WORKSPACE/Toolchain/Fixtures/MacOSX64BoundaryConsumer"[0m
2026-09-11T20:14:13.4795110Z [36;1m"$silex" link "$GITHUB_WORKSPACE/Toolchain/Fixtures/MacOSX64Boundary" \[0m
2026-09-11T20:14:13.4795990Z [36;1m  --workspace "$boundary_consumer" --target macos-x64[0m
2026-09-11T20:14:13.4796690Z [36;1m"$silex" packages resolve "$boundary_consumer"[0m
2026-09-11T20:14:13.4797350Z [36;1m"$silex" compile "$boundary_consumer/Main.sx" \[0m
2026-09-11T20:14:13.4798030Z [36;1m  --release -o "$RUNNER_TEMP/macos-x64-boundary"[0m
2026-09-11T20:14:13.4798870Z [36;1mtest "$("$RUNNER_TEMP/macos-x64-boundary")" = "macos x64 boundary ready"[0m
2026-09-11T20:14:13.4799800Z [36;1m"$silex" test "$GITHUB_WORKSPACE/Tests/Native/NativePortability.sx"[0m
2026-09-11T20:14:13.4800510Z [36;1mrun_distribution() {[0m
2026-09-11T20:14:13.4800960Z [36;1m  executable="$1"[0m
2026-09-11T20:14:13.4801540Z [36;1m  stderr="$RUNNER_TEMP/$(basename "$executable").stderr"[0m
2026-09-11T20:14:13.4802170Z [36;1m  set +e[0m
2026-09-11T20:14:13.4802590Z [36;1m  output=$("$executable" 2>"$stderr")[0m
2026-09-11T20:14:13.4803110Z [36;1m  status=$?[0m
2026-09-11T20:14:13.4803510Z [36;1m  set -e[0m
2026-09-11T20:14:13.4803900Z [36;1m  if [ "$status" -ne 0 ]; then[0m
2026-09-11T20:14:13.4804400Z [36;1m    cat "$stderr"[0m
2026-09-11T20:14:13.4804840Z [36;1m    lldb --batch -o 'run' \[0m
2026-09-11T20:14:13.4805560Z [36;1m      -k 'thread backtrace all' \[0m
2026-09-11T20:14:13.4806110Z [36;1m      -k 'register read' \[0m
2026-09-11T20:14:13.4806620Z [36;1m      -k 'image lookup -a $pc' \[0m
2026-09-11T20:14:13.4807170Z [36;1m      -k 'disassemble -p' \[0m
2026-09-11T20:14:13.4807660Z [36;1m      -- "$executable" || true[0m
2026-09-11T20:14:13.4808150Z [36;1m    return "$status"[0m
2026-09-11T20:14:13.4808610Z [36;1m  fi[0m
2026-09-11T20:14:13.4809050Z [36;1m  test "$output" = "silex distribution ready"[0m
2026-09-11T20:14:13.4809600Z [36;1m}[0m
2026-09-11T20:14:13.4810220Z [36;1mdistribution="$GITHUB_WORKSPACE/Tests/Native/DistributionSmoke.sx"[0m
2026-09-11T20:14:13.4810990Z [36;1m"$silex" compile "$distribution" \[0m
2026-09-11T20:14:13.4811590Z [36;1m  -o "$RUNNER_TEMP/distribution-smoke-debug"[0m
2026-09-11T20:14:13.4812320Z [36;1mrun_distribution "$RUNNER_TEMP/distribution-smoke-debug"[0m
2026-09-11T20:14:13.4813420Z [36;1m"$silex" compile "$distribution" \[0m
2026-09-11T20:14:13.4814140Z [36;1m  --release -o "$RUNNER_TEMP/distribution-smoke-release"[0m
2026-09-11T20:14:13.4815480Z [36;1mrun_distribution "$RUNNER_TEMP/distribution-smoke-release"[0m
2026-09-11T20:14:13.4816430Z [36;1mtest "$("$silex" run "$distribution" --release)" = "silex distribution ready"[0m
2026-09-11T20:14:13.4817450Z [36;1m"$silex" compile "$GITHUB_WORKSPACE/Tests/Native/NativePortability.sx" \[0m
2026-09-11T20:14:13.4818300Z [36;1m  --release -o "$RUNNER_TEMP/native-portability"[0m
2026-09-11T20:14:13.4819040Z [36;1mfile "$RUNNER_TEMP/native-portability" | grep -F 'x86_64'[0m
2026-09-11T20:14:13.4819840Z [36;1mportability_output=$("$RUNNER_TEMP/native-portability")[0m
2026-09-11T20:14:13.4820550Z [36;1mprintf '%s\n' "$portability_output"[0m
2026-09-11T20:14:13.4821350Z [36;1mcycle_drops=$(printf '%s\n' "$portability_output" | grep -c '^native cycle drop$')[0m
2026-09-11T20:14:13.4822480Z [36;1mtest "$cycle_drops" -eq 6[0m
2026-09-11T20:14:13.4881230Z shell: /bin/bash --noprofile --norc -e -o pipefail {0}
2026-09-11T20:14:13.4881840Z ##[endgroup]
2026-09-11T20:19:12.0743000Z silex 0.44.1
2026-09-11T20:19:12.0841240Z macos-x64 (host)
2026-09-11T20:19:13.6910650Z silex: installed Shadercross for macos-x64
2026-09-11T20:19:43.6011710Z silex: installed Native linker for macos-x64
2026-09-11T20:19:43.6185500Z /Users/runner/work/_temp/home/.silex/toolchain/shadercross/3.0.0/macos-x64/bin/shadercross: Mach-O universal binary with 2 architectures: [x86_64:Mach-O 64-bit executable x86_64] [arm64:Mach-O 64-bit executable arm64]
2026-09-11T20:19:43.6189200Z /Users/runner/work/_temp/home/.silex/toolchain/shadercross/3.0.0/macos-x64/bin/shadercross (for architecture x86_64):	Mach-O 64-bit executable x86_64
2026-09-11T20:19:44.1843080Z silex: linked MacOSX64Boundary@1.0.0 to /Users/runner/work/Silex/Silex/Toolchain/Fixtures/MacOSX64Boundary for this workspace
2026-09-11T20:19:44.1892800Z MacOSX64Boundary 1.0.0 workspace-link /Users/runner/work/Silex/Silex/Toolchain/Fixtures/MacOSX64Boundary
2026-09-11T20:19:59.5991610Z ok - execute direct indirect and dynamic calls beyond native registers
2026-09-11T20:19:59.7081630Z ok - preserve paired float32 arithmetic on native
2026-09-11T20:19:59.8221690Z ok - mutate a class-owned native list without changing its snapshot
2026-09-11T20:19:59.9259330Z ok - replace class elements in a class-owned native list
2026-09-11T20:20:00.0444100Z ok - preserve embedded byte contents on native
2026-09-11T20:20:00.2068000Z ok - format native floats through the standalone runtime
2026-09-11T20:20:00.3219250Z ok - convert native float precision in both directions
2026-09-11T20:20:00.4329940Z ok - replace and preserve an aliased native list
2026-09-11T20:20:00.5465160Z ok - swap and reverse a native list
2026-09-11T20:20:00.6613730Z ok - grow a native list at every position
2026-09-11T20:20:00.7850550Z ok - remove native list elements from every position
2026-09-11T20:20:00.8987010Z ok - slice view mutate and clear native lists
2026-09-11T20:20:01.0188460Z ok - mutable aggregate view detaches shared native list
2026-09-11T20:20:01.1403680Z copy state drop
2026-09-11T20:20:01.1405160Z copy state drop
2026-09-11T20:20:01.1406660Z ok - deep-copy repeated native class roots without collections
2026-09-11T20:20:01.2677340Z native cycle drop
2026-09-11T20:20:01.2682950Z native cycle drop
2026-09-11T20:20:01.2684360Z ok - finalize a direct native class cycle
2026-09-11T20:20:01.3911010Z native cycle drop
2026-09-11T20:20:01.3911980Z native cycle drop
2026-09-11T20:20:01.3913320Z ok - finalize a native class cycle through lists
2026-09-11T20:20:01.5005320Z native cycle drop
2026-09-11T20:20:01.5006280Z native cycle drop
2026-09-11T20:20:01.5007130Z ok - finalize a native class cycle through protocols
2026-09-11T20:20:01.6050830Z ok - execute the complete native collection mutation slice
2026-09-11T20:20:01.7113080Z copy state drop
2026-09-11T20:20:01.7114010Z copy state drop
2026-09-11T20:20:01.7115010Z ok - execute native ownership and deep-copy runtime
2026-09-11T20:20:01.8192040Z ok - preserve resource aggregates across native list growth
2026-09-11T20:20:01.9225020Z ok - serialize native mutations with mutex
2026-09-11T20:20:02.0299570Z native cycle drop
2026-09-11T20:20:02.0300830Z native cycle drop
2026-09-11T20:20:02.0301340Z native cycle drop
2026-09-11T20:20:02.0301930Z native cycle drop
2026-09-11T20:20:02.0302710Z native cycle drop
2026-09-11T20:20:02.0303590Z native cycle drop
2026-09-11T20:20:02.0304840Z ok - finalize native cycles across direct collection and protocol edges
2026-09-11T20:20:02.0306050Z 22 passed; 0 failed
2026-09-11T20:20:02.2466770Z /Users/runner/work/_temp/native-portability: Mach-O 64-bit executable x86_64
2026-09-11T20:20:02.2509710Z copy state drop
2026-09-11T20:20:02.2510140Z copy state drop
2026-09-11T20:20:02.2510750Z native cycle drop
2026-09-11T20:20:02.2511160Z native cycle drop
2026-09-11T20:20:02.2512780Z native cycle drop
2026-09-11T20:20:02.2513650Z native cycle drop
2026-09-11T20:20:02.2514980Z native cycle drop
2026-09-11T20:20:02.2515970Z native cycle drop
2026-09-11T20:20:02.2887080Z Post job cleanup.
2026-09-11T20:20:02.4263720Z [command]/usr/local/bin/git version
2026-09-11T20:20:02.4363180Z git version 2.55.0
2026-09-11T20:20:02.4400760Z Copying '/Users/runner/.gitconfig' to '/Users/runner/work/_temp/f3c4e7b7-1fd6-4b8f-ab88-3cafcd4ee508/.gitconfig'
2026-09-11T20:20:02.4414580Z Temporarily overriding HOME='/Users/runner/work/_temp/f3c4e7b7-1fd6-4b8f-ab88-3cafcd4ee508' before making global git config changes
2026-09-11T20:20:02.4416630Z Adding repository directory to the temporary git global config as a safe directory
2026-09-11T20:20:02.4421110Z [command]/usr/local/bin/git config --global --add safe.directory /Users/runner/work/Silex/Silex
2026-09-11T20:20:02.4533830Z Removing SSH command configuration
2026-09-11T20:20:02.4535360Z [command]/usr/local/bin/git config --local --name-only --get-regexp core\.sshCommand
2026-09-11T20:20:02.4639340Z [command]/usr/local/bin/git submodule foreach --recursive sh -c "git config --local --name-only --get-regexp 'core\.sshCommand' && git config --local --unset-all 'core.sshCommand' || :"
2026-09-11T20:20:02.5838860Z Removing HTTP extra header
2026-09-11T20:20:02.5846660Z [command]/usr/local/bin/git config --local --name-only --get-regexp http\.https\:\/\/github\.com\/\.extraheader
2026-09-11T20:20:02.6036340Z [command]/usr/local/bin/git submodule foreach --recursive sh -c "git config --local --name-only --get-regexp 'http\.https\:\/\/github\.com\/\.extraheader' && git config --local --unset-all 'http.https://github.com/.extraheader' || :"
2026-09-11T20:20:02.7463250Z Removing includeIf entries pointing to credentials config files
2026-09-11T20:20:02.7471120Z [command]/usr/local/bin/git config --local --name-only --get-regexp ^includeIf\.gitdir:
2026-09-11T20:20:02.7559750Z includeif.gitdir:/Users/runner/work/Silex/Silex/.git.path
2026-09-11T20:20:02.7561040Z includeif.gitdir:/Users/runner/work/Silex/Silex/.git/worktrees/*.path
2026-09-11T20:20:02.7562140Z includeif.gitdir:/github/workspace/.git.path
2026-09-11T20:20:02.7562930Z includeif.gitdir:/github/workspace/.git/worktrees/*.path
2026-09-11T20:20:02.7650150Z [command]/usr/local/bin/git config --local --get-all includeif.gitdir:/Users/runner/work/Silex/Silex/.git.path
2026-09-11T20:20:02.8452070Z /Users/runner/work/_temp/git-credentials-4dd3dd33-78c4-45e6-a0bb-a276819bc871.config
2026-09-11T20:20:02.8529270Z [command]/usr/local/bin/git config --local --unset includeif.gitdir:/Users/runner/work/Silex/Silex/.git.path /Users/runner/work/_temp/git-credentials-4dd3dd33-78c4-45e6-a0bb-a276819bc871.config
2026-09-11T20:20:02.8646300Z [command]/usr/local/bin/git config --local --get-all includeif.gitdir:/Users/runner/work/Silex/Silex/.git/worktrees/*.path
2026-09-11T20:20:02.8744010Z /Users/runner/work/_temp/git-credentials-4dd3dd33-78c4-45e6-a0bb-a276819bc871.config
2026-09-11T20:20:02.8762440Z [command]/usr/local/bin/git config --local --unset includeif.gitdir:/Users/runner/work/Silex/Silex/.git/worktrees/*.path /Users/runner/work/_temp/git-credentials-4dd3dd33-78c4-45e6-a0bb-a276819bc871.config
2026-09-11T20:20:02.8887940Z [command]/usr/local/bin/git config --local --get-all includeif.gitdir:/github/workspace/.git.path
2026-09-11T20:20:02.8987640Z /github/runner_temp/git-credentials-4dd3dd33-78c4-45e6-a0bb-a276819bc871.config
2026-09-11T20:20:02.8997590Z [command]/usr/local/bin/git config --local --unset includeif.gitdir:/github/workspace/.git.path /github/runner_temp/git-credentials-4dd3dd33-78c4-45e6-a0bb-a276819bc871.config
2026-09-11T20:20:02.9114750Z [command]/usr/local/bin/git config --local --get-all includeif.gitdir:/github/workspace/.git/worktrees/*.path
2026-09-11T20:20:02.9232650Z /github/runner_temp/git-credentials-4dd3dd33-78c4-45e6-a0bb-a276819bc871.config
2026-09-11T20:20:02.9243100Z [command]/usr/local/bin/git config --local --unset includeif.gitdir:/github/workspace/.git/worktrees/*.path /github/runner_temp/git-credentials-4dd3dd33-78c4-45e6-a0bb-a276819bc871.config
2026-09-11T20:20:02.9365860Z [command]/usr/local/bin/git submodule foreach --recursive git config --local --show-origin --name-only --get-regexp remote.origin.url
2026-09-11T20:20:03.0855820Z Removing credentials config '/Users/runner/work/_temp/git-credentials-4dd3dd33-78c4-45e6-a0bb-a276819bc871.config'
2026-09-11T20:20:03.1277320Z Cleaning up orphan processes
