2026-09-11T20:13:56.8151320Z Current runner version: '2.337.0'
2026-09-11T20:13:56.8185816Z ##[group]Runner Image Provisioner
2026-09-11T20:13:56.8186788Z Hosted Compute Agent
2026-09-11T20:13:56.8187440Z Version: 20260828.587
2026-09-11T20:13:56.8188270Z Commit: abac92662cab4cc7352de4f9f9d2e2419aad9c29
2026-09-11T20:13:56.8189010Z Build Date: 2026-08-28T16:44:25Z
2026-09-11T20:13:56.8190091Z Worker ID: {5e0f6655-29b9-4785-bfa6-88cb553c6cbb}
2026-09-11T20:13:56.8190859Z Azure Region: eastus2
2026-09-11T20:13:56.8191468Z ##[endgroup]
2026-09-11T20:13:56.8194024Z ##[group]Operating System
2026-09-11T20:13:56.8194762Z Ubuntu
2026-09-11T20:13:56.8195452Z 24.04.5
2026-09-11T20:13:56.8195979Z LTS
2026-09-11T20:13:56.8196573Z ##[endgroup]
2026-09-11T20:13:56.8197260Z ##[group]Runner Image
2026-09-11T20:13:56.8197896Z Image: ubuntu-24.04-arm
2026-09-11T20:13:56.8198559Z Version: 20260907.118.1
2026-09-11T20:13:56.8200373Z Included Software: https://github.com/actions/runner-images/blob/ubuntu24-arm64/20260907.118/images/ubuntu/Ubuntu2404-Arm64-Readme.md
2026-09-11T20:13:56.8202139Z Image Release: https://github.com/actions/runner-images/releases/tag/ubuntu24-arm64%2F20260907.118
2026-09-11T20:13:56.8203092Z ##[endgroup]
2026-09-11T20:13:56.8204354Z ##[group]GITHUB_TOKEN Permissions
2026-09-11T20:13:56.8207583Z Contents: read
2026-09-11T20:13:56.8208402Z Metadata: read
2026-09-11T20:13:56.8209012Z ##[endgroup]
2026-09-11T20:13:56.8212563Z Secret source: Actions
2026-09-11T20:13:56.8213616Z Cache mode: write
2026-09-11T20:13:56.8214508Z Prepare workflow directory
2026-09-11T20:13:56.8606768Z Prepare all required actions
2026-09-11T20:13:56.8658627Z Getting action download info
2026-09-11T20:13:57.0482153Z Download action repository 'actions/checkout@v6' (SHA:d23441a48e516b6c34aea4fa41551a30e30af803)
2026-09-11T20:13:57.2330844Z Complete job name: linux-arm64
2026-09-11T20:13:57.3243495Z ##[group]Run actions/checkout@v6
2026-09-11T20:13:57.3244917Z with:
2026-09-11T20:13:57.3245696Z   repository: Matanek/Silex
2026-09-11T20:13:57.3249741Z   token: ***
2026-09-11T20:13:57.3250410Z   ssh-strict: true
2026-09-11T20:13:57.3251157Z   ssh-user: git
2026-09-11T20:13:57.3251728Z   persist-credentials: true
2026-09-11T20:13:57.3252427Z   clean: true
2026-09-11T20:13:57.3253034Z   sparse-checkout-cone-mode: true
2026-09-11T20:13:57.3253731Z   fetch-depth: 1
2026-09-11T20:13:57.3254322Z   fetch-tags: false
2026-09-11T20:13:57.3254869Z   show-progress: true
2026-09-11T20:13:57.3255508Z   lfs: false
2026-09-11T20:13:57.3256053Z   submodules: false
2026-09-11T20:13:57.3256776Z   set-safe-directory: true
2026-09-11T20:13:57.3257433Z   allow-unsafe-pr-checkout: false
2026-09-11T20:13:57.3258679Z ##[endgroup]
2026-09-11T20:13:57.4148388Z Syncing repository: Matanek/Silex
2026-09-11T20:13:57.4150792Z ##[group]Getting Git version info
2026-09-11T20:13:57.4152009Z Working directory is '/home/runner/work/Silex/Silex'
2026-09-11T20:13:57.4153419Z [command]/usr/bin/git version
2026-09-11T20:13:57.4230299Z git version 2.55.0
2026-09-11T20:13:57.4252299Z ##[endgroup]
2026-09-11T20:13:57.4266859Z Temporarily overriding HOME='/home/runner/work/_temp/7c88d512-0bbc-45c5-a3c0-803f2fdfa08b' before making global git config changes
2026-09-11T20:13:57.4268591Z Adding repository directory to the temporary git global config as a safe directory
2026-09-11T20:13:57.4271808Z [command]/usr/bin/git config --global --add safe.directory /home/runner/work/Silex/Silex
2026-09-11T20:13:57.4303930Z Deleting the contents of '/home/runner/work/Silex/Silex'
2026-09-11T20:13:57.4308826Z ##[group]Determining repository object format
2026-09-11T20:13:57.4315527Z ##[endgroup]
2026-09-11T20:13:57.4316650Z ##[group]Initializing the repository
2026-09-11T20:13:57.4317597Z [command]/usr/bin/git init /home/runner/work/Silex/Silex
2026-09-11T20:13:57.4413305Z hint: Using 'master' as the name for the initial branch. This default branch name
2026-09-11T20:13:57.4425284Z hint: will change to "main" in Git 3.0. To configure the initial branch name
2026-09-11T20:13:57.4426772Z hint: to use in all of your new repositories, which will suppress this warning,
2026-09-11T20:13:57.4428279Z hint: call:
2026-09-11T20:13:57.4428878Z hint:
2026-09-11T20:13:57.4430220Z hint: 	git config --global init.defaultBranch <name>
2026-09-11T20:13:57.4431062Z hint:
2026-09-11T20:13:57.4431832Z hint: Names commonly chosen instead of 'master' are 'main', 'trunk' and
2026-09-11T20:13:57.4432961Z hint: 'development'. The just-created branch can be renamed via this command:
2026-09-11T20:13:57.4433829Z hint:
2026-09-11T20:13:57.4434389Z hint: 	git branch -m <name>
2026-09-11T20:13:57.4435081Z hint:
2026-09-11T20:13:57.4435932Z hint: Disable this message with "git config set advice.defaultBranchName false"
2026-09-11T20:13:57.4437148Z Initialized empty Git repository in /home/runner/work/Silex/Silex/.git/
2026-09-11T20:13:57.4439047Z [command]/usr/bin/git remote add origin https://github.com/Matanek/Silex
2026-09-11T20:13:57.4461220Z ##[endgroup]
2026-09-11T20:13:57.4462725Z ##[group]Disabling automatic garbage collection
2026-09-11T20:13:57.4463982Z [command]/usr/bin/git config --local gc.auto 0
2026-09-11T20:13:57.4489127Z ##[endgroup]
2026-09-11T20:13:57.4490554Z ##[group]Setting up auth
2026-09-11T20:13:57.4491290Z Removing SSH command configuration
2026-09-11T20:13:57.4496631Z [command]/usr/bin/git config --local --name-only --get-regexp core\.sshCommand
2026-09-11T20:13:57.4527316Z [command]/usr/bin/git submodule foreach --recursive sh -c "git config --local --name-only --get-regexp 'core\.sshCommand' && git config --local --unset-all 'core.sshCommand' || :"
2026-09-11T20:13:57.4828256Z Removing HTTP extra header
2026-09-11T20:13:57.4834262Z [command]/usr/bin/git config --local --name-only --get-regexp http\.https\:\/\/github\.com\/\.extraheader
2026-09-11T20:13:57.4863763Z [command]/usr/bin/git submodule foreach --recursive sh -c "git config --local --name-only --get-regexp 'http\.https\:\/\/github\.com\/\.extraheader' && git config --local --unset-all 'http.https://github.com/.extraheader' || :"
2026-09-11T20:13:57.5061721Z Removing includeIf entries pointing to credentials config files
2026-09-11T20:13:57.5067677Z [command]/usr/bin/git config --local --name-only --get-regexp ^includeIf\.gitdir:
2026-09-11T20:13:57.5100550Z [command]/usr/bin/git submodule foreach --recursive git config --local --show-origin --name-only --get-regexp remote.origin.url
2026-09-11T20:13:57.5300356Z [command]/usr/bin/git config --file /home/runner/work/_temp/git-credentials-a426a1f9-bad9-485f-ac04-e39ef0e33ae2.config http.https://github.com/.extraheader AUTHORIZATION: basic ***
2026-09-11T20:13:57.5336566Z [command]/usr/bin/git config --local includeIf.gitdir:/home/runner/work/Silex/Silex/.git.path /home/runner/work/_temp/git-credentials-a426a1f9-bad9-485f-ac04-e39ef0e33ae2.config
2026-09-11T20:13:57.5364813Z [command]/usr/bin/git config --local includeIf.gitdir:/home/runner/work/Silex/Silex/.git/worktrees/*.path /home/runner/work/_temp/git-credentials-a426a1f9-bad9-485f-ac04-e39ef0e33ae2.config
2026-09-11T20:13:57.5393914Z [command]/usr/bin/git config --local includeIf.gitdir:/github/workspace/.git.path /github/runner_temp/git-credentials-a426a1f9-bad9-485f-ac04-e39ef0e33ae2.config
2026-09-11T20:13:57.5422594Z [command]/usr/bin/git config --local includeIf.gitdir:/github/workspace/.git/worktrees/*.path /github/runner_temp/git-credentials-a426a1f9-bad9-485f-ac04-e39ef0e33ae2.config
2026-09-11T20:13:57.5448621Z ##[endgroup]
2026-09-11T20:13:57.5449938Z ##[group]Fetching the repository
2026-09-11T20:13:57.5458109Z [command]/usr/bin/git -c protocol.version=2 fetch --no-tags --prune --no-recurse-submodules --depth=1 origin +1badca9d9c6b2a290db2242299faa9521c0ede5f:refs/remotes/origin/spec-silex-optimization-parity-completion
2026-09-11T20:13:58.5431222Z From https://github.com/Matanek/Silex
2026-09-11T20:13:58.5433741Z  * [new ref]         1badca9d9c6b2a290db2242299faa9521c0ede5f -> origin/spec-silex-optimization-parity-completion
2026-09-11T20:13:58.5442580Z [command]/usr/bin/git branch --list --remote origin/spec-silex-optimization-parity-completion
2026-09-11T20:13:58.5474109Z   origin/spec-silex-optimization-parity-completion
2026-09-11T20:13:58.5482562Z [command]/usr/bin/git rev-parse refs/remotes/origin/spec-silex-optimization-parity-completion
2026-09-11T20:13:58.5505031Z 1badca9d9c6b2a290db2242299faa9521c0ede5f
2026-09-11T20:13:58.5508459Z ##[endgroup]
2026-09-11T20:13:58.5510411Z ##[group]Determining the checkout info
2026-09-11T20:13:58.5513619Z ##[endgroup]
2026-09-11T20:13:58.5521017Z [command]/usr/bin/git sparse-checkout disable
2026-09-11T20:13:58.5554058Z [command]/usr/bin/git config --local --unset-all extensions.worktreeConfig
2026-09-11T20:13:58.5580457Z ##[group]Checking out the ref
2026-09-11T20:13:58.5583771Z [command]/usr/bin/git checkout --progress --force -B spec-silex-optimization-parity-completion refs/remotes/origin/spec-silex-optimization-parity-completion
2026-09-11T20:13:58.6701937Z Switched to a new branch 'spec-silex-optimization-parity-completion'
2026-09-11T20:13:58.6704884Z branch 'spec-silex-optimization-parity-completion' set up to track 'origin/spec-silex-optimization-parity-completion'.
2026-09-11T20:13:58.6711238Z ##[endgroup]
2026-09-11T20:13:58.6750587Z [command]/usr/bin/git log -1 --format=%H
2026-09-11T20:13:58.6776493Z 1badca9d9c6b2a290db2242299faa9521c0ede5f
2026-09-11T20:13:58.7048121Z ##[group]Run set -euo pipefail
2026-09-11T20:13:58.7049828Z [36;1mset -euo pipefail[0m
2026-09-11T20:13:58.7050878Z [36;1mcase "$(uname -m)" in[0m
2026-09-11T20:13:58.7052093Z [36;1m  aarch64|arm64) ;;[0m
2026-09-11T20:13:58.7053489Z [36;1m  *) echo "expected a native ARM64 runner, got $(uname -m)" >&2; exit 1 ;;[0m
2026-09-11T20:13:58.7054986Z [36;1mesac[0m
2026-09-11T20:13:58.7174179Z shell: /usr/bin/bash --noprofile --norc -e -o pipefail {0}
2026-09-11T20:13:58.7175637Z ##[endgroup]
2026-09-11T20:13:58.7386694Z ##[group]Run set -euo pipefail
2026-09-11T20:13:58.7387936Z [36;1mset -euo pipefail[0m
2026-09-11T20:13:58.7388919Z [36;1marchive="$RUNNER_TEMP/zig.tar.xz"[0m
2026-09-11T20:13:58.7391238Z [36;1mcurl -fL https://ziglang.org/download/0.16.0/zig-aarch64-linux-0.16.0.tar.xz -o "$archive"[0m
2026-09-11T20:13:58.7393738Z [36;1mecho "ea4b09bfb22ec6f6c6ceac57ab63efb6b46e17ab08d21f69f3a48b38e1534f17  $archive" | sha256sum -c -[0m
2026-09-11T20:13:58.7395631Z [36;1mtar -xJf "$archive" -C "$RUNNER_TEMP"[0m
2026-09-11T20:13:58.7397044Z [36;1mecho "$RUNNER_TEMP/zig-aarch64-linux-0.16.0" >> "$GITHUB_PATH"[0m
2026-09-11T20:13:58.7452579Z shell: /usr/bin/bash --noprofile --norc -e -o pipefail {0}
2026-09-11T20:13:58.7453840Z ##[endgroup]
2026-09-11T20:13:58.7587992Z   % Total    % Received % Xferd  Average Speed   Time    Time     Time  Current
2026-09-11T20:13:58.7590668Z                                  Dload  Upload   Total   Spent    Left  Speed
2026-09-11T20:13:58.7592122Z 
2026-09-11T20:13:59.3008538Z   0     0    0     0    0     0      0      0 --:--:-- --:--:-- --:--:--     0
2026-09-11T20:14:00.2290829Z   0     0    0     0    0     0      0      0 --:--:-- --:--:-- --:--:--     0
2026-09-11T20:14:01.2494214Z   2 48.8M    2 1439k    0     0   979k      0  0:00:51  0:00:01  0:00:50  978k
2026-09-11T20:14:02.2298779Z  30 48.8M   30 14.8M    0     0  6090k      0  0:00:08  0:00:02  0:00:06 6089k
2026-09-11T20:14:02.9132210Z  67 48.8M   67 33.0M    0     0  9758k      0  0:00:05  0:00:03  0:00:02 9758k
2026-09-11T20:14:02.9133162Z 100 48.8M  100 48.8M    0     0  11.7M      0  0:00:04  0:00:04 --:--:-- 11.7M
2026-09-11T20:14:02.9475299Z /home/runner/work/_temp/zig.tar.xz: OK
2026-09-11T20:14:05.6145391Z ##[group]Run set -euo pipefail
2026-09-11T20:14:05.6146021Z [36;1mset -euo pipefail[0m
2026-09-11T20:14:05.6146334Z [36;1mexport HOME="$RUNNER_TEMP/home"[0m
2026-09-11T20:14:05.6146641Z [36;1mmkdir -p "$HOME"[0m
2026-09-11T20:14:05.6146978Z [36;1m[0m
2026-09-11T20:14:05.6147345Z [36;1mboundary="$GITHUB_WORKSPACE/Tests/Target/linux-arm64/LinuxArm64Boundary"[0m
2026-09-11T20:14:05.6147866Z [36;1mmkdir -p "$boundary/Boundary/linux-arm64"[0m
2026-09-11T20:14:05.6148316Z [36;1mzig cc -target aarch64-linux-gnu -O2 -c "$boundary/provider.c" \[0m
2026-09-11T20:14:05.6149157Z [36;1m  -o "$boundary/Boundary/linux-arm64/provider.o"[0m
2026-09-11T20:14:05.6149914Z [36;1mzig ar rcs "$boundary/Boundary/linux-arm64/libProvider.a" \[0m
2026-09-11T20:14:05.6150337Z [36;1m  "$boundary/Boundary/linux-arm64/provider.o"[0m
2026-09-11T20:14:05.6150689Z [36;1m[0m
2026-09-11T20:14:05.6150983Z [36;1mzig build -Doptimize=ReleaseFast -Dcpu=baseline \[0m
2026-09-11T20:14:05.6151555Z [36;1m  --prefix "$RUNNER_TEMP/silex-prefix" \[0m
2026-09-11T20:14:05.6151956Z [36;1m  --build-file Toolchain/build.zig[0m
2026-09-11T20:14:05.6152333Z [36;1m[0m
2026-09-11T20:14:05.6152656Z [36;1msilex="$RUNNER_TEMP/silex-prefix/bin/silex"[0m
2026-09-11T20:14:05.6153009Z [36;1m"$silex" setup[0m
2026-09-11T20:14:05.6153378Z [36;1mmanaged_zig="$HOME/.silex/toolchain/zig/0.16.0/linux-arm64/zig"[0m
2026-09-11T20:14:05.6153786Z [36;1mtest -x "$managed_zig"[0m
2026-09-11T20:14:05.6154147Z [36;1mfile "$managed_zig" | grep -E 'ELF 64-bit.*(ARM aarch64|ARM64)'[0m
2026-09-11T20:14:05.6154593Z [36;1m[0m
2026-09-11T20:14:05.6154949Z [36;1msource="$GITHUB_WORKSPACE/Tests/Native/NativePortability.sx"[0m
2026-09-11T20:14:05.6155486Z [36;1m"$silex" interpret "$source" > "$RUNNER_TEMP/interpreted.txt"[0m
2026-09-11T20:14:05.6156021Z [36;1m"$silex" compile "$source" --debug -o "$RUNNER_TEMP/native-debug"[0m
2026-09-11T20:14:05.6156492Z [36;1m"$RUNNER_TEMP/native-debug" > "$RUNNER_TEMP/debug.txt"[0m
2026-09-11T20:14:05.6157014Z [36;1mcmp "$RUNNER_TEMP/interpreted.txt" "$RUNNER_TEMP/debug.txt"[0m
2026-09-11T20:14:05.6157538Z [36;1m"$silex" compile "$source" --release -o "$RUNNER_TEMP/native-release"[0m
2026-09-11T20:14:05.6158013Z [36;1m"$RUNNER_TEMP/native-release" > "$RUNNER_TEMP/release.txt"[0m
2026-09-11T20:14:05.6158561Z [36;1mcmp "$RUNNER_TEMP/interpreted.txt" "$RUNNER_TEMP/release.txt"[0m
2026-09-11T20:14:05.6159077Z [36;1mfile "$RUNNER_TEMP/native-release" | grep -E 'ELF 64-bit.*(ARM aarch64|ARM64)'[0m
2026-09-11T20:14:05.6159855Z [36;1mreadelf -h "$RUNNER_TEMP/native-release" | grep -E 'Machine:.*AArch64'[0m
2026-09-11T20:14:05.6160306Z [36;1m[0m
2026-09-11T20:14:05.6160637Z [36;1m"$silex" run "$GITHUB_WORKSPACE/Tests/Native/DistributionSmoke.sx" --debug[0m
2026-09-11T20:14:05.6161107Z [36;1m"$silex" test "$source"[0m
2026-09-11T20:14:05.6161369Z [36;1m[0m
2026-09-11T20:14:05.6161780Z [36;1m"$managed_zig" cc -target aarch64-linux-gnu -O2 -c "$boundary/provider.c" \[0m
2026-09-11T20:14:05.6162290Z [36;1m  -o "$boundary/Boundary/linux-arm64/provider.o"[0m
2026-09-11T20:14:05.6162728Z [36;1m"$managed_zig" ar rcs "$boundary/Boundary/linux-arm64/libProvider.a" \[0m
2026-09-11T20:14:05.6163211Z [36;1m  "$boundary/Boundary/linux-arm64/provider.o"[0m
2026-09-11T20:14:05.6163571Z [36;1m"$silex" test "$boundary/Tests/Boundary.sx"[0m
2026-09-11T20:14:05.6163989Z [36;1m"$silex" compile "$boundary/Tests/Boundary.sx" --release \[0m
2026-09-11T20:14:05.6164402Z [36;1m  -o "$RUNNER_TEMP/boundary"[0m
2026-09-11T20:14:05.6164780Z [36;1mtest "$("$RUNNER_TEMP/boundary")" = "linux arm64 boundary ready"[0m
2026-09-11T20:14:05.6165227Z [36;1m[0m
2026-09-11T20:14:05.6165624Z [36;1m# Compile the exact standalone witness without the optimizer package's STD graph.[0m
2026-09-11T20:14:05.6166176Z [36;1mscalar_root="$RUNNER_TEMP/scalar-float-fixture"[0m
2026-09-11T20:14:05.6166550Z [36;1mmkdir -p "$scalar_root"[0m
2026-09-11T20:14:05.6167179Z [36;1mprintf '%s\n' '{"sources":"."}' > "$scalar_root/Package.json"[0m
2026-09-11T20:14:05.6167742Z [36;1mscalar_fixture="$scalar_root/ScalarFloatResidence.sx"[0m
2026-09-11T20:14:05.6168381Z [36;1mcp "$GITHUB_WORKSPACE/Toolchain/Benchmarks/Optimizer/Regressions/ScalarFloatResidence.sx" "$scalar_fixture"[0m
2026-09-11T20:14:05.6168977Z [36;1mfor mode in debug release; do[0m
2026-09-11T20:14:05.6169572Z [36;1m  "$silex" compile "$scalar_fixture" "--$mode" --nocache \[0m
2026-09-11T20:14:05.6169999Z [36;1m    -o "$RUNNER_TEMP/scalar-float-residence-$mode"[0m
2026-09-11T20:14:05.6170953Z [36;1m  scalar_output=$("$RUNNER_TEMP/scalar-float-residence-$mode")[0m
2026-09-11T20:14:05.6171794Z [36;1m  test "$(printf '%s\n' "$scalar_output" | wc -l)" -eq 9[0m
2026-09-11T20:14:05.6172253Z [36;1m  test "$(printf '%s\n' "$scalar_output" | grep -c '^true$')" -eq 9[0m
2026-09-11T20:14:05.6172685Z [36;1mdone[0m
2026-09-11T20:14:05.6172970Z [36;1mbranch_fixture="$scalar_root/BranchComparisons.sx"[0m
2026-09-11T20:14:05.6173606Z [36;1mcp "$GITHUB_WORKSPACE/Toolchain/Benchmarks/Optimizer/Regressions/BranchComparisons.sx" "$branch_fixture"[0m
2026-09-11T20:14:05.6174177Z [36;1mfor mode in debug release; do[0m
2026-09-11T20:14:05.6174550Z [36;1m  "$silex" compile "$branch_fixture" "--$mode" --nocache \[0m
2026-09-11T20:14:05.6174995Z [36;1m    -o "$RUNNER_TEMP/branch-comparisons-$mode"[0m
2026-09-11T20:14:05.6175398Z [36;1m  test "$("$RUNNER_TEMP/branch-comparisons-$mode")" = "true"[0m
2026-09-11T20:14:05.6175817Z [36;1mdone[0m
2026-09-11T20:14:05.6231726Z shell: /usr/bin/bash --noprofile --norc -e -o pipefail {0}
2026-09-11T20:14:05.6232293Z ##[endgroup]
2026-09-11T20:19:14.7362153Z silex: installed Shadercross for linux-arm64
2026-09-11T20:19:35.0173190Z silex: installed Native linker for linux-arm64
2026-09-11T20:19:35.0280777Z /home/runner/work/_temp/home/.silex/toolchain/zig/0.16.0/linux-arm64/zig: ELF 64-bit LSB executable, ARM aarch64, version 1 (SYSV), statically linked, stripped
2026-09-11T20:19:35.1951934Z /home/runner/work/_temp/native-release: ELF 64-bit LSB executable, ARM aarch64, version 1 (SYSV), statically linked, no section header
2026-09-11T20:19:35.1988554Z   Machine:                           AArch64
2026-09-11T20:19:35.2366656Z silex distribution ready
2026-09-11T20:19:47.7570645Z ok - execute direct indirect and dynamic calls beyond native registers
2026-09-11T20:19:47.7744189Z ok - preserve paired float32 arithmetic on native
2026-09-11T20:19:47.7913651Z ok - mutate a class-owned native list without changing its snapshot
2026-09-11T20:19:47.8089658Z ok - replace class elements in a class-owned native list
2026-09-11T20:19:47.8275631Z ok - preserve embedded byte contents on native
2026-09-11T20:19:47.8459787Z ok - format native floats through the standalone runtime
2026-09-11T20:19:47.8648566Z ok - convert native float precision in both directions
2026-09-11T20:19:47.8844420Z ok - replace and preserve an aliased native list
2026-09-11T20:19:47.9041340Z ok - swap and reverse a native list
2026-09-11T20:19:47.9238735Z ok - grow a native list at every position
2026-09-11T20:19:47.9439131Z ok - remove native list elements from every position
2026-09-11T20:19:47.9637052Z ok - slice view mutate and clear native lists
2026-09-11T20:19:47.9839874Z ok - mutable aggregate view detaches shared native list
2026-09-11T20:19:48.0048606Z copy state drop
2026-09-11T20:19:48.0049024Z copy state drop
2026-09-11T20:19:48.0049949Z ok - deep-copy repeated native class roots without collections
2026-09-11T20:19:48.0264154Z native cycle drop
2026-09-11T20:19:48.0270114Z native cycle drop
2026-09-11T20:19:48.0476147Z ok - finalize a direct native class cycle
2026-09-11T20:19:48.0476657Z native cycle drop
2026-09-11T20:19:48.0477062Z native cycle drop
2026-09-11T20:19:48.0477336Z ok - finalize a native class cycle through lists
2026-09-11T20:19:48.0698713Z native cycle drop
2026-09-11T20:19:48.0699239Z native cycle drop
2026-09-11T20:19:48.0699701Z ok - finalize a native class cycle through protocols
2026-09-11T20:19:48.0928137Z ok - execute the complete native collection mutation slice
2026-09-11T20:19:48.1154830Z copy state drop
2026-09-11T20:19:48.1155161Z copy state drop
2026-09-11T20:19:48.1155631Z ok - execute native ownership and deep-copy runtime
2026-09-11T20:19:48.1391048Z ok - preserve resource aggregates across native list growth
2026-09-11T20:19:48.1624510Z ok - serialize native mutations with mutex
2026-09-11T20:19:48.1863741Z native cycle drop
2026-09-11T20:19:48.1927344Z native cycle drop
2026-09-11T20:19:48.1927878Z native cycle drop
2026-09-11T20:19:48.1928271Z native cycle drop
2026-09-11T20:19:48.1928551Z native cycle drop
2026-09-11T20:19:48.1929552Z native cycle drop
2026-09-11T20:19:48.1929951Z ok - finalize native cycles across direct collection and protocol edges
2026-09-11T20:19:48.1930477Z 22 passed; 0 failed
2026-09-11T20:19:48.2532560Z ok - call a Linux ARM64 Boundary through AAPCS64
2026-09-11T20:19:48.2532967Z 1 passed; 0 failed
2026-09-11T20:19:49.1733799Z Post job cleanup.
2026-09-11T20:19:49.2448986Z [command]/usr/bin/git version
2026-09-11T20:19:49.2480319Z git version 2.55.0
2026-09-11T20:19:49.2508553Z Temporarily overriding HOME='/home/runner/work/_temp/64d6c8c9-bd59-4f1e-a23c-cfbc53800c3f' before making global git config changes
2026-09-11T20:19:49.2510019Z Adding repository directory to the temporary git global config as a safe directory
2026-09-11T20:19:49.2510755Z [command]/usr/bin/git config --global --add safe.directory /home/runner/work/Silex/Silex
2026-09-11T20:19:49.2540584Z Removing SSH command configuration
2026-09-11T20:19:49.2570491Z [command]/usr/bin/git config --local --name-only --get-regexp core\.sshCommand
2026-09-11T20:19:49.2576319Z [command]/usr/bin/git submodule foreach --recursive sh -c "git config --local --name-only --get-regexp 'core\.sshCommand' && git config --local --unset-all 'core.sshCommand' || :"
2026-09-11T20:19:49.2770086Z Removing HTTP extra header
2026-09-11T20:19:49.2776195Z [command]/usr/bin/git config --local --name-only --get-regexp http\.https\:\/\/github\.com\/\.extraheader
2026-09-11T20:19:49.2814739Z [command]/usr/bin/git submodule foreach --recursive sh -c "git config --local --name-only --get-regexp 'http\.https\:\/\/github\.com\/\.extraheader' && git config --local --unset-all 'http.https://github.com/.extraheader' || :"
2026-09-11T20:19:49.3006422Z Removing includeIf entries pointing to credentials config files
2026-09-11T20:19:49.3013213Z [command]/usr/bin/git config --local --name-only --get-regexp ^includeIf\.gitdir:
2026-09-11T20:19:49.3039560Z includeif.gitdir:/home/runner/work/Silex/Silex/.git.path
2026-09-11T20:19:49.3040117Z includeif.gitdir:/home/runner/work/Silex/Silex/.git/worktrees/*.path
2026-09-11T20:19:49.3040705Z includeif.gitdir:/github/workspace/.git.path
2026-09-11T20:19:49.3041085Z includeif.gitdir:/github/workspace/.git/worktrees/*.path
2026-09-11T20:19:49.3049043Z [command]/usr/bin/git config --local --get-all includeif.gitdir:/home/runner/work/Silex/Silex/.git.path
2026-09-11T20:19:49.3071372Z /home/runner/work/_temp/git-credentials-a426a1f9-bad9-485f-ac04-e39ef0e33ae2.config
2026-09-11T20:19:49.3092321Z [command]/usr/bin/git config --local --unset includeif.gitdir:/home/runner/work/Silex/Silex/.git.path /home/runner/work/_temp/git-credentials-a426a1f9-bad9-485f-ac04-e39ef0e33ae2.config
2026-09-11T20:19:49.3113948Z [command]/usr/bin/git config --local --get-all includeif.gitdir:/home/runner/work/Silex/Silex/.git/worktrees/*.path
2026-09-11T20:19:49.3137844Z /home/runner/work/_temp/git-credentials-a426a1f9-bad9-485f-ac04-e39ef0e33ae2.config
2026-09-11T20:19:49.3146779Z [command]/usr/bin/git config --local --unset includeif.gitdir:/home/runner/work/Silex/Silex/.git/worktrees/*.path /home/runner/work/_temp/git-credentials-a426a1f9-bad9-485f-ac04-e39ef0e33ae2.config
2026-09-11T20:19:49.3181552Z [command]/usr/bin/git config --local --get-all includeif.gitdir:/github/workspace/.git.path
2026-09-11T20:19:49.3204513Z /github/runner_temp/git-credentials-a426a1f9-bad9-485f-ac04-e39ef0e33ae2.config
2026-09-11T20:19:49.3215669Z [command]/usr/bin/git config --local --unset includeif.gitdir:/github/workspace/.git.path /github/runner_temp/git-credentials-a426a1f9-bad9-485f-ac04-e39ef0e33ae2.config
2026-09-11T20:19:49.3247429Z [command]/usr/bin/git config --local --get-all includeif.gitdir:/github/workspace/.git/worktrees/*.path
2026-09-11T20:19:49.3269900Z /github/runner_temp/git-credentials-a426a1f9-bad9-485f-ac04-e39ef0e33ae2.config
2026-09-11T20:19:49.3277840Z [command]/usr/bin/git config --local --unset includeif.gitdir:/github/workspace/.git/worktrees/*.path /github/runner_temp/git-credentials-a426a1f9-bad9-485f-ac04-e39ef0e33ae2.config
2026-09-11T20:19:49.3312470Z [command]/usr/bin/git submodule foreach --recursive git config --local --show-origin --name-only --get-regexp remote.origin.url
2026-09-11T20:19:49.3500835Z Removing credentials config '/home/runner/work/_temp/git-credentials-a426a1f9-bad9-485f-ac04-e39ef0e33ae2.config'
2026-09-11T20:19:49.3645655Z Cleaning up orphan processes
