Silex native benchmark
host: Darwin-x86_64
clang: Apple clang version 17.0.0 (clang-1700.0.13.5)
workload: Arithmetic
result: 143997165
sizes:
   16631 .zig-cache/benchmark-native/arithmetic-debug
   12440 .zig-cache/benchmark-native/arithmetic-release
    8496 .zig-cache/benchmark-native/arithmetic-clang
   37567 total
compile times:
  debug real 0.26
  debug user 0.12
  debug sys 0.12
  release real 0.03
  release user 0.01
  release sys 0.01
  clang real 1.99
  clang user 0.15
  clang sys 1.48
run times:
  debug real 0.01
  debug user 0.00
  debug sys 0.00
  release real 0.01
  release user 0.00
  release sys 0.00
  clang real 0.00
  clang user 0.00
  clang sys 0.00
workload: Objects
result: 6000000
sizes:
   33023 .zig-cache/benchmark-native/objects-debug
   28856 .zig-cache/benchmark-native/objects-release
    8584 .zig-cache/benchmark-native/objects-clang
   70463 total
compile times:
  debug real 0.16
  debug user 0.09
  debug sys 0.07
  release real 0.02
  release user 0.01
  release sys 0.01
  clang real 1.88
  clang user 0.93
  clang sys 0.53
run times:
  debug real 0.04
  debug user 0.03
  debug sys 0.00
  release real 0.03
  release user 0.02
  release sys 0.00
  clang real 0.00
  clang user 0.00
  clang sys 0.00
workload: Flocking
result: true
sizes:
   28927 .zig-cache/benchmark-native/flocking-debug
   24760 .zig-cache/benchmark-native/flocking-release
    9904 .zig-cache/benchmark-native/flocking-clang
   63591 total
compile times:
  debug real 0.14
  debug user 0.09
  debug sys 0.05
  release real 0.05
  release user 0.03
  release sys 0.01
  clang real 0.91
  clang user 0.80
  clang sys 0.13
run times:
  debug real 6.45
  debug user 6.37
  debug sys 0.05
  release real 4.09
  release user 4.05
  release sys 0.03
  clang real 0.59
  clang user 0.55
  clang sys 0.03
