2026-09-11T13:50:39.4693360Z Current runner version: '2.337.0'
2026-09-11T13:50:39.4738650Z ##[group]Runner Image Provisioner
2026-09-11T13:50:39.4740600Z Hosted Compute Agent
2026-09-11T13:50:39.4742010Z Version: 20260819.586
2026-09-11T13:50:39.4743560Z Commit: 3cc4a88dfa507ef76119ad1bb3eccc6378bb2b76
2026-09-11T13:50:39.4745410Z Build Date: 2026-08-18T23:20:18Z
2026-09-11T13:50:39.4747110Z Worker ID: {e37b0f21-f25b-466d-a592-12314d5b4799}
2026-09-11T13:50:39.4748990Z Azure Region: westus
2026-09-11T13:50:39.4750190Z ##[endgroup]
2026-09-11T13:50:39.4754790Z ##[group]Operating System
2026-09-11T13:50:39.4756070Z macOS
2026-09-11T13:50:39.4757060Z 15.7.9
2026-09-11T13:50:39.4758550Z 24G830
2026-09-11T13:50:39.4759610Z ##[endgroup]
2026-09-11T13:50:39.4760410Z ##[group]Runner Image
2026-09-11T13:50:39.4761350Z Image: macos-15
2026-09-11T13:50:39.4762170Z Version: 20260824.0482.1
2026-09-11T13:50:39.4764190Z Included Software: https://github.com/actions/runner-images/blob/macos-15/20260824.0482/images/macos/macos-15-Readme.md
2026-09-11T13:50:39.4767810Z Image Release: https://github.com/actions/runner-images/releases/tag/macos-15%2F20260824.0482
2026-09-11T13:50:39.4770980Z ##[endgroup]
2026-09-11T13:50:39.4773420Z ##[group]GITHUB_TOKEN Permissions
2026-09-11T13:50:39.4778130Z Contents: read
2026-09-11T13:50:39.4779510Z Metadata: read
2026-09-11T13:50:39.4780590Z ##[endgroup]
2026-09-11T13:50:39.4787180Z Secret source: Actions
2026-09-11T13:50:39.4789340Z Cache mode: write
2026-09-11T13:50:39.4793940Z Prepare workflow directory
2026-09-11T13:50:39.5569080Z Prepare all required actions
2026-09-11T13:50:39.5663050Z Getting action download info
2026-09-11T13:50:39.7718450Z Download action repository 'actions/checkout@v6' (SHA:d23441a48e516b6c34aea4fa41551a30e30af803)
2026-09-11T13:50:40.1723610Z Download action repository 'actions/upload-artifact@v7' (SHA:043fb46d1a93c77aae656e7c1c64a875d1fc6a0a)
2026-09-11T13:50:40.7534860Z Complete job name: optimizer-x64
2026-09-11T13:50:40.9288400Z ##[group]Run actions/checkout@v6
2026-09-11T13:50:40.9291180Z with:
2026-09-11T13:50:40.9292300Z   repository: Matanek/Silex
2026-09-11T13:50:40.9303760Z   token: ***
2026-09-11T13:50:40.9304700Z   ssh-strict: true
2026-09-11T13:50:40.9305580Z   ssh-user: git
2026-09-11T13:50:40.9306970Z   persist-credentials: true
2026-09-11T13:50:40.9308620Z   clean: true
2026-09-11T13:50:40.9310310Z   sparse-checkout-cone-mode: true
2026-09-11T13:50:40.9311720Z   fetch-depth: 1
2026-09-11T13:50:40.9312720Z   fetch-tags: false
2026-09-11T13:50:40.9313610Z   show-progress: true
2026-09-11T13:50:40.9314580Z   lfs: false
2026-09-11T13:50:40.9315730Z   submodules: false
2026-09-11T13:50:40.9317090Z   set-safe-directory: true
2026-09-11T13:50:40.9318570Z   allow-unsafe-pr-checkout: false
2026-09-11T13:50:40.9321910Z ##[endgroup]
2026-09-11T13:50:43.7212160Z Syncing repository: Matanek/Silex
2026-09-11T13:50:43.7218160Z ##[group]Getting Git version info
2026-09-11T13:50:43.7221270Z Working directory is '/Users/runner/work/Silex/Silex'
2026-09-11T13:50:43.7225880Z [command]/usr/local/bin/git version
2026-09-11T13:50:43.7920930Z git version 2.55.0
2026-09-11T13:50:43.8621210Z ##[endgroup]
2026-09-11T13:50:43.8719720Z Copying '/Users/runner/.gitconfig' to '/Users/runner/work/_temp/4ab5717a-094f-4771-85c1-1529e7426ed6/.gitconfig'
2026-09-11T13:50:43.9749870Z Temporarily overriding HOME='/Users/runner/work/_temp/4ab5717a-094f-4771-85c1-1529e7426ed6' before making global git config changes
2026-09-11T13:50:43.9827360Z Adding repository directory to the temporary git global config as a safe directory
2026-09-11T13:50:43.9838200Z [command]/usr/local/bin/git config --global --add safe.directory /Users/runner/work/Silex/Silex
2026-09-11T13:50:44.0411110Z Deleting the contents of '/Users/runner/work/Silex/Silex'
2026-09-11T13:50:44.0422370Z ##[group]Determining repository object format
2026-09-11T13:50:44.0435820Z ##[endgroup]
2026-09-11T13:50:44.0441250Z ##[group]Initializing the repository
2026-09-11T13:50:44.0448100Z [command]/usr/local/bin/git init /Users/runner/work/Silex/Silex
2026-09-11T13:50:44.1099710Z hint: Using 'master' as the name for the initial branch. This default branch name
2026-09-11T13:50:44.1329480Z hint: will change to "main" in Git 3.0. To configure the initial branch name
2026-09-11T13:50:44.1459720Z hint: to use in all of your new repositories, which will suppress this warning,
2026-09-11T13:50:44.1480620Z hint: call:
2026-09-11T13:50:44.1565250Z hint:
2026-09-11T13:50:44.1588550Z hint: 	git config --global init.defaultBranch <name>
2026-09-11T13:50:44.1620240Z hint:
2026-09-11T13:50:44.1694390Z hint: Names commonly chosen instead of 'master' are 'main', 'trunk' and
2026-09-11T13:50:44.1713000Z hint: 'development'. The just-created branch can be renamed via this command:
2026-09-11T13:50:44.1750940Z hint:
2026-09-11T13:50:44.1811890Z hint: 	git branch -m <name>
2026-09-11T13:50:44.1833270Z hint:
2026-09-11T13:50:44.1921380Z hint: Disable this message with "git config set advice.defaultBranchName false"
2026-09-11T13:50:44.2074960Z Initialized empty Git repository in /Users/runner/work/Silex/Silex/.git/
2026-09-11T13:50:44.2189770Z [command]/usr/local/bin/git remote add origin https://github.com/Matanek/Silex
2026-09-11T13:50:44.2239190Z ##[endgroup]
2026-09-11T13:50:44.2252370Z ##[group]Disabling automatic garbage collection
2026-09-11T13:50:44.2289580Z [command]/usr/local/bin/git config --local gc.auto 0
2026-09-11T13:50:44.2305050Z ##[endgroup]
2026-09-11T13:50:44.2312770Z ##[group]Setting up auth
2026-09-11T13:50:44.2316350Z Removing SSH command configuration
2026-09-11T13:50:44.2322450Z [command]/usr/local/bin/git config --local --name-only --get-regexp core\.sshCommand
2026-09-11T13:50:44.2340700Z [command]/usr/local/bin/git submodule foreach --recursive sh -c "git config --local --name-only --get-regexp 'core\.sshCommand' && git config --local --unset-all 'core.sshCommand' || :"
2026-09-11T13:50:44.6743260Z Removing HTTP extra header
2026-09-11T13:50:44.6758540Z [command]/usr/local/bin/git config --local --name-only --get-regexp http\.https\:\/\/github\.com\/\.extraheader
2026-09-11T13:50:44.6857530Z [command]/usr/local/bin/git submodule foreach --recursive sh -c "git config --local --name-only --get-regexp 'http\.https\:\/\/github\.com\/\.extraheader' && git config --local --unset-all 'http.https://github.com/.extraheader' || :"
2026-09-11T13:50:45.2705170Z Removing includeIf entries pointing to credentials config files
2026-09-11T13:50:45.3715070Z [command]/usr/local/bin/git config --local --name-only --get-regexp ^includeIf\.gitdir:
2026-09-11T13:50:45.4161610Z [command]/usr/local/bin/git submodule foreach --recursive git config --local --show-origin --name-only --get-regexp remote.origin.url
2026-09-11T13:50:45.6188470Z [command]/usr/local/bin/git config --file /Users/runner/work/_temp/git-credentials-d6400b18-b92e-47b4-a709-a16b4e33908e.config http.https://github.com/.extraheader AUTHORIZATION: basic ***
2026-09-11T13:50:45.6214100Z [command]/usr/local/bin/git config --local includeIf.gitdir:/Users/runner/work/Silex/Silex/.git.path /Users/runner/work/_temp/git-credentials-d6400b18-b92e-47b4-a709-a16b4e33908e.config
2026-09-11T13:50:45.6239800Z [command]/usr/local/bin/git config --local includeIf.gitdir:/Users/runner/work/Silex/Silex/.git/worktrees/*.path /Users/runner/work/_temp/git-credentials-d6400b18-b92e-47b4-a709-a16b4e33908e.config
2026-09-11T13:50:45.6262130Z [command]/usr/local/bin/git config --local includeIf.gitdir:/github/workspace/.git.path /github/runner_temp/git-credentials-d6400b18-b92e-47b4-a709-a16b4e33908e.config
2026-09-11T13:50:45.6288230Z [command]/usr/local/bin/git config --local includeIf.gitdir:/github/workspace/.git/worktrees/*.path /github/runner_temp/git-credentials-d6400b18-b92e-47b4-a709-a16b4e33908e.config
2026-09-11T13:50:45.6309230Z ##[endgroup]
2026-09-11T13:50:45.6314970Z ##[group]Fetching the repository
2026-09-11T13:50:45.6331130Z [command]/usr/local/bin/git -c protocol.version=2 fetch --no-tags --prune --no-recurse-submodules --depth=1 origin +270a53c9afd6504ea91d070d2d0079049d7ba1d9:refs/remotes/origin/spec-silex-optimization-parity-completion
2026-09-11T13:50:47.2752910Z From https://github.com/Matanek/Silex
2026-09-11T13:50:47.2758100Z  * [new ref]         270a53c9afd6504ea91d070d2d0079049d7ba1d9 -> origin/spec-silex-optimization-parity-completion
2026-09-11T13:50:47.2776840Z [command]/usr/local/bin/git branch --list --remote origin/spec-silex-optimization-parity-completion
2026-09-11T13:50:47.2947020Z   origin/spec-silex-optimization-parity-completion
2026-09-11T13:50:47.2969110Z [command]/usr/local/bin/git rev-parse refs/remotes/origin/spec-silex-optimization-parity-completion
2026-09-11T13:50:47.3116400Z 270a53c9afd6504ea91d070d2d0079049d7ba1d9
2026-09-11T13:50:47.3124420Z ##[endgroup]
2026-09-11T13:50:47.3125960Z ##[group]Determining the checkout info
2026-09-11T13:50:47.3127550Z ##[endgroup]
2026-09-11T13:50:47.3134710Z [command]/usr/local/bin/git sparse-checkout disable
2026-09-11T13:50:47.3370280Z [command]/usr/local/bin/git config --local --unset-all extensions.worktreeConfig
2026-09-11T13:50:47.3547580Z ##[group]Checking out the ref
2026-09-11T13:50:47.3558560Z [command]/usr/local/bin/git checkout --progress --force -B spec-silex-optimization-parity-completion refs/remotes/origin/spec-silex-optimization-parity-completion
2026-09-11T13:50:48.5280910Z Updating files:  73% (855/1162)
2026-09-11T13:50:48.6054260Z Updating files:  74% (860/1162)
2026-09-11T13:50:48.6380960Z Updating files:  75% (872/1162)
2026-09-11T13:50:48.6483390Z Updating files:  76% (884/1162)
2026-09-11T13:50:48.6498640Z Updating files:  77% (895/1162)
2026-09-11T13:50:48.6530100Z Updating files:  78% (907/1162)
2026-09-11T13:50:48.6549540Z Updating files:  79% (918/1162)
2026-09-11T13:50:48.6572180Z Updating files:  80% (930/1162)
2026-09-11T13:50:48.6608500Z Updating files:  81% (942/1162)
2026-09-11T13:50:48.6646610Z Updating files:  82% (953/1162)
2026-09-11T13:50:48.6733310Z Updating files:  83% (965/1162)
2026-09-11T13:50:48.6774950Z Updating files:  84% (977/1162)
2026-09-11T13:50:48.6811580Z Updating files:  85% (988/1162)
2026-09-11T13:50:48.6865930Z Updating files:  86% (1000/1162)
2026-09-11T13:50:48.7056620Z Updating files:  87% (1011/1162)
2026-09-11T13:50:48.7198510Z Updating files:  88% (1023/1162)
2026-09-11T13:50:48.7284100Z Updating files:  89% (1035/1162)
2026-09-11T13:50:48.7896220Z Updating files:  90% (1046/1162)
2026-09-11T13:50:48.7991390Z Updating files:  91% (1058/1162)
2026-09-11T13:50:48.8002500Z Updating files:  92% (1070/1162)
2026-09-11T13:50:48.8032770Z Updating files:  93% (1081/1162)
2026-09-11T13:50:48.8042370Z Updating files:  94% (1093/1162)
2026-09-11T13:50:48.8051390Z Updating files:  95% (1104/1162)
2026-09-11T13:50:48.8077650Z Updating files:  96% (1116/1162)
2026-09-11T13:50:48.8109280Z Updating files:  97% (1128/1162)
2026-09-11T13:50:48.8139840Z Updating files:  98% (1139/1162)
2026-09-11T13:50:48.8174720Z Updating files:  99% (1151/1162)
2026-09-11T13:50:48.8203620Z Updating files: 100% (1162/1162)
2026-09-11T13:50:48.8211080Z Updating files: 100% (1162/1162), done.
2026-09-11T13:50:48.8215630Z Switched to a new branch 'spec-silex-optimization-parity-completion'
2026-09-11T13:50:48.8221340Z branch 'spec-silex-optimization-parity-completion' set up to track 'origin/spec-silex-optimization-parity-completion'.
2026-09-11T13:50:48.8236600Z ##[endgroup]
2026-09-11T13:50:48.8249190Z [command]/usr/local/bin/git log -1 --format=%H
2026-09-11T13:50:48.8254230Z 270a53c9afd6504ea91d070d2d0079049d7ba1d9
2026-09-11T13:50:48.9205650Z ##[group]Run actions/checkout@v6
2026-09-11T13:50:48.9206800Z with:
2026-09-11T13:50:48.9207600Z   repository: Matanek/Silex-Lib-STD
2026-09-11T13:50:48.9209170Z   ref: 80aabd9a2de919af52dc0b8bf2d0f9de50aa75c5
2026-09-11T13:50:48.9210510Z   path: Dependencies/STD
2026-09-11T13:50:48.9226130Z   token: ***
2026-09-11T13:50:48.9227250Z   ssh-strict: true
2026-09-11T13:50:48.9228360Z   ssh-user: git
2026-09-11T13:50:48.9229510Z   persist-credentials: true
2026-09-11T13:50:48.9230800Z   clean: true
2026-09-11T13:50:48.9231940Z   sparse-checkout-cone-mode: true
2026-09-11T13:50:48.9233120Z   fetch-depth: 1
2026-09-11T13:50:48.9236640Z   fetch-tags: false
2026-09-11T13:50:48.9237780Z   show-progress: true
2026-09-11T13:50:48.9239140Z   lfs: false
2026-09-11T13:50:48.9240260Z   submodules: false
2026-09-11T13:50:48.9241460Z   set-safe-directory: true
2026-09-11T13:50:48.9242550Z   allow-unsafe-pr-checkout: false
2026-09-11T13:50:48.9244120Z ##[endgroup]
2026-09-11T13:50:49.1900620Z Syncing repository: Matanek/Silex-Lib-STD
2026-09-11T13:50:49.1915110Z ##[group]Getting Git version info
2026-09-11T13:50:49.1916370Z Working directory is '/Users/runner/work/Silex/Silex/Dependencies/STD'
2026-09-11T13:50:49.1994950Z [command]/usr/local/bin/git version
2026-09-11T13:50:49.2145190Z git version 2.55.0
2026-09-11T13:50:49.2181380Z ##[endgroup]
2026-09-11T13:50:49.2200140Z Copying '/Users/runner/.gitconfig' to '/Users/runner/work/_temp/aca3a931-df9e-4105-aaa2-8c9524cc03b7/.gitconfig'
2026-09-11T13:50:49.2223980Z Temporarily overriding HOME='/Users/runner/work/_temp/aca3a931-df9e-4105-aaa2-8c9524cc03b7' before making global git config changes
2026-09-11T13:50:49.2226810Z Adding repository directory to the temporary git global config as a safe directory
2026-09-11T13:50:49.2234900Z [command]/usr/local/bin/git config --global --add safe.directory /Users/runner/work/Silex/Silex/Dependencies/STD
2026-09-11T13:50:49.2392200Z ##[group]Determining repository object format
2026-09-11T13:50:49.2397710Z ##[endgroup]
2026-09-11T13:50:49.2398750Z ##[group]Initializing the repository
2026-09-11T13:50:49.2409980Z [command]/usr/local/bin/git init /Users/runner/work/Silex/Silex/Dependencies/STD
2026-09-11T13:50:49.2645170Z hint: Using 'master' as the name for the initial branch. This default branch name
2026-09-11T13:50:49.2647060Z hint: will change to "main" in Git 3.0. To configure the initial branch name
2026-09-11T13:50:49.2650470Z hint: to use in all of your new repositories, which will suppress this warning,
2026-09-11T13:50:49.2651950Z hint: call:
2026-09-11T13:50:49.2652820Z hint:
2026-09-11T13:50:49.2653740Z hint: 	git config --global init.defaultBranch <name>
2026-09-11T13:50:49.2655110Z hint:
2026-09-11T13:50:49.2656560Z hint: Names commonly chosen instead of 'master' are 'main', 'trunk' and
2026-09-11T13:50:49.2658370Z hint: 'development'. The just-created branch can be renamed via this command:
2026-09-11T13:50:49.2660680Z hint:
2026-09-11T13:50:49.2661460Z hint: 	git branch -m <name>
2026-09-11T13:50:49.2662450Z hint:
2026-09-11T13:50:49.2663700Z hint: Disable this message with "git config set advice.defaultBranchName false"
2026-09-11T13:50:49.2665730Z Initialized empty Git repository in /Users/runner/work/Silex/Silex/Dependencies/STD/.git/
2026-09-11T13:50:49.2672620Z [command]/usr/local/bin/git remote add origin https://github.com/Matanek/Silex-Lib-STD
2026-09-11T13:50:49.2827540Z ##[endgroup]
2026-09-11T13:50:49.2828780Z ##[group]Disabling automatic garbage collection
2026-09-11T13:50:49.2836110Z [command]/usr/local/bin/git config --local gc.auto 0
2026-09-11T13:50:49.2962420Z ##[endgroup]
2026-09-11T13:50:49.2963620Z ##[group]Setting up auth
2026-09-11T13:50:49.2964670Z Removing SSH command configuration
2026-09-11T13:50:49.2973100Z [command]/usr/local/bin/git config --local --name-only --get-regexp core\.sshCommand
2026-09-11T13:50:49.3114230Z [command]/usr/local/bin/git submodule foreach --recursive sh -c "git config --local --name-only --get-regexp 'core\.sshCommand' && git config --local --unset-all 'core.sshCommand' || :"
2026-09-11T13:50:49.7198480Z Removing HTTP extra header
2026-09-11T13:50:49.7360640Z [command]/usr/local/bin/git config --local --name-only --get-regexp http\.https\:\/\/github\.com\/\.extraheader
2026-09-11T13:50:49.8150710Z [command]/usr/local/bin/git submodule foreach --recursive sh -c "git config --local --name-only --get-regexp 'http\.https\:\/\/github\.com\/\.extraheader' && git config --local --unset-all 'http.https://github.com/.extraheader' || :"
2026-09-11T13:50:49.8678460Z Removing includeIf entries pointing to credentials config files
2026-09-11T13:50:49.9398210Z [command]/usr/local/bin/git config --local --name-only --get-regexp ^includeIf\.gitdir:
2026-09-11T13:50:50.0423110Z [command]/usr/local/bin/git submodule foreach --recursive git config --local --show-origin --name-only --get-regexp remote.origin.url
2026-09-11T13:50:50.2521690Z [command]/usr/local/bin/git config --file /Users/runner/work/_temp/git-credentials-308ce109-5461-40d8-9786-8539c9367b21.config http.https://github.com/.extraheader AUTHORIZATION: basic ***
2026-09-11T13:50:50.2528730Z [command]/usr/local/bin/git config --local includeIf.gitdir:/Users/runner/work/Silex/Silex/Dependencies/STD/.git.path /Users/runner/work/_temp/git-credentials-308ce109-5461-40d8-9786-8539c9367b21.config
2026-09-11T13:50:50.2534140Z [command]/usr/local/bin/git config --local includeIf.gitdir:/Users/runner/work/Silex/Silex/Dependencies/STD/.git/worktrees/*.path /Users/runner/work/_temp/git-credentials-308ce109-5461-40d8-9786-8539c9367b21.config
2026-09-11T13:50:50.2539920Z [command]/usr/local/bin/git config --local includeIf.gitdir:/github/workspace/Dependencies/STD/.git.path /github/runner_temp/git-credentials-308ce109-5461-40d8-9786-8539c9367b21.config
2026-09-11T13:50:50.2545190Z [command]/usr/local/bin/git config --local includeIf.gitdir:/github/workspace/Dependencies/STD/.git/worktrees/*.path /github/runner_temp/git-credentials-308ce109-5461-40d8-9786-8539c9367b21.config
2026-09-11T13:50:50.2549870Z ##[endgroup]
2026-09-11T13:50:50.2551010Z ##[group]Fetching the repository
2026-09-11T13:50:50.2552940Z [command]/usr/local/bin/git -c protocol.version=2 fetch --no-tags --prune --no-recurse-submodules --depth=1 origin 80aabd9a2de919af52dc0b8bf2d0f9de50aa75c5
2026-09-11T13:50:51.3652370Z From https://github.com/Matanek/Silex-Lib-STD
2026-09-11T13:50:51.3677610Z  * branch            80aabd9a2de919af52dc0b8bf2d0f9de50aa75c5 -> FETCH_HEAD
2026-09-11T13:50:51.3745030Z [command]/usr/local/bin/git rev-parse --verify --quiet 80aabd9a2de919af52dc0b8bf2d0f9de50aa75c5^{object}
2026-09-11T13:50:51.3901840Z 80aabd9a2de919af52dc0b8bf2d0f9de50aa75c5
2026-09-11T13:50:51.4441620Z ##[endgroup]
2026-09-11T13:50:51.4527580Z ##[group]Determining the checkout info
2026-09-11T13:50:51.4632860Z ##[endgroup]
2026-09-11T13:50:51.4675460Z [command]/usr/local/bin/git sparse-checkout disable
2026-09-11T13:50:51.4819310Z [command]/usr/local/bin/git config --local --unset-all extensions.worktreeConfig
2026-09-11T13:50:51.4931940Z ##[group]Checking out the ref
2026-09-11T13:50:51.4975780Z [command]/usr/local/bin/git checkout --progress --force 80aabd9a2de919af52dc0b8bf2d0f9de50aa75c5
2026-09-11T13:50:51.7294990Z HEAD is now at 80aabd9 Pin Silex 0.44 in portability CI
2026-09-11T13:50:51.7707230Z ##[endgroup]
2026-09-11T13:50:51.7983780Z [command]/usr/local/bin/git log -1 --format=%H
2026-09-11T13:50:51.7985280Z 80aabd9a2de919af52dc0b8bf2d0f9de50aa75c5
2026-09-11T13:50:51.8407010Z ##[group]Run set -euo pipefail
2026-09-11T13:50:51.8409070Z [36;1mset -euo pipefail[0m
2026-09-11T13:50:51.8410130Z [36;1marchive="$RUNNER_TEMP/zig.tar.xz"[0m
2026-09-11T13:50:51.8412450Z [36;1mcurl -fL https://ziglang.org/download/0.16.0/zig-x86_64-macos-0.16.0.tar.xz -o "$archive"[0m
2026-09-11T13:50:51.8415200Z [36;1mecho "0387557ed1877bc6a2e1802c8391953baddba76081876301c522f52977b52ba7  $archive" | shasum -a 256 -c -[0m
2026-09-11T13:50:51.8417250Z [36;1mtar -xJf "$archive" -C "$RUNNER_TEMP"[0m
2026-09-11T13:50:51.8420760Z [36;1mecho "$RUNNER_TEMP/zig-x86_64-macos-0.16.0" >> "$GITHUB_PATH"[0m
2026-09-11T13:50:51.8584970Z shell: /bin/bash --noprofile --norc -e -o pipefail {0}
2026-09-11T13:50:51.8586250Z ##[endgroup]
2026-09-11T13:50:52.2449760Z   % Total    % Received % Xferd  Average Speed  Time    Time    Time   Current
2026-09-11T13:50:52.2473490Z                                  Dload  Upload  Total   Spent   Left   Speed
2026-09-11T13:50:52.2490690Z 
2026-09-11T13:50:53.2823620Z   0      0   0      0   0      0      0      0                              0
2026-09-11T13:50:54.4184980Z   6 54.73M   6  3.46M   0      0  2.67M      0   00:20   00:01   00:19  3.34M
2026-09-11T13:50:55.4843880Z  43 54.73M  43 23.70M   0      0  9.94M      0   00:05   00:02   00:03 11.16M
2026-09-11T13:50:55.6461390Z  89 54.73M  89 48.88M   0      0 14.33M      0   00:03   00:03         15.51M
2026-09-11T13:50:55.7313470Z 100 54.73M 100 54.73M   0      0 15.27M      0   00:03   00:03         15.51M
2026-09-11T13:50:55.7597300Z 100 54.73M 100 54.73M   0      0 15.27M      0   00:03   00:03         15.51M
2026-09-11T13:50:55.7653960Z 100 54.73M 100 54.73M   0      0 15.26M      0   00:03   00:03         15.51M
2026-09-11T13:50:57.8177410Z /Users/runner/work/_temp/zig.tar.xz: OK
2026-09-11T13:51:42.7513290Z ##[group]Run set -euo pipefail
2026-09-11T13:51:42.7516060Z [36;1mset -euo pipefail[0m
2026-09-11T13:51:42.7518190Z [36;1mtest "$(uname -m)" = "x86_64"[0m
2026-09-11T13:51:42.7522000Z [36;1mmkdir -p .zig-cache/optimizer-x64[0m
2026-09-11T13:51:42.7523160Z [36;1m{[0m
2026-09-11T13:51:42.7526560Z [36;1m  echo "commit=$(git -C .. rev-parse HEAD)"[0m
2026-09-11T13:51:42.7528730Z [36;1m  echo "system=$(uname -s)"[0m
2026-09-11T13:51:42.7530280Z [36;1m  echo "architecture=$(uname -m)"[0m
2026-09-11T13:51:42.7533000Z [36;1m  echo "os=$(sw_vers -productVersion)"[0m
2026-09-11T13:51:42.7534200Z [36;1m  echo "cpu=$(sysctl -n machdep.cpu.brand_string)"[0m
2026-09-11T13:51:42.7538070Z [36;1m  clang --version | sed -n '1p'[0m
2026-09-11T13:51:42.7539840Z [36;1m} | tee .zig-cache/optimizer-x64/environment.txt[0m
2026-09-11T13:51:42.7734610Z shell: /bin/bash --noprofile --norc -e -o pipefail {0}
2026-09-11T13:51:42.7735580Z ##[endgroup]
2026-09-11T13:51:42.8828350Z commit=270a53c9afd6504ea91d070d2d0079049d7ba1d9
2026-09-11T13:51:42.9477120Z system=Darwin
2026-09-11T13:51:42.9638190Z architecture=x86_64
2026-09-11T13:51:42.9817810Z os=15.7.9
2026-09-11T13:51:42.9856760Z cpu=Intel(R) Core(TM) i7-8700B CPU @ 3.20GHz
2026-09-11T13:51:46.9328020Z Apple clang version 17.0.0 (clang-1700.0.13.5)
2026-09-11T13:51:46.9706430Z ##[group]Run set -euo pipefail
2026-09-11T13:51:46.9708220Z [36;1mset -euo pipefail[0m
2026-09-11T13:51:46.9709430Z [36;1mzig build -Doptimize=ReleaseFast -Dcpu=baseline \[0m
2026-09-11T13:51:46.9711240Z [36;1m  --prefix "$RUNNER_TEMP/silex-prefix"[0m
2026-09-11T13:51:46.9713010Z [36;1mcd "$GITHUB_WORKSPACE"[0m
2026-09-11T13:51:46.9714450Z [36;1m"$RUNNER_TEMP/silex-prefix/bin/silex" link \[0m
2026-09-11T13:51:46.9716460Z [36;1m  "$GITHUB_WORKSPACE/Dependencies/STD" \[0m
2026-09-11T13:51:46.9717740Z [36;1m  --workspace "$GITHUB_WORKSPACE"[0m
2026-09-11T13:51:46.9719280Z [36;1m"$RUNNER_TEMP/silex-prefix/bin/silex" packages resolve \[0m
2026-09-11T13:51:46.9720800Z [36;1m  "$GITHUB_WORKSPACE/Toolchain/Benchmarks/Optimizer"[0m
2026-09-11T13:51:46.9842970Z shell: /bin/bash --noprofile --norc -e -o pipefail {0}
2026-09-11T13:51:46.9844100Z ##[endgroup]
2026-09-11T13:59:30.3675290Z silex: linked STD@0.22.0 to /Users/runner/work/Silex/Silex/Dependencies/STD for this workspace
2026-09-11T13:59:30.3820300Z STD 0.22.0 workspace-link /Users/runner/work/Silex/Silex/Dependencies/STD
2026-09-11T13:59:30.3983170Z ##[group]Run set -euo pipefail
2026-09-11T13:59:30.3984070Z [36;1mset -euo pipefail[0m
2026-09-11T13:59:30.3984640Z [36;1mset -o pipefail[0m
2026-09-11T13:59:30.3985630Z [36;1mzig build optimizer-oracle -- qualify 8 1 2>&1 | tee .zig-cache/optimizer-x64/qualification.log[0m
2026-09-11T13:59:30.4368960Z shell: /bin/bash --noprofile --norc -e -o pipefail {0}
2026-09-11T13:59:30.4369750Z ##[endgroup]
2026-09-11T14:04:44.4028840Z optimizer oracle: native optimizer regression qualification
2026-09-11T14:04:59.1002900Z   PASS Regressions/LateScalarClosure.sx
2026-09-11T14:04:59.1004870Z     protects: helpers exposed as scalar leaves after collection cleanup preserve loop results and checked initialization
2026-09-11T14:04:59.1006940Z     binaries: Debug 16631 bytes, Release 12440 bytes
2026-09-11T14:04:59.2606900Z   PASS Regressions/ValueModules/Main.sx
2026-09-11T14:04:59.2608710Z     protects: module and generic boundaries preserve dominated values, partial paths, mutable aliases and strict floating observations
2026-09-11T14:04:59.2611130Z     binaries: Debug 20735 bytes, Release 12440 bytes
2026-09-11T14:04:59.5953970Z   PASS Regressions/AggregatePreparation.sx
2026-09-11T14:04:59.5956100Z     protects: complete preparation observes all 26 fields across dynamic/fixed bodies, warm starts and detached results
2026-09-11T14:04:59.5957750Z     contract: dominated aggregate field reads 820 -> 24
2026-09-11T14:04:59.5959030Z     counter: disabling ssa_value_simplification retains 56 field reads versus 24
2026-09-11T14:04:59.5960450Z     binaries: Debug 131327 bytes, Release 32952 bytes
2026-09-11T14:04:59.7680460Z   PASS Regressions/ScalarExpressionReuse.sx
2026-09-11T14:04:59.7682950Z     protects: identical scalar snapshots share calculations across stores while changed memory and floating edge values retain their observations
2026-09-11T14:04:59.7685100Z     contract: scalar products 4 -> 2; changed-memory path retains 2
2026-09-11T14:04:59.7686530Z     counter: disabling ssa_value_simplification retains 4 scalar products versus 2
2026-09-11T14:04:59.7687830Z     binaries: Debug 20735 bytes, Release 12440 bytes
2026-09-11T14:04:59.9410810Z   PASS Regressions/KnownViewElements.sx
2026-09-11T14:04:59.9412630Z     protects: known scalar elements propagate through clamped nested views; aliases and branches retain observations
2026-09-11T14:04:59.9415350Z     contract: constantViews view loads 2 -> 0, stores 0 -> 0, 2 guard(s) retained
2026-09-11T14:04:59.9417650Z     counter: disabling reference_memory_elision retains 4 memory operation(s) versus 0 in constantViews; guards 6/2
2026-09-11T14:04:59.9419610Z     binaries: Debug 24831 bytes, Release 16536 bytes
2026-09-11T14:05:05.1519950Z   PASS IntegerArithmetic.sx
2026-09-11T14:05:05.1521260Z     protects: a hot scalar loop retains target registers across a terminal output barrier
2026-09-11T14:05:05.1522460Z     contract: main scalar residences ARM64 13/13, X64 13/13
2026-09-11T14:05:05.1523460Z     binaries: Debug 16631 bytes, Release 12440 bytes
2026-09-11T14:05:05.3199860Z   PASS AggregateScalarization.sx
2026-09-11T14:05:05.3201710Z     protects: value aggregate copies, field updates and returns reduce to scalar leaves
2026-09-11T14:05:05.3203460Z     contract: update value-aggregate operations 14 -> 3
2026-09-11T14:05:05.3204810Z     binaries: Debug 16631 bytes, Release 12440 bytes
2026-09-11T14:05:05.4824910Z   PASS ReferenceDeadStores.sx
2026-09-11T14:05:05.4826430Z     protects: exact reference stores are eliminated while a possibly aliasing observation remains
2026-09-11T14:05:05.4828330Z     contract: overwrite reference stores 2 -> 1; observed retains 1 load(s) and 2 store(s)
2026-09-11T14:05:05.4830540Z     counter: disabling reference_memory_elision retains 2 memory operation(s) versus 1 in overwrite; guards 0/0
2026-09-11T14:05:05.4832410Z     binaries: Debug 16631 bytes, Release 12440 bytes
2026-09-11T14:05:05.6503540Z   PASS MutableViewMemory.sx
2026-09-11T14:05:05.6506400Z     protects: exact mutable-view stores and loads coalesce without removing the surviving bounds guard
2026-09-11T14:05:05.6508940Z     contract: rewrite view loads 5 -> 0, stores 2 -> 1, 1 guard(s) retained
2026-09-11T14:05:05.6511950Z     counter: disabling reference_memory_elision retains 3 memory operation(s) versus 1 in rewrite; guards 3/1
2026-09-11T14:05:05.6514000Z     binaries: Debug 16631 bytes, Release 12440 bytes
2026-09-11T14:05:05.8111050Z   PASS OwningCollectionCopy.sx
2026-09-11T14:05:05.8112610Z     protects: known owning-list values forward while copy-on-write mutation remains explicit
2026-09-11T14:05:05.8114490Z     contract: main owning loads 4 -> 0, 1 mutation(s) and 0 guard(s) retained
2026-09-11T14:05:05.8116590Z     counter: disabling reference_memory_elision retains 3 memory operation(s) versus 1 in main; guards 3/0
2026-09-11T14:05:05.8118460Z     binaries: Debug 16631 bytes, Release 12440 bytes
2026-09-11T14:05:06.0908270Z   PASS Regressions/AggregateFieldStores.sx
2026-09-11T14:05:06.0910460Z     protects: scalar field reads and writes preserve snapshots, alias mutations across calls and loops, and owning collection copies
2026-09-11T14:05:06.0913870Z     binaries: Debug 45311 bytes, Release 32952 bytes
2026-09-11T14:05:06.2695640Z   PASS Regressions/CheckedMemoryLanes.sx
2026-09-11T14:05:06.2697310Z     protects: checked aggregate loads, independent arithmetic lanes, branches and borrowed writes
2026-09-11T14:05:06.2699010Z     binaries: Debug 33023 bytes, Release 28856 bytes
2026-09-11T14:05:06.4842700Z   PASS Regressions/AggregateControlFlow.sx
2026-09-11T14:05:06.4844860Z     protects: immutable aggregate projections across branches and loops preserve snapshots and joined returns
2026-09-11T14:05:06.4846890Z     binaries: Debug 20735 bytes, Release 16536 bytes
2026-09-11T14:05:06.6645060Z   PASS Regressions/FloatSsaDiamond.sx
2026-09-11T14:05:06.6646190Z     protects: float32 and float64 local values preserve both incoming edges of an SSA diamond
2026-09-11T14:05:06.6647330Z     binaries: Debug 20735 bytes, Release 16536 bytes
2026-09-11T14:05:06.8403350Z   PASS Regressions/FloatSsaLoop.sx
2026-09-11T14:05:06.8404910Z     protects: float32 and float64 local recurrences preserve entry and back-edge values
2026-09-11T14:05:06.8406600Z     binaries: Debug 16631 bytes, Release 12440 bytes
2026-09-11T14:05:07.0544380Z   PASS Regressions/BooleanSharedChain.sx
2026-09-11T14:05:07.0545630Z     protects: shared boolean-chain blocks and reused branch values
2026-09-11T14:05:07.0546700Z     contract: hot_chain blocks 13 -> 8
2026-09-11T14:05:07.0547420Z     binaries: Debug 16631 bytes, Release 12440 bytes
2026-09-11T14:05:07.2331390Z   PASS Regressions/SsaValueFacts.sx
2026-09-11T14:05:07.2332930Z     protects: unanimous SSA joins propagate exact constants while divergent joins retain their control
2026-09-11T14:05:07.2334640Z     contract: unanimous branches 2 -> 1, arithmetic 1 -> 0
2026-09-11T14:05:07.2336320Z     counter: disabling ssa_value_simplification retains 2 branches and 1 arithmetic operation(s), versus 1 and 0
2026-09-11T14:05:07.2338000Z     binaries: Debug 16631 bytes, Release 12440 bytes
2026-09-11T14:05:07.4032460Z   PASS Regressions/SsaCriticalEdge.sx
2026-09-11T14:05:07.4034010Z     protects: float32 and float64 locals cross a critical edge without memory traffic or a synthetic block
2026-09-11T14:05:07.4035470Z     contract: choose64 local operations 3 -> 0, blocks 4 -> 3
2026-09-11T14:05:07.4037320Z     counter: disabling ssa_promotion_post retains 3 local operation(s) versus 0, with blocks 3 versus 3
2026-09-11T14:05:07.4039070Z     binaries: Debug 16631 bytes, Release 12440 bytes
2026-09-11T14:05:07.5676310Z   PASS Regressions/SsaForwardedPhiLoop.sx
2026-09-11T14:05:07.5678210Z     protects: a loop-carried float value crosses an inner forwarding join without falling back to local storage
2026-09-11T14:05:07.5679940Z     contract: accumulate local operations 9 -> 0, blocks 7 -> 6
2026-09-11T14:05:07.5681670Z     counter: disabling ssa_promotion_post retains 4 local operation(s) versus 0, with blocks 6 versus 6
2026-09-11T14:05:07.5684110Z     binaries: Debug 16631 bytes, Release 12440 bytes
2026-09-11T14:05:07.7382710Z   PASS Regressions/SsaDistinctPhiLoop.sx
2026-09-11T14:05:07.7384520Z     protects: a float recurrence keeps distinct loop and branch joins without falling back to local storage
2026-09-11T14:05:07.7386480Z     contract: accumulate local operations 13 -> 0, blocks 7 -> 7
2026-09-11T14:05:07.7388390Z     counter: disabling ssa_promotion_post retains 8 local operation(s) versus 0, with blocks 7 versus 7
2026-09-11T14:05:07.7390130Z     binaries: Debug 16631 bytes, Release 12440 bytes
2026-09-11T14:05:07.8949850Z   PASS Regressions/IntegerConversionConstants.sx
2026-09-11T14:05:07.8951260Z     protects: unanimous integer facts cross representable conversions and expose dependent constant arithmetic
2026-09-11T14:05:07.8952690Z     contract: joined conversions 5 -> 0, arithmetic 4 -> 0
2026-09-11T14:05:07.8954510Z     counter: disabling ssa_value_simplification retains 1 conversions and 1 arithmetic operation(s), versus 0 and 0
2026-09-11T14:05:07.8955990Z     binaries: Debug 16631 bytes, Release 12440 bytes
2026-09-11T14:05:08.0578600Z   PASS Regressions/IntegerShiftConstants.sx
2026-09-11T14:05:08.0579890Z     protects: unanimous integer and count facts fold valid shifts while invalid counts preserve their failure
2026-09-11T14:05:08.0581240Z     contract: shifted branches 2 -> 1, arithmetic 3 -> 0
2026-09-11T14:05:08.0582550Z     counter: disabling ssa_value_simplification retains 2 branches and 3 arithmetic operation(s), versus 1 and 0
2026-09-11T14:05:08.0583820Z     binaries: Debug 16631 bytes, Release 12440 bytes
2026-09-11T14:05:08.2280940Z   PASS Regressions/IntegerRangeChecks.sx
2026-09-11T14:05:08.2282140Z     protects: dominating and loop-carried bounds remove only proven overflow and conversion checks
2026-09-11T14:05:08.2284110Z     contract: increment, decrement, widen_unsigned, shift_bounded, accumulate proven checks 12 -> 0; 1 unproven check(s) retained
2026-09-11T14:05:08.2286460Z     counter: disabling value_range_analysis retains 10 proven check(s) versus 0; unproven checks remain 1/1
2026-09-11T14:05:08.2287830Z     binaries: Debug 20735 bytes, Release 12440 bytes
2026-09-11T14:05:08.4008620Z   PASS Regressions/ConstantDivision.sx
2026-09-11T14:05:08.4010820Z     protects: signed and unsigned constant division, including powers of two, preserves all Silex integer widths on native backends
2026-09-11T14:05:08.4012520Z     binaries: Debug 28927 bytes, Release 16536 bytes
2026-09-11T14:05:08.5794220Z   PASS Regressions/X64RegionalBarriers.sx
2026-09-11T14:05:08.5796340Z     protects: a hot X64 scalar loop retains volatile registers while aggregate construction and a direct call remain stack barriers
2026-09-11T14:05:08.5799800Z     contract: integrate X64 regional residence 13/15, 2 spilled values, 4 frame slots/32 bytes, loop stack 0 load/0 store, barriers 1 direct/0 indirect call and 2 aggregate leaf slots
2026-09-11T14:05:08.5802340Z     binaries: Debug 16631 bytes, Release 12440 bytes
2026-09-11T14:05:08.7433620Z   PASS Regressions/X64IndirectAggregate.sx
2026-09-11T14:05:08.7435230Z     protects: a hot X64 scalar loop retains registers before a wide aggregate and indirect call barrier
2026-09-11T14:05:08.7437350Z     contract: integrate X64 regional residence 14/20, 6 spilled values, 8 frame slots/64 bytes, loop stack 0 load/0 store, barriers 0 direct/1 indirect call and 4 aggregate leaf slots
2026-09-11T14:05:08.7439050Z     binaries: Debug 16631 bytes, Release 12440 bytes
2026-09-11T14:05:08.8986940Z   PASS Regressions/ArrayStorageAccess.sx
2026-09-11T14:05:08.8988060Z     protects: fixed, dynamic, nested, and aggregate collection storage
2026-09-11T14:05:08.8989110Z     binaries: Debug 28927 bytes, Release 24760 bytes
2026-09-11T14:05:58.7846470Z   PASS Regressions/BoundedCollectionLoop.sx
2026-09-11T14:05:58.7849910Z     protects: proven zero-origin collection traversal without weakening other bounds checks
2026-09-11T14:05:58.7852010Z     contract: sum checked collection loads 1 -> 0
2026-09-11T14:05:58.7854880Z     binaries: Debug 16631 bytes, Release 12440 bytes
2026-09-11T14:05:58.9567030Z   PASS Regressions/SequentialBoundedLoops.sx
2026-09-11T14:05:58.9568570Z     protects: zero-origin recovery after a sequential loop resets its reused induction variable
2026-09-11T14:05:58.9570540Z     contract: sum_sequential checked collection loads 2 -> 1
2026-09-11T14:05:58.9571860Z     binaries: Debug 16631 bytes, Release 12440 bytes
2026-09-11T14:07:48.2187920Z   PASS Regressions/DenseScalarLoop.sx
2026-09-11T14:07:48.2198270Z     protects: class count accessor inlining and redundant scalar loads inside a dense loop
2026-09-11T14:07:48.2201730Z     contract: integrate collection loads 4 -> 2, calls 1 -> 0
2026-09-11T14:07:48.2205520Z     binaries: Debug 37119 bytes, Release 32952 bytes
2026-09-11T14:07:48.4431420Z   PASS Regressions/LoopExitFloatLaneXY.sx
2026-09-11T14:07:48.4435980Z     protects: XY loop recurrences become stable vectorizable snapshots after loop exit
2026-09-11T14:07:48.4440470Z     contract: finish SLP width 2 (required >= 2), ARM64 pairs 15 (required=yes), X64 pairs 0 (required=no)
2026-09-11T14:07:48.4446370Z     binaries: Debug 16631 bytes, Release 12440 bytes
2026-09-11T14:07:48.6501730Z   PASS Regressions/FloatLaneXYZ.sx
2026-09-11T14:07:48.6504110Z     protects: portable XYZ lane grouping through loads and arithmetic
2026-09-11T14:07:48.6507870Z     contract: transform SLP width 3 (required >= 3), ARM64 pairs 3 (required=no), X64 pairs 0 (required=no)
2026-09-11T14:07:48.6511410Z     binaries: Debug 16631 bytes, Release 12440 bytes
2026-09-11T14:07:48.8875390Z   PASS Regressions/LoopExitFloatLaneXYZW.sx
2026-09-11T14:07:48.8878470Z     protects: XYZW loop recurrences become two stable vectorizable pairs after loop exit
2026-09-11T14:07:48.8882530Z     contract: finish SLP width 4 (required >= 4), ARM64 pairs 30 (required=yes), X64 pairs 0 (required=no)
2026-09-11T14:07:48.8886140Z     binaries: Debug 20735 bytes, Release 12440 bytes
2026-09-11T14:07:49.0757180Z   PASS Regressions/TextOutputIntegrity.sx
2026-09-11T14:07:49.0758590Z     protects: complete text output through branches and collection iteration
2026-09-11T14:07:49.0760010Z     binaries: Debug 16631 bytes, Release 12440 bytes
2026-09-11T14:07:49.2723470Z   PASS Regressions/BoidsKernel.sx
2026-09-11T14:07:49.2724970Z     protects: boids-like arrays, shared boolean chains, and native XY/Z realization
2026-09-11T14:07:49.2727540Z     contract: steer SLP width 3 (required >= 3), ARM64 pairs 15 (required=yes), X64 pairs 6 (required=yes)
2026-09-11T14:07:49.2729010Z     binaries: Debug 37119 bytes, Release 32952 bytes
2026-09-11T14:07:49.4617500Z   PASS Regressions/Boids2DSteering.sx
2026-09-11T14:07:49.4619860Z     protects: aggregate vector parameters keep pointer-terminated collection cursors disjoint from cached float literals
2026-09-11T14:07:49.4621850Z     binaries: Debug 20735 bytes, Release 16536 bytes
2026-09-11T14:07:49.6387490Z   PASS Regressions/ReversedFloatRecurrence.sx
2026-09-11T14:07:49.6389210Z     protects: reversed float recurrence copies preserve lane order and exact unaligned compact-field loads
2026-09-11T14:07:49.6390530Z     binaries: Debug 33023 bytes, Release 28856 bytes
2026-09-11T14:07:49.8335240Z   PASS Regressions/CollectionCursor.sx
2026-09-11T14:07:49.8337080Z     protects: a generic unit-stride float collection loop retains a post-indexed pointer-terminated cursor
2026-09-11T14:07:49.8338520Z     contract: accumulate ARM64 cursor post-indexed=yes, pointer-terminated=yes
2026-09-11T14:07:49.8339700Z     binaries: Debug 33023 bytes, Release 28856 bytes
2026-09-11T14:07:50.0405780Z   PASS Regressions/ReferenceCursorReuse.sx
2026-09-11T14:07:50.0409100Z     protects: ascending mutable view references preserve checked bounds and reuse stable element addresses across field writes
2026-09-11T14:07:50.0411060Z     binaries: Debug 20735 bytes, Release 16536 bytes
2026-09-11T14:07:50.3200010Z   PASS Regressions/MultipleReferenceCursors.sx
2026-09-11T14:07:50.3205850Z     protects: independent mutable views carry every checked ascending element address in one loop
2026-09-11T14:07:50.3210330Z     contract: shift ARM64 reference cursors unchecked=0, checked=2
2026-09-11T14:07:50.3215400Z     binaries: Debug 20735 bytes, Release 16536 bytes
2026-09-11T14:07:50.4918870Z   PASS Regressions/AggregateParameterResidence.sx
2026-09-11T14:07:50.4920600Z     protects: read-only aggregate parameters keep scalar leaves in ARM64 registers unless storage is required
2026-09-11T14:07:50.4923520Z     contract: evaluate ARM64 aggregate parameter residence 12/12
2026-09-11T14:07:50.4925270Z     binaries: Debug 16631 bytes, Release 12440 bytes
2026-09-11T14:07:50.6846010Z   PASS Regressions/LoopForms.sx
2026-09-11T14:07:50.6848040Z     protects: signed and unsigned inductions, nested control, break, continue, dynamic bounds, strided access and contiguous recurrence
2026-09-11T14:07:50.6850210Z     binaries: Debug 33023 bytes, Release 28856 bytes
2026-09-11T14:07:50.8533440Z   PASS Regressions/CallEffectsInlining.sx
2026-09-11T14:07:50.8535410Z     protects: small reference and checked-view callees inline into the final caller without losing their memory effects
2026-09-11T14:07:50.8538400Z     contract: main calls 2 -> 0, reference stores 1 -> 0 after scalar replacement
2026-09-11T14:07:50.8540170Z     counter: disabling value_inlining retains 2 call(s) versus 0 in main
2026-09-11T14:07:50.8542030Z     binaries: Debug 16631 bytes, Release 12440 bytes
2026-09-11T14:07:51.0386730Z   PASS Regressions/BranchingReferenceInlining.sx
2026-09-11T14:07:51.0388950Z     protects: branching reference callees inline at hot loop sites while preserving their writes
2026-09-11T14:07:51.0390450Z     contract: main calls 1 -> 0, reference stores 2 -> 2 after scalar replacement
2026-09-11T14:07:51.0392200Z     counter: disabling value_inlining retains 1 call(s) versus 0 in main
2026-09-11T14:07:51.0393580Z     binaries: Debug 16631 bytes, Release 12440 bytes
2026-09-11T14:07:52.9664610Z   PASS Regressions/PureMathReferenceInlining.sx
2026-09-11T14:07:52.9666660Z     protects: proven pure scalar-math effects remain exact while a native call barrier stays outside a branching reference caller
2026-09-11T14:07:52.9669590Z     contract: main calls 1 -> 1, reference stores 4 -> 4 after scalar replacement
2026-09-11T14:07:52.9672140Z     binaries: Debug 20790 bytes, Release 20790 bytes
2026-09-11T14:07:54.8037800Z   PASS Regressions/HotReferenceLeafClosure.sx
2026-09-11T14:07:54.8039300Z     protects: a pressure-heavy hot set of reference leaf callees stays out of line until expanded caller residences are proven profitable
2026-09-11T14:07:54.8041480Z     contract: integrate calls 2 -> 2, reference stores 9 -> 9 after scalar replacement
2026-09-11T14:07:54.8042900Z     binaries: Debug 37225 bytes, Release 29033 bytes
2026-09-11T14:07:54.9858950Z   PASS Regressions/DynamicFieldClearAppend.sx
2026-09-11T14:07:54.9861830Z     protects: a loop-local class call bound stays defined before clearing and rebuilding a dynamic field
2026-09-11T14:07:54.9864210Z     binaries: Debug 45311 bytes, Release 41176 bytes
2026-09-11T14:08:07.4646190Z qualified: 64 integer failures with ordered output in Debug/Release
2026-09-11T14:08:15.0671180Z qualified: 43 numeric conversions with exact values and diagnostics in Debug/Release
2026-09-11T14:08:15.2374170Z qualified: 47 fixed regressions and 8 generated native scenarios
2026-09-11T14:08:16.7442120Z ##[group]Run set -euo pipefail
2026-09-11T14:08:16.7443450Z [36;1mset -euo pipefail[0m
2026-09-11T14:08:16.7444320Z [36;1mset -o pipefail[0m
2026-09-11T14:08:16.7445270Z [36;1mpython3 -m unittest discover -s Benchmarks/Native -p 'test_campaign.py'[0m
2026-09-11T14:08:16.7446930Z [36;1mzig build benchmark-native 2>&1 | tee .zig-cache/optimizer-x64/benchmark-build.log[0m
2026-09-11T14:08:16.7448580Z [36;1mpython3 Benchmarks/Native/campaign.py \[0m
2026-09-11T14:08:16.7449420Z [36;1m  .zig-cache/benchmark-native \[0m
2026-09-11T14:08:16.7450310Z [36;1m  .zig-cache/optimizer-x64/campaign.json \[0m
2026-09-11T14:08:16.7451110Z [36;1m  --samples 21 \[0m
2026-09-11T14:08:16.7451770Z [36;1m  --warmups 6 \[0m
2026-09-11T14:08:16.7453120Z [36;1m  --candidate-sha "$(git -C .. rev-parse HEAD)" \[0m
2026-09-11T14:08:16.7453970Z [36;1m  --require-native-x64 \[0m
2026-09-11T14:08:16.7455120Z [36;1m  --require-parity[0m
2026-09-11T14:08:16.7456140Z [36;1mcat .zig-cache/optimizer-x64/campaign.json[0m
2026-09-11T14:08:16.7602770Z shell: /bin/bash --noprofile --norc -e -o pipefail {0}
2026-09-11T14:08:16.7603710Z ##[endgroup]
2026-09-11T14:08:17.6488140Z ....
2026-09-11T14:08:17.6490590Z ----------------------------------------------------------------------
2026-09-11T14:08:17.6498420Z Ran 4 tests in 0.007s
2026-09-11T14:08:17.6499950Z 
2026-09-11T14:08:17.6501090Z OK
2026-09-11T14:08:45.6291200Z Silex native benchmark
2026-09-11T14:08:45.6292490Z host: Darwin-x86_64
2026-09-11T14:08:45.6296180Z clang: Apple clang version 17.0.0 (clang-1700.0.13.5)
2026-09-11T14:08:45.6298470Z workload: Arithmetic
2026-09-11T14:08:45.6299620Z result: 143997165
2026-09-11T14:08:45.6300850Z sizes:
2026-09-11T14:08:45.6301720Z    16631 .zig-cache/benchmark-native/arithmetic-debug
2026-09-11T14:08:45.6304230Z    12440 .zig-cache/benchmark-native/arithmetic-release
2026-09-11T14:08:45.6305680Z     8496 .zig-cache/benchmark-native/arithmetic-clang
2026-09-11T14:08:45.6307210Z    37567 total
2026-09-11T14:08:45.6307890Z compile times:
2026-09-11T14:08:45.6348720Z   debug real 0.27
2026-09-11T14:08:45.6349400Z   debug user 0.11
2026-09-11T14:08:45.6350060Z   debug sys 0.12
2026-09-11T14:08:45.6350720Z   release real 0.02
2026-09-11T14:08:45.6351400Z   release user 0.01
2026-09-11T14:08:45.6352090Z   release sys 0.01
2026-09-11T14:08:45.6352750Z   clang real 1.94
2026-09-11T14:08:45.6353400Z   clang user 0.16
2026-09-11T14:08:45.6354210Z   clang sys 1.43
2026-09-11T14:08:45.6355070Z run times:
2026-09-11T14:08:45.6356390Z   debug real 0.01
2026-09-11T14:08:45.6357100Z   debug user 0.00
2026-09-11T14:08:45.6357810Z   debug sys 0.00
2026-09-11T14:08:45.6358490Z   release real 0.00
2026-09-11T14:08:45.6359160Z   release user 0.00
2026-09-11T14:08:45.6359880Z   release sys 0.00
2026-09-11T14:08:45.6360540Z   clang real 0.00
2026-09-11T14:08:45.6361230Z   clang user 0.00
2026-09-11T14:08:45.6361910Z   clang sys 0.00
2026-09-11T14:08:45.6362740Z workload: Objects
2026-09-11T14:08:45.6363680Z result: 6000000
2026-09-11T14:08:45.6364560Z sizes:
2026-09-11T14:08:45.6365500Z    33023 .zig-cache/benchmark-native/objects-debug
2026-09-11T14:08:45.6366610Z    28856 .zig-cache/benchmark-native/objects-release
2026-09-11T14:08:45.6367690Z     8584 .zig-cache/benchmark-native/objects-clang
2026-09-11T14:08:45.6368960Z    70463 total
2026-09-11T14:08:45.6369740Z compile times:
2026-09-11T14:08:45.6370400Z   debug real 0.15
2026-09-11T14:08:45.6371880Z   debug user 0.09
2026-09-11T14:08:45.6372580Z   debug sys 0.06
2026-09-11T14:08:45.6373270Z   release real 0.03
2026-09-11T14:08:45.6373970Z   release user 0.01
2026-09-11T14:08:45.6375780Z   release sys 0.01
2026-09-11T14:08:45.6377230Z   clang real 1.95
2026-09-11T14:08:45.6377960Z   clang user 1.02
2026-09-11T14:08:45.6378650Z   clang sys 0.50
2026-09-11T14:08:45.6379300Z run times:
2026-09-11T14:08:45.6379920Z   debug real 0.04
2026-09-11T14:08:45.6380630Z   debug user 0.03
2026-09-11T14:08:45.6381510Z   debug sys 0.00
2026-09-11T14:08:45.6382340Z   release real 0.03
2026-09-11T14:08:45.6384410Z   release user 0.02
2026-09-11T14:08:45.6385140Z   release sys 0.00
2026-09-11T14:08:45.6385810Z   clang real 0.00
2026-09-11T14:08:45.6386460Z   clang user 0.00
2026-09-11T14:08:45.6387100Z   clang sys 0.00
2026-09-11T14:08:45.6387830Z workload: Flocking
2026-09-11T14:08:45.6388490Z result: true
2026-09-11T14:08:45.6389270Z sizes:
2026-09-11T14:08:45.6390010Z    28927 .zig-cache/benchmark-native/flocking-debug
2026-09-11T14:08:45.6391280Z    24760 .zig-cache/benchmark-native/flocking-release
2026-09-11T14:08:45.6392460Z     9904 .zig-cache/benchmark-native/flocking-clang
2026-09-11T14:08:45.6393630Z    63591 total
2026-09-11T14:08:45.6394370Z compile times:
2026-09-11T14:08:45.6395220Z   debug real 0.15
2026-09-11T14:08:45.6401430Z   debug user 0.09
2026-09-11T14:08:45.6401920Z   debug sys 0.06
2026-09-11T14:08:45.6402490Z   release real 0.05
2026-09-11T14:08:45.6403230Z   release user 0.03
2026-09-11T14:08:45.6403880Z   release sys 0.01
2026-09-11T14:08:45.6405020Z   clang real 1.00
2026-09-11T14:08:45.6405790Z   clang user 0.87
2026-09-11T14:08:45.6406530Z   clang sys 0.15
2026-09-11T14:08:45.6408300Z run times:
2026-09-11T14:08:45.6409060Z   debug real 4.93
2026-09-11T14:08:45.6409820Z   debug user 4.90
2026-09-11T14:08:45.6410570Z   debug sys 0.02
2026-09-11T14:08:45.6412640Z   release real 3.74
2026-09-11T14:08:45.6413470Z   release user 3.71
2026-09-11T14:08:45.6414570Z   release sys 0.02
2026-09-11T14:08:45.6415490Z   clang real 0.47
2026-09-11T14:08:45.6416390Z   clang user 0.46
2026-09-11T14:08:45.6417410Z   clang sys 0.00
2026-09-11T14:12:54.9075140Z optimizer X64 qualification: arithmetic: release spread exceeds 200000 ppm
2026-09-11T14:12:54.9077070Z optimizer X64 qualification: arithmetic: clang spread exceeds 200000 ppm
2026-09-11T14:12:54.9080110Z optimizer X64 qualification: arithmetic: release_half_shift_ppm exceeds 100000 ppm
2026-09-11T14:12:54.9082030Z optimizer X64 qualification: arithmetic: Silex/Clang upper bound exceeds 1000000 ppm
2026-09-11T14:12:54.9083810Z optimizer X64 qualification: objects: release spread exceeds 200000 ppm
2026-09-11T14:12:54.9085380Z optimizer X64 qualification: objects: Silex/Clang upper bound exceeds 1000000 ppm
2026-09-11T14:12:54.9087160Z optimizer X64 qualification: flocking: Silex/Clang upper bound exceeds 1000000 ppm
2026-09-11T14:12:54.9349130Z ##[error]Process completed with exit code 1.
2026-09-11T14:12:54.9841950Z ##[group]Run actions/upload-artifact@v7
2026-09-11T14:12:54.9842570Z with:
2026-09-11T14:12:54.9843110Z   name: optimizer-x64-270a53c9afd6504ea91d070d2d0079049d7ba1d9
2026-09-11T14:12:54.9844240Z   path: Toolchain/.zig-cache/optimizer-x64
Toolchain/.zig-cache/benchmark-native/report.txt

2026-09-11T14:12:54.9845250Z   if-no-files-found: error
2026-09-11T14:12:54.9845750Z   retention-days: 14
2026-09-11T14:12:54.9846180Z   compression-level: 6
2026-09-11T14:12:54.9846620Z   overwrite: false
2026-09-11T14:12:54.9847050Z   include-hidden-files: false
2026-09-11T14:12:54.9847530Z   archive: true
2026-09-11T14:12:54.9847910Z ##[endgroup]
2026-09-11T14:12:55.9930650Z Multiple search paths detected. Calculating the least common ancestor of all paths
2026-09-11T14:12:55.9937240Z The least common ancestor is /Users/runner/work/Silex/Silex/Toolchain/.zig-cache. This will be the root directory of the artifact
2026-09-11T14:12:55.9941150Z With the provided path, there will be 5 files uploaded
2026-09-11T14:12:55.9947470Z Artifact name is valid!
2026-09-11T14:12:55.9952200Z Root directory input is valid!
2026-09-11T14:12:56.2942000Z Uploading artifact: optimizer-x64-270a53c9afd6504ea91d070d2d0079049d7ba1d9.zip
2026-09-11T14:12:56.2999390Z Beginning upload of artifact content to blob storage
2026-09-11T14:12:56.4306380Z Uploaded bytes 10086
2026-09-11T14:12:56.4501580Z Finished uploading artifact content to blob storage!
2026-09-11T14:12:56.4503740Z SHA256 digest of uploaded artifact is b4a8e1b36539c635a0af28d1c22a08ad1d0683e082f2b1468de1df4ca02ec9b6
2026-09-11T14:12:56.4505160Z Finalizing artifact upload
2026-09-11T14:12:56.6659790Z Artifact optimizer-x64-270a53c9afd6504ea91d070d2d0079049d7ba1d9 successfully finalized. Artifact ID 10267641304
2026-09-11T14:12:56.6664480Z Artifact optimizer-x64-270a53c9afd6504ea91d070d2d0079049d7ba1d9 has been successfully uploaded! Final size is 10086 bytes. Artifact ID is 10267641304
2026-09-11T14:12:56.6671550Z Artifact download URL: https://github.com/Matanek/Silex/actions/runs/34606627827/artifacts/10267641304
2026-09-11T14:12:56.7206980Z Post job cleanup.
2026-09-11T14:12:56.9497900Z [command]/usr/local/bin/git version
2026-09-11T14:12:56.9657840Z git version 2.55.0
2026-09-11T14:12:56.9721860Z Copying '/Users/runner/.gitconfig' to '/Users/runner/work/_temp/75d6e15f-7e2c-474e-9e19-8921412df80e/.gitconfig'
2026-09-11T14:12:56.9749780Z Temporarily overriding HOME='/Users/runner/work/_temp/75d6e15f-7e2c-474e-9e19-8921412df80e' before making global git config changes
2026-09-11T14:12:56.9752480Z Adding repository directory to the temporary git global config as a safe directory
2026-09-11T14:12:56.9761930Z [command]/usr/local/bin/git config --global --add safe.directory /Users/runner/work/Silex/Silex/Dependencies/STD
2026-09-11T14:12:56.9981670Z Removing SSH command configuration
2026-09-11T14:12:56.9995740Z [command]/usr/local/bin/git config --local --name-only --get-regexp core\.sshCommand
2026-09-11T14:12:57.0183830Z [command]/usr/local/bin/git submodule foreach --recursive sh -c "git config --local --name-only --get-regexp 'core\.sshCommand' && git config --local --unset-all 'core.sshCommand' || :"
2026-09-11T14:12:57.2672260Z Removing HTTP extra header
2026-09-11T14:12:57.2682190Z [command]/usr/local/bin/git config --local --name-only --get-regexp http\.https\:\/\/github\.com\/\.extraheader
2026-09-11T14:12:57.2850200Z [command]/usr/local/bin/git submodule foreach --recursive sh -c "git config --local --name-only --get-regexp 'http\.https\:\/\/github\.com\/\.extraheader' && git config --local --unset-all 'http.https://github.com/.extraheader' || :"
2026-09-11T14:12:57.4401980Z Removing includeIf entries pointing to credentials config files
2026-09-11T14:12:57.4412460Z [command]/usr/local/bin/git config --local --name-only --get-regexp ^includeIf\.gitdir:
2026-09-11T14:12:57.4524790Z includeif.gitdir:/Users/runner/work/Silex/Silex/Dependencies/STD/.git.path
2026-09-11T14:12:57.4529810Z includeif.gitdir:/Users/runner/work/Silex/Silex/Dependencies/STD/.git/worktrees/*.path
2026-09-11T14:12:57.4532450Z includeif.gitdir:/github/workspace/Dependencies/STD/.git.path
2026-09-11T14:12:57.4537520Z includeif.gitdir:/github/workspace/Dependencies/STD/.git/worktrees/*.path
2026-09-11T14:12:57.4544380Z [command]/usr/local/bin/git config --local --get-all includeif.gitdir:/Users/runner/work/Silex/Silex/Dependencies/STD/.git.path
2026-09-11T14:12:57.4649410Z /Users/runner/work/_temp/git-credentials-308ce109-5461-40d8-9786-8539c9367b21.config
2026-09-11T14:12:57.4668000Z [command]/usr/local/bin/git config --local --unset includeif.gitdir:/Users/runner/work/Silex/Silex/Dependencies/STD/.git.path /Users/runner/work/_temp/git-credentials-308ce109-5461-40d8-9786-8539c9367b21.config
2026-09-11T14:12:57.4815730Z [command]/usr/local/bin/git config --local --get-all includeif.gitdir:/Users/runner/work/Silex/Silex/Dependencies/STD/.git/worktrees/*.path
2026-09-11T14:12:57.4920010Z /Users/runner/work/_temp/git-credentials-308ce109-5461-40d8-9786-8539c9367b21.config
2026-09-11T14:12:57.4933930Z [command]/usr/local/bin/git config --local --unset includeif.gitdir:/Users/runner/work/Silex/Silex/Dependencies/STD/.git/worktrees/*.path /Users/runner/work/_temp/git-credentials-308ce109-5461-40d8-9786-8539c9367b21.config
2026-09-11T14:12:57.5055030Z [command]/usr/local/bin/git config --local --get-all includeif.gitdir:/github/workspace/Dependencies/STD/.git.path
2026-09-11T14:12:57.5157370Z /github/runner_temp/git-credentials-308ce109-5461-40d8-9786-8539c9367b21.config
2026-09-11T14:12:57.5176120Z [command]/usr/local/bin/git config --local --unset includeif.gitdir:/github/workspace/Dependencies/STD/.git.path /github/runner_temp/git-credentials-308ce109-5461-40d8-9786-8539c9367b21.config
2026-09-11T14:12:57.5303010Z [command]/usr/local/bin/git config --local --get-all includeif.gitdir:/github/workspace/Dependencies/STD/.git/worktrees/*.path
2026-09-11T14:12:57.5413670Z /github/runner_temp/git-credentials-308ce109-5461-40d8-9786-8539c9367b21.config
2026-09-11T14:12:57.5432000Z [command]/usr/local/bin/git config --local --unset includeif.gitdir:/github/workspace/Dependencies/STD/.git/worktrees/*.path /github/runner_temp/git-credentials-308ce109-5461-40d8-9786-8539c9367b21.config
2026-09-11T14:12:57.5554820Z [command]/usr/local/bin/git submodule foreach --recursive git config --local --show-origin --name-only --get-regexp remote.origin.url
2026-09-11T14:12:57.7078820Z Removing credentials config '/Users/runner/work/_temp/git-credentials-308ce109-5461-40d8-9786-8539c9367b21.config'
2026-09-11T14:12:57.7392680Z Post job cleanup.
2026-09-11T14:12:57.9495540Z [command]/usr/local/bin/git version
2026-09-11T14:12:57.9657970Z git version 2.55.0
2026-09-11T14:12:57.9724050Z Copying '/Users/runner/.gitconfig' to '/Users/runner/work/_temp/b2c501eb-3857-4ae2-8161-7a87a052869a/.gitconfig'
2026-09-11T14:12:57.9751890Z Temporarily overriding HOME='/Users/runner/work/_temp/b2c501eb-3857-4ae2-8161-7a87a052869a' before making global git config changes
2026-09-11T14:12:57.9755300Z Adding repository directory to the temporary git global config as a safe directory
2026-09-11T14:12:57.9764520Z [command]/usr/local/bin/git config --global --add safe.directory /Users/runner/work/Silex/Silex
2026-09-11T14:12:57.9931600Z Removing SSH command configuration
2026-09-11T14:12:57.9948820Z [command]/usr/local/bin/git config --local --name-only --get-regexp core\.sshCommand
2026-09-11T14:12:58.0107750Z [command]/usr/local/bin/git submodule foreach --recursive sh -c "git config --local --name-only --get-regexp 'core\.sshCommand' && git config --local --unset-all 'core.sshCommand' || :"
2026-09-11T14:12:58.1802080Z Removing HTTP extra header
2026-09-11T14:12:58.1810440Z [command]/usr/local/bin/git config --local --name-only --get-regexp http\.https\:\/\/github\.com\/\.extraheader
2026-09-11T14:12:58.1935900Z [command]/usr/local/bin/git submodule foreach --recursive sh -c "git config --local --name-only --get-regexp 'http\.https\:\/\/github\.com\/\.extraheader' && git config --local --unset-all 'http.https://github.com/.extraheader' || :"
2026-09-11T14:12:58.3727800Z Removing includeIf entries pointing to credentials config files
2026-09-11T14:12:58.3740410Z [command]/usr/local/bin/git config --local --name-only --get-regexp ^includeIf\.gitdir:
2026-09-11T14:12:58.3849400Z includeif.gitdir:/Users/runner/work/Silex/Silex/.git.path
2026-09-11T14:12:58.3851090Z includeif.gitdir:/Users/runner/work/Silex/Silex/.git/worktrees/*.path
2026-09-11T14:12:58.3852730Z includeif.gitdir:/github/workspace/.git.path
2026-09-11T14:12:58.3855910Z includeif.gitdir:/github/workspace/.git/worktrees/*.path
2026-09-11T14:12:58.3870570Z [command]/usr/local/bin/git config --local --get-all includeif.gitdir:/Users/runner/work/Silex/Silex/.git.path
2026-09-11T14:12:58.4005390Z /Users/runner/work/_temp/git-credentials-d6400b18-b92e-47b4-a709-a16b4e33908e.config
2026-09-11T14:12:58.4029720Z [command]/usr/local/bin/git config --local --unset includeif.gitdir:/Users/runner/work/Silex/Silex/.git.path /Users/runner/work/_temp/git-credentials-d6400b18-b92e-47b4-a709-a16b4e33908e.config
2026-09-11T14:12:58.4168760Z [command]/usr/local/bin/git config --local --get-all includeif.gitdir:/Users/runner/work/Silex/Silex/.git/worktrees/*.path
2026-09-11T14:12:58.4288530Z /Users/runner/work/_temp/git-credentials-d6400b18-b92e-47b4-a709-a16b4e33908e.config
2026-09-11T14:12:58.4308610Z [command]/usr/local/bin/git config --local --unset includeif.gitdir:/Users/runner/work/Silex/Silex/.git/worktrees/*.path /Users/runner/work/_temp/git-credentials-d6400b18-b92e-47b4-a709-a16b4e33908e.config
2026-09-11T14:12:58.4434030Z [command]/usr/local/bin/git config --local --get-all includeif.gitdir:/github/workspace/.git.path
2026-09-11T14:12:58.4537090Z /github/runner_temp/git-credentials-d6400b18-b92e-47b4-a709-a16b4e33908e.config
2026-09-11T14:12:58.4551270Z [command]/usr/local/bin/git config --local --unset includeif.gitdir:/github/workspace/.git.path /github/runner_temp/git-credentials-d6400b18-b92e-47b4-a709-a16b4e33908e.config
2026-09-11T14:12:58.4680200Z [command]/usr/local/bin/git config --local --get-all includeif.gitdir:/github/workspace/.git/worktrees/*.path
2026-09-11T14:12:58.4788560Z /github/runner_temp/git-credentials-d6400b18-b92e-47b4-a709-a16b4e33908e.config
2026-09-11T14:12:58.4806670Z [command]/usr/local/bin/git config --local --unset includeif.gitdir:/github/workspace/.git/worktrees/*.path /github/runner_temp/git-credentials-d6400b18-b92e-47b4-a709-a16b4e33908e.config
2026-09-11T14:12:58.4943280Z [command]/usr/local/bin/git submodule foreach --recursive git config --local --show-origin --name-only --get-regexp remote.origin.url
2026-09-11T14:12:58.6765330Z Removing credentials config '/Users/runner/work/_temp/git-credentials-d6400b18-b92e-47b4-a709-a16b4e33908e.config'
2026-09-11T14:12:58.7513590Z Cleaning up orphan processes

