2026-09-11T22:22:58.3891728Z Current runner version: '2.337.0'
2026-09-11T22:22:58.3918528Z ##[group]Runner Image Provisioner
2026-09-11T22:22:58.3919394Z Hosted Compute Agent
2026-09-11T22:22:58.3920114Z Version: 20260828.587
2026-09-11T22:22:58.3920791Z Commit: abac92662cab4cc7352de4f9f9d2e2419aad9c29
2026-09-11T22:22:58.3921618Z Build Date: 2026-08-28T16:44:25Z
2026-09-11T22:22:58.3922350Z Worker ID: {15ee6549-67fc-454c-9ba7-ffc2fb1da89d}
2026-09-11T22:22:58.3923091Z Azure Region: centralus
2026-09-11T22:22:58.3923797Z ##[endgroup]
2026-09-11T22:22:58.3925727Z ##[group]Operating System
2026-09-11T22:22:58.3926500Z Ubuntu
2026-09-11T22:22:58.3927084Z 24.04.5
2026-09-11T22:22:58.3927633Z LTS
2026-09-11T22:22:58.3928261Z ##[endgroup]
2026-09-11T22:22:58.3928847Z ##[group]Runner Image
2026-09-11T22:22:58.3929498Z Image: ubuntu-24.04
2026-09-11T22:22:58.3930157Z Version: 20260907.300.1
2026-09-11T22:22:58.3931446Z Included Software: https://github.com/actions/runner-images/blob/ubuntu24/20260907.300/images/ubuntu/Ubuntu2404-Readme.md
2026-09-11T22:22:58.3933274Z Image Release: https://github.com/actions/runner-images/releases/tag/ubuntu24%2F20260907.300
2026-09-11T22:22:58.3934254Z ##[endgroup]
2026-09-11T22:22:58.3935635Z ##[group]GITHUB_TOKEN Permissions
2026-09-11T22:22:58.3937982Z Contents: read
2026-09-11T22:22:58.3938727Z Metadata: read
2026-09-11T22:22:58.3939396Z ##[endgroup]
2026-09-11T22:22:58.3941599Z Secret source: Actions
2026-09-11T22:22:58.3942541Z Cache mode: write
2026-09-11T22:22:58.3943646Z Prepare workflow directory
2026-09-11T22:22:58.4284434Z Prepare all required actions
2026-09-11T22:22:58.4333220Z Getting action download info
2026-09-11T22:22:58.6884220Z Download action repository 'actions/checkout@v6' (SHA:d23441a48e516b6c34aea4fa41551a30e30af803)
2026-09-11T22:22:58.8806030Z Complete job name: linux-x64
2026-09-11T22:22:58.9556586Z ##[group]Run actions/checkout@v6
2026-09-11T22:22:58.9557431Z with:
2026-09-11T22:22:58.9557879Z   repository: Matanek/Silex
2026-09-11T22:22:58.9562033Z   token: ***
2026-09-11T22:22:58.9562502Z   ssh-strict: true
2026-09-11T22:22:58.9562952Z   ssh-user: git
2026-09-11T22:22:58.9563407Z   persist-credentials: true
2026-09-11T22:22:58.9563897Z   clean: true
2026-09-11T22:22:58.9564353Z   sparse-checkout-cone-mode: true
2026-09-11T22:22:58.9565041Z   fetch-depth: 1
2026-09-11T22:22:58.9565477Z   fetch-tags: false
2026-09-11T22:22:58.9565922Z   show-progress: true
2026-09-11T22:22:58.9566366Z   lfs: false
2026-09-11T22:22:58.9566783Z   submodules: false
2026-09-11T22:22:58.9567238Z   set-safe-directory: true
2026-09-11T22:22:58.9567742Z   allow-unsafe-pr-checkout: false
2026-09-11T22:22:58.9568455Z ##[endgroup]
2026-09-11T22:22:59.0617867Z Syncing repository: Matanek/Silex
2026-09-11T22:22:59.0620456Z ##[group]Getting Git version info
2026-09-11T22:22:59.0621602Z Working directory is '/home/runner/work/Silex/Silex'
2026-09-11T22:22:59.0623175Z [command]/usr/bin/git version
2026-09-11T22:22:59.0654812Z git version 2.55.0
2026-09-11T22:22:59.0677834Z ##[endgroup]
2026-09-11T22:22:59.0692645Z Temporarily overriding HOME='/home/runner/work/_temp/fa2b7fec-31cd-41f9-baea-75be937b4d51' before making global git config changes
2026-09-11T22:22:59.0695213Z Adding repository directory to the temporary git global config as a safe directory
2026-09-11T22:22:59.0698432Z [command]/usr/bin/git config --global --add safe.directory /home/runner/work/Silex/Silex
2026-09-11T22:22:59.0748530Z Deleting the contents of '/home/runner/work/Silex/Silex'
2026-09-11T22:22:59.0760471Z ##[group]Determining repository object format
2026-09-11T22:22:59.0762068Z ##[endgroup]
2026-09-11T22:22:59.0770919Z ##[group]Initializing the repository
2026-09-11T22:22:59.0772101Z [command]/usr/bin/git init /home/runner/work/Silex/Silex
2026-09-11T22:22:59.0841421Z hint: Using 'master' as the name for the initial branch. This default branch name
2026-09-11T22:22:59.0843741Z hint: will change to "main" in Git 3.0. To configure the initial branch name
2026-09-11T22:22:59.0845608Z hint: to use in all of your new repositories, which will suppress this warning,
2026-09-11T22:22:59.0847481Z hint: call:
2026-09-11T22:22:59.0848270Z hint:
2026-09-11T22:22:59.0848981Z hint: 	git config --global init.defaultBranch <name>
2026-09-11T22:22:59.0849782Z hint:
2026-09-11T22:22:59.0850534Z hint: Names commonly chosen instead of 'master' are 'main', 'trunk' and
2026-09-11T22:22:59.0851637Z hint: 'development'. The just-created branch can be renamed via this command:
2026-09-11T22:22:59.0852532Z hint:
2026-09-11T22:22:59.0853250Z hint: 	git branch -m <name>
2026-09-11T22:22:59.0853957Z hint:
2026-09-11T22:22:59.0855293Z hint: Disable this message with "git config set advice.defaultBranchName false"
2026-09-11T22:22:59.0857101Z Initialized empty Git repository in /home/runner/work/Silex/Silex/.git/
2026-09-11T22:22:59.0859077Z [command]/usr/bin/git remote add origin https://github.com/Matanek/Silex
2026-09-11T22:22:59.0902291Z ##[endgroup]
2026-09-11T22:22:59.0903268Z ##[group]Disabling automatic garbage collection
2026-09-11T22:22:59.0906569Z [command]/usr/bin/git config --local gc.auto 0
2026-09-11T22:22:59.0941439Z ##[endgroup]
2026-09-11T22:22:59.0942417Z ##[group]Setting up auth
2026-09-11T22:22:59.0943112Z Removing SSH command configuration
2026-09-11T22:22:59.0949966Z [command]/usr/bin/git config --local --name-only --get-regexp core\.sshCommand
2026-09-11T22:22:59.0986754Z [command]/usr/bin/git submodule foreach --recursive sh -c "git config --local --name-only --get-regexp 'core\.sshCommand' && git config --local --unset-all 'core.sshCommand' || :"
2026-09-11T22:22:59.1343197Z Removing HTTP extra header
2026-09-11T22:22:59.1352423Z [command]/usr/bin/git config --local --name-only --get-regexp http\.https\:\/\/github\.com\/\.extraheader
2026-09-11T22:22:59.1398123Z [command]/usr/bin/git submodule foreach --recursive sh -c "git config --local --name-only --get-regexp 'http\.https\:\/\/github\.com\/\.extraheader' && git config --local --unset-all 'http.https://github.com/.extraheader' || :"
2026-09-11T22:22:59.1658825Z Removing includeIf entries pointing to credentials config files
2026-09-11T22:22:59.1667161Z [command]/usr/bin/git config --local --name-only --get-regexp ^includeIf\.gitdir:
2026-09-11T22:22:59.1708273Z [command]/usr/bin/git submodule foreach --recursive git config --local --show-origin --name-only --get-regexp remote.origin.url
2026-09-11T22:22:59.1956571Z [command]/usr/bin/git config --file /home/runner/work/_temp/git-credentials-230aa05e-4b90-45c7-89ce-bee14126930a.config http.https://github.com/.extraheader AUTHORIZATION: basic ***
2026-09-11T22:22:59.2000382Z [command]/usr/bin/git config --local includeIf.gitdir:/home/runner/work/Silex/Silex/.git.path /home/runner/work/_temp/git-credentials-230aa05e-4b90-45c7-89ce-bee14126930a.config
2026-09-11T22:22:59.2036822Z [command]/usr/bin/git config --local includeIf.gitdir:/home/runner/work/Silex/Silex/.git/worktrees/*.path /home/runner/work/_temp/git-credentials-230aa05e-4b90-45c7-89ce-bee14126930a.config
2026-09-11T22:22:59.2075891Z [command]/usr/bin/git config --local includeIf.gitdir:/github/workspace/.git.path /github/runner_temp/git-credentials-230aa05e-4b90-45c7-89ce-bee14126930a.config
2026-09-11T22:22:59.2112489Z [command]/usr/bin/git config --local includeIf.gitdir:/github/workspace/.git/worktrees/*.path /github/runner_temp/git-credentials-230aa05e-4b90-45c7-89ce-bee14126930a.config
2026-09-11T22:22:59.2169373Z ##[endgroup]
2026-09-11T22:22:59.2170156Z ##[group]Fetching the repository
2026-09-11T22:22:59.2177570Z [command]/usr/bin/git -c protocol.version=2 fetch --no-tags --prune --no-recurse-submodules --depth=1 origin +886cc17e59203c7c6b42190ddfe28239a0ece81d:refs/remotes/origin/spec-silex-optimization-parity-completion
2026-09-11T22:23:00.6161529Z From https://github.com/Matanek/Silex
2026-09-11T22:23:00.6164250Z  * [new ref]         886cc17e59203c7c6b42190ddfe28239a0ece81d -> origin/spec-silex-optimization-parity-completion
2026-09-11T22:23:00.6172988Z [command]/usr/bin/git branch --list --remote origin/spec-silex-optimization-parity-completion
2026-09-11T22:23:00.6204066Z   origin/spec-silex-optimization-parity-completion
2026-09-11T22:23:00.6213256Z [command]/usr/bin/git rev-parse refs/remotes/origin/spec-silex-optimization-parity-completion
2026-09-11T22:23:00.6243358Z 886cc17e59203c7c6b42190ddfe28239a0ece81d
2026-09-11T22:23:00.6249429Z ##[endgroup]
2026-09-11T22:23:00.6251205Z ##[group]Determining the checkout info
2026-09-11T22:23:00.6253346Z ##[endgroup]
2026-09-11T22:23:00.6254611Z [command]/usr/bin/git sparse-checkout disable
2026-09-11T22:23:00.6303645Z [command]/usr/bin/git config --local --unset-all extensions.worktreeConfig
2026-09-11T22:23:00.6337434Z ##[group]Checking out the ref
2026-09-11T22:23:00.6340951Z [command]/usr/bin/git checkout --progress --force -B spec-silex-optimization-parity-completion refs/remotes/origin/spec-silex-optimization-parity-completion
2026-09-11T22:23:00.8420071Z Switched to a new branch 'spec-silex-optimization-parity-completion'
2026-09-11T22:23:00.8422813Z branch 'spec-silex-optimization-parity-completion' set up to track 'origin/spec-silex-optimization-parity-completion'.
2026-09-11T22:23:00.8441356Z ##[endgroup]
2026-09-11T22:23:00.8499661Z [command]/usr/bin/git log -1 --format=%H
2026-09-11T22:23:00.8534885Z 886cc17e59203c7c6b42190ddfe28239a0ece81d
2026-09-11T22:23:00.8817597Z ##[group]Run actions/checkout@v6
2026-09-11T22:23:00.8817948Z with:
2026-09-11T22:23:00.8818234Z   repository: Matanek/Silex-Lib-STD
2026-09-11T22:23:00.8818584Z   ref: 5a018305fb470dfe00e94466150b3c04f207e252
2026-09-11T22:23:00.8818942Z   path: Dependencies/STD
2026-09-11T22:23:00.8821719Z   token: ***
2026-09-11T22:23:00.8821992Z   ssh-strict: true
2026-09-11T22:23:00.8822270Z   ssh-user: git
2026-09-11T22:23:00.8822544Z   persist-credentials: true
2026-09-11T22:23:00.8822839Z   clean: true
2026-09-11T22:23:00.8823121Z   sparse-checkout-cone-mode: true
2026-09-11T22:23:00.8823470Z   fetch-depth: 1
2026-09-11T22:23:00.8823758Z   fetch-tags: false
2026-09-11T22:23:00.8824035Z   show-progress: true
2026-09-11T22:23:00.8824307Z   lfs: false
2026-09-11T22:23:00.8824564Z   submodules: false
2026-09-11T22:23:00.8825124Z   set-safe-directory: true
2026-09-11T22:23:00.8825445Z   allow-unsafe-pr-checkout: false
2026-09-11T22:23:00.8825772Z ##[endgroup]
2026-09-11T22:23:00.9668455Z Syncing repository: Matanek/Silex-Lib-STD
2026-09-11T22:23:00.9676000Z ##[group]Getting Git version info
2026-09-11T22:23:00.9686820Z Working directory is '/home/runner/work/Silex/Silex/Dependencies/STD'
2026-09-11T22:23:00.9716596Z [command]/usr/bin/git version
2026-09-11T22:23:00.9758435Z git version 2.55.0
2026-09-11T22:23:00.9779592Z ##[endgroup]
2026-09-11T22:23:00.9793121Z Temporarily overriding HOME='/home/runner/work/_temp/cc4a133f-9fd2-45b5-9b1e-48954a5e4b57' before making global git config changes
2026-09-11T22:23:00.9794574Z Adding repository directory to the temporary git global config as a safe directory
2026-09-11T22:23:00.9798133Z [command]/usr/bin/git config --global --add safe.directory /home/runner/work/Silex/Silex/Dependencies/STD
2026-09-11T22:23:00.9843719Z ##[group]Determining repository object format
2026-09-11T22:23:00.9851577Z ##[endgroup]
2026-09-11T22:23:00.9852277Z ##[group]Initializing the repository
2026-09-11T22:23:00.9853010Z [command]/usr/bin/git init /home/runner/work/Silex/Silex/Dependencies/STD
2026-09-11T22:23:00.9886197Z hint: Using 'master' as the name for the initial branch. This default branch name
2026-09-11T22:23:00.9887399Z hint: will change to "main" in Git 3.0. To configure the initial branch name
2026-09-11T22:23:00.9888541Z hint: to use in all of your new repositories, which will suppress this warning,
2026-09-11T22:23:00.9889319Z hint: call:
2026-09-11T22:23:00.9889920Z hint:
2026-09-11T22:23:00.9890553Z hint: 	git config --global init.defaultBranch <name>
2026-09-11T22:23:00.9891187Z hint:
2026-09-11T22:23:00.9891958Z hint: Names commonly chosen instead of 'master' are 'main', 'trunk' and
2026-09-11T22:23:00.9892851Z hint: 'development'. The just-created branch can be renamed via this command:
2026-09-11T22:23:00.9893446Z hint:
2026-09-11T22:23:00.9893859Z hint: 	git branch -m <name>
2026-09-11T22:23:00.9894970Z hint:
2026-09-11T22:23:00.9895763Z hint: Disable this message with "git config set advice.defaultBranchName false"
2026-09-11T22:23:00.9896794Z Initialized empty Git repository in /home/runner/work/Silex/Silex/Dependencies/STD/.git/
2026-09-11T22:23:00.9899118Z [command]/usr/bin/git remote add origin https://github.com/Matanek/Silex-Lib-STD
2026-09-11T22:23:00.9937363Z ##[endgroup]
2026-09-11T22:23:00.9938153Z ##[group]Disabling automatic garbage collection
2026-09-11T22:23:00.9942291Z [command]/usr/bin/git config --local gc.auto 0
2026-09-11T22:23:00.9977293Z ##[endgroup]
2026-09-11T22:23:00.9977997Z ##[group]Setting up auth
2026-09-11T22:23:00.9979038Z Removing SSH command configuration
2026-09-11T22:23:00.9986313Z [command]/usr/bin/git config --local --name-only --get-regexp core\.sshCommand
2026-09-11T22:23:01.0029518Z [command]/usr/bin/git submodule foreach --recursive sh -c "git config --local --name-only --get-regexp 'core\.sshCommand' && git config --local --unset-all 'core.sshCommand' || :"
2026-09-11T22:23:01.0287615Z Removing HTTP extra header
2026-09-11T22:23:01.0299376Z [command]/usr/bin/git config --local --name-only --get-regexp http\.https\:\/\/github\.com\/\.extraheader
2026-09-11T22:23:01.0345838Z [command]/usr/bin/git submodule foreach --recursive sh -c "git config --local --name-only --get-regexp 'http\.https\:\/\/github\.com\/\.extraheader' && git config --local --unset-all 'http.https://github.com/.extraheader' || :"
2026-09-11T22:23:01.0617168Z Removing includeIf entries pointing to credentials config files
2026-09-11T22:23:01.0618394Z [command]/usr/bin/git config --local --name-only --get-regexp ^includeIf\.gitdir:
2026-09-11T22:23:01.0665455Z [command]/usr/bin/git submodule foreach --recursive git config --local --show-origin --name-only --get-regexp remote.origin.url
2026-09-11T22:23:01.0946783Z [command]/usr/bin/git config --file /home/runner/work/_temp/git-credentials-fe854d53-a16f-4905-9025-abb7efcf830f.config http.https://github.com/.extraheader AUTHORIZATION: basic ***
2026-09-11T22:23:01.0992792Z [command]/usr/bin/git config --local includeIf.gitdir:/home/runner/work/Silex/Silex/Dependencies/STD/.git.path /home/runner/work/_temp/git-credentials-fe854d53-a16f-4905-9025-abb7efcf830f.config
2026-09-11T22:23:01.1031336Z [command]/usr/bin/git config --local includeIf.gitdir:/home/runner/work/Silex/Silex/Dependencies/STD/.git/worktrees/*.path /home/runner/work/_temp/git-credentials-fe854d53-a16f-4905-9025-abb7efcf830f.config
2026-09-11T22:23:01.1070314Z [command]/usr/bin/git config --local includeIf.gitdir:/github/workspace/Dependencies/STD/.git.path /github/runner_temp/git-credentials-fe854d53-a16f-4905-9025-abb7efcf830f.config
2026-09-11T22:23:01.1108990Z [command]/usr/bin/git config --local includeIf.gitdir:/github/workspace/Dependencies/STD/.git/worktrees/*.path /github/runner_temp/git-credentials-fe854d53-a16f-4905-9025-abb7efcf830f.config
2026-09-11T22:23:01.1166331Z ##[endgroup]
2026-09-11T22:23:01.1167070Z ##[group]Fetching the repository
2026-09-11T22:23:01.1175653Z [command]/usr/bin/git -c protocol.version=2 fetch --no-tags --prune --no-recurse-submodules --depth=1 origin 5a018305fb470dfe00e94466150b3c04f207e252
2026-09-11T22:23:01.6689096Z From https://github.com/Matanek/Silex-Lib-STD
2026-09-11T22:23:01.6690092Z  * branch            5a018305fb470dfe00e94466150b3c04f207e252 -> FETCH_HEAD
2026-09-11T22:23:01.6703739Z [command]/usr/bin/git rev-parse --verify --quiet 5a018305fb470dfe00e94466150b3c04f207e252^{object}
2026-09-11T22:23:01.6736360Z 5a018305fb470dfe00e94466150b3c04f207e252
2026-09-11T22:23:01.6741613Z ##[endgroup]
2026-09-11T22:23:01.6742512Z ##[group]Determining the checkout info
2026-09-11T22:23:01.6743530Z ##[endgroup]
2026-09-11T22:23:01.6749318Z [command]/usr/bin/git sparse-checkout disable
2026-09-11T22:23:01.6798922Z [command]/usr/bin/git config --local --unset-all extensions.worktreeConfig
2026-09-11T22:23:01.6835756Z ##[group]Checking out the ref
2026-09-11T22:23:01.6840055Z [command]/usr/bin/git checkout --progress --force 5a018305fb470dfe00e94466150b3c04f207e252
2026-09-11T22:23:01.7114415Z Note: switching to '5a018305fb470dfe00e94466150b3c04f207e252'.
2026-09-11T22:23:01.7121151Z 
2026-09-11T22:23:01.7121593Z You are in 'detached HEAD' state. You can look around, make experimental
2026-09-11T22:23:01.7122408Z changes and commit them, and you can discard any commits you make in this
2026-09-11T22:23:01.7123181Z state without impacting any branches by switching back to a branch.
2026-09-11T22:23:01.7123675Z 
2026-09-11T22:23:01.7123974Z If you want to create a new branch to retain commits you create, you may
2026-09-11T22:23:01.7124910Z do so (now or later) by using -c with the switch command. Example:
2026-09-11T22:23:01.7125355Z 
2026-09-11T22:23:01.7125532Z   git switch -c <new-branch-name>
2026-09-11T22:23:01.7125868Z 
2026-09-11T22:23:01.7126051Z Or undo this operation with:
2026-09-11T22:23:01.7126307Z 
2026-09-11T22:23:01.7126457Z   git switch -
2026-09-11T22:23:01.7126649Z 
2026-09-11T22:23:01.7127000Z Turn off this advice by setting config variable advice.detachedHead to false
2026-09-11T22:23:01.7127513Z 
2026-09-11T22:23:01.7127716Z HEAD is now at 5a01830 Prepare STD 0.21.0
2026-09-11T22:23:01.7129142Z ##[endgroup]
2026-09-11T22:23:01.7171748Z [command]/usr/bin/git log -1 --format=%H
2026-09-11T22:23:01.7202687Z 5a018305fb470dfe00e94466150b3c04f207e252
2026-09-11T22:23:01.7348360Z ##[group]Run set -euo pipefail
2026-09-11T22:23:01.7348805Z [36;1mset -euo pipefail[0m
2026-09-11T22:23:01.7349122Z [36;1marchive="$RUNNER_TEMP/zig.tar.xz"[0m
2026-09-11T22:23:01.7349666Z [36;1mcurl -fL https://ziglang.org/download/0.16.0/zig-x86_64-linux-0.16.0.tar.xz -o "$archive"[0m
2026-09-11T22:23:01.7350404Z [36;1mecho "70e49664a74374b48b51e6f3fdfbf437f6395d42509050588bd49abe52ba3d00  $archive" | sha256sum -c -[0m
2026-09-11T22:23:01.7350969Z [36;1mtar -xJf "$archive" -C "$RUNNER_TEMP"[0m
2026-09-11T22:23:01.7351350Z [36;1mecho "$RUNNER_TEMP/zig-x86_64-linux-0.16.0" >> "$GITHUB_PATH"[0m
2026-09-11T22:23:01.7398076Z shell: /usr/bin/bash --noprofile --norc -e -o pipefail {0}
2026-09-11T22:23:01.7398495Z ##[endgroup]
2026-09-11T22:23:01.7552109Z   % Total    % Received % Xferd  Average Speed   Time    Time     Time  Current
2026-09-11T22:23:01.7553014Z                                  Dload  Upload   Total   Spent    Left  Speed
2026-09-11T22:23:01.7555046Z 
2026-09-11T22:23:02.7154289Z   0     0    0     0    0     0      0      0 --:--:-- --:--:-- --:--:--     0
2026-09-11T22:23:03.6965817Z   0 52.9M    0 32506    0     0  33852      0  0:27:18 --:--:--  0:27:18 33825
2026-09-11T22:23:04.6654422Z   2 52.9M    2 1487k    0     0   766k      0  0:01:10  0:00:01  0:01:09  766k
2026-09-11T22:23:05.6934793Z  25 52.9M   25 13.3M    0     0  4700k      0  0:00:11  0:00:02  0:00:09 4699k
2026-09-11T22:23:06.3713135Z  67 52.9M   67 35.7M    0     0  9295k      0  0:00:05  0:00:03  0:00:02 9293k
2026-09-11T22:23:06.3713806Z 100 52.9M  100 52.9M    0     0  11.4M      0  0:00:04  0:00:04 --:--:-- 11.4M
2026-09-11T22:23:06.4224845Z /home/runner/work/_temp/zig.tar.xz: OK
2026-09-11T22:23:10.1603663Z ##[group]Run set -euo pipefail
2026-09-11T22:23:10.1604063Z [36;1mset -euo pipefail[0m
2026-09-11T22:23:10.1604329Z [36;1mtest "$(uname -m)" = "x86_64"[0m
2026-09-11T22:23:10.1604890Z [36;1mexport HOME="$RUNNER_TEMP/home"[0m
2026-09-11T22:23:10.1605185Z [36;1mmkdir -p "$HOME"[0m
2026-09-11T22:23:10.1605486Z [36;1mzig build -Doptimize=ReleaseFast -Dcpu=baseline \[0m
2026-09-11T22:23:10.1605856Z [36;1m  --prefix "$RUNNER_TEMP/silex-prefix" \[0m
2026-09-11T22:23:10.1606185Z [36;1m  --build-file Toolchain/build.zig[0m
2026-09-11T22:23:10.1606515Z [36;1msilex="$RUNNER_TEMP/silex-prefix/bin/silex"[0m
2026-09-11T22:23:10.1606819Z [36;1m"$silex" setup[0m
2026-09-11T22:23:10.1607214Z [36;1m"$silex" link "$GITHUB_WORKSPACE/Dependencies/STD" --workspace "$GITHUB_WORKSPACE"[0m
2026-09-11T22:23:10.1607726Z [36;1m"$silex" test "$GITHUB_WORKSPACE/Tests/Types/Str/Operators.sx"[0m
2026-09-11T22:23:10.1608192Z [36;1m"$silex" test "$GITHUB_WORKSPACE/Tests/Types/Str/Returns.sx"[0m
2026-09-11T22:23:10.1608829Z [36;1m"$silex" test "$GITHUB_WORKSPACE/Tests/Native/NativePortability.sx"[0m
2026-09-11T22:23:10.1609314Z [36;1m"$silex" compile "$GITHUB_WORKSPACE/Tests/Native/NativePortability.sx" \[0m
2026-09-11T22:23:10.1609766Z [36;1m  --release -o "$RUNNER_TEMP/native-portability"[0m
2026-09-11T22:23:10.1610167Z [36;1mportability_output=$("$RUNNER_TEMP/native-portability")[0m
2026-09-11T22:23:10.1610545Z [36;1mprintf '%s\n' "$portability_output"[0m
2026-09-11T22:23:10.1610972Z [36;1mcycle_drops=$(printf '%s\n' "$portability_output" | grep -c '^native cycle drop$')[0m
2026-09-11T22:23:10.1611406Z [36;1mtest "$cycle_drops" -eq 6[0m
2026-09-11T22:23:10.1611784Z [36;1m"$silex" compile "$GITHUB_WORKSPACE/Tests/Native/DistributionSmoke.sx" \[0m
2026-09-11T22:23:10.1612209Z [36;1m  --release -o "$RUNNER_TEMP/distribution-smoke"[0m
2026-09-11T22:23:10.1612624Z [36;1mtest "$("$RUNNER_TEMP/distribution-smoke")" = "silex distribution ready"[0m
2026-09-11T22:23:10.1613246Z [36;1maggregate_fixture="$GITHUB_WORKSPACE/Toolchain/Benchmarks/Optimizer/Regressions/AggregateFieldStores.sx"[0m
2026-09-11T22:23:10.1613966Z [36;1mtest "$("$silex" interpret "$aggregate_fixture" --nocache)" = "aggregate field stores preserved"[0m
2026-09-11T22:23:10.1614455Z [36;1mfor mode in debug release; do[0m
2026-09-11T22:23:10.1615047Z [36;1m  "$silex" compile "$aggregate_fixture" "--$mode" --nocache \[0m
2026-09-11T22:23:10.1615440Z [36;1m    -o "$RUNNER_TEMP/aggregate-fields-$mode"[0m
2026-09-11T22:23:10.1615905Z [36;1m  test "$("$RUNNER_TEMP/aggregate-fields-$mode")" = "aggregate field stores preserved"[0m
2026-09-11T22:23:10.1616329Z [36;1mdone[0m
2026-09-11T22:23:10.1616700Z [36;1mminmax_fixture="$GITHUB_WORKSPACE/Toolchain/Benchmarks/Native/ScalarMathMinMax.sx"[0m
2026-09-11T22:23:10.1617143Z [36;1mfor mode in debug release; do[0m
2026-09-11T22:23:10.1617471Z [36;1m  "$silex" compile "$minmax_fixture" "--$mode" --nocache \[0m
2026-09-11T22:23:10.1617853Z [36;1m    -o "$RUNNER_TEMP/scalar-math-minmax-$mode"[0m
2026-09-11T22:23:10.1618344Z [36;1m  test "$("$RUNNER_TEMP/scalar-math-minmax-$mode")" = "scalar-math-minmax: pass"[0m
2026-09-11T22:23:10.1618749Z [36;1mdone[0m
2026-09-11T22:23:10.1619127Z [36;1m# Compile the exact standalone witness without the optimizer package's STD graph.[0m
2026-09-11T22:23:10.1619609Z [36;1mscalar_root="$RUNNER_TEMP/scalar-float-fixture"[0m
2026-09-11T22:23:10.1619940Z [36;1mmkdir -p "$scalar_root"[0m
2026-09-11T22:23:10.1620274Z [36;1mprintf '%s\n' '{"sources":"."}' > "$scalar_root/Package.json"[0m
2026-09-11T22:23:10.1620691Z [36;1mscalar_fixture="$scalar_root/ScalarFloatResidence.sx"[0m
2026-09-11T22:23:10.1621294Z [36;1mcp "$GITHUB_WORKSPACE/Toolchain/Benchmarks/Optimizer/Regressions/ScalarFloatResidence.sx" "$scalar_fixture"[0m
2026-09-11T22:23:10.1621838Z [36;1mfor mode in debug release; do[0m
2026-09-11T22:23:10.1622163Z [36;1m  "$silex" compile "$scalar_fixture" "--$mode" --nocache \[0m
2026-09-11T22:23:10.1622774Z [36;1m    -o "$RUNNER_TEMP/scalar-float-residence-$mode"[0m
2026-09-11T22:23:10.1623186Z [36;1m  scalar_output=$("$RUNNER_TEMP/scalar-float-residence-$mode")[0m
2026-09-11T22:23:10.1623613Z [36;1m  test "$(printf '%s\n' "$scalar_output" | wc -l)" -eq 9[0m
2026-09-11T22:23:10.1624027Z [36;1m  test "$(printf '%s\n' "$scalar_output" | grep -c '^true$')" -eq 9[0m
2026-09-11T22:23:10.1624379Z [36;1mdone[0m
2026-09-11T22:23:10.1624935Z [36;1mbranch_fixture="$scalar_root/BranchComparisons.sx"[0m
2026-09-11T22:23:10.1625517Z [36;1mcp "$GITHUB_WORKSPACE/Toolchain/Benchmarks/Optimizer/Regressions/BranchComparisons.sx" "$branch_fixture"[0m
2026-09-11T22:23:10.1626061Z [36;1mfor mode in debug release; do[0m
2026-09-11T22:23:10.1626395Z [36;1m  "$silex" compile "$branch_fixture" "--$mode" --nocache \[0m
2026-09-11T22:23:10.1626768Z [36;1m    -o "$RUNNER_TEMP/branch-comparisons-$mode"[0m
2026-09-11T22:23:10.1627147Z [36;1m  test "$("$RUNNER_TEMP/branch-comparisons-$mode")" = "true"[0m
2026-09-11T22:23:10.1627622Z [36;1mdone[0m
2026-09-11T22:23:10.1627894Z [36;1msnapshot_fixture="$scalar_root/BranchSnapshots.sx"[0m
2026-09-11T22:23:10.1628460Z [36;1mcp "$GITHUB_WORKSPACE/Toolchain/Benchmarks/Optimizer/Regressions/BranchSnapshots.sx" "$snapshot_fixture"[0m
2026-09-11T22:23:10.1628982Z [36;1mfor mode in debug release; do[0m
2026-09-11T22:23:10.1629313Z [36;1m  "$silex" compile "$snapshot_fixture" "--$mode" --nocache \[0m
2026-09-11T22:23:10.1629684Z [36;1m    -o "$RUNNER_TEMP/branch-snapshots-$mode"[0m
2026-09-11T22:23:10.1630056Z [36;1m  snapshot_output=$("$RUNNER_TEMP/branch-snapshots-$mode")[0m
2026-09-11T22:23:10.1630449Z [36;1m  test "$(printf '%s\n' "$snapshot_output" | wc -l)" -eq 8[0m
2026-09-11T22:23:10.1630856Z [36;1m  test "$(printf '%s\n' "$snapshot_output" | grep -c '^true$')" -eq 8[0m
2026-09-11T22:23:10.1631202Z [36;1mdone[0m
2026-09-11T22:23:10.1631471Z [36;1mloop_exit_fixture="$scalar_root/LoopExitResidence.sx"[0m
2026-09-11T22:23:10.1632071Z [36;1mcp "$GITHUB_WORKSPACE/Toolchain/Benchmarks/Optimizer/Regressions/LoopExitResidence.sx" "$loop_exit_fixture"[0m
2026-09-11T22:23:10.1632601Z [36;1mfor mode in debug release; do[0m
2026-09-11T22:23:10.1632929Z [36;1m  "$silex" compile "$loop_exit_fixture" "--$mode" --nocache \[0m
2026-09-11T22:23:10.1633314Z [36;1m    -o "$RUNNER_TEMP/loop-exit-residence-$mode"[0m
2026-09-11T22:23:10.1633704Z [36;1m  loop_exit_output=$("$RUNNER_TEMP/loop-exit-residence-$mode")[0m
2026-09-11T22:23:10.1634111Z [36;1m  test "$(printf '%s\n' "$loop_exit_output" | wc -l)" -eq 5[0m
2026-09-11T22:23:10.1634523Z [36;1m  test "$(printf '%s\n' "$loop_exit_output" | grep -c '^true$')" -eq 5[0m
2026-09-11T22:23:10.1635046Z [36;1mdone[0m
2026-09-11T22:23:10.1635335Z [36;1mfloat_memory_fixture="$scalar_root/FloatMemoryResidence.sx"[0m
2026-09-11T22:23:10.1635963Z [36;1mcp "$GITHUB_WORKSPACE/Toolchain/Benchmarks/Optimizer/Regressions/FloatMemoryResidence.sx" "$float_memory_fixture"[0m
2026-09-11T22:23:10.1636526Z [36;1mfor mode in debug release; do[0m
2026-09-11T22:23:10.1636878Z [36;1m  "$silex" compile "$float_memory_fixture" "--$mode" --nocache \[0m
2026-09-11T22:23:10.1637286Z [36;1m    -o "$RUNNER_TEMP/float-memory-residence-$mode"[0m
2026-09-11T22:23:10.1637703Z [36;1m  float_memory_output=$("$RUNNER_TEMP/float-memory-residence-$mode")[0m
2026-09-11T22:23:10.1638147Z [36;1m  test "$(printf '%s\n' "$float_memory_output" | wc -l)" -eq 10[0m
2026-09-11T22:23:10.1638588Z [36;1m  test "$(printf '%s\n' "$float_memory_output" | grep -c '^true$')" -eq 10[0m
2026-09-11T22:23:10.1638944Z [36;1mdone[0m
2026-09-11T22:23:10.1639238Z [36;1mfloat_operands_fixture="$scalar_root/ScalarFloatOperands.sx"[0m
2026-09-11T22:23:10.1639877Z [36;1mcp "$GITHUB_WORKSPACE/Toolchain/Benchmarks/Optimizer/Regressions/ScalarFloatOperands.sx" "$float_operands_fixture"[0m
2026-09-11T22:23:10.1640430Z [36;1mfor mode in debug release; do[0m
2026-09-11T22:23:10.1640781Z [36;1m  "$silex" compile "$float_operands_fixture" "--$mode" --nocache \[0m
2026-09-11T22:23:10.1641366Z [36;1m    -o "$RUNNER_TEMP/scalar-float-operands-$mode"[0m
2026-09-11T22:23:10.1641806Z [36;1m  float_operands_output=$("$RUNNER_TEMP/scalar-float-operands-$mode")[0m
2026-09-11T22:23:10.1642277Z [36;1m  test "$(printf '%s\n' "$float_operands_output" | wc -l)" -eq 18[0m
2026-09-11T22:23:10.1642733Z [36;1m  test "$(printf '%s\n' "$float_operands_output" | grep -c '^true$')" -eq 18[0m
2026-09-11T22:23:10.1643099Z [36;1mdone[0m
2026-09-11T22:23:10.1687079Z shell: /usr/bin/bash --noprofile --norc -e -o pipefail {0}
2026-09-11T22:23:10.1687443Z ##[endgroup]
2026-09-11T22:28:23.5105793Z silex: installed Shadercross for linux-x64
2026-09-11T22:28:33.7588189Z silex: installed Native linker for linux-x64
2026-09-11T22:28:33.7606081Z silex: linked STD@0.21.0 to /home/runner/work/Silex/Silex/Dependencies/STD for this workspace
2026-09-11T22:28:47.1048109Z ok - str concatenation operand positions
2026-09-11T22:28:47.1289193Z ok - str compound concatenation
2026-09-11T22:28:47.1522519Z ok - str equality and interpolation
2026-09-11T22:28:47.1752964Z ok - str unicode scalar count
2026-09-11T22:28:47.1756887Z 4 passed; 0 failed
2026-09-11T22:28:47.2341375Z ok - str return positions
2026-09-11T22:28:47.2342650Z 1 passed; 0 failed
2026-09-11T22:28:47.2982623Z ok - execute direct indirect and dynamic calls beyond native registers
2026-09-11T22:28:47.3219274Z ok - preserve paired float32 arithmetic on native
2026-09-11T22:28:47.3451413Z ok - mutate a class-owned native list without changing its snapshot
2026-09-11T22:28:47.3677924Z ok - replace class elements in a class-owned native list
2026-09-11T22:28:47.3907857Z ok - preserve embedded byte contents on native
2026-09-11T22:28:47.4146174Z ok - format native floats through the standalone runtime
2026-09-11T22:28:47.4390805Z ok - convert native float precision in both directions
2026-09-11T22:28:47.4632313Z ok - replace and preserve an aliased native list
2026-09-11T22:28:47.4862023Z ok - swap and reverse a native list
2026-09-11T22:28:47.5097203Z ok - grow a native list at every position
2026-09-11T22:28:47.5332916Z ok - remove native list elements from every position
2026-09-11T22:28:47.5574376Z ok - slice view mutate and clear native lists
2026-09-11T22:28:47.5823925Z ok - mutable aggregate view detaches shared native list
2026-09-11T22:28:47.6065961Z copy state drop
2026-09-11T22:28:47.6067386Z copy state drop
2026-09-11T22:28:47.6068285Z ok - deep-copy repeated native class roots without collections
2026-09-11T22:28:47.6306545Z native cycle drop
2026-09-11T22:28:47.6306858Z native cycle drop
2026-09-11T22:28:47.6307122Z ok - finalize a direct native class cycle
2026-09-11T22:28:47.6550125Z native cycle drop
2026-09-11T22:28:47.6550420Z native cycle drop
2026-09-11T22:28:47.6550690Z ok - finalize a native class cycle through lists
2026-09-11T22:28:47.6791581Z native cycle drop
2026-09-11T22:28:47.6791869Z native cycle drop
2026-09-11T22:28:47.6792162Z ok - finalize a native class cycle through protocols
2026-09-11T22:28:47.7032233Z ok - execute the complete native collection mutation slice
2026-09-11T22:28:47.7264543Z copy state drop
2026-09-11T22:28:47.7265091Z copy state drop
2026-09-11T22:28:47.7265502Z ok - execute native ownership and deep-copy runtime
2026-09-11T22:28:47.7495503Z ok - preserve resource aggregates across native list growth
2026-09-11T22:28:47.7732160Z ok - serialize native mutations with mutex
2026-09-11T22:28:47.7967639Z native cycle drop
2026-09-11T22:28:47.7968049Z native cycle drop
2026-09-11T22:28:47.7968375Z native cycle drop
2026-09-11T22:28:47.7968695Z native cycle drop
2026-09-11T22:28:47.7968994Z native cycle drop
2026-09-11T22:28:47.7969318Z native cycle drop
2026-09-11T22:28:47.7969816Z ok - finalize native cycles across direct collection and protocol edges
2026-09-11T22:28:47.7976674Z 22 passed; 0 failed
2026-09-11T22:28:47.8822443Z copy state drop
2026-09-11T22:28:47.8823210Z copy state drop
2026-09-11T22:28:47.8823713Z native cycle drop
2026-09-11T22:28:47.8824031Z native cycle drop
2026-09-11T22:28:47.8824376Z native cycle drop
2026-09-11T22:28:47.8825149Z native cycle drop
2026-09-11T22:28:47.8825359Z native cycle drop
2026-09-11T22:28:47.8825559Z native cycle drop
2026-09-11T22:28:49.0391188Z Post job cleanup.
2026-09-11T22:28:49.1286405Z [command]/usr/bin/git version
2026-09-11T22:28:49.1331800Z git version 2.55.0
2026-09-11T22:28:49.1384376Z Temporarily overriding HOME='/home/runner/work/_temp/0c97dc0e-e1aa-461c-8df2-dc56b612d7a1' before making global git config changes
2026-09-11T22:28:49.1386108Z Adding repository directory to the temporary git global config as a safe directory
2026-09-11T22:28:49.1389826Z [command]/usr/bin/git config --global --add safe.directory /home/runner/work/Silex/Silex/Dependencies/STD
2026-09-11T22:28:49.1428414Z Removing SSH command configuration
2026-09-11T22:28:49.1435668Z [command]/usr/bin/git config --local --name-only --get-regexp core\.sshCommand
2026-09-11T22:28:49.1476892Z [command]/usr/bin/git submodule foreach --recursive sh -c "git config --local --name-only --get-regexp 'core\.sshCommand' && git config --local --unset-all 'core.sshCommand' || :"
2026-09-11T22:28:49.1745940Z Removing HTTP extra header
2026-09-11T22:28:49.1753216Z [command]/usr/bin/git config --local --name-only --get-regexp http\.https\:\/\/github\.com\/\.extraheader
2026-09-11T22:28:49.1846528Z [command]/usr/bin/git submodule foreach --recursive sh -c "git config --local --name-only --get-regexp 'http\.https\:\/\/github\.com\/\.extraheader' && git config --local --unset-all 'http.https://github.com/.extraheader' || :"
2026-09-11T22:28:49.2153623Z Removing includeIf entries pointing to credentials config files
2026-09-11T22:28:49.2165278Z [command]/usr/bin/git config --local --name-only --get-regexp ^includeIf\.gitdir:
2026-09-11T22:28:49.2202373Z includeif.gitdir:/home/runner/work/Silex/Silex/Dependencies/STD/.git.path
2026-09-11T22:28:49.2203472Z includeif.gitdir:/home/runner/work/Silex/Silex/Dependencies/STD/.git/worktrees/*.path
2026-09-11T22:28:49.2204422Z includeif.gitdir:/github/workspace/Dependencies/STD/.git.path
2026-09-11T22:28:49.2205587Z includeif.gitdir:/github/workspace/Dependencies/STD/.git/worktrees/*.path
2026-09-11T22:28:49.2230276Z [command]/usr/bin/git config --local --get-all includeif.gitdir:/home/runner/work/Silex/Silex/Dependencies/STD/.git.path
2026-09-11T22:28:49.2266613Z /home/runner/work/_temp/git-credentials-fe854d53-a16f-4905-9025-abb7efcf830f.config
2026-09-11T22:28:49.2280517Z [command]/usr/bin/git config --local --unset includeif.gitdir:/home/runner/work/Silex/Silex/Dependencies/STD/.git.path /home/runner/work/_temp/git-credentials-fe854d53-a16f-4905-9025-abb7efcf830f.config
2026-09-11T22:28:49.2338748Z [command]/usr/bin/git config --local --get-all includeif.gitdir:/home/runner/work/Silex/Silex/Dependencies/STD/.git/worktrees/*.path
2026-09-11T22:28:49.2386409Z /home/runner/work/_temp/git-credentials-fe854d53-a16f-4905-9025-abb7efcf830f.config
2026-09-11T22:28:49.2397803Z [command]/usr/bin/git config --local --unset includeif.gitdir:/home/runner/work/Silex/Silex/Dependencies/STD/.git/worktrees/*.path /home/runner/work/_temp/git-credentials-fe854d53-a16f-4905-9025-abb7efcf830f.config
2026-09-11T22:28:49.2446971Z [command]/usr/bin/git config --local --get-all includeif.gitdir:/github/workspace/Dependencies/STD/.git.path
2026-09-11T22:28:49.2483295Z /github/runner_temp/git-credentials-fe854d53-a16f-4905-9025-abb7efcf830f.config
2026-09-11T22:28:49.2492502Z [command]/usr/bin/git config --local --unset includeif.gitdir:/github/workspace/Dependencies/STD/.git.path /github/runner_temp/git-credentials-fe854d53-a16f-4905-9025-abb7efcf830f.config
2026-09-11T22:28:49.2539647Z [command]/usr/bin/git config --local --get-all includeif.gitdir:/github/workspace/Dependencies/STD/.git/worktrees/*.path
2026-09-11T22:28:49.2569972Z /github/runner_temp/git-credentials-fe854d53-a16f-4905-9025-abb7efcf830f.config
2026-09-11T22:28:49.2577817Z [command]/usr/bin/git config --local --unset includeif.gitdir:/github/workspace/Dependencies/STD/.git/worktrees/*.path /github/runner_temp/git-credentials-fe854d53-a16f-4905-9025-abb7efcf830f.config
2026-09-11T22:28:49.2621232Z [command]/usr/bin/git submodule foreach --recursive git config --local --show-origin --name-only --get-regexp remote.origin.url
2026-09-11T22:28:49.2877768Z Removing credentials config '/home/runner/work/_temp/git-credentials-fe854d53-a16f-4905-9025-abb7efcf830f.config'
2026-09-11T22:28:49.3108621Z Post job cleanup.
2026-09-11T22:28:49.4023411Z [command]/usr/bin/git version
2026-09-11T22:28:49.4081351Z git version 2.55.0
2026-09-11T22:28:49.4121342Z Temporarily overriding HOME='/home/runner/work/_temp/1614ce61-2a52-4380-b865-0adbf2a76b99' before making global git config changes
2026-09-11T22:28:49.4122598Z Adding repository directory to the temporary git global config as a safe directory
2026-09-11T22:28:49.4126753Z [command]/usr/bin/git config --global --add safe.directory /home/runner/work/Silex/Silex
2026-09-11T22:28:49.4160961Z Removing SSH command configuration
2026-09-11T22:28:49.4167836Z [command]/usr/bin/git config --local --name-only --get-regexp core\.sshCommand
2026-09-11T22:28:49.4208032Z [command]/usr/bin/git submodule foreach --recursive sh -c "git config --local --name-only --get-regexp 'core\.sshCommand' && git config --local --unset-all 'core.sshCommand' || :"
2026-09-11T22:28:49.4486168Z Removing HTTP extra header
2026-09-11T22:28:49.4498634Z [command]/usr/bin/git config --local --name-only --get-regexp http\.https\:\/\/github\.com\/\.extraheader
2026-09-11T22:28:49.4538844Z [command]/usr/bin/git submodule foreach --recursive sh -c "git config --local --name-only --get-regexp 'http\.https\:\/\/github\.com\/\.extraheader' && git config --local --unset-all 'http.https://github.com/.extraheader' || :"
2026-09-11T22:28:49.4807369Z Removing includeIf entries pointing to credentials config files
2026-09-11T22:28:49.4817761Z [command]/usr/bin/git config --local --name-only --get-regexp ^includeIf\.gitdir:
2026-09-11T22:28:49.4859619Z includeif.gitdir:/home/runner/work/Silex/Silex/.git.path
2026-09-11T22:28:49.4860422Z includeif.gitdir:/home/runner/work/Silex/Silex/.git/worktrees/*.path
2026-09-11T22:28:49.4861148Z includeif.gitdir:/github/workspace/.git.path
2026-09-11T22:28:49.4861718Z includeif.gitdir:/github/workspace/.git/worktrees/*.path
2026-09-11T22:28:49.4863157Z [command]/usr/bin/git config --local --get-all includeif.gitdir:/home/runner/work/Silex/Silex/.git.path
2026-09-11T22:28:49.4892877Z /home/runner/work/_temp/git-credentials-230aa05e-4b90-45c7-89ce-bee14126930a.config
2026-09-11T22:28:49.4907233Z [command]/usr/bin/git config --local --unset includeif.gitdir:/home/runner/work/Silex/Silex/.git.path /home/runner/work/_temp/git-credentials-230aa05e-4b90-45c7-89ce-bee14126930a.config
2026-09-11T22:28:49.4956451Z [command]/usr/bin/git config --local --get-all includeif.gitdir:/home/runner/work/Silex/Silex/.git/worktrees/*.path
2026-09-11T22:28:49.4995778Z /home/runner/work/_temp/git-credentials-230aa05e-4b90-45c7-89ce-bee14126930a.config
2026-09-11T22:28:49.4998669Z [command]/usr/bin/git config --local --unset includeif.gitdir:/home/runner/work/Silex/Silex/.git/worktrees/*.path /home/runner/work/_temp/git-credentials-230aa05e-4b90-45c7-89ce-bee14126930a.config
2026-09-11T22:28:49.5039179Z [command]/usr/bin/git config --local --get-all includeif.gitdir:/github/workspace/.git.path
2026-09-11T22:28:49.5076445Z /github/runner_temp/git-credentials-230aa05e-4b90-45c7-89ce-bee14126930a.config
2026-09-11T22:28:49.5085781Z [command]/usr/bin/git config --local --unset includeif.gitdir:/github/workspace/.git.path /github/runner_temp/git-credentials-230aa05e-4b90-45c7-89ce-bee14126930a.config
2026-09-11T22:28:49.5136866Z [command]/usr/bin/git config --local --get-all includeif.gitdir:/github/workspace/.git/worktrees/*.path
2026-09-11T22:28:49.5165564Z /github/runner_temp/git-credentials-230aa05e-4b90-45c7-89ce-bee14126930a.config
2026-09-11T22:28:49.5177407Z [command]/usr/bin/git config --local --unset includeif.gitdir:/github/workspace/.git/worktrees/*.path /github/runner_temp/git-credentials-230aa05e-4b90-45c7-89ce-bee14126930a.config
2026-09-11T22:28:49.5220092Z [command]/usr/bin/git submodule foreach --recursive git config --local --show-origin --name-only --get-regexp remote.origin.url
2026-09-11T22:28:49.5460682Z Removing credentials config '/home/runner/work/_temp/git-credentials-230aa05e-4b90-45c7-89ce-bee14126930a.config'
2026-09-11T22:28:49.5672176Z Cleaning up orphan processes

