2026-09-11T22:23:00.5161200Z Current runner version: '2.337.0'
2026-09-11T22:23:00.5200630Z ##[group]Runner Image Provisioner
2026-09-11T22:23:00.5202190Z Hosted Compute Agent
2026-09-11T22:23:00.5202980Z Version: 20260819.586
2026-09-11T22:23:00.5203830Z Commit: 3cc4a88dfa507ef76119ad1bb3eccc6378bb2b76
2026-09-11T22:23:00.5204980Z Build Date: 2026-08-18T23:20:18Z
2026-09-11T22:23:00.5206110Z Worker ID: {05b562b2-0888-44db-a8b5-240b68316b48}
2026-09-11T22:23:00.5207260Z Azure Region: westus
2026-09-11T22:23:00.5208140Z ##[endgroup]
2026-09-11T22:23:00.5211040Z ##[group]Operating System
2026-09-11T22:23:00.5212500Z macOS
2026-09-11T22:23:00.5213280Z 15.7.9
2026-09-11T22:23:00.5214180Z 24G830
2026-09-11T22:23:00.5215090Z ##[endgroup]
2026-09-11T22:23:00.5215850Z ##[group]Runner Image
2026-09-11T22:23:00.5216740Z Image: macos-15
2026-09-11T22:23:00.5217500Z Version: 20260824.0482.1
2026-09-11T22:23:00.5219440Z Included Software: https://github.com/actions/runner-images/blob/macos-15/20260824.0482/images/macos/macos-15-Readme.md
2026-09-11T22:23:00.5222530Z Image Release: https://github.com/actions/runner-images/releases/tag/macos-15%2F20260824.0482
2026-09-11T22:23:00.5224420Z ##[endgroup]
2026-09-11T22:23:00.5226280Z ##[group]GITHUB_TOKEN Permissions
2026-09-11T22:23:00.5230180Z Contents: read
2026-09-11T22:23:00.5231210Z Metadata: read
2026-09-11T22:23:00.5232210Z ##[endgroup]
2026-09-11T22:23:00.5235940Z Secret source: Actions
2026-09-11T22:23:00.5238050Z Cache mode: write
2026-09-11T22:23:00.5239480Z Prepare workflow directory
2026-09-11T22:23:00.5936000Z Prepare all required actions
2026-09-11T22:23:00.6027080Z Getting action download info
2026-09-11T22:23:01.0235280Z Download action repository 'actions/checkout@v6' (SHA:d23441a48e516b6c34aea4fa41551a30e30af803)
2026-09-11T22:23:01.5196800Z Complete job name: macos-x64
2026-09-11T22:23:01.6227000Z ##[group]Run actions/checkout@v6
2026-09-11T22:23:01.6228700Z with:
2026-09-11T22:23:01.6229440Z   repository: Matanek/Silex
2026-09-11T22:23:01.6236650Z   token: ***
2026-09-11T22:23:01.6237430Z   ssh-strict: true
2026-09-11T22:23:01.6238130Z   ssh-user: git
2026-09-11T22:23:01.6238830Z   persist-credentials: true
2026-09-11T22:23:01.6239620Z   clean: true
2026-09-11T22:23:01.6240510Z   sparse-checkout-cone-mode: true
2026-09-11T22:23:01.6241580Z   fetch-depth: 1
2026-09-11T22:23:01.6242290Z   fetch-tags: false
2026-09-11T22:23:01.6243030Z   show-progress: true
2026-09-11T22:23:01.6243780Z   lfs: false
2026-09-11T22:23:01.6244450Z   submodules: false
2026-09-11T22:23:01.6245180Z   set-safe-directory: true
2026-09-11T22:23:01.6245990Z   allow-unsafe-pr-checkout: false
2026-09-11T22:23:01.6247810Z ##[endgroup]
2026-09-11T22:23:01.9228960Z Syncing repository: Matanek/Silex
2026-09-11T22:23:01.9231750Z ##[group]Getting Git version info
2026-09-11T22:23:01.9233100Z Working directory is '/Users/runner/work/Silex/Silex'
2026-09-11T22:23:01.9234840Z [command]/usr/local/bin/git version
2026-09-11T22:23:01.9568350Z git version 2.55.0
2026-09-11T22:23:01.9594100Z ##[endgroup]
2026-09-11T22:23:01.9607000Z Copying '/Users/runner/.gitconfig' to '/Users/runner/work/_temp/3eefe26e-3b22-450e-9711-796762458e8d/.gitconfig'
2026-09-11T22:23:01.9621650Z Temporarily overriding HOME='/Users/runner/work/_temp/3eefe26e-3b22-450e-9711-796762458e8d' before making global git config changes
2026-09-11T22:23:01.9624090Z Adding repository directory to the temporary git global config as a safe directory
2026-09-11T22:23:01.9626890Z [command]/usr/local/bin/git config --global --add safe.directory /Users/runner/work/Silex/Silex
2026-09-11T22:23:01.9792810Z Deleting the contents of '/Users/runner/work/Silex/Silex'
2026-09-11T22:23:01.9800740Z ##[group]Determining repository object format
2026-09-11T22:23:01.9804450Z ##[endgroup]
2026-09-11T22:23:01.9810430Z ##[group]Initializing the repository
2026-09-11T22:23:01.9814610Z [command]/usr/local/bin/git init /Users/runner/work/Silex/Silex
2026-09-11T22:23:02.0185820Z hint: Using 'master' as the name for the initial branch. This default branch name
2026-09-11T22:23:02.0188350Z hint: will change to "main" in Git 3.0. To configure the initial branch name
2026-09-11T22:23:02.0191460Z hint: to use in all of your new repositories, which will suppress this warning,
2026-09-11T22:23:02.0193180Z hint: call:
2026-09-11T22:23:02.0193950Z hint:
2026-09-11T22:23:02.0195100Z hint: 	git config --global init.defaultBranch <name>
2026-09-11T22:23:02.0196280Z hint:
2026-09-11T22:23:02.0197970Z hint: Names commonly chosen instead of 'master' are 'main', 'trunk' and
2026-09-11T22:23:02.0199760Z hint: 'development'. The just-created branch can be renamed via this command:
2026-09-11T22:23:02.0201110Z hint:
2026-09-11T22:23:02.0202010Z hint: 	git branch -m <name>
2026-09-11T22:23:02.0202890Z hint:
2026-09-11T22:23:02.0204320Z hint: Disable this message with "git config set advice.defaultBranchName false"
2026-09-11T22:23:02.0206460Z Initialized empty Git repository in /Users/runner/work/Silex/Silex/.git/
2026-09-11T22:23:02.0209610Z [command]/usr/local/bin/git remote add origin https://github.com/Matanek/Silex
2026-09-11T22:23:02.0328290Z ##[endgroup]
2026-09-11T22:23:02.0329730Z ##[group]Disabling automatic garbage collection
2026-09-11T22:23:02.0332710Z [command]/usr/local/bin/git config --local gc.auto 0
2026-09-11T22:23:02.0436950Z ##[endgroup]
2026-09-11T22:23:02.0438390Z ##[group]Setting up auth
2026-09-11T22:23:02.0440120Z Removing SSH command configuration
2026-09-11T22:23:02.0446340Z [command]/usr/local/bin/git config --local --name-only --get-regexp core\.sshCommand
2026-09-11T22:23:02.0545890Z [command]/usr/local/bin/git submodule foreach --recursive sh -c "git config --local --name-only --get-regexp 'core\.sshCommand' && git config --local --unset-all 'core.sshCommand' || :"
2026-09-11T22:23:02.2570400Z Removing HTTP extra header
2026-09-11T22:23:02.2573970Z [command]/usr/local/bin/git config --local --name-only --get-regexp http\.https\:\/\/github\.com\/\.extraheader
2026-09-11T22:23:02.2664300Z [command]/usr/local/bin/git submodule foreach --recursive sh -c "git config --local --name-only --get-regexp 'http\.https\:\/\/github\.com\/\.extraheader' && git config --local --unset-all 'http.https://github.com/.extraheader' || :"
2026-09-11T22:23:02.4226900Z Removing includeIf entries pointing to credentials config files
2026-09-11T22:23:02.4290780Z [command]/usr/local/bin/git config --local --name-only --get-regexp ^includeIf\.gitdir:
2026-09-11T22:23:02.4301700Z [command]/usr/local/bin/git submodule foreach --recursive git config --local --show-origin --name-only --get-regexp remote.origin.url
2026-09-11T22:23:02.6754480Z [command]/usr/local/bin/git config --file /Users/runner/work/_temp/git-credentials-e64878b8-9aeb-415d-ab61-a9e29c91a8aa.config http.https://github.com/.extraheader AUTHORIZATION: basic ***
2026-09-11T22:23:02.6925210Z [command]/usr/local/bin/git config --local includeIf.gitdir:/Users/runner/work/Silex/Silex/.git.path /Users/runner/work/_temp/git-credentials-e64878b8-9aeb-415d-ab61-a9e29c91a8aa.config
2026-09-11T22:23:02.7054420Z [command]/usr/local/bin/git config --local includeIf.gitdir:/Users/runner/work/Silex/Silex/.git/worktrees/*.path /Users/runner/work/_temp/git-credentials-e64878b8-9aeb-415d-ab61-a9e29c91a8aa.config
2026-09-11T22:23:02.7189070Z [command]/usr/local/bin/git config --local includeIf.gitdir:/github/workspace/.git.path /github/runner_temp/git-credentials-e64878b8-9aeb-415d-ab61-a9e29c91a8aa.config
2026-09-11T22:23:02.7330110Z [command]/usr/local/bin/git config --local includeIf.gitdir:/github/workspace/.git/worktrees/*.path /github/runner_temp/git-credentials-e64878b8-9aeb-415d-ab61-a9e29c91a8aa.config
2026-09-11T22:23:02.7450000Z ##[endgroup]
2026-09-11T22:23:02.7454580Z ##[group]Fetching the repository
2026-09-11T22:23:02.7464690Z [command]/usr/local/bin/git -c protocol.version=2 fetch --no-tags --prune --no-recurse-submodules --depth=1 origin +886cc17e59203c7c6b42190ddfe28239a0ece81d:refs/remotes/origin/spec-silex-optimization-parity-completion
2026-09-11T22:23:04.4548100Z From https://github.com/Matanek/Silex
2026-09-11T22:23:04.5566200Z  * [new ref]         886cc17e59203c7c6b42190ddfe28239a0ece81d -> origin/spec-silex-optimization-parity-completion
2026-09-11T22:23:04.6352850Z [command]/usr/local/bin/git branch --list --remote origin/spec-silex-optimization-parity-completion
2026-09-11T22:23:04.6396080Z   origin/spec-silex-optimization-parity-completion
2026-09-11T22:23:04.7471680Z [command]/usr/local/bin/git rev-parse refs/remotes/origin/spec-silex-optimization-parity-completion
2026-09-11T22:23:04.7899640Z 886cc17e59203c7c6b42190ddfe28239a0ece81d
2026-09-11T22:23:04.8476200Z ##[endgroup]
2026-09-11T22:23:04.8618690Z ##[group]Determining the checkout info
2026-09-11T22:23:04.8680790Z ##[endgroup]
2026-09-11T22:23:04.8726580Z [command]/usr/local/bin/git sparse-checkout disable
2026-09-11T22:23:04.9098010Z [command]/usr/local/bin/git config --local --unset-all extensions.worktreeConfig
2026-09-11T22:23:04.9238350Z ##[group]Checking out the ref
2026-09-11T22:23:04.9267450Z [command]/usr/local/bin/git checkout --progress --force -B spec-silex-optimization-parity-completion refs/remotes/origin/spec-silex-optimization-parity-completion
2026-09-11T22:23:05.5544620Z Switched to a new branch 'spec-silex-optimization-parity-completion'
2026-09-11T22:23:05.5565010Z branch 'spec-silex-optimization-parity-completion' set up to track 'origin/spec-silex-optimization-parity-completion'.
2026-09-11T22:23:05.5597490Z ##[endgroup]
2026-09-11T22:23:05.5772610Z [command]/usr/local/bin/git log -1 --format=%H
2026-09-11T22:23:05.5929760Z 886cc17e59203c7c6b42190ddfe28239a0ece81d
2026-09-11T22:23:05.6359510Z ##[group]Run set -euo pipefail
2026-09-11T22:23:05.6360390Z [36;1mset -euo pipefail[0m
2026-09-11T22:23:05.6360940Z [36;1marchive="$RUNNER_TEMP/zig.tar.xz"[0m
2026-09-11T22:23:05.6361930Z [36;1mcurl -fL https://ziglang.org/download/0.16.0/zig-x86_64-macos-0.16.0.tar.xz -o "$archive"[0m
2026-09-11T22:23:05.6363450Z [36;1mecho "0387557ed1877bc6a2e1802c8391953baddba76081876301c522f52977b52ba7  $archive" | shasum -a 256 -c -[0m
2026-09-11T22:23:05.6364580Z [36;1mtar -xJf "$archive" -C "$RUNNER_TEMP"[0m
2026-09-11T22:23:05.6365350Z [36;1mecho "$RUNNER_TEMP/zig-x86_64-macos-0.16.0" >> "$GITHUB_PATH"[0m
2026-09-11T22:23:05.6472480Z shell: /bin/bash --noprofile --norc -e -o pipefail {0}
2026-09-11T22:23:05.6473420Z ##[endgroup]
2026-09-11T22:23:06.1007060Z   % Total    % Received % Xferd  Average Speed  Time    Time    Time   Current
2026-09-11T22:23:06.1017540Z                                  Dload  Upload  Total   Spent   Left   Speed
2026-09-11T22:23:06.1062170Z 
2026-09-11T22:23:07.1585770Z   0      0   0      0   0      0      0      0                              0
2026-09-11T22:23:08.2387740Z   1 54.73M   1 607.7k   0      0 419.7k      0   02:13   00:01   02:12 573.9k
2026-09-11T22:23:09.3628330Z  25 54.73M  25 13.95M   0      0  5.51M      0   00:09   00:02   00:07  6.52M
2026-09-11T22:23:10.2956950Z  66 54.73M  66 36.28M   0      0  9.93M      0   00:05   00:03   00:02 11.11M
2026-09-11T22:23:10.3230450Z 100 54.73M 100 54.73M   0      0 11.93M      0   00:04   00:04         11.11M
2026-09-11T22:23:10.3291620Z 100 54.73M 100 54.73M   0      0 11.93M      0   00:04   00:04         11.11M
2026-09-11T22:23:10.3347600Z 100 54.73M 100 54.73M   0      0 11.93M      0   00:04   00:04         11.11M
2026-09-11T22:23:10.7265860Z /Users/runner/work/_temp/zig.tar.xz: OK
2026-09-11T22:23:25.7942470Z ##[group]Run set -euo pipefail
2026-09-11T22:23:25.7944650Z [36;1mset -euo pipefail[0m
2026-09-11T22:23:25.7945650Z [36;1mtest "$(uname -m)" = "x86_64"[0m
2026-09-11T22:23:25.7946900Z [36;1mexport HOME="$RUNNER_TEMP/home"[0m
2026-09-11T22:23:25.7947950Z [36;1mmkdir -p "$HOME"[0m
2026-09-11T22:23:25.7949250Z [36;1mzig build -Doptimize=ReleaseFast -Dcpu=baseline \[0m
2026-09-11T22:23:25.7951160Z [36;1m  --prefix "$RUNNER_TEMP/silex-prefix" \[0m
2026-09-11T22:23:25.7952310Z [36;1m  --build-file Toolchain/build.zig[0m
2026-09-11T22:23:25.7953290Z [36;1msilex="$RUNNER_TEMP/silex-prefix/bin/silex"[0m
2026-09-11T22:23:25.7954070Z [36;1m"$silex" --version[0m
2026-09-11T22:23:25.7954620Z [36;1m"$silex" targets | grep -F 'macos-x64'[0m
2026-09-11T22:23:25.7959920Z [36;1m"$silex" setup[0m
2026-09-11T22:23:25.7960770Z [36;1mshadercross="$HOME/.silex/toolchain/shadercross/3.0.0/macos-x64/bin/shadercross"[0m
2026-09-11T22:23:25.7962560Z [36;1mfile "$shadercross" | grep -F 'x86_64'[0m
2026-09-11T22:23:25.7963390Z [36;1m"$shadercross" --help >/dev/null 2>&1[0m
2026-09-11T22:23:25.7964430Z [36;1mboundary_root="$GITHUB_WORKSPACE/Toolchain/Fixtures/MacOSX64Boundary/Boundary/macos-x64"[0m
2026-09-11T22:23:25.7965660Z [36;1mzig cc -target x86_64-macos -c "$boundary_root/Provider.c" -o "$boundary_root/Provider.o"[0m
2026-09-11T22:23:25.7966870Z [36;1mzig ar rcs "$boundary_root/libMacOSX64Boundary.a" "$boundary_root/Provider.o"[0m
2026-09-11T22:23:25.7968000Z [36;1mboundary_consumer="$GITHUB_WORKSPACE/Toolchain/Fixtures/MacOSX64BoundaryConsumer"[0m
2026-09-11T22:23:25.7969440Z [36;1m"$silex" link "$GITHUB_WORKSPACE/Toolchain/Fixtures/MacOSX64Boundary" \[0m
2026-09-11T22:23:25.7973120Z [36;1m  --workspace "$boundary_consumer" --target macos-x64[0m
2026-09-11T22:23:25.7974150Z [36;1m"$silex" packages resolve "$boundary_consumer"[0m
2026-09-11T22:23:25.7974840Z [36;1m"$silex" compile "$boundary_consumer/Main.sx" \[0m
2026-09-11T22:23:25.7975540Z [36;1m  --release -o "$RUNNER_TEMP/macos-x64-boundary"[0m
2026-09-11T22:23:25.7977170Z [36;1mtest "$("$RUNNER_TEMP/macos-x64-boundary")" = "macos x64 boundary ready"[0m
2026-09-11T22:23:25.7978140Z [36;1m"$silex" test "$GITHUB_WORKSPACE/Tests/Native/NativePortability.sx"[0m
2026-09-11T22:23:25.7978960Z [36;1mscalar_root="$RUNNER_TEMP/scalar-float-fixture"[0m
2026-09-11T22:23:25.7979780Z [36;1mmkdir -p "$scalar_root"[0m
2026-09-11T22:23:25.7980430Z [36;1mprintf '%s\n' '{"sources":"."}' > "$scalar_root/Package.json"[0m
2026-09-11T22:23:25.7983660Z [36;1msnapshot_fixture="$scalar_root/BranchSnapshots.sx"[0m
2026-09-11T22:23:25.7985280Z [36;1mcp "$GITHUB_WORKSPACE/Toolchain/Benchmarks/Optimizer/Regressions/BranchSnapshots.sx" "$snapshot_fixture"[0m
2026-09-11T22:23:25.7986680Z [36;1mfor mode in debug release; do[0m
2026-09-11T22:23:25.7987430Z [36;1m  "$silex" compile "$snapshot_fixture" "--$mode" --nocache \[0m
2026-09-11T22:23:25.7989970Z [36;1m    -o "$RUNNER_TEMP/branch-snapshots-$mode"[0m
2026-09-11T22:23:25.7991230Z [36;1m  snapshot_output=$("$RUNNER_TEMP/branch-snapshots-$mode")[0m
2026-09-11T22:23:25.7992060Z [36;1m  test "$(printf '%s\n' "$snapshot_output" | wc -l)" -eq 8[0m
2026-09-11T22:23:25.7993820Z [36;1m  test "$(printf '%s\n' "$snapshot_output" | grep -c '^true$')" -eq 8[0m
2026-09-11T22:23:25.7994600Z [36;1mdone[0m
2026-09-11T22:23:25.7995120Z [36;1mloop_exit_fixture="$scalar_root/LoopExitResidence.sx"[0m
2026-09-11T22:23:25.7996300Z [36;1mcp "$GITHUB_WORKSPACE/Toolchain/Benchmarks/Optimizer/Regressions/LoopExitResidence.sx" "$loop_exit_fixture"[0m
2026-09-11T22:23:25.7998350Z [36;1mfor mode in debug release; do[0m
2026-09-11T22:23:25.7999100Z [36;1m  "$silex" compile "$loop_exit_fixture" "--$mode" --nocache \[0m
2026-09-11T22:23:25.8000710Z [36;1m    -o "$RUNNER_TEMP/loop-exit-residence-$mode"[0m
2026-09-11T22:23:25.8001820Z [36;1m  loop_exit_output=$("$RUNNER_TEMP/loop-exit-residence-$mode")[0m
2026-09-11T22:23:25.8003900Z [36;1m  test "$(printf '%s\n' "$loop_exit_output" | wc -l)" -eq 5[0m
2026-09-11T22:23:25.8005050Z [36;1m  test "$(printf '%s\n' "$loop_exit_output" | grep -c '^true$')" -eq 5[0m
2026-09-11T22:23:25.8005750Z [36;1mdone[0m
2026-09-11T22:23:25.8006480Z [36;1mfloat_memory_fixture="$scalar_root/FloatMemoryResidence.sx"[0m
2026-09-11T22:23:25.8008140Z [36;1mcp "$GITHUB_WORKSPACE/Toolchain/Benchmarks/Optimizer/Regressions/FloatMemoryResidence.sx" "$float_memory_fixture"[0m
2026-09-11T22:23:25.8009260Z [36;1mfor mode in debug release; do[0m
2026-09-11T22:23:25.8010440Z [36;1m  "$silex" compile "$float_memory_fixture" "--$mode" --nocache \[0m
2026-09-11T22:23:25.8011250Z [36;1m    -o "$RUNNER_TEMP/float-memory-residence-$mode"[0m
2026-09-11T22:23:25.8012140Z [36;1m  float_memory_output=$("$RUNNER_TEMP/float-memory-residence-$mode")[0m
2026-09-11T22:23:25.8013660Z [36;1m  test "$(printf '%s\n' "$float_memory_output" | wc -l)" -eq 10[0m
2026-09-11T22:23:25.8014710Z [36;1m  test "$(printf '%s\n' "$float_memory_output" | grep -c '^true$')" -eq 10[0m
2026-09-11T22:23:25.8015440Z [36;1mdone[0m
2026-09-11T22:23:25.8016140Z [36;1mfloat_operands_fixture="$scalar_root/ScalarFloatOperands.sx"[0m
2026-09-11T22:23:25.8017450Z [36;1mcp "$GITHUB_WORKSPACE/Toolchain/Benchmarks/Optimizer/Regressions/ScalarFloatOperands.sx" "$float_operands_fixture"[0m
2026-09-11T22:23:25.8018730Z [36;1mfor mode in debug release; do[0m
2026-09-11T22:23:25.8019420Z [36;1m  "$silex" compile "$float_operands_fixture" "--$mode" --nocache \[0m
2026-09-11T22:23:25.8020210Z [36;1m    -o "$RUNNER_TEMP/scalar-float-operands-$mode"[0m
2026-09-11T22:23:25.8021030Z [36;1m  float_operands_output=$("$RUNNER_TEMP/scalar-float-operands-$mode")[0m
2026-09-11T22:23:25.8021910Z [36;1m  test "$(printf '%s\n' "$float_operands_output" | wc -l)" -eq 18[0m
2026-09-11T22:23:25.8023480Z [36;1m  test "$(printf '%s\n' "$float_operands_output" | grep -c '^true$')" -eq 18[0m
2026-09-11T22:23:25.8024250Z [36;1mdone[0m
2026-09-11T22:23:25.8024700Z [36;1mrun_distribution() {[0m
2026-09-11T22:23:25.8025260Z [36;1m  executable="$1"[0m
2026-09-11T22:23:25.8025880Z [36;1m  stderr="$RUNNER_TEMP/$(basename "$executable").stderr"[0m
2026-09-11T22:23:25.8026500Z [36;1m  set +e[0m
2026-09-11T22:23:25.8026930Z [36;1m  output=$("$executable" 2>"$stderr")[0m
2026-09-11T22:23:25.8027560Z [36;1m  status=$?[0m
2026-09-11T22:23:25.8027960Z [36;1m  set -e[0m
2026-09-11T22:23:25.8028360Z [36;1m  if [ "$status" -ne 0 ]; then[0m
2026-09-11T22:23:25.8028870Z [36;1m    cat "$stderr"[0m
2026-09-11T22:23:25.8029340Z [36;1m    lldb --batch -o 'run' \[0m
2026-09-11T22:23:25.8029870Z [36;1m      -k 'thread backtrace all' \[0m
2026-09-11T22:23:25.8030400Z [36;1m      -k 'register read' \[0m
2026-09-11T22:23:25.8030910Z [36;1m      -k 'image lookup -a $pc' \[0m
2026-09-11T22:23:25.8032070Z [36;1m      -k 'disassemble -p' \[0m
2026-09-11T22:23:25.8033380Z [36;1m      -- "$executable" || true[0m
2026-09-11T22:23:25.8034190Z [36;1m    return "$status"[0m
2026-09-11T22:23:25.8034700Z [36;1m  fi[0m
2026-09-11T22:23:25.8035200Z [36;1m  test "$output" = "silex distribution ready"[0m
2026-09-11T22:23:25.8035780Z [36;1m}[0m
2026-09-11T22:23:25.8036420Z [36;1mdistribution="$GITHUB_WORKSPACE/Tests/Native/DistributionSmoke.sx"[0m
2026-09-11T22:23:25.8037730Z [36;1m"$silex" compile "$distribution" \[0m
2026-09-11T22:23:25.8038510Z [36;1m  -o "$RUNNER_TEMP/distribution-smoke-debug"[0m
2026-09-11T22:23:25.8039260Z [36;1mrun_distribution "$RUNNER_TEMP/distribution-smoke-debug"[0m
2026-09-11T22:23:25.8040410Z [36;1m"$silex" compile "$distribution" \[0m
2026-09-11T22:23:25.8042300Z [36;1m  --release -o "$RUNNER_TEMP/distribution-smoke-release"[0m
2026-09-11T22:23:25.8043550Z [36;1mrun_distribution "$RUNNER_TEMP/distribution-smoke-release"[0m
2026-09-11T22:23:25.8045280Z [36;1mtest "$("$silex" run "$distribution" --release)" = "silex distribution ready"[0m
2026-09-11T22:23:25.8046890Z [36;1m"$silex" compile "$GITHUB_WORKSPACE/Tests/Native/NativePortability.sx" \[0m
2026-09-11T22:23:25.8048360Z [36;1m  --release -o "$RUNNER_TEMP/native-portability"[0m
2026-09-11T22:23:25.8049150Z [36;1mfile "$RUNNER_TEMP/native-portability" | grep -F 'x86_64'[0m
2026-09-11T22:23:25.8049970Z [36;1mportability_output=$("$RUNNER_TEMP/native-portability")[0m
2026-09-11T22:23:25.8050800Z [36;1mprintf '%s\n' "$portability_output"[0m
2026-09-11T22:23:25.8051940Z [36;1mcycle_drops=$(printf '%s\n' "$portability_output" | grep -c '^native cycle drop$')[0m
2026-09-11T22:23:25.8052830Z [36;1mtest "$cycle_drops" -eq 6[0m
2026-09-11T22:23:25.8149350Z shell: /bin/bash --noprofile --norc -e -o pipefail {0}
2026-09-11T22:23:25.8150170Z ##[endgroup]
2026-09-11T22:28:53.4999570Z silex 0.44.1
2026-09-11T22:28:53.5039050Z macos-x64 (host)
2026-09-11T22:28:55.1241870Z silex: installed Shadercross for macos-x64
2026-09-11T22:29:10.9065520Z silex: installed Native linker for macos-x64
2026-09-11T22:29:10.9205160Z /Users/runner/work/_temp/home/.silex/toolchain/shadercross/3.0.0/macos-x64/bin/shadercross: Mach-O universal binary with 2 architectures: [x86_64:Mach-O 64-bit executable x86_64] [arm64:Mach-O 64-bit executable arm64]
2026-09-11T22:29:10.9219730Z /Users/runner/work/_temp/home/.silex/toolchain/shadercross/3.0.0/macos-x64/bin/shadercross (for architecture x86_64):	Mach-O 64-bit executable x86_64
2026-09-11T22:29:11.2813400Z silex: linked MacOSX64Boundary@1.0.0 to /Users/runner/work/Silex/Silex/Toolchain/Fixtures/MacOSX64Boundary for this workspace
2026-09-11T22:29:11.2854530Z MacOSX64Boundary 1.0.0 workspace-link /Users/runner/work/Silex/Silex/Toolchain/Fixtures/MacOSX64Boundary
2026-09-11T22:29:22.7864230Z ok - execute direct indirect and dynamic calls beyond native registers
2026-09-11T22:29:22.8930100Z ok - preserve paired float32 arithmetic on native
2026-09-11T22:29:23.0034830Z ok - mutate a class-owned native list without changing its snapshot
2026-09-11T22:29:23.1080720Z ok - replace class elements in a class-owned native list
2026-09-11T22:29:23.2142390Z ok - preserve embedded byte contents on native
2026-09-11T22:29:23.3199050Z ok - format native floats through the standalone runtime
2026-09-11T22:29:23.4214700Z ok - convert native float precision in both directions
2026-09-11T22:29:23.5227860Z ok - replace and preserve an aliased native list
2026-09-11T22:29:23.6234940Z ok - swap and reverse a native list
2026-09-11T22:29:23.7274430Z ok - grow a native list at every position
2026-09-11T22:29:23.8291240Z ok - remove native list elements from every position
2026-09-11T22:29:23.9290860Z ok - slice view mutate and clear native lists
2026-09-11T22:29:24.0317610Z ok - mutable aggregate view detaches shared native list
2026-09-11T22:29:24.1333190Z copy state drop
2026-09-11T22:29:24.1334110Z copy state drop
2026-09-11T22:29:24.1334840Z ok - deep-copy repeated native class roots without collections
2026-09-11T22:29:24.2363880Z native cycle drop
2026-09-11T22:29:24.2364650Z native cycle drop
2026-09-11T22:29:24.2365640Z ok - finalize a direct native class cycle
2026-09-11T22:29:24.3384270Z native cycle drop
2026-09-11T22:29:24.3384980Z native cycle drop
2026-09-11T22:29:24.3385690Z ok - finalize a native class cycle through lists
2026-09-11T22:29:24.4453480Z native cycle drop
2026-09-11T22:29:24.4454020Z native cycle drop
2026-09-11T22:29:24.4454490Z ok - finalize a native class cycle through protocols
2026-09-11T22:29:24.5485020Z ok - execute the complete native collection mutation slice
2026-09-11T22:29:24.6589000Z copy state drop
2026-09-11T22:29:24.6589750Z copy state drop
2026-09-11T22:29:24.6595260Z ok - execute native ownership and deep-copy runtime
2026-09-11T22:29:24.7662990Z ok - preserve resource aggregates across native list growth
2026-09-11T22:29:24.8717340Z ok - serialize native mutations with mutex
2026-09-11T22:29:24.9753360Z native cycle drop
2026-09-11T22:29:24.9754580Z native cycle drop
2026-09-11T22:29:24.9755420Z native cycle drop
2026-09-11T22:29:24.9756280Z native cycle drop
2026-09-11T22:29:24.9761980Z native cycle drop
2026-09-11T22:29:24.9767820Z native cycle drop
2026-09-11T22:29:24.9770610Z ok - finalize native cycles across direct collection and protocol edges
2026-09-11T22:29:24.9772170Z 22 passed; 0 failed
2026-09-11T22:29:25.8146700Z /Users/runner/work/_temp/native-portability: Mach-O 64-bit executable x86_64
2026-09-11T22:29:25.8199660Z copy state drop
2026-09-11T22:29:25.8200810Z copy state drop
2026-09-11T22:29:25.8202820Z native cycle drop
2026-09-11T22:29:25.8211390Z native cycle drop
2026-09-11T22:29:25.8232340Z native cycle drop
2026-09-11T22:29:25.8242520Z native cycle drop
2026-09-11T22:29:25.8352200Z native cycle drop
2026-09-11T22:29:25.8363380Z native cycle drop
2026-09-11T22:29:25.9654500Z Post job cleanup.
2026-09-11T22:29:26.2242920Z [command]/usr/local/bin/git version
2026-09-11T22:29:26.2603350Z git version 2.55.0
2026-09-11T22:29:26.2700820Z Copying '/Users/runner/.gitconfig' to '/Users/runner/work/_temp/c693d719-4adf-48f6-97aa-53af3771b16b/.gitconfig'
2026-09-11T22:29:26.2702780Z Temporarily overriding HOME='/Users/runner/work/_temp/c693d719-4adf-48f6-97aa-53af3771b16b' before making global git config changes
2026-09-11T22:29:26.2704500Z Adding repository directory to the temporary git global config as a safe directory
2026-09-11T22:29:26.2705710Z [command]/usr/local/bin/git config --global --add safe.directory /Users/runner/work/Silex/Silex
2026-09-11T22:29:26.3807100Z Removing SSH command configuration
2026-09-11T22:29:26.3831220Z [command]/usr/local/bin/git config --local --name-only --get-regexp core\.sshCommand
2026-09-11T22:29:26.3979310Z [command]/usr/local/bin/git submodule foreach --recursive sh -c "git config --local --name-only --get-regexp 'core\.sshCommand' && git config --local --unset-all 'core.sshCommand' || :"
2026-09-11T22:29:26.5394380Z Removing HTTP extra header
2026-09-11T22:29:26.5401980Z [command]/usr/local/bin/git config --local --name-only --get-regexp http\.https\:\/\/github\.com\/\.extraheader
2026-09-11T22:29:26.5522230Z [command]/usr/local/bin/git submodule foreach --recursive sh -c "git config --local --name-only --get-regexp 'http\.https\:\/\/github\.com\/\.extraheader' && git config --local --unset-all 'http.https://github.com/.extraheader' || :"
2026-09-11T22:29:26.6716410Z Removing includeIf entries pointing to credentials config files
2026-09-11T22:29:26.6723000Z [command]/usr/local/bin/git config --local --name-only --get-regexp ^includeIf\.gitdir:
2026-09-11T22:29:26.6807760Z includeif.gitdir:/Users/runner/work/Silex/Silex/.git.path
2026-09-11T22:29:26.6808720Z includeif.gitdir:/Users/runner/work/Silex/Silex/.git/worktrees/*.path
2026-09-11T22:29:26.6809550Z includeif.gitdir:/github/workspace/.git.path
2026-09-11T22:29:26.6810330Z includeif.gitdir:/github/workspace/.git/worktrees/*.path
2026-09-11T22:29:26.6819030Z [command]/usr/local/bin/git config --local --get-all includeif.gitdir:/Users/runner/work/Silex/Silex/.git.path
2026-09-11T22:29:26.6901590Z /Users/runner/work/_temp/git-credentials-e64878b8-9aeb-415d-ab61-a9e29c91a8aa.config
2026-09-11T22:29:26.6913640Z [command]/usr/local/bin/git config --local --unset includeif.gitdir:/Users/runner/work/Silex/Silex/.git.path /Users/runner/work/_temp/git-credentials-e64878b8-9aeb-415d-ab61-a9e29c91a8aa.config
2026-09-11T22:29:26.7021840Z [command]/usr/local/bin/git config --local --get-all includeif.gitdir:/Users/runner/work/Silex/Silex/.git/worktrees/*.path
2026-09-11T22:29:26.7104300Z /Users/runner/work/_temp/git-credentials-e64878b8-9aeb-415d-ab61-a9e29c91a8aa.config
2026-09-11T22:29:26.7116790Z [command]/usr/local/bin/git config --local --unset includeif.gitdir:/Users/runner/work/Silex/Silex/.git/worktrees/*.path /Users/runner/work/_temp/git-credentials-e64878b8-9aeb-415d-ab61-a9e29c91a8aa.config
2026-09-11T22:29:26.7209930Z [command]/usr/local/bin/git config --local --get-all includeif.gitdir:/github/workspace/.git.path
2026-09-11T22:29:26.7289700Z /github/runner_temp/git-credentials-e64878b8-9aeb-415d-ab61-a9e29c91a8aa.config
2026-09-11T22:29:26.7299810Z [command]/usr/local/bin/git config --local --unset includeif.gitdir:/github/workspace/.git.path /github/runner_temp/git-credentials-e64878b8-9aeb-415d-ab61-a9e29c91a8aa.config
2026-09-11T22:29:26.7392960Z [command]/usr/local/bin/git config --local --get-all includeif.gitdir:/github/workspace/.git/worktrees/*.path
2026-09-11T22:29:26.7472910Z /github/runner_temp/git-credentials-e64878b8-9aeb-415d-ab61-a9e29c91a8aa.config
2026-09-11T22:29:26.7484340Z [command]/usr/local/bin/git config --local --unset includeif.gitdir:/github/workspace/.git/worktrees/*.path /github/runner_temp/git-credentials-e64878b8-9aeb-415d-ab61-a9e29c91a8aa.config
2026-09-11T22:29:26.7580740Z [command]/usr/local/bin/git submodule foreach --recursive git config --local --show-origin --name-only --get-regexp remote.origin.url
2026-09-11T22:29:26.8739900Z Removing credentials config '/Users/runner/work/_temp/git-credentials-e64878b8-9aeb-415d-ab61-a9e29c91a8aa.config'
2026-09-11T22:29:26.8936970Z Cleaning up orphan processes

