2026-09-11T22:23:00.7304536Z Current runner version: '2.337.0'
2026-09-11T22:23:00.7336516Z ##[group]Runner Image Provisioner
2026-09-11T22:23:00.7337655Z Hosted Compute Agent
2026-09-11T22:23:00.7338531Z Version: 20260828.587
2026-09-11T22:23:00.7339199Z Commit: abac92662cab4cc7352de4f9f9d2e2419aad9c29
2026-09-11T22:23:00.7340076Z Build Date: 2026-08-28T16:44:25Z
2026-09-11T22:23:00.7340771Z Worker ID: {63996b33-e259-4e0f-b323-6ff9eeee7f60}
2026-09-11T22:23:00.7341555Z Azure Region: northcentralus
2026-09-11T22:23:00.7342187Z ##[endgroup]
2026-09-11T22:23:00.7344294Z ##[group]Operating System
2026-09-11T22:23:00.7345188Z Ubuntu
2026-09-11T22:23:00.7345710Z 24.04.5
2026-09-11T22:23:00.7346276Z LTS
2026-09-11T22:23:00.7346902Z ##[endgroup]
2026-09-11T22:23:00.7347502Z ##[group]Runner Image
2026-09-11T22:23:00.7348438Z Image: ubuntu-24.04-arm
2026-09-11T22:23:00.7349047Z Version: 20260907.118.1
2026-09-11T22:23:00.7350550Z Included Software: https://github.com/actions/runner-images/blob/ubuntu24-arm64/20260907.118/images/ubuntu/Ubuntu2404-Arm64-Readme.md
2026-09-11T22:23:00.7352166Z Image Release: https://github.com/actions/runner-images/releases/tag/ubuntu24-arm64%2F20260907.118
2026-09-11T22:23:00.7353191Z ##[endgroup]
2026-09-11T22:23:00.7354349Z ##[group]GITHUB_TOKEN Permissions
2026-09-11T22:23:00.7357451Z Contents: read
2026-09-11T22:23:00.7358360Z Metadata: read
2026-09-11T22:23:00.7358957Z ##[endgroup]
2026-09-11T22:23:00.7362154Z Secret source: Actions
2026-09-11T22:23:00.7363145Z Cache mode: write
2026-09-11T22:23:00.7364097Z Prepare workflow directory
2026-09-11T22:23:00.7748593Z Prepare all required actions
2026-09-11T22:23:00.7799470Z Getting action download info
2026-09-11T22:23:00.9875814Z Download action repository 'actions/checkout@v6' (SHA:d23441a48e516b6c34aea4fa41551a30e30af803)
2026-09-11T22:23:01.1946618Z Complete job name: linux-arm64
2026-09-11T22:23:01.2800518Z ##[group]Run actions/checkout@v6
2026-09-11T22:23:01.2802039Z with:
2026-09-11T22:23:01.2802617Z   repository: Matanek/Silex
2026-09-11T22:23:01.2806418Z   token: ***
2026-09-11T22:23:01.2807001Z   ssh-strict: true
2026-09-11T22:23:01.2807536Z   ssh-user: git
2026-09-11T22:23:01.2808527Z   persist-credentials: true
2026-09-11T22:23:01.2809126Z   clean: true
2026-09-11T22:23:01.2809794Z   sparse-checkout-cone-mode: true
2026-09-11T22:23:01.2810446Z   fetch-depth: 1
2026-09-11T22:23:01.2810989Z   fetch-tags: false
2026-09-11T22:23:01.2811609Z   show-progress: true
2026-09-11T22:23:01.2812161Z   lfs: false
2026-09-11T22:23:01.2812804Z   submodules: false
2026-09-11T22:23:01.2813388Z   set-safe-directory: true
2026-09-11T22:23:01.2814035Z   allow-unsafe-pr-checkout: false
2026-09-11T22:23:01.2815399Z ##[endgroup]
2026-09-11T22:23:01.3722662Z Syncing repository: Matanek/Silex
2026-09-11T22:23:01.3725201Z ##[group]Getting Git version info
2026-09-11T22:23:01.3726223Z Working directory is '/home/runner/work/Silex/Silex'
2026-09-11T22:23:01.3727655Z [command]/usr/bin/git version
2026-09-11T22:23:01.3739358Z git version 2.55.0
2026-09-11T22:23:01.3744940Z ##[endgroup]
2026-09-11T22:23:01.3759098Z Temporarily overriding HOME='/home/runner/work/_temp/2e6d2cf1-5fdc-47e8-b711-27e12424d0c9' before making global git config changes
2026-09-11T22:23:01.3761175Z Adding repository directory to the temporary git global config as a safe directory
2026-09-11T22:23:01.3763465Z [command]/usr/bin/git config --global --add safe.directory /home/runner/work/Silex/Silex
2026-09-11T22:23:01.3792761Z Deleting the contents of '/home/runner/work/Silex/Silex'
2026-09-11T22:23:01.3805227Z ##[group]Determining repository object format
2026-09-11T22:23:01.3813504Z ##[endgroup]
2026-09-11T22:23:01.3814972Z ##[group]Initializing the repository
2026-09-11T22:23:01.3816082Z [command]/usr/bin/git init /home/runner/work/Silex/Silex
2026-09-11T22:23:01.3909930Z hint: Using 'master' as the name for the initial branch. This default branch name
2026-09-11T22:23:01.3916473Z hint: will change to "main" in Git 3.0. To configure the initial branch name
2026-09-11T22:23:01.3917828Z hint: to use in all of your new repositories, which will suppress this warning,
2026-09-11T22:23:01.3919597Z hint: call:
2026-09-11T22:23:01.3920184Z hint:
2026-09-11T22:23:01.3920827Z hint: 	git config --global init.defaultBranch <name>
2026-09-11T22:23:01.3921581Z hint:
2026-09-11T22:23:01.3922256Z hint: Names commonly chosen instead of 'master' are 'main', 'trunk' and
2026-09-11T22:23:01.3923257Z hint: 'development'. The just-created branch can be renamed via this command:
2026-09-11T22:23:01.3924256Z hint:
2026-09-11T22:23:01.3924853Z hint: 	git branch -m <name>
2026-09-11T22:23:01.3925502Z hint:
2026-09-11T22:23:01.3926252Z hint: Disable this message with "git config set advice.defaultBranchName false"
2026-09-11T22:23:01.3927350Z Initialized empty Git repository in /home/runner/work/Silex/Silex/.git/
2026-09-11T22:23:01.3929696Z [command]/usr/bin/git remote add origin https://github.com/Matanek/Silex
2026-09-11T22:23:01.3975838Z ##[endgroup]
2026-09-11T22:23:01.3977013Z ##[group]Disabling automatic garbage collection
2026-09-11T22:23:01.3977858Z [command]/usr/bin/git config --local gc.auto 0
2026-09-11T22:23:01.3994770Z ##[endgroup]
2026-09-11T22:23:01.3995854Z ##[group]Setting up auth
2026-09-11T22:23:01.3996533Z Removing SSH command configuration
2026-09-11T22:23:01.4002060Z [command]/usr/bin/git config --local --name-only --get-regexp core\.sshCommand
2026-09-11T22:23:01.4041499Z [command]/usr/bin/git submodule foreach --recursive sh -c "git config --local --name-only --get-regexp 'core\.sshCommand' && git config --local --unset-all 'core.sshCommand' || :"
2026-09-11T22:23:01.4322423Z Removing HTTP extra header
2026-09-11T22:23:01.4329552Z [command]/usr/bin/git config --local --name-only --get-regexp http\.https\:\/\/github\.com\/\.extraheader
2026-09-11T22:23:01.4357664Z [command]/usr/bin/git submodule foreach --recursive sh -c "git config --local --name-only --get-regexp 'http\.https\:\/\/github\.com\/\.extraheader' && git config --local --unset-all 'http.https://github.com/.extraheader' || :"
2026-09-11T22:23:01.4540280Z Removing includeIf entries pointing to credentials config files
2026-09-11T22:23:01.4546296Z [command]/usr/bin/git config --local --name-only --get-regexp ^includeIf\.gitdir:
2026-09-11T22:23:01.4576804Z [command]/usr/bin/git submodule foreach --recursive git config --local --show-origin --name-only --get-regexp remote.origin.url
2026-09-11T22:23:01.4772917Z [command]/usr/bin/git config --file /home/runner/work/_temp/git-credentials-c1db809b-9725-492d-9699-193f5b4be00b.config http.https://github.com/.extraheader AUTHORIZATION: basic ***
2026-09-11T22:23:01.4812596Z [command]/usr/bin/git config --local includeIf.gitdir:/home/runner/work/Silex/Silex/.git.path /home/runner/work/_temp/git-credentials-c1db809b-9725-492d-9699-193f5b4be00b.config
2026-09-11T22:23:01.4843097Z [command]/usr/bin/git config --local includeIf.gitdir:/home/runner/work/Silex/Silex/.git/worktrees/*.path /home/runner/work/_temp/git-credentials-c1db809b-9725-492d-9699-193f5b4be00b.config
2026-09-11T22:23:01.4873115Z [command]/usr/bin/git config --local includeIf.gitdir:/github/workspace/.git.path /github/runner_temp/git-credentials-c1db809b-9725-492d-9699-193f5b4be00b.config
2026-09-11T22:23:01.4903111Z [command]/usr/bin/git config --local includeIf.gitdir:/github/workspace/.git/worktrees/*.path /github/runner_temp/git-credentials-c1db809b-9725-492d-9699-193f5b4be00b.config
2026-09-11T22:23:01.4930355Z ##[endgroup]
2026-09-11T22:23:01.4931272Z ##[group]Fetching the repository
2026-09-11T22:23:01.4938800Z [command]/usr/bin/git -c protocol.version=2 fetch --no-tags --prune --no-recurse-submodules --depth=1 origin +886cc17e59203c7c6b42190ddfe28239a0ece81d:refs/remotes/origin/spec-silex-optimization-parity-completion
2026-09-11T22:23:02.7357075Z From https://github.com/Matanek/Silex
2026-09-11T22:23:02.7359730Z  * [new ref]         886cc17e59203c7c6b42190ddfe28239a0ece81d -> origin/spec-silex-optimization-parity-completion
2026-09-11T22:23:02.7366699Z [command]/usr/bin/git branch --list --remote origin/spec-silex-optimization-parity-completion
2026-09-11T22:23:02.7392247Z   origin/spec-silex-optimization-parity-completion
2026-09-11T22:23:02.7399519Z [command]/usr/bin/git rev-parse refs/remotes/origin/spec-silex-optimization-parity-completion
2026-09-11T22:23:02.7421045Z 886cc17e59203c7c6b42190ddfe28239a0ece81d
2026-09-11T22:23:02.7424550Z ##[endgroup]
2026-09-11T22:23:02.7426108Z ##[group]Determining the checkout info
2026-09-11T22:23:02.7428152Z ##[endgroup]
2026-09-11T22:23:02.7429223Z [command]/usr/bin/git sparse-checkout disable
2026-09-11T22:23:02.7465070Z [command]/usr/bin/git config --local --unset-all extensions.worktreeConfig
2026-09-11T22:23:02.7491231Z ##[group]Checking out the ref
2026-09-11T22:23:02.7494722Z [command]/usr/bin/git checkout --progress --force -B spec-silex-optimization-parity-completion refs/remotes/origin/spec-silex-optimization-parity-completion
2026-09-11T22:23:02.8880971Z Switched to a new branch 'spec-silex-optimization-parity-completion'
2026-09-11T22:23:02.8884302Z branch 'spec-silex-optimization-parity-completion' set up to track 'origin/spec-silex-optimization-parity-completion'.
2026-09-11T22:23:02.8894710Z ##[endgroup]
2026-09-11T22:23:02.8933931Z [command]/usr/bin/git log -1 --format=%H
2026-09-11T22:23:02.8956476Z 886cc17e59203c7c6b42190ddfe28239a0ece81d
2026-09-11T22:23:02.9198264Z ##[group]Run set -euo pipefail
2026-09-11T22:23:02.9199594Z [36;1mset -euo pipefail[0m
2026-09-11T22:23:02.9200589Z [36;1mcase "$(uname -m)" in[0m
2026-09-11T22:23:02.9201751Z [36;1m  aarch64|arm64) ;;[0m
2026-09-11T22:23:02.9203082Z [36;1m  *) echo "expected a native ARM64 runner, got $(uname -m)" >&2; exit 1 ;;[0m
2026-09-11T22:23:02.9204546Z [36;1mesac[0m
2026-09-11T22:23:02.9319132Z shell: /usr/bin/bash --noprofile --norc -e -o pipefail {0}
2026-09-11T22:23:02.9320611Z ##[endgroup]
2026-09-11T22:23:02.9520770Z ##[group]Run set -euo pipefail
2026-09-11T22:23:02.9522010Z [36;1mset -euo pipefail[0m
2026-09-11T22:23:02.9523037Z [36;1marchive="$RUNNER_TEMP/zig.tar.xz"[0m
2026-09-11T22:23:02.9524746Z [36;1mcurl -fL https://ziglang.org/download/0.16.0/zig-aarch64-linux-0.16.0.tar.xz -o "$archive"[0m
2026-09-11T22:23:02.9527300Z [36;1mecho "ea4b09bfb22ec6f6c6ceac57ab63efb6b46e17ab08d21f69f3a48b38e1534f17  $archive" | sha256sum -c -[0m
2026-09-11T22:23:02.9529442Z [36;1mtar -xJf "$archive" -C "$RUNNER_TEMP"[0m
2026-09-11T22:23:02.9530841Z [36;1mecho "$RUNNER_TEMP/zig-aarch64-linux-0.16.0" >> "$GITHUB_PATH"[0m
2026-09-11T22:23:02.9588353Z shell: /usr/bin/bash --noprofile --norc -e -o pipefail {0}
2026-09-11T22:23:02.9589846Z ##[endgroup]
2026-09-11T22:23:02.9725426Z   % Total    % Received % Xferd  Average Speed   Time    Time     Time  Current
2026-09-11T22:23:02.9727135Z                                  Dload  Upload   Total   Spent    Left  Speed
2026-09-11T22:23:02.9728174Z 
2026-09-11T22:23:03.7992608Z   0     0    0     0    0     0      0      0 --:--:-- --:--:-- --:--:--     0
2026-09-11T22:23:04.8206323Z   0 48.8M    0 98042    0     0   115k      0  0:07:11 --:--:--  0:07:11  115k
2026-09-11T22:23:05.7982282Z   5 48.8M    5 2863k    0     0  1549k      0  0:00:32  0:00:01  0:00:31 1549k
2026-09-11T22:23:06.7988190Z  50 48.8M   50 24.4M    0     0  8861k      0  0:00:05  0:00:02  0:00:03 8860k
2026-09-11T22:23:06.8069673Z  98 48.8M   98 47.9M    0     0  12.5M      0  0:00:03  0:00:03 --:--:-- 12.5M
2026-09-11T22:23:06.8070448Z 100 48.8M  100 48.8M    0     0  12.7M      0  0:00:03  0:00:03 --:--:-- 12.7M
2026-09-11T22:23:06.8414079Z /home/runner/work/_temp/zig.tar.xz: OK
2026-09-11T22:23:09.4854090Z ##[group]Run set -euo pipefail
2026-09-11T22:23:09.4854760Z [36;1mset -euo pipefail[0m
2026-09-11T22:23:09.4855042Z [36;1mexport HOME="$RUNNER_TEMP/home"[0m
2026-09-11T22:23:09.4855421Z [36;1mmkdir -p "$HOME"[0m
2026-09-11T22:23:09.4855676Z [36;1m[0m
2026-09-11T22:23:09.4856070Z [36;1mboundary="$GITHUB_WORKSPACE/Tests/Target/linux-arm64/LinuxArm64Boundary"[0m
2026-09-11T22:23:09.4856530Z [36;1mmkdir -p "$boundary/Boundary/linux-arm64"[0m
2026-09-11T22:23:09.4856952Z [36;1mzig cc -target aarch64-linux-gnu -O2 -c "$boundary/provider.c" \[0m
2026-09-11T22:23:09.4857796Z [36;1m  -o "$boundary/Boundary/linux-arm64/provider.o"[0m
2026-09-11T22:23:09.4858437Z [36;1mzig ar rcs "$boundary/Boundary/linux-arm64/libProvider.a" \[0m
2026-09-11T22:23:09.4858909Z [36;1m  "$boundary/Boundary/linux-arm64/provider.o"[0m
2026-09-11T22:23:09.4859233Z [36;1m[0m
2026-09-11T22:23:09.4859551Z [36;1mzig build -Doptimize=ReleaseFast -Dcpu=baseline \[0m
2026-09-11T22:23:09.4860024Z [36;1m  --prefix "$RUNNER_TEMP/silex-prefix" \[0m
2026-09-11T22:23:09.4860381Z [36;1m  --build-file Toolchain/build.zig[0m
2026-09-11T22:23:09.4860735Z [36;1m[0m
2026-09-11T22:23:09.4860993Z [36;1msilex="$RUNNER_TEMP/silex-prefix/bin/silex"[0m
2026-09-11T22:23:09.4861351Z [36;1m"$silex" setup[0m
2026-09-11T22:23:09.4861692Z [36;1mmanaged_zig="$HOME/.silex/toolchain/zig/0.16.0/linux-arm64/zig"[0m
2026-09-11T22:23:09.4862184Z [36;1mtest -x "$managed_zig"[0m
2026-09-11T22:23:09.4862561Z [36;1mfile "$managed_zig" | grep -E 'ELF 64-bit.*(ARM aarch64|ARM64)'[0m
2026-09-11T22:23:09.4862954Z [36;1m[0m
2026-09-11T22:23:09.4863356Z [36;1msource="$GITHUB_WORKSPACE/Tests/Native/NativePortability.sx"[0m
2026-09-11T22:23:09.4863863Z [36;1m"$silex" interpret "$source" > "$RUNNER_TEMP/interpreted.txt"[0m
2026-09-11T22:23:09.4864334Z [36;1m"$silex" compile "$source" --debug -o "$RUNNER_TEMP/native-debug"[0m
2026-09-11T22:23:09.4864815Z [36;1m"$RUNNER_TEMP/native-debug" > "$RUNNER_TEMP/debug.txt"[0m
2026-09-11T22:23:09.4865260Z [36;1mcmp "$RUNNER_TEMP/interpreted.txt" "$RUNNER_TEMP/debug.txt"[0m
2026-09-11T22:23:09.4865758Z [36;1m"$silex" compile "$source" --release -o "$RUNNER_TEMP/native-release"[0m
2026-09-11T22:23:09.4866292Z [36;1m"$RUNNER_TEMP/native-release" > "$RUNNER_TEMP/release.txt"[0m
2026-09-11T22:23:09.4866757Z [36;1mcmp "$RUNNER_TEMP/interpreted.txt" "$RUNNER_TEMP/release.txt"[0m
2026-09-11T22:23:09.4867300Z [36;1mfile "$RUNNER_TEMP/native-release" | grep -E 'ELF 64-bit.*(ARM aarch64|ARM64)'[0m
2026-09-11T22:23:09.4867861Z [36;1mreadelf -h "$RUNNER_TEMP/native-release" | grep -E 'Machine:.*AArch64'[0m
2026-09-11T22:23:09.4868485Z [36;1m[0m
2026-09-11T22:23:09.4868884Z [36;1m"$silex" run "$GITHUB_WORKSPACE/Tests/Native/DistributionSmoke.sx" --debug[0m
2026-09-11T22:23:09.4869319Z [36;1m"$silex" test "$source"[0m
2026-09-11T22:23:09.4869609Z [36;1m[0m
2026-09-11T22:23:09.4869993Z [36;1m"$managed_zig" cc -target aarch64-linux-gnu -O2 -c "$boundary/provider.c" \[0m
2026-09-11T22:23:09.4870464Z [36;1m  -o "$boundary/Boundary/linux-arm64/provider.o"[0m
2026-09-11T22:23:09.4870982Z [36;1m"$managed_zig" ar rcs "$boundary/Boundary/linux-arm64/libProvider.a" \[0m
2026-09-11T22:23:09.4871434Z [36;1m  "$boundary/Boundary/linux-arm64/provider.o"[0m
2026-09-11T22:23:09.4871828Z [36;1m"$silex" test "$boundary/Tests/Boundary.sx"[0m
2026-09-11T22:23:09.4872232Z [36;1m"$silex" compile "$boundary/Tests/Boundary.sx" --release \[0m
2026-09-11T22:23:09.4872627Z [36;1m  -o "$RUNNER_TEMP/boundary"[0m
2026-09-11T22:23:09.4873049Z [36;1mtest "$("$RUNNER_TEMP/boundary")" = "linux arm64 boundary ready"[0m
2026-09-11T22:23:09.4873525Z [36;1m[0m
2026-09-11T22:23:09.4873968Z [36;1m# Compile the exact standalone witness without the optimizer package's STD graph.[0m
2026-09-11T22:23:09.4874493Z [36;1mscalar_root="$RUNNER_TEMP/scalar-float-fixture"[0m
2026-09-11T22:23:09.4874832Z [36;1mmkdir -p "$scalar_root"[0m
2026-09-11T22:23:09.4875455Z [36;1mprintf '%s\n' '{"sources":"."}' > "$scalar_root/Package.json"[0m
2026-09-11T22:23:09.4875922Z [36;1mscalar_fixture="$scalar_root/ScalarFloatResidence.sx"[0m
2026-09-11T22:23:09.4876595Z [36;1mcp "$GITHUB_WORKSPACE/Toolchain/Benchmarks/Optimizer/Regressions/ScalarFloatResidence.sx" "$scalar_fixture"[0m
2026-09-11T22:23:09.4877190Z [36;1mfor mode in debug release; do[0m
2026-09-11T22:23:09.4877541Z [36;1m  "$silex" compile "$scalar_fixture" "--$mode" --nocache \[0m
2026-09-11T22:23:09.4878220Z [36;1m    -o "$RUNNER_TEMP/scalar-float-residence-$mode"[0m
2026-09-11T22:23:09.4878660Z [36;1m  scalar_output=$("$RUNNER_TEMP/scalar-float-residence-$mode")[0m
2026-09-11T22:23:09.4879252Z [36;1m  test "$(printf '%s\n' "$scalar_output" | wc -l)" -eq 9[0m
2026-09-11T22:23:09.4879784Z [36;1m  test "$(printf '%s\n' "$scalar_output" | grep -c '^true$')" -eq 9[0m
2026-09-11T22:23:09.4880168Z [36;1mdone[0m
2026-09-11T22:23:09.4880495Z [36;1mbranch_fixture="$scalar_root/BranchComparisons.sx"[0m
2026-09-11T22:23:09.4881131Z [36;1mcp "$GITHUB_WORKSPACE/Toolchain/Benchmarks/Optimizer/Regressions/BranchComparisons.sx" "$branch_fixture"[0m
2026-09-11T22:23:09.4881724Z [36;1mfor mode in debug release; do[0m
2026-09-11T22:23:09.4882142Z [36;1m  "$silex" compile "$branch_fixture" "--$mode" --nocache \[0m
2026-09-11T22:23:09.4882540Z [36;1m    -o "$RUNNER_TEMP/branch-comparisons-$mode"[0m
2026-09-11T22:23:09.4882955Z [36;1m  test "$("$RUNNER_TEMP/branch-comparisons-$mode")" = "true"[0m
2026-09-11T22:23:09.4883330Z [36;1mdone[0m
2026-09-11T22:23:09.4884067Z [36;1msnapshot_fixture="$scalar_root/BranchSnapshots.sx"[0m
2026-09-11T22:23:09.4884838Z [36;1mcp "$GITHUB_WORKSPACE/Toolchain/Benchmarks/Optimizer/Regressions/BranchSnapshots.sx" "$snapshot_fixture"[0m
2026-09-11T22:23:09.4885393Z [36;1mfor mode in debug release; do[0m
2026-09-11T22:23:09.4885779Z [36;1m  "$silex" compile "$snapshot_fixture" "--$mode" --nocache \[0m
2026-09-11T22:23:09.4886242Z [36;1m    -o "$RUNNER_TEMP/branch-snapshots-$mode"[0m
2026-09-11T22:23:09.4886663Z [36;1m  snapshot_output=$("$RUNNER_TEMP/branch-snapshots-$mode")[0m
2026-09-11T22:23:09.4887182Z [36;1m  test "$(printf '%s\n' "$snapshot_output" | wc -l)" -eq 8[0m
2026-09-11T22:23:09.4887625Z [36;1m  test "$(printf '%s\n' "$snapshot_output" | grep -c '^true$')" -eq 8[0m
2026-09-11T22:23:09.4888236Z [36;1mdone[0m
2026-09-11T22:23:09.4888549Z [36;1mloop_exit_fixture="$scalar_root/LoopExitResidence.sx"[0m
2026-09-11T22:23:09.4889187Z [36;1mcp "$GITHUB_WORKSPACE/Toolchain/Benchmarks/Optimizer/Regressions/LoopExitResidence.sx" "$loop_exit_fixture"[0m
2026-09-11T22:23:09.4889836Z [36;1mfor mode in debug release; do[0m
2026-09-11T22:23:09.4890202Z [36;1m  "$silex" compile "$loop_exit_fixture" "--$mode" --nocache \[0m
2026-09-11T22:23:09.4890640Z [36;1m    -o "$RUNNER_TEMP/loop-exit-residence-$mode"[0m
2026-09-11T22:23:09.4891061Z [36;1m  loop_exit_output=$("$RUNNER_TEMP/loop-exit-residence-$mode")[0m
2026-09-11T22:23:09.4891539Z [36;1m  test "$(printf '%s\n' "$loop_exit_output" | wc -l)" -eq 5[0m
2026-09-11T22:23:09.4892029Z [36;1m  test "$(printf '%s\n' "$loop_exit_output" | grep -c '^true$')" -eq 5[0m
2026-09-11T22:23:09.4892432Z [36;1mdone[0m
2026-09-11T22:23:09.4892773Z [36;1mfloat_memory_fixture="$scalar_root/FloatMemoryResidence.sx"[0m
2026-09-11T22:23:09.4893440Z [36;1mcp "$GITHUB_WORKSPACE/Toolchain/Benchmarks/Optimizer/Regressions/FloatMemoryResidence.sx" "$float_memory_fixture"[0m
2026-09-11T22:23:09.4894047Z [36;1mfor mode in debug release; do[0m
2026-09-11T22:23:09.4894460Z [36;1m  "$silex" compile "$float_memory_fixture" "--$mode" --nocache \[0m
2026-09-11T22:23:09.4894906Z [36;1m    -o "$RUNNER_TEMP/float-memory-residence-$mode"[0m
2026-09-11T22:23:09.4895344Z [36;1m  float_memory_output=$("$RUNNER_TEMP/float-memory-residence-$mode")[0m
2026-09-11T22:23:09.4895981Z [36;1m  test "$(printf '%s\n' "$float_memory_output" | wc -l)" -eq 10[0m
2026-09-11T22:23:09.4896470Z [36;1m  test "$(printf '%s\n' "$float_memory_output" | grep -c '^true$')" -eq 10[0m
2026-09-11T22:23:09.4897114Z [36;1mdone[0m
2026-09-11T22:23:09.4897451Z [36;1mfloat_operands_fixture="$scalar_root/ScalarFloatOperands.sx"[0m
2026-09-11T22:23:09.4898251Z [36;1mcp "$GITHUB_WORKSPACE/Toolchain/Benchmarks/Optimizer/Regressions/ScalarFloatOperands.sx" "$float_operands_fixture"[0m
2026-09-11T22:23:09.4898923Z [36;1mfor mode in debug release; do[0m
2026-09-11T22:23:09.4899303Z [36;1m  "$silex" compile "$float_operands_fixture" "--$mode" --nocache \[0m
2026-09-11T22:23:09.4899808Z [36;1m    -o "$RUNNER_TEMP/scalar-float-operands-$mode"[0m
2026-09-11T22:23:09.4900262Z [36;1m  float_operands_output=$("$RUNNER_TEMP/scalar-float-operands-$mode")[0m
2026-09-11T22:23:09.4900894Z [36;1m  test "$(printf '%s\n' "$float_operands_output" | wc -l)" -eq 18[0m
2026-09-11T22:23:09.4901438Z [36;1m  test "$(printf '%s\n' "$float_operands_output" | grep -c '^true$')" -eq 18[0m
2026-09-11T22:23:09.4901825Z [36;1mdone[0m
2026-09-11T22:23:09.4956804Z shell: /usr/bin/bash --noprofile --norc -e -o pipefail {0}
2026-09-11T22:23:09.4957239Z ##[endgroup]
2026-09-11T22:28:09.4981675Z silex: installed Shadercross for linux-arm64
2026-09-11T22:28:17.2287496Z silex: installed Native linker for linux-arm64
2026-09-11T22:28:17.2401041Z /home/runner/work/_temp/home/.silex/toolchain/zig/0.16.0/linux-arm64/zig: ELF 64-bit LSB executable, ARM aarch64, version 1 (SYSV), statically linked, stripped
2026-09-11T22:28:17.4048207Z /home/runner/work/_temp/native-release: ELF 64-bit LSB executable, ARM aarch64, version 1 (SYSV), statically linked, no section header
2026-09-11T22:28:17.4667612Z   Machine:                           AArch64
2026-09-11T22:28:17.5045017Z silex distribution ready
2026-09-11T22:28:29.9786473Z ok - execute direct indirect and dynamic calls beyond native registers
2026-09-11T22:28:29.9960401Z ok - preserve paired float32 arithmetic on native
2026-09-11T22:28:30.0132347Z ok - mutate a class-owned native list without changing its snapshot
2026-09-11T22:28:30.0308798Z ok - replace class elements in a class-owned native list
2026-09-11T22:28:30.0486425Z ok - preserve embedded byte contents on native
2026-09-11T22:28:30.0672267Z ok - format native floats through the standalone runtime
2026-09-11T22:28:30.0866799Z ok - convert native float precision in both directions
2026-09-11T22:28:30.1059479Z ok - replace and preserve an aliased native list
2026-09-11T22:28:30.1253830Z ok - swap and reverse a native list
2026-09-11T22:28:30.1451743Z ok - grow a native list at every position
2026-09-11T22:28:30.1650458Z ok - remove native list elements from every position
2026-09-11T22:28:30.1856033Z ok - slice view mutate and clear native lists
2026-09-11T22:28:30.2062138Z ok - mutable aggregate view detaches shared native list
2026-09-11T22:28:30.2280448Z copy state drop
2026-09-11T22:28:30.2281081Z copy state drop
2026-09-11T22:28:30.2281400Z ok - deep-copy repeated native class roots without collections
2026-09-11T22:28:30.2494138Z native cycle drop
2026-09-11T22:28:30.2494567Z native cycle drop
2026-09-11T22:28:30.2494864Z ok - finalize a direct native class cycle
2026-09-11T22:28:30.2706252Z native cycle drop
2026-09-11T22:28:30.2706552Z native cycle drop
2026-09-11T22:28:30.2707061Z ok - finalize a native class cycle through lists
2026-09-11T22:28:30.2922469Z native cycle drop
2026-09-11T22:28:30.2922783Z native cycle drop
2026-09-11T22:28:30.2923260Z ok - finalize a native class cycle through protocols
2026-09-11T22:28:30.3147685Z ok - execute the complete native collection mutation slice
2026-09-11T22:28:30.3372339Z copy state drop
2026-09-11T22:28:30.3372640Z copy state drop
2026-09-11T22:28:30.3372951Z ok - execute native ownership and deep-copy runtime
2026-09-11T22:28:30.3605544Z ok - preserve resource aggregates across native list growth
2026-09-11T22:28:30.3842729Z ok - serialize native mutations with mutex
2026-09-11T22:28:30.4083853Z native cycle drop
2026-09-11T22:28:30.4084276Z native cycle drop
2026-09-11T22:28:30.4084495Z native cycle drop
2026-09-11T22:28:30.4084782Z native cycle drop
2026-09-11T22:28:30.4085370Z native cycle drop
2026-09-11T22:28:30.4085665Z native cycle drop
2026-09-11T22:28:30.4086021Z ok - finalize native cycles across direct collection and protocol edges
2026-09-11T22:28:30.4142849Z 22 passed; 0 failed
2026-09-11T22:28:30.4744830Z ok - call a Linux ARM64 Boundary through AAPCS64
2026-09-11T22:28:30.4745250Z 1 passed; 0 failed
2026-09-11T22:28:31.3989667Z Post job cleanup.
2026-09-11T22:28:31.4701890Z [command]/usr/bin/git version
2026-09-11T22:28:31.4735010Z git version 2.55.0
2026-09-11T22:28:31.4779821Z Temporarily overriding HOME='/home/runner/work/_temp/60386870-4429-417a-b8ba-5cd01eaf6c21' before making global git config changes
2026-09-11T22:28:31.4788856Z Adding repository directory to the temporary git global config as a safe directory
2026-09-11T22:28:31.4789819Z [command]/usr/bin/git config --global --add safe.directory /home/runner/work/Silex/Silex
2026-09-11T22:28:31.4816164Z Removing SSH command configuration
2026-09-11T22:28:31.4825284Z [command]/usr/bin/git config --local --name-only --get-regexp core\.sshCommand
2026-09-11T22:28:31.4857440Z [command]/usr/bin/git submodule foreach --recursive sh -c "git config --local --name-only --get-regexp 'core\.sshCommand' && git config --local --unset-all 'core.sshCommand' || :"
2026-09-11T22:28:31.5051627Z Removing HTTP extra header
2026-09-11T22:28:31.5052259Z [command]/usr/bin/git config --local --name-only --get-regexp http\.https\:\/\/github\.com\/\.extraheader
2026-09-11T22:28:31.5084470Z [command]/usr/bin/git submodule foreach --recursive sh -c "git config --local --name-only --get-regexp 'http\.https\:\/\/github\.com\/\.extraheader' && git config --local --unset-all 'http.https://github.com/.extraheader' || :"
2026-09-11T22:28:31.5278215Z Removing includeIf entries pointing to credentials config files
2026-09-11T22:28:31.5282856Z [command]/usr/bin/git config --local --name-only --get-regexp ^includeIf\.gitdir:
2026-09-11T22:28:31.5316417Z includeif.gitdir:/home/runner/work/Silex/Silex/.git.path
2026-09-11T22:28:31.5317728Z includeif.gitdir:/home/runner/work/Silex/Silex/.git/worktrees/*.path
2026-09-11T22:28:31.5318701Z includeif.gitdir:/github/workspace/.git.path
2026-09-11T22:28:31.5319206Z includeif.gitdir:/github/workspace/.git/worktrees/*.path
2026-09-11T22:28:31.5320500Z [command]/usr/bin/git config --local --get-all includeif.gitdir:/home/runner/work/Silex/Silex/.git.path
2026-09-11T22:28:31.5340510Z /home/runner/work/_temp/git-credentials-c1db809b-9725-492d-9699-193f5b4be00b.config
2026-09-11T22:28:31.5349745Z [command]/usr/bin/git config --local --unset includeif.gitdir:/home/runner/work/Silex/Silex/.git.path /home/runner/work/_temp/git-credentials-c1db809b-9725-492d-9699-193f5b4be00b.config
2026-09-11T22:28:31.5383839Z [command]/usr/bin/git config --local --get-all includeif.gitdir:/home/runner/work/Silex/Silex/.git/worktrees/*.path
2026-09-11T22:28:31.5406796Z /home/runner/work/_temp/git-credentials-c1db809b-9725-492d-9699-193f5b4be00b.config
2026-09-11T22:28:31.5414812Z [command]/usr/bin/git config --local --unset includeif.gitdir:/home/runner/work/Silex/Silex/.git/worktrees/*.path /home/runner/work/_temp/git-credentials-c1db809b-9725-492d-9699-193f5b4be00b.config
2026-09-11T22:28:31.5446307Z [command]/usr/bin/git config --local --get-all includeif.gitdir:/github/workspace/.git.path
2026-09-11T22:28:31.5468157Z /github/runner_temp/git-credentials-c1db809b-9725-492d-9699-193f5b4be00b.config
2026-09-11T22:28:31.5475118Z [command]/usr/bin/git config --local --unset includeif.gitdir:/github/workspace/.git.path /github/runner_temp/git-credentials-c1db809b-9725-492d-9699-193f5b4be00b.config
2026-09-11T22:28:31.5504974Z [command]/usr/bin/git config --local --get-all includeif.gitdir:/github/workspace/.git/worktrees/*.path
2026-09-11T22:28:31.5527848Z /github/runner_temp/git-credentials-c1db809b-9725-492d-9699-193f5b4be00b.config
2026-09-11T22:28:31.5535230Z [command]/usr/bin/git config --local --unset includeif.gitdir:/github/workspace/.git/worktrees/*.path /github/runner_temp/git-credentials-c1db809b-9725-492d-9699-193f5b4be00b.config
2026-09-11T22:28:31.5566408Z [command]/usr/bin/git submodule foreach --recursive git config --local --show-origin --name-only --get-regexp remote.origin.url
2026-09-11T22:28:31.5747723Z Removing credentials config '/home/runner/work/_temp/git-credentials-c1db809b-9725-492d-9699-193f5b4be00b.config'
2026-09-11T22:28:31.5880844Z Cleaning up orphan processes

