2026-09-11T22:22:58.1161652Z Current runner version: '2.337.0'
2026-09-11T22:22:58.1186493Z ##[group]Runner Image Provisioner
2026-09-11T22:22:58.1187621Z Hosted Compute Agent
2026-09-11T22:22:58.1188266Z Version: 20260828.587
2026-09-11T22:22:58.1189212Z Commit: abac92662cab4cc7352de4f9f9d2e2419aad9c29
2026-09-11T22:22:58.1190010Z Build Date: 2026-08-28T16:44:25Z
2026-09-11T22:22:58.1190737Z Worker ID: {4d5ba49f-a1ff-4687-90f3-80952c068f73}
2026-09-11T22:22:58.1191587Z Azure Region: eastus2
2026-09-11T22:22:58.1192221Z ##[endgroup]
2026-09-11T22:22:58.1193697Z ##[group]Operating System
2026-09-11T22:22:58.1194403Z Ubuntu
2026-09-11T22:22:58.1194974Z 24.04.5
2026-09-11T22:22:58.1195594Z LTS
2026-09-11T22:22:58.1196170Z ##[endgroup]
2026-09-11T22:22:58.1196796Z ##[group]Runner Image
2026-09-11T22:22:58.1197528Z Image: ubuntu-24.04
2026-09-11T22:22:58.1198144Z Version: 20260907.300.1
2026-09-11T22:22:58.1199657Z Included Software: https://github.com/actions/runner-images/blob/ubuntu24/20260907.300/images/ubuntu/Ubuntu2404-Readme.md
2026-09-11T22:22:58.1201275Z Image Release: https://github.com/actions/runner-images/releases/tag/ubuntu24%2F20260907.300
2026-09-11T22:22:58.1202379Z ##[endgroup]
2026-09-11T22:22:58.1203541Z ##[group]GITHUB_TOKEN Permissions
2026-09-11T22:22:58.1206744Z Contents: read
2026-09-11T22:22:58.1207461Z Metadata: read
2026-09-11T22:22:58.1208061Z ##[endgroup]
2026-09-11T22:22:58.1210642Z Secret source: Actions
2026-09-11T22:22:58.1211675Z Cache mode: write
2026-09-11T22:22:58.1212750Z Prepare workflow directory
2026-09-11T22:22:58.1536851Z Prepare all required actions
2026-09-11T22:22:58.1584365Z Getting action download info
2026-09-11T22:22:58.3840572Z Download action repository 'actions/checkout@v6' (SHA:d23441a48e516b6c34aea4fa41551a30e30af803)
2026-09-11T22:22:58.4920164Z Download action repository 'actions/upload-artifact@v4' (SHA:ea165f8d65b6e75b540449e92b4886f43607fa02)
2026-09-11T22:22:58.7015748Z Complete job name: windows-arm64-build
2026-09-11T22:22:58.7748312Z ##[group]Run actions/checkout@v6
2026-09-11T22:22:58.7749446Z with:
2026-09-11T22:22:58.7749960Z   repository: Matanek/Silex
2026-09-11T22:22:58.7754155Z   token: ***
2026-09-11T22:22:58.7754667Z   ssh-strict: true
2026-09-11T22:22:58.7755171Z   ssh-user: git
2026-09-11T22:22:58.7755680Z   persist-credentials: true
2026-09-11T22:22:58.7756232Z   clean: true
2026-09-11T22:22:58.7756738Z   sparse-checkout-cone-mode: true
2026-09-11T22:22:58.7757316Z   fetch-depth: 1
2026-09-11T22:22:58.7757824Z   fetch-tags: false
2026-09-11T22:22:58.7758327Z   show-progress: true
2026-09-11T22:22:58.7758962Z   lfs: false
2026-09-11T22:22:58.7759444Z   submodules: false
2026-09-11T22:22:58.7759961Z   set-safe-directory: true
2026-09-11T22:22:58.7760555Z   allow-unsafe-pr-checkout: false
2026-09-11T22:22:58.7761314Z ##[endgroup]
2026-09-11T22:22:58.8766831Z Syncing repository: Matanek/Silex
2026-09-11T22:22:58.8769456Z ##[group]Getting Git version info
2026-09-11T22:22:58.8770589Z Working directory is '/home/runner/work/Silex/Silex'
2026-09-11T22:22:58.8772150Z [command]/usr/bin/git version
2026-09-11T22:22:58.8806857Z git version 2.55.0
2026-09-11T22:22:58.8829388Z ##[endgroup]
2026-09-11T22:22:58.8843562Z Temporarily overriding HOME='/home/runner/work/_temp/9e18f65d-5d3f-4c08-8217-a86b9f125d6d' before making global git config changes
2026-09-11T22:22:58.8845911Z Adding repository directory to the temporary git global config as a safe directory
2026-09-11T22:22:58.8849684Z [command]/usr/bin/git config --global --add safe.directory /home/runner/work/Silex/Silex
2026-09-11T22:22:58.8906144Z Deleting the contents of '/home/runner/work/Silex/Silex'
2026-09-11T22:22:58.8911330Z ##[group]Determining repository object format
2026-09-11T22:22:58.8913427Z ##[endgroup]
2026-09-11T22:22:58.8914535Z ##[group]Initializing the repository
2026-09-11T22:22:58.8918191Z [command]/usr/bin/git init /home/runner/work/Silex/Silex
2026-09-11T22:22:58.9005416Z hint: Using 'master' as the name for the initial branch. This default branch name
2026-09-11T22:22:58.9006860Z hint: will change to "main" in Git 3.0. To configure the initial branch name
2026-09-11T22:22:58.9008170Z hint: to use in all of your new repositories, which will suppress this warning,
2026-09-11T22:22:58.9009421Z hint: call:
2026-09-11T22:22:58.9009838Z hint:
2026-09-11T22:22:58.9010354Z hint: 	git config --global init.defaultBranch <name>
2026-09-11T22:22:58.9010975Z hint:
2026-09-11T22:22:58.9011565Z hint: Names commonly chosen instead of 'master' are 'main', 'trunk' and
2026-09-11T22:22:58.9012479Z hint: 'development'. The just-created branch can be renamed via this command:
2026-09-11T22:22:58.9013239Z hint:
2026-09-11T22:22:58.9013661Z hint: 	git branch -m <name>
2026-09-11T22:22:58.9014136Z hint:
2026-09-11T22:22:58.9014758Z hint: Disable this message with "git config set advice.defaultBranchName false"
2026-09-11T22:22:58.9020687Z Initialized empty Git repository in /home/runner/work/Silex/Silex/.git/
2026-09-11T22:22:58.9032554Z [command]/usr/bin/git remote add origin https://github.com/Matanek/Silex
2026-09-11T22:22:58.9080033Z ##[endgroup]
2026-09-11T22:22:58.9081260Z ##[group]Disabling automatic garbage collection
2026-09-11T22:22:58.9083218Z [command]/usr/bin/git config --local gc.auto 0
2026-09-11T22:22:58.9117196Z ##[endgroup]
2026-09-11T22:22:58.9118841Z ##[group]Setting up auth
2026-09-11T22:22:58.9119776Z Removing SSH command configuration
2026-09-11T22:22:58.9124104Z [command]/usr/bin/git config --local --name-only --get-regexp core\.sshCommand
2026-09-11T22:22:58.9159682Z [command]/usr/bin/git submodule foreach --recursive sh -c "git config --local --name-only --get-regexp 'core\.sshCommand' && git config --local --unset-all 'core.sshCommand' || :"
2026-09-11T22:22:58.9525577Z Removing HTTP extra header
2026-09-11T22:22:58.9534101Z [command]/usr/bin/git config --local --name-only --get-regexp http\.https\:\/\/github\.com\/\.extraheader
2026-09-11T22:22:58.9583592Z [command]/usr/bin/git submodule foreach --recursive sh -c "git config --local --name-only --get-regexp 'http\.https\:\/\/github\.com\/\.extraheader' && git config --local --unset-all 'http.https://github.com/.extraheader' || :"
2026-09-11T22:22:58.9827003Z Removing includeIf entries pointing to credentials config files
2026-09-11T22:22:58.9835547Z [command]/usr/bin/git config --local --name-only --get-regexp ^includeIf\.gitdir:
2026-09-11T22:22:58.9876028Z [command]/usr/bin/git submodule foreach --recursive git config --local --show-origin --name-only --get-regexp remote.origin.url
2026-09-11T22:22:59.0122156Z [command]/usr/bin/git config --file /home/runner/work/_temp/git-credentials-bb862c64-8e92-42ab-b5b4-c28d3282d1b5.config http.https://github.com/.extraheader AUTHORIZATION: basic ***
2026-09-11T22:22:59.0166833Z [command]/usr/bin/git config --local includeIf.gitdir:/home/runner/work/Silex/Silex/.git.path /home/runner/work/_temp/git-credentials-bb862c64-8e92-42ab-b5b4-c28d3282d1b5.config
2026-09-11T22:22:59.0205182Z [command]/usr/bin/git config --local includeIf.gitdir:/home/runner/work/Silex/Silex/.git/worktrees/*.path /home/runner/work/_temp/git-credentials-bb862c64-8e92-42ab-b5b4-c28d3282d1b5.config
2026-09-11T22:22:59.0245812Z [command]/usr/bin/git config --local includeIf.gitdir:/github/workspace/.git.path /github/runner_temp/git-credentials-bb862c64-8e92-42ab-b5b4-c28d3282d1b5.config
2026-09-11T22:22:59.0284272Z [command]/usr/bin/git config --local includeIf.gitdir:/github/workspace/.git/worktrees/*.path /github/runner_temp/git-credentials-bb862c64-8e92-42ab-b5b4-c28d3282d1b5.config
2026-09-11T22:22:59.0323077Z ##[endgroup]
2026-09-11T22:22:59.0324271Z ##[group]Fetching the repository
2026-09-11T22:22:59.0333153Z [command]/usr/bin/git -c protocol.version=2 fetch --no-tags --prune --no-recurse-submodules --depth=1 origin +886cc17e59203c7c6b42190ddfe28239a0ece81d:refs/remotes/origin/spec-silex-optimization-parity-completion
2026-09-11T22:23:00.1941596Z From https://github.com/Matanek/Silex
2026-09-11T22:23:00.1943790Z  * [new ref]         886cc17e59203c7c6b42190ddfe28239a0ece81d -> origin/spec-silex-optimization-parity-completion
2026-09-11T22:23:00.1952347Z [command]/usr/bin/git branch --list --remote origin/spec-silex-optimization-parity-completion
2026-09-11T22:23:00.1983110Z   origin/spec-silex-optimization-parity-completion
2026-09-11T22:23:00.1992997Z [command]/usr/bin/git rev-parse refs/remotes/origin/spec-silex-optimization-parity-completion
2026-09-11T22:23:00.2019970Z 886cc17e59203c7c6b42190ddfe28239a0ece81d
2026-09-11T22:23:00.2026660Z ##[endgroup]
2026-09-11T22:23:00.2028797Z ##[group]Determining the checkout info
2026-09-11T22:23:00.2031149Z ##[endgroup]
2026-09-11T22:23:00.2032571Z [command]/usr/bin/git sparse-checkout disable
2026-09-11T22:23:00.2084916Z [command]/usr/bin/git config --local --unset-all extensions.worktreeConfig
2026-09-11T22:23:00.2119179Z ##[group]Checking out the ref
2026-09-11T22:23:00.2123786Z [command]/usr/bin/git checkout --progress --force -B spec-silex-optimization-parity-completion refs/remotes/origin/spec-silex-optimization-parity-completion
2026-09-11T22:23:00.4176851Z Switched to a new branch 'spec-silex-optimization-parity-completion'
2026-09-11T22:23:00.4191986Z branch 'spec-silex-optimization-parity-completion' set up to track 'origin/spec-silex-optimization-parity-completion'.
2026-09-11T22:23:00.4195497Z ##[endgroup]
2026-09-11T22:23:00.4246547Z [command]/usr/bin/git log -1 --format=%H
2026-09-11T22:23:00.4276070Z 886cc17e59203c7c6b42190ddfe28239a0ece81d
2026-09-11T22:23:00.4497542Z ##[group]Run set -euo pipefail
2026-09-11T22:23:00.4497997Z [36;1mset -euo pipefail[0m
2026-09-11T22:23:00.4498346Z [36;1marchive="$RUNNER_TEMP/zig.tar.xz"[0m
2026-09-11T22:23:00.4499356Z [36;1mcurl -fL https://ziglang.org/download/0.16.0/zig-x86_64-linux-0.16.0.tar.xz -o "$archive"[0m
2026-09-11T22:23:00.4500122Z [36;1mecho "70e49664a74374b48b51e6f3fdfbf437f6395d42509050588bd49abe52ba3d00  $archive" | sha256sum -c -[0m
2026-09-11T22:23:00.4500729Z [36;1mtar -xJf "$archive" -C "$RUNNER_TEMP"[0m
2026-09-11T22:23:00.4501160Z [36;1mecho "$RUNNER_TEMP/zig-x86_64-linux-0.16.0" >> "$GITHUB_PATH"[0m
2026-09-11T22:23:00.4547102Z shell: /usr/bin/bash --noprofile --norc -e -o pipefail {0}
2026-09-11T22:23:00.4547580Z ##[endgroup]
2026-09-11T22:23:00.4711956Z   % Total    % Received % Xferd  Average Speed   Time    Time     Time  Current
2026-09-11T22:23:00.4712782Z                                  Dload  Upload   Total   Spent    Left  Speed
2026-09-11T22:23:00.4713233Z 
2026-09-11T22:23:01.2397885Z   0     0    0     0    0     0      0      0 --:--:-- --:--:-- --:--:--     0
2026-09-11T22:23:02.2720531Z   0 52.9M    0 32506    0     0  42310      0  0:21:51 --:--:--  0:21:51 42270
2026-09-11T22:23:03.2191288Z   5 52.9M    5 2815k    0     0  1563k      0  0:00:34  0:00:01  0:00:33 1563k
2026-09-11T22:23:04.2061194Z  44 52.9M   44 23.6M    0     0  8797k      0  0:00:06  0:00:02  0:00:04 8797k
2026-09-11T22:23:04.5397385Z  86 52.9M   86 45.9M    0     0  12.3M      0  0:00:04  0:00:03  0:00:01 12.3M
2026-09-11T22:23:04.5903409Z 100 52.9M  100 52.9M    0     0  13.0M      0  0:00:04  0:00:04 --:--:-- 13.0M
2026-09-11T22:23:04.5904161Z /home/runner/work/_temp/zig.tar.xz: OK
2026-09-11T22:23:08.3289555Z ##[group]Run set -euo pipefail
2026-09-11T22:23:08.3289910Z [36;1mset -euo pipefail[0m
2026-09-11T22:23:08.3290215Z [36;1mstage="$RUNNER_TEMP/windows-arm64-bootstrap"[0m
2026-09-11T22:23:08.3290554Z [36;1mmkdir -p "$stage/boundary"[0m
2026-09-11T22:23:08.3290967Z [36;1mzig build -Dtarget=aarch64-windows -Doptimize=ReleaseFast -Dcpu=baseline \[0m
2026-09-11T22:23:08.3291401Z [36;1m  --prefix "$stage/silex" \[0m
2026-09-11T22:23:08.3291719Z [36;1m  --build-file Toolchain/build.zig[0m
2026-09-11T22:23:08.3292210Z [36;1mzig build-lib Tests/Target/windows-arm64/WindowsArm64BoundaryProbe/Provider.zig \[0m
2026-09-11T22:23:08.3292699Z [36;1m  -O ReleaseSmall \[0m
2026-09-11T22:23:08.3292963Z [36;1m  -target aarch64-windows \[0m
2026-09-11T22:23:08.3293293Z [36;1m  -femit-bin="$stage/boundary/BoundaryProbe.lib"[0m
2026-09-11T22:23:08.3293722Z [36;1mtest "$(head -c 8 "$stage/boundary/BoundaryProbe.lib")" = "!<arch>"[0m
2026-09-11T22:23:08.3337564Z shell: /usr/bin/bash --noprofile --norc -e -o pipefail {0}
2026-09-11T22:23:08.3337939Z ##[endgroup]
2026-09-11T22:28:20.1681690Z Node 20 is being deprecated. This workflow is running with Node 24 by default. If you need to temporarily use Node 20, you can set the ACTIONS_ALLOW_USE_UNSECURE_NODE_VERSION=true environment variable. For more information see: https://github.blog/changelog/2025-09-19-deprecation-of-node-20-on-github-actions-runners/
2026-09-11T22:28:20.1683646Z ##[group]Run actions/upload-artifact@v4
2026-09-11T22:28:20.1683930Z with:
2026-09-11T22:28:20.1684150Z   name: windows-arm64-bootstrap
2026-09-11T22:28:20.1684471Z   path: /home/runner/work/_temp/windows-arm64-bootstrap
2026-09-11T22:28:20.1684789Z   retention-days: 1
2026-09-11T22:28:20.1685012Z   if-no-files-found: error
2026-09-11T22:28:20.1685248Z   compression-level: 6
2026-09-11T22:28:20.1685496Z   overwrite: false
2026-09-11T22:28:20.1685731Z   include-hidden-files: false
2026-09-11T22:28:20.1686006Z ##[endgroup]
2026-09-11T22:28:20.3298188Z (node:2459) [DEP0040] DeprecationWarning: The `punycode` module is deprecated. Please use a userland alternative instead.
2026-09-11T22:28:20.3299246Z (Use `node --trace-deprecation ...` to show where the warning was created)
2026-09-11T22:28:20.3377898Z With the provided path, there will be 3 files uploaded
2026-09-11T22:28:20.3383731Z Artifact name is valid!
2026-09-11T22:28:20.3385147Z Root directory input is valid!
2026-09-11T22:28:20.5621198Z Beginning upload of artifact content to blob storage
2026-09-11T22:28:21.4477485Z (node:2459) [DEP0169] DeprecationWarning: `url.parse()` behavior is not standardized and prone to errors that have security implications. Use the WHATWG URL API instead. CVEs are not issued for `url.parse()` vulnerabilities.
2026-09-11T22:28:21.6318795Z Uploaded bytes 8388608
2026-09-11T22:28:21.6590014Z Uploaded bytes 8763266
2026-09-11T22:28:21.6703608Z Finished uploading artifact content to blob storage!
2026-09-11T22:28:21.6704628Z SHA256 digest of uploaded artifact zip is 46f12435bac6b9c8922f05ecdb73e80bf25fb31d888526fc6ec2937402fe2847
2026-09-11T22:28:21.6706787Z Finalizing artifact upload
2026-09-11T22:28:21.8803348Z Artifact windows-arm64-bootstrap.zip successfully finalized. Artifact ID 10284403451
2026-09-11T22:28:21.8804292Z Artifact windows-arm64-bootstrap has been successfully uploaded! Final size is 8763266 bytes. Artifact ID is 10284403451
2026-09-11T22:28:21.8811131Z Artifact download URL: https://github.com/Matanek/Silex/actions/runs/34653738617/artifacts/10284403451
2026-09-11T22:28:21.9046800Z Post job cleanup.
2026-09-11T22:28:21.9919005Z [command]/usr/bin/git version
2026-09-11T22:28:21.9979104Z git version 2.55.0
2026-09-11T22:28:22.0001799Z Temporarily overriding HOME='/home/runner/work/_temp/2cfc6dfc-0bbf-4ae4-add9-fba797856f32' before making global git config changes
2026-09-11T22:28:22.0003188Z Adding repository directory to the temporary git global config as a safe directory
2026-09-11T22:28:22.0006964Z [command]/usr/bin/git config --global --add safe.directory /home/runner/work/Silex/Silex
2026-09-11T22:28:22.0040601Z Removing SSH command configuration
2026-09-11T22:28:22.0047535Z [command]/usr/bin/git config --local --name-only --get-regexp core\.sshCommand
2026-09-11T22:28:22.0084218Z [command]/usr/bin/git submodule foreach --recursive sh -c "git config --local --name-only --get-regexp 'core\.sshCommand' && git config --local --unset-all 'core.sshCommand' || :"
2026-09-11T22:28:22.0353732Z Removing HTTP extra header
2026-09-11T22:28:22.0360264Z [command]/usr/bin/git config --local --name-only --get-regexp http\.https\:\/\/github\.com\/\.extraheader
2026-09-11T22:28:22.0409396Z [command]/usr/bin/git submodule foreach --recursive sh -c "git config --local --name-only --get-regexp 'http\.https\:\/\/github\.com\/\.extraheader' && git config --local --unset-all 'http.https://github.com/.extraheader' || :"
2026-09-11T22:28:22.0683283Z Removing includeIf entries pointing to credentials config files
2026-09-11T22:28:22.0711303Z [command]/usr/bin/git config --local --name-only --get-regexp ^includeIf\.gitdir:
2026-09-11T22:28:22.0748672Z includeif.gitdir:/home/runner/work/Silex/Silex/.git.path
2026-09-11T22:28:22.0749590Z includeif.gitdir:/home/runner/work/Silex/Silex/.git/worktrees/*.path
2026-09-11T22:28:22.0750373Z includeif.gitdir:/github/workspace/.git.path
2026-09-11T22:28:22.0750933Z includeif.gitdir:/github/workspace/.git/worktrees/*.path
2026-09-11T22:28:22.0758311Z [command]/usr/bin/git config --local --get-all includeif.gitdir:/home/runner/work/Silex/Silex/.git.path
2026-09-11T22:28:22.0786134Z /home/runner/work/_temp/git-credentials-bb862c64-8e92-42ab-b5b4-c28d3282d1b5.config
2026-09-11T22:28:22.0797656Z [command]/usr/bin/git config --local --unset includeif.gitdir:/home/runner/work/Silex/Silex/.git.path /home/runner/work/_temp/git-credentials-bb862c64-8e92-42ab-b5b4-c28d3282d1b5.config
2026-09-11T22:28:22.0844397Z [command]/usr/bin/git config --local --get-all includeif.gitdir:/home/runner/work/Silex/Silex/.git/worktrees/*.path
2026-09-11T22:28:22.0874290Z /home/runner/work/_temp/git-credentials-bb862c64-8e92-42ab-b5b4-c28d3282d1b5.config
2026-09-11T22:28:22.0885351Z [command]/usr/bin/git config --local --unset includeif.gitdir:/home/runner/work/Silex/Silex/.git/worktrees/*.path /home/runner/work/_temp/git-credentials-bb862c64-8e92-42ab-b5b4-c28d3282d1b5.config
2026-09-11T22:28:22.0929377Z [command]/usr/bin/git config --local --get-all includeif.gitdir:/github/workspace/.git.path
2026-09-11T22:28:22.0971241Z /github/runner_temp/git-credentials-bb862c64-8e92-42ab-b5b4-c28d3282d1b5.config
2026-09-11T22:28:22.0985589Z [command]/usr/bin/git config --local --unset includeif.gitdir:/github/workspace/.git.path /github/runner_temp/git-credentials-bb862c64-8e92-42ab-b5b4-c28d3282d1b5.config
2026-09-11T22:28:22.1031357Z [command]/usr/bin/git config --local --get-all includeif.gitdir:/github/workspace/.git/worktrees/*.path
2026-09-11T22:28:22.1076968Z /github/runner_temp/git-credentials-bb862c64-8e92-42ab-b5b4-c28d3282d1b5.config
2026-09-11T22:28:22.1079319Z [command]/usr/bin/git config --local --unset includeif.gitdir:/github/workspace/.git/worktrees/*.path /github/runner_temp/git-credentials-bb862c64-8e92-42ab-b5b4-c28d3282d1b5.config
2026-09-11T22:28:22.1126356Z [command]/usr/bin/git submodule foreach --recursive git config --local --show-origin --name-only --get-regexp remote.origin.url
2026-09-11T22:28:22.1385948Z Removing credentials config '/home/runner/work/_temp/git-credentials-bb862c64-8e92-42ab-b5b4-c28d3282d1b5.config'
2026-09-11T22:28:22.1581093Z Cleaning up orphan processes
2026-09-11T22:28:22.1882527Z ##[warning]Node.js 20 is deprecated. The following actions target Node.js 20 but are being forced to run on Node.js 24: actions/upload-artifact@v4. For more information see: https://github.blog/changelog/2025-09-19-deprecation-of-node-20-on-github-actions-runners/

