{
  "after_before": {
    "median": 1.0037036281965028,
    "mad": 0.005644241688840923,
    "lower_bound": 0.99884528658714,
    "upper_bound": 1.0064925648000476,
    "confidence_ppm": 960823,
    "half_shift": 0.006082139205510151
  },
  "after_clang": {
    "median": 1.7477428736142404,
    "mad": 0.008316699908790914,
    "lower_bound": 1.7404739480453062,
    "upper_bound": 1.7551461250294895,
    "confidence_ppm": 960823,
    "half_shift": -0.006855423126508664
  },
  "before_clang": {
    "median": 1.7466249452825906,
    "mad": 0.005697650973968793,
    "lower_bound": 1.7280694232961475,
    "upper_bound": 1.7504086382133186,
    "confidence_ppm": 960823,
    "half_shift": -0.01360757414342717
  },
  "before": {
    "median_ms": 441.459,
    "mad_ms": 6.348979999999983
  },
  "after": {
    "median_ms": 443.094,
    "mad_ms": 4.724019999999996
  },
  "clang": {
    "median_ms": 253.535000142,
    "mad_ms": 1.7039999360000024
  }
}
