optimizer oracle: optimization coverage registry
  schema: 2
  LLVM executable: Apple clang version 21.0.0 (clang-2100.1.1.101)
  LLVM sources: 3623fe661ae35c6c80ac221f14d85be76aa870f1 (llvmorg-21.1.0)
  target: arm64-apple-darwin25.6.0, CPU apple-m1, -O3
  coverage: 13 families, 7 baselines, 5 hot functions, 21 workspace repositories, 15 sealed qualification projects
  interactions: 144 pairwise cases, 5 risk triplets, SHA-256 c5ca428fa03d03fd9b72f5a0f878333abd4c61be029d8aa44a85ba8dd86e9da3
  plan: .zig-cache/optimizer-oracle/coverage-plan.tsv
optimizer oracle: semantic verification
  PASS Regressions/DominatedReferenceReads.sx (140 bytes output)
  PASS Regressions/LateScalarClosure.sx (5 bytes output)
  PASS Regressions/ValueModules/Main.sx (40 bytes output)
  PASS Regressions/AggregatePreparation.sx (795 bytes output)
  PASS Regressions/ScalarExpressionReuse.sx (40 bytes output)
  PASS Regressions/KnownViewElements.sx (35 bytes output)
  PASS DampedIntegration.sx (45 bytes output)
  PASS PreparationMasses.sx (105 bytes output)
  PASS AggregateViewAliasing.sx (45 bytes output)
  PASS IntegerArithmetic.sx (7 bytes output)
  PASS BranchingLoop.sx (7 bytes output)
  PASS FloatArithmetic.sx (5 bytes output)
  PASS IntegerControlFlow.sx (6 bytes output)
  PASS IntegerWidths.sx (3 bytes output)
  PASS UnsignedBitwise.sx (11 bytes output)
  PASS AggregateScalarization.sx (6 bytes output)
  PASS ReferenceAliasing.sx (6 bytes output)
  PASS ReferenceDeadStores.sx (9 bytes output)
  PASS ReadonlyViewMemory.sx (3 bytes output)
  PASS MutableViewMemory.sx (3 bytes output)
  PASS NestedAggregateWidths.sx (15 bytes output)
  PASS OwningCollectionCopy.sx (10 bytes output)
  PASS Regressions/LoopExitFloatLaneXY.sx (20 bytes output)
  PASS Regressions/FloatLaneXYZ.sx (15 bytes output)
  PASS Regressions/LoopExitFloatLaneXYZW.sx (40 bytes output)
  PASS Regressions/PureMathReferenceInlining.sx (20 bytes output)
  PASS Regressions/HotReferenceLeafClosure.sx (50 bytes output)
verified: 27 corpus programs
optimizer oracle: cold and warm cache reproducibility
  PASS IntegerArithmetic.sx: 9abf1f5b0548ed1a9c64aa813dd04a9da151c91cf4205182e782ca58a9eb6af9
  PASS BranchingLoop.sx: 6c7067dd5dad67ec392f3471b674e5f1ef2e7cd4aabe7e4f97d5eb92abe7ea96
  PASS Regressions/AggregateFieldStores.sx: c7e57f2229713c19eb0046184d323c678c8ca671291c519e0deb61215d62ce52
  PASS Regressions/DenseScalarLoop.sx: cc0c80ad880775576cb0f47225c23607672043f277c4699619238b2e40b2a3b4
cache proof: .zig-cache/optimizer-oracle/cache-proof.tsv
optimizer oracle: metamorphic qualification
  PASS direct-or-helper: semantics and native modes agree, structure equivalent
  PASS declaration-order: semantics and native modes agree, structure equivalent
  PASS inline-or-nested-helper: semantics and native modes agree, structure equivalent
  PASS scalar-or-aggregate-branch: semantics and native modes agree, structure equivalent
  PASS while-or-for-collection: semantics and native modes agree, structure equivalent
metamorphic report: .zig-cache/optimizer-oracle/metamorphic.tsv
optimizer oracle: native optimizer regression qualification
  PASS Regressions/DominatedReferenceReads.sx
    protects: dominated borrowed fields preserve branches, mutable aliases, signed zero, NaN and mixed scalar widths
    binaries: Debug 61048 bytes, Release 32952 bytes
  PASS Regressions/LateScalarClosure.sx
    protects: helpers exposed as scalar leaves after collection cleanup preserve loop results and checked initialization
    binaries: Debug 52560 bytes, Release 32952 bytes
  PASS Regressions/ValueModules/Main.sx
    protects: module and generic boundaries preserve dominated values, partial paths, mutable aliases and strict floating observations
    binaries: Debug 59032 bytes, Release 32952 bytes
  PASS Regressions/AggregatePreparation.sx
    protects: complete preparation observes all 26 fields across dynamic/fixed bodies, warm starts and detached results
    contract: dominated aggregate field reads 820 -> 24
    counter: disabling ssa_value_simplification retains 56 field reads versus 24
    binaries: Debug 145464 bytes, Release 32952 bytes
  PASS Regressions/ScalarExpressionReuse.sx
    protects: identical scalar snapshots share calculations across stores while changed memory and floating edge values retain their observations
    contract: scalar products 4 -> 2; changed-memory path retains 2
    counter: disabling ssa_value_simplification retains 4 scalar products versus 2
    binaries: Debug 56712 bytes, Release 32952 bytes
  PASS Regressions/KnownViewElements.sx
    protects: known scalar elements propagate through clamped nested views; aliases and branches retain observations
    contract: constantViews view loads 2 -> 0, stores 0 -> 0, 2 guard(s) retained
    counter: disabling reference_memory_elision retains 4 memory operation(s) versus 0 in constantViews; guards 6/2
    binaries: Debug 76528 bytes, Release 32952 bytes
  PASS IntegerArithmetic.sx
    protects: a hot scalar loop retains target registers across a terminal output barrier
    contract: main scalar residences ARM64 13/13, X64 13/13
    binaries: Debug 51568 bytes, Release 32952 bytes
  PASS AggregateScalarization.sx
    protects: value aggregate copies, field updates and returns reduce to scalar leaves
    contract: update value-aggregate operations 14 -> 3
    binaries: Debug 54104 bytes, Release 32952 bytes
  PASS ReferenceDeadStores.sx
    protects: exact reference stores are eliminated while a possibly aliasing observation remains
    contract: overwrite reference stores 2 -> 1; observed retains 1 load(s) and 2 store(s)
    counter: disabling reference_memory_elision retains 2 memory operation(s) versus 1 in overwrite; guards 0/0
    binaries: Debug 52856 bytes, Release 32952 bytes
  PASS MutableViewMemory.sx
    protects: exact mutable-view stores and loads coalesce without removing the surviving bounds guard
    contract: rewrite view loads 5 -> 0, stores 2 -> 1, 1 guard(s) retained
    counter: disabling reference_memory_elision retains 3 memory operation(s) versus 1 in rewrite; guards 3/1
    binaries: Debug 51376 bytes, Release 32952 bytes
  PASS OwningCollectionCopy.sx
    protects: known owning-list values forward while copy-on-write mutation remains explicit
    contract: main owning loads 4 -> 0, 1 mutation(s) and 0 guard(s) retained
    counter: disabling reference_memory_elision retains 3 memory operation(s) versus 1 in main; guards 3/0
    binaries: Debug 50888 bytes, Release 32952 bytes
  PASS Regressions/AggregateFieldStores.sx
    protects: scalar field reads and writes preserve snapshots, alias mutations across calls and loops, and owning collection copies
    binaries: Debug 105592 bytes, Release 49368 bytes
  PASS Regressions/CheckedMemoryLanes.sx
    protects: checked aggregate loads, independent arithmetic lanes, branches and borrowed writes
    binaries: Debug 81680 bytes, Release 49368 bytes
  PASS Regressions/AggregateControlFlow.sx
    protects: immutable aggregate projections across branches and loops preserve snapshots and joined returns
    binaries: Debug 64712 bytes, Release 32952 bytes
  PASS Regressions/FloatSsaDiamond.sx
    protects: float32 and float64 local values preserve both incoming edges of an SSA diamond
    binaries: Debug 67984 bytes, Release 32952 bytes
  PASS Regressions/FloatSsaLoop.sx
    protects: float32 and float64 local recurrences preserve entry and back-edge values
    binaries: Debug 54240 bytes, Release 32952 bytes
  PASS Regressions/BooleanSharedChain.sx
    protects: shared boolean-chain blocks and reused branch values
    contract: hot_chain blocks 13 -> 8
    binaries: Debug 57216 bytes, Release 32952 bytes
  PASS Regressions/SsaValueFacts.sx
    protects: unanimous SSA joins propagate exact constants while divergent joins retain their control
    contract: unanimous branches 2 -> 1, arithmetic 1 -> 0
    counter: disabling ssa_value_simplification retains 2 branches and 1 arithmetic operation(s), versus 1 and 0
    binaries: Debug 56224 bytes, Release 32952 bytes
  PASS Regressions/SsaCriticalEdge.sx
    protects: float32 and float64 locals cross a critical edge without memory traffic or a synthetic block
    contract: choose64 local operations 3 -> 0, blocks 4 -> 3
    counter: disabling ssa_promotion_post retains 3 local operation(s) versus 0, with blocks 3 versus 3
    binaries: Debug 53744 bytes, Release 32952 bytes
  PASS Regressions/SsaForwardedPhiLoop.sx
    protects: a loop-carried float value crosses an inner forwarding join without falling back to local storage
    contract: accumulate local operations 9 -> 0, blocks 7 -> 6
    counter: disabling ssa_promotion_post retains 4 local operation(s) versus 0, with blocks 6 versus 6
    binaries: Debug 52968 bytes, Release 32952 bytes
  PASS Regressions/SsaDistinctPhiLoop.sx
    protects: a float recurrence keeps distinct loop and branch joins without falling back to local storage
    contract: accumulate local operations 13 -> 0, blocks 7 -> 7
    counter: disabling ssa_promotion_post retains 8 local operation(s) versus 0, with blocks 7 versus 7
    binaries: Debug 53664 bytes, Release 32952 bytes
  PASS Regressions/IntegerConversionConstants.sx
    protects: unanimous integer facts cross representable conversions and expose dependent constant arithmetic
    contract: joined conversions 5 -> 0, arithmetic 4 -> 0
    counter: disabling ssa_value_simplification retains 1 conversions and 1 arithmetic operation(s), versus 0 and 0
    binaries: Debug 52424 bytes, Release 32952 bytes
  PASS Regressions/IntegerShiftConstants.sx
    protects: unanimous integer and count facts fold valid shifts while invalid counts preserve their failure
    contract: shifted branches 2 -> 1, arithmetic 3 -> 0
    counter: disabling ssa_value_simplification retains 2 branches and 3 arithmetic operation(s), versus 1 and 0
    binaries: Debug 54296 bytes, Release 32952 bytes
  PASS Regressions/IntegerRangeChecks.sx
    protects: dominating and loop-carried bounds remove only proven overflow and conversion checks
    contract: increment, decrement, widen_unsigned, shift_bounded, accumulate proven checks 12 -> 0; 1 unproven check(s) retained
    counter: disabling value_range_analysis retains 10 proven check(s) versus 0; unproven checks remain 1/1
    binaries: Debug 58656 bytes, Release 32952 bytes
  PASS Regressions/ConstantDivision.sx
    protects: signed and unsigned constant division, including powers of two, preserves all Silex integer widths on native backends
    binaries: Debug 77056 bytes, Release 32952 bytes
  PASS Regressions/X64RegionalBarriers.sx
    protects: a hot X64 scalar loop retains volatile registers while aggregate construction and a direct call remain stack barriers
    contract: integrate X64 regional residence 13/15, 2 spilled values, 4 frame slots/32 bytes, loop stack 0 load/0 store, barriers 1 direct/0 indirect call and 2 aggregate leaf slots
    binaries: Debug 52792 bytes, Release 32952 bytes
  PASS Regressions/X64IndirectAggregate.sx
    protects: a hot X64 scalar loop retains registers before a wide aggregate and indirect call barrier
    contract: integrate X64 regional residence 14/20, 6 spilled values, 8 frame slots/64 bytes, loop stack 0 load/0 store, barriers 0 direct/1 indirect call and 4 aggregate leaf slots
    binaries: Debug 53080 bytes, Release 32952 bytes
  PASS Regressions/ArrayStorageAccess.sx
    protects: fixed, dynamic, nested, and aggregate collection storage
    binaries: Debug 69856 bytes, Release 49368 bytes
  PASS Regressions/BoundedCollectionLoop.sx
    protects: proven zero-origin collection traversal without weakening other bounds checks
    contract: sum checked collection loads 1 -> 0
    binaries: Debug 53976 bytes, Release 32952 bytes
  PASS Regressions/SequentialBoundedLoops.sx
    protects: zero-origin recovery after a sequential loop resets its reused induction variable
    contract: sum_sequential checked collection loads 2 -> 1
    binaries: Debug 54008 bytes, Release 32952 bytes
  PASS Regressions/DenseScalarLoop.sx
    protects: class count accessor inlining and redundant scalar loads inside a dense loop
    contract: integrate collection loads 4 -> 2, calls 1 -> 0
    binaries: Debug 56432 bytes, Release 32952 bytes
  PASS Regressions/LoopExitFloatLaneXY.sx
    protects: XY loop recurrences become stable vectorizable snapshots after loop exit
    contract: finish SLP width 2 (required >= 2), ARM64 pairs 15 (required=yes), X64 pairs 0 (required=no)
    binaries: Debug 53624 bytes, Release 32952 bytes
  PASS Regressions/FloatLaneXYZ.sx
    protects: portable XYZ lane grouping through loads and arithmetic
    contract: transform SLP width 3 (required >= 3), ARM64 pairs 3 (required=no), X64 pairs 0 (required=no)
    binaries: Debug 51408 bytes, Release 32952 bytes
  PASS Regressions/LoopExitFloatLaneXYZW.sx
    protects: XYZW loop recurrences become two stable vectorizable pairs after loop exit
    contract: finish SLP width 4 (required >= 4), ARM64 pairs 30 (required=yes), X64 pairs 0 (required=no)
    binaries: Debug 55496 bytes, Release 32952 bytes
  PASS Regressions/TextOutputIntegrity.sx
    protects: complete text output through branches and collection iteration
    binaries: Debug 54312 bytes, Release 32952 bytes
  PASS Regressions/BoidsKernel.sx
    protects: boids-like arrays, shared boolean chains, and native XY/Z realization
    contract: steer SLP width 3 (required >= 3), ARM64 pairs 15 (required=yes), X64 pairs 6 (required=yes)
    binaries: Debug 74560 bytes, Release 32952 bytes
  PASS Regressions/Boids2DSteering.sx
    protects: aggregate vector parameters keep pointer-terminated collection cursors disjoint from cached float literals
    binaries: Debug 60208 bytes, Release 32952 bytes
  PASS Regressions/ReversedFloatRecurrence.sx
    protects: reversed float recurrence copies preserve lane order and exact unaligned compact-field loads
    binaries: Debug 53544 bytes, Release 32952 bytes
  PASS Regressions/CollectionCursor.sx
    protects: a generic unit-stride float collection loop retains a post-indexed pointer-terminated cursor
    contract: accumulate ARM64 cursor post-indexed=yes, pointer-terminated=yes
    binaries: Debug 54992 bytes, Release 32952 bytes
  PASS Regressions/ReferenceCursorReuse.sx
    protects: ascending mutable view references preserve checked bounds and reuse stable element addresses across field writes
    binaries: Debug 55592 bytes, Release 32952 bytes
  PASS Regressions/MultipleReferenceCursors.sx
    protects: independent mutable views carry every checked ascending element address in one loop
    contract: shift ARM64 reference cursors unchecked=0, checked=2
    binaries: Debug 53400 bytes, Release 32952 bytes
  PASS Regressions/AggregateParameterResidence.sx
    protects: read-only aggregate parameters keep scalar leaves in ARM64 registers unless storage is required
    contract: evaluate ARM64 aggregate parameter residence 12/12
    binaries: Debug 51120 bytes, Release 32952 bytes
  PASS Regressions/LoopForms.sx
    protects: signed and unsigned inductions, nested control, break, continue, dynamic bounds, strided access and contiguous recurrence
    binaries: Debug 59352 bytes, Release 32952 bytes
  PASS Regressions/CallEffectsInlining.sx
    protects: small reference and checked-view callees inline into the final caller without losing their memory effects
    contract: main calls 2 -> 0, reference stores 1 -> 0 after scalar replacement
    counter: disabling value_inlining retains 2 call(s) versus 0 in main
    binaries: Debug 52568 bytes, Release 32952 bytes
  PASS Regressions/BranchingReferenceInlining.sx
    protects: branching reference callees inline at hot loop sites while preserving their writes
    contract: main calls 1 -> 0, reference stores 2 -> 2 after scalar replacement
    counter: disabling value_inlining retains 1 call(s) versus 0 in main
    binaries: Debug 53528 bytes, Release 32952 bytes
  PASS Regressions/PureMathReferenceInlining.sx
    protects: proven pure scalar-math effects remain exact while a native call barrier stays outside a branching reference caller
    contract: main calls 1 -> 1, reference stores 4 -> 4 after scalar replacement
    binaries: Debug 57368 bytes, Release 51072 bytes
  PASS Regressions/HotReferenceLeafClosure.sx
    protects: a pressure-heavy hot set of reference leaf callees stays out of line until expanded caller residences are proven profitable
    contract: integrate calls 2 -> 2, reference stores 9 -> 9 after scalar replacement
    binaries: Debug 85976 bytes, Release 67640 bytes
  PASS Regressions/DynamicFieldClearAppend.sx
    protects: a loop-local class call bound stays defined before clearing and rebuilding a dynamic field
    binaries: Debug 75752 bytes, Release 49368 bytes
qualified: 64 integer failures with ordered output in Debug/Release
qualified: 43 numeric conversions with exact values and diagnostics in Debug/Release
qualified: 48 fixed regressions and 8 generated native scenarios
optimizer oracle: deterministic numeric fuzzing
verified: 128 generated programs (seed 1..128)
optimizer oracle: LLVM differential fuzzing
verified: 32 LLVM programs (seed 1..32)
optimizer oracle: Silex Release versus LLVM -O3
artifacts: .zig-cache/optimizer-oracle
timing host: macos aarch64 on arm64, CPU Apple M3 Pro, translated=false, mode=diagnostic
  PASS Regressions/DominatedReferenceReads.sx
  IR: 184 -> 174 instructions, 22 -> 20 blocks, 166 -> 189 values
  LLVM guidance:
    [critical 92] loop induction variables and PHI nodes
      evidence: LLVM rotates the loop and retains 6 block(s) with 1 added PHI node(s); Silex retains 16 block(s).
      action: Recognize induction variables and represent them with PHI nodes to expose loop invariants.
    [high 88] alias-aware reference-memory elimination
      evidence: LLVM retains at most 3 comparable reference-memory operation(s); Silex retains 6.
      action: Remove dead reference reads and stores without forwarding values across writes that may alias.
    [high 87] proven safety-check elimination
      evidence: LLVM retains 0 safety guard(s); Silex retains 3.
      action: Use range and dominance proofs to remove only checks already implied by control flow.
    [high 81] interprocedural specialization and inlining
      evidence: LLVM retains 0 internal call(s); Silex retains 5.
      action: Specialize small calls for known arguments before inlining and dead-code elimination.
    [medium 71] redundant conversion elimination
      evidence: LLVM retains 0 conversion(s); Silex retains 3.
      action: Compose consecutive conversions and remove those whose source range already fits the target.
  size: Silex 32952 bytes, LLVM 33584 bytes
  timing: skipped correctness probe
  PASS Regressions/LateScalarClosure.sx
  IR: 35 -> 30 instructions, 6 -> 6 blocks, 31 -> 47 values
  LLVM guidance: no missing transformation identified
  size: Silex 32952 bytes, LLVM 33544 bytes
  timing: skipped correctness probe
  PASS Regressions/ValueModules/Main.sx
  IR: 113 -> 105 instructions, 21 -> 19 blocks, 109 -> 145 values
  LLVM guidance:
    [high 80] interprocedural specialization and inlining
      evidence: LLVM retains 0 internal call(s); Silex retains 4.
      action: Specialize small calls for known arguments before inlining and dead-code elimination.
    [low 69] redundant conversion elimination
      evidence: LLVM retains 0 conversion(s); Silex retains 1.
      action: Compose consecutive conversions and remove those whose source range already fits the target.
  size: Silex 32952 bytes, LLVM 33624 bytes
  timing: skipped correctness probe
  PASS Regressions/AggregatePreparation.sx
  IR: 1839 -> 649 instructions, 27 -> 20 blocks, 1744 -> 2941 values
  LLVM guidance:
    [critical 100] loop and lane vectorization
      evidence: LLVM introduces 35 vector operation(s) absent from the initial IR.
      action: Extend SLP and dependence analysis to loops where LLVM materializes vector operations.
    [high 84] control-flow graph simplification
      evidence: LLVM retains 3 block(s); Silex retains 20.
      action: Merge equivalent blocks and branches after propagation while preserving reused values.
    [high 82] interprocedural specialization and inlining
      evidence: LLVM retains 6 internal call(s); Silex retains 12.
      action: Specialize small calls for known arguments before inlining and dead-code elimination.
  size: Silex 32952 bytes, LLVM 33544 bytes
  timing: skipped correctness probe
  PASS Regressions/ScalarExpressionReuse.sx
  IR: 125 -> 96 instructions, 14 -> 14 blocks, 123 -> 171 values
  LLVM guidance:
    [high 89] scalar replacement of value aggregates
      evidence: LLVM retains 0 value-aggregate operation(s); Silex retains 5.
      action: Decompose non-escaping value aggregates into scalar leaves while preserving snapshots and observable copies.
    [low 69] redundant conversion elimination
      evidence: LLVM retains 0 conversion(s); Silex retains 1.
      action: Compose consecutive conversions and remove those whose source range already fits the target.
  size: Silex 32952 bytes, LLVM 33704 bytes
  timing: skipped correctness probe
  PASS Regressions/KnownViewElements.sx
  IR: 167 -> 88 instructions, 12 -> 11 blocks, 155 -> 192 values
  LLVM guidance:
    [medium 79] interprocedural specialization and inlining
      evidence: LLVM retains 0 internal call(s); Silex retains 3.
      action: Specialize small calls for known arguments before inlining and dead-code elimination.
  size: Silex 32952 bytes, LLVM 33720 bytes
  timing: skipped correctness probe
  PASS DampedIntegration.sx
  IR: 386 -> 436 instructions, 55 -> 46 blocks, 351 -> 554 values
  LLVM guidance:
    [critical 100] loop and lane vectorization
      evidence: LLVM introduces 87 vector operation(s) absent from the initial IR.
      action: Extend SLP and dependence analysis to loops where LLVM materializes vector operations.
    [critical 97] proven safety-check elimination
      evidence: LLVM retains 1 safety guard(s); Silex retains 24.
      action: Use range and dominance proofs to remove only checks already implied by control flow.
    [critical 94] loop induction variables and PHI nodes
      evidence: LLVM rotates the loop and retains 16 block(s) with 4 added PHI node(s); Silex retains 42 block(s).
      action: Recognize induction variables and represent them with PHI nodes to expose loop invariants.
    [medium 78] interprocedural specialization and inlining
      evidence: LLVM retains 0 internal call(s); Silex retains 2.
      action: Specialize small calls for known arguments before inlining and dead-code elimination.
  size: Silex 49368 bytes, LLVM 33576 bytes
  timing: skipped correctness probe
  PASS PreparationMasses.sx
  IR: 1034 -> 879 instructions, 156 -> 107 blocks, 938 -> 1329 values
  LLVM guidance:
    [critical 100] loop and lane vectorization
      evidence: LLVM introduces 95 vector operation(s) absent from the initial IR.
      action: Extend SLP and dependence analysis to loops where LLVM materializes vector operations.
    [critical 98] proven safety-check elimination
      evidence: LLVM retains 1 safety guard(s); Silex retains 65.
      action: Use range and dominance proofs to remove only checks already implied by control flow.
    [critical 94] loop induction variables and PHI nodes
      evidence: LLVM rotates the loop and retains 53 block(s) with 22 added PHI node(s); Silex retains 107 block(s).
      action: Recognize induction variables and represent them with PHI nodes to expose loop invariants.
    [medium 77] interprocedural specialization and inlining
      evidence: LLVM retains 2 internal call(s); Silex retains 3.
      action: Specialize small calls for known arguments before inlining and dead-code elimination.
  size: Silex 65784 bytes, LLVM 33640 bytes
  timing: skipped correctness probe
  PASS AggregateViewAliasing.sx
  IR: 304 -> 410 instructions, 46 -> 32 blocks, 264 -> 457 values
  LLVM guidance:
    [critical 98] proven safety-check elimination
      evidence: LLVM retains 6 safety guard(s); Silex retains 50.
      action: Use range and dominance proofs to remove only checks already implied by control flow.
    [critical 95] alias-aware reference-memory elimination
      evidence: LLVM retains at most 24 comparable reference-memory operation(s); Silex retains 34.
      action: Remove dead reference reads and stores without forwarding values across writes that may alias.
    [high 84] control-flow graph simplification
      evidence: LLVM retains 18 block(s); Silex retains 30.
      action: Merge equivalent blocks and branches after propagation while preserving reused values.
    [medium 77] interprocedural specialization and inlining
      evidence: LLVM retains 0 internal call(s); Silex retains 1.
      action: Specialize small calls for known arguments before inlining and dead-code elimination.
    [medium 70] redundant conversion elimination
      evidence: LLVM retains 1 conversion(s); Silex retains 3.
      action: Compose consecutive conversions and remove those whose source range already fits the target.
  size: Silex 65784 bytes, LLVM 33608 bytes
  timing: skipped correctness probe
  PASS IntegerArithmetic.sx
  IR: 22 -> 29 instructions, 5 -> 8 blocks, 19 -> 37 values
  LLVM guidance: no missing transformation identified
  size: Silex 32952 bytes, LLVM 33512 bytes
  Silex Release: median 16099904 ns, MAD 20650 ppm, p10..p90 15767434..16528756 ns
  LLVM -O3: median 18673166 ns, MAD 1345 ppm, p10..p90 18648035..19139845 ns
  relative median: Silex 86% of LLVM time
  paired median interval: 831163..884440 ppm at 968750 ppm one-sided confidence (1000000 = parity)
  half-window shifts: Silex 2163 ppm, LLVM 25228 ppm, ratio 23587 ppm (qualified maximum 100000 ppm)
  PASS BranchingLoop.sx
  IR: 35 -> 48 instructions, 8 -> 14 blocks, 29 -> 61 values
  LLVM guidance:
    [medium 70] range and signedness analysis
      evidence: LLVM retains 2 signed and 6 unsigned remainder operation(s); Silex retains 4 signed and 0 unsigned.
      action: Propagate ranges, signedness, and non-negativity to select simpler operations and prove checks.
  size: Silex 32952 bytes, LLVM 33504 bytes
  Silex Release: median 16559297 ns, MAD 4831 ppm, p10..p90 16479291..16726113 ns
  LLVM -O3: median 18301916 ns, MAD 7852 ppm, p10..p90 18122809..18492755 ns
  relative median: Silex 90% of LLVM time
  paired median interval: 891121..922131 ppm at 968750 ppm one-sided confidence (1000000 = parity)
  half-window shifts: Silex 867 ppm, LLVM 3297 ppm, ratio 1083 ppm (qualified maximum 100000 ppm)
  PASS FloatArithmetic.sx
  IR: 22 -> 34 instructions, 5 -> 8 blocks, 19 -> 35 values
  LLVM guidance: no missing transformation identified
  size: Silex 32952 bytes, LLVM 33512 bytes
  Silex Release: median 10908054 ns, MAD 3626 ppm, p10..p90 10760912..11112333 ns
  LLVM -O3: median 10912637 ns, MAD 7685 ppm, p10..p90 10685325..10996508 ns
  relative median: Silex 99% of LLVM time
  paired median interval: 985763..1029684 ppm at 968750 ppm one-sided confidence (1000000 = parity)
  half-window shifts: Silex 18260 ppm, LLVM 18951 ppm, ratio 36519 ppm (qualified maximum 100000 ppm)
  PASS IntegerControlFlow.sx
  IR: 20 -> 12 instructions, 5 -> 5 blocks, 17 -> 38 values
  LLVM guidance: no missing transformation identified
  size: Silex 32952 bytes, LLVM 33512 bytes
  timing: skipped correctness probe
  PASS IntegerWidths.sx
  IR: 9 -> 7 instructions, 2 -> 2 blocks, 10 -> 15 values
  LLVM guidance: no missing transformation identified
  size: Silex 32952 bytes, LLVM 33504 bytes
  timing: skipped correctness probe
  PASS UnsignedBitwise.sx
  IR: 10 -> 9 instructions, 2 -> 2 blocks, 10 -> 17 values
  LLVM guidance: no missing transformation identified
  size: Silex 32952 bytes, LLVM 33512 bytes
  timing: skipped correctness probe
  PASS AggregateScalarization.sx
  IR: 72 -> 24 instructions, 6 -> 9 blocks, 67 -> 262 values
  LLVM guidance: no missing transformation identified
  size: Silex 32952 bytes, LLVM 33544 bytes
  timing: skipped correctness probe
  PASS ReferenceAliasing.sx
  IR: 58 -> 29 instructions, 4 -> 4 blocks, 57 -> 159 values
  LLVM guidance: no missing transformation identified
  size: Silex 32952 bytes, LLVM 33576 bytes
  timing: skipped correctness probe
  PASS ReferenceDeadStores.sx
  IR: 63 -> 15 instructions, 3 -> 3 blocks, 60 -> 93 values
  LLVM guidance: no missing transformation identified
  size: Silex 32952 bytes, LLVM 33544 bytes
  timing: skipped correctness probe
  PASS ReadonlyViewMemory.sx
  IR: 16 -> 8 instructions, 2 -> 2 blocks, 16 -> 25 values
  LLVM guidance: no missing transformation identified
  size: Silex 32952 bytes, LLVM 33512 bytes
  timing: skipped correctness probe
  PASS MutableViewMemory.sx
  IR: 34 -> 15 instructions, 2 -> 2 blocks, 32 -> 35 values
  LLVM guidance: no missing transformation identified
  size: Silex 32952 bytes, LLVM 33512 bytes
  timing: skipped correctness probe
  PASS NestedAggregateWidths.sx
  IR: 72 -> 17 instructions, 2 -> 2 blocks, 67 -> 81 values
  LLVM guidance: no missing transformation identified
  size: Silex 32952 bytes, LLVM 33512 bytes
  timing: skipped correctness probe
  PASS OwningCollectionCopy.sx
  IR: 28 -> 14 instructions, 1 -> 1 blocks, 21 -> 21 values
  LLVM guidance: no missing transformation identified
  size: Silex 32952 bytes, LLVM 33480 bytes
  timing: skipped correctness probe
  PASS Regressions/LoopExitFloatLaneXY.sx
  LLVM oracle: float vector width 2 (required >= 2)
  Silex ARM64: finish has 15 native XY pair(s)
  IR: 67 -> 90 instructions, 5 -> 8 blocks, 58 -> 122 values
  LLVM guidance: no missing transformation identified
  size: Silex 32952 bytes, LLVM 33512 bytes
  timing: skipped correctness probe
  PASS Regressions/FloatLaneXYZ.sx
  IR: 35 -> 19 instructions, 2 -> 2 blocks, 33 -> 52 values
  LLVM guidance: no missing transformation identified
  size: Silex 32952 bytes, LLVM 33504 bytes
  timing: skipped correctness probe
  PASS Regressions/LoopExitFloatLaneXYZW.sx
  LLVM oracle: float vector width 4 (required >= 4)
  Silex ARM64: finish has 30 native XY pair(s)
  IR: 118 -> 160 instructions, 5 -> 8 blocks, 101 -> 249 values
  LLVM guidance: no missing transformation identified
  size: Silex 32952 bytes, LLVM 33512 bytes
  timing: skipped correctness probe
  PASS Regressions/PureMathReferenceInlining.sx
  IR: 4445 -> 7388 instructions, 939 -> 1614 blocks, 4753 -> 12141 values
  LLVM guidance:
    [critical 100] loop and lane vectorization
      evidence: LLVM introduces 21 vector operation(s) absent from the initial IR.
      action: Extend SLP and dependence analysis to loops where LLVM materializes vector operations.
    [critical 94] loop induction variables and PHI nodes
      evidence: LLVM rotates the loop and retains 6 block(s) with 5 added PHI node(s); Silex retains 19 block(s).
      action: Recognize induction variables and represent them with PHI nodes to expose loop invariants.
    [critical 93] alias-aware reference-memory elimination
      evidence: LLVM retains at most 5 comparable reference-memory operation(s); Silex retains 13.
      action: Remove dead reference reads and stores without forwarding values across writes that may alias.
    [medium 77] interprocedural specialization and inlining
      evidence: LLVM retains 0 internal call(s); Silex retains 1.
      action: Specialize small calls for known arguments before inlining and dead-code elimination.
  size: Silex 51056 bytes, LLVM 33616 bytes
  timing: skipped correctness probe
  PASS Regressions/HotReferenceLeafClosure.sx
  IR: 4796 -> 7693 instructions, 953 -> 1623 blocks, 5078 -> 12555 values
  LLVM guidance:
    [critical 100] loop and lane vectorization
      evidence: LLVM introduces 101 vector operation(s) absent from the initial IR.
      action: Extend SLP and dependence analysis to loops where LLVM materializes vector operations.
    [critical 94] proven safety-check elimination
      evidence: LLVM retains 1 safety guard(s); Silex retains 17.
      action: Use range and dominance proofs to remove only checks already implied by control flow.
    [critical 90] alias-aware reference-memory elimination
      evidence: LLVM retains at most 43 comparable reference-memory operation(s); Silex retains 48.
      action: Remove dead reference reads and stores without forwarding values across writes that may alias.
    [high 86] loop induction variables and PHI nodes
      evidence: LLVM rotates the loop and retains 24 block(s) with 6 added PHI node(s); Silex retains 28 block(s).
      action: Recognize induction variables and represent them with PHI nodes to expose loop invariants.
    [medium 78] interprocedural specialization and inlining
      evidence: LLVM retains 1 internal call(s); Silex retains 3.
      action: Specialize small calls for known arguments before inlining and dead-code elimination.
  size: Silex 67632 bytes, LLVM 33792 bytes
  timing: skipped correctness probe
machine report: .zig-cache/optimizer-oracle/report.tsv
parity report: .zig-cache/optimizer-oracle/parity.tsv
ordered timing observations: .zig-cache/optimizer-oracle/timing-observations.tsv
timing profile: .zig-cache/optimizer-oracle/timing-profile.tsv
optimizer oracle: ranked Silex optimization priorities
  1. interprocedural specialization and inlining (9 workloads, score 709)
  2. loop and lane vectorization (5 workloads, score 500)
  3. proven safety-check elimination (5 workloads, score 474)
  4. loop induction variables and PHI nodes (5 workloads, score 460)
  5. alias-aware reference-memory elimination (4 workloads, score 366)
  6. redundant conversion elimination (4 workloads, score 279)
  7. control-flow graph simplification (2 workloads, score 168)
  8. scalar replacement of value aggregates (1 workloads, score 89)
  9. range and signedness analysis (1 workloads, score 70)
optimization guidance: .zig-cache/optimizer-oracle/opportunities.tsv
optimizer oracle: optimizer qualification gate passed
optimizer-gate
+- run test w
parity registry: coverage gap 'known-gap' owned by silex-llvm-opt-02
parity registry: required LLVM family missing: instcombine-and-simplifycfg
failed command: ./.zig-cache/o/59f5230f13384452cad3fe1831a6c15e/test --cache-dir=./.zig-cache --seed=0xb0cb631d --listen=-

Build Summary: 31/31 steps succeeded; 74/74 tests passed
optimizer-gate success
+- run exe silex-optimizer-oracle success 2m
|  +- compile exe silex-optimizer-oracle ReleaseFast native cached 119ms MaxRSS:35M
|  |  +- options cached
|  +- compile exe silex ReleaseFast native cached 57ms MaxRSS:35M
|     +- options (reused)
|     +- WriteFile silex-float-runtime.macho cached
|     |  +- compile exe silex-float-runtime ReleaseSmall aarch64-macos cached 43ms MaxRSS:35M
|     +- WriteFile silex-float-runtime-linux-arm64.elf cached
|     |  +- compile exe silex-float-runtime-linux-arm64 ReleaseSmall aarch64-linux cached 92ms MaxRSS:35M
|     +- WriteFile silex-float-runtime-x64.elf cached
|     |  +- compile exe silex-float-runtime-x64 ReleaseSmall x86_64-linux cached 105ms MaxRSS:35M
|     +- WriteFile silex-float-runtime-macos-x64.macho cached
|     |  +- compile exe silex-float-runtime-macos-x64 ReleaseSmall x86_64-macos cached 66ms MaxRSS:35M
|     +- WriteFile silex-deep-copy-runtime.macho cached
|     |  +- compile exe silex-deep-copy-runtime ReleaseSmall aarch64-macos cached 106ms MaxRSS:35M
|     +- WriteFile silex-deep-copy-runtime-linux-arm64.elf cached
|     |  +- compile exe silex-deep-copy-runtime-linux-arm64 ReleaseSmall aarch64-linux cached 100ms MaxRSS:35M
|     +- WriteFile silex-deep-copy-runtime-x64.elf cached
|     |  +- compile exe silex-deep-copy-runtime-x64 ReleaseSmall x86_64-linux cached 95ms MaxRSS:35M
|     +- WriteFile silex-deep-copy-runtime-macos-x64.macho cached
|     |  +- compile exe silex-deep-copy-runtime-macos-x64 ReleaseSmall x86_64-macos cached 98ms MaxRSS:35M
|     +- WriteFile silex-cycle-runtime.macho cached
|     |  +- compile exe silex-cycle-runtime ReleaseSmall aarch64-macos cached 96ms MaxRSS:35M
|     +- WriteFile silex-cycle-runtime-linux-arm64.elf cached
|     |  +- compile exe silex-cycle-runtime-linux-arm64 ReleaseSmall aarch64-linux cached 104ms MaxRSS:35M
|     +- WriteFile silex-cycle-runtime-x64.elf cached
|     |  +- compile exe silex-cycle-runtime-x64 ReleaseSmall x86_64-linux cached 101ms MaxRSS:35M
|     +- WriteFile silex-cycle-runtime-macos-x64.macho cached
|        +- compile exe silex-cycle-runtime-macos-x64 ReleaseSmall x86_64-macos cached 42ms MaxRSS:35M
+- run test 74 pass (74 total) 302ms MaxRSS:46M
   +- compile test ReleaseFast native cached 120ms MaxRSS:35M
      +- options (reused)

