Silex native benchmark
host: Darwin-x86_64
clang: Apple clang version 17.0.0 (clang-1700.0.13.5)
references: clang=-O2/native-layout; clang-o3-slot8=-O3/8-byte-fields
workload: Arithmetic
result: 143997165
sizes:
   16631 .zig-cache/benchmark-native/arithmetic-debug
   12440 .zig-cache/benchmark-native/arithmetic-release
    8496 .zig-cache/benchmark-native/arithmetic-clang
    8496 .zig-cache/benchmark-native/arithmetic-clang-o3-slot8
   46063 total
compile times:
  debug real 0.19
  debug user 0.08
  debug sys 0.08
  release real 0.02
  release user 0.01
  release sys 0.01
  clang real 1.64
  clang user 0.12
  clang sys 1.14
  clang-o3-slot8 real 0.12
  clang-o3-slot8 user 0.10
  clang-o3-slot8 sys 0.05
run times:
  debug real 0.01
  debug user 0.00
  debug sys 0.00
  release real 0.00
  release user 0.00
  release sys 0.00
  clang real 0.00
  clang user 0.00
  clang sys 0.00
  clang-o3-slot8 real 0.00
  clang-o3-slot8 user 0.00
  clang-o3-slot8 sys 0.00
references: clang=-O2/native-layout; clang-o3-slot8=-O3/8-byte-fields
workload: Objects
result: 6000000
sizes:
   33023 .zig-cache/benchmark-native/objects-debug
   28856 .zig-cache/benchmark-native/objects-release
    8584 .zig-cache/benchmark-native/objects-clang
    8584 .zig-cache/benchmark-native/objects-clang-o3-slot8
   79047 total
compile times:
  debug real 0.14
  debug user 0.08
  debug sys 0.05
  release real 0.02
  release user 0.01
  release sys 0.01
  clang real 1.57
  clang user 0.79
  clang sys 0.39
  clang-o3-slot8 real 0.82
  clang-o3-slot8 user 0.74
  clang-o3-slot8 sys 0.10
run times:
  debug real 0.03
  debug user 0.03
  debug sys 0.00
  release real 0.02
  release user 0.02
  release sys 0.00
  clang real 0.00
  clang user 0.00
  clang sys 0.00
  clang-o3-slot8 real 0.00
  clang-o3-slot8 user 0.00
  clang-o3-slot8 sys 0.00
references: clang=-O2/native-layout; clang-o3-slot8=-O3/8-byte-fields
workload: Flocking
result: true
sizes:
   28927 .zig-cache/benchmark-native/flocking-debug
   20664 .zig-cache/benchmark-native/flocking-release
    9904 .zig-cache/benchmark-native/flocking-clang
   14000 .zig-cache/benchmark-native/flocking-clang-o3-slot8
   73495 total
compile times:
  debug real 0.13
  debug user 0.08
  debug sys 0.05
  release real 0.05
  release user 0.04
  release sys 0.01
  clang real 0.86
  clang user 0.75
  clang sys 0.12
  clang-o3-slot8 real 0.84
  clang-o3-slot8 user 0.76
  clang-o3-slot8 sys 0.10
run times:
  debug real 4.36
  debug user 4.34
  debug sys 0.02
  release real 2.13
  release user 2.12
  release sys 0.01
  clang real 0.37
  clang user 0.36
  clang sys 0.00
  clang-o3-slot8 real 0.58
  clang-o3-slot8 user 0.57
  clang-o3-slot8 sys 0.00
