2026-09-11T22:06:50.0331177Z Current runner version: '2.337.0'
2026-09-11T22:06:50.0408062Z ##[group]Runner Image Provisioner
2026-09-11T22:06:50.0409349Z Hosted Compute Agent
2026-09-11T22:06:50.0410326Z Version: 20260828.587
2026-09-11T22:06:50.0411346Z Commit: abac92662cab4cc7352de4f9f9d2e2419aad9c29
2026-09-11T22:06:50.0412510Z Build Date: 2026-08-28T16:44:25Z
2026-09-11T22:06:50.0413671Z Worker ID: {9eef32df-7098-4567-b8bb-3a77c210c675}
2026-09-11T22:06:50.0414916Z Azure Region: northcentralus
2026-09-11T22:06:50.0415919Z ##[endgroup]
2026-09-11T22:06:50.0418012Z ##[group]Operating System
2026-09-11T22:06:50.0419061Z Microsoft Windows Server 2025
2026-09-11T22:06:50.0420169Z 10.0.26100
2026-09-11T22:06:50.0421049Z Datacenter
2026-09-11T22:06:50.0421919Z ##[endgroup]
2026-09-11T22:06:50.0422829Z ##[group]Runner Image
2026-09-11T22:06:50.0423834Z Image: windows-2025-vs2026
2026-09-11T22:06:50.0424947Z Version: 20260907.229.1
2026-09-11T22:06:50.0427738Z Included Software: https://github.com/actions/runner-images/blob/win25-vs2026/20260907.229/images/windows/Windows2025-VS2026-Readme.md
2026-09-11T22:06:50.0430814Z Image Release: https://github.com/actions/runner-images/releases/tag/win25-vs2026%2F20260907.229
2026-09-11T22:06:50.0432519Z ##[endgroup]
2026-09-11T22:06:50.0434283Z ##[group]GITHUB_TOKEN Permissions
2026-09-11T22:06:50.0436725Z Contents: read
2026-09-11T22:06:50.0437684Z Metadata: read
2026-09-11T22:06:50.0438514Z ##[endgroup]
2026-09-11T22:06:50.0441377Z Secret source: Actions
2026-09-11T22:06:50.0442763Z Cache mode: write
2026-09-11T22:06:50.0443884Z Prepare workflow directory
2026-09-11T22:06:50.0920472Z Prepare all required actions
2026-09-11T22:06:50.0992629Z Getting action download info
2026-09-11T22:06:50.2905587Z Download action repository 'actions/checkout@v6' (SHA:d23441a48e516b6c34aea4fa41551a30e30af803)
2026-09-11T22:06:50.6084528Z Complete job name: windows-x64
2026-09-11T22:06:50.7494058Z ##[group]Run actions/checkout@v6
2026-09-11T22:06:50.7495064Z with:
2026-09-11T22:06:50.7495507Z   repository: Matanek/Silex
2026-09-11T22:06:50.7499212Z   token: ***
2026-09-11T22:06:50.7499613Z   ssh-strict: true
2026-09-11T22:06:50.7500013Z   ssh-user: git
2026-09-11T22:06:50.7500425Z   persist-credentials: true
2026-09-11T22:06:50.7500886Z   clean: true
2026-09-11T22:06:50.7501295Z   sparse-checkout-cone-mode: true
2026-09-11T22:06:50.7501784Z   fetch-depth: 1
2026-09-11T22:06:50.7502172Z   fetch-tags: false
2026-09-11T22:06:50.7502577Z   show-progress: true
2026-09-11T22:06:50.7502984Z   lfs: false
2026-09-11T22:06:50.7503355Z   submodules: false
2026-09-11T22:06:50.7503765Z   set-safe-directory: true
2026-09-11T22:06:50.7504231Z   allow-unsafe-pr-checkout: false
2026-09-11T22:06:50.7504912Z ##[endgroup]
2026-09-11T22:06:50.9082297Z Syncing repository: Matanek/Silex
2026-09-11T22:06:50.9085775Z ##[group]Getting Git version info
2026-09-11T22:06:50.9087109Z Working directory is 'D:\a\Silex\Silex'
2026-09-11T22:06:51.0033058Z [command]"C:\Program Files\Git\bin\git.exe" version
2026-09-11T22:06:51.2006281Z git version 2.55.0.windows.5
2026-09-11T22:06:51.2059806Z ##[endgroup]
2026-09-11T22:06:51.2080392Z Temporarily overriding HOME='D:\a\_temp\75588465-cf4c-40c6-bced-7c58a1bd871e' before making global git config changes
2026-09-11T22:06:51.2081861Z Adding repository directory to the temporary git global config as a safe directory
2026-09-11T22:06:51.2093823Z [command]"C:\Program Files\Git\bin\git.exe" config --global --add safe.directory D:\a\Silex\Silex
2026-09-11T22:06:51.2432005Z Deleting the contents of 'D:\a\Silex\Silex'
2026-09-11T22:06:51.2438512Z ##[group]Determining repository object format
2026-09-11T22:06:51.2443211Z ##[endgroup]
2026-09-11T22:06:51.2444785Z ##[group]Initializing the repository
2026-09-11T22:06:51.2454208Z [command]"C:\Program Files\Git\bin\git.exe" init D:\a\Silex\Silex
2026-09-11T22:06:51.2980150Z Initialized empty Git repository in D:/a/Silex/Silex/.git/
2026-09-11T22:06:51.3035304Z [command]"C:\Program Files\Git\bin\git.exe" remote add origin https://github.com/Matanek/Silex
2026-09-11T22:06:51.3525129Z ##[endgroup]
2026-09-11T22:06:51.3526826Z ##[group]Disabling automatic garbage collection
2026-09-11T22:06:51.3537318Z [command]"C:\Program Files\Git\bin\git.exe" config --local gc.auto 0
2026-09-11T22:06:51.3954542Z ##[endgroup]
2026-09-11T22:06:51.3957259Z ##[group]Setting up auth
2026-09-11T22:06:51.3958906Z Removing SSH command configuration
2026-09-11T22:06:51.3970240Z [command]"C:\Program Files\Git\bin\git.exe" config --local --name-only --get-regexp core\.sshCommand
2026-09-11T22:06:51.4293773Z [command]"C:\Program Files\Git\bin\git.exe" submodule foreach --recursive "sh -c \"git config --local --name-only --get-regexp 'core\.sshCommand' && git config --local --unset-all 'core.sshCommand' || :\""
2026-09-11T22:06:53.0419307Z Removing HTTP extra header
2026-09-11T22:06:53.0428668Z [command]"C:\Program Files\Git\bin\git.exe" config --local --name-only --get-regexp http\.https\:\/\/github\.com\/\.extraheader
2026-09-11T22:06:53.0718812Z [command]"C:\Program Files\Git\bin\git.exe" submodule foreach --recursive "sh -c \"git config --local --name-only --get-regexp 'http\.https\:\/\/github\.com\/\.extraheader' && git config --local --unset-all 'http.https://github.com/.extraheader' || :\""
2026-09-11T22:06:53.6147007Z Removing includeIf entries pointing to credentials config files
2026-09-11T22:06:53.6157388Z [command]"C:\Program Files\Git\bin\git.exe" config --local --name-only --get-regexp ^includeIf\.gitdir:
2026-09-11T22:06:53.6478053Z [command]"C:\Program Files\Git\bin\git.exe" submodule foreach --recursive "git config --local --show-origin --name-only --get-regexp remote.origin.url"
2026-09-11T22:06:54.3249654Z [command]"C:\Program Files\Git\bin\git.exe" config --file D:\a\_temp\git-credentials-134dd9a9-5efc-40e1-aa46-f3368fcf7b72.config http.https://github.com/.extraheader "AUTHORIZATION: basic ***"
2026-09-11T22:06:54.3612478Z [command]"C:\Program Files\Git\bin\git.exe" config --local includeIf.gitdir:D:/a/Silex/Silex/.git.path D:\a\_temp\git-credentials-134dd9a9-5efc-40e1-aa46-f3368fcf7b72.config
2026-09-11T22:06:54.3907728Z [command]"C:\Program Files\Git\bin\git.exe" config --local includeIf.gitdir:D:/a/Silex/Silex/.git/worktrees/*.path D:\a\_temp\git-credentials-134dd9a9-5efc-40e1-aa46-f3368fcf7b72.config
2026-09-11T22:06:54.4778421Z [command]"C:\Program Files\Git\bin\git.exe" config --local includeIf.gitdir:/github/workspace/.git.path /github/runner_temp/git-credentials-134dd9a9-5efc-40e1-aa46-f3368fcf7b72.config
2026-09-11T22:06:54.5082888Z [command]"C:\Program Files\Git\bin\git.exe" config --local includeIf.gitdir:/github/workspace/.git/worktrees/*.path /github/runner_temp/git-credentials-134dd9a9-5efc-40e1-aa46-f3368fcf7b72.config
2026-09-11T22:06:54.5378212Z ##[endgroup]
2026-09-11T22:06:54.5378620Z ##[group]Fetching the repository
2026-09-11T22:06:54.5398584Z [command]"C:\Program Files\Git\bin\git.exe" -c protocol.version=2 fetch --no-tags --prune --no-recurse-submodules --depth=1 origin +7bd153ce94975ccc2143679a85ef99fd1fa0db4f:refs/remotes/origin/spec-silex-optimization-parity-completion
2026-09-11T22:06:58.1504115Z From https://github.com/Matanek/Silex
2026-09-11T22:06:58.1505473Z  * [new ref]         7bd153ce94975ccc2143679a85ef99fd1fa0db4f -> origin/spec-silex-optimization-parity-completion
2026-09-11T22:06:58.1569086Z [command]"C:\Program Files\Git\bin\git.exe" branch --list --remote origin/spec-silex-optimization-parity-completion
2026-09-11T22:06:58.1869350Z   origin/spec-silex-optimization-parity-completion
2026-09-11T22:06:58.1907905Z [command]"C:\Program Files\Git\bin\git.exe" rev-parse refs/remotes/origin/spec-silex-optimization-parity-completion
2026-09-11T22:06:58.2164555Z 7bd153ce94975ccc2143679a85ef99fd1fa0db4f
2026-09-11T22:06:58.2192024Z ##[endgroup]
2026-09-11T22:06:58.2192996Z ##[group]Determining the checkout info
2026-09-11T22:06:58.2193507Z ##[endgroup]
2026-09-11T22:06:58.2201868Z [command]"C:\Program Files\Git\bin\git.exe" sparse-checkout disable
2026-09-11T22:06:58.2539420Z [command]"C:\Program Files\Git\bin\git.exe" config --local --unset-all extensions.worktreeConfig
2026-09-11T22:06:58.2831334Z ##[group]Checking out the ref
2026-09-11T22:06:58.2832226Z [command]"C:\Program Files\Git\bin\git.exe" checkout --progress --force -B spec-silex-optimization-parity-completion refs/remotes/origin/spec-silex-optimization-parity-completion
2026-09-11T22:06:58.9575292Z Switched to a new branch 'spec-silex-optimization-parity-completion'
2026-09-11T22:06:58.9599009Z branch 'spec-silex-optimization-parity-completion' set up to track 'origin/spec-silex-optimization-parity-completion'.
2026-09-11T22:06:58.9658950Z ##[endgroup]
2026-09-11T22:06:59.0044717Z [command]"C:\Program Files\Git\bin\git.exe" log -1 --format=%H
2026-09-11T22:06:59.0317905Z 7bd153ce94975ccc2143679a85ef99fd1fa0db4f
2026-09-11T22:06:59.0834727Z ##[group]Run actions/checkout@v6
2026-09-11T22:06:59.0835049Z with:
2026-09-11T22:06:59.0835267Z   repository: Matanek/Silex-Lib-STD
2026-09-11T22:06:59.0835566Z   ref: 5a018305fb470dfe00e94466150b3c04f207e252
2026-09-11T22:06:59.0835910Z   path: Dependencies/STD
2026-09-11T22:06:59.0838473Z   token: ***
2026-09-11T22:06:59.0838654Z   ssh-strict: true
2026-09-11T22:06:59.0838841Z   ssh-user: git
2026-09-11T22:06:59.0839028Z   persist-credentials: true
2026-09-11T22:06:59.0839237Z   clean: true
2026-09-11T22:06:59.0839433Z   sparse-checkout-cone-mode: true
2026-09-11T22:06:59.0839662Z   fetch-depth: 1
2026-09-11T22:06:59.0839835Z   fetch-tags: false
2026-09-11T22:06:59.0840018Z   show-progress: true
2026-09-11T22:06:59.0840202Z   lfs: false
2026-09-11T22:06:59.0840366Z   submodules: false
2026-09-11T22:06:59.0840554Z   set-safe-directory: true
2026-09-11T22:06:59.0840778Z   allow-unsafe-pr-checkout: false
2026-09-11T22:06:59.0841011Z ##[endgroup]
2026-09-11T22:06:59.2059995Z Syncing repository: Matanek/Silex-Lib-STD
2026-09-11T22:06:59.2070805Z ##[group]Getting Git version info
2026-09-11T22:06:59.2071408Z Working directory is 'D:\a\Silex\Silex\Dependencies\STD'
2026-09-11T22:06:59.2999997Z [command]"C:\Program Files\Git\bin\git.exe" version
2026-09-11T22:06:59.3263076Z git version 2.55.0.windows.5
2026-09-11T22:06:59.3302282Z ##[endgroup]
2026-09-11T22:06:59.3320056Z Temporarily overriding HOME='D:\a\_temp\01fe567c-39d7-474c-85ed-70914d16edc2' before making global git config changes
2026-09-11T22:06:59.3320789Z Adding repository directory to the temporary git global config as a safe directory
2026-09-11T22:06:59.3329838Z [command]"C:\Program Files\Git\bin\git.exe" config --global --add safe.directory D:\a\Silex\Silex\Dependencies\STD
2026-09-11T22:06:59.3621015Z ##[group]Determining repository object format
2026-09-11T22:06:59.3624038Z ##[endgroup]
2026-09-11T22:06:59.3624393Z ##[group]Initializing the repository
2026-09-11T22:06:59.3633084Z [command]"C:\Program Files\Git\bin\git.exe" init D:\a\Silex\Silex\Dependencies\STD
2026-09-11T22:06:59.3970483Z Initialized empty Git repository in D:/a/Silex/Silex/Dependencies/STD/.git/
2026-09-11T22:06:59.4009541Z [command]"C:\Program Files\Git\bin\git.exe" remote add origin https://github.com/Matanek/Silex-Lib-STD
2026-09-11T22:06:59.4302745Z ##[endgroup]
2026-09-11T22:06:59.4303141Z ##[group]Disabling automatic garbage collection
2026-09-11T22:06:59.4312824Z [command]"C:\Program Files\Git\bin\git.exe" config --local gc.auto 0
2026-09-11T22:06:59.4595353Z ##[endgroup]
2026-09-11T22:06:59.4595840Z ##[group]Setting up auth
2026-09-11T22:06:59.4598071Z Removing SSH command configuration
2026-09-11T22:06:59.4609075Z [command]"C:\Program Files\Git\bin\git.exe" config --local --name-only --get-regexp core\.sshCommand
2026-09-11T22:06:59.4898930Z [command]"C:\Program Files\Git\bin\git.exe" submodule foreach --recursive "sh -c \"git config --local --name-only --get-regexp 'core\.sshCommand' && git config --local --unset-all 'core.sshCommand' || :\""
2026-09-11T22:07:00.0496123Z Removing HTTP extra header
2026-09-11T22:07:00.0516985Z [command]"C:\Program Files\Git\bin\git.exe" config --local --name-only --get-regexp http\.https\:\/\/github\.com\/\.extraheader
2026-09-11T22:07:00.0857526Z [command]"C:\Program Files\Git\bin\git.exe" submodule foreach --recursive "sh -c \"git config --local --name-only --get-regexp 'http\.https\:\/\/github\.com\/\.extraheader' && git config --local --unset-all 'http.https://github.com/.extraheader' || :\""
2026-09-11T22:07:00.6008825Z Removing includeIf entries pointing to credentials config files
2026-09-11T22:07:00.6020316Z [command]"C:\Program Files\Git\bin\git.exe" config --local --name-only --get-regexp ^includeIf\.gitdir:
2026-09-11T22:07:00.6302958Z [command]"C:\Program Files\Git\bin\git.exe" submodule foreach --recursive "git config --local --show-origin --name-only --get-regexp remote.origin.url"
2026-09-11T22:07:01.1449887Z [command]"C:\Program Files\Git\bin\git.exe" config --file D:\a\_temp\git-credentials-b5e2a179-a02b-498c-87c1-fcda2b74a091.config http.https://github.com/.extraheader "AUTHORIZATION: basic ***"
2026-09-11T22:07:01.1740318Z [command]"C:\Program Files\Git\bin\git.exe" config --local includeIf.gitdir:D:/a/Silex/Silex/Dependencies/STD/.git.path D:\a\_temp\git-credentials-b5e2a179-a02b-498c-87c1-fcda2b74a091.config
2026-09-11T22:07:01.2020432Z [command]"C:\Program Files\Git\bin\git.exe" config --local includeIf.gitdir:D:/a/Silex/Silex/Dependencies/STD/.git/worktrees/*.path D:\a\_temp\git-credentials-b5e2a179-a02b-498c-87c1-fcda2b74a091.config
2026-09-11T22:07:01.2301117Z [command]"C:\Program Files\Git\bin\git.exe" config --local includeIf.gitdir:/github/workspace/Dependencies/STD/.git.path /github/runner_temp/git-credentials-b5e2a179-a02b-498c-87c1-fcda2b74a091.config
2026-09-11T22:07:01.2642833Z [command]"C:\Program Files\Git\bin\git.exe" config --local includeIf.gitdir:/github/workspace/Dependencies/STD/.git/worktrees/*.path /github/runner_temp/git-credentials-b5e2a179-a02b-498c-87c1-fcda2b74a091.config
2026-09-11T22:07:01.2880294Z ##[endgroup]
2026-09-11T22:07:01.2880874Z ##[group]Fetching the repository
2026-09-11T22:07:01.2893841Z [command]"C:\Program Files\Git\bin\git.exe" -c protocol.version=2 fetch --no-tags --prune --no-recurse-submodules --depth=1 origin 5a018305fb470dfe00e94466150b3c04f207e252
2026-09-11T22:07:01.7597023Z From https://github.com/Matanek/Silex-Lib-STD
2026-09-11T22:07:01.7597480Z  * branch            5a018305fb470dfe00e94466150b3c04f207e252 -> FETCH_HEAD
2026-09-11T22:07:01.7643819Z [command]"C:\Program Files\Git\bin\git.exe" rev-parse --verify --quiet 5a018305fb470dfe00e94466150b3c04f207e252^{object}
2026-09-11T22:07:01.7904136Z 5a018305fb470dfe00e94466150b3c04f207e252
2026-09-11T22:07:01.7934816Z ##[endgroup]
2026-09-11T22:07:01.7935470Z ##[group]Determining the checkout info
2026-09-11T22:07:01.7936316Z ##[endgroup]
2026-09-11T22:07:01.7945020Z [command]"C:\Program Files\Git\bin\git.exe" sparse-checkout disable
2026-09-11T22:07:01.8283233Z [command]"C:\Program Files\Git\bin\git.exe" config --local --unset-all extensions.worktreeConfig
2026-09-11T22:07:01.8560297Z ##[group]Checking out the ref
2026-09-11T22:07:01.8569081Z [command]"C:\Program Files\Git\bin\git.exe" checkout --progress --force 5a018305fb470dfe00e94466150b3c04f207e252
2026-09-11T22:07:01.9882366Z Note: switching to '5a018305fb470dfe00e94466150b3c04f207e252'.
2026-09-11T22:07:01.9883022Z 
2026-09-11T22:07:01.9883561Z You are in 'detached HEAD' state. You can look around, make experimental
2026-09-11T22:07:01.9884389Z changes and commit them, and you can discard any commits you make in this
2026-09-11T22:07:01.9885176Z state without impacting any branches by switching back to a branch.
2026-09-11T22:07:01.9885645Z 
2026-09-11T22:07:01.9885947Z If you want to create a new branch to retain commits you create, you may
2026-09-11T22:07:01.9886665Z do so (now or later) by using -c with the switch command. Example:
2026-09-11T22:07:01.9887087Z 
2026-09-11T22:07:01.9887324Z   git switch -c <new-branch-name>
2026-09-11T22:07:01.9887673Z 
2026-09-11T22:07:01.9887822Z Or undo this operation with:
2026-09-11T22:07:01.9888073Z 
2026-09-11T22:07:01.9888188Z   git switch -
2026-09-11T22:07:01.9888677Z 
2026-09-11T22:07:01.9889022Z Turn off this advice by setting config variable advice.detachedHead to false
2026-09-11T22:07:01.9889548Z 
2026-09-11T22:07:01.9889701Z HEAD is now at 5a01830 Prepare STD 0.21.0
2026-09-11T22:07:01.9945026Z ##[endgroup]
2026-09-11T22:07:02.0286241Z [command]"C:\Program Files\Git\bin\git.exe" log -1 --format=%H
2026-09-11T22:07:02.0553097Z 5a018305fb470dfe00e94466150b3c04f207e252
2026-09-11T22:07:02.0889970Z ##[group]Run $ErrorActionPreference = "Stop"
2026-09-11T22:07:02.0890421Z [36;1m$ErrorActionPreference = "Stop"[0m
2026-09-11T22:07:02.0890812Z [36;1m$archive = Join-Path $env:RUNNER_TEMP "zig.zip"[0m
2026-09-11T22:07:02.0891416Z [36;1mInvoke-WebRequest https://ziglang.org/download/0.16.0/zig-x86_64-windows-0.16.0.zip -OutFile $archive[0m
2026-09-11T22:07:02.0892108Z [36;1m$actual = (Get-FileHash $archive -Algorithm SHA256).Hash.ToLowerInvariant()[0m
2026-09-11T22:07:02.0892686Z [36;1mif ($actual -ne "68659eb5f1e4eb1437a722f1dd889c5a322c9954607f5edcf337bc3684a75a7e") {[0m
2026-09-11T22:07:02.0893170Z [36;1m  throw "Zig archive checksum mismatch"[0m
2026-09-11T22:07:02.0893427Z [36;1m}[0m
2026-09-11T22:07:02.0893692Z [36;1mExpand-Archive $archive -DestinationPath $env:RUNNER_TEMP[0m
2026-09-11T22:07:02.0894215Z [36;1mAdd-Content $env:GITHUB_PATH (Join-Path $env:RUNNER_TEMP "zig-x86_64-windows-0.16.0")[0m
2026-09-11T22:07:02.1027011Z shell: C:\Program Files\PowerShell\7\pwsh.EXE -command ". '{0}'"
2026-09-11T22:07:02.1027390Z ##[endgroup]
2026-09-11T22:07:47.5222858Z ##[group]Run $ErrorActionPreference = "Stop"
2026-09-11T22:07:47.5223469Z [36;1m$ErrorActionPreference = "Stop"[0m
2026-09-11T22:07:47.5223836Z [36;1m$PSNativeCommandUseErrorActionPreference = $true[0m
2026-09-11T22:07:47.5224225Z [36;1mif ($env:PROCESSOR_ARCHITECTURE -ne "AMD64") {[0m
2026-09-11T22:07:47.5224646Z [36;1m  throw "expected Windows X64 runner, got $env:PROCESSOR_ARCHITECTURE"[0m
2026-09-11T22:07:47.5225014Z [36;1m}[0m
2026-09-11T22:07:47.5225286Z [36;1m$env:USERPROFILE = Join-Path $env:RUNNER_TEMP "home"[0m
2026-09-11T22:07:47.5225615Z [36;1m$env:HOME = $env:USERPROFILE[0m
2026-09-11T22:07:47.5225975Z [36;1mNew-Item -ItemType Directory -Force $env:USERPROFILE | Out-Null[0m
2026-09-11T22:07:47.5226401Z [36;1mzig build -Doptimize=ReleaseFast -Dcpu=baseline `[0m
2026-09-11T22:07:47.5226752Z [36;1m  --prefix "$env:RUNNER_TEMP/silex-prefix" `[0m
2026-09-11T22:07:47.5227061Z [36;1m  --build-file Toolchain/build.zig[0m
2026-09-11T22:07:47.5227457Z [36;1m$silex = Join-Path $env:RUNNER_TEMP "silex-prefix/bin/silex.exe"[0m
2026-09-11T22:07:47.5227807Z [36;1m& $silex setup[0m
2026-09-11T22:07:47.5228248Z [36;1m& $silex link (Join-Path $env:GITHUB_WORKSPACE "Dependencies/STD") --workspace $env:GITHUB_WORKSPACE[0m
2026-09-11T22:07:47.5228855Z [36;1m& $silex test (Join-Path $env:GITHUB_WORKSPACE "Tests/Types/Str/Operators.sx")[0m
2026-09-11T22:07:47.5229371Z [36;1m& $silex test (Join-Path $env:GITHUB_WORKSPACE "Tests/Types/Str/Returns.sx")[0m
2026-09-11T22:07:47.5229908Z [36;1m& $silex test (Join-Path $env:GITHUB_WORKSPACE "Tests/Native/NativePortability.sx")[0m
2026-09-11T22:07:47.5230437Z [36;1m$portability = Join-Path $env:RUNNER_TEMP "native-portability.exe"[0m
2026-09-11T22:07:47.5231269Z [36;1m& $silex compile (Join-Path $env:GITHUB_WORKSPACE "Tests/Native/NativePortability.sx") `[0m
2026-09-11T22:07:47.5231752Z [36;1m  --release -o $portability[0m
2026-09-11T22:07:47.5232034Z [36;1m$portabilityOutput = @(& $portability)[0m
2026-09-11T22:07:47.5232390Z [36;1m$portabilityOutput | ForEach-Object { Write-Output $_ }[0m
2026-09-11T22:07:47.5233119Z [36;1m$cycleDrops = @($portabilityOutput | Where-Object { $_ -eq "native cycle drop" }).Count[0m
2026-09-11T22:07:47.5233559Z [36;1mif ($cycleDrops -ne 6) {[0m
2026-09-11T22:07:47.5233883Z [36;1m  throw "expected 6 native cycle finalizers, got $cycleDrops"[0m
2026-09-11T22:07:47.5234221Z [36;1m}[0m
2026-09-11T22:07:47.5234514Z [36;1m$smoke = Join-Path $env:RUNNER_TEMP "distribution-smoke.exe"[0m
2026-09-11T22:07:47.5235822Z [36;1m& $silex compile (Join-Path $env:GITHUB_WORKSPACE "Tests/Native/DistributionSmoke.sx") `[0m
2026-09-11T22:07:47.5236290Z [36;1m  --release -o $smoke[0m
2026-09-11T22:07:47.5236706Z [36;1m$smokeOutput = @(& $smoke)[0m
2026-09-11T22:07:47.5237373Z [36;1mif ($LASTEXITCODE -ne 0 -or $smokeOutput.Count -ne 1 -or $smokeOutput[0] -ne "silex distribution ready") {[0m
2026-09-11T22:07:47.5237928Z [36;1m  throw "standalone distribution smoke failed"[0m
2026-09-11T22:07:47.5238292Z [36;1m}[0m
2026-09-11T22:07:47.5238810Z [36;1m$aggregateFixture = Join-Path $env:GITHUB_WORKSPACE "Toolchain/Benchmarks/Optimizer/Regressions/AggregateFieldStores.sx"[0m
2026-09-11T22:07:47.5239474Z [36;1m$interpreted = @(& $silex interpret $aggregateFixture --nocache)[0m
2026-09-11T22:07:47.5240075Z [36;1mif ($LASTEXITCODE -ne 0 -or $interpreted.Count -ne 1 -or $interpreted[0] -ne "aggregate field stores preserved") {[0m
2026-09-11T22:07:47.5240660Z [36;1m  throw "aggregate field interpreter regression failed"[0m
2026-09-11T22:07:47.5240971Z [36;1m}[0m
2026-09-11T22:07:47.5241197Z [36;1mforeach ($mode in @("debug", "release")) {[0m
2026-09-11T22:07:47.5241621Z [36;1m  $aggregateBinary = Join-Path $env:RUNNER_TEMP "aggregate-fields-$mode.exe"[0m
2026-09-11T22:07:47.5242157Z [36;1m  & $silex compile $aggregateFixture "--$mode" --nocache -o $aggregateBinary[0m
2026-09-11T22:07:47.5244406Z [36;1m  $aggregateOutput = @(& $aggregateBinary)[0m
2026-09-11T22:07:47.5245087Z [36;1m  if ($LASTEXITCODE -ne 0 -or $aggregateOutput.Count -ne 1 -or $aggregateOutput[0] -ne "aggregate field stores preserved") {[0m
2026-09-11T22:07:47.5245722Z [36;1m    throw "aggregate field $mode regression failed"[0m
2026-09-11T22:07:47.5246018Z [36;1m  }[0m
2026-09-11T22:07:47.5246185Z [36;1m}[0m
2026-09-11T22:07:47.5246608Z [36;1m$minmaxFixture = Join-Path $env:GITHUB_WORKSPACE "Toolchain/Benchmarks/Native/ScalarMathMinMax.sx"[0m
2026-09-11T22:07:47.5247149Z [36;1mforeach ($mode in @("debug", "release")) {[0m
2026-09-11T22:07:47.5247552Z [36;1m  $minmaxBinary = Join-Path $env:RUNNER_TEMP "scalar-math-minmax-$mode.exe"[0m
2026-09-11T22:07:47.5248056Z [36;1m  & $silex compile $minmaxFixture "--$mode" --nocache -o $minmaxBinary[0m
2026-09-11T22:07:47.5248441Z [36;1m  $minmaxOutput = @(& $minmaxBinary)[0m
2026-09-11T22:07:47.5249254Z [36;1m  if ($LASTEXITCODE -ne 0 -or $minmaxOutput.Count -ne 1 -or $minmaxOutput[0] -ne "scalar-math-minmax: pass") {[0m
2026-09-11T22:07:47.5249839Z [36;1m    throw "scalar math minmax $mode regression failed"[0m
2026-09-11T22:07:47.5250162Z [36;1m  }[0m
2026-09-11T22:07:47.5250496Z [36;1m}[0m
2026-09-11T22:07:47.5250897Z [36;1m# Copy bytes unchanged into a standalone fixture, without the optimizer's STD graph.[0m
2026-09-11T22:07:47.5251434Z [36;1m$scalarRoot = Join-Path $env:RUNNER_TEMP "scalar-float-fixture"[0m
2026-09-11T22:07:47.5251909Z [36;1mNew-Item -ItemType Directory -Force -Path $scalarRoot | Out-Null[0m
2026-09-11T22:07:47.5252443Z [36;1mSet-Content -Path (Join-Path $scalarRoot "Package.json") -Value '{"sources":"."}'[0m
2026-09-11T22:07:47.5252973Z [36;1m$scalarFixture = Join-Path $scalarRoot "ScalarFloatResidence.sx"[0m
2026-09-11T22:07:47.5253686Z [36;1mCopy-Item (Join-Path $env:GITHUB_WORKSPACE "Toolchain/Benchmarks/Optimizer/Regressions/ScalarFloatResidence.sx") $scalarFixture[0m
2026-09-11T22:07:47.5254336Z [36;1mforeach ($mode in @("debug", "release")) {[0m
2026-09-11T22:07:47.5254767Z [36;1m  $scalarBinary = Join-Path $env:RUNNER_TEMP "scalar-float-residence-$mode.exe"[0m
2026-09-11T22:07:47.5255287Z [36;1m  & $silex compile $scalarFixture "--$mode" --nocache -o $scalarBinary[0m
2026-09-11T22:07:47.5255670Z [36;1m  $scalarOutput = @(& $scalarBinary)[0m
2026-09-11T22:07:47.5256213Z [36;1m  if ($LASTEXITCODE -ne 0 -or $scalarOutput.Count -ne 9 -or @($scalarOutput | Where-Object { $_ -ne "true" }).Count -ne 0) {[0m
2026-09-11T22:07:47.5256999Z [36;1m    throw "scalar float residence $mode regression failed"[0m
2026-09-11T22:07:47.5257321Z [36;1m  }[0m
2026-09-11T22:07:47.5257483Z [36;1m}[0m
2026-09-11T22:07:47.5257756Z [36;1m$branchFixture = Join-Path $scalarRoot "BranchComparisons.sx"[0m
2026-09-11T22:07:47.5258431Z [36;1mCopy-Item (Join-Path $env:GITHUB_WORKSPACE "Toolchain/Benchmarks/Optimizer/Regressions/BranchComparisons.sx") $branchFixture[0m
2026-09-11T22:07:47.5259041Z [36;1mforeach ($mode in @("debug", "release")) {[0m
2026-09-11T22:07:47.5259449Z [36;1m  $branchBinary = Join-Path $env:RUNNER_TEMP "branch-comparisons-$mode.exe"[0m
2026-09-11T22:07:47.5259951Z [36;1m  & $silex compile $branchFixture "--$mode" --nocache -o $branchBinary[0m
2026-09-11T22:07:47.5260449Z [36;1m  if ($LASTEXITCODE -ne 0) { throw "branch comparison compilation failed" }[0m
2026-09-11T22:07:47.5260846Z [36;1m  $branchOutput = @(& $branchBinary)[0m
2026-09-11T22:07:47.5261306Z [36;1m  if ($LASTEXITCODE -ne 0 -or $branchOutput.Count -ne 1 -or $branchOutput[0] -ne "true") {[0m
2026-09-11T22:07:47.5261807Z [36;1m    throw "branch comparison $mode regression failed"[0m
2026-09-11T22:07:47.5262106Z [36;1m  }[0m
2026-09-11T22:07:47.5262271Z [36;1m}[0m
2026-09-11T22:07:47.5262556Z [36;1m$snapshotFixture = Join-Path $scalarRoot "BranchSnapshots.sx"[0m
2026-09-11T22:07:47.5263252Z [36;1mCopy-Item (Join-Path $env:GITHUB_WORKSPACE "Toolchain/Benchmarks/Optimizer/Regressions/BranchSnapshots.sx") $snapshotFixture[0m
2026-09-11T22:07:47.5264409Z [36;1mforeach ($mode in @("debug", "release")) {[0m
2026-09-11T22:07:47.5264890Z [36;1m  $snapshotBinary = Join-Path $env:RUNNER_TEMP "branch-snapshots-$mode.exe"[0m
2026-09-11T22:07:47.5265416Z [36;1m  & $silex compile $snapshotFixture "--$mode" --nocache -o $snapshotBinary[0m
2026-09-11T22:07:47.5265927Z [36;1m  if ($LASTEXITCODE -ne 0) { throw "branch snapshot compilation failed" }[0m
2026-09-11T22:07:47.5266328Z [36;1m  $snapshotOutput = @(& $snapshotBinary)[0m
2026-09-11T22:07:47.5266914Z [36;1m  if ($LASTEXITCODE -ne 0 -or $snapshotOutput.Count -ne 8 -or @($snapshotOutput | Where-Object { $_ -ne "true" }).Count -ne 0) {[0m
2026-09-11T22:07:47.5267513Z [36;1m    throw "branch snapshot $mode regression failed"[0m
2026-09-11T22:07:47.5267810Z [36;1m  }[0m
2026-09-11T22:07:47.5267973Z [36;1m}[0m
2026-09-11T22:07:47.5268252Z [36;1m$loopExitFixture = Join-Path $scalarRoot "LoopExitResidence.sx"[0m
2026-09-11T22:07:47.5269193Z [36;1mCopy-Item (Join-Path $env:GITHUB_WORKSPACE "Toolchain/Benchmarks/Optimizer/Regressions/LoopExitResidence.sx") $loopExitFixture[0m
2026-09-11T22:07:47.5270058Z [36;1mforeach ($mode in @("debug", "release")) {[0m
2026-09-11T22:07:47.5270710Z [36;1m  $loopExitBinary = Join-Path $env:RUNNER_TEMP "loop-exit-residence-$mode.exe"[0m
2026-09-11T22:07:47.5271254Z [36;1m  & $silex compile $loopExitFixture "--$mode" --nocache -o $loopExitBinary[0m
2026-09-11T22:07:47.5271781Z [36;1m  if ($LASTEXITCODE -ne 0) { throw "loop exit residence compilation failed" }[0m
2026-09-11T22:07:47.5272204Z [36;1m  $loopExitOutput = @(& $loopExitBinary)[0m
2026-09-11T22:07:47.5272777Z [36;1m  if ($LASTEXITCODE -ne 0 -or $loopExitOutput.Count -ne 5 -or @($loopExitOutput | Where-Object { $_ -ne "true" }).Count -ne 0) {[0m
2026-09-11T22:07:47.5273390Z [36;1m    throw "loop exit residence $mode regression failed"[0m
2026-09-11T22:07:47.5273691Z [36;1m  }[0m
2026-09-11T22:07:47.5273861Z [36;1m}[0m
2026-09-11T22:07:47.5274166Z [36;1m$floatMemoryFixture = Join-Path $scalarRoot "FloatMemoryResidence.sx"[0m
2026-09-11T22:07:47.5274916Z [36;1mCopy-Item (Join-Path $env:GITHUB_WORKSPACE "Toolchain/Benchmarks/Optimizer/Regressions/FloatMemoryResidence.sx") $floatMemoryFixture[0m
2026-09-11T22:07:47.5275564Z [36;1mforeach ($mode in @("debug", "release")) {[0m
2026-09-11T22:07:47.5276005Z [36;1m  $floatMemoryBinary = Join-Path $env:RUNNER_TEMP "float-memory-residence-$mode.exe"[0m
2026-09-11T22:07:47.5276579Z [36;1m  & $silex compile $floatMemoryFixture "--$mode" --nocache -o $floatMemoryBinary[0m
2026-09-11T22:07:47.5277277Z [36;1m  if ($LASTEXITCODE -ne 0) { throw "float memory residence compilation failed" }[0m
2026-09-11T22:07:47.5277736Z [36;1m  $floatMemoryOutput = @(& $floatMemoryBinary)[0m
2026-09-11T22:07:47.5278595Z [36;1m  if ($LASTEXITCODE -ne 0 -or $floatMemoryOutput.Count -ne 10 -or @($floatMemoryOutput | Where-Object { $_ -ne "true" }).Count -ne 0) {[0m
2026-09-11T22:07:47.5279259Z [36;1m    throw "float memory residence $mode regression failed"[0m
2026-09-11T22:07:47.5279576Z [36;1m  }[0m
2026-09-11T22:07:47.5279749Z [36;1m}[0m
2026-09-11T22:07:47.5352630Z shell: C:\Program Files\PowerShell\7\pwsh.EXE -command ". '{0}'"
2026-09-11T22:07:47.5352981Z ##[endgroup]
2026-09-11T22:13:34.6060234Z silex: installed Shadercross for windows-x64
2026-09-11T22:13:47.0801848Z silex: installed Native linker for windows-x64
2026-09-11T22:13:47.0928155Z silex: linked STD@0.21.0 to D:\a\Silex\Silex\Dependencies\STD for this workspace
2026-09-11T22:15:51.8835500Z ok - str concatenation operand positions
2026-09-11T22:15:52.0810797Z ok - str compound concatenation
2026-09-11T22:15:52.2689040Z ok - str equality and interpolation
2026-09-11T22:15:52.4684578Z ok - str unicode scalar count
2026-09-11T22:15:52.4687136Z 4 passed; 0 failed
2026-09-11T22:15:52.7045909Z ok - str return positions
2026-09-11T22:15:52.7046782Z 1 passed; 0 failed
2026-09-11T22:15:52.9686906Z ok - execute direct indirect and dynamic calls beyond native registers
2026-09-11T22:15:53.1744721Z ok - preserve paired float32 arithmetic on native
2026-09-11T22:15:53.3982174Z ok - mutate a class-owned native list without changing its snapshot
2026-09-11T22:15:53.5898453Z ok - replace class elements in a class-owned native list
2026-09-11T22:15:53.7838205Z ok - preserve embedded byte contents on native
2026-09-11T22:15:53.9761249Z ok - format native floats through the standalone runtime
2026-09-11T22:15:54.2089982Z ok - convert native float precision in both directions
2026-09-11T22:15:54.4147656Z ok - replace and preserve an aliased native list
2026-09-11T22:15:54.6107029Z ok - swap and reverse a native list
2026-09-11T22:15:54.7985150Z ok - grow a native list at every position
2026-09-11T22:15:54.9827769Z ok - remove native list elements from every position
2026-09-11T22:15:55.1765201Z ok - slice view mutate and clear native lists
2026-09-11T22:15:55.3657946Z ok - mutable aggregate view detaches shared native list
2026-09-11T22:15:55.5478516Z copy state drop
2026-09-11T22:15:55.5479162Z copy state drop
2026-09-11T22:15:55.5480006Z ok - deep-copy repeated native class roots without collections
2026-09-11T22:15:55.7398939Z native cycle drop
2026-09-11T22:15:55.7399469Z native cycle drop
2026-09-11T22:15:55.7399978Z ok - finalize a direct native class cycle
2026-09-11T22:15:55.9342594Z native cycle drop
2026-09-11T22:15:55.9343046Z native cycle drop
2026-09-11T22:15:55.9343532Z ok - finalize a native class cycle through lists
2026-09-11T22:15:56.1201725Z native cycle drop
2026-09-11T22:15:56.1202256Z native cycle drop
2026-09-11T22:15:56.1202759Z ok - finalize a native class cycle through protocols
2026-09-11T22:15:56.3380761Z ok - execute the complete native collection mutation slice
2026-09-11T22:15:56.5321189Z copy state drop
2026-09-11T22:15:56.5321694Z copy state drop
2026-09-11T22:15:56.5322169Z ok - execute native ownership and deep-copy runtime
2026-09-11T22:15:56.7353454Z ok - preserve resource aggregates across native list growth
2026-09-11T22:15:56.9532279Z ok - serialize native mutations with mutex
2026-09-11T22:15:57.1335198Z native cycle drop
2026-09-11T22:15:57.1335843Z native cycle drop
2026-09-11T22:15:57.1336645Z native cycle drop
2026-09-11T22:15:57.1336934Z native cycle drop
2026-09-11T22:15:57.1337569Z native cycle drop
2026-09-11T22:15:57.1337955Z native cycle drop
2026-09-11T22:15:57.1338514Z ok - finalize native cycles across direct collection and protocol edges
2026-09-11T22:15:57.1349549Z 22 passed; 0 failed
2026-09-11T22:15:57.2671973Z copy state drop
2026-09-11T22:15:57.2675545Z copy state drop
2026-09-11T22:15:57.2678083Z native cycle drop
2026-09-11T22:15:57.2680464Z native cycle drop
2026-09-11T22:15:57.2682716Z native cycle drop
2026-09-11T22:15:57.2685315Z native cycle drop
2026-09-11T22:15:57.2687670Z native cycle drop
2026-09-11T22:15:57.2689963Z native cycle drop
2026-09-11T22:15:58.9203897Z Post job cleanup.
2026-09-11T22:15:59.1100680Z [command]"C:\Program Files\Git\bin\git.exe" version
2026-09-11T22:15:59.1447543Z git version 2.55.0.windows.5
2026-09-11T22:15:59.1523996Z Temporarily overriding HOME='D:\a\_temp\2f6575ad-3273-4ff9-95dd-e768c3a7e04d' before making global git config changes
2026-09-11T22:15:59.1525404Z Adding repository directory to the temporary git global config as a safe directory
2026-09-11T22:15:59.1535911Z [command]"C:\Program Files\Git\bin\git.exe" config --global --add safe.directory D:\a\Silex\Silex\Dependencies\STD
2026-09-11T22:15:59.1841867Z Removing SSH command configuration
2026-09-11T22:15:59.1853041Z [command]"C:\Program Files\Git\bin\git.exe" config --local --name-only --get-regexp core\.sshCommand
2026-09-11T22:15:59.2156770Z [command]"C:\Program Files\Git\bin\git.exe" submodule foreach --recursive "sh -c \"git config --local --name-only --get-regexp 'core\.sshCommand' && git config --local --unset-all 'core.sshCommand' || :\""
2026-09-11T22:15:59.7737666Z Removing HTTP extra header
2026-09-11T22:15:59.7747037Z [command]"C:\Program Files\Git\bin\git.exe" config --local --name-only --get-regexp http\.https\:\/\/github\.com\/\.extraheader
2026-09-11T22:15:59.8051509Z [command]"C:\Program Files\Git\bin\git.exe" submodule foreach --recursive "sh -c \"git config --local --name-only --get-regexp 'http\.https\:\/\/github\.com\/\.extraheader' && git config --local --unset-all 'http.https://github.com/.extraheader' || :\""
2026-09-11T22:16:00.3468507Z Removing includeIf entries pointing to credentials config files
2026-09-11T22:16:00.3481072Z [command]"C:\Program Files\Git\bin\git.exe" config --local --name-only --get-regexp ^includeIf\.gitdir:
2026-09-11T22:16:00.3734595Z includeif.gitdir:D:/a/Silex/Silex/Dependencies/STD/.git.path
2026-09-11T22:16:00.3735262Z includeif.gitdir:D:/a/Silex/Silex/Dependencies/STD/.git/worktrees/*.path
2026-09-11T22:16:00.3735810Z includeif.gitdir:/github/workspace/Dependencies/STD/.git.path
2026-09-11T22:16:00.3736380Z includeif.gitdir:/github/workspace/Dependencies/STD/.git/worktrees/*.path
2026-09-11T22:16:00.3774232Z [command]"C:\Program Files\Git\bin\git.exe" config --local --get-all includeif.gitdir:D:/a/Silex/Silex/Dependencies/STD/.git.path
2026-09-11T22:16:00.4027278Z D:\a\_temp\git-credentials-b5e2a179-a02b-498c-87c1-fcda2b74a091.config
2026-09-11T22:16:00.4068006Z [command]"C:\Program Files\Git\bin\git.exe" config --local --unset includeif.gitdir:D:/a/Silex/Silex/Dependencies/STD/.git.path D:\a\_temp\git-credentials-b5e2a179-a02b-498c-87c1-fcda2b74a091.config
2026-09-11T22:16:00.4356606Z [command]"C:\Program Files\Git\bin\git.exe" config --local --get-all includeif.gitdir:D:/a/Silex/Silex/Dependencies/STD/.git/worktrees/*.path
2026-09-11T22:16:00.4609954Z D:\a\_temp\git-credentials-b5e2a179-a02b-498c-87c1-fcda2b74a091.config
2026-09-11T22:16:00.4651201Z [command]"C:\Program Files\Git\bin\git.exe" config --local --unset includeif.gitdir:D:/a/Silex/Silex/Dependencies/STD/.git/worktrees/*.path D:\a\_temp\git-credentials-b5e2a179-a02b-498c-87c1-fcda2b74a091.config
2026-09-11T22:16:00.4964380Z [command]"C:\Program Files\Git\bin\git.exe" config --local --get-all includeif.gitdir:/github/workspace/Dependencies/STD/.git.path
2026-09-11T22:16:00.5241855Z /github/runner_temp/git-credentials-b5e2a179-a02b-498c-87c1-fcda2b74a091.config
2026-09-11T22:16:00.5282667Z [command]"C:\Program Files\Git\bin\git.exe" config --local --unset includeif.gitdir:/github/workspace/Dependencies/STD/.git.path /github/runner_temp/git-credentials-b5e2a179-a02b-498c-87c1-fcda2b74a091.config
2026-09-11T22:16:00.5590140Z [command]"C:\Program Files\Git\bin\git.exe" config --local --get-all includeif.gitdir:/github/workspace/Dependencies/STD/.git/worktrees/*.path
2026-09-11T22:16:00.5855870Z /github/runner_temp/git-credentials-b5e2a179-a02b-498c-87c1-fcda2b74a091.config
2026-09-11T22:16:00.5901926Z [command]"C:\Program Files\Git\bin\git.exe" config --local --unset includeif.gitdir:/github/workspace/Dependencies/STD/.git/worktrees/*.path /github/runner_temp/git-credentials-b5e2a179-a02b-498c-87c1-fcda2b74a091.config
2026-09-11T22:16:00.6205579Z [command]"C:\Program Files\Git\bin\git.exe" submodule foreach --recursive "git config --local --show-origin --name-only --get-regexp remote.origin.url"
2026-09-11T22:16:01.1530368Z Removing credentials config 'D:\a\_temp\git-credentials-b5e2a179-a02b-498c-87c1-fcda2b74a091.config'
2026-09-11T22:16:01.1891911Z Post job cleanup.
2026-09-11T22:16:01.3771594Z [command]"C:\Program Files\Git\bin\git.exe" version
2026-09-11T22:16:01.4035166Z git version 2.55.0.windows.5
2026-09-11T22:16:01.4099959Z Temporarily overriding HOME='D:\a\_temp\c9515fc9-b05d-4b62-a213-c4cab7f1851e' before making global git config changes
2026-09-11T22:16:01.4101018Z Adding repository directory to the temporary git global config as a safe directory
2026-09-11T22:16:01.4110479Z [command]"C:\Program Files\Git\bin\git.exe" config --global --add safe.directory D:\a\Silex\Silex
2026-09-11T22:16:01.4397010Z Removing SSH command configuration
2026-09-11T22:16:01.4406822Z [command]"C:\Program Files\Git\bin\git.exe" config --local --name-only --get-regexp core\.sshCommand
2026-09-11T22:16:01.4706604Z [command]"C:\Program Files\Git\bin\git.exe" submodule foreach --recursive "sh -c \"git config --local --name-only --get-regexp 'core\.sshCommand' && git config --local --unset-all 'core.sshCommand' || :\""
2026-09-11T22:16:02.0141285Z Removing HTTP extra header
2026-09-11T22:16:02.0151246Z [command]"C:\Program Files\Git\bin\git.exe" config --local --name-only --get-regexp http\.https\:\/\/github\.com\/\.extraheader
2026-09-11T22:16:02.0449328Z [command]"C:\Program Files\Git\bin\git.exe" submodule foreach --recursive "sh -c \"git config --local --name-only --get-regexp 'http\.https\:\/\/github\.com\/\.extraheader' && git config --local --unset-all 'http.https://github.com/.extraheader' || :\""
2026-09-11T22:16:02.5520687Z Removing includeIf entries pointing to credentials config files
2026-09-11T22:16:02.5533227Z [command]"C:\Program Files\Git\bin\git.exe" config --local --name-only --get-regexp ^includeIf\.gitdir:
2026-09-11T22:16:02.5789685Z includeif.gitdir:D:/a/Silex/Silex/.git.path
2026-09-11T22:16:02.5790292Z includeif.gitdir:D:/a/Silex/Silex/.git/worktrees/*.path
2026-09-11T22:16:02.5790688Z includeif.gitdir:/github/workspace/.git.path
2026-09-11T22:16:02.5791067Z includeif.gitdir:/github/workspace/.git/worktrees/*.path
2026-09-11T22:16:02.5828398Z [command]"C:\Program Files\Git\bin\git.exe" config --local --get-all includeif.gitdir:D:/a/Silex/Silex/.git.path
2026-09-11T22:16:02.6079268Z D:\a\_temp\git-credentials-134dd9a9-5efc-40e1-aa46-f3368fcf7b72.config
2026-09-11T22:16:02.6118755Z [command]"C:\Program Files\Git\bin\git.exe" config --local --unset includeif.gitdir:D:/a/Silex/Silex/.git.path D:\a\_temp\git-credentials-134dd9a9-5efc-40e1-aa46-f3368fcf7b72.config
2026-09-11T22:16:02.6413059Z [command]"C:\Program Files\Git\bin\git.exe" config --local --get-all includeif.gitdir:D:/a/Silex/Silex/.git/worktrees/*.path
2026-09-11T22:16:02.6681707Z D:\a\_temp\git-credentials-134dd9a9-5efc-40e1-aa46-f3368fcf7b72.config
2026-09-11T22:16:02.6724343Z [command]"C:\Program Files\Git\bin\git.exe" config --local --unset includeif.gitdir:D:/a/Silex/Silex/.git/worktrees/*.path D:\a\_temp\git-credentials-134dd9a9-5efc-40e1-aa46-f3368fcf7b72.config
2026-09-11T22:16:02.7035183Z [command]"C:\Program Files\Git\bin\git.exe" config --local --get-all includeif.gitdir:/github/workspace/.git.path
2026-09-11T22:16:02.7293442Z /github/runner_temp/git-credentials-134dd9a9-5efc-40e1-aa46-f3368fcf7b72.config
2026-09-11T22:16:02.7331617Z [command]"C:\Program Files\Git\bin\git.exe" config --local --unset includeif.gitdir:/github/workspace/.git.path /github/runner_temp/git-credentials-134dd9a9-5efc-40e1-aa46-f3368fcf7b72.config
2026-09-11T22:16:02.7637968Z [command]"C:\Program Files\Git\bin\git.exe" config --local --get-all includeif.gitdir:/github/workspace/.git/worktrees/*.path
2026-09-11T22:16:02.7892369Z /github/runner_temp/git-credentials-134dd9a9-5efc-40e1-aa46-f3368fcf7b72.config
2026-09-11T22:16:02.7929670Z [command]"C:\Program Files\Git\bin\git.exe" config --local --unset includeif.gitdir:/github/workspace/.git/worktrees/*.path /github/runner_temp/git-credentials-134dd9a9-5efc-40e1-aa46-f3368fcf7b72.config
2026-09-11T22:16:02.8234228Z [command]"C:\Program Files\Git\bin\git.exe" submodule foreach --recursive "git config --local --show-origin --name-only --get-regexp remote.origin.url"
2026-09-11T22:16:03.3473339Z Removing credentials config 'D:\a\_temp\git-credentials-134dd9a9-5efc-40e1-aa46-f3368fcf7b72.config'
2026-09-11T22:16:03.3677516Z Cleaning up orphan processes

