2026-09-11T22:06:50.5004744Z Current runner version: '2.337.0'
2026-09-11T22:06:50.5034309Z ##[group]Runner Image Provisioner
2026-09-11T22:06:50.5035298Z Hosted Compute Agent
2026-09-11T22:06:50.5035967Z Version: 20260828.587
2026-09-11T22:06:50.5036676Z Commit: abac92662cab4cc7352de4f9f9d2e2419aad9c29
2026-09-11T22:06:50.5037512Z Build Date: 2026-08-28T16:44:25Z
2026-09-11T22:06:50.5038202Z Worker ID: {4b5f6cf7-3506-4c73-94cd-5b98e2cb7b6d}
2026-09-11T22:06:50.5039023Z Azure Region: eastus2
2026-09-11T22:06:50.5039666Z ##[endgroup]
2026-09-11T22:06:50.5041304Z ##[group]Operating System
2026-09-11T22:06:50.5041982Z Ubuntu
2026-09-11T22:06:50.5042538Z 24.04.5
2026-09-11T22:06:50.5043134Z LTS
2026-09-11T22:06:50.5043720Z ##[endgroup]
2026-09-11T22:06:50.5044275Z ##[group]Runner Image
2026-09-11T22:06:50.5045064Z Image: ubuntu-24.04
2026-09-11T22:06:50.5045664Z Version: 20260907.300.1
2026-09-11T22:06:50.5047067Z Included Software: https://github.com/actions/runner-images/blob/ubuntu24/20260907.300/images/ubuntu/Ubuntu2404-Readme.md
2026-09-11T22:06:50.5048654Z Image Release: https://github.com/actions/runner-images/releases/tag/ubuntu24%2F20260907.300
2026-09-11T22:06:50.5049664Z ##[endgroup]
2026-09-11T22:06:50.5051126Z ##[group]GITHUB_TOKEN Permissions
2026-09-11T22:06:50.5053549Z Contents: read
2026-09-11T22:06:50.5054189Z Metadata: read
2026-09-11T22:06:50.5054876Z ##[endgroup]
2026-09-11T22:06:50.5057452Z Secret source: Actions
2026-09-11T22:06:50.5058574Z Cache mode: write
2026-09-11T22:06:50.5059613Z Prepare workflow directory
2026-09-11T22:06:50.5416113Z Prepare all required actions
2026-09-11T22:06:50.5465061Z Getting action download info
2026-09-11T22:06:50.7641731Z Download action repository 'actions/checkout@v6' (SHA:d23441a48e516b6c34aea4fa41551a30e30af803)
2026-09-11T22:06:50.9612945Z Complete job name: linux-x64
2026-09-11T22:06:51.0373775Z ##[group]Run actions/checkout@v6
2026-09-11T22:06:51.0374609Z with:
2026-09-11T22:06:51.0375062Z   repository: Matanek/Silex
2026-09-11T22:06:51.0379207Z   token: ***
2026-09-11T22:06:51.0379702Z   ssh-strict: true
2026-09-11T22:06:51.0380154Z   ssh-user: git
2026-09-11T22:06:51.0380778Z   persist-credentials: true
2026-09-11T22:06:51.0381278Z   clean: true
2026-09-11T22:06:51.0381746Z   sparse-checkout-cone-mode: true
2026-09-11T22:06:51.0382274Z   fetch-depth: 1
2026-09-11T22:06:51.0382705Z   fetch-tags: false
2026-09-11T22:06:51.0383163Z   show-progress: true
2026-09-11T22:06:51.0383622Z   lfs: false
2026-09-11T22:06:51.0384044Z   submodules: false
2026-09-11T22:06:51.0384497Z   set-safe-directory: true
2026-09-11T22:06:51.0385020Z   allow-unsafe-pr-checkout: false
2026-09-11T22:06:51.0385720Z ##[endgroup]
2026-09-11T22:06:51.1422069Z Syncing repository: Matanek/Silex
2026-09-11T22:06:51.1424839Z ##[group]Getting Git version info
2026-09-11T22:06:51.1425649Z Working directory is '/home/runner/work/Silex/Silex'
2026-09-11T22:06:51.1426667Z [command]/usr/bin/git version
2026-09-11T22:06:51.1521704Z git version 2.55.0
2026-09-11T22:06:51.1550269Z ##[endgroup]
2026-09-11T22:06:51.1570121Z Temporarily overriding HOME='/home/runner/work/_temp/6a4e004c-55d5-45eb-bc13-552b86ede8fe' before making global git config changes
2026-09-11T22:06:51.1572692Z Adding repository directory to the temporary git global config as a safe directory
2026-09-11T22:06:51.1577671Z [command]/usr/bin/git config --global --add safe.directory /home/runner/work/Silex/Silex
2026-09-11T22:06:51.1631196Z Deleting the contents of '/home/runner/work/Silex/Silex'
2026-09-11T22:06:51.1636001Z ##[group]Determining repository object format
2026-09-11T22:06:51.1638924Z ##[endgroup]
2026-09-11T22:06:51.1640116Z ##[group]Initializing the repository
2026-09-11T22:06:51.1644874Z [command]/usr/bin/git init /home/runner/work/Silex/Silex
2026-09-11T22:06:51.1749614Z hint: Using 'master' as the name for the initial branch. This default branch name
2026-09-11T22:06:51.1751694Z hint: will change to "main" in Git 3.0. To configure the initial branch name
2026-09-11T22:06:51.1753903Z hint: to use in all of your new repositories, which will suppress this warning,
2026-09-11T22:06:51.1755905Z hint: call:
2026-09-11T22:06:51.1756956Z hint:
2026-09-11T22:06:51.1758079Z hint: 	git config --global init.defaultBranch <name>
2026-09-11T22:06:51.1759543Z hint:
2026-09-11T22:06:51.1760982Z hint: Names commonly chosen instead of 'master' are 'main', 'trunk' and
2026-09-11T22:06:51.1762870Z hint: 'development'. The just-created branch can be renamed via this command:
2026-09-11T22:06:51.1764264Z hint:
2026-09-11T22:06:51.1765090Z hint: 	git branch -m <name>
2026-09-11T22:06:51.1766182Z hint:
2026-09-11T22:06:51.1767436Z hint: Disable this message with "git config set advice.defaultBranchName false"
2026-09-11T22:06:51.1769262Z Initialized empty Git repository in /home/runner/work/Silex/Silex/.git/
2026-09-11T22:06:51.1772915Z [command]/usr/bin/git remote add origin https://github.com/Matanek/Silex
2026-09-11T22:06:51.1823172Z ##[endgroup]
2026-09-11T22:06:51.1824360Z ##[group]Disabling automatic garbage collection
2026-09-11T22:06:51.1828956Z [command]/usr/bin/git config --local gc.auto 0
2026-09-11T22:06:51.1865522Z ##[endgroup]
2026-09-11T22:06:51.1866713Z ##[group]Setting up auth
2026-09-11T22:06:51.1867605Z Removing SSH command configuration
2026-09-11T22:06:51.1873110Z [command]/usr/bin/git config --local --name-only --get-regexp core\.sshCommand
2026-09-11T22:06:51.1910325Z [command]/usr/bin/git submodule foreach --recursive sh -c "git config --local --name-only --get-regexp 'core\.sshCommand' && git config --local --unset-all 'core.sshCommand' || :"
2026-09-11T22:06:51.2294597Z Removing HTTP extra header
2026-09-11T22:06:51.2302059Z [command]/usr/bin/git config --local --name-only --get-regexp http\.https\:\/\/github\.com\/\.extraheader
2026-09-11T22:06:51.2347585Z [command]/usr/bin/git submodule foreach --recursive sh -c "git config --local --name-only --get-regexp 'http\.https\:\/\/github\.com\/\.extraheader' && git config --local --unset-all 'http.https://github.com/.extraheader' || :"
2026-09-11T22:06:51.2592793Z Removing includeIf entries pointing to credentials config files
2026-09-11T22:06:51.2599924Z [command]/usr/bin/git config --local --name-only --get-regexp ^includeIf\.gitdir:
2026-09-11T22:06:51.2640009Z [command]/usr/bin/git submodule foreach --recursive git config --local --show-origin --name-only --get-regexp remote.origin.url
2026-09-11T22:06:51.2891486Z [command]/usr/bin/git config --file /home/runner/work/_temp/git-credentials-b2ae9557-7c20-4c4d-8080-a8499c5f61df.config http.https://github.com/.extraheader AUTHORIZATION: basic ***
2026-09-11T22:06:51.2939303Z [command]/usr/bin/git config --local includeIf.gitdir:/home/runner/work/Silex/Silex/.git.path /home/runner/work/_temp/git-credentials-b2ae9557-7c20-4c4d-8080-a8499c5f61df.config
2026-09-11T22:06:51.2978332Z [command]/usr/bin/git config --local includeIf.gitdir:/home/runner/work/Silex/Silex/.git/worktrees/*.path /home/runner/work/_temp/git-credentials-b2ae9557-7c20-4c4d-8080-a8499c5f61df.config
2026-09-11T22:06:51.3022136Z [command]/usr/bin/git config --local includeIf.gitdir:/github/workspace/.git.path /github/runner_temp/git-credentials-b2ae9557-7c20-4c4d-8080-a8499c5f61df.config
2026-09-11T22:06:51.3061614Z [command]/usr/bin/git config --local includeIf.gitdir:/github/workspace/.git/worktrees/*.path /github/runner_temp/git-credentials-b2ae9557-7c20-4c4d-8080-a8499c5f61df.config
2026-09-11T22:06:51.3096433Z ##[endgroup]
2026-09-11T22:06:51.3097237Z ##[group]Fetching the repository
2026-09-11T22:06:51.3105239Z [command]/usr/bin/git -c protocol.version=2 fetch --no-tags --prune --no-recurse-submodules --depth=1 origin +7bd153ce94975ccc2143679a85ef99fd1fa0db4f:refs/remotes/origin/spec-silex-optimization-parity-completion
2026-09-11T22:06:52.6458861Z From https://github.com/Matanek/Silex
2026-09-11T22:06:52.6473550Z  * [new ref]         7bd153ce94975ccc2143679a85ef99fd1fa0db4f -> origin/spec-silex-optimization-parity-completion
2026-09-11T22:06:52.6477641Z [command]/usr/bin/git branch --list --remote origin/spec-silex-optimization-parity-completion
2026-09-11T22:06:52.6507700Z   origin/spec-silex-optimization-parity-completion
2026-09-11T22:06:52.6519172Z [command]/usr/bin/git rev-parse refs/remotes/origin/spec-silex-optimization-parity-completion
2026-09-11T22:06:52.6551702Z 7bd153ce94975ccc2143679a85ef99fd1fa0db4f
2026-09-11T22:06:52.6564524Z ##[endgroup]
2026-09-11T22:06:52.6565755Z ##[group]Determining the checkout info
2026-09-11T22:06:52.6567200Z ##[endgroup]
2026-09-11T22:06:52.6568017Z [command]/usr/bin/git sparse-checkout disable
2026-09-11T22:06:52.6624453Z [command]/usr/bin/git config --local --unset-all extensions.worktreeConfig
2026-09-11T22:06:52.6662441Z ##[group]Checking out the ref
2026-09-11T22:06:52.6667928Z [command]/usr/bin/git checkout --progress --force -B spec-silex-optimization-parity-completion refs/remotes/origin/spec-silex-optimization-parity-completion
2026-09-11T22:06:52.8709119Z Switched to a new branch 'spec-silex-optimization-parity-completion'
2026-09-11T22:06:52.8714286Z branch 'spec-silex-optimization-parity-completion' set up to track 'origin/spec-silex-optimization-parity-completion'.
2026-09-11T22:06:52.8730516Z ##[endgroup]
2026-09-11T22:06:52.8780905Z [command]/usr/bin/git log -1 --format=%H
2026-09-11T22:06:52.8811826Z 7bd153ce94975ccc2143679a85ef99fd1fa0db4f
2026-09-11T22:06:52.9169702Z ##[group]Run actions/checkout@v6
2026-09-11T22:06:52.9170348Z with:
2026-09-11T22:06:52.9170942Z   repository: Matanek/Silex-Lib-STD
2026-09-11T22:06:52.9171646Z   ref: 5a018305fb470dfe00e94466150b3c04f207e252
2026-09-11T22:06:52.9172385Z   path: Dependencies/STD
2026-09-11T22:06:52.9180160Z   token: ***
2026-09-11T22:06:52.9180818Z   ssh-strict: true
2026-09-11T22:06:52.9181320Z   ssh-user: git
2026-09-11T22:06:52.9181823Z   persist-credentials: true
2026-09-11T22:06:52.9182387Z   clean: true
2026-09-11T22:06:52.9182903Z   sparse-checkout-cone-mode: true
2026-09-11T22:06:52.9183577Z   fetch-depth: 1
2026-09-11T22:06:52.9184080Z   fetch-tags: false
2026-09-11T22:06:52.9184570Z   show-progress: true
2026-09-11T22:06:52.9185061Z   lfs: false
2026-09-11T22:06:52.9185498Z   submodules: false
2026-09-11T22:06:52.9186039Z   set-safe-directory: true
2026-09-11T22:06:52.9186636Z   allow-unsafe-pr-checkout: false
2026-09-11T22:06:52.9187251Z ##[endgroup]
2026-09-11T22:06:53.0098738Z Syncing repository: Matanek/Silex-Lib-STD
2026-09-11T22:06:53.0105457Z ##[group]Getting Git version info
2026-09-11T22:06:53.0107584Z Working directory is '/home/runner/work/Silex/Silex/Dependencies/STD'
2026-09-11T22:06:53.0146100Z [command]/usr/bin/git version
2026-09-11T22:06:53.0189393Z git version 2.55.0
2026-09-11T22:06:53.0212780Z ##[endgroup]
2026-09-11T22:06:53.0227828Z Temporarily overriding HOME='/home/runner/work/_temp/7e2a0c2c-9bcf-4647-b38e-79c143f6db0e' before making global git config changes
2026-09-11T22:06:53.0231425Z Adding repository directory to the temporary git global config as a safe directory
2026-09-11T22:06:53.0234330Z [command]/usr/bin/git config --global --add safe.directory /home/runner/work/Silex/Silex/Dependencies/STD
2026-09-11T22:06:53.0299306Z ##[group]Determining repository object format
2026-09-11T22:06:53.0301260Z ##[endgroup]
2026-09-11T22:06:53.0302531Z ##[group]Initializing the repository
2026-09-11T22:06:53.0304139Z [command]/usr/bin/git init /home/runner/work/Silex/Silex/Dependencies/STD
2026-09-11T22:06:53.0340001Z hint: Using 'master' as the name for the initial branch. This default branch name
2026-09-11T22:06:53.0352154Z hint: will change to "main" in Git 3.0. To configure the initial branch name
2026-09-11T22:06:53.0354255Z hint: to use in all of your new repositories, which will suppress this warning,
2026-09-11T22:06:53.0371883Z hint: call:
2026-09-11T22:06:53.0372782Z hint:
2026-09-11T22:06:53.0373812Z hint: 	git config --global init.defaultBranch <name>
2026-09-11T22:06:53.0375140Z hint:
2026-09-11T22:06:53.0376374Z hint: Names commonly chosen instead of 'master' are 'main', 'trunk' and
2026-09-11T22:06:53.0378591Z hint: 'development'. The just-created branch can be renamed via this command:
2026-09-11T22:06:53.0380256Z hint:
2026-09-11T22:06:53.0381324Z hint: 	git branch -m <name>
2026-09-11T22:06:53.0382720Z hint:
2026-09-11T22:06:53.0384135Z hint: Disable this message with "git config set advice.defaultBranchName false"
2026-09-11T22:06:53.0386136Z Initialized empty Git repository in /home/runner/work/Silex/Silex/Dependencies/STD/.git/
2026-09-11T22:06:53.0389406Z [command]/usr/bin/git remote add origin https://github.com/Matanek/Silex-Lib-STD
2026-09-11T22:06:53.0414258Z ##[endgroup]
2026-09-11T22:06:53.0416046Z ##[group]Disabling automatic garbage collection
2026-09-11T22:06:53.0417781Z [command]/usr/bin/git config --local gc.auto 0
2026-09-11T22:06:53.0455486Z ##[endgroup]
2026-09-11T22:06:53.0457090Z ##[group]Setting up auth
2026-09-11T22:06:53.0458392Z Removing SSH command configuration
2026-09-11T22:06:53.0463324Z [command]/usr/bin/git config --local --name-only --get-regexp core\.sshCommand
2026-09-11T22:06:53.0593879Z [command]/usr/bin/git submodule foreach --recursive sh -c "git config --local --name-only --get-regexp 'core\.sshCommand' && git config --local --unset-all 'core.sshCommand' || :"
2026-09-11T22:06:53.0794091Z Removing HTTP extra header
2026-09-11T22:06:53.0803736Z [command]/usr/bin/git config --local --name-only --get-regexp http\.https\:\/\/github\.com\/\.extraheader
2026-09-11T22:06:53.0855898Z [command]/usr/bin/git submodule foreach --recursive sh -c "git config --local --name-only --get-regexp 'http\.https\:\/\/github\.com\/\.extraheader' && git config --local --unset-all 'http.https://github.com/.extraheader' || :"
2026-09-11T22:06:53.1124895Z Removing includeIf entries pointing to credentials config files
2026-09-11T22:06:53.1126317Z [command]/usr/bin/git config --local --name-only --get-regexp ^includeIf\.gitdir:
2026-09-11T22:06:53.1171371Z [command]/usr/bin/git submodule foreach --recursive git config --local --show-origin --name-only --get-regexp remote.origin.url
2026-09-11T22:06:53.1435084Z [command]/usr/bin/git config --file /home/runner/work/_temp/git-credentials-d673a800-38ad-43ea-a67d-864cadce0683.config http.https://github.com/.extraheader AUTHORIZATION: basic ***
2026-09-11T22:06:53.1479487Z [command]/usr/bin/git config --local includeIf.gitdir:/home/runner/work/Silex/Silex/Dependencies/STD/.git.path /home/runner/work/_temp/git-credentials-d673a800-38ad-43ea-a67d-864cadce0683.config
2026-09-11T22:06:53.1516532Z [command]/usr/bin/git config --local includeIf.gitdir:/home/runner/work/Silex/Silex/Dependencies/STD/.git/worktrees/*.path /home/runner/work/_temp/git-credentials-d673a800-38ad-43ea-a67d-864cadce0683.config
2026-09-11T22:06:53.1555525Z [command]/usr/bin/git config --local includeIf.gitdir:/github/workspace/Dependencies/STD/.git.path /github/runner_temp/git-credentials-d673a800-38ad-43ea-a67d-864cadce0683.config
2026-09-11T22:06:53.1593226Z [command]/usr/bin/git config --local includeIf.gitdir:/github/workspace/Dependencies/STD/.git/worktrees/*.path /github/runner_temp/git-credentials-d673a800-38ad-43ea-a67d-864cadce0683.config
2026-09-11T22:06:53.1627529Z ##[endgroup]
2026-09-11T22:06:53.1628221Z ##[group]Fetching the repository
2026-09-11T22:06:53.1635566Z [command]/usr/bin/git -c protocol.version=2 fetch --no-tags --prune --no-recurse-submodules --depth=1 origin 5a018305fb470dfe00e94466150b3c04f207e252
2026-09-11T22:06:53.5287796Z From https://github.com/Matanek/Silex-Lib-STD
2026-09-11T22:06:53.5288595Z  * branch            5a018305fb470dfe00e94466150b3c04f207e252 -> FETCH_HEAD
2026-09-11T22:06:53.5300201Z [command]/usr/bin/git rev-parse --verify --quiet 5a018305fb470dfe00e94466150b3c04f207e252^{object}
2026-09-11T22:06:53.5332578Z 5a018305fb470dfe00e94466150b3c04f207e252
2026-09-11T22:06:53.5337019Z ##[endgroup]
2026-09-11T22:06:53.5337430Z ##[group]Determining the checkout info
2026-09-11T22:06:53.5338501Z ##[endgroup]
2026-09-11T22:06:53.5344084Z [command]/usr/bin/git sparse-checkout disable
2026-09-11T22:06:53.5391509Z [command]/usr/bin/git config --local --unset-all extensions.worktreeConfig
2026-09-11T22:06:53.5431234Z ##[group]Checking out the ref
2026-09-11T22:06:53.5431796Z [command]/usr/bin/git checkout --progress --force 5a018305fb470dfe00e94466150b3c04f207e252
2026-09-11T22:06:53.5710834Z Note: switching to '5a018305fb470dfe00e94466150b3c04f207e252'.
2026-09-11T22:06:53.5711358Z 
2026-09-11T22:06:53.5711720Z You are in 'detached HEAD' state. You can look around, make experimental
2026-09-11T22:06:53.5712284Z changes and commit them, and you can discard any commits you make in this
2026-09-11T22:06:53.5712796Z state without impacting any branches by switching back to a branch.
2026-09-11T22:06:53.5713083Z 
2026-09-11T22:06:53.5713270Z If you want to create a new branch to retain commits you create, you may
2026-09-11T22:06:53.5713724Z do so (now or later) by using -c with the switch command. Example:
2026-09-11T22:06:53.5714099Z 
2026-09-11T22:06:53.5714276Z   git switch -c <new-branch-name>
2026-09-11T22:06:53.5714577Z 
2026-09-11T22:06:53.5714861Z Or undo this operation with:
2026-09-11T22:06:53.5715118Z 
2026-09-11T22:06:53.5715247Z   git switch -
2026-09-11T22:06:53.5715451Z 
2026-09-11T22:06:53.5715772Z Turn off this advice by setting config variable advice.detachedHead to false
2026-09-11T22:06:53.5716335Z 
2026-09-11T22:06:53.5716510Z HEAD is now at 5a01830 Prepare STD 0.21.0
2026-09-11T22:06:53.5719761Z ##[endgroup]
2026-09-11T22:06:53.5770896Z [command]/usr/bin/git log -1 --format=%H
2026-09-11T22:06:53.5804178Z 5a018305fb470dfe00e94466150b3c04f207e252
2026-09-11T22:06:53.5957062Z ##[group]Run set -euo pipefail
2026-09-11T22:06:53.5957510Z [36;1mset -euo pipefail[0m
2026-09-11T22:06:53.5957811Z [36;1marchive="$RUNNER_TEMP/zig.tar.xz"[0m
2026-09-11T22:06:53.5958368Z [36;1mcurl -fL https://ziglang.org/download/0.16.0/zig-x86_64-linux-0.16.0.tar.xz -o "$archive"[0m
2026-09-11T22:06:53.5959098Z [36;1mecho "70e49664a74374b48b51e6f3fdfbf437f6395d42509050588bd49abe52ba3d00  $archive" | sha256sum -c -[0m
2026-09-11T22:06:53.5959679Z [36;1mtar -xJf "$archive" -C "$RUNNER_TEMP"[0m
2026-09-11T22:06:53.5960061Z [36;1mecho "$RUNNER_TEMP/zig-x86_64-linux-0.16.0" >> "$GITHUB_PATH"[0m
2026-09-11T22:06:53.6007154Z shell: /usr/bin/bash --noprofile --norc -e -o pipefail {0}
2026-09-11T22:06:53.6007567Z ##[endgroup]
2026-09-11T22:06:53.6179120Z   % Total    % Received % Xferd  Average Speed   Time    Time     Time  Current
2026-09-11T22:06:53.6179858Z                                  Dload  Upload   Total   Spent    Left  Speed
2026-09-11T22:06:53.6180237Z 
2026-09-11T22:06:54.0392256Z   0     0    0     0    0     0      0      0 --:--:-- --:--:-- --:--:--     0
2026-09-11T22:06:55.0719876Z   0     0    0     0    0     0      0      0 --:--:-- --:--:-- --:--:--     0
2026-09-11T22:06:56.0403955Z   2 52.9M    2 1311k    0     0   902k      0  0:01:00  0:00:01  0:00:59  902k
2026-09-11T22:06:57.0982636Z  30 52.9M   30 15.9M    0     0  6729k      0  0:00:08  0:00:02  0:00:06 6728k
2026-09-11T22:06:57.6052792Z  75 52.9M   75 40.0M    0     0  11.5M      0  0:00:04  0:00:03  0:00:01 11.5M
2026-09-11T22:06:57.6053323Z 100 52.9M  100 52.9M    0     0  13.2M      0  0:00:03  0:00:03 --:--:-- 13.2M
2026-09-11T22:06:57.6561893Z /home/runner/work/_temp/zig.tar.xz: OK
2026-09-11T22:07:01.5562928Z ##[group]Run set -euo pipefail
2026-09-11T22:07:01.5563350Z [36;1mset -euo pipefail[0m
2026-09-11T22:07:01.5563616Z [36;1mtest "$(uname -m)" = "x86_64"[0m
2026-09-11T22:07:01.5563918Z [36;1mexport HOME="$RUNNER_TEMP/home"[0m
2026-09-11T22:07:01.5564202Z [36;1mmkdir -p "$HOME"[0m
2026-09-11T22:07:01.5564511Z [36;1mzig build -Doptimize=ReleaseFast -Dcpu=baseline \[0m
2026-09-11T22:07:01.5564893Z [36;1m  --prefix "$RUNNER_TEMP/silex-prefix" \[0m
2026-09-11T22:07:01.5565221Z [36;1m  --build-file Toolchain/build.zig[0m
2026-09-11T22:07:01.5565548Z [36;1msilex="$RUNNER_TEMP/silex-prefix/bin/silex"[0m
2026-09-11T22:07:01.5565853Z [36;1m"$silex" setup[0m
2026-09-11T22:07:01.5566241Z [36;1m"$silex" link "$GITHUB_WORKSPACE/Dependencies/STD" --workspace "$GITHUB_WORKSPACE"[0m
2026-09-11T22:07:01.5566763Z [36;1m"$silex" test "$GITHUB_WORKSPACE/Tests/Types/Str/Operators.sx"[0m
2026-09-11T22:07:01.5567249Z [36;1m"$silex" test "$GITHUB_WORKSPACE/Tests/Types/Str/Returns.sx"[0m
2026-09-11T22:07:01.5567884Z [36;1m"$silex" test "$GITHUB_WORKSPACE/Tests/Native/NativePortability.sx"[0m
2026-09-11T22:07:01.5568382Z [36;1m"$silex" compile "$GITHUB_WORKSPACE/Tests/Native/NativePortability.sx" \[0m
2026-09-11T22:07:01.5568831Z [36;1m  --release -o "$RUNNER_TEMP/native-portability"[0m
2026-09-11T22:07:01.5569240Z [36;1mportability_output=$("$RUNNER_TEMP/native-portability")[0m
2026-09-11T22:07:01.5569616Z [36;1mprintf '%s\n' "$portability_output"[0m
2026-09-11T22:07:01.5570061Z [36;1mcycle_drops=$(printf '%s\n' "$portability_output" | grep -c '^native cycle drop$')[0m
2026-09-11T22:07:01.5570492Z [36;1mtest "$cycle_drops" -eq 6[0m
2026-09-11T22:07:01.5571162Z [36;1m"$silex" compile "$GITHUB_WORKSPACE/Tests/Native/DistributionSmoke.sx" \[0m
2026-09-11T22:07:01.5571603Z [36;1m  --release -o "$RUNNER_TEMP/distribution-smoke"[0m
2026-09-11T22:07:01.5572024Z [36;1mtest "$("$RUNNER_TEMP/distribution-smoke")" = "silex distribution ready"[0m
2026-09-11T22:07:01.5572654Z [36;1maggregate_fixture="$GITHUB_WORKSPACE/Toolchain/Benchmarks/Optimizer/Regressions/AggregateFieldStores.sx"[0m
2026-09-11T22:07:01.5573368Z [36;1mtest "$("$silex" interpret "$aggregate_fixture" --nocache)" = "aggregate field stores preserved"[0m
2026-09-11T22:07:01.5573848Z [36;1mfor mode in debug release; do[0m
2026-09-11T22:07:01.5574190Z [36;1m  "$silex" compile "$aggregate_fixture" "--$mode" --nocache \[0m
2026-09-11T22:07:01.5574581Z [36;1m    -o "$RUNNER_TEMP/aggregate-fields-$mode"[0m
2026-09-11T22:07:01.5575037Z [36;1m  test "$("$RUNNER_TEMP/aggregate-fields-$mode")" = "aggregate field stores preserved"[0m
2026-09-11T22:07:01.5575460Z [36;1mdone[0m
2026-09-11T22:07:01.5575837Z [36;1mminmax_fixture="$GITHUB_WORKSPACE/Toolchain/Benchmarks/Native/ScalarMathMinMax.sx"[0m
2026-09-11T22:07:01.5576282Z [36;1mfor mode in debug release; do[0m
2026-09-11T22:07:01.5576616Z [36;1m  "$silex" compile "$minmax_fixture" "--$mode" --nocache \[0m
2026-09-11T22:07:01.5577004Z [36;1m    -o "$RUNNER_TEMP/scalar-math-minmax-$mode"[0m
2026-09-11T22:07:01.5577496Z [36;1m  test "$("$RUNNER_TEMP/scalar-math-minmax-$mode")" = "scalar-math-minmax: pass"[0m
2026-09-11T22:07:01.5577903Z [36;1mdone[0m
2026-09-11T22:07:01.5578262Z [36;1m# Compile the exact standalone witness without the optimizer package's STD graph.[0m
2026-09-11T22:07:01.5578740Z [36;1mscalar_root="$RUNNER_TEMP/scalar-float-fixture"[0m
2026-09-11T22:07:01.5579064Z [36;1mmkdir -p "$scalar_root"[0m
2026-09-11T22:07:01.5579396Z [36;1mprintf '%s\n' '{"sources":"."}' > "$scalar_root/Package.json"[0m
2026-09-11T22:07:01.5579822Z [36;1mscalar_fixture="$scalar_root/ScalarFloatResidence.sx"[0m
2026-09-11T22:07:01.5580421Z [36;1mcp "$GITHUB_WORKSPACE/Toolchain/Benchmarks/Optimizer/Regressions/ScalarFloatResidence.sx" "$scalar_fixture"[0m
2026-09-11T22:07:01.5581179Z [36;1mfor mode in debug release; do[0m
2026-09-11T22:07:01.5581515Z [36;1m  "$silex" compile "$scalar_fixture" "--$mode" --nocache \[0m
2026-09-11T22:07:01.5582120Z [36;1m    -o "$RUNNER_TEMP/scalar-float-residence-$mode"[0m
2026-09-11T22:07:01.5582535Z [36;1m  scalar_output=$("$RUNNER_TEMP/scalar-float-residence-$mode")[0m
2026-09-11T22:07:01.5582959Z [36;1m  test "$(printf '%s\n' "$scalar_output" | wc -l)" -eq 9[0m
2026-09-11T22:07:01.5583386Z [36;1m  test "$(printf '%s\n' "$scalar_output" | grep -c '^true$')" -eq 9[0m
2026-09-11T22:07:01.5583726Z [36;1mdone[0m
2026-09-11T22:07:01.5583998Z [36;1mbranch_fixture="$scalar_root/BranchComparisons.sx"[0m
2026-09-11T22:07:01.5584566Z [36;1mcp "$GITHUB_WORKSPACE/Toolchain/Benchmarks/Optimizer/Regressions/BranchComparisons.sx" "$branch_fixture"[0m
2026-09-11T22:07:01.5585088Z [36;1mfor mode in debug release; do[0m
2026-09-11T22:07:01.5585418Z [36;1m  "$silex" compile "$branch_fixture" "--$mode" --nocache \[0m
2026-09-11T22:07:01.5585789Z [36;1m    -o "$RUNNER_TEMP/branch-comparisons-$mode"[0m
2026-09-11T22:07:01.5586175Z [36;1m  test "$("$RUNNER_TEMP/branch-comparisons-$mode")" = "true"[0m
2026-09-11T22:07:01.5586666Z [36;1mdone[0m
2026-09-11T22:07:01.5586931Z [36;1msnapshot_fixture="$scalar_root/BranchSnapshots.sx"[0m
2026-09-11T22:07:01.5587488Z [36;1mcp "$GITHUB_WORKSPACE/Toolchain/Benchmarks/Optimizer/Regressions/BranchSnapshots.sx" "$snapshot_fixture"[0m
2026-09-11T22:07:01.5587999Z [36;1mfor mode in debug release; do[0m
2026-09-11T22:07:01.5588321Z [36;1m  "$silex" compile "$snapshot_fixture" "--$mode" --nocache \[0m
2026-09-11T22:07:01.5588692Z [36;1m    -o "$RUNNER_TEMP/branch-snapshots-$mode"[0m
2026-09-11T22:07:01.5589064Z [36;1m  snapshot_output=$("$RUNNER_TEMP/branch-snapshots-$mode")[0m
2026-09-11T22:07:01.5589465Z [36;1m  test "$(printf '%s\n' "$snapshot_output" | wc -l)" -eq 8[0m
2026-09-11T22:07:01.5589872Z [36;1m  test "$(printf '%s\n' "$snapshot_output" | grep -c '^true$')" -eq 8[0m
2026-09-11T22:07:01.5590216Z [36;1mdone[0m
2026-09-11T22:07:01.5590518Z [36;1mloop_exit_fixture="$scalar_root/LoopExitResidence.sx"[0m
2026-09-11T22:07:01.5591473Z [36;1mcp "$GITHUB_WORKSPACE/Toolchain/Benchmarks/Optimizer/Regressions/LoopExitResidence.sx" "$loop_exit_fixture"[0m
2026-09-11T22:07:01.5592017Z [36;1mfor mode in debug release; do[0m
2026-09-11T22:07:01.5592360Z [36;1m  "$silex" compile "$loop_exit_fixture" "--$mode" --nocache \[0m
2026-09-11T22:07:01.5592751Z [36;1m    -o "$RUNNER_TEMP/loop-exit-residence-$mode"[0m
2026-09-11T22:07:01.5593139Z [36;1m  loop_exit_output=$("$RUNNER_TEMP/loop-exit-residence-$mode")[0m
2026-09-11T22:07:01.5593552Z [36;1m  test "$(printf '%s\n' "$loop_exit_output" | wc -l)" -eq 5[0m
2026-09-11T22:07:01.5593966Z [36;1m  test "$(printf '%s\n' "$loop_exit_output" | grep -c '^true$')" -eq 5[0m
2026-09-11T22:07:01.5594308Z [36;1mdone[0m
2026-09-11T22:07:01.5594595Z [36;1mfloat_memory_fixture="$scalar_root/FloatMemoryResidence.sx"[0m
2026-09-11T22:07:01.5595226Z [36;1mcp "$GITHUB_WORKSPACE/Toolchain/Benchmarks/Optimizer/Regressions/FloatMemoryResidence.sx" "$float_memory_fixture"[0m
2026-09-11T22:07:01.5595783Z [36;1mfor mode in debug release; do[0m
2026-09-11T22:07:01.5596132Z [36;1m  "$silex" compile "$float_memory_fixture" "--$mode" --nocache \[0m
2026-09-11T22:07:01.5596532Z [36;1m    -o "$RUNNER_TEMP/float-memory-residence-$mode"[0m
2026-09-11T22:07:01.5596956Z [36;1m  float_memory_output=$("$RUNNER_TEMP/float-memory-residence-$mode")[0m
2026-09-11T22:07:01.5597426Z [36;1m  test "$(printf '%s\n' "$float_memory_output" | wc -l)" -eq 10[0m
2026-09-11T22:07:01.5597858Z [36;1m  test "$(printf '%s\n' "$float_memory_output" | grep -c '^true$')" -eq 10[0m
2026-09-11T22:07:01.5598215Z [36;1mdone[0m
2026-09-11T22:07:01.5643790Z shell: /usr/bin/bash --noprofile --norc -e -o pipefail {0}
2026-09-11T22:07:01.5644166Z ##[endgroup]
2026-09-11T22:12:25.2024616Z silex: installed Shadercross for linux-x64
2026-09-11T22:12:36.5977518Z silex: installed Native linker for linux-x64
2026-09-11T22:12:36.5994982Z silex: linked STD@0.21.0 to /home/runner/work/Silex/Silex/Dependencies/STD for this workspace
2026-09-11T22:12:50.0205242Z ok - str concatenation operand positions
2026-09-11T22:12:50.0449286Z ok - str compound concatenation
2026-09-11T22:12:50.0690926Z ok - str equality and interpolation
2026-09-11T22:12:50.0931786Z ok - str unicode scalar count
2026-09-11T22:12:50.0934138Z 4 passed; 0 failed
2026-09-11T22:12:50.1531013Z ok - str return positions
2026-09-11T22:12:50.1533306Z 1 passed; 0 failed
2026-09-11T22:12:50.2208665Z ok - execute direct indirect and dynamic calls beyond native registers
2026-09-11T22:12:50.2463364Z ok - preserve paired float32 arithmetic on native
2026-09-11T22:12:50.2721052Z ok - mutate a class-owned native list without changing its snapshot
2026-09-11T22:12:50.2987453Z ok - replace class elements in a class-owned native list
2026-09-11T22:12:50.3232924Z ok - preserve embedded byte contents on native
2026-09-11T22:12:50.3483177Z ok - format native floats through the standalone runtime
2026-09-11T22:12:50.3720007Z ok - convert native float precision in both directions
2026-09-11T22:12:50.3957358Z ok - replace and preserve an aliased native list
2026-09-11T22:12:50.4199223Z ok - swap and reverse a native list
2026-09-11T22:12:50.4438907Z ok - grow a native list at every position
2026-09-11T22:12:50.4681662Z ok - remove native list elements from every position
2026-09-11T22:12:50.4923994Z ok - slice view mutate and clear native lists
2026-09-11T22:12:50.5164129Z ok - mutable aggregate view detaches shared native list
2026-09-11T22:12:50.5407733Z copy state drop
2026-09-11T22:12:50.5408117Z copy state drop
2026-09-11T22:12:50.5408595Z ok - deep-copy repeated native class roots without collections
2026-09-11T22:12:50.5654785Z native cycle drop
2026-09-11T22:12:50.5655168Z native cycle drop
2026-09-11T22:12:50.5655537Z ok - finalize a direct native class cycle
2026-09-11T22:12:50.5903074Z native cycle drop
2026-09-11T22:12:50.5903467Z native cycle drop
2026-09-11T22:12:50.5903859Z ok - finalize a native class cycle through lists
2026-09-11T22:12:50.6143653Z native cycle drop
2026-09-11T22:12:50.6144036Z native cycle drop
2026-09-11T22:12:50.6144500Z ok - finalize a native class cycle through protocols
2026-09-11T22:12:50.6387486Z ok - execute the complete native collection mutation slice
2026-09-11T22:12:50.6636495Z copy state drop
2026-09-11T22:12:50.6636793Z copy state drop
2026-09-11T22:12:50.6637085Z ok - execute native ownership and deep-copy runtime
2026-09-11T22:12:50.6885681Z ok - preserve resource aggregates across native list growth
2026-09-11T22:12:50.7130035Z ok - serialize native mutations with mutex
2026-09-11T22:12:50.7378742Z native cycle drop
2026-09-11T22:12:50.7379128Z native cycle drop
2026-09-11T22:12:50.7379445Z native cycle drop
2026-09-11T22:12:50.7379784Z native cycle drop
2026-09-11T22:12:50.7380086Z native cycle drop
2026-09-11T22:12:50.7380378Z native cycle drop
2026-09-11T22:12:50.7381059Z ok - finalize native cycles across direct collection and protocol edges
2026-09-11T22:12:50.7388343Z 22 passed; 0 failed
2026-09-11T22:12:50.8236396Z copy state drop
2026-09-11T22:12:50.8236774Z copy state drop
2026-09-11T22:12:50.8237135Z native cycle drop
2026-09-11T22:12:50.8237437Z native cycle drop
2026-09-11T22:12:50.8237732Z native cycle drop
2026-09-11T22:12:50.8238039Z native cycle drop
2026-09-11T22:12:50.8238335Z native cycle drop
2026-09-11T22:12:50.8238630Z native cycle drop
2026-09-11T22:12:51.9676356Z Post job cleanup.
2026-09-11T22:12:52.0671356Z [command]/usr/bin/git version
2026-09-11T22:12:52.0741381Z git version 2.55.0
2026-09-11T22:12:52.0764064Z Temporarily overriding HOME='/home/runner/work/_temp/c2b9b161-3e20-41a9-ab7f-433e811690a7' before making global git config changes
2026-09-11T22:12:52.0773265Z Adding repository directory to the temporary git global config as a safe directory
2026-09-11T22:12:52.0774639Z [command]/usr/bin/git config --global --add safe.directory /home/runner/work/Silex/Silex/Dependencies/STD
2026-09-11T22:12:52.0819460Z Removing SSH command configuration
2026-09-11T22:12:52.0821824Z [command]/usr/bin/git config --local --name-only --get-regexp core\.sshCommand
2026-09-11T22:12:52.0878296Z [command]/usr/bin/git submodule foreach --recursive sh -c "git config --local --name-only --get-regexp 'core\.sshCommand' && git config --local --unset-all 'core.sshCommand' || :"
2026-09-11T22:12:52.1209792Z Removing HTTP extra header
2026-09-11T22:12:52.1211405Z [command]/usr/bin/git config --local --name-only --get-regexp http\.https\:\/\/github\.com\/\.extraheader
2026-09-11T22:12:52.1246371Z [command]/usr/bin/git submodule foreach --recursive sh -c "git config --local --name-only --get-regexp 'http\.https\:\/\/github\.com\/\.extraheader' && git config --local --unset-all 'http.https://github.com/.extraheader' || :"
2026-09-11T22:12:52.1525862Z Removing includeIf entries pointing to credentials config files
2026-09-11T22:12:52.1533948Z [command]/usr/bin/git config --local --name-only --get-regexp ^includeIf\.gitdir:
2026-09-11T22:12:52.1568741Z includeif.gitdir:/home/runner/work/Silex/Silex/Dependencies/STD/.git.path
2026-09-11T22:12:52.1585606Z includeif.gitdir:/home/runner/work/Silex/Silex/Dependencies/STD/.git/worktrees/*.path
2026-09-11T22:12:52.1587173Z includeif.gitdir:/github/workspace/Dependencies/STD/.git.path
2026-09-11T22:12:52.1588156Z includeif.gitdir:/github/workspace/Dependencies/STD/.git/worktrees/*.path
2026-09-11T22:12:52.1589885Z [command]/usr/bin/git config --local --get-all includeif.gitdir:/home/runner/work/Silex/Silex/Dependencies/STD/.git.path
2026-09-11T22:12:52.1615603Z /home/runner/work/_temp/git-credentials-d673a800-38ad-43ea-a67d-864cadce0683.config
2026-09-11T22:12:52.1645202Z [command]/usr/bin/git config --local --unset includeif.gitdir:/home/runner/work/Silex/Silex/Dependencies/STD/.git.path /home/runner/work/_temp/git-credentials-d673a800-38ad-43ea-a67d-864cadce0683.config
2026-09-11T22:12:52.1675708Z [command]/usr/bin/git config --local --get-all includeif.gitdir:/home/runner/work/Silex/Silex/Dependencies/STD/.git/worktrees/*.path
2026-09-11T22:12:52.1706207Z /home/runner/work/_temp/git-credentials-d673a800-38ad-43ea-a67d-864cadce0683.config
2026-09-11T22:12:52.1716470Z [command]/usr/bin/git config --local --unset includeif.gitdir:/home/runner/work/Silex/Silex/Dependencies/STD/.git/worktrees/*.path /home/runner/work/_temp/git-credentials-d673a800-38ad-43ea-a67d-864cadce0683.config
2026-09-11T22:12:52.1767789Z [command]/usr/bin/git config --local --get-all includeif.gitdir:/github/workspace/Dependencies/STD/.git.path
2026-09-11T22:12:52.1799910Z /github/runner_temp/git-credentials-d673a800-38ad-43ea-a67d-864cadce0683.config
2026-09-11T22:12:52.1810474Z [command]/usr/bin/git config --local --unset includeif.gitdir:/github/workspace/Dependencies/STD/.git.path /github/runner_temp/git-credentials-d673a800-38ad-43ea-a67d-864cadce0683.config
2026-09-11T22:12:52.1854674Z [command]/usr/bin/git config --local --get-all includeif.gitdir:/github/workspace/Dependencies/STD/.git/worktrees/*.path
2026-09-11T22:12:52.1887235Z /github/runner_temp/git-credentials-d673a800-38ad-43ea-a67d-864cadce0683.config
2026-09-11T22:12:52.1897186Z [command]/usr/bin/git config --local --unset includeif.gitdir:/github/workspace/Dependencies/STD/.git/worktrees/*.path /github/runner_temp/git-credentials-d673a800-38ad-43ea-a67d-864cadce0683.config
2026-09-11T22:12:52.1951432Z [command]/usr/bin/git submodule foreach --recursive git config --local --show-origin --name-only --get-regexp remote.origin.url
2026-09-11T22:12:52.2200078Z Removing credentials config '/home/runner/work/_temp/git-credentials-d673a800-38ad-43ea-a67d-864cadce0683.config'
2026-09-11T22:12:52.2403916Z Post job cleanup.
2026-09-11T22:12:52.3349355Z [command]/usr/bin/git version
2026-09-11T22:12:52.3411477Z git version 2.55.0
2026-09-11T22:12:52.3490763Z Temporarily overriding HOME='/home/runner/work/_temp/13200bd1-f832-429f-aff2-e26b2ec5d8e9' before making global git config changes
2026-09-11T22:12:52.3497645Z Adding repository directory to the temporary git global config as a safe directory
2026-09-11T22:12:52.3509213Z [command]/usr/bin/git config --global --add safe.directory /home/runner/work/Silex/Silex
2026-09-11T22:12:52.3572328Z Removing SSH command configuration
2026-09-11T22:12:52.3573406Z [command]/usr/bin/git config --local --name-only --get-regexp core\.sshCommand
2026-09-11T22:12:52.3611500Z [command]/usr/bin/git submodule foreach --recursive sh -c "git config --local --name-only --get-regexp 'core\.sshCommand' && git config --local --unset-all 'core.sshCommand' || :"
2026-09-11T22:12:52.3978575Z Removing HTTP extra header
2026-09-11T22:12:52.3985151Z [command]/usr/bin/git config --local --name-only --get-regexp http\.https\:\/\/github\.com\/\.extraheader
2026-09-11T22:12:52.4059894Z [command]/usr/bin/git submodule foreach --recursive sh -c "git config --local --name-only --get-regexp 'http\.https\:\/\/github\.com\/\.extraheader' && git config --local --unset-all 'http.https://github.com/.extraheader' || :"
2026-09-11T22:12:52.4421214Z Removing includeIf entries pointing to credentials config files
2026-09-11T22:12:52.4432943Z [command]/usr/bin/git config --local --name-only --get-regexp ^includeIf\.gitdir:
2026-09-11T22:12:52.4474272Z includeif.gitdir:/home/runner/work/Silex/Silex/.git.path
2026-09-11T22:12:52.4475263Z includeif.gitdir:/home/runner/work/Silex/Silex/.git/worktrees/*.path
2026-09-11T22:12:52.4476261Z includeif.gitdir:/github/workspace/.git.path
2026-09-11T22:12:52.4477189Z includeif.gitdir:/github/workspace/.git/worktrees/*.path
2026-09-11T22:12:52.4484683Z [command]/usr/bin/git config --local --get-all includeif.gitdir:/home/runner/work/Silex/Silex/.git.path
2026-09-11T22:12:52.4541981Z /home/runner/work/_temp/git-credentials-b2ae9557-7c20-4c4d-8080-a8499c5f61df.config
2026-09-11T22:12:52.4562173Z [command]/usr/bin/git config --local --unset includeif.gitdir:/home/runner/work/Silex/Silex/.git.path /home/runner/work/_temp/git-credentials-b2ae9557-7c20-4c4d-8080-a8499c5f61df.config
2026-09-11T22:12:52.4603669Z [command]/usr/bin/git config --local --get-all includeif.gitdir:/home/runner/work/Silex/Silex/.git/worktrees/*.path
2026-09-11T22:12:52.4637653Z /home/runner/work/_temp/git-credentials-b2ae9557-7c20-4c4d-8080-a8499c5f61df.config
2026-09-11T22:12:52.4650863Z [command]/usr/bin/git config --local --unset includeif.gitdir:/home/runner/work/Silex/Silex/.git/worktrees/*.path /home/runner/work/_temp/git-credentials-b2ae9557-7c20-4c4d-8080-a8499c5f61df.config
2026-09-11T22:12:52.4697405Z [command]/usr/bin/git config --local --get-all includeif.gitdir:/github/workspace/.git.path
2026-09-11T22:12:52.4728325Z /github/runner_temp/git-credentials-b2ae9557-7c20-4c4d-8080-a8499c5f61df.config
2026-09-11T22:12:52.4739770Z [command]/usr/bin/git config --local --unset includeif.gitdir:/github/workspace/.git.path /github/runner_temp/git-credentials-b2ae9557-7c20-4c4d-8080-a8499c5f61df.config
2026-09-11T22:12:52.4784790Z [command]/usr/bin/git config --local --get-all includeif.gitdir:/github/workspace/.git/worktrees/*.path
2026-09-11T22:12:52.4815449Z /github/runner_temp/git-credentials-b2ae9557-7c20-4c4d-8080-a8499c5f61df.config
2026-09-11T22:12:52.4828157Z [command]/usr/bin/git config --local --unset includeif.gitdir:/github/workspace/.git/worktrees/*.path /github/runner_temp/git-credentials-b2ae9557-7c20-4c4d-8080-a8499c5f61df.config
2026-09-11T22:12:52.4877274Z [command]/usr/bin/git submodule foreach --recursive git config --local --show-origin --name-only --get-regexp remote.origin.url
2026-09-11T22:12:52.5141985Z Removing credentials config '/home/runner/work/_temp/git-credentials-b2ae9557-7c20-4c4d-8080-a8499c5f61df.config'
2026-09-11T22:12:52.5321284Z Cleaning up orphan processes

