2026-09-11T22:06:50.0787090Z Current runner version: '2.337.0'
2026-09-11T22:06:50.0823646Z ##[group]Runner Image Provisioner
2026-09-11T22:06:50.0825530Z Hosted Compute Agent
2026-09-11T22:06:50.0826593Z Version: 20260828.587
2026-09-11T22:06:50.0827815Z Commit: abac92662cab4cc7352de4f9f9d2e2419aad9c29
2026-09-11T22:06:50.0829076Z Build Date: 2026-08-28T16:44:25Z
2026-09-11T22:06:50.0830401Z Worker ID: {9acb9be2-58c5-486b-ab81-7b0237768f18}
2026-09-11T22:06:50.0832031Z Azure Region: eastus
2026-09-11T22:06:50.0833120Z ##[endgroup]
2026-09-11T22:06:50.0835594Z ##[group]Operating System
2026-09-11T22:06:50.0836790Z Ubuntu
2026-09-11T22:06:50.0837799Z 24.04.5
2026-09-11T22:06:50.0839310Z LTS
2026-09-11T22:06:50.0840338Z ##[endgroup]
2026-09-11T22:06:50.0841546Z ##[group]Runner Image
2026-09-11T22:06:50.0842622Z Image: ubuntu-24.04
2026-09-11T22:06:50.0843675Z Version: 20260907.300.1
2026-09-11T22:06:50.0845967Z Included Software: https://github.com/actions/runner-images/blob/ubuntu24/20260907.300/images/ubuntu/Ubuntu2404-Readme.md
2026-09-11T22:06:50.0848907Z Image Release: https://github.com/actions/runner-images/releases/tag/ubuntu24%2F20260907.300
2026-09-11T22:06:50.0850640Z ##[endgroup]
2026-09-11T22:06:50.0853088Z ##[group]GITHUB_TOKEN Permissions
2026-09-11T22:06:50.0855969Z Contents: read
2026-09-11T22:06:50.0857183Z Metadata: read
2026-09-11T22:06:50.0858183Z ##[endgroup]
2026-09-11T22:06:50.0861715Z Secret source: Actions
2026-09-11T22:06:50.0863292Z Cache mode: write
2026-09-11T22:06:50.0864868Z Prepare workflow directory
2026-09-11T22:06:50.1362071Z Prepare all required actions
2026-09-11T22:06:50.1438404Z Getting action download info
2026-09-11T22:06:50.3118284Z Download action repository 'actions/checkout@v6' (SHA:d23441a48e516b6c34aea4fa41551a30e30af803)
2026-09-11T22:06:50.4215658Z Download action repository 'actions/upload-artifact@v4' (SHA:ea165f8d65b6e75b540449e92b4886f43607fa02)
2026-09-11T22:06:50.6329582Z Complete job name: windows-arm64-build
2026-09-11T22:06:50.7092858Z ##[group]Run actions/checkout@v6
2026-09-11T22:06:50.7093765Z with:
2026-09-11T22:06:50.7094213Z   repository: Matanek/Silex
2026-09-11T22:06:50.7097899Z   token: ***
2026-09-11T22:06:50.7098336Z   ssh-strict: true
2026-09-11T22:06:50.7098772Z   ssh-user: git
2026-09-11T22:06:50.7099211Z   persist-credentials: true
2026-09-11T22:06:50.7099706Z   clean: true
2026-09-11T22:06:50.7100168Z   sparse-checkout-cone-mode: true
2026-09-11T22:06:50.7100692Z   fetch-depth: 1
2026-09-11T22:06:50.7101333Z   fetch-tags: false
2026-09-11T22:06:50.7101780Z   show-progress: true
2026-09-11T22:06:50.7102222Z   lfs: false
2026-09-11T22:06:50.7102629Z   submodules: false
2026-09-11T22:06:50.7103072Z   set-safe-directory: true
2026-09-11T22:06:50.7103579Z   allow-unsafe-pr-checkout: false
2026-09-11T22:06:50.7104369Z ##[endgroup]
2026-09-11T22:06:50.8158317Z Syncing repository: Matanek/Silex
2026-09-11T22:06:50.8160191Z ##[group]Getting Git version info
2026-09-11T22:06:50.8161312Z Working directory is '/home/runner/work/Silex/Silex'
2026-09-11T22:06:50.8170341Z [command]/usr/bin/git version
2026-09-11T22:06:50.8299279Z git version 2.55.0
2026-09-11T22:06:50.8328956Z ##[endgroup]
2026-09-11T22:06:50.8346697Z Temporarily overriding HOME='/home/runner/work/_temp/48df5955-0773-43b6-b7ae-0275d6ab9f6d' before making global git config changes
2026-09-11T22:06:50.8348418Z Adding repository directory to the temporary git global config as a safe directory
2026-09-11T22:06:50.8353885Z [command]/usr/bin/git config --global --add safe.directory /home/runner/work/Silex/Silex
2026-09-11T22:06:50.8414226Z Deleting the contents of '/home/runner/work/Silex/Silex'
2026-09-11T22:06:50.8427478Z ##[group]Determining repository object format
2026-09-11T22:06:50.8436778Z ##[endgroup]
2026-09-11T22:06:50.8437892Z ##[group]Initializing the repository
2026-09-11T22:06:50.8439394Z [command]/usr/bin/git init /home/runner/work/Silex/Silex
2026-09-11T22:06:50.8553229Z hint: Using 'master' as the name for the initial branch. This default branch name
2026-09-11T22:06:50.8555147Z hint: will change to "main" in Git 3.0. To configure the initial branch name
2026-09-11T22:06:50.8557501Z hint: to use in all of your new repositories, which will suppress this warning,
2026-09-11T22:06:50.8558329Z hint: call:
2026-09-11T22:06:50.8558759Z hint:
2026-09-11T22:06:50.8559282Z hint: 	git config --global init.defaultBranch <name>
2026-09-11T22:06:50.8560074Z hint:
2026-09-11T22:06:50.8560701Z hint: Names commonly chosen instead of 'master' are 'main', 'trunk' and
2026-09-11T22:06:50.8562693Z hint: 'development'. The just-created branch can be renamed via this command:
2026-09-11T22:06:50.8563868Z hint:
2026-09-11T22:06:50.8564317Z hint: 	git branch -m <name>
2026-09-11T22:06:50.8564835Z hint:
2026-09-11T22:06:50.8565503Z hint: Disable this message with "git config set advice.defaultBranchName false"
2026-09-11T22:06:50.8567133Z Initialized empty Git repository in /home/runner/work/Silex/Silex/.git/
2026-09-11T22:06:50.8570725Z [command]/usr/bin/git remote add origin https://github.com/Matanek/Silex
2026-09-11T22:06:50.8629999Z ##[endgroup]
2026-09-11T22:06:50.8630865Z ##[group]Disabling automatic garbage collection
2026-09-11T22:06:50.8635447Z [command]/usr/bin/git config --local gc.auto 0
2026-09-11T22:06:50.8667872Z ##[endgroup]
2026-09-11T22:06:50.8669463Z ##[group]Setting up auth
2026-09-11T22:06:50.8670234Z Removing SSH command configuration
2026-09-11T22:06:50.8676481Z [command]/usr/bin/git config --local --name-only --get-regexp core\.sshCommand
2026-09-11T22:06:50.8716221Z [command]/usr/bin/git submodule foreach --recursive sh -c "git config --local --name-only --get-regexp 'core\.sshCommand' && git config --local --unset-all 'core.sshCommand' || :"
2026-09-11T22:06:50.9100046Z Removing HTTP extra header
2026-09-11T22:06:50.9107740Z [command]/usr/bin/git config --local --name-only --get-regexp http\.https\:\/\/github\.com\/\.extraheader
2026-09-11T22:06:50.9149714Z [command]/usr/bin/git submodule foreach --recursive sh -c "git config --local --name-only --get-regexp 'http\.https\:\/\/github\.com\/\.extraheader' && git config --local --unset-all 'http.https://github.com/.extraheader' || :"
2026-09-11T22:06:50.9369966Z Removing includeIf entries pointing to credentials config files
2026-09-11T22:06:50.9377424Z [command]/usr/bin/git config --local --name-only --get-regexp ^includeIf\.gitdir:
2026-09-11T22:06:50.9414946Z [command]/usr/bin/git submodule foreach --recursive git config --local --show-origin --name-only --get-regexp remote.origin.url
2026-09-11T22:06:50.9644040Z [command]/usr/bin/git config --file /home/runner/work/_temp/git-credentials-17b864da-8225-4d85-8d4e-3e26a31b4119.config http.https://github.com/.extraheader AUTHORIZATION: basic ***
2026-09-11T22:06:50.9686180Z [command]/usr/bin/git config --local includeIf.gitdir:/home/runner/work/Silex/Silex/.git.path /home/runner/work/_temp/git-credentials-17b864da-8225-4d85-8d4e-3e26a31b4119.config
2026-09-11T22:06:50.9721930Z [command]/usr/bin/git config --local includeIf.gitdir:/home/runner/work/Silex/Silex/.git/worktrees/*.path /home/runner/work/_temp/git-credentials-17b864da-8225-4d85-8d4e-3e26a31b4119.config
2026-09-11T22:06:50.9760339Z [command]/usr/bin/git config --local includeIf.gitdir:/github/workspace/.git.path /github/runner_temp/git-credentials-17b864da-8225-4d85-8d4e-3e26a31b4119.config
2026-09-11T22:06:50.9796864Z [command]/usr/bin/git config --local includeIf.gitdir:/github/workspace/.git/worktrees/*.path /github/runner_temp/git-credentials-17b864da-8225-4d85-8d4e-3e26a31b4119.config
2026-09-11T22:06:50.9829297Z ##[endgroup]
2026-09-11T22:06:50.9830043Z ##[group]Fetching the repository
2026-09-11T22:06:50.9838444Z [command]/usr/bin/git -c protocol.version=2 fetch --no-tags --prune --no-recurse-submodules --depth=1 origin +7bd153ce94975ccc2143679a85ef99fd1fa0db4f:refs/remotes/origin/spec-silex-optimization-parity-completion
2026-09-11T22:06:52.4099196Z From https://github.com/Matanek/Silex
2026-09-11T22:06:52.4113713Z  * [new ref]         7bd153ce94975ccc2143679a85ef99fd1fa0db4f -> origin/spec-silex-optimization-parity-completion
2026-09-11T22:06:52.4117978Z [command]/usr/bin/git branch --list --remote origin/spec-silex-optimization-parity-completion
2026-09-11T22:06:52.4148829Z   origin/spec-silex-optimization-parity-completion
2026-09-11T22:06:52.4170035Z [command]/usr/bin/git rev-parse refs/remotes/origin/spec-silex-optimization-parity-completion
2026-09-11T22:06:52.4188764Z 7bd153ce94975ccc2143679a85ef99fd1fa0db4f
2026-09-11T22:06:52.4202540Z ##[endgroup]
2026-09-11T22:06:52.4204230Z ##[group]Determining the checkout info
2026-09-11T22:06:52.4205995Z ##[endgroup]
2026-09-11T22:06:52.4207027Z [command]/usr/bin/git sparse-checkout disable
2026-09-11T22:06:52.4263043Z [command]/usr/bin/git config --local --unset-all extensions.worktreeConfig
2026-09-11T22:06:52.4297977Z ##[group]Checking out the ref
2026-09-11T22:06:52.4314837Z [command]/usr/bin/git checkout --progress --force -B spec-silex-optimization-parity-completion refs/remotes/origin/spec-silex-optimization-parity-completion
2026-09-11T22:06:52.6292907Z Switched to a new branch 'spec-silex-optimization-parity-completion'
2026-09-11T22:06:52.6297718Z branch 'spec-silex-optimization-parity-completion' set up to track 'origin/spec-silex-optimization-parity-completion'.
2026-09-11T22:06:52.6312595Z ##[endgroup]
2026-09-11T22:06:52.6360331Z [command]/usr/bin/git log -1 --format=%H
2026-09-11T22:06:52.6389640Z 7bd153ce94975ccc2143679a85ef99fd1fa0db4f
2026-09-11T22:06:52.6661616Z ##[group]Run set -euo pipefail
2026-09-11T22:06:52.6663006Z [36;1mset -euo pipefail[0m
2026-09-11T22:06:52.6664271Z [36;1marchive="$RUNNER_TEMP/zig.tar.xz"[0m
2026-09-11T22:06:52.6666524Z [36;1mcurl -fL https://ziglang.org/download/0.16.0/zig-x86_64-linux-0.16.0.tar.xz -o "$archive"[0m
2026-09-11T22:06:52.6669803Z [36;1mecho "70e49664a74374b48b51e6f3fdfbf437f6395d42509050588bd49abe52ba3d00  $archive" | sha256sum -c -[0m
2026-09-11T22:06:52.6672554Z [36;1mtar -xJf "$archive" -C "$RUNNER_TEMP"[0m
2026-09-11T22:06:52.6674317Z [36;1mecho "$RUNNER_TEMP/zig-x86_64-linux-0.16.0" >> "$GITHUB_PATH"[0m
2026-09-11T22:06:52.6717951Z shell: /usr/bin/bash --noprofile --norc -e -o pipefail {0}
2026-09-11T22:06:52.6719584Z ##[endgroup]
2026-09-11T22:06:52.6894679Z   % Total    % Received % Xferd  Average Speed   Time    Time     Time  Current
2026-09-11T22:06:52.6897576Z                                  Dload  Upload   Total   Spent    Left  Speed
2026-09-11T22:06:52.6899032Z 
2026-09-11T22:06:53.0967792Z   0     0    0     0    0     0      0      0 --:--:-- --:--:-- --:--:--     0
2026-09-11T22:06:54.1052994Z   0     0    0     0    0     0      0      0 --:--:-- --:--:-- --:--:--     0
2026-09-11T22:06:55.1187524Z   1 52.9M    1  991k    0     0   700k      0  0:01:17  0:00:01  0:01:16  700k
2026-09-11T22:06:56.0895867Z  31 52.9M   31 16.6M    0     0  7013k      0  0:00:07  0:00:02  0:00:05 7012k
2026-09-11T22:06:56.5296660Z  81 52.9M   81 43.1M    0     0  12.6M      0  0:00:04  0:00:03  0:00:01 12.6M
2026-09-11T22:06:56.5297690Z 100 52.9M  100 52.9M    0     0  13.7M      0  0:00:03  0:00:03 --:--:-- 13.7M
2026-09-11T22:06:56.5751708Z /home/runner/work/_temp/zig.tar.xz: OK
2026-09-11T22:07:00.4178075Z ##[group]Run set -euo pipefail
2026-09-11T22:07:00.4178431Z [36;1mset -euo pipefail[0m
2026-09-11T22:07:00.4178735Z [36;1mstage="$RUNNER_TEMP/windows-arm64-bootstrap"[0m
2026-09-11T22:07:00.4179067Z [36;1mmkdir -p "$stage/boundary"[0m
2026-09-11T22:07:00.4179484Z [36;1mzig build -Dtarget=aarch64-windows -Doptimize=ReleaseFast -Dcpu=baseline \[0m
2026-09-11T22:07:00.4179926Z [36;1m  --prefix "$stage/silex" \[0m
2026-09-11T22:07:00.4180214Z [36;1m  --build-file Toolchain/build.zig[0m
2026-09-11T22:07:00.4180686Z [36;1mzig build-lib Tests/Target/windows-arm64/WindowsArm64BoundaryProbe/Provider.zig \[0m
2026-09-11T22:07:00.4181647Z [36;1m  -O ReleaseSmall \[0m
2026-09-11T22:07:00.4182092Z [36;1m  -target aarch64-windows \[0m
2026-09-11T22:07:00.4182533Z [36;1m  -femit-bin="$stage/boundary/BoundaryProbe.lib"[0m
2026-09-11T22:07:00.4182963Z [36;1mtest "$(head -c 8 "$stage/boundary/BoundaryProbe.lib")" = "!<arch>"[0m
2026-09-11T22:07:00.4224517Z shell: /usr/bin/bash --noprofile --norc -e -o pipefail {0}
2026-09-11T22:07:00.4224876Z ##[endgroup]
2026-09-11T22:12:19.4675418Z Node 20 is being deprecated. This workflow is running with Node 24 by default. If you need to temporarily use Node 20, you can set the ACTIONS_ALLOW_USE_UNSECURE_NODE_VERSION=true environment variable. For more information see: https://github.blog/changelog/2025-09-19-deprecation-of-node-20-on-github-actions-runners/
2026-09-11T22:12:19.4677378Z ##[group]Run actions/upload-artifact@v4
2026-09-11T22:12:19.4677669Z with:
2026-09-11T22:12:19.4677874Z   name: windows-arm64-bootstrap
2026-09-11T22:12:19.4678193Z   path: /home/runner/work/_temp/windows-arm64-bootstrap
2026-09-11T22:12:19.4678507Z   retention-days: 1
2026-09-11T22:12:19.4678719Z   if-no-files-found: error
2026-09-11T22:12:19.4678943Z   compression-level: 6
2026-09-11T22:12:19.4679151Z   overwrite: false
2026-09-11T22:12:19.4679379Z   include-hidden-files: false
2026-09-11T22:12:19.4679642Z ##[endgroup]
2026-09-11T22:12:19.6383904Z (node:2569) [DEP0040] DeprecationWarning: The `punycode` module is deprecated. Please use a userland alternative instead.
2026-09-11T22:12:19.6384703Z (Use `node --trace-deprecation ...` to show where the warning was created)
2026-09-11T22:12:19.6478765Z With the provided path, there will be 3 files uploaded
2026-09-11T22:12:19.6485068Z Artifact name is valid!
2026-09-11T22:12:19.6485835Z Root directory input is valid!
2026-09-11T22:12:19.8558950Z Beginning upload of artifact content to blob storage
2026-09-11T22:12:20.6820337Z (node:2569) [DEP0169] DeprecationWarning: `url.parse()` behavior is not standardized and prone to errors that have security implications. Use the WHATWG URL API instead. CVEs are not issued for `url.parse()` vulnerabilities.
2026-09-11T22:12:20.8233542Z Uploaded bytes 8388608
2026-09-11T22:12:20.8515368Z Uploaded bytes 8761493
2026-09-11T22:12:20.8669908Z Finished uploading artifact content to blob storage!
2026-09-11T22:12:20.8671269Z SHA256 digest of uploaded artifact zip is adc7c3e71d56eeeeedbcc1bde518742357bf96a1175355b3c6a22ecd2c7c41f1
2026-09-11T22:12:20.8673421Z Finalizing artifact upload
2026-09-11T22:12:21.0650134Z Artifact windows-arm64-bootstrap.zip successfully finalized. Artifact ID 10285005403
2026-09-11T22:12:21.0651705Z Artifact windows-arm64-bootstrap has been successfully uploaded! Final size is 8761493 bytes. Artifact ID is 10285005403
2026-09-11T22:12:21.0667829Z Artifact download URL: https://github.com/Matanek/Silex/actions/runs/34652524590/artifacts/10285005403
2026-09-11T22:12:21.0904254Z Post job cleanup.
2026-09-11T22:12:21.1785407Z [command]/usr/bin/git version
2026-09-11T22:12:21.1841399Z git version 2.55.0
2026-09-11T22:12:21.1886191Z Temporarily overriding HOME='/home/runner/work/_temp/d98ad88e-be99-4a1c-a2aa-5f2b771f3591' before making global git config changes
2026-09-11T22:12:21.1887776Z Adding repository directory to the temporary git global config as a safe directory
2026-09-11T22:12:21.1893829Z [command]/usr/bin/git config --global --add safe.directory /home/runner/work/Silex/Silex
2026-09-11T22:12:21.1931930Z Removing SSH command configuration
2026-09-11T22:12:21.1942223Z [command]/usr/bin/git config --local --name-only --get-regexp core\.sshCommand
2026-09-11T22:12:21.1984719Z [command]/usr/bin/git submodule foreach --recursive sh -c "git config --local --name-only --get-regexp 'core\.sshCommand' && git config --local --unset-all 'core.sshCommand' || :"
2026-09-11T22:12:21.2251796Z Removing HTTP extra header
2026-09-11T22:12:21.2255733Z [command]/usr/bin/git config --local --name-only --get-regexp http\.https\:\/\/github\.com\/\.extraheader
2026-09-11T22:12:21.2295848Z [command]/usr/bin/git submodule foreach --recursive sh -c "git config --local --name-only --get-regexp 'http\.https\:\/\/github\.com\/\.extraheader' && git config --local --unset-all 'http.https://github.com/.extraheader' || :"
2026-09-11T22:12:21.2562544Z Removing includeIf entries pointing to credentials config files
2026-09-11T22:12:21.2570397Z [command]/usr/bin/git config --local --name-only --get-regexp ^includeIf\.gitdir:
2026-09-11T22:12:21.2638193Z includeif.gitdir:/home/runner/work/Silex/Silex/.git.path
2026-09-11T22:12:21.2639140Z includeif.gitdir:/home/runner/work/Silex/Silex/.git/worktrees/*.path
2026-09-11T22:12:21.2640030Z includeif.gitdir:/github/workspace/.git.path
2026-09-11T22:12:21.2640916Z includeif.gitdir:/github/workspace/.git/worktrees/*.path
2026-09-11T22:12:21.2649778Z [command]/usr/bin/git config --local --get-all includeif.gitdir:/home/runner/work/Silex/Silex/.git.path
2026-09-11T22:12:21.2679828Z /home/runner/work/_temp/git-credentials-17b864da-8225-4d85-8d4e-3e26a31b4119.config
2026-09-11T22:12:21.2692562Z [command]/usr/bin/git config --local --unset includeif.gitdir:/home/runner/work/Silex/Silex/.git.path /home/runner/work/_temp/git-credentials-17b864da-8225-4d85-8d4e-3e26a31b4119.config
2026-09-11T22:12:21.2744724Z [command]/usr/bin/git config --local --get-all includeif.gitdir:/home/runner/work/Silex/Silex/.git/worktrees/*.path
2026-09-11T22:12:21.2780810Z /home/runner/work/_temp/git-credentials-17b864da-8225-4d85-8d4e-3e26a31b4119.config
2026-09-11T22:12:21.2795590Z [command]/usr/bin/git config --local --unset includeif.gitdir:/home/runner/work/Silex/Silex/.git/worktrees/*.path /home/runner/work/_temp/git-credentials-17b864da-8225-4d85-8d4e-3e26a31b4119.config
2026-09-11T22:12:21.2842494Z [command]/usr/bin/git config --local --get-all includeif.gitdir:/github/workspace/.git.path
2026-09-11T22:12:21.2873462Z /github/runner_temp/git-credentials-17b864da-8225-4d85-8d4e-3e26a31b4119.config
2026-09-11T22:12:21.2884554Z [command]/usr/bin/git config --local --unset includeif.gitdir:/github/workspace/.git.path /github/runner_temp/git-credentials-17b864da-8225-4d85-8d4e-3e26a31b4119.config
2026-09-11T22:12:21.2929508Z [command]/usr/bin/git config --local --get-all includeif.gitdir:/github/workspace/.git/worktrees/*.path
2026-09-11T22:12:21.2958698Z /github/runner_temp/git-credentials-17b864da-8225-4d85-8d4e-3e26a31b4119.config
2026-09-11T22:12:21.2972135Z [command]/usr/bin/git config --local --unset includeif.gitdir:/github/workspace/.git/worktrees/*.path /github/runner_temp/git-credentials-17b864da-8225-4d85-8d4e-3e26a31b4119.config
2026-09-11T22:12:21.3019209Z [command]/usr/bin/git submodule foreach --recursive git config --local --show-origin --name-only --get-regexp remote.origin.url
2026-09-11T22:12:21.3275947Z Removing credentials config '/home/runner/work/_temp/git-credentials-17b864da-8225-4d85-8d4e-3e26a31b4119.config'
2026-09-11T22:12:21.3449587Z Cleaning up orphan processes
2026-09-11T22:12:21.3735494Z ##[warning]Node.js 20 is deprecated. The following actions target Node.js 20 but are being forced to run on Node.js 24: actions/upload-artifact@v4. For more information see: https://github.blog/changelog/2025-09-19-deprecation-of-node-20-on-github-actions-runners/

