Build Summary: 30/30 steps succeeded; 177/177 tests passed
install success
+- install silex success
|  +- compile exe silex ReleaseFast native success 1m MaxRSS:3G
|     +- options cached
|     +- WriteFile silex-float-runtime.macho cached
|     |  +- compile exe silex-float-runtime ReleaseSmall aarch64-macos cached 104ms MaxRSS:35M
|     +- WriteFile silex-float-runtime-linux-arm64.elf cached
|     |  +- compile exe silex-float-runtime-linux-arm64 ReleaseSmall aarch64-linux cached 118ms MaxRSS:35M
|     +- WriteFile silex-float-runtime-x64.elf cached
|     |  +- compile exe silex-float-runtime-x64 ReleaseSmall x86_64-linux cached 106ms MaxRSS:35M
|     +- WriteFile silex-float-runtime-macos-x64.macho cached
|     |  +- compile exe silex-float-runtime-macos-x64 ReleaseSmall x86_64-macos cached 108ms MaxRSS:35M
|     +- WriteFile silex-deep-copy-runtime.macho cached
|     |  +- compile exe silex-deep-copy-runtime ReleaseSmall aarch64-macos cached 118ms MaxRSS:35M
|     +- WriteFile silex-deep-copy-runtime-linux-arm64.elf cached
|     |  +- compile exe silex-deep-copy-runtime-linux-arm64 ReleaseSmall aarch64-linux cached 115ms MaxRSS:35M
|     +- WriteFile silex-deep-copy-runtime-x64.elf cached
|     |  +- compile exe silex-deep-copy-runtime-x64 ReleaseSmall x86_64-linux cached 98ms MaxRSS:35M
|     +- WriteFile silex-deep-copy-runtime-macos-x64.macho cached
|     |  +- compile exe silex-deep-copy-runtime-macos-x64 ReleaseSmall x86_64-macos cached 96ms MaxRSS:35M
|     +- WriteFile silex-cycle-runtime.macho cached
|     |  +- compile exe silex-cycle-runtime ReleaseSmall aarch64-macos cached 102ms MaxRSS:35M
|     +- WriteFile silex-cycle-runtime-linux-arm64.elf cached
|     |  +- compile exe silex-cycle-runtime-linux-arm64 ReleaseSmall aarch64-linux cached 110ms MaxRSS:35M
|     +- WriteFile silex-cycle-runtime-x64.elf cached
|     |  +- compile exe silex-cycle-runtime-x64 ReleaseSmall x86_64-linux cached 43ms MaxRSS:35M
|     +- WriteFile silex-cycle-runtime-macos-x64.macho cached
|        +- compile exe silex-cycle-runtime-macos-x64 ReleaseSmall x86_64-macos cached 116ms MaxRSS:35M
+- run test 177 pass (177 total) 360ms MaxRSS:28M
   +- compile test ReleaseFast native cached 124ms MaxRSS:35M
      +- options (reused)

