2026-09-11T23:51:12.0070390Z Current runner version: '2.337.0'
2026-09-11T23:51:12.0143590Z ##[group]Runner Image Provisioner
2026-09-11T23:51:12.0145670Z Hosted Compute Agent
2026-09-11T23:51:12.0147670Z Version: 20260819.586
2026-09-11T23:51:12.0149450Z Commit: 3cc4a88dfa507ef76119ad1bb3eccc6378bb2b76
2026-09-11T23:51:12.0151550Z Build Date: 2026-08-18T23:20:18Z
2026-09-11T23:51:12.0153870Z Worker ID: {5ae3eacd-16ab-4bd3-a3f0-e2cd5d90b19e}
2026-09-11T23:51:12.0156300Z Azure Region: westus
2026-09-11T23:51:12.0157610Z ##[endgroup]
2026-09-11T23:51:12.0163190Z ##[group]Operating System
2026-09-11T23:51:12.0165100Z macOS
2026-09-11T23:51:12.0166260Z 15.7.9
2026-09-11T23:51:12.0167660Z 24G830
2026-09-11T23:51:12.0168820Z ##[endgroup]
2026-09-11T23:51:12.0171690Z ##[group]Runner Image
2026-09-11T23:51:12.0174350Z Image: macos-15
2026-09-11T23:51:12.0176250Z Version: 20260824.0482.1
2026-09-11T23:51:12.0180460Z Included Software: https://github.com/actions/runner-images/blob/macos-15/20260824.0482/images/macos/macos-15-Readme.md
2026-09-11T23:51:12.0185500Z Image Release: https://github.com/actions/runner-images/releases/tag/macos-15%2F20260824.0482
2026-09-11T23:51:12.0188450Z ##[endgroup]
2026-09-11T23:51:12.0192780Z ##[group]GITHUB_TOKEN Permissions
2026-09-11T23:51:12.0199400Z Contents: read
2026-09-11T23:51:12.0200450Z Metadata: read
2026-09-11T23:51:12.0201800Z ##[endgroup]
2026-09-11T23:51:12.0207290Z Secret source: Actions
2026-09-11T23:51:12.0209640Z Cache mode: write
2026-09-11T23:51:12.0211940Z Prepare workflow directory
2026-09-11T23:51:12.1124250Z Prepare all required actions
2026-09-11T23:51:12.1344140Z Getting action download info
2026-09-11T23:51:12.7323260Z Download action repository 'actions/checkout@v6' (SHA:d23441a48e516b6c34aea4fa41551a30e30af803)
2026-09-11T23:51:13.6697930Z Complete job name: macos-x64
2026-09-11T23:51:13.8678120Z ##[group]Run actions/checkout@v6
2026-09-11T23:51:13.8681620Z with:
2026-09-11T23:51:13.8683100Z   repository: Matanek/Silex
2026-09-11T23:51:13.8695380Z   token: ***
2026-09-11T23:51:13.8696450Z   ssh-strict: true
2026-09-11T23:51:13.8697400Z   ssh-user: git
2026-09-11T23:51:13.8698380Z   persist-credentials: true
2026-09-11T23:51:13.8699770Z   clean: true
2026-09-11T23:51:13.8701370Z   sparse-checkout-cone-mode: true
2026-09-11T23:51:13.8702820Z   fetch-depth: 1
2026-09-11T23:51:13.8703780Z   fetch-tags: false
2026-09-11T23:51:13.8704870Z   show-progress: true
2026-09-11T23:51:13.8706410Z   lfs: false
2026-09-11T23:51:13.8707980Z   submodules: false
2026-09-11T23:51:13.8709310Z   set-safe-directory: true
2026-09-11T23:51:13.8710440Z   allow-unsafe-pr-checkout: false
2026-09-11T23:51:13.8713220Z ##[endgroup]
2026-09-11T23:51:14.4748570Z Syncing repository: Matanek/Silex
2026-09-11T23:51:14.4830200Z ##[group]Getting Git version info
2026-09-11T23:51:14.4849470Z Working directory is '/Users/runner/work/Silex/Silex'
2026-09-11T23:51:14.4856000Z [command]/usr/local/bin/git version
2026-09-11T23:51:14.4859440Z git version 2.55.0
2026-09-11T23:51:14.4876910Z ##[endgroup]
2026-09-11T23:51:14.4896110Z Copying '/Users/runner/.gitconfig' to '/Users/runner/work/_temp/78df1320-27ad-4c87-a31c-fdd8b4f8a2ff/.gitconfig'
2026-09-11T23:51:14.4900570Z Temporarily overriding HOME='/Users/runner/work/_temp/78df1320-27ad-4c87-a31c-fdd8b4f8a2ff' before making global git config changes
2026-09-11T23:51:14.4904610Z Adding repository directory to the temporary git global config as a safe directory
2026-09-11T23:51:14.4908070Z [command]/usr/local/bin/git config --global --add safe.directory /Users/runner/work/Silex/Silex
2026-09-11T23:51:14.4954470Z Deleting the contents of '/Users/runner/work/Silex/Silex'
2026-09-11T23:51:14.4964290Z ##[group]Determining repository object format
2026-09-11T23:51:14.4972790Z ##[endgroup]
2026-09-11T23:51:14.4976860Z ##[group]Initializing the repository
2026-09-11T23:51:14.4980830Z [command]/usr/local/bin/git init /Users/runner/work/Silex/Silex
2026-09-11T23:51:14.5463810Z hint: Using 'master' as the name for the initial branch. This default branch name
2026-09-11T23:51:14.5466590Z hint: will change to "main" in Git 3.0. To configure the initial branch name
2026-09-11T23:51:14.5469960Z hint: to use in all of your new repositories, which will suppress this warning,
2026-09-11T23:51:14.5474100Z hint: call:
2026-09-11T23:51:14.5475210Z hint:
2026-09-11T23:51:14.5476790Z hint: 	git config --global init.defaultBranch <name>
2026-09-11T23:51:14.5478410Z hint:
2026-09-11T23:51:14.5479930Z hint: Names commonly chosen instead of 'master' are 'main', 'trunk' and
2026-09-11T23:51:14.5482760Z hint: 'development'. The just-created branch can be renamed via this command:
2026-09-11T23:51:14.5484530Z hint:
2026-09-11T23:51:14.5485520Z hint: 	git branch -m <name>
2026-09-11T23:51:14.5486660Z hint:
2026-09-11T23:51:14.5488180Z hint: Disable this message with "git config set advice.defaultBranchName false"
2026-09-11T23:51:14.5490780Z Initialized empty Git repository in /Users/runner/work/Silex/Silex/.git/
2026-09-11T23:51:14.5494970Z [command]/usr/local/bin/git remote add origin https://github.com/Matanek/Silex
2026-09-11T23:51:14.5646610Z ##[endgroup]
2026-09-11T23:51:14.5648810Z ##[group]Disabling automatic garbage collection
2026-09-11T23:51:14.5651210Z [command]/usr/local/bin/git config --local gc.auto 0
2026-09-11T23:51:14.5781330Z ##[endgroup]
2026-09-11T23:51:14.5783390Z ##[group]Setting up auth
2026-09-11T23:51:14.5784720Z Removing SSH command configuration
2026-09-11T23:51:14.5793590Z [command]/usr/local/bin/git config --local --name-only --get-regexp core\.sshCommand
2026-09-11T23:51:14.5922780Z [command]/usr/local/bin/git submodule foreach --recursive sh -c "git config --local --name-only --get-regexp 'core\.sshCommand' && git config --local --unset-all 'core.sshCommand' || :"
2026-09-11T23:51:14.8340870Z Removing HTTP extra header
2026-09-11T23:51:14.8345340Z [command]/usr/local/bin/git config --local --name-only --get-regexp http\.https\:\/\/github\.com\/\.extraheader
2026-09-11T23:51:14.8505470Z [command]/usr/local/bin/git submodule foreach --recursive sh -c "git config --local --name-only --get-regexp 'http\.https\:\/\/github\.com\/\.extraheader' && git config --local --unset-all 'http.https://github.com/.extraheader' || :"
2026-09-11T23:51:15.2780680Z Removing includeIf entries pointing to credentials config files
2026-09-11T23:51:15.2852220Z [command]/usr/local/bin/git config --local --name-only --get-regexp ^includeIf\.gitdir:
2026-09-11T23:51:15.2939610Z [command]/usr/local/bin/git submodule foreach --recursive git config --local --show-origin --name-only --get-regexp remote.origin.url
2026-09-11T23:51:15.4875590Z [command]/usr/local/bin/git config --file /Users/runner/work/_temp/git-credentials-217569a7-2aea-41f5-be46-aab6290d0e2a.config http.https://github.com/.extraheader AUTHORIZATION: basic ***
2026-09-11T23:51:15.4959020Z [command]/usr/local/bin/git config --local includeIf.gitdir:/Users/runner/work/Silex/Silex/.git.path /Users/runner/work/_temp/git-credentials-217569a7-2aea-41f5-be46-aab6290d0e2a.config
2026-09-11T23:51:15.5083260Z [command]/usr/local/bin/git config --local includeIf.gitdir:/Users/runner/work/Silex/Silex/.git/worktrees/*.path /Users/runner/work/_temp/git-credentials-217569a7-2aea-41f5-be46-aab6290d0e2a.config
2026-09-11T23:51:15.5275790Z [command]/usr/local/bin/git config --local includeIf.gitdir:/github/workspace/.git.path /github/runner_temp/git-credentials-217569a7-2aea-41f5-be46-aab6290d0e2a.config
2026-09-11T23:51:15.5476420Z [command]/usr/local/bin/git config --local includeIf.gitdir:/github/workspace/.git/worktrees/*.path /github/runner_temp/git-credentials-217569a7-2aea-41f5-be46-aab6290d0e2a.config
2026-09-11T23:51:15.5668660Z ##[endgroup]
2026-09-11T23:51:15.5689410Z ##[group]Fetching the repository
2026-09-11T23:51:15.5705480Z [command]/usr/local/bin/git -c protocol.version=2 fetch --no-tags --prune --no-recurse-submodules --depth=1 origin +3e584015c9dc3a1cbfa687c7e36ba6bf75eab28d:refs/remotes/origin/spec-silex-optimization-parity-completion
2026-09-11T23:51:18.0417330Z From https://github.com/Matanek/Silex
2026-09-11T23:51:18.0429050Z  * [new ref]         3e584015c9dc3a1cbfa687c7e36ba6bf75eab28d -> origin/spec-silex-optimization-parity-completion
2026-09-11T23:51:18.0498030Z [command]/usr/local/bin/git branch --list --remote origin/spec-silex-optimization-parity-completion
2026-09-11T23:51:18.0635350Z   origin/spec-silex-optimization-parity-completion
2026-09-11T23:51:18.0676520Z [command]/usr/local/bin/git rev-parse refs/remotes/origin/spec-silex-optimization-parity-completion
2026-09-11T23:51:18.0842870Z 3e584015c9dc3a1cbfa687c7e36ba6bf75eab28d
2026-09-11T23:51:18.0894080Z ##[endgroup]
2026-09-11T23:51:18.0907560Z ##[group]Determining the checkout info
2026-09-11T23:51:18.0931810Z ##[endgroup]
2026-09-11T23:51:18.0946370Z [command]/usr/local/bin/git sparse-checkout disable
2026-09-11T23:51:18.1437080Z [command]/usr/local/bin/git config --local --unset-all extensions.worktreeConfig
2026-09-11T23:51:18.1572830Z ##[group]Checking out the ref
2026-09-11T23:51:18.1592840Z [command]/usr/local/bin/git checkout --progress --force -B spec-silex-optimization-parity-completion refs/remotes/origin/spec-silex-optimization-parity-completion
2026-09-11T23:51:19.2642280Z Updating files:  44% (944/2126)
2026-09-11T23:51:19.2804960Z Updating files:  45% (957/2126)
2026-09-11T23:51:19.3329070Z Updating files:  46% (978/2126)
2026-09-11T23:51:19.4248990Z Updating files:  47% (1000/2126)
2026-09-11T23:51:19.4567090Z Updating files:  48% (1021/2126)
2026-09-11T23:51:19.5846990Z Updating files:  49% (1042/2126)
2026-09-11T23:51:19.6220860Z Updating files:  50% (1063/2126)
2026-09-11T23:51:19.6389820Z Updating files:  51% (1085/2126)
2026-09-11T23:51:19.6442020Z Updating files:  52% (1106/2126)
2026-09-11T23:51:19.6461000Z Updating files:  53% (1127/2126)
2026-09-11T23:51:19.6562710Z Updating files:  54% (1149/2126)
2026-09-11T23:51:19.6807630Z Updating files:  55% (1170/2126)
2026-09-11T23:51:19.6881100Z Updating files:  56% (1191/2126)
2026-09-11T23:51:19.6939310Z Updating files:  57% (1212/2126)
2026-09-11T23:51:19.7358970Z Updating files:  58% (1234/2126)
2026-09-11T23:51:19.7645520Z Updating files:  59% (1255/2126)
2026-09-11T23:51:19.8230210Z Updating files:  60% (1276/2126)
2026-09-11T23:51:19.8394650Z Updating files:  61% (1297/2126)
2026-09-11T23:51:19.8555300Z Updating files:  62% (1319/2126)
2026-09-11T23:51:19.9029400Z Updating files:  63% (1340/2126)
2026-09-11T23:51:19.9127160Z Updating files:  64% (1361/2126)
2026-09-11T23:51:19.9396010Z Updating files:  65% (1382/2126)
2026-09-11T23:51:20.0565070Z Updating files:  66% (1404/2126)
2026-09-11T23:51:20.1753760Z Updating files:  67% (1425/2126)
2026-09-11T23:51:20.2086440Z Updating files:  67% (1438/2126)
2026-09-11T23:51:20.2895990Z Updating files:  68% (1446/2126)
2026-09-11T23:51:20.3829280Z Updating files:  69% (1467/2126)
2026-09-11T23:51:20.4978080Z Updating files:  70% (1489/2126)
2026-09-11T23:51:20.5549110Z Updating files:  71% (1510/2126)
2026-09-11T23:51:20.6609240Z Updating files:  72% (1531/2126)
2026-09-11T23:51:20.6905670Z Updating files:  73% (1552/2126)
2026-09-11T23:51:20.7810130Z Updating files:  74% (1574/2126)
2026-09-11T23:51:20.8094660Z Updating files:  75% (1595/2126)
2026-09-11T23:51:20.8473370Z Updating files:  76% (1616/2126)
2026-09-11T23:51:20.8650380Z Updating files:  77% (1638/2126)
2026-09-11T23:51:20.9353120Z Updating files:  78% (1659/2126)
2026-09-11T23:51:21.0460020Z Updating files:  79% (1680/2126)
2026-09-11T23:51:21.0861120Z Updating files:  80% (1701/2126)
2026-09-11T23:51:21.2422120Z Updating files:  81% (1723/2126)
2026-09-11T23:51:21.2464510Z Updating files:  82% (1744/2126)
2026-09-11T23:51:21.4556070Z Updating files:  82% (1758/2126)
2026-09-11T23:51:21.5459900Z Updating files:  83% (1765/2126)
2026-09-11T23:51:21.6472510Z Updating files:  84% (1786/2126)
2026-09-11T23:51:21.7099310Z Updating files:  85% (1808/2126)
2026-09-11T23:51:21.7162480Z Updating files:  86% (1829/2126)
2026-09-11T23:51:21.7205440Z Updating files:  87% (1850/2126)
2026-09-11T23:51:21.7230730Z Updating files:  88% (1871/2126)
2026-09-11T23:51:21.7260640Z Updating files:  89% (1893/2126)
2026-09-11T23:51:21.7289500Z Updating files:  90% (1914/2126)
2026-09-11T23:51:21.7332430Z Updating files:  91% (1935/2126)
2026-09-11T23:51:21.7378840Z Updating files:  92% (1956/2126)
2026-09-11T23:51:21.7605050Z Updating files:  93% (1978/2126)
2026-09-11T23:51:21.8097190Z Updating files:  94% (1999/2126)
2026-09-11T23:51:21.8223230Z Updating files:  95% (2020/2126)
2026-09-11T23:51:21.8525190Z Updating files:  96% (2041/2126)
2026-09-11T23:51:21.9142940Z Updating files:  97% (2063/2126)
2026-09-11T23:51:22.0131960Z Updating files:  98% (2084/2126)
2026-09-11T23:51:22.0989190Z Updating files:  99% (2105/2126)
2026-09-11T23:51:22.1012590Z Updating files: 100% (2126/2126)
2026-09-11T23:51:22.1096850Z Updating files: 100% (2126/2126), done.
2026-09-11T23:51:22.1214300Z Switched to a new branch 'spec-silex-optimization-parity-completion'
2026-09-11T23:51:22.1243080Z branch 'spec-silex-optimization-parity-completion' set up to track 'origin/spec-silex-optimization-parity-completion'.
2026-09-11T23:51:22.1852450Z ##[endgroup]
2026-09-11T23:51:22.1859420Z [command]/usr/local/bin/git log -1 --format=%H
2026-09-11T23:51:22.1862310Z 3e584015c9dc3a1cbfa687c7e36ba6bf75eab28d
2026-09-11T23:51:22.2220240Z ##[group]Run set -euo pipefail
2026-09-11T23:51:22.2221130Z [36;1mset -euo pipefail[0m
2026-09-11T23:51:22.2222520Z [36;1marchive="$RUNNER_TEMP/zig.tar.xz"[0m
2026-09-11T23:51:22.2224140Z [36;1mcurl -fL https://ziglang.org/download/0.16.0/zig-x86_64-macos-0.16.0.tar.xz -o "$archive"[0m
2026-09-11T23:51:22.2226170Z [36;1mecho "0387557ed1877bc6a2e1802c8391953baddba76081876301c522f52977b52ba7  $archive" | shasum -a 256 -c -[0m
2026-09-11T23:51:22.2227700Z [36;1mtar -xJf "$archive" -C "$RUNNER_TEMP"[0m
2026-09-11T23:51:22.2228650Z [36;1mecho "$RUNNER_TEMP/zig-x86_64-macos-0.16.0" >> "$GITHUB_PATH"[0m
2026-09-11T23:51:22.2325350Z shell: /bin/bash --noprofile --norc -e -o pipefail {0}
2026-09-11T23:51:22.2326160Z ##[endgroup]
2026-09-11T23:51:22.6463780Z   % Total    % Received % Xferd  Average Speed  Time    Time    Time   Current
2026-09-11T23:51:22.6466750Z                                  Dload  Upload  Total   Spent   Left   Speed
2026-09-11T23:51:22.6468410Z 
2026-09-11T23:51:23.6453840Z   0      0   0      0   0      0      0      0                              0
2026-09-11T23:51:24.6475100Z   1 54.73M   1 639.7k   0      0 481.9k      0   01:56   00:01   01:55 640.2k
2026-09-11T23:51:25.6480400Z  13 54.73M  13  7.26M   0      0  3.12M      0   00:17   00:02   00:15  3.63M
2026-09-11T23:51:26.6518680Z  29 54.73M  29 16.31M   0      0  4.89M      0   00:11   00:03   00:08  5.43M
2026-09-11T23:51:27.6532700Z  44 54.73M  44 24.13M   0      0  5.57M      0   00:09   00:04   00:05  6.02M
2026-09-11T23:51:28.6576950Z  59 54.73M  59 32.79M   0      0  6.14M      0   00:08   00:05   00:03  6.54M
2026-09-11T23:51:29.6453470Z  77 54.73M  77 42.68M   0      0  6.73M      0   00:08   00:06   00:02  8.39M
2026-09-11T23:51:29.7219080Z 100 54.73M 100 54.73M   0      0  7.49M      0   00:07   00:07          8.39M
2026-09-11T23:51:29.8223320Z 100 54.73M 100 54.73M   0      0  7.49M      0   00:07   00:07          8.39M
2026-09-11T23:51:29.9227120Z 100 54.73M 100 54.73M   0      0  7.49M      0   00:07   00:07          8.39M
2026-09-11T23:51:30.2682120Z /Users/runner/work/_temp/zig.tar.xz: OK
2026-09-11T23:51:54.5030740Z ##[group]Run set -euo pipefail
2026-09-11T23:51:54.5034100Z [36;1mset -euo pipefail[0m
2026-09-11T23:51:54.5036550Z [36;1mtest "$(uname -m)" = "x86_64"[0m
2026-09-11T23:51:54.5037680Z [36;1mexport HOME="$RUNNER_TEMP/home"[0m
2026-09-11T23:51:54.5039120Z [36;1mmkdir -p "$HOME"[0m
2026-09-11T23:51:54.5040540Z [36;1mzig build -Doptimize=ReleaseFast -Dcpu=baseline \[0m
2026-09-11T23:51:54.5043600Z [36;1m  --prefix "$RUNNER_TEMP/silex-prefix" \[0m
2026-09-11T23:51:54.5048710Z [36;1m  --build-file Toolchain/build.zig[0m
2026-09-11T23:51:54.5051550Z [36;1msilex="$RUNNER_TEMP/silex-prefix/bin/silex"[0m
2026-09-11T23:51:54.5052890Z [36;1m"$silex" --version[0m
2026-09-11T23:51:54.5053970Z [36;1m"$silex" targets | grep -F 'macos-x64'[0m
2026-09-11T23:51:54.5058870Z [36;1m"$silex" setup[0m
2026-09-11T23:51:54.5060970Z [36;1mshadercross="$HOME/.silex/toolchain/shadercross/3.0.0/macos-x64/bin/shadercross"[0m
2026-09-11T23:51:54.5063200Z [36;1mfile "$shadercross" | grep -F 'x86_64'[0m
2026-09-11T23:51:54.5064340Z [36;1m"$shadercross" --help >/dev/null 2>&1[0m
2026-09-11T23:51:54.5066230Z [36;1mboundary_root="$GITHUB_WORKSPACE/Toolchain/Fixtures/MacOSX64Boundary/Boundary/macos-x64"[0m
2026-09-11T23:51:54.5068460Z [36;1mzig cc -target x86_64-macos -c "$boundary_root/Provider.c" -o "$boundary_root/Provider.o"[0m
2026-09-11T23:51:54.5070950Z [36;1mzig ar rcs "$boundary_root/libMacOSX64Boundary.a" "$boundary_root/Provider.o"[0m
2026-09-11T23:51:54.5073200Z [36;1mboundary_consumer="$GITHUB_WORKSPACE/Toolchain/Fixtures/MacOSX64BoundaryConsumer"[0m
2026-09-11T23:51:54.5075560Z [36;1m"$silex" link "$GITHUB_WORKSPACE/Toolchain/Fixtures/MacOSX64Boundary" \[0m
2026-09-11T23:51:54.5077510Z [36;1m  --workspace "$boundary_consumer" --target macos-x64[0m
2026-09-11T23:51:54.5079120Z [36;1m"$silex" packages resolve "$boundary_consumer"[0m
2026-09-11T23:51:54.5080700Z [36;1m"$silex" compile "$boundary_consumer/Main.sx" \[0m
2026-09-11T23:51:54.5082470Z [36;1m  --release -o "$RUNNER_TEMP/macos-x64-boundary"[0m
2026-09-11T23:51:54.5084360Z [36;1mtest "$("$RUNNER_TEMP/macos-x64-boundary")" = "macos x64 boundary ready"[0m
2026-09-11T23:51:54.5200160Z [36;1m"$silex" test "$GITHUB_WORKSPACE/Tests/Native/NativePortability.sx"[0m
2026-09-11T23:51:54.5202470Z [36;1mscalar_root="$RUNNER_TEMP/scalar-float-fixture"[0m
2026-09-11T23:51:54.5203840Z [36;1mmkdir -p "$scalar_root"[0m
2026-09-11T23:51:54.5205370Z [36;1mprintf '%s\n' '{"sources":"."}' > "$scalar_root/Package.json"[0m
2026-09-11T23:51:54.5207300Z [36;1msnapshot_fixture="$scalar_root/BranchSnapshots.sx"[0m
2026-09-11T23:51:54.5209810Z [36;1mcp "$GITHUB_WORKSPACE/Toolchain/Benchmarks/Optimizer/Regressions/BranchSnapshots.sx" "$snapshot_fixture"[0m
2026-09-11T23:51:54.5212710Z [36;1mfor mode in debug release; do[0m
2026-09-11T23:51:54.5214550Z [36;1m  "$silex" compile "$snapshot_fixture" "--$mode" --nocache \[0m
2026-09-11T23:51:54.5216700Z [36;1m    -o "$RUNNER_TEMP/branch-snapshots-$mode"[0m
2026-09-11T23:51:54.5219330Z [36;1m  snapshot_output=$("$RUNNER_TEMP/branch-snapshots-$mode")[0m
2026-09-11T23:51:54.5221070Z [36;1m  test "$(printf '%s\n' "$snapshot_output" | wc -l)" -eq 8[0m
2026-09-11T23:51:54.5223600Z [36;1m  test "$(printf '%s\n' "$snapshot_output" | grep -c '^true$')" -eq 8[0m
2026-09-11T23:51:54.5226160Z [36;1mdone[0m
2026-09-11T23:51:54.5227710Z [36;1mloop_exit_fixture="$scalar_root/LoopExitResidence.sx"[0m
2026-09-11T23:51:54.5231510Z [36;1mcp "$GITHUB_WORKSPACE/Toolchain/Benchmarks/Optimizer/Regressions/LoopExitResidence.sx" "$loop_exit_fixture"[0m
2026-09-11T23:51:54.5234560Z [36;1mfor mode in debug release; do[0m
2026-09-11T23:51:54.5236320Z [36;1m  "$silex" compile "$loop_exit_fixture" "--$mode" --nocache \[0m
2026-09-11T23:51:54.5238530Z [36;1m    -o "$RUNNER_TEMP/loop-exit-residence-$mode"[0m
2026-09-11T23:51:54.5241480Z [36;1m  loop_exit_output=$("$RUNNER_TEMP/loop-exit-residence-$mode")[0m
2026-09-11T23:51:54.5245250Z [36;1m  test "$(printf '%s\n' "$loop_exit_output" | wc -l)" -eq 5[0m
2026-09-11T23:51:54.5247500Z [36;1m  test "$(printf '%s\n' "$loop_exit_output" | grep -c '^true$')" -eq 5[0m
2026-09-11T23:51:54.5249830Z [36;1mdone[0m
2026-09-11T23:51:54.5251090Z [36;1mfloat_memory_fixture="$scalar_root/FloatMemoryResidence.sx"[0m
2026-09-11T23:51:54.5254270Z [36;1mcp "$GITHUB_WORKSPACE/Toolchain/Benchmarks/Optimizer/Regressions/FloatMemoryResidence.sx" "$float_memory_fixture"[0m
2026-09-11T23:51:54.5257080Z [36;1mfor mode in debug release; do[0m
2026-09-11T23:51:54.5258690Z [36;1m  "$silex" compile "$float_memory_fixture" "--$mode" --nocache \[0m
2026-09-11T23:51:54.5260400Z [36;1m    -o "$RUNNER_TEMP/float-memory-residence-$mode"[0m
2026-09-11T23:51:54.5263270Z [36;1m  float_memory_output=$("$RUNNER_TEMP/float-memory-residence-$mode")[0m
2026-09-11T23:51:54.5267990Z [36;1m  test "$(printf '%s\n' "$float_memory_output" | wc -l)" -eq 13[0m
2026-09-11T23:51:54.5271720Z [36;1m  test "$(printf '%s\n' "$float_memory_output" | grep -c '^true$')" -eq 13[0m
2026-09-11T23:51:54.5273910Z [36;1mdone[0m
2026-09-11T23:51:54.5275220Z [36;1mfloat_operands_fixture="$scalar_root/ScalarFloatOperands.sx"[0m
2026-09-11T23:51:54.5278810Z [36;1mcp "$GITHUB_WORKSPACE/Toolchain/Benchmarks/Optimizer/Regressions/ScalarFloatOperands.sx" "$float_operands_fixture"[0m
2026-09-11T23:51:54.5282430Z [36;1mfor mode in debug release; do[0m
2026-09-11T23:51:54.5286140Z [36;1m  "$silex" compile "$float_operands_fixture" "--$mode" --nocache \[0m
2026-09-11T23:51:54.5288220Z [36;1m    -o "$RUNNER_TEMP/scalar-float-operands-$mode"[0m
2026-09-11T23:51:54.5290990Z [36;1m  float_operands_output=$("$RUNNER_TEMP/scalar-float-operands-$mode")[0m
2026-09-11T23:51:54.5294060Z [36;1m  test "$(printf '%s\n' "$float_operands_output" | wc -l)" -eq 18[0m
2026-09-11T23:51:54.5296790Z [36;1m  test "$(printf '%s\n' "$float_operands_output" | grep -c '^true$')" -eq 18[0m
2026-09-11T23:51:54.5299280Z [36;1mdone[0m
2026-09-11T23:51:54.5300830Z [36;1mprivate_length_fixture="$scalar_root/PrivateCollectionLengths.sx"[0m
2026-09-11T23:51:54.5305370Z [36;1mcp "$GITHUB_WORKSPACE/Toolchain/Benchmarks/Optimizer/Regressions/PrivateCollectionLengths.sx" "$private_length_fixture"[0m
2026-09-11T23:51:54.5308820Z [36;1mfor mode in debug release; do[0m
2026-09-11T23:51:54.5310780Z [36;1m  "$silex" compile "$private_length_fixture" "--$mode" --nocache \[0m
2026-09-11T23:51:54.5312650Z [36;1m    -o "$RUNNER_TEMP/private-collection-lengths-$mode"[0m
2026-09-11T23:51:54.5314550Z [36;1m  private_length_output=$("$RUNNER_TEMP/private-collection-lengths-$mode")[0m
2026-09-11T23:51:54.5316510Z [36;1m  test "$(printf '%s\n' "$private_length_output" | wc -l)" -eq 10[0m
2026-09-11T23:51:54.5319000Z [36;1m  test "$(printf '%s\n' "$private_length_output" | grep -c '^true$')" -eq 10[0m
2026-09-11T23:51:54.5320570Z [36;1mdone[0m
2026-09-11T23:51:54.5322090Z [36;1mclass_leaf_fixture="$scalar_root/ScalarClassLeaves.sx"[0m
2026-09-11T23:51:54.5326030Z [36;1mcp "$GITHUB_WORKSPACE/Toolchain/Benchmarks/Optimizer/Regressions/ScalarClassLeaves.sx" "$class_leaf_fixture"[0m
2026-09-11T23:51:54.5328390Z [36;1mfor mode in debug release; do[0m
2026-09-11T23:51:54.5330650Z [36;1m  "$silex" compile "$class_leaf_fixture" "--$mode" --nocache \[0m
2026-09-11T23:51:54.5333070Z [36;1m    -o "$RUNNER_TEMP/scalar-class-leaves-$mode"[0m
2026-09-11T23:51:54.5334720Z [36;1m  class_leaf_output=$("$RUNNER_TEMP/scalar-class-leaves-$mode")[0m
2026-09-11T23:51:54.5336460Z [36;1m  test "$(printf '%s\n' "$class_leaf_output" | wc -l)" -eq 10[0m
2026-09-11T23:51:54.5338350Z [36;1m  test "$(printf '%s\n' "$class_leaf_output" | grep -c '^true$')" -eq 10[0m
2026-09-11T23:51:54.5339980Z [36;1mdone[0m
2026-09-11T23:51:54.5340800Z [36;1mrun_distribution() {[0m
2026-09-11T23:51:54.5341750Z [36;1m  executable="$1"[0m
2026-09-11T23:51:54.5343100Z [36;1m  stderr="$RUNNER_TEMP/$(basename "$executable").stderr"[0m
2026-09-11T23:51:54.5344700Z [36;1m  set +e[0m
2026-09-11T23:51:54.5346570Z [36;1m  output=$("$executable" 2>"$stderr")[0m
2026-09-11T23:51:54.5347820Z [36;1m  status=$?[0m
2026-09-11T23:51:54.5348720Z [36;1m  set -e[0m
2026-09-11T23:51:54.5350730Z [36;1m  if [ "$status" -ne 0 ]; then[0m
2026-09-11T23:51:54.5352150Z [36;1m    cat "$stderr"[0m
2026-09-11T23:51:54.5353430Z [36;1m    lldb --batch -o 'run' \[0m
2026-09-11T23:51:54.5354850Z [36;1m      -k 'thread backtrace all' \[0m
2026-09-11T23:51:54.5356100Z [36;1m      -k 'register read' \[0m
2026-09-11T23:51:54.5357260Z [36;1m      -k 'image lookup -a $pc' \[0m
2026-09-11T23:51:54.5358950Z [36;1m      -k 'disassemble -p' \[0m
2026-09-11T23:51:54.5359970Z [36;1m      -- "$executable" || true[0m
2026-09-11T23:51:54.5360750Z [36;1m    return "$status"[0m
2026-09-11T23:51:54.5361380Z [36;1m  fi[0m
2026-09-11T23:51:54.5362080Z [36;1m  test "$output" = "silex distribution ready"[0m
2026-09-11T23:51:54.5365000Z [36;1m}[0m
2026-09-11T23:51:54.5368190Z [36;1mdistribution="$GITHUB_WORKSPACE/Tests/Native/DistributionSmoke.sx"[0m
2026-09-11T23:51:54.5370470Z [36;1m"$silex" compile "$distribution" \[0m
2026-09-11T23:51:54.5372820Z [36;1m  -o "$RUNNER_TEMP/distribution-smoke-debug"[0m
2026-09-11T23:51:54.5374920Z [36;1mrun_distribution "$RUNNER_TEMP/distribution-smoke-debug"[0m
2026-09-11T23:51:54.5376580Z [36;1m"$silex" compile "$distribution" \[0m
2026-09-11T23:51:54.5378590Z [36;1m  --release -o "$RUNNER_TEMP/distribution-smoke-release"[0m
2026-09-11T23:51:54.5380530Z [36;1mrun_distribution "$RUNNER_TEMP/distribution-smoke-release"[0m
2026-09-11T23:51:54.5382520Z [36;1mtest "$("$silex" run "$distribution" --release)" = "silex distribution ready"[0m
2026-09-11T23:51:54.5385120Z [36;1m"$silex" compile "$GITHUB_WORKSPACE/Tests/Native/NativePortability.sx" \[0m
2026-09-11T23:51:54.5387110Z [36;1m  --release -o "$RUNNER_TEMP/native-portability"[0m
2026-09-11T23:51:54.5388880Z [36;1mfile "$RUNNER_TEMP/native-portability" | grep -F 'x86_64'[0m
2026-09-11T23:51:54.5390310Z [36;1mportability_output=$("$RUNNER_TEMP/native-portability")[0m
2026-09-11T23:51:54.5391650Z [36;1mprintf '%s\n' "$portability_output"[0m
2026-09-11T23:51:54.5394060Z [36;1mcycle_drops=$(printf '%s\n' "$portability_output" | grep -c '^native cycle drop$')[0m
2026-09-11T23:51:54.5396080Z [36;1mtest "$cycle_drops" -eq 6[0m
2026-09-11T23:51:54.5578360Z shell: /bin/bash --noprofile --norc -e -o pipefail {0}
2026-09-11T23:51:54.5580160Z ##[endgroup]
2026-09-12T00:01:17.0817400Z silex 0.44.1
2026-09-12T00:01:17.0922470Z macos-x64 (host)
2026-09-12T00:01:18.6714710Z silex: installed Shadercross for macos-x64
2026-09-12T00:01:42.8144510Z silex: installed Native linker for macos-x64
2026-09-12T00:01:42.8648860Z /Users/runner/work/_temp/home/.silex/toolchain/shadercross/3.0.0/macos-x64/bin/shadercross: Mach-O universal binary with 2 architectures: [x86_64:Mach-O 64-bit executable x86_64] [arm64:Mach-O 64-bit executable arm64]
2026-09-12T00:01:42.8657460Z /Users/runner/work/_temp/home/.silex/toolchain/shadercross/3.0.0/macos-x64/bin/shadercross (for architecture x86_64):	Mach-O 64-bit executable x86_64
2026-09-12T00:01:43.4097170Z silex: linked MacOSX64Boundary@1.0.0 to /Users/runner/work/Silex/Silex/Toolchain/Fixtures/MacOSX64Boundary for this workspace
2026-09-12T00:01:43.4165560Z MacOSX64Boundary 1.0.0 workspace-link /Users/runner/work/Silex/Silex/Toolchain/Fixtures/MacOSX64Boundary
2026-09-12T00:02:01.8358020Z ok - execute direct indirect and dynamic calls beyond native registers
2026-09-12T00:02:01.9804780Z ok - preserve paired float32 arithmetic on native
2026-09-12T00:02:02.1228850Z ok - mutate a class-owned native list without changing its snapshot
2026-09-12T00:02:02.2596680Z ok - replace class elements in a class-owned native list
2026-09-12T00:02:02.3998180Z ok - preserve embedded byte contents on native
2026-09-12T00:02:02.5479840Z ok - format native floats through the standalone runtime
2026-09-12T00:02:02.7064570Z ok - convert native float precision in both directions
2026-09-12T00:02:02.8626360Z ok - replace and preserve an aliased native list
2026-09-12T00:02:03.0032610Z ok - swap and reverse a native list
2026-09-12T00:02:03.1436280Z ok - grow a native list at every position
2026-09-12T00:02:03.3016290Z ok - remove native list elements from every position
2026-09-12T00:02:03.4613730Z ok - slice view mutate and clear native lists
2026-09-12T00:02:03.6397050Z ok - mutable aggregate view detaches shared native list
2026-09-12T00:02:03.8015080Z copy state drop
2026-09-12T00:02:03.8017390Z copy state drop
2026-09-12T00:02:03.8030870Z ok - deep-copy repeated native class roots without collections
2026-09-12T00:02:03.9821370Z native cycle drop
2026-09-12T00:02:04.0101940Z native cycle drop
2026-09-12T00:02:04.0103920Z ok - finalize a direct native class cycle
2026-09-12T00:02:04.1957890Z native cycle drop
2026-09-12T00:02:04.1967030Z native cycle drop
2026-09-12T00:02:04.1984130Z ok - finalize a native class cycle through lists
2026-09-12T00:02:04.4321550Z native cycle drop
2026-09-12T00:02:04.4323990Z native cycle drop
2026-09-12T00:02:04.4329260Z ok - finalize a native class cycle through protocols
2026-09-12T00:02:04.6348440Z ok - execute the complete native collection mutation slice
2026-09-12T00:02:04.7912930Z copy state drop
2026-09-12T00:02:04.7924760Z copy state drop
2026-09-12T00:02:04.7926270Z ok - execute native ownership and deep-copy runtime
2026-09-12T00:02:04.9464190Z ok - preserve resource aggregates across native list growth
2026-09-12T00:02:05.0976860Z ok - serialize native mutations with mutex
2026-09-12T00:02:05.2638750Z native cycle drop
2026-09-12T00:02:05.2645540Z native cycle drop
2026-09-12T00:02:05.2646690Z native cycle drop
2026-09-12T00:02:05.2648070Z native cycle drop
2026-09-12T00:02:05.2655070Z native cycle drop
2026-09-12T00:02:05.2655650Z native cycle drop
2026-09-12T00:02:05.2656890Z ok - finalize native cycles across direct collection and protocol edges
2026-09-12T00:02:05.2658250Z 22 passed; 0 failed
2026-09-12T00:02:07.0800350Z /Users/runner/work/_temp/native-portability: Mach-O 64-bit executable x86_64
2026-09-12T00:02:07.0877050Z copy state drop
2026-09-12T00:02:07.0878370Z copy state drop
2026-09-12T00:02:07.0879290Z native cycle drop
2026-09-12T00:02:07.0880770Z native cycle drop
2026-09-12T00:02:07.0890970Z native cycle drop
2026-09-12T00:02:07.0892350Z native cycle drop
2026-09-12T00:02:07.0899190Z native cycle drop
2026-09-12T00:02:07.0900740Z native cycle drop
2026-09-12T00:02:07.4576070Z Post job cleanup.
2026-09-12T00:02:08.1007630Z [command]/usr/local/bin/git version
2026-09-12T00:02:08.1700460Z git version 2.55.0
2026-09-12T00:02:08.1795350Z Copying '/Users/runner/.gitconfig' to '/Users/runner/work/_temp/e5060e9e-04c2-4de0-a436-efc37096cbb4/.gitconfig'
2026-09-12T00:02:08.1824260Z Temporarily overriding HOME='/Users/runner/work/_temp/e5060e9e-04c2-4de0-a436-efc37096cbb4' before making global git config changes
2026-09-12T00:02:08.1828080Z Adding repository directory to the temporary git global config as a safe directory
2026-09-12T00:02:08.1843900Z [command]/usr/local/bin/git config --global --add safe.directory /Users/runner/work/Silex/Silex
2026-09-12T00:02:08.3681430Z Removing SSH command configuration
2026-09-12T00:02:08.3699920Z [command]/usr/local/bin/git config --local --name-only --get-regexp core\.sshCommand
2026-09-12T00:02:08.3711550Z [command]/usr/local/bin/git submodule foreach --recursive sh -c "git config --local --name-only --get-regexp 'core\.sshCommand' && git config --local --unset-all 'core.sshCommand' || :"
2026-09-12T00:02:08.5830270Z Removing HTTP extra header
2026-09-12T00:02:08.5842880Z [command]/usr/local/bin/git config --local --name-only --get-regexp http\.https\:\/\/github\.com\/\.extraheader
2026-09-12T00:02:08.6041130Z [command]/usr/local/bin/git submodule foreach --recursive sh -c "git config --local --name-only --get-regexp 'http\.https\:\/\/github\.com\/\.extraheader' && git config --local --unset-all 'http.https://github.com/.extraheader' || :"
2026-09-12T00:02:08.8278210Z Removing includeIf entries pointing to credentials config files
2026-09-12T00:02:08.8295350Z [command]/usr/local/bin/git config --local --name-only --get-regexp ^includeIf\.gitdir:
2026-09-12T00:02:08.8429150Z includeif.gitdir:/Users/runner/work/Silex/Silex/.git.path
2026-09-12T00:02:08.8431310Z includeif.gitdir:/Users/runner/work/Silex/Silex/.git/worktrees/*.path
2026-09-12T00:02:08.8433180Z includeif.gitdir:/github/workspace/.git.path
2026-09-12T00:02:08.8434800Z includeif.gitdir:/github/workspace/.git/worktrees/*.path
2026-09-12T00:02:08.8453990Z [command]/usr/local/bin/git config --local --get-all includeif.gitdir:/Users/runner/work/Silex/Silex/.git.path
2026-09-12T00:02:08.8608150Z /Users/runner/work/_temp/git-credentials-217569a7-2aea-41f5-be46-aab6290d0e2a.config
2026-09-12T00:02:08.8635720Z [command]/usr/local/bin/git config --local --unset includeif.gitdir:/Users/runner/work/Silex/Silex/.git.path /Users/runner/work/_temp/git-credentials-217569a7-2aea-41f5-be46-aab6290d0e2a.config
2026-09-12T00:02:08.8850750Z [command]/usr/local/bin/git config --local --get-all includeif.gitdir:/Users/runner/work/Silex/Silex/.git/worktrees/*.path
2026-09-12T00:02:08.8985210Z /Users/runner/work/_temp/git-credentials-217569a7-2aea-41f5-be46-aab6290d0e2a.config
2026-09-12T00:02:08.9010260Z [command]/usr/local/bin/git config --local --unset includeif.gitdir:/Users/runner/work/Silex/Silex/.git/worktrees/*.path /Users/runner/work/_temp/git-credentials-217569a7-2aea-41f5-be46-aab6290d0e2a.config
2026-09-12T00:02:08.9184580Z [command]/usr/local/bin/git config --local --get-all includeif.gitdir:/github/workspace/.git.path
2026-09-12T00:02:08.9336340Z /github/runner_temp/git-credentials-217569a7-2aea-41f5-be46-aab6290d0e2a.config
2026-09-12T00:02:08.9355450Z [command]/usr/local/bin/git config --local --unset includeif.gitdir:/github/workspace/.git.path /github/runner_temp/git-credentials-217569a7-2aea-41f5-be46-aab6290d0e2a.config
2026-09-12T00:02:08.9531710Z [command]/usr/local/bin/git config --local --get-all includeif.gitdir:/github/workspace/.git/worktrees/*.path
2026-09-12T00:02:08.9665050Z /github/runner_temp/git-credentials-217569a7-2aea-41f5-be46-aab6290d0e2a.config
2026-09-12T00:02:08.9686320Z [command]/usr/local/bin/git config --local --unset includeif.gitdir:/github/workspace/.git/worktrees/*.path /github/runner_temp/git-credentials-217569a7-2aea-41f5-be46-aab6290d0e2a.config
2026-09-12T00:02:08.9854850Z [command]/usr/local/bin/git submodule foreach --recursive git config --local --show-origin --name-only --get-regexp remote.origin.url
2026-09-12T00:02:09.1805920Z Removing credentials config '/Users/runner/work/_temp/git-credentials-217569a7-2aea-41f5-be46-aab6290d0e2a.config'
2026-09-12T00:02:09.2167210Z Cleaning up orphan processes

