2026-09-11T23:51:10.7473431Z Current runner version: '2.337.0'
2026-09-11T23:51:10.7522407Z ##[group]Runner Image Provisioner
2026-09-11T23:51:10.7523310Z Hosted Compute Agent
2026-09-11T23:51:10.7523914Z Version: 20260828.587
2026-09-11T23:51:10.7524702Z Commit: abac92662cab4cc7352de4f9f9d2e2419aad9c29
2026-09-11T23:51:10.7525435Z Build Date: 2026-08-28T16:44:25Z
2026-09-11T23:51:10.7526153Z Worker ID: {b53971bd-45ed-4b6d-b4b9-78440ddb1823}
2026-09-11T23:51:10.7526918Z Azure Region: westus
2026-09-11T23:51:10.7527501Z ##[endgroup]
2026-09-11T23:51:10.7529017Z ##[group]Operating System
2026-09-11T23:51:10.7529916Z Ubuntu
2026-09-11T23:51:10.7530510Z 24.04.5
2026-09-11T23:51:10.7531038Z LTS
2026-09-11T23:51:10.7531578Z ##[endgroup]
2026-09-11T23:51:10.7532193Z ##[group]Runner Image
2026-09-11T23:51:10.7532799Z Image: ubuntu-24.04
2026-09-11T23:51:10.7533355Z Version: 20260907.300.1
2026-09-11T23:51:10.7534706Z Included Software: https://github.com/actions/runner-images/blob/ubuntu24/20260907.300/images/ubuntu/Ubuntu2404-Readme.md
2026-09-11T23:51:10.7536330Z Image Release: https://github.com/actions/runner-images/releases/tag/ubuntu24%2F20260907.300
2026-09-11T23:51:10.7537310Z ##[endgroup]
2026-09-11T23:51:10.7538478Z ##[group]GITHUB_TOKEN Permissions
2026-09-11T23:51:10.7541011Z Contents: read
2026-09-11T23:51:10.7541705Z Metadata: read
2026-09-11T23:51:10.7542290Z ##[endgroup]
2026-09-11T23:51:10.7544332Z Secret source: Actions
2026-09-11T23:51:10.7545342Z Cache mode: write
2026-09-11T23:51:10.7546096Z Prepare workflow directory
2026-09-11T23:51:10.7887890Z Prepare all required actions
2026-09-11T23:51:10.7936289Z Getting action download info
2026-09-11T23:51:11.1292964Z Download action repository 'actions/checkout@v6' (SHA:d23441a48e516b6c34aea4fa41551a30e30af803)
2026-09-11T23:51:11.3336167Z Complete job name: linux-x64
2026-09-11T23:51:11.4203884Z ##[group]Run actions/checkout@v6
2026-09-11T23:51:11.4204787Z with:
2026-09-11T23:51:11.4205234Z   repository: Matanek/Silex
2026-09-11T23:51:11.4208853Z   token: ***
2026-09-11T23:51:11.4209530Z   ssh-strict: true
2026-09-11T23:51:11.4209976Z   ssh-user: git
2026-09-11T23:51:11.4210425Z   persist-credentials: true
2026-09-11T23:51:11.4210920Z   clean: true
2026-09-11T23:51:11.4211377Z   sparse-checkout-cone-mode: true
2026-09-11T23:51:11.4211907Z   fetch-depth: 1
2026-09-11T23:51:11.4212337Z   fetch-tags: false
2026-09-11T23:51:11.4212779Z   show-progress: true
2026-09-11T23:51:11.4213244Z   lfs: false
2026-09-11T23:51:11.4213659Z   submodules: false
2026-09-11T23:51:11.4214112Z   set-safe-directory: true
2026-09-11T23:51:11.4214629Z   allow-unsafe-pr-checkout: false
2026-09-11T23:51:11.4215404Z ##[endgroup]
2026-09-11T23:51:11.5291430Z Syncing repository: Matanek/Silex
2026-09-11T23:51:11.5294112Z ##[group]Getting Git version info
2026-09-11T23:51:11.5295242Z Working directory is '/home/runner/work/Silex/Silex'
2026-09-11T23:51:11.5297011Z [command]/usr/bin/git version
2026-09-11T23:51:11.5360607Z git version 2.55.0
2026-09-11T23:51:11.5363626Z ##[endgroup]
2026-09-11T23:51:11.5376773Z Temporarily overriding HOME='/home/runner/work/_temp/65b533e5-cec2-42e4-b28a-c2f1b30a8884' before making global git config changes
2026-09-11T23:51:11.5379393Z Adding repository directory to the temporary git global config as a safe directory
2026-09-11T23:51:11.5382717Z [command]/usr/bin/git config --global --add safe.directory /home/runner/work/Silex/Silex
2026-09-11T23:51:11.5436225Z Deleting the contents of '/home/runner/work/Silex/Silex'
2026-09-11T23:51:11.5441388Z ##[group]Determining repository object format
2026-09-11T23:51:11.5443564Z ##[endgroup]
2026-09-11T23:51:11.5444684Z ##[group]Initializing the repository
2026-09-11T23:51:11.5448652Z [command]/usr/bin/git init /home/runner/work/Silex/Silex
2026-09-11T23:51:11.5559489Z hint: Using 'master' as the name for the initial branch. This default branch name
2026-09-11T23:51:11.5561630Z hint: will change to "main" in Git 3.0. To configure the initial branch name
2026-09-11T23:51:11.5563795Z hint: to use in all of your new repositories, which will suppress this warning,
2026-09-11T23:51:11.5565761Z hint: call:
2026-09-11T23:51:11.5566592Z hint:
2026-09-11T23:51:11.5567560Z hint: 	git config --global init.defaultBranch <name>
2026-09-11T23:51:11.5568764Z hint:
2026-09-11T23:51:11.5570446Z hint: Names commonly chosen instead of 'master' are 'main', 'trunk' and
2026-09-11T23:51:11.5572286Z hint: 'development'. The just-created branch can be renamed via this command:
2026-09-11T23:51:11.5573798Z hint:
2026-09-11T23:51:11.5574727Z hint: 	git branch -m <name>
2026-09-11T23:51:11.5575779Z hint:
2026-09-11T23:51:11.5577099Z hint: Disable this message with "git config set advice.defaultBranchName false"
2026-09-11T23:51:11.5578542Z Initialized empty Git repository in /home/runner/work/Silex/Silex/.git/
2026-09-11T23:51:11.5581842Z [command]/usr/bin/git remote add origin https://github.com/Matanek/Silex
2026-09-11T23:51:11.5624361Z ##[endgroup]
2026-09-11T23:51:11.5625647Z ##[group]Disabling automatic garbage collection
2026-09-11T23:51:11.5629490Z [command]/usr/bin/git config --local gc.auto 0
2026-09-11T23:51:11.5667751Z ##[endgroup]
2026-09-11T23:51:11.5669425Z ##[group]Setting up auth
2026-09-11T23:51:11.5670470Z Removing SSH command configuration
2026-09-11T23:51:11.5676376Z [command]/usr/bin/git config --local --name-only --get-regexp core\.sshCommand
2026-09-11T23:51:11.5712368Z [command]/usr/bin/git submodule foreach --recursive sh -c "git config --local --name-only --get-regexp 'core\.sshCommand' && git config --local --unset-all 'core.sshCommand' || :"
2026-09-11T23:51:11.6073937Z Removing HTTP extra header
2026-09-11T23:51:11.6077895Z [command]/usr/bin/git config --local --name-only --get-regexp http\.https\:\/\/github\.com\/\.extraheader
2026-09-11T23:51:11.6121345Z [command]/usr/bin/git submodule foreach --recursive sh -c "git config --local --name-only --get-regexp 'http\.https\:\/\/github\.com\/\.extraheader' && git config --local --unset-all 'http.https://github.com/.extraheader' || :"
2026-09-11T23:51:11.6363290Z Removing includeIf entries pointing to credentials config files
2026-09-11T23:51:11.6370382Z [command]/usr/bin/git config --local --name-only --get-regexp ^includeIf\.gitdir:
2026-09-11T23:51:11.6407215Z [command]/usr/bin/git submodule foreach --recursive git config --local --show-origin --name-only --get-regexp remote.origin.url
2026-09-11T23:51:11.6635338Z [command]/usr/bin/git config --file /home/runner/work/_temp/git-credentials-6a8a8b7c-9032-4f38-ac1a-0f35a2c57e91.config http.https://github.com/.extraheader AUTHORIZATION: basic ***
2026-09-11T23:51:11.6676419Z [command]/usr/bin/git config --local includeIf.gitdir:/home/runner/work/Silex/Silex/.git.path /home/runner/work/_temp/git-credentials-6a8a8b7c-9032-4f38-ac1a-0f35a2c57e91.config
2026-09-11T23:51:11.6710814Z [command]/usr/bin/git config --local includeIf.gitdir:/home/runner/work/Silex/Silex/.git/worktrees/*.path /home/runner/work/_temp/git-credentials-6a8a8b7c-9032-4f38-ac1a-0f35a2c57e91.config
2026-09-11T23:51:11.6750127Z [command]/usr/bin/git config --local includeIf.gitdir:/github/workspace/.git.path /github/runner_temp/git-credentials-6a8a8b7c-9032-4f38-ac1a-0f35a2c57e91.config
2026-09-11T23:51:11.6784448Z [command]/usr/bin/git config --local includeIf.gitdir:/github/workspace/.git/worktrees/*.path /github/runner_temp/git-credentials-6a8a8b7c-9032-4f38-ac1a-0f35a2c57e91.config
2026-09-11T23:51:11.6851260Z ##[endgroup]
2026-09-11T23:51:11.6852054Z ##[group]Fetching the repository
2026-09-11T23:51:11.6858524Z [command]/usr/bin/git -c protocol.version=2 fetch --no-tags --prune --no-recurse-submodules --depth=1 origin +3e584015c9dc3a1cbfa687c7e36ba6bf75eab28d:refs/remotes/origin/spec-silex-optimization-parity-completion
2026-09-11T23:51:13.6155605Z From https://github.com/Matanek/Silex
2026-09-11T23:51:13.6158621Z  * [new ref]         3e584015c9dc3a1cbfa687c7e36ba6bf75eab28d -> origin/spec-silex-optimization-parity-completion
2026-09-11T23:51:13.6167910Z [command]/usr/bin/git branch --list --remote origin/spec-silex-optimization-parity-completion
2026-09-11T23:51:13.6197349Z   origin/spec-silex-optimization-parity-completion
2026-09-11T23:51:13.6206570Z [command]/usr/bin/git rev-parse refs/remotes/origin/spec-silex-optimization-parity-completion
2026-09-11T23:51:13.6235064Z 3e584015c9dc3a1cbfa687c7e36ba6bf75eab28d
2026-09-11T23:51:13.6243059Z ##[endgroup]
2026-09-11T23:51:13.6245809Z ##[group]Determining the checkout info
2026-09-11T23:51:13.6249313Z ##[endgroup]
2026-09-11T23:51:13.6251216Z [command]/usr/bin/git sparse-checkout disable
2026-09-11T23:51:13.6298166Z [command]/usr/bin/git config --local --unset-all extensions.worktreeConfig
2026-09-11T23:51:13.6329835Z ##[group]Checking out the ref
2026-09-11T23:51:13.6333172Z [command]/usr/bin/git checkout --progress --force -B spec-silex-optimization-parity-completion refs/remotes/origin/spec-silex-optimization-parity-completion
2026-09-11T23:51:13.8836769Z Switched to a new branch 'spec-silex-optimization-parity-completion'
2026-09-11T23:51:13.8841638Z branch 'spec-silex-optimization-parity-completion' set up to track 'origin/spec-silex-optimization-parity-completion'.
2026-09-11T23:51:13.8863276Z ##[endgroup]
2026-09-11T23:51:13.8911723Z [command]/usr/bin/git log -1 --format=%H
2026-09-11T23:51:13.8940222Z 3e584015c9dc3a1cbfa687c7e36ba6bf75eab28d
2026-09-11T23:51:13.9218357Z ##[group]Run actions/checkout@v6
2026-09-11T23:51:13.9218728Z with:
2026-09-11T23:51:13.9219297Z   repository: Matanek/Silex-Lib-STD
2026-09-11T23:51:13.9219661Z   ref: 5a018305fb470dfe00e94466150b3c04f207e252
2026-09-11T23:51:13.9220022Z   path: Dependencies/STD
2026-09-11T23:51:13.9222556Z   token: ***
2026-09-11T23:51:13.9222812Z   ssh-strict: true
2026-09-11T23:51:13.9223071Z   ssh-user: git
2026-09-11T23:51:13.9223330Z   persist-credentials: true
2026-09-11T23:51:13.9223611Z   clean: true
2026-09-11T23:51:13.9223878Z   sparse-checkout-cone-mode: true
2026-09-11T23:51:13.9224206Z   fetch-depth: 1
2026-09-11T23:51:13.9224476Z   fetch-tags: false
2026-09-11T23:51:13.9224735Z   show-progress: true
2026-09-11T23:51:13.9224994Z   lfs: false
2026-09-11T23:51:13.9225230Z   submodules: false
2026-09-11T23:51:13.9225519Z   set-safe-directory: true
2026-09-11T23:51:13.9225822Z   allow-unsafe-pr-checkout: false
2026-09-11T23:51:13.9226129Z ##[endgroup]
2026-09-11T23:51:14.0051400Z Syncing repository: Matanek/Silex-Lib-STD
2026-09-11T23:51:14.0061423Z ##[group]Getting Git version info
2026-09-11T23:51:14.0062725Z Working directory is '/home/runner/work/Silex/Silex/Dependencies/STD'
2026-09-11T23:51:14.0107342Z [command]/usr/bin/git version
2026-09-11T23:51:14.0152208Z git version 2.55.0
2026-09-11T23:51:14.0179783Z ##[endgroup]
2026-09-11T23:51:14.0194238Z Temporarily overriding HOME='/home/runner/work/_temp/ac1dfcfc-d860-4ddd-a84b-09bea07cad2a' before making global git config changes
2026-09-11T23:51:14.0195618Z Adding repository directory to the temporary git global config as a safe directory
2026-09-11T23:51:14.0200936Z [command]/usr/bin/git config --global --add safe.directory /home/runner/work/Silex/Silex/Dependencies/STD
2026-09-11T23:51:14.0236732Z ##[group]Determining repository object format
2026-09-11T23:51:14.0239941Z ##[endgroup]
2026-09-11T23:51:14.0240890Z ##[group]Initializing the repository
2026-09-11T23:51:14.0246614Z [command]/usr/bin/git init /home/runner/work/Silex/Silex/Dependencies/STD
2026-09-11T23:51:14.0292613Z hint: Using 'master' as the name for the initial branch. This default branch name
2026-09-11T23:51:14.0300349Z hint: will change to "main" in Git 3.0. To configure the initial branch name
2026-09-11T23:51:14.0301473Z hint: to use in all of your new repositories, which will suppress this warning,
2026-09-11T23:51:14.0302267Z hint: call:
2026-09-11T23:51:14.0302671Z hint:
2026-09-11T23:51:14.0303208Z hint: 	git config --global init.defaultBranch <name>
2026-09-11T23:51:14.0303822Z hint:
2026-09-11T23:51:14.0304501Z hint: Names commonly chosen instead of 'master' are 'main', 'trunk' and
2026-09-11T23:51:14.0305438Z hint: 'development'. The just-created branch can be renamed via this command:
2026-09-11T23:51:14.0306221Z hint:
2026-09-11T23:51:14.0306668Z hint: 	git branch -m <name>
2026-09-11T23:51:14.0307450Z hint:
2026-09-11T23:51:14.0308124Z hint: Disable this message with "git config set advice.defaultBranchName false"
2026-09-11T23:51:14.0309607Z Initialized empty Git repository in /home/runner/work/Silex/Silex/Dependencies/STD/.git/
2026-09-11T23:51:14.0330274Z [command]/usr/bin/git remote add origin https://github.com/Matanek/Silex-Lib-STD
2026-09-11T23:51:14.0353283Z ##[endgroup]
2026-09-11T23:51:14.0440357Z ##[group]Disabling automatic garbage collection
2026-09-11T23:51:14.0441237Z [command]/usr/bin/git config --local gc.auto 0
2026-09-11T23:51:14.0442788Z ##[endgroup]
2026-09-11T23:51:14.0443538Z ##[group]Setting up auth
2026-09-11T23:51:14.0444084Z Removing SSH command configuration
2026-09-11T23:51:14.0444890Z [command]/usr/bin/git config --local --name-only --get-regexp core\.sshCommand
2026-09-11T23:51:14.0447148Z [command]/usr/bin/git submodule foreach --recursive sh -c "git config --local --name-only --get-regexp 'core\.sshCommand' && git config --local --unset-all 'core.sshCommand' || :"
2026-09-11T23:51:14.0673280Z Removing HTTP extra header
2026-09-11T23:51:14.0684028Z [command]/usr/bin/git config --local --name-only --get-regexp http\.https\:\/\/github\.com\/\.extraheader
2026-09-11T23:51:14.0733907Z [command]/usr/bin/git submodule foreach --recursive sh -c "git config --local --name-only --get-regexp 'http\.https\:\/\/github\.com\/\.extraheader' && git config --local --unset-all 'http.https://github.com/.extraheader' || :"
2026-09-11T23:51:14.0988251Z Removing includeIf entries pointing to credentials config files
2026-09-11T23:51:14.0989286Z [command]/usr/bin/git config --local --name-only --get-regexp ^includeIf\.gitdir:
2026-09-11T23:51:14.1026610Z [command]/usr/bin/git submodule foreach --recursive git config --local --show-origin --name-only --get-regexp remote.origin.url
2026-09-11T23:51:14.1279865Z [command]/usr/bin/git config --file /home/runner/work/_temp/git-credentials-890dc3f9-a336-477b-a93e-ae606b3234e6.config http.https://github.com/.extraheader AUTHORIZATION: basic ***
2026-09-11T23:51:14.1325069Z [command]/usr/bin/git config --local includeIf.gitdir:/home/runner/work/Silex/Silex/Dependencies/STD/.git.path /home/runner/work/_temp/git-credentials-890dc3f9-a336-477b-a93e-ae606b3234e6.config
2026-09-11T23:51:14.1360631Z [command]/usr/bin/git config --local includeIf.gitdir:/home/runner/work/Silex/Silex/Dependencies/STD/.git/worktrees/*.path /home/runner/work/_temp/git-credentials-890dc3f9-a336-477b-a93e-ae606b3234e6.config
2026-09-11T23:51:14.1395471Z [command]/usr/bin/git config --local includeIf.gitdir:/github/workspace/Dependencies/STD/.git.path /github/runner_temp/git-credentials-890dc3f9-a336-477b-a93e-ae606b3234e6.config
2026-09-11T23:51:14.1430532Z [command]/usr/bin/git config --local includeIf.gitdir:/github/workspace/Dependencies/STD/.git/worktrees/*.path /github/runner_temp/git-credentials-890dc3f9-a336-477b-a93e-ae606b3234e6.config
2026-09-11T23:51:14.1466278Z ##[endgroup]
2026-09-11T23:51:14.1466773Z ##[group]Fetching the repository
2026-09-11T23:51:14.1474892Z [command]/usr/bin/git -c protocol.version=2 fetch --no-tags --prune --no-recurse-submodules --depth=1 origin 5a018305fb470dfe00e94466150b3c04f207e252
2026-09-11T23:51:14.7874105Z From https://github.com/Matanek/Silex-Lib-STD
2026-09-11T23:51:14.7877152Z  * branch            5a018305fb470dfe00e94466150b3c04f207e252 -> FETCH_HEAD
2026-09-11T23:51:14.7886928Z [command]/usr/bin/git rev-parse --verify --quiet 5a018305fb470dfe00e94466150b3c04f207e252^{object}
2026-09-11T23:51:14.7916081Z 5a018305fb470dfe00e94466150b3c04f207e252
2026-09-11T23:51:14.7921041Z ##[endgroup]
2026-09-11T23:51:14.7921948Z ##[group]Determining the checkout info
2026-09-11T23:51:14.7922852Z ##[endgroup]
2026-09-11T23:51:14.7929800Z [command]/usr/bin/git sparse-checkout disable
2026-09-11T23:51:14.7975184Z [command]/usr/bin/git config --local --unset-all extensions.worktreeConfig
2026-09-11T23:51:14.8012124Z ##[group]Checking out the ref
2026-09-11T23:51:14.8017929Z [command]/usr/bin/git checkout --progress --force 5a018305fb470dfe00e94466150b3c04f207e252
2026-09-11T23:51:14.8290304Z Note: switching to '5a018305fb470dfe00e94466150b3c04f207e252'.
2026-09-11T23:51:14.8290852Z 
2026-09-11T23:51:14.8291220Z You are in 'detached HEAD' state. You can look around, make experimental
2026-09-11T23:51:14.8291987Z changes and commit them, and you can discard any commits you make in this
2026-09-11T23:51:14.8292598Z state without impacting any branches by switching back to a branch.
2026-09-11T23:51:14.8292945Z 
2026-09-11T23:51:14.8293177Z If you want to create a new branch to retain commits you create, you may
2026-09-11T23:51:14.8293719Z do so (now or later) by using -c with the switch command. Example:
2026-09-11T23:51:14.8294048Z 
2026-09-11T23:51:14.8294181Z   git switch -c <new-branch-name>
2026-09-11T23:51:14.8294467Z 
2026-09-11T23:51:14.8294661Z Or undo this operation with:
2026-09-11T23:51:14.8294973Z 
2026-09-11T23:51:14.8295166Z   git switch -
2026-09-11T23:51:14.8295403Z 
2026-09-11T23:51:14.8295806Z Turn off this advice by setting config variable advice.detachedHead to false
2026-09-11T23:51:14.8296555Z 
2026-09-11T23:51:14.8296774Z HEAD is now at 5a01830 Prepare STD 0.21.0
2026-09-11T23:51:14.8299491Z ##[endgroup]
2026-09-11T23:51:14.8343605Z [command]/usr/bin/git log -1 --format=%H
2026-09-11T23:51:14.8372566Z 5a018305fb470dfe00e94466150b3c04f207e252
2026-09-11T23:51:14.8513316Z ##[group]Run set -euo pipefail
2026-09-11T23:51:14.8513747Z [36;1mset -euo pipefail[0m
2026-09-11T23:51:14.8514048Z [36;1marchive="$RUNNER_TEMP/zig.tar.xz"[0m
2026-09-11T23:51:14.8514590Z [36;1mcurl -fL https://ziglang.org/download/0.16.0/zig-x86_64-linux-0.16.0.tar.xz -o "$archive"[0m
2026-09-11T23:51:14.8515310Z [36;1mecho "70e49664a74374b48b51e6f3fdfbf437f6395d42509050588bd49abe52ba3d00  $archive" | sha256sum -c -[0m
2026-09-11T23:51:14.8515892Z [36;1mtar -xJf "$archive" -C "$RUNNER_TEMP"[0m
2026-09-11T23:51:14.8516301Z [36;1mecho "$RUNNER_TEMP/zig-x86_64-linux-0.16.0" >> "$GITHUB_PATH"[0m
2026-09-11T23:51:14.8557395Z shell: /usr/bin/bash --noprofile --norc -e -o pipefail {0}
2026-09-11T23:51:14.8557812Z ##[endgroup]
2026-09-11T23:51:14.8709959Z   % Total    % Received % Xferd  Average Speed   Time    Time     Time  Current
2026-09-11T23:51:14.8710750Z                                  Dload  Upload   Total   Spent    Left  Speed
2026-09-11T23:51:14.8711351Z 
2026-09-11T23:51:15.8940958Z   0     0    0     0    0     0      0      0 --:--:-- --:--:-- --:--:--     0
2026-09-11T23:51:16.7672613Z   0 52.9M    0 32506    0     0  31770      0  0:29:06  0:00:01  0:29:05 31775
2026-09-11T23:51:17.8167149Z   1 52.9M    1  655k    0     0   345k      0  0:02:36  0:00:01  0:02:35  345k
2026-09-11T23:51:18.8096200Z  10 52.9M   10 5903k    0     0  2004k      0  0:00:27  0:00:02  0:00:25 2003k
2026-09-11T23:51:19.7668865Z  33 52.9M   33 17.5M    0     0  4558k      0  0:00:11  0:00:03  0:00:08 4557k
2026-09-11T23:51:20.7667131Z  53 52.9M   53 28.0M    0     0  5869k      0  0:00:09  0:00:04  0:00:05 5869k
2026-09-11T23:51:21.7650171Z  70 52.9M   70 37.3M    0     0  6486k      0  0:00:08  0:00:05  0:00:03 7840k
2026-09-11T23:51:22.6276498Z  86 52.9M   86 45.6M    0     0  6774k      0  0:00:07  0:00:06  0:00:01 9213k
2026-09-11T23:51:22.6277320Z 100 52.9M  100 52.9M    0     0  6984k      0  0:00:07  0:00:07 --:--:--  9.7M
2026-09-11T23:51:22.6724995Z /home/runner/work/_temp/zig.tar.xz: OK
2026-09-11T23:51:26.4940263Z ##[group]Run set -euo pipefail
2026-09-11T23:51:26.4940685Z [36;1mset -euo pipefail[0m
2026-09-11T23:51:26.4940965Z [36;1mtest "$(uname -m)" = "x86_64"[0m
2026-09-11T23:51:26.4941252Z [36;1mexport HOME="$RUNNER_TEMP/home"[0m
2026-09-11T23:51:26.4941523Z [36;1mmkdir -p "$HOME"[0m
2026-09-11T23:51:26.4941822Z [36;1mzig build -Doptimize=ReleaseFast -Dcpu=baseline \[0m
2026-09-11T23:51:26.4942203Z [36;1m  --prefix "$RUNNER_TEMP/silex-prefix" \[0m
2026-09-11T23:51:26.4942535Z [36;1m  --build-file Toolchain/build.zig[0m
2026-09-11T23:51:26.4942856Z [36;1msilex="$RUNNER_TEMP/silex-prefix/bin/silex"[0m
2026-09-11T23:51:26.4943154Z [36;1m"$silex" setup[0m
2026-09-11T23:51:26.4943715Z [36;1m"$silex" link "$GITHUB_WORKSPACE/Dependencies/STD" --workspace "$GITHUB_WORKSPACE"[0m
2026-09-11T23:51:26.4944237Z [36;1m"$silex" test "$GITHUB_WORKSPACE/Tests/Types/Str/Operators.sx"[0m
2026-09-11T23:51:26.4944705Z [36;1m"$silex" test "$GITHUB_WORKSPACE/Tests/Types/Str/Returns.sx"[0m
2026-09-11T23:51:26.4945152Z [36;1m"$silex" test "$GITHUB_WORKSPACE/Tests/Native/NativePortability.sx"[0m
2026-09-11T23:51:26.4945647Z [36;1m"$silex" compile "$GITHUB_WORKSPACE/Tests/Native/NativePortability.sx" \[0m
2026-09-11T23:51:26.4946104Z [36;1m  --release -o "$RUNNER_TEMP/native-portability"[0m
2026-09-11T23:51:26.4946505Z [36;1mportability_output=$("$RUNNER_TEMP/native-portability")[0m
2026-09-11T23:51:26.4946873Z [36;1mprintf '%s\n' "$portability_output"[0m
2026-09-11T23:51:26.4947301Z [36;1mcycle_drops=$(printf '%s\n' "$portability_output" | grep -c '^native cycle drop$')[0m
2026-09-11T23:51:26.4947730Z [36;1mtest "$cycle_drops" -eq 6[0m
2026-09-11T23:51:26.4948122Z [36;1m"$silex" compile "$GITHUB_WORKSPACE/Tests/Native/DistributionSmoke.sx" \[0m
2026-09-11T23:51:26.4948569Z [36;1m  --release -o "$RUNNER_TEMP/distribution-smoke"[0m
2026-09-11T23:51:26.4949239Z [36;1mtest "$("$RUNNER_TEMP/distribution-smoke")" = "silex distribution ready"[0m
2026-09-11T23:51:26.4949980Z [36;1maggregate_fixture="$GITHUB_WORKSPACE/Toolchain/Benchmarks/Optimizer/Regressions/AggregateFieldStores.sx"[0m
2026-09-11T23:51:26.4950709Z [36;1mtest "$("$silex" interpret "$aggregate_fixture" --nocache)" = "aggregate field stores preserved"[0m
2026-09-11T23:51:26.4951187Z [36;1mfor mode in debug release; do[0m
2026-09-11T23:51:26.4951530Z [36;1m  "$silex" compile "$aggregate_fixture" "--$mode" --nocache \[0m
2026-09-11T23:51:26.4951927Z [36;1m    -o "$RUNNER_TEMP/aggregate-fields-$mode"[0m
2026-09-11T23:51:26.4952389Z [36;1m  test "$("$RUNNER_TEMP/aggregate-fields-$mode")" = "aggregate field stores preserved"[0m
2026-09-11T23:51:26.4952825Z [36;1mdone[0m
2026-09-11T23:51:26.4953198Z [36;1mminmax_fixture="$GITHUB_WORKSPACE/Toolchain/Benchmarks/Native/ScalarMathMinMax.sx"[0m
2026-09-11T23:51:26.4953647Z [36;1mfor mode in debug release; do[0m
2026-09-11T23:51:26.4953976Z [36;1m  "$silex" compile "$minmax_fixture" "--$mode" --nocache \[0m
2026-09-11T23:51:26.4954360Z [36;1m    -o "$RUNNER_TEMP/scalar-math-minmax-$mode"[0m
2026-09-11T23:51:26.4954842Z [36;1m  test "$("$RUNNER_TEMP/scalar-math-minmax-$mode")" = "scalar-math-minmax: pass"[0m
2026-09-11T23:51:26.4955254Z [36;1mdone[0m
2026-09-11T23:51:26.4955614Z [36;1m# Compile the exact standalone witness without the optimizer package's STD graph.[0m
2026-09-11T23:51:26.4956094Z [36;1mscalar_root="$RUNNER_TEMP/scalar-float-fixture"[0m
2026-09-11T23:51:26.4956418Z [36;1mmkdir -p "$scalar_root"[0m
2026-09-11T23:51:26.4956747Z [36;1mprintf '%s\n' '{"sources":"."}' > "$scalar_root/Package.json"[0m
2026-09-11T23:51:26.4957173Z [36;1mscalar_fixture="$scalar_root/ScalarFloatResidence.sx"[0m
2026-09-11T23:51:26.4957781Z [36;1mcp "$GITHUB_WORKSPACE/Toolchain/Benchmarks/Optimizer/Regressions/ScalarFloatResidence.sx" "$scalar_fixture"[0m
2026-09-11T23:51:26.4958330Z [36;1mfor mode in debug release; do[0m
2026-09-11T23:51:26.4958659Z [36;1m  "$silex" compile "$scalar_fixture" "--$mode" --nocache \[0m
2026-09-11T23:51:26.4959470Z [36;1m    -o "$RUNNER_TEMP/scalar-float-residence-$mode"[0m
2026-09-11T23:51:26.4959903Z [36;1m  scalar_output=$("$RUNNER_TEMP/scalar-float-residence-$mode")[0m
2026-09-11T23:51:26.4960327Z [36;1m  test "$(printf '%s\n' "$scalar_output" | wc -l)" -eq 9[0m
2026-09-11T23:51:26.4960736Z [36;1m  test "$(printf '%s\n' "$scalar_output" | grep -c '^true$')" -eq 9[0m
2026-09-11T23:51:26.4961083Z [36;1mdone[0m
2026-09-11T23:51:26.4961351Z [36;1mbranch_fixture="$scalar_root/BranchComparisons.sx"[0m
2026-09-11T23:51:26.4961940Z [36;1mcp "$GITHUB_WORKSPACE/Toolchain/Benchmarks/Optimizer/Regressions/BranchComparisons.sx" "$branch_fixture"[0m
2026-09-11T23:51:26.4962492Z [36;1mfor mode in debug release; do[0m
2026-09-11T23:51:26.4962969Z [36;1m  "$silex" compile "$branch_fixture" "--$mode" --nocache \[0m
2026-09-11T23:51:26.4963349Z [36;1m    -o "$RUNNER_TEMP/branch-comparisons-$mode"[0m
2026-09-11T23:51:26.4963727Z [36;1m  test "$("$RUNNER_TEMP/branch-comparisons-$mode")" = "true"[0m
2026-09-11T23:51:26.4964059Z [36;1mdone[0m
2026-09-11T23:51:26.4964317Z [36;1msnapshot_fixture="$scalar_root/BranchSnapshots.sx"[0m
2026-09-11T23:51:26.4964891Z [36;1mcp "$GITHUB_WORKSPACE/Toolchain/Benchmarks/Optimizer/Regressions/BranchSnapshots.sx" "$snapshot_fixture"[0m
2026-09-11T23:51:26.4965420Z [36;1mfor mode in debug release; do[0m
2026-09-11T23:51:26.4965759Z [36;1m  "$silex" compile "$snapshot_fixture" "--$mode" --nocache \[0m
2026-09-11T23:51:26.4966144Z [36;1m    -o "$RUNNER_TEMP/branch-snapshots-$mode"[0m
2026-09-11T23:51:26.4966514Z [36;1m  snapshot_output=$("$RUNNER_TEMP/branch-snapshots-$mode")[0m
2026-09-11T23:51:26.4966911Z [36;1m  test "$(printf '%s\n' "$snapshot_output" | wc -l)" -eq 8[0m
2026-09-11T23:51:26.4967333Z [36;1m  test "$(printf '%s\n' "$snapshot_output" | grep -c '^true$')" -eq 8[0m
2026-09-11T23:51:26.4967680Z [36;1mdone[0m
2026-09-11T23:51:26.4967943Z [36;1mloop_exit_fixture="$scalar_root/LoopExitResidence.sx"[0m
2026-09-11T23:51:26.4968541Z [36;1mcp "$GITHUB_WORKSPACE/Toolchain/Benchmarks/Optimizer/Regressions/LoopExitResidence.sx" "$loop_exit_fixture"[0m
2026-09-11T23:51:26.4969356Z [36;1mfor mode in debug release; do[0m
2026-09-11T23:51:26.4969703Z [36;1m  "$silex" compile "$loop_exit_fixture" "--$mode" --nocache \[0m
2026-09-11T23:51:26.4970093Z [36;1m    -o "$RUNNER_TEMP/loop-exit-residence-$mode"[0m
2026-09-11T23:51:26.4970486Z [36;1m  loop_exit_output=$("$RUNNER_TEMP/loop-exit-residence-$mode")[0m
2026-09-11T23:51:26.4970902Z [36;1m  test "$(printf '%s\n' "$loop_exit_output" | wc -l)" -eq 5[0m
2026-09-11T23:51:26.4971325Z [36;1m  test "$(printf '%s\n' "$loop_exit_output" | grep -c '^true$')" -eq 5[0m
2026-09-11T23:51:26.4971677Z [36;1mdone[0m
2026-09-11T23:51:26.4971959Z [36;1mfloat_memory_fixture="$scalar_root/FloatMemoryResidence.sx"[0m
2026-09-11T23:51:26.4972605Z [36;1mcp "$GITHUB_WORKSPACE/Toolchain/Benchmarks/Optimizer/Regressions/FloatMemoryResidence.sx" "$float_memory_fixture"[0m
2026-09-11T23:51:26.4973171Z [36;1mfor mode in debug release; do[0m
2026-09-11T23:51:26.4973517Z [36;1m  "$silex" compile "$float_memory_fixture" "--$mode" --nocache \[0m
2026-09-11T23:51:26.4973928Z [36;1m    -o "$RUNNER_TEMP/float-memory-residence-$mode"[0m
2026-09-11T23:51:26.4974353Z [36;1m  float_memory_output=$("$RUNNER_TEMP/float-memory-residence-$mode")[0m
2026-09-11T23:51:26.4974807Z [36;1m  test "$(printf '%s\n' "$float_memory_output" | wc -l)" -eq 13[0m
2026-09-11T23:51:26.4975247Z [36;1m  test "$(printf '%s\n' "$float_memory_output" | grep -c '^true$')" -eq 13[0m
2026-09-11T23:51:26.4975605Z [36;1mdone[0m
2026-09-11T23:51:26.4975900Z [36;1mfloat_operands_fixture="$scalar_root/ScalarFloatOperands.sx"[0m
2026-09-11T23:51:26.4976554Z [36;1mcp "$GITHUB_WORKSPACE/Toolchain/Benchmarks/Optimizer/Regressions/ScalarFloatOperands.sx" "$float_operands_fixture"[0m
2026-09-11T23:51:26.4977122Z [36;1mfor mode in debug release; do[0m
2026-09-11T23:51:26.4977476Z [36;1m  "$silex" compile "$float_operands_fixture" "--$mode" --nocache \[0m
2026-09-11T23:51:26.4978020Z [36;1m    -o "$RUNNER_TEMP/scalar-float-operands-$mode"[0m
2026-09-11T23:51:26.4978450Z [36;1m  float_operands_output=$("$RUNNER_TEMP/scalar-float-operands-$mode")[0m
2026-09-11T23:51:26.4978913Z [36;1m  test "$(printf '%s\n' "$float_operands_output" | wc -l)" -eq 18[0m
2026-09-11T23:51:26.4979679Z [36;1m  test "$(printf '%s\n' "$float_operands_output" | grep -c '^true$')" -eq 18[0m
2026-09-11T23:51:26.4980052Z [36;1mdone[0m
2026-09-11T23:51:26.4980360Z [36;1mprivate_length_fixture="$scalar_root/PrivateCollectionLengths.sx"[0m
2026-09-11T23:51:26.4981059Z [36;1mcp "$GITHUB_WORKSPACE/Toolchain/Benchmarks/Optimizer/Regressions/PrivateCollectionLengths.sx" "$private_length_fixture"[0m
2026-09-11T23:51:26.4981784Z [36;1mfor mode in debug release; do[0m
2026-09-11T23:51:26.4982141Z [36;1m  "$silex" compile "$private_length_fixture" "--$mode" --nocache \[0m
2026-09-11T23:51:26.4982567Z [36;1m    -o "$RUNNER_TEMP/private-collection-lengths-$mode"[0m
2026-09-11T23:51:26.4983034Z [36;1m  private_length_output=$("$RUNNER_TEMP/private-collection-lengths-$mode")[0m
2026-09-11T23:51:26.4983512Z [36;1m  test "$(printf '%s\n' "$private_length_output" | wc -l)" -eq 10[0m
2026-09-11T23:51:26.4983964Z [36;1m  test "$(printf '%s\n' "$private_length_output" | grep -c '^true$')" -eq 10[0m
2026-09-11T23:51:26.4984326Z [36;1mdone[0m
2026-09-11T23:51:26.4984594Z [36;1mclass_leaf_fixture="$scalar_root/ScalarClassLeaves.sx"[0m
2026-09-11T23:51:26.4985187Z [36;1mcp "$GITHUB_WORKSPACE/Toolchain/Benchmarks/Optimizer/Regressions/ScalarClassLeaves.sx" "$class_leaf_fixture"[0m
2026-09-11T23:51:26.4985726Z [36;1mfor mode in debug release; do[0m
2026-09-11T23:51:26.4986071Z [36;1m  "$silex" compile "$class_leaf_fixture" "--$mode" --nocache \[0m
2026-09-11T23:51:26.4986460Z [36;1m    -o "$RUNNER_TEMP/scalar-class-leaves-$mode"[0m
2026-09-11T23:51:26.4986851Z [36;1m  class_leaf_output=$("$RUNNER_TEMP/scalar-class-leaves-$mode")[0m
2026-09-11T23:51:26.4987275Z [36;1m  test "$(printf '%s\n' "$class_leaf_output" | wc -l)" -eq 10[0m
2026-09-11T23:51:26.4987704Z [36;1m  test "$(printf '%s\n' "$class_leaf_output" | grep -c '^true$')" -eq 10[0m
2026-09-11T23:51:26.4988056Z [36;1mdone[0m
2026-09-11T23:51:26.5028358Z shell: /usr/bin/bash --noprofile --norc -e -o pipefail {0}
2026-09-11T23:51:26.5028718Z ##[endgroup]
2026-09-11T23:56:40.5467298Z silex: installed Shadercross for linux-x64
2026-09-11T23:56:50.9742645Z silex: installed Native linker for linux-x64
2026-09-11T23:56:50.9759338Z silex: linked STD@0.21.0 to /home/runner/work/Silex/Silex/Dependencies/STD for this workspace
2026-09-11T23:57:04.2417101Z ok - str concatenation operand positions
2026-09-11T23:57:04.2657919Z ok - str compound concatenation
2026-09-11T23:57:04.2892221Z ok - str equality and interpolation
2026-09-11T23:57:04.3125050Z ok - str unicode scalar count
2026-09-11T23:57:04.3127586Z 4 passed; 0 failed
2026-09-11T23:57:04.3676103Z ok - str return positions
2026-09-11T23:57:04.3676945Z 1 passed; 0 failed
2026-09-11T23:57:04.4278481Z ok - execute direct indirect and dynamic calls beyond native registers
2026-09-11T23:57:04.4496489Z ok - preserve paired float32 arithmetic on native
2026-09-11T23:57:04.4740986Z ok - mutate a class-owned native list without changing its snapshot
2026-09-11T23:57:04.4958657Z ok - replace class elements in a class-owned native list
2026-09-11T23:57:04.5184565Z ok - preserve embedded byte contents on native
2026-09-11T23:57:04.5414584Z ok - format native floats through the standalone runtime
2026-09-11T23:57:04.5663697Z ok - convert native float precision in both directions
2026-09-11T23:57:04.5887835Z ok - replace and preserve an aliased native list
2026-09-11T23:57:04.6104452Z ok - swap and reverse a native list
2026-09-11T23:57:04.6325119Z ok - grow a native list at every position
2026-09-11T23:57:04.6543826Z ok - remove native list elements from every position
2026-09-11T23:57:04.6763099Z ok - slice view mutate and clear native lists
2026-09-11T23:57:04.6979215Z ok - mutable aggregate view detaches shared native list
2026-09-11T23:57:04.7200053Z copy state drop
2026-09-11T23:57:04.7200555Z copy state drop
2026-09-11T23:57:04.7201172Z ok - deep-copy repeated native class roots without collections
2026-09-11T23:57:04.7422917Z native cycle drop
2026-09-11T23:57:04.7424674Z native cycle drop
2026-09-11T23:57:04.7425420Z ok - finalize a direct native class cycle
2026-09-11T23:57:04.7639792Z native cycle drop
2026-09-11T23:57:04.7640187Z native cycle drop
2026-09-11T23:57:04.7640618Z ok - finalize a native class cycle through lists
2026-09-11T23:57:04.7859971Z native cycle drop
2026-09-11T23:57:04.7860603Z native cycle drop
2026-09-11T23:57:04.7861085Z ok - finalize a native class cycle through protocols
2026-09-11T23:57:04.8081518Z ok - execute the complete native collection mutation slice
2026-09-11T23:57:04.8300838Z copy state drop
2026-09-11T23:57:04.8301275Z copy state drop
2026-09-11T23:57:04.8301707Z ok - execute native ownership and deep-copy runtime
2026-09-11T23:57:04.8521478Z ok - preserve resource aggregates across native list growth
2026-09-11T23:57:04.8744275Z ok - serialize native mutations with mutex
2026-09-11T23:57:04.8967169Z native cycle drop
2026-09-11T23:57:04.8967757Z native cycle drop
2026-09-11T23:57:04.8968138Z native cycle drop
2026-09-11T23:57:04.8968489Z native cycle drop
2026-09-11T23:57:04.8968920Z native cycle drop
2026-09-11T23:57:04.8969710Z native cycle drop
2026-09-11T23:57:04.8970252Z ok - finalize native cycles across direct collection and protocol edges
2026-09-11T23:57:04.8978120Z 22 passed; 0 failed
2026-09-11T23:57:04.9782379Z copy state drop
2026-09-11T23:57:04.9782804Z copy state drop
2026-09-11T23:57:04.9783186Z native cycle drop
2026-09-11T23:57:04.9783575Z native cycle drop
2026-09-11T23:57:04.9783879Z native cycle drop
2026-09-11T23:57:04.9784079Z native cycle drop
2026-09-11T23:57:04.9784281Z native cycle drop
2026-09-11T23:57:04.9784474Z native cycle drop
2026-09-11T23:57:05.9927636Z Post job cleanup.
2026-09-11T23:57:06.0868439Z [command]/usr/bin/git version
2026-09-11T23:57:06.0915406Z git version 2.55.0
2026-09-11T23:57:06.0962712Z Temporarily overriding HOME='/home/runner/work/_temp/91ad1024-4951-4d58-afe1-cc85e5dbd140' before making global git config changes
2026-09-11T23:57:06.0964143Z Adding repository directory to the temporary git global config as a safe directory
2026-09-11T23:57:06.0969587Z [command]/usr/bin/git config --global --add safe.directory /home/runner/work/Silex/Silex/Dependencies/STD
2026-09-11T23:57:06.1006866Z Removing SSH command configuration
2026-09-11T23:57:06.1014441Z [command]/usr/bin/git config --local --name-only --get-regexp core\.sshCommand
2026-09-11T23:57:06.1061972Z [command]/usr/bin/git submodule foreach --recursive sh -c "git config --local --name-only --get-regexp 'core\.sshCommand' && git config --local --unset-all 'core.sshCommand' || :"
2026-09-11T23:57:06.1380907Z Removing HTTP extra header
2026-09-11T23:57:06.1408217Z [command]/usr/bin/git config --local --name-only --get-regexp http\.https\:\/\/github\.com\/\.extraheader
2026-09-11T23:57:06.1476327Z [command]/usr/bin/git submodule foreach --recursive sh -c "git config --local --name-only --get-regexp 'http\.https\:\/\/github\.com\/\.extraheader' && git config --local --unset-all 'http.https://github.com/.extraheader' || :"
2026-09-11T23:57:06.1737769Z Removing includeIf entries pointing to credentials config files
2026-09-11T23:57:06.1759897Z [command]/usr/bin/git config --local --name-only --get-regexp ^includeIf\.gitdir:
2026-09-11T23:57:06.1783292Z includeif.gitdir:/home/runner/work/Silex/Silex/Dependencies/STD/.git.path
2026-09-11T23:57:06.1784538Z includeif.gitdir:/home/runner/work/Silex/Silex/Dependencies/STD/.git/worktrees/*.path
2026-09-11T23:57:06.1792824Z includeif.gitdir:/github/workspace/Dependencies/STD/.git.path
2026-09-11T23:57:06.1793868Z includeif.gitdir:/github/workspace/Dependencies/STD/.git/worktrees/*.path
2026-09-11T23:57:06.1796309Z [command]/usr/bin/git config --local --get-all includeif.gitdir:/home/runner/work/Silex/Silex/Dependencies/STD/.git.path
2026-09-11T23:57:06.1820281Z /home/runner/work/_temp/git-credentials-890dc3f9-a336-477b-a93e-ae606b3234e6.config
2026-09-11T23:57:06.1832079Z [command]/usr/bin/git config --local --unset includeif.gitdir:/home/runner/work/Silex/Silex/Dependencies/STD/.git.path /home/runner/work/_temp/git-credentials-890dc3f9-a336-477b-a93e-ae606b3234e6.config
2026-09-11T23:57:06.1901423Z [command]/usr/bin/git config --local --get-all includeif.gitdir:/home/runner/work/Silex/Silex/Dependencies/STD/.git/worktrees/*.path
2026-09-11T23:57:06.1910052Z /home/runner/work/_temp/git-credentials-890dc3f9-a336-477b-a93e-ae606b3234e6.config
2026-09-11T23:57:06.1913122Z [command]/usr/bin/git config --local --unset includeif.gitdir:/home/runner/work/Silex/Silex/Dependencies/STD/.git/worktrees/*.path /home/runner/work/_temp/git-credentials-890dc3f9-a336-477b-a93e-ae606b3234e6.config
2026-09-11T23:57:06.1942413Z [command]/usr/bin/git config --local --get-all includeif.gitdir:/github/workspace/Dependencies/STD/.git.path
2026-09-11T23:57:06.1969958Z /github/runner_temp/git-credentials-890dc3f9-a336-477b-a93e-ae606b3234e6.config
2026-09-11T23:57:06.1981000Z [command]/usr/bin/git config --local --unset includeif.gitdir:/github/workspace/Dependencies/STD/.git.path /github/runner_temp/git-credentials-890dc3f9-a336-477b-a93e-ae606b3234e6.config
2026-09-11T23:57:06.2025046Z [command]/usr/bin/git config --local --get-all includeif.gitdir:/github/workspace/Dependencies/STD/.git/worktrees/*.path
2026-09-11T23:57:06.2055121Z /github/runner_temp/git-credentials-890dc3f9-a336-477b-a93e-ae606b3234e6.config
2026-09-11T23:57:06.2069398Z [command]/usr/bin/git config --local --unset includeif.gitdir:/github/workspace/Dependencies/STD/.git/worktrees/*.path /github/runner_temp/git-credentials-890dc3f9-a336-477b-a93e-ae606b3234e6.config
2026-09-11T23:57:06.2110735Z [command]/usr/bin/git submodule foreach --recursive git config --local --show-origin --name-only --get-regexp remote.origin.url
2026-09-11T23:57:06.2385429Z Removing credentials config '/home/runner/work/_temp/git-credentials-890dc3f9-a336-477b-a93e-ae606b3234e6.config'
2026-09-11T23:57:06.2621426Z Post job cleanup.
2026-09-11T23:57:06.4009673Z [command]/usr/bin/git version
2026-09-11T23:57:06.4119633Z git version 2.55.0
2026-09-11T23:57:06.4310297Z Temporarily overriding HOME='/home/runner/work/_temp/eb98cc3e-26b6-45da-959a-e362b21905c8' before making global git config changes
2026-09-11T23:57:06.4339861Z Adding repository directory to the temporary git global config as a safe directory
2026-09-11T23:57:06.4341024Z [command]/usr/bin/git config --global --add safe.directory /home/runner/work/Silex/Silex
2026-09-11T23:57:06.4360942Z Removing SSH command configuration
2026-09-11T23:57:06.4361910Z [command]/usr/bin/git config --local --name-only --get-regexp core\.sshCommand
2026-09-11T23:57:06.4382129Z [command]/usr/bin/git submodule foreach --recursive sh -c "git config --local --name-only --get-regexp 'core\.sshCommand' && git config --local --unset-all 'core.sshCommand' || :"
2026-09-11T23:57:06.4823059Z Removing HTTP extra header
2026-09-11T23:57:06.4843906Z [command]/usr/bin/git config --local --name-only --get-regexp http\.https\:\/\/github\.com\/\.extraheader
2026-09-11T23:57:06.4890933Z [command]/usr/bin/git submodule foreach --recursive sh -c "git config --local --name-only --get-regexp 'http\.https\:\/\/github\.com\/\.extraheader' && git config --local --unset-all 'http.https://github.com/.extraheader' || :"
2026-09-11T23:57:06.5210248Z Removing includeIf entries pointing to credentials config files
2026-09-11T23:57:06.5220963Z [command]/usr/bin/git config --local --name-only --get-regexp ^includeIf\.gitdir:
2026-09-11T23:57:06.5270481Z includeif.gitdir:/home/runner/work/Silex/Silex/.git.path
2026-09-11T23:57:06.5290108Z includeif.gitdir:/home/runner/work/Silex/Silex/.git/worktrees/*.path
2026-09-11T23:57:06.5291931Z includeif.gitdir:/github/workspace/.git.path
2026-09-11T23:57:06.5293296Z includeif.gitdir:/github/workspace/.git/worktrees/*.path
2026-09-11T23:57:06.5296318Z [command]/usr/bin/git config --local --get-all includeif.gitdir:/home/runner/work/Silex/Silex/.git.path
2026-09-11T23:57:06.5312234Z /home/runner/work/_temp/git-credentials-6a8a8b7c-9032-4f38-ac1a-0f35a2c57e91.config
2026-09-11T23:57:06.5363969Z [command]/usr/bin/git config --local --unset includeif.gitdir:/home/runner/work/Silex/Silex/.git.path /home/runner/work/_temp/git-credentials-6a8a8b7c-9032-4f38-ac1a-0f35a2c57e91.config
2026-09-11T23:57:06.5426371Z [command]/usr/bin/git config --local --get-all includeif.gitdir:/home/runner/work/Silex/Silex/.git/worktrees/*.path
2026-09-11T23:57:06.5455364Z /home/runner/work/_temp/git-credentials-6a8a8b7c-9032-4f38-ac1a-0f35a2c57e91.config
2026-09-11T23:57:06.5466058Z [command]/usr/bin/git config --local --unset includeif.gitdir:/home/runner/work/Silex/Silex/.git/worktrees/*.path /home/runner/work/_temp/git-credentials-6a8a8b7c-9032-4f38-ac1a-0f35a2c57e91.config
2026-09-11T23:57:06.5512435Z [command]/usr/bin/git config --local --get-all includeif.gitdir:/github/workspace/.git.path
2026-09-11T23:57:06.5538109Z /github/runner_temp/git-credentials-6a8a8b7c-9032-4f38-ac1a-0f35a2c57e91.config
2026-09-11T23:57:06.5546937Z [command]/usr/bin/git config --local --unset includeif.gitdir:/github/workspace/.git.path /github/runner_temp/git-credentials-6a8a8b7c-9032-4f38-ac1a-0f35a2c57e91.config
2026-09-11T23:57:06.5583152Z [command]/usr/bin/git config --local --get-all includeif.gitdir:/github/workspace/.git/worktrees/*.path
2026-09-11T23:57:06.5609402Z /github/runner_temp/git-credentials-6a8a8b7c-9032-4f38-ac1a-0f35a2c57e91.config
2026-09-11T23:57:06.5618725Z [command]/usr/bin/git config --local --unset includeif.gitdir:/github/workspace/.git/worktrees/*.path /github/runner_temp/git-credentials-6a8a8b7c-9032-4f38-ac1a-0f35a2c57e91.config
2026-09-11T23:57:06.5657905Z [command]/usr/bin/git submodule foreach --recursive git config --local --show-origin --name-only --get-regexp remote.origin.url
2026-09-11T23:57:06.5885654Z Removing credentials config '/home/runner/work/_temp/git-credentials-6a8a8b7c-9032-4f38-ac1a-0f35a2c57e91.config'
2026-09-11T23:57:06.6034075Z Cleaning up orphan processes

