{
  "candidate": "3e584015c9dc3a1cbfa687c7e36ba6bf75eab28d",
  "baseline": "737fc8c9f9525cf1f7fe3f13af945eb88e63a58b",
  "host": {
    "system": "Darwin",
    "release": "24.6.0",
    "machine": "x86_64",
    "processor": "Intel(R) Core(TM) i7-8700B CPU @ 3.20GHz",
    "translated": false
  },
  "workloads": [
    {
      "workload": "arithmetic",
      "median_ms": {
        "debug": 12.042811,
        "release": 8.731499,
        "clang": 7.002955,
        "clang-o3-slot8": 6.833715,
        "baseline": 8.664615
      },
      "after_before": {
        "samples": 21,
        "lower_bound_ppm": 996886,
        "median_ppm": 1032835,
        "upper_bound_ppm": 1049795,
        "confidence_ppm": 960823,
        "release_half_shift_ppm": 23084,
        "clang_half_shift_ppm": 20326,
        "ratio_half_shift_ppm": 50399,
        "ratios_ppm": [
          1131468,
          933142,
          1032835,
          1049795,
          1088428,
          1010470,
          1044827,
          1102288,
          1076018,
          1049527,
          1019575,
          926779,
          1068746,
          1023186,
          868611,
          1044690,
          938101,
          996886,
          989203,
          958562,
          1210703
        ]
      },
      "baseline_stability_failures": [],
      "gain_qualification_failures": [
        "Silex/Clang upper bound exceeds 1000000 ppm"
      ],
      "references": {
        "clang": {
          "samples": 21,
          "lower_bound_ppm": 1216538,
          "median_ppm": 1250176,
          "upper_bound_ppm": 1304717,
          "confidence_ppm": 960823,
          "release_half_shift_ppm": 23084,
          "clang_half_shift_ppm": 10345,
          "ratio_half_shift_ppm": 41802,
          "ratios_ppm": [
            1265714,
            1206639,
            1306743,
            1243936,
            1304717,
            1321900,
            1215632,
            1342704,
            1052721,
            1338882,
            1216538,
            1250176,
            1313092,
            1150309,
            1245789,
            1182872,
            1213887,
            1299144,
            1221412,
            1285264,
            1360050
          ]
        },
        "clang-o3-slot8": {
          "samples": 21,
          "lower_bound_ppm": 1240681,
          "median_ppm": 1297466,
          "upper_bound_ppm": 1330757,
          "confidence_ppm": 960823,
          "release_half_shift_ppm": 23084,
          "clang_half_shift_ppm": 20183,
          "ratio_half_shift_ppm": 23201,
          "ratios_ppm": [
            1384480,
            1147205,
            1156834,
            1301638,
            1314798,
            1341689,
            1224870,
            1308206,
            1297466,
            1487778,
            1251868,
            1193550,
            1353401,
            1232575,
            1343597,
            1230503,
            1240681,
            1245609,
            1330757,
            1277854,
            1463577
          ]
        },
        "baseline": {
          "samples": 21,
          "lower_bound_ppm": 996886,
          "median_ppm": 1032835,
          "upper_bound_ppm": 1049795,
          "confidence_ppm": 960823,
          "release_half_shift_ppm": 23084,
          "clang_half_shift_ppm": 20326,
          "ratio_half_shift_ppm": 50399,
          "ratios_ppm": [
            1131468,
            933142,
            1032835,
            1049795,
            1088428,
            1010470,
            1044827,
            1102288,
            1076018,
            1049527,
            1019575,
            926779,
            1068746,
            1023186,
            868611,
            1044690,
            938101,
            996886,
            989203,
            958562,
            1210703
          ]
        }
      },
      "parity_failures": [
        "clang: Silex/Clang upper bound exceeds 1000000 ppm",
        "clang-o3-slot8: Silex/Clang upper bound exceeds 1000000 ppm"
      ]
    },
    {
      "workload": "objects",
      "median_ms": {
        "debug": 38.994151,
        "release": 18.119257,
        "clang": 5.879685,
        "clang-o3-slot8": 5.647404,
        "baseline": 21.663621
      },
      "after_before": {
        "samples": 21,
        "lower_bound_ppm": 814624,
        "median_ppm": 842993,
        "upper_bound_ppm": 849505,
        "confidence_ppm": 960823,
        "release_half_shift_ppm": 56252,
        "clang_half_shift_ppm": 86882,
        "ratio_half_shift_ppm": 5640,
        "ratios_ppm": [
          803677,
          875040,
          849505,
          813297,
          798282,
          843304,
          842761,
          813968,
          806220,
          878640,
          825414,
          814624,
          847515,
          861299,
          809135,
          876847,
          820543,
          844326,
          842993,
          860061,
          861372
        ]
      },
      "baseline_stability_failures": [],
      "gain_qualification_failures": [],
      "references": {
        "clang": {
          "samples": 21,
          "lower_bound_ppm": 3037724,
          "median_ppm": 3089459,
          "upper_bound_ppm": 3156088,
          "confidence_ppm": 960823,
          "release_half_shift_ppm": 56252,
          "clang_half_shift_ppm": 51636,
          "ratio_half_shift_ppm": 7400,
          "ratios_ppm": [
            2844139,
            3161766,
            3088946,
            2977188,
            2905759,
            3192677,
            3112493,
            3087191,
            3158705,
            3173742,
            3192799,
            3135016,
            3037724,
            3017548,
            3153284,
            3213512,
            2980089,
            3086244,
            3156088,
            2091953,
            3089459
          ]
        },
        "clang-o3-slot8": {
          "samples": 21,
          "lower_bound_ppm": 3085547,
          "median_ppm": 3160441,
          "upper_bound_ppm": 3243526,
          "confidence_ppm": 960823,
          "release_half_shift_ppm": 56252,
          "clang_half_shift_ppm": 71184,
          "ratio_half_shift_ppm": 18359,
          "ratios_ppm": [
            2888405,
            3053124,
            3369995,
            3004242,
            3085547,
            3126214,
            3279460,
            3149170,
            2993276,
            3320247,
            3277408,
            3164571,
            3183611,
            3196552,
            3243526,
            3248782,
            2819872,
            3145970,
            3160441,
            2389986,
            3333223
          ]
        },
        "baseline": {
          "samples": 21,
          "lower_bound_ppm": 814624,
          "median_ppm": 842993,
          "upper_bound_ppm": 849505,
          "confidence_ppm": 960823,
          "release_half_shift_ppm": 56252,
          "clang_half_shift_ppm": 86882,
          "ratio_half_shift_ppm": 5640,
          "ratios_ppm": [
            803677,
            875040,
            849505,
            813297,
            798282,
            843304,
            842761,
            813968,
            806220,
            878640,
            825414,
            814624,
            847515,
            861299,
            809135,
            876847,
            820543,
            844326,
            842993,
            860061,
            861372
          ]
        }
      },
      "parity_failures": [
        "clang: Silex/Clang upper bound exceeds 1000000 ppm",
        "clang-o3-slot8: Silex/Clang upper bound exceeds 1000000 ppm"
      ]
    },
    {
      "workload": "flocking",
      "median_ms": {
        "debug": 4347.420903,
        "release": 1733.043817,
        "clang": 374.168497,
        "clang-o3-slot8": 575.162426,
        "baseline": 1780.282131
      },
      "after_before": {
        "samples": 21,
        "lower_bound_ppm": 948946,
        "median_ppm": 975430,
        "upper_bound_ppm": 994844,
        "confidence_ppm": 960823,
        "release_half_shift_ppm": 728,
        "clang_half_shift_ppm": 18598,
        "ratio_half_shift_ppm": 31664,
        "ratios_ppm": [
          948946,
          949385,
          979081,
          937785,
          975430,
          940580,
          1006322,
          939270,
          961868,
          994844,
          1032599,
          921027,
          1000792,
          982433,
          992325,
          1042656,
          939562,
          1023941,
          914998,
          965366,
          1010677
        ]
      },
      "baseline_stability_failures": [],
      "gain_qualification_failures": [],
      "references": {
        "clang": {
          "samples": 21,
          "lower_bound_ppm": 4535310,
          "median_ppm": 4634555,
          "upper_bound_ppm": 4758766,
          "confidence_ppm": 960823,
          "release_half_shift_ppm": 728,
          "clang_half_shift_ppm": 22338,
          "ratio_half_shift_ppm": 46845,
          "ratios_ppm": [
            4484297,
            4535310,
            4376206,
            4615011,
            4696632,
            4286828,
            4545815,
            4500232,
            4769319,
            4672030,
            4847934,
            4294914,
            5006531,
            4806966,
            4634555,
            4883806,
            4563019,
            4861867,
            4721587,
            4496674,
            4758766
          ]
        },
        "clang-o3-slot8": {
          "samples": 21,
          "lower_bound_ppm": 2946025,
          "median_ppm": 3008673,
          "upper_bound_ppm": 3076972,
          "confidence_ppm": 960823,
          "release_half_shift_ppm": 728,
          "clang_half_shift_ppm": 6830,
          "ratio_half_shift_ppm": 19812,
          "ratios_ppm": [
            2967615,
            3075198,
            2973716,
            3065179,
            2914670,
            2575323,
            3076972,
            2920334,
            3145542,
            3008673,
            3104140,
            2884175,
            3145031,
            2878395,
            2966268,
            3168934,
            3068282,
            3157025,
            2874183,
            2946025,
            3107548
          ]
        },
        "baseline": {
          "samples": 21,
          "lower_bound_ppm": 948946,
          "median_ppm": 975430,
          "upper_bound_ppm": 994844,
          "confidence_ppm": 960823,
          "release_half_shift_ppm": 728,
          "clang_half_shift_ppm": 18598,
          "ratio_half_shift_ppm": 31664,
          "ratios_ppm": [
            948946,
            949385,
            979081,
            937785,
            975430,
            940580,
            1006322,
            939270,
            961868,
            994844,
            1032599,
            921027,
            1000792,
            982433,
            992325,
            1042656,
            939562,
            1023941,
            914998,
            965366,
            1010677
          ]
        }
      },
      "parity_failures": [
        "clang: Silex/Clang upper bound exceeds 1000000 ppm",
        "clang-o3-slot8: Silex/Clang upper bound exceeds 1000000 ppm"
      ]
    }
  ]
}
