optimizer oracle: qualified adversarial interaction campaign
robustness report: .zig-cache/optimizer-oracle/robustness/interactions-v1-qualified-7640891576956012809-13503953896175478587.tsv
campaign record: .zig-cache/optimizer-oracle/robustness/run-qualified-1789130357075776000.tsv (56882145917 ns)
qualified: 144 pairwise cases, 5 risk triplets, 41 native cases, 4 negative cases
optimizer oracle: cache invalidation and concurrency stress passed
optimizer oracle: large package graph and function stress passed
optimizer-robustness-qualified
+- run test w
parity registry: coverage gap 'known-gap' owned by silex-llvm-opt-02
parity registry: required LLVM family missing: instcombine-and-simplifycfg
failed command: ./.zig-cache/o/c509e8cf18bfcfc35370feef29bcd30a/test --cache-dir=./.zig-cache --seed=0x65f353c8 --listen=-

Build Summary: 31/31 steps succeeded; 73/73 tests passed
optimizer-robustness-qualified success
+- run test 73 pass (73 total) 268ms MaxRSS:46M
|  +- compile test ReleaseFast native cached 115ms MaxRSS:35M
|     +- options cached
+- run exe silex-optimizer-oracle success 59s
   +- compile exe silex-optimizer-oracle ReleaseFast native cached 114ms MaxRSS:35M
   |  +- options (reused)
   +- compile exe silex ReleaseFast native cached 53ms MaxRSS:35M
      +- options (reused)
      +- WriteFile silex-float-runtime.macho cached
      |  +- compile exe silex-float-runtime ReleaseSmall aarch64-macos cached 102ms MaxRSS:35M
      +- WriteFile silex-float-runtime-linux-arm64.elf cached
      |  +- compile exe silex-float-runtime-linux-arm64 ReleaseSmall aarch64-linux cached 99ms MaxRSS:35M
      +- WriteFile silex-float-runtime-x64.elf cached
      |  +- compile exe silex-float-runtime-x64 ReleaseSmall x86_64-linux cached 98ms MaxRSS:35M
      +- WriteFile silex-float-runtime-macos-x64.macho cached
      |  +- compile exe silex-float-runtime-macos-x64 ReleaseSmall x86_64-macos cached 99ms MaxRSS:35M
      +- WriteFile silex-deep-copy-runtime.macho cached
      |  +- compile exe silex-deep-copy-runtime ReleaseSmall aarch64-macos cached 101ms MaxRSS:35M
      +- WriteFile silex-deep-copy-runtime-linux-arm64.elf cached
      |  +- compile exe silex-deep-copy-runtime-linux-arm64 ReleaseSmall aarch64-linux cached 102ms MaxRSS:35M
      +- WriteFile silex-deep-copy-runtime-x64.elf cached
      |  +- compile exe silex-deep-copy-runtime-x64 ReleaseSmall x86_64-linux cached 41ms MaxRSS:35M
      +- WriteFile silex-deep-copy-runtime-macos-x64.macho cached
      |  +- compile exe silex-deep-copy-runtime-macos-x64 ReleaseSmall x86_64-macos cached 84ms MaxRSS:35M
      +- WriteFile silex-cycle-runtime.macho cached
      |  +- compile exe silex-cycle-runtime ReleaseSmall aarch64-macos cached 84ms MaxRSS:35M
      +- WriteFile silex-cycle-runtime-linux-arm64.elf cached
      |  +- compile exe silex-cycle-runtime-linux-arm64 ReleaseSmall aarch64-linux cached 87ms MaxRSS:35M
      +- WriteFile silex-cycle-runtime-x64.elf cached
      |  +- compile exe silex-cycle-runtime-x64 ReleaseSmall x86_64-linux cached 42ms MaxRSS:35M
      +- WriteFile silex-cycle-runtime-macos-x64.macho cached
         +- compile exe silex-cycle-runtime-macos-x64 ReleaseSmall x86_64-macos cached 103ms MaxRSS:35M

