{
  "before_ns": {
    "median": 66464334,
    "minimum": 65939666,
    "maximum": 68528459,
    "mad": 419459,
    "half_shift": -0.009004544588085528
  },
  "after_ns": {
    "median": 65312500,
    "minimum": 63469167,
    "maximum": 67608375,
    "mad": 603750,
    "half_shift": -0.003228555604361971
  },
  "after_before": {
    "median": 0.9740815616727662,
    "minimum": 0.9421950901179049,
    "maximum": 1.0253066037671468,
    "mad": 0.011871683627204144,
    "half_shift": -0.0015124978823586321
  }
}
