{
  "before_ns": {
    "median": 166923166,
    "minimum": 165635833,
    "maximum": 187418291,
    "mad": 655957,
    "half_shift": -0.006370885560038286
  },
  "after_ns": {
    "median": 168208458,
    "minimum": 167279792,
    "maximum": 169833542,
    "mad": 242667,
    "half_shift": -0.0008646254437100209
  },
  "after_before": {
    "median": 1.0055848067336508,
    "minimum": 0.9061737842866148,
    "maximum": 1.0152294461549272,
    "mad": 0.004659526095818434,
    "half_shift": 0.005302151560154789
  }
}
