{
  "before_ns": {
    "median": 88099416,
    "minimum": 87442084,
    "maximum": 90334500,
    "mad": 214041,
    "half_shift": 0.00034993117116766115
  },
  "shared_ns": {
    "median": 86619916,
    "minimum": 85650084,
    "maximum": 90160167,
    "mad": 639041,
    "half_shift": -0.0005679579288283554
  },
  "after_ns": {
    "median": 87825125,
    "minimum": 87329042,
    "maximum": 91521166,
    "mad": 345541,
    "half_shift": -0.005902560178752236
  },
  "after_before": {
    "median": 0.9941018068370292,
    "minimum": 0.9782638902651626,
    "maximum": 1.0413696931941179,
    "mad": 0.007091241726690067,
    "half_shift": -0.00565573282059606
  },
  "after_shared": {
    "median": 1.0139137632042958,
    "minimum": 0.9769234677659814,
    "maximum": 1.0635899944417904,
    "mad": 0.007707639992460047,
    "half_shift": -0.0033196273328888193
  }
}
