{
  "before_ns": {
    "median": 70786041,
    "minimum": 67593208,
    "maximum": 72346958,
    "mad": 1145082,
    "half_shift": 0.000860469731355451
  },
  "shared_ns": {
    "median": 67816125,
    "minimum": 64160709,
    "maximum": 71959917,
    "mad": 1465334,
    "half_shift": -0.0242582980806465
  },
  "after_ns": {
    "median": 69552125,
    "minimum": 66245042,
    "maximum": 72516291,
    "mad": 1661292,
    "half_shift": 0.010809314821326632
  },
  "after_before": {
    "median": 0.9818925556608303,
    "minimum": 0.9192214412111149,
    "maximum": 1.0728339894742087,
    "mad": 0.0197075814531259,
    "half_shift": 0.006081679777947269
  },
  "after_shared": {
    "median": 1.0267018758531075,
    "minimum": 0.9524324727975801,
    "maximum": 1.0901370866852214,
    "mad": 0.03123725945164746,
    "half_shift": 0.011784204719023528
  }
}
