{
  "before_ns": {
    "median": 67489000,
    "minimum": 65835084,
    "maximum": 94100792,
    "mad": 1303125,
    "half_shift": 0.07368692712156655
  },
  "shared_ns": {
    "median": 67099083,
    "minimum": 61189167,
    "maximum": 146872000,
    "mad": 2583541,
    "half_shift": 0.05591880785101422
  },
  "after_ns": {
    "median": 67223084,
    "minimum": 65092709,
    "maximum": 104037041,
    "mad": 1099334,
    "half_shift": 0.14671399692067189
  },
  "after_before": {
    "median": 1.0007569586583018,
    "minimum": 0.9487662204656262,
    "maximum": 1.3247778382424698,
    "mad": 0.018663931147117174,
    "half_shift": 0.0330068327515145
  },
  "after_shared": {
    "median": 1.0404450221289727,
    "minimum": 0.7083517688871943,
    "maximum": 1.2737288296403178,
    "mad": 0.02791437370412475,
    "half_shift": 0.038366280760946836
  }
}
