{
  "before_ns": {
    "median": 88292834,
    "minimum": 87849375,
    "maximum": 91018083,
    "mad": 210832,
    "half_shift": -0.0034013377936443767
  },
  "after_ns": {
    "median": 86659416,
    "minimum": 86126500,
    "maximum": 90920708,
    "mad": 477624,
    "half_shift": -0.01643655335650851
  },
  "after_before": {
    "median": 0.9793767640999915,
    "minimum": 0.96893136828897,
    "maximum": 1.02830571183235,
    "mad": 0.0047928412148084965,
    "half_shift": -0.006808179918865398
  }
}
