{
  "before_ns": {
    "median": 88495292,
    "minimum": 87780417,
    "maximum": 89584833,
    "mad": 311458,
    "half_shift": -0.0012559500378277466
  },
  "after_ns": {
    "median": 92719792,
    "minimum": 92409250,
    "maximum": 93195083,
    "mad": 99375,
    "half_shift": 0.00019504518153024009
  },
  "after_before": {
    "median": 1.0471917186229331,
    "minimum": 1.0343082628730245,
    "maximum": 1.0555633610170705,
    "mad": 0.0037092200539721176,
    "half_shift": 0.0014741360897039257
  }
}
