2026-09-12T02:12:29.8523800Z Current runner version: '2.337.0'
2026-09-12T02:12:29.8602780Z ##[group]Runner Image Provisioner
2026-09-12T02:12:29.8605950Z Hosted Compute Agent
2026-09-12T02:12:29.8607870Z Version: 20260819.586
2026-09-12T02:12:29.8611320Z Commit: 3cc4a88dfa507ef76119ad1bb3eccc6378bb2b76
2026-09-12T02:12:29.8618360Z Build Date: 2026-08-18T23:20:18Z
2026-09-12T02:12:29.8620810Z Worker ID: {be545f7e-c07c-4639-b7c0-1c1dddecbb4d}
2026-09-12T02:12:29.8622510Z Azure Region: westus
2026-09-12T02:12:29.8625050Z ##[endgroup]
2026-09-12T02:12:29.8629720Z ##[group]Operating System
2026-09-12T02:12:29.8631320Z macOS
2026-09-12T02:12:29.8632550Z 15.7.9
2026-09-12T02:12:29.8633640Z 24G830
2026-09-12T02:12:29.8634610Z ##[endgroup]
2026-09-12T02:12:29.8635860Z ##[group]Runner Image
2026-09-12T02:12:29.8637610Z Image: macos-15
2026-09-12T02:12:29.8646420Z Version: 20260824.0482.1
2026-09-12T02:12:29.8649110Z Included Software: https://github.com/actions/runner-images/blob/macos-15/20260824.0482/images/macos/macos-15-Readme.md
2026-09-12T02:12:29.8652710Z Image Release: https://github.com/actions/runner-images/releases/tag/macos-15%2F20260824.0482
2026-09-12T02:12:29.8654820Z ##[endgroup]
2026-09-12T02:12:29.8657500Z ##[group]GITHUB_TOKEN Permissions
2026-09-12T02:12:29.8689510Z Actions: read
2026-09-12T02:12:29.8707140Z Contents: read
2026-09-12T02:12:29.8710880Z Metadata: read
2026-09-12T02:12:29.8715350Z ##[endgroup]
2026-09-12T02:12:29.8721040Z Secret source: Actions
2026-09-12T02:12:29.8723210Z Cache mode: write
2026-09-12T02:12:29.8724630Z Prepare workflow directory
2026-09-12T02:12:29.9977350Z Prepare all required actions
2026-09-12T02:12:30.0107950Z Getting action download info
2026-09-12T02:12:30.3866560Z Download action repository 'actions/checkout@v6' (SHA:d23441a48e516b6c34aea4fa41551a30e30af803)
2026-09-12T02:12:30.8090960Z Download action repository 'actions/download-artifact@v8' (SHA:3e5f45b2cfb9172054b4087a40e8e0b5a5461e7c)
2026-09-12T02:12:32.1971950Z Download action repository 'actions/upload-artifact@v7' (SHA:043fb46d1a93c77aae656e7c1c64a875d1fc6a0a)
2026-09-12T02:12:32.7286750Z Complete job name: optimizer-x64-calibration
2026-09-12T02:12:32.9418150Z ##[group]Run actions/checkout@v6
2026-09-12T02:12:32.9422110Z with:
2026-09-12T02:12:32.9424760Z   repository: Matanek/Silex
2026-09-12T02:12:32.9451460Z   token: ***
2026-09-12T02:12:32.9453330Z   ssh-strict: true
2026-09-12T02:12:32.9455860Z   ssh-user: git
2026-09-12T02:12:32.9457980Z   persist-credentials: true
2026-09-12T02:12:32.9462710Z   clean: true
2026-09-12T02:12:32.9466450Z   sparse-checkout-cone-mode: true
2026-09-12T02:12:32.9468870Z   fetch-depth: 1
2026-09-12T02:12:32.9470700Z   fetch-tags: false
2026-09-12T02:12:32.9472760Z   show-progress: true
2026-09-12T02:12:32.9474720Z   lfs: false
2026-09-12T02:12:32.9476480Z   submodules: false
2026-09-12T02:12:32.9478520Z   set-safe-directory: true
2026-09-12T02:12:32.9480810Z   allow-unsafe-pr-checkout: false
2026-09-12T02:12:32.9484890Z ##[endgroup]
2026-09-12T02:12:33.8055330Z Syncing repository: Matanek/Silex
2026-09-12T02:12:33.8062830Z ##[group]Getting Git version info
2026-09-12T02:12:33.8067220Z Working directory is '/Users/runner/work/Silex/Silex'
2026-09-12T02:12:33.8073420Z [command]/usr/local/bin/git version
2026-09-12T02:12:33.8448960Z git version 2.55.0
2026-09-12T02:12:33.8522100Z ##[endgroup]
2026-09-12T02:12:33.8544750Z Copying '/Users/runner/.gitconfig' to '/Users/runner/work/_temp/b4560bb3-1a6f-4845-ac6e-2b6de23e3bcb/.gitconfig'
2026-09-12T02:12:33.8563470Z Temporarily overriding HOME='/Users/runner/work/_temp/b4560bb3-1a6f-4845-ac6e-2b6de23e3bcb' before making global git config changes
2026-09-12T02:12:33.8578470Z Adding repository directory to the temporary git global config as a safe directory
2026-09-12T02:12:33.8589640Z [command]/usr/local/bin/git config --global --add safe.directory /Users/runner/work/Silex/Silex
2026-09-12T02:12:33.9003900Z Deleting the contents of '/Users/runner/work/Silex/Silex'
2026-09-12T02:12:33.9020770Z ##[group]Determining repository object format
2026-09-12T02:12:33.9052300Z ##[endgroup]
2026-09-12T02:12:33.9068700Z ##[group]Initializing the repository
2026-09-12T02:12:33.9084150Z [command]/usr/local/bin/git init /Users/runner/work/Silex/Silex
2026-09-12T02:12:33.9410630Z hint: Using 'master' as the name for the initial branch. This default branch name
2026-09-12T02:12:33.9420900Z hint: will change to "main" in Git 3.0. To configure the initial branch name
2026-09-12T02:12:33.9437060Z hint: to use in all of your new repositories, which will suppress this warning,
2026-09-12T02:12:33.9455970Z hint: call:
2026-09-12T02:12:33.9508490Z hint:
2026-09-12T02:12:33.9512540Z hint: 	git config --global init.defaultBranch <name>
2026-09-12T02:12:33.9516870Z hint:
2026-09-12T02:12:33.9520970Z hint: Names commonly chosen instead of 'master' are 'main', 'trunk' and
2026-09-12T02:12:33.9527030Z hint: 'development'. The just-created branch can be renamed via this command:
2026-09-12T02:12:33.9532190Z hint:
2026-09-12T02:12:33.9534360Z hint: 	git branch -m <name>
2026-09-12T02:12:33.9536820Z hint:
2026-09-12T02:12:33.9541210Z hint: Disable this message with "git config set advice.defaultBranchName false"
2026-09-12T02:12:33.9546590Z Initialized empty Git repository in /Users/runner/work/Silex/Silex/.git/
2026-09-12T02:12:33.9590320Z [command]/usr/local/bin/git remote add origin https://github.com/Matanek/Silex
2026-09-12T02:12:33.9613850Z ##[endgroup]
2026-09-12T02:12:33.9622050Z ##[group]Disabling automatic garbage collection
2026-09-12T02:12:33.9629870Z [command]/usr/local/bin/git config --local gc.auto 0
2026-09-12T02:12:33.9765670Z ##[endgroup]
2026-09-12T02:12:33.9778800Z ##[group]Setting up auth
2026-09-12T02:12:33.9786710Z Removing SSH command configuration
2026-09-12T02:12:33.9795750Z [command]/usr/local/bin/git config --local --name-only --get-regexp core\.sshCommand
2026-09-12T02:12:33.9946820Z [command]/usr/local/bin/git submodule foreach --recursive sh -c "git config --local --name-only --get-regexp 'core\.sshCommand' && git config --local --unset-all 'core.sshCommand' || :"
2026-09-12T02:12:34.2930560Z Removing HTTP extra header
2026-09-12T02:12:34.2935110Z [command]/usr/local/bin/git config --local --name-only --get-regexp http\.https\:\/\/github\.com\/\.extraheader
2026-09-12T02:12:34.3063060Z [command]/usr/local/bin/git submodule foreach --recursive sh -c "git config --local --name-only --get-regexp 'http\.https\:\/\/github\.com\/\.extraheader' && git config --local --unset-all 'http.https://github.com/.extraheader' || :"
2026-09-12T02:12:34.5328880Z Removing includeIf entries pointing to credentials config files
2026-09-12T02:12:34.5348210Z [command]/usr/local/bin/git config --local --name-only --get-regexp ^includeIf\.gitdir:
2026-09-12T02:12:34.5418050Z [command]/usr/local/bin/git submodule foreach --recursive git config --local --show-origin --name-only --get-regexp remote.origin.url
2026-09-12T02:12:34.8061160Z [command]/usr/local/bin/git config --file /Users/runner/work/_temp/git-credentials-33671a8e-5cf5-4c2c-a2d9-e33b22376ec7.config http.https://github.com/.extraheader AUTHORIZATION: basic ***
2026-09-12T02:12:34.8081690Z [command]/usr/local/bin/git config --local includeIf.gitdir:/Users/runner/work/Silex/Silex/.git.path /Users/runner/work/_temp/git-credentials-33671a8e-5cf5-4c2c-a2d9-e33b22376ec7.config
2026-09-12T02:12:34.8214420Z [command]/usr/local/bin/git config --local includeIf.gitdir:/Users/runner/work/Silex/Silex/.git/worktrees/*.path /Users/runner/work/_temp/git-credentials-33671a8e-5cf5-4c2c-a2d9-e33b22376ec7.config
2026-09-12T02:12:34.8549710Z [command]/usr/local/bin/git config --local includeIf.gitdir:/github/workspace/.git.path /github/runner_temp/git-credentials-33671a8e-5cf5-4c2c-a2d9-e33b22376ec7.config
2026-09-12T02:12:34.8715330Z [command]/usr/local/bin/git config --local includeIf.gitdir:/github/workspace/.git/worktrees/*.path /github/runner_temp/git-credentials-33671a8e-5cf5-4c2c-a2d9-e33b22376ec7.config
2026-09-12T02:12:34.8745300Z ##[endgroup]
2026-09-12T02:12:34.8752880Z ##[group]Fetching the repository
2026-09-12T02:12:34.8806990Z [command]/usr/local/bin/git -c protocol.version=2 fetch --no-tags --prune --no-recurse-submodules --depth=1 origin +c9e3a73cd60301d0cdd4b2ad792fc85c76abb671:refs/remotes/origin/spec-silex-optimization-parity-completion
2026-09-12T02:12:38.1265490Z From https://github.com/Matanek/Silex
2026-09-12T02:12:38.1430220Z  * [new ref]         c9e3a73cd60301d0cdd4b2ad792fc85c76abb671 -> origin/spec-silex-optimization-parity-completion
2026-09-12T02:12:38.1542150Z [command]/usr/local/bin/git branch --list --remote origin/spec-silex-optimization-parity-completion
2026-09-12T02:12:38.1545840Z   origin/spec-silex-optimization-parity-completion
2026-09-12T02:12:38.1553590Z [command]/usr/local/bin/git rev-parse refs/remotes/origin/spec-silex-optimization-parity-completion
2026-09-12T02:12:38.1575500Z c9e3a73cd60301d0cdd4b2ad792fc85c76abb671
2026-09-12T02:12:38.1591000Z ##[endgroup]
2026-09-12T02:12:38.1595130Z ##[group]Determining the checkout info
2026-09-12T02:12:38.1599660Z ##[endgroup]
2026-09-12T02:12:38.1601900Z [command]/usr/local/bin/git sparse-checkout disable
2026-09-12T02:12:38.1764090Z [command]/usr/local/bin/git config --local --unset-all extensions.worktreeConfig
2026-09-12T02:12:38.1964960Z ##[group]Checking out the ref
2026-09-12T02:12:38.1979170Z [command]/usr/local/bin/git checkout --progress --force -B spec-silex-optimization-parity-completion refs/remotes/origin/spec-silex-optimization-parity-completion
2026-09-12T02:12:39.3359740Z Updating files:  40% (1088/2687)
2026-09-12T02:12:39.3752680Z Updating files:  41% (1102/2687)
2026-09-12T02:12:39.3856870Z Updating files:  42% (1129/2687)
2026-09-12T02:12:39.3914330Z Updating files:  43% (1156/2687)
2026-09-12T02:12:39.3925360Z Updating files:  44% (1183/2687)
2026-09-12T02:12:39.3931150Z Updating files:  45% (1210/2687)
2026-09-12T02:12:39.4960590Z Updating files:  46% (1237/2687)
2026-09-12T02:12:39.6015130Z Updating files:  47% (1263/2687)
2026-09-12T02:12:39.7020330Z Updating files:  48% (1290/2687)
2026-09-12T02:12:39.7217810Z Updating files:  49% (1317/2687)
2026-09-12T02:12:39.7219580Z Updating files:  50% (1344/2687)
2026-09-12T02:12:39.7222250Z Updating files:  51% (1371/2687)
2026-09-12T02:12:39.8165330Z Updating files:  52% (1398/2687)
2026-09-12T02:12:39.8881180Z Updating files:  53% (1425/2687)
2026-09-12T02:12:40.0263340Z Updating files:  54% (1451/2687)
2026-09-12T02:12:40.0577230Z Updating files:  55% (1478/2687)
2026-09-12T02:12:40.2165130Z Updating files:  56% (1505/2687)
2026-09-12T02:12:40.3171370Z Updating files:  57% (1532/2687)
2026-09-12T02:12:40.4175860Z Updating files:  57% (1534/2687)
2026-09-12T02:12:40.5051810Z Updating files:  58% (1559/2687)
2026-09-12T02:12:40.5096060Z Updating files:  59% (1586/2687)
2026-09-12T02:12:40.5159400Z Updating files:  60% (1613/2687)
2026-09-12T02:12:40.5194560Z Updating files:  61% (1640/2687)
2026-09-12T02:12:40.5226950Z Updating files:  62% (1666/2687)
2026-09-12T02:12:40.5270800Z Updating files:  63% (1693/2687)
2026-09-12T02:12:40.5316210Z Updating files:  64% (1720/2687)
2026-09-12T02:12:40.5350320Z Updating files:  65% (1747/2687)
2026-09-12T02:12:40.5381270Z Updating files:  66% (1774/2687)
2026-09-12T02:12:40.5413220Z Updating files:  67% (1801/2687)
2026-09-12T02:12:40.6578830Z Updating files:  68% (1828/2687)
2026-09-12T02:12:40.7226710Z Updating files:  69% (1855/2687)
2026-09-12T02:12:40.7355650Z Updating files:  70% (1881/2687)
2026-09-12T02:12:40.7678880Z Updating files:  71% (1908/2687)
2026-09-12T02:12:40.7705190Z Updating files:  72% (1935/2687)
2026-09-12T02:12:40.7746480Z Updating files:  73% (1962/2687)
2026-09-12T02:12:40.7779460Z Updating files:  74% (1989/2687)
2026-09-12T02:12:40.7813810Z Updating files:  75% (2016/2687)
2026-09-12T02:12:40.7944280Z Updating files:  76% (2043/2687)
2026-09-12T02:12:40.8092930Z Updating files:  77% (2069/2687)
2026-09-12T02:12:40.8219570Z Updating files:  78% (2096/2687)
2026-09-12T02:12:40.8359810Z Updating files:  79% (2123/2687)
2026-09-12T02:12:40.8460540Z Updating files:  80% (2150/2687)
2026-09-12T02:12:40.8575740Z Updating files:  81% (2177/2687)
2026-09-12T02:12:40.8717120Z Updating files:  82% (2204/2687)
2026-09-12T02:12:40.9225020Z Updating files:  83% (2231/2687)
2026-09-12T02:12:40.9325820Z Updating files:  84% (2258/2687)
2026-09-12T02:12:40.9351890Z Updating files:  85% (2284/2687)
2026-09-12T02:12:40.9355000Z Updating files:  86% (2311/2687)
2026-09-12T02:12:40.9359930Z Updating files:  87% (2338/2687)
2026-09-12T02:12:40.9442070Z Updating files:  88% (2365/2687)
2026-09-12T02:12:40.9593880Z Updating files:  89% (2392/2687)
2026-09-12T02:12:40.9745950Z Updating files:  90% (2419/2687)
2026-09-12T02:12:40.9876830Z Updating files:  91% (2446/2687)
2026-09-12T02:12:40.9984150Z Updating files:  92% (2473/2687)
2026-09-12T02:12:41.0100850Z Updating files:  93% (2499/2687)
2026-09-12T02:12:41.0215320Z Updating files:  94% (2526/2687)
2026-09-12T02:12:41.0363150Z Updating files:  95% (2553/2687)
2026-09-12T02:12:41.0595190Z Updating files:  96% (2580/2687)
2026-09-12T02:12:41.0653110Z Updating files:  97% (2607/2687)
2026-09-12T02:12:41.0772500Z Updating files:  98% (2634/2687)
2026-09-12T02:12:41.0909670Z Updating files:  99% (2661/2687)
2026-09-12T02:12:41.0913880Z Updating files: 100% (2687/2687)
2026-09-12T02:12:41.0916050Z Updating files: 100% (2687/2687), done.
2026-09-12T02:12:41.1107680Z Switched to a new branch 'spec-silex-optimization-parity-completion'
2026-09-12T02:12:41.1116290Z branch 'spec-silex-optimization-parity-completion' set up to track 'origin/spec-silex-optimization-parity-completion'.
2026-09-12T02:12:41.1225190Z ##[endgroup]
2026-09-12T02:12:41.1372310Z [command]/usr/local/bin/git log -1 --format=%H
2026-09-12T02:12:41.1501540Z c9e3a73cd60301d0cdd4b2ad792fc85c76abb671
2026-09-12T02:12:41.1964540Z ##[group]Run set -euo pipefail
2026-09-12T02:12:41.1965380Z [36;1mset -euo pipefail[0m
2026-09-12T02:12:41.1965940Z [36;1m[[ "$SOURCE_RUN" =~ ^[0-9]+$ ]][0m
2026-09-12T02:12:41.1966640Z [36;1m[[ "$EXPECTED_CANDIDATE" =~ ^[0-9a-f]{40}$ ]][0m
2026-09-12T02:12:41.1967790Z [36;1msource_sha=$(gh api "repos/$GITHUB_REPOSITORY/actions/runs/$SOURCE_RUN" --jq '.head_sha')[0m
2026-09-12T02:12:41.1968990Z [36;1mtest "$source_sha" = "$EXPECTED_CANDIDATE"[0m
2026-09-12T02:12:41.2066490Z shell: /bin/bash --noprofile --norc -e -o pipefail {0}
2026-09-12T02:12:41.2067560Z env:
2026-09-12T02:12:41.2068320Z   SOURCE_RUN: 34664959587
2026-09-12T02:12:41.2069270Z   EXPECTED_CANDIDATE: b8d01d73233a88a080170b53096f2a72bbd8d98e
2026-09-12T02:12:41.2078810Z   GH_TOKEN: ***
2026-09-12T02:12:41.2079550Z ##[endgroup]
2026-09-12T02:12:42.0655080Z ##[group]Run actions/download-artifact@v8
2026-09-12T02:12:42.0655980Z with:
2026-09-12T02:12:42.0663890Z   github-token: ***
2026-09-12T02:12:42.0664780Z   repository: Matanek/Silex
2026-09-12T02:12:42.0665660Z   run-id: 34664959587
2026-09-12T02:12:42.0666770Z   name: optimizer-x64-b8d01d73233a88a080170b53096f2a72bbd8d98e
2026-09-12T02:12:42.0668150Z   path: calibration-input
2026-09-12T02:12:42.0669130Z   merge-multiple: false
2026-09-12T02:12:42.0670050Z   skip-decompress: false
2026-09-12T02:12:42.0671010Z   digest-mismatch: error
2026-09-12T02:12:42.0672470Z ##[endgroup]
2026-09-12T02:12:42.6055420Z Downloading single artifact
2026-09-12T02:12:43.4007000Z Preparing to download the following artifacts:
2026-09-12T02:12:43.4193360Z - optimizer-x64-b8d01d73233a88a080170b53096f2a72bbd8d98e (ID: 10289735715, Size: 69669, Expected Digest: sha256:432eae5ec4f0b0fa482e4b309cfdb5318a8fef651e4d98ba92e5d320dabd8df1)
2026-09-12T02:12:43.4441800Z Downloading artifact '10289735715' from 'Matanek/Silex'
2026-09-12T02:12:43.6220760Z Redirecting to blob download url: https://productionresultssa9.blob.core.windows.net/actions-results/d8a9ceb7-af99-412d-8138-602939056c21/workflow-job-run-0f8d1f56-20cb-5a28-b36c-6d05c7000cd1/artifacts/a8f2114253b414a3dd7535392ac201d1db13361af7688eae6f4ec0eac6ba2d9b.zip
2026-09-12T02:12:43.7229660Z (node:3640) [DEP0005] DeprecationWarning: Buffer() is deprecated due to security and usability issues. Please use the Buffer.alloc(), Buffer.allocUnsafe(), or Buffer.from() methods instead.
2026-09-12T02:12:43.7233110Z Starting download of artifact to: /Users/runner/work/Silex/Silex/calibration-input
2026-09-12T02:12:43.8135030Z (Use `node --trace-deprecation ...` to show where the warning was created)
2026-09-12T02:12:43.8328100Z SHA256 digest of downloaded artifact is 432eae5ec4f0b0fa482e4b309cfdb5318a8fef651e4d98ba92e5d320dabd8df1
2026-09-12T02:12:43.8544570Z Artifact download completed successfully.
2026-09-12T02:12:43.8619480Z Total of 1 artifact(s) downloaded
2026-09-12T02:12:43.8703550Z Download artifact has finished successfully
2026-09-12T02:12:43.8931770Z ##[group]Run set -euo pipefail
2026-09-12T02:12:43.8932620Z [36;1mset -euo pipefail[0m
2026-09-12T02:12:43.8933840Z [36;1mpython3 Toolchain/Benchmarks/Native/calibrate.py calibration-input calibration-output \[0m
2026-09-12T02:12:43.8935800Z [36;1m  --expected-candidate "$EXPECTED_CANDIDATE" --source-run-id "$SOURCE_RUN" --balanced-batches[0m
2026-09-12T02:12:43.9029900Z shell: /bin/bash --noprofile --norc -e -o pipefail {0}
2026-09-12T02:12:43.9030750Z env:
2026-09-12T02:12:43.9031330Z   SOURCE_RUN: 34664959587
2026-09-12T02:12:43.9032120Z   EXPECTED_CANDIDATE: b8d01d73233a88a080170b53096f2a72bbd8d98e
2026-09-12T02:12:43.9033100Z ##[endgroup]
2026-09-12T02:13:11.3172850Z forward {'samples': 21, 'lower_bound_ppm': 970443, 'median_ppm': 1020490, 'upper_bound_ppm': 1055425, 'confidence_ppm': 960823, 'release_half_shift_ppm': 125715, 'clang_half_shift_ppm': 156832, 'ratio_half_shift_ppm': 5760, 'ratios_ppm': [962187, 904629, 918801, 970443, 1214890, 1055508, 1020490, 990283, 1136714, 1024104, 1055425, 911217, 878892, 995595, 986203, 804413, 1043849, 1286230, 1026369, 1222935, 1163646]} ['release spread exceeds 200000 ppm', 'baseline spread exceeds 200000 ppm', 'release_half_shift_ppm exceeds 100000 ppm', 'clang_half_shift_ppm exceeds 100000 ppm']
2026-09-12T02:13:31.6566640Z reverse {'samples': 21, 'lower_bound_ppm': 988348, 'median_ppm': 993019, 'upper_bound_ppm': 1001610, 'confidence_ppm': 960823, 'release_half_shift_ppm': 261105, 'clang_half_shift_ppm': 270507, 'ratio_half_shift_ppm': 11252, 'ratios_ppm': [990742, 995858, 1019787, 974002, 936423, 1017924, 1006123, 984085, 1015645, 1004320, 988348, 990608, 1012989, 994502, 993537, 983054, 1001610, 993019, 970798, 991315, 978181]} ['release spread exceeds 200000 ppm', 'baseline spread exceeds 200000 ppm', 'release_half_shift_ppm exceeds 100000 ppm', 'clang_half_shift_ppm exceeds 100000 ppm']
2026-09-12T02:13:48.1305890Z same_bytes {'samples': 21, 'lower_bound_ppm': 989436, 'median_ppm': 1001725, 'upper_bound_ppm': 1010240, 'confidence_ppm': 960823, 'release_half_shift_ppm': 102578, 'clang_half_shift_ppm': 110243, 'ratio_half_shift_ppm': 20923, 'ratios_ppm': [989436, 1007336, 1003358, 1001725, 949938, 1042583, 965041, 974667, 989535, 975726, 1021925, 972384, 1024353, 1002005, 949790, 999276, 1001460, 1063164, 1026858, 1045026, 1010240]} ['release spread exceeds 200000 ppm', 'baseline spread exceeds 200000 ppm', 'release_half_shift_ppm exceeds 100000 ppm', 'clang_half_shift_ppm exceeds 100000 ppm']
2026-09-12T02:14:06.3992560Z same_file {'samples': 21, 'lower_bound_ppm': 987257, 'median_ppm': 999458, 'upper_bound_ppm': 1009260, 'confidence_ppm': 960823, 'release_half_shift_ppm': 29818, 'clang_half_shift_ppm': 544, 'ratio_half_shift_ppm': 6903, 'ratios_ppm': [975835, 959043, 956487, 1006237, 956511, 1015865, 972175, 1012050, 1060808, 993253, 1007059, 991022, 993895, 1053398, 1028859, 1010065, 1000110, 999458, 987257, 1009260, 933071]} []
2026-09-12T02:14:06.4454210Z ##[group]Run actions/upload-artifact@v7
2026-09-12T02:14:06.4455050Z with:
2026-09-12T02:14:06.4455940Z   name: optimizer-x64-calibration-c9e3a73cd60301d0cdd4b2ad792fc85c76abb671
2026-09-12T02:14:06.4457120Z   path: calibration-output
2026-09-12T02:14:06.4457790Z   if-no-files-found: error
2026-09-12T02:14:06.4458450Z   retention-days: 14
2026-09-12T02:14:06.4459110Z   compression-level: 6
2026-09-12T02:14:06.4459990Z   overwrite: false
2026-09-12T02:14:06.4460870Z   include-hidden-files: false
2026-09-12T02:14:06.4461860Z   archive: true
2026-09-12T02:14:06.4462650Z ##[endgroup]
2026-09-12T02:14:06.9027180Z With the provided path, there will be 20 files uploaded
2026-09-12T02:14:06.9031700Z Artifact name is valid!
2026-09-12T02:14:06.9033910Z Root directory input is valid!
2026-09-12T02:14:07.1127040Z Uploading artifact: optimizer-x64-calibration-c9e3a73cd60301d0cdd4b2ad792fc85c76abb671.zip
2026-09-12T02:14:07.1569720Z Beginning upload of artifact content to blob storage
2026-09-12T02:14:07.3233730Z Uploaded bytes 79021
2026-09-12T02:14:07.3446190Z Finished uploading artifact content to blob storage!
2026-09-12T02:14:07.3460240Z SHA256 digest of uploaded artifact is c4120a1f94aab2018b23a2a8d63eea4a183b6fd76a7ad380577ba9a704c09b2e
2026-09-12T02:14:07.3505720Z Finalizing artifact upload
2026-09-12T02:14:07.6767380Z Artifact optimizer-x64-calibration-c9e3a73cd60301d0cdd4b2ad792fc85c76abb671 successfully finalized. Artifact ID 10289433060
2026-09-12T02:14:07.6773370Z Artifact optimizer-x64-calibration-c9e3a73cd60301d0cdd4b2ad792fc85c76abb671 has been successfully uploaded! Final size is 79021 bytes. Artifact ID is 10289433060
2026-09-12T02:14:07.6780330Z Artifact download URL: https://github.com/Matanek/Silex/actions/runs/34667012897/artifacts/10289433060
2026-09-12T02:14:07.7233400Z Post job cleanup.
2026-09-12T02:14:07.9707930Z [command]/usr/local/bin/git version
2026-09-12T02:14:07.9899520Z git version 2.55.0
2026-09-12T02:14:07.9969610Z Copying '/Users/runner/.gitconfig' to '/Users/runner/work/_temp/66972f12-86da-4764-ac99-100080a5e6ee/.gitconfig'
2026-09-12T02:14:08.0000590Z Temporarily overriding HOME='/Users/runner/work/_temp/66972f12-86da-4764-ac99-100080a5e6ee' before making global git config changes
2026-09-12T02:14:08.0007390Z Adding repository directory to the temporary git global config as a safe directory
2026-09-12T02:14:08.0010180Z [command]/usr/local/bin/git config --global --add safe.directory /Users/runner/work/Silex/Silex
2026-09-12T02:14:08.0185430Z Removing SSH command configuration
2026-09-12T02:14:08.0197420Z [command]/usr/local/bin/git config --local --name-only --get-regexp core\.sshCommand
2026-09-12T02:14:08.0418040Z [command]/usr/local/bin/git submodule foreach --recursive sh -c "git config --local --name-only --get-regexp 'core\.sshCommand' && git config --local --unset-all 'core.sshCommand' || :"
2026-09-12T02:14:08.2804530Z Removing HTTP extra header
2026-09-12T02:14:08.2817200Z [command]/usr/local/bin/git config --local --name-only --get-regexp http\.https\:\/\/github\.com\/\.extraheader
2026-09-12T02:14:08.3077010Z [command]/usr/local/bin/git submodule foreach --recursive sh -c "git config --local --name-only --get-regexp 'http\.https\:\/\/github\.com\/\.extraheader' && git config --local --unset-all 'http.https://github.com/.extraheader' || :"
2026-09-12T02:14:08.5606210Z Removing includeIf entries pointing to credentials config files
2026-09-12T02:14:08.5620560Z [command]/usr/local/bin/git config --local --name-only --get-regexp ^includeIf\.gitdir:
2026-09-12T02:14:08.5785100Z includeif.gitdir:/Users/runner/work/Silex/Silex/.git.path
2026-09-12T02:14:08.5788030Z includeif.gitdir:/Users/runner/work/Silex/Silex/.git/worktrees/*.path
2026-09-12T02:14:08.5792610Z includeif.gitdir:/github/workspace/.git.path
2026-09-12T02:14:08.5794120Z includeif.gitdir:/github/workspace/.git/worktrees/*.path
2026-09-12T02:14:08.5809110Z [command]/usr/local/bin/git config --local --get-all includeif.gitdir:/Users/runner/work/Silex/Silex/.git.path
2026-09-12T02:14:08.5977780Z /Users/runner/work/_temp/git-credentials-33671a8e-5cf5-4c2c-a2d9-e33b22376ec7.config
2026-09-12T02:14:08.6010470Z [command]/usr/local/bin/git config --local --unset includeif.gitdir:/Users/runner/work/Silex/Silex/.git.path /Users/runner/work/_temp/git-credentials-33671a8e-5cf5-4c2c-a2d9-e33b22376ec7.config
2026-09-12T02:14:08.6206720Z [command]/usr/local/bin/git config --local --get-all includeif.gitdir:/Users/runner/work/Silex/Silex/.git/worktrees/*.path
2026-09-12T02:14:08.6363180Z /Users/runner/work/_temp/git-credentials-33671a8e-5cf5-4c2c-a2d9-e33b22376ec7.config
2026-09-12T02:14:08.6421580Z [command]/usr/local/bin/git config --local --unset includeif.gitdir:/Users/runner/work/Silex/Silex/.git/worktrees/*.path /Users/runner/work/_temp/git-credentials-33671a8e-5cf5-4c2c-a2d9-e33b22376ec7.config
2026-09-12T02:14:08.6594560Z [command]/usr/local/bin/git config --local --get-all includeif.gitdir:/github/workspace/.git.path
2026-09-12T02:14:08.6757620Z /github/runner_temp/git-credentials-33671a8e-5cf5-4c2c-a2d9-e33b22376ec7.config
2026-09-12T02:14:08.6784060Z [command]/usr/local/bin/git config --local --unset includeif.gitdir:/github/workspace/.git.path /github/runner_temp/git-credentials-33671a8e-5cf5-4c2c-a2d9-e33b22376ec7.config
2026-09-12T02:14:08.6955300Z [command]/usr/local/bin/git config --local --get-all includeif.gitdir:/github/workspace/.git/worktrees/*.path
2026-09-12T02:14:08.7095560Z /github/runner_temp/git-credentials-33671a8e-5cf5-4c2c-a2d9-e33b22376ec7.config
2026-09-12T02:14:08.7118440Z [command]/usr/local/bin/git config --local --unset includeif.gitdir:/github/workspace/.git/worktrees/*.path /github/runner_temp/git-credentials-33671a8e-5cf5-4c2c-a2d9-e33b22376ec7.config
2026-09-12T02:14:08.7277660Z [command]/usr/local/bin/git submodule foreach --recursive git config --local --show-origin --name-only --get-regexp remote.origin.url
2026-09-12T02:14:08.9359520Z Removing credentials config '/Users/runner/work/_temp/git-credentials-33671a8e-5cf5-4c2c-a2d9-e33b22376ec7.config'
2026-09-12T02:14:08.9697900Z Cleaning up orphan processes

