2026-09-11T23:21:53.7461120Z Current runner version: '2.337.0'
2026-09-11T23:21:53.7510918Z ##[group]Runner Image Provisioner
2026-09-11T23:21:53.7512244Z Hosted Compute Agent
2026-09-11T23:21:53.7512857Z Version: 20260828.587
2026-09-11T23:21:53.7513563Z Commit: abac92662cab4cc7352de4f9f9d2e2419aad9c29
2026-09-11T23:21:53.7514295Z Build Date: 2026-08-28T16:44:25Z
2026-09-11T23:21:53.7514959Z Worker ID: {e7cb9b73-d832-40c2-976b-437e6126130b}
2026-09-11T23:21:53.7515846Z Azure Region: eastus
2026-09-11T23:21:53.7516428Z ##[endgroup]
2026-09-11T23:21:53.7518168Z ##[group]Operating System
2026-09-11T23:21:53.7518836Z Ubuntu
2026-09-11T23:21:53.7519379Z 24.04.5
2026-09-11T23:21:53.7519960Z LTS
2026-09-11T23:21:53.7520480Z ##[endgroup]
2026-09-11T23:21:53.7521064Z ##[group]Runner Image
2026-09-11T23:21:53.7521890Z Image: ubuntu-24.04
2026-09-11T23:21:53.7522505Z Version: 20260907.300.1
2026-09-11T23:21:53.7523853Z Included Software: https://github.com/actions/runner-images/blob/ubuntu24/20260907.300/images/ubuntu/Ubuntu2404-Readme.md
2026-09-11T23:21:53.7525458Z Image Release: https://github.com/actions/runner-images/releases/tag/ubuntu24%2F20260907.300
2026-09-11T23:21:53.7526447Z ##[endgroup]
2026-09-11T23:21:53.7527645Z ##[group]GITHUB_TOKEN Permissions
2026-09-11T23:21:53.7529552Z Contents: read
2026-09-11T23:21:53.7530171Z Metadata: read
2026-09-11T23:21:53.7530859Z ##[endgroup]
2026-09-11T23:21:53.7533773Z Secret source: Actions
2026-09-11T23:21:53.7534813Z Cache mode: write
2026-09-11T23:21:53.7535792Z Prepare workflow directory
2026-09-11T23:21:53.7875589Z Prepare all required actions
2026-09-11T23:21:53.7924825Z Getting action download info
2026-09-11T23:21:53.9962644Z Download action repository 'actions/checkout@v6' (SHA:d23441a48e516b6c34aea4fa41551a30e30af803)
2026-09-11T23:21:54.2224911Z Complete job name: linux-x64
2026-09-11T23:21:54.3032513Z ##[group]Run actions/checkout@v6
2026-09-11T23:21:54.3033439Z with:
2026-09-11T23:21:54.3033882Z   repository: Matanek/Silex
2026-09-11T23:21:54.3037593Z   token: ***
2026-09-11T23:21:54.3038049Z   ssh-strict: true
2026-09-11T23:21:54.3038487Z   ssh-user: git
2026-09-11T23:21:54.3038943Z   persist-credentials: true
2026-09-11T23:21:54.3039434Z   clean: true
2026-09-11T23:21:54.3039890Z   sparse-checkout-cone-mode: true
2026-09-11T23:21:54.3040405Z   fetch-depth: 1
2026-09-11T23:21:54.3040836Z   fetch-tags: false
2026-09-11T23:21:54.3041278Z   show-progress: true
2026-09-11T23:21:54.3041913Z   lfs: false
2026-09-11T23:21:54.3042333Z   submodules: false
2026-09-11T23:21:54.3042787Z   set-safe-directory: true
2026-09-11T23:21:54.3043297Z   allow-unsafe-pr-checkout: false
2026-09-11T23:21:54.3044081Z ##[endgroup]
2026-09-11T23:21:54.4064368Z Syncing repository: Matanek/Silex
2026-09-11T23:21:54.4067082Z ##[group]Getting Git version info
2026-09-11T23:21:54.4067887Z Working directory is '/home/runner/work/Silex/Silex'
2026-09-11T23:21:54.4068867Z [command]/usr/bin/git version
2026-09-11T23:21:54.4163651Z git version 2.55.0
2026-09-11T23:21:54.4198425Z ##[endgroup]
2026-09-11T23:21:54.4219682Z Temporarily overriding HOME='/home/runner/work/_temp/99599560-de97-4664-adc3-2a5fa0292f6e' before making global git config changes
2026-09-11T23:21:54.4222958Z Adding repository directory to the temporary git global config as a safe directory
2026-09-11T23:21:54.4228826Z [command]/usr/bin/git config --global --add safe.directory /home/runner/work/Silex/Silex
2026-09-11T23:21:54.4290894Z Deleting the contents of '/home/runner/work/Silex/Silex'
2026-09-11T23:21:54.4295288Z ##[group]Determining repository object format
2026-09-11T23:21:54.4297898Z ##[endgroup]
2026-09-11T23:21:54.4298976Z ##[group]Initializing the repository
2026-09-11T23:21:54.4304281Z [command]/usr/bin/git init /home/runner/work/Silex/Silex
2026-09-11T23:21:54.4425289Z hint: Using 'master' as the name for the initial branch. This default branch name
2026-09-11T23:21:54.4427477Z hint: will change to "main" in Git 3.0. To configure the initial branch name
2026-09-11T23:21:54.4429148Z hint: to use in all of your new repositories, which will suppress this warning,
2026-09-11T23:21:54.4430800Z hint: call:
2026-09-11T23:21:54.4431259Z hint:
2026-09-11T23:21:54.4432282Z hint: 	git config --global init.defaultBranch <name>
2026-09-11T23:21:54.4433403Z hint:
2026-09-11T23:21:54.4434388Z hint: Names commonly chosen instead of 'master' are 'main', 'trunk' and
2026-09-11T23:21:54.4435969Z hint: 'development'. The just-created branch can be renamed via this command:
2026-09-11T23:21:54.4437216Z hint:
2026-09-11T23:21:54.4437892Z hint: 	git branch -m <name>
2026-09-11T23:21:54.4438730Z hint:
2026-09-11T23:21:54.4439482Z hint: Disable this message with "git config set advice.defaultBranchName false"
2026-09-11T23:21:54.4440525Z Initialized empty Git repository in /home/runner/work/Silex/Silex/.git/
2026-09-11T23:21:54.4443330Z [command]/usr/bin/git remote add origin https://github.com/Matanek/Silex
2026-09-11T23:21:54.4495684Z ##[endgroup]
2026-09-11T23:21:54.4496761Z ##[group]Disabling automatic garbage collection
2026-09-11T23:21:54.4499423Z [command]/usr/bin/git config --local gc.auto 0
2026-09-11T23:21:54.4532786Z ##[endgroup]
2026-09-11T23:21:54.4534186Z ##[group]Setting up auth
2026-09-11T23:21:54.4535104Z Removing SSH command configuration
2026-09-11T23:21:54.4541072Z [command]/usr/bin/git config --local --name-only --get-regexp core\.sshCommand
2026-09-11T23:21:54.4581960Z [command]/usr/bin/git submodule foreach --recursive sh -c "git config --local --name-only --get-regexp 'core\.sshCommand' && git config --local --unset-all 'core.sshCommand' || :"
2026-09-11T23:21:54.4986145Z Removing HTTP extra header
2026-09-11T23:21:54.4995171Z [command]/usr/bin/git config --local --name-only --get-regexp http\.https\:\/\/github\.com\/\.extraheader
2026-09-11T23:21:54.5036373Z [command]/usr/bin/git submodule foreach --recursive sh -c "git config --local --name-only --get-regexp 'http\.https\:\/\/github\.com\/\.extraheader' && git config --local --unset-all 'http.https://github.com/.extraheader' || :"
2026-09-11T23:21:54.5260973Z Removing includeIf entries pointing to credentials config files
2026-09-11T23:21:54.5268016Z [command]/usr/bin/git config --local --name-only --get-regexp ^includeIf\.gitdir:
2026-09-11T23:21:54.5305725Z [command]/usr/bin/git submodule foreach --recursive git config --local --show-origin --name-only --get-regexp remote.origin.url
2026-09-11T23:21:54.5540280Z [command]/usr/bin/git config --file /home/runner/work/_temp/git-credentials-3755263e-60c1-43c3-b8ff-0923ebf1300a.config http.https://github.com/.extraheader AUTHORIZATION: basic ***
2026-09-11T23:21:54.5586464Z [command]/usr/bin/git config --local includeIf.gitdir:/home/runner/work/Silex/Silex/.git.path /home/runner/work/_temp/git-credentials-3755263e-60c1-43c3-b8ff-0923ebf1300a.config
2026-09-11T23:21:54.5622203Z [command]/usr/bin/git config --local includeIf.gitdir:/home/runner/work/Silex/Silex/.git/worktrees/*.path /home/runner/work/_temp/git-credentials-3755263e-60c1-43c3-b8ff-0923ebf1300a.config
2026-09-11T23:21:54.5662870Z [command]/usr/bin/git config --local includeIf.gitdir:/github/workspace/.git.path /github/runner_temp/git-credentials-3755263e-60c1-43c3-b8ff-0923ebf1300a.config
2026-09-11T23:21:54.5699159Z [command]/usr/bin/git config --local includeIf.gitdir:/github/workspace/.git/worktrees/*.path /github/runner_temp/git-credentials-3755263e-60c1-43c3-b8ff-0923ebf1300a.config
2026-09-11T23:21:54.5733878Z ##[endgroup]
2026-09-11T23:21:54.5735114Z ##[group]Fetching the repository
2026-09-11T23:21:54.5744031Z [command]/usr/bin/git -c protocol.version=2 fetch --no-tags --prune --no-recurse-submodules --depth=1 origin +6b3f302b580acaf11a3375b2ae421be1140f525b:refs/remotes/origin/spec-silex-optimization-parity-completion
2026-09-11T23:21:55.9133374Z From https://github.com/Matanek/Silex
2026-09-11T23:21:55.9136379Z  * [new ref]         6b3f302b580acaf11a3375b2ae421be1140f525b -> origin/spec-silex-optimization-parity-completion
2026-09-11T23:21:55.9145802Z [command]/usr/bin/git branch --list --remote origin/spec-silex-optimization-parity-completion
2026-09-11T23:21:55.9177667Z   origin/spec-silex-optimization-parity-completion
2026-09-11T23:21:55.9188086Z [command]/usr/bin/git rev-parse refs/remotes/origin/spec-silex-optimization-parity-completion
2026-09-11T23:21:55.9215828Z 6b3f302b580acaf11a3375b2ae421be1140f525b
2026-09-11T23:21:55.9221940Z ##[endgroup]
2026-09-11T23:21:55.9224074Z ##[group]Determining the checkout info
2026-09-11T23:21:55.9226249Z ##[endgroup]
2026-09-11T23:21:55.9227721Z [command]/usr/bin/git sparse-checkout disable
2026-09-11T23:21:55.9283791Z [command]/usr/bin/git config --local --unset-all extensions.worktreeConfig
2026-09-11T23:21:55.9316177Z ##[group]Checking out the ref
2026-09-11T23:21:55.9321816Z [command]/usr/bin/git checkout --progress --force -B spec-silex-optimization-parity-completion refs/remotes/origin/spec-silex-optimization-parity-completion
2026-09-11T23:21:56.1655792Z Switched to a new branch 'spec-silex-optimization-parity-completion'
2026-09-11T23:21:56.1660509Z branch 'spec-silex-optimization-parity-completion' set up to track 'origin/spec-silex-optimization-parity-completion'.
2026-09-11T23:21:56.1681893Z ##[endgroup]
2026-09-11T23:21:56.1734852Z [command]/usr/bin/git log -1 --format=%H
2026-09-11T23:21:56.1764676Z 6b3f302b580acaf11a3375b2ae421be1140f525b
2026-09-11T23:21:56.2050654Z ##[group]Run actions/checkout@v6
2026-09-11T23:21:56.2051038Z with:
2026-09-11T23:21:56.2051309Z   repository: Matanek/Silex-Lib-STD
2026-09-11T23:21:56.2051992Z   ref: 5a018305fb470dfe00e94466150b3c04f207e252
2026-09-11T23:21:56.2052355Z   path: Dependencies/STD
2026-09-11T23:21:56.2055008Z   token: ***
2026-09-11T23:21:56.2055269Z   ssh-strict: true
2026-09-11T23:21:56.2055540Z   ssh-user: git
2026-09-11T23:21:56.2055806Z   persist-credentials: true
2026-09-11T23:21:56.2056093Z   clean: true
2026-09-11T23:21:56.2056359Z   sparse-checkout-cone-mode: true
2026-09-11T23:21:56.2056699Z   fetch-depth: 1
2026-09-11T23:21:56.2056976Z   fetch-tags: false
2026-09-11T23:21:56.2057246Z   show-progress: true
2026-09-11T23:21:56.2057521Z   lfs: false
2026-09-11T23:21:56.2057767Z   submodules: false
2026-09-11T23:21:56.2058072Z   set-safe-directory: true
2026-09-11T23:21:56.2058381Z   allow-unsafe-pr-checkout: false
2026-09-11T23:21:56.2058699Z ##[endgroup]
2026-09-11T23:21:56.2920597Z Syncing repository: Matanek/Silex-Lib-STD
2026-09-11T23:21:56.2928351Z ##[group]Getting Git version info
2026-09-11T23:21:56.2929350Z Working directory is '/home/runner/work/Silex/Silex/Dependencies/STD'
2026-09-11T23:21:56.2974087Z [command]/usr/bin/git version
2026-09-11T23:21:56.3024665Z git version 2.55.0
2026-09-11T23:21:56.3069364Z ##[endgroup]
2026-09-11T23:21:56.3072181Z Temporarily overriding HOME='/home/runner/work/_temp/8d55eaa5-4dbc-48d1-aa34-980a453cfe13' before making global git config changes
2026-09-11T23:21:56.3073281Z Adding repository directory to the temporary git global config as a safe directory
2026-09-11T23:21:56.3076492Z [command]/usr/bin/git config --global --add safe.directory /home/runner/work/Silex/Silex/Dependencies/STD
2026-09-11T23:21:56.3118336Z ##[group]Determining repository object format
2026-09-11T23:21:56.3120877Z ##[endgroup]
2026-09-11T23:21:56.3121374Z ##[group]Initializing the repository
2026-09-11T23:21:56.3126898Z [command]/usr/bin/git init /home/runner/work/Silex/Silex/Dependencies/STD
2026-09-11T23:21:56.3174147Z hint: Using 'master' as the name for the initial branch. This default branch name
2026-09-11T23:21:56.3188044Z hint: will change to "main" in Git 3.0. To configure the initial branch name
2026-09-11T23:21:56.3199127Z hint: to use in all of your new repositories, which will suppress this warning,
2026-09-11T23:21:56.3200051Z hint: call:
2026-09-11T23:21:56.3200467Z hint:
2026-09-11T23:21:56.3200984Z hint: 	git config --global init.defaultBranch <name>
2026-09-11T23:21:56.3201811Z hint:
2026-09-11T23:21:56.3202304Z hint: Names commonly chosen instead of 'master' are 'main', 'trunk' and
2026-09-11T23:21:56.3202929Z hint: 'development'. The just-created branch can be renamed via this command:
2026-09-11T23:21:56.3203434Z hint:
2026-09-11T23:21:56.3203905Z hint: 	git branch -m <name>
2026-09-11T23:21:56.3205051Z hint:
2026-09-11T23:21:56.3205574Z hint: Disable this message with "git config set advice.defaultBranchName false"
2026-09-11T23:21:56.3206563Z Initialized empty Git repository in /home/runner/work/Silex/Silex/Dependencies/STD/.git/
2026-09-11T23:21:56.3208611Z [command]/usr/bin/git remote add origin https://github.com/Matanek/Silex-Lib-STD
2026-09-11T23:21:56.3238012Z ##[endgroup]
2026-09-11T23:21:56.3238889Z ##[group]Disabling automatic garbage collection
2026-09-11T23:21:56.3348795Z [command]/usr/bin/git config --local gc.auto 0
2026-09-11T23:21:56.3350806Z ##[endgroup]
2026-09-11T23:21:56.3351304Z ##[group]Setting up auth
2026-09-11T23:21:56.3352008Z Removing SSH command configuration
2026-09-11T23:21:56.3352564Z [command]/usr/bin/git config --local --name-only --get-regexp core\.sshCommand
2026-09-11T23:21:56.3354003Z [command]/usr/bin/git submodule foreach --recursive sh -c "git config --local --name-only --get-regexp 'core\.sshCommand' && git config --local --unset-all 'core.sshCommand' || :"
2026-09-11T23:21:56.3593106Z Removing HTTP extra header
2026-09-11T23:21:56.3599701Z [command]/usr/bin/git config --local --name-only --get-regexp http\.https\:\/\/github\.com\/\.extraheader
2026-09-11T23:21:56.3645711Z [command]/usr/bin/git submodule foreach --recursive sh -c "git config --local --name-only --get-regexp 'http\.https\:\/\/github\.com\/\.extraheader' && git config --local --unset-all 'http.https://github.com/.extraheader' || :"
2026-09-11T23:21:56.3920417Z Removing includeIf entries pointing to credentials config files
2026-09-11T23:21:56.3926884Z [command]/usr/bin/git config --local --name-only --get-regexp ^includeIf\.gitdir:
2026-09-11T23:21:56.3967815Z [command]/usr/bin/git submodule foreach --recursive git config --local --show-origin --name-only --get-regexp remote.origin.url
2026-09-11T23:21:56.4225879Z [command]/usr/bin/git config --file /home/runner/work/_temp/git-credentials-bb85d882-0370-4be0-b86a-e91fdf127cca.config http.https://github.com/.extraheader AUTHORIZATION: basic ***
2026-09-11T23:21:56.4271230Z [command]/usr/bin/git config --local includeIf.gitdir:/home/runner/work/Silex/Silex/Dependencies/STD/.git.path /home/runner/work/_temp/git-credentials-bb85d882-0370-4be0-b86a-e91fdf127cca.config
2026-09-11T23:21:56.4309102Z [command]/usr/bin/git config --local includeIf.gitdir:/home/runner/work/Silex/Silex/Dependencies/STD/.git/worktrees/*.path /home/runner/work/_temp/git-credentials-bb85d882-0370-4be0-b86a-e91fdf127cca.config
2026-09-11T23:21:56.4350860Z [command]/usr/bin/git config --local includeIf.gitdir:/github/workspace/Dependencies/STD/.git.path /github/runner_temp/git-credentials-bb85d882-0370-4be0-b86a-e91fdf127cca.config
2026-09-11T23:21:56.4390024Z [command]/usr/bin/git config --local includeIf.gitdir:/github/workspace/Dependencies/STD/.git/worktrees/*.path /github/runner_temp/git-credentials-bb85d882-0370-4be0-b86a-e91fdf127cca.config
2026-09-11T23:21:56.4423378Z ##[endgroup]
2026-09-11T23:21:56.4423908Z ##[group]Fetching the repository
2026-09-11T23:21:56.4432192Z [command]/usr/bin/git -c protocol.version=2 fetch --no-tags --prune --no-recurse-submodules --depth=1 origin 5a018305fb470dfe00e94466150b3c04f207e252
2026-09-11T23:21:56.7479021Z From https://github.com/Matanek/Silex-Lib-STD
2026-09-11T23:21:56.7480844Z  * branch            5a018305fb470dfe00e94466150b3c04f207e252 -> FETCH_HEAD
2026-09-11T23:21:56.7491000Z [command]/usr/bin/git rev-parse --verify --quiet 5a018305fb470dfe00e94466150b3c04f207e252^{object}
2026-09-11T23:21:56.7520351Z 5a018305fb470dfe00e94466150b3c04f207e252
2026-09-11T23:21:56.7525837Z ##[endgroup]
2026-09-11T23:21:56.7526249Z ##[group]Determining the checkout info
2026-09-11T23:21:56.7527629Z ##[endgroup]
2026-09-11T23:21:56.7533168Z [command]/usr/bin/git sparse-checkout disable
2026-09-11T23:21:56.7578285Z [command]/usr/bin/git config --local --unset-all extensions.worktreeConfig
2026-09-11T23:21:56.7610309Z ##[group]Checking out the ref
2026-09-11T23:21:56.7614481Z [command]/usr/bin/git checkout --progress --force 5a018305fb470dfe00e94466150b3c04f207e252
2026-09-11T23:21:56.7888530Z Note: switching to '5a018305fb470dfe00e94466150b3c04f207e252'.
2026-09-11T23:21:56.7889130Z 
2026-09-11T23:21:56.7889565Z You are in 'detached HEAD' state. You can look around, make experimental
2026-09-11T23:21:56.7890421Z changes and commit them, and you can discard any commits you make in this
2026-09-11T23:21:56.7891274Z state without impacting any branches by switching back to a branch.
2026-09-11T23:21:56.7892051Z 
2026-09-11T23:21:56.7892380Z If you want to create a new branch to retain commits you create, you may
2026-09-11T23:21:56.7893075Z do so (now or later) by using -c with the switch command. Example:
2026-09-11T23:21:56.7893366Z 
2026-09-11T23:21:56.7893489Z   git switch -c <new-branch-name>
2026-09-11T23:21:56.7893714Z 
2026-09-11T23:21:56.7893827Z Or undo this operation with:
2026-09-11T23:21:56.7893995Z 
2026-09-11T23:21:56.7894091Z   git switch -
2026-09-11T23:21:56.7894226Z 
2026-09-11T23:21:56.7894442Z Turn off this advice by setting config variable advice.detachedHead to false
2026-09-11T23:21:56.7894790Z 
2026-09-11T23:21:56.7894903Z HEAD is now at 5a01830 Prepare STD 0.21.0
2026-09-11T23:21:56.7897937Z ##[endgroup]
2026-09-11T23:21:56.7945666Z [command]/usr/bin/git log -1 --format=%H
2026-09-11T23:21:56.7974754Z 5a018305fb470dfe00e94466150b3c04f207e252
2026-09-11T23:21:56.8119488Z ##[group]Run set -euo pipefail
2026-09-11T23:21:56.8119913Z [36;1mset -euo pipefail[0m
2026-09-11T23:21:56.8120206Z [36;1marchive="$RUNNER_TEMP/zig.tar.xz"[0m
2026-09-11T23:21:56.8120733Z [36;1mcurl -fL https://ziglang.org/download/0.16.0/zig-x86_64-linux-0.16.0.tar.xz -o "$archive"[0m
2026-09-11T23:21:56.8121442Z [36;1mecho "70e49664a74374b48b51e6f3fdfbf437f6395d42509050588bd49abe52ba3d00  $archive" | sha256sum -c -[0m
2026-09-11T23:21:56.8122424Z [36;1mtar -xJf "$archive" -C "$RUNNER_TEMP"[0m
2026-09-11T23:21:56.8122824Z [36;1mecho "$RUNNER_TEMP/zig-x86_64-linux-0.16.0" >> "$GITHUB_PATH"[0m
2026-09-11T23:21:56.8164739Z shell: /usr/bin/bash --noprofile --norc -e -o pipefail {0}
2026-09-11T23:21:56.8165134Z ##[endgroup]
2026-09-11T23:21:56.8325167Z   % Total    % Received % Xferd  Average Speed   Time    Time     Time  Current
2026-09-11T23:21:56.8326079Z                                  Dload  Upload   Total   Spent    Left  Speed
2026-09-11T23:21:56.8326540Z 
2026-09-11T23:21:56.9612214Z   0     0    0     0    0     0      0      0 --:--:-- --:--:-- --:--:--     0
2026-09-11T23:21:57.9801229Z   0     0    0     0    0     0      0      0 --:--:-- --:--:-- --:--:--     0
2026-09-11T23:21:58.9659143Z   0 52.9M    0  447k    0     0   390k      0  0:02:18  0:00:01  0:02:17  390k
2026-09-11T23:21:59.9572582Z  15 52.9M   15 8463k    0     0  3967k      0  0:00:13  0:00:02  0:00:11 3966k
2026-09-11T23:22:00.6055730Z  65 52.9M   65 34.7M    0     0  11.1M      0  0:00:04  0:00:03  0:00:01 11.1M
2026-09-11T23:22:00.6056680Z 100 52.9M  100 52.9M    0     0  14.0M      0  0:00:03  0:00:03 --:--:-- 14.0M
2026-09-11T23:22:00.6506951Z /home/runner/work/_temp/zig.tar.xz: OK
2026-09-11T23:22:04.5292459Z ##[group]Run set -euo pipefail
2026-09-11T23:22:04.5292872Z [36;1mset -euo pipefail[0m
2026-09-11T23:22:04.5293130Z [36;1mtest "$(uname -m)" = "x86_64"[0m
2026-09-11T23:22:04.5293412Z [36;1mexport HOME="$RUNNER_TEMP/home"[0m
2026-09-11T23:22:04.5293686Z [36;1mmkdir -p "$HOME"[0m
2026-09-11T23:22:04.5293980Z [36;1mzig build -Doptimize=ReleaseFast -Dcpu=baseline \[0m
2026-09-11T23:22:04.5294344Z [36;1m  --prefix "$RUNNER_TEMP/silex-prefix" \[0m
2026-09-11T23:22:04.5294671Z [36;1m  --build-file Toolchain/build.zig[0m
2026-09-11T23:22:04.5294984Z [36;1msilex="$RUNNER_TEMP/silex-prefix/bin/silex"[0m
2026-09-11T23:22:04.5295285Z [36;1m"$silex" setup[0m
2026-09-11T23:22:04.5295664Z [36;1m"$silex" link "$GITHUB_WORKSPACE/Dependencies/STD" --workspace "$GITHUB_WORKSPACE"[0m
2026-09-11T23:22:04.5296183Z [36;1m"$silex" test "$GITHUB_WORKSPACE/Tests/Types/Str/Operators.sx"[0m
2026-09-11T23:22:04.5296642Z [36;1m"$silex" test "$GITHUB_WORKSPACE/Tests/Types/Str/Returns.sx"[0m
2026-09-11T23:22:04.5297277Z [36;1m"$silex" test "$GITHUB_WORKSPACE/Tests/Native/NativePortability.sx"[0m
2026-09-11T23:22:04.5297769Z [36;1m"$silex" compile "$GITHUB_WORKSPACE/Tests/Native/NativePortability.sx" \[0m
2026-09-11T23:22:04.5298215Z [36;1m  --release -o "$RUNNER_TEMP/native-portability"[0m
2026-09-11T23:22:04.5298604Z [36;1mportability_output=$("$RUNNER_TEMP/native-portability")[0m
2026-09-11T23:22:04.5298965Z [36;1mprintf '%s\n' "$portability_output"[0m
2026-09-11T23:22:04.5299386Z [36;1mcycle_drops=$(printf '%s\n' "$portability_output" | grep -c '^native cycle drop$')[0m
2026-09-11T23:22:04.5299809Z [36;1mtest "$cycle_drops" -eq 6[0m
2026-09-11T23:22:04.5300186Z [36;1m"$silex" compile "$GITHUB_WORKSPACE/Tests/Native/DistributionSmoke.sx" \[0m
2026-09-11T23:22:04.5300635Z [36;1m  --release -o "$RUNNER_TEMP/distribution-smoke"[0m
2026-09-11T23:22:04.5301081Z [36;1mtest "$("$RUNNER_TEMP/distribution-smoke")" = "silex distribution ready"[0m
2026-09-11T23:22:04.5301916Z [36;1maggregate_fixture="$GITHUB_WORKSPACE/Toolchain/Benchmarks/Optimizer/Regressions/AggregateFieldStores.sx"[0m
2026-09-11T23:22:04.5302677Z [36;1mtest "$("$silex" interpret "$aggregate_fixture" --nocache)" = "aggregate field stores preserved"[0m
2026-09-11T23:22:04.5303158Z [36;1mfor mode in debug release; do[0m
2026-09-11T23:22:04.5303496Z [36;1m  "$silex" compile "$aggregate_fixture" "--$mode" --nocache \[0m
2026-09-11T23:22:04.5303884Z [36;1m    -o "$RUNNER_TEMP/aggregate-fields-$mode"[0m
2026-09-11T23:22:04.5304344Z [36;1m  test "$("$RUNNER_TEMP/aggregate-fields-$mode")" = "aggregate field stores preserved"[0m
2026-09-11T23:22:04.5304764Z [36;1mdone[0m
2026-09-11T23:22:04.5305131Z [36;1mminmax_fixture="$GITHUB_WORKSPACE/Toolchain/Benchmarks/Native/ScalarMathMinMax.sx"[0m
2026-09-11T23:22:04.5305596Z [36;1mfor mode in debug release; do[0m
2026-09-11T23:22:04.5305923Z [36;1m  "$silex" compile "$minmax_fixture" "--$mode" --nocache \[0m
2026-09-11T23:22:04.5306302Z [36;1m    -o "$RUNNER_TEMP/scalar-math-minmax-$mode"[0m
2026-09-11T23:22:04.5306786Z [36;1m  test "$("$RUNNER_TEMP/scalar-math-minmax-$mode")" = "scalar-math-minmax: pass"[0m
2026-09-11T23:22:04.5307195Z [36;1mdone[0m
2026-09-11T23:22:04.5307547Z [36;1m# Compile the exact standalone witness without the optimizer package's STD graph.[0m
2026-09-11T23:22:04.5308023Z [36;1mscalar_root="$RUNNER_TEMP/scalar-float-fixture"[0m
2026-09-11T23:22:04.5308344Z [36;1mmkdir -p "$scalar_root"[0m
2026-09-11T23:22:04.5308666Z [36;1mprintf '%s\n' '{"sources":"."}' > "$scalar_root/Package.json"[0m
2026-09-11T23:22:04.5309081Z [36;1mscalar_fixture="$scalar_root/ScalarFloatResidence.sx"[0m
2026-09-11T23:22:04.5309681Z [36;1mcp "$GITHUB_WORKSPACE/Toolchain/Benchmarks/Optimizer/Regressions/ScalarFloatResidence.sx" "$scalar_fixture"[0m
2026-09-11T23:22:04.5310238Z [36;1mfor mode in debug release; do[0m
2026-09-11T23:22:04.5310567Z [36;1m  "$silex" compile "$scalar_fixture" "--$mode" --nocache \[0m
2026-09-11T23:22:04.5311123Z [36;1m    -o "$RUNNER_TEMP/scalar-float-residence-$mode"[0m
2026-09-11T23:22:04.5311693Z [36;1m  scalar_output=$("$RUNNER_TEMP/scalar-float-residence-$mode")[0m
2026-09-11T23:22:04.5312136Z [36;1m  test "$(printf '%s\n' "$scalar_output" | wc -l)" -eq 9[0m
2026-09-11T23:22:04.5312543Z [36;1m  test "$(printf '%s\n' "$scalar_output" | grep -c '^true$')" -eq 9[0m
2026-09-11T23:22:04.5312885Z [36;1mdone[0m
2026-09-11T23:22:04.5313150Z [36;1mbranch_fixture="$scalar_root/BranchComparisons.sx"[0m
2026-09-11T23:22:04.5313726Z [36;1mcp "$GITHUB_WORKSPACE/Toolchain/Benchmarks/Optimizer/Regressions/BranchComparisons.sx" "$branch_fixture"[0m
2026-09-11T23:22:04.5314259Z [36;1mfor mode in debug release; do[0m
2026-09-11T23:22:04.5314581Z [36;1m  "$silex" compile "$branch_fixture" "--$mode" --nocache \[0m
2026-09-11T23:22:04.5314955Z [36;1m    -o "$RUNNER_TEMP/branch-comparisons-$mode"[0m
2026-09-11T23:22:04.5315335Z [36;1m  test "$("$RUNNER_TEMP/branch-comparisons-$mode")" = "true"[0m
2026-09-11T23:22:04.5315791Z [36;1mdone[0m
2026-09-11T23:22:04.5316045Z [36;1msnapshot_fixture="$scalar_root/BranchSnapshots.sx"[0m
2026-09-11T23:22:04.5316615Z [36;1mcp "$GITHUB_WORKSPACE/Toolchain/Benchmarks/Optimizer/Regressions/BranchSnapshots.sx" "$snapshot_fixture"[0m
2026-09-11T23:22:04.5317140Z [36;1mfor mode in debug release; do[0m
2026-09-11T23:22:04.5317469Z [36;1m  "$silex" compile "$snapshot_fixture" "--$mode" --nocache \[0m
2026-09-11T23:22:04.5317847Z [36;1m    -o "$RUNNER_TEMP/branch-snapshots-$mode"[0m
2026-09-11T23:22:04.5318222Z [36;1m  snapshot_output=$("$RUNNER_TEMP/branch-snapshots-$mode")[0m
2026-09-11T23:22:04.5318624Z [36;1m  test "$(printf '%s\n' "$snapshot_output" | wc -l)" -eq 8[0m
2026-09-11T23:22:04.5319035Z [36;1m  test "$(printf '%s\n' "$snapshot_output" | grep -c '^true$')" -eq 8[0m
2026-09-11T23:22:04.5319392Z [36;1mdone[0m
2026-09-11T23:22:04.5319688Z [36;1mloop_exit_fixture="$scalar_root/LoopExitResidence.sx"[0m
2026-09-11T23:22:04.5320343Z [36;1mcp "$GITHUB_WORKSPACE/Toolchain/Benchmarks/Optimizer/Regressions/LoopExitResidence.sx" "$loop_exit_fixture"[0m
2026-09-11T23:22:04.5320894Z [36;1mfor mode in debug release; do[0m
2026-09-11T23:22:04.5321234Z [36;1m  "$silex" compile "$loop_exit_fixture" "--$mode" --nocache \[0m
2026-09-11T23:22:04.5321762Z [36;1m    -o "$RUNNER_TEMP/loop-exit-residence-$mode"[0m
2026-09-11T23:22:04.5322156Z [36;1m  loop_exit_output=$("$RUNNER_TEMP/loop-exit-residence-$mode")[0m
2026-09-11T23:22:04.5322582Z [36;1m  test "$(printf '%s\n' "$loop_exit_output" | wc -l)" -eq 5[0m
2026-09-11T23:22:04.5323002Z [36;1m  test "$(printf '%s\n' "$loop_exit_output" | grep -c '^true$')" -eq 5[0m
2026-09-11T23:22:04.5323352Z [36;1mdone[0m
2026-09-11T23:22:04.5323630Z [36;1mfloat_memory_fixture="$scalar_root/FloatMemoryResidence.sx"[0m
2026-09-11T23:22:04.5324275Z [36;1mcp "$GITHUB_WORKSPACE/Toolchain/Benchmarks/Optimizer/Regressions/FloatMemoryResidence.sx" "$float_memory_fixture"[0m
2026-09-11T23:22:04.5324844Z [36;1mfor mode in debug release; do[0m
2026-09-11T23:22:04.5325196Z [36;1m  "$silex" compile "$float_memory_fixture" "--$mode" --nocache \[0m
2026-09-11T23:22:04.5325614Z [36;1m    -o "$RUNNER_TEMP/float-memory-residence-$mode"[0m
2026-09-11T23:22:04.5326036Z [36;1m  float_memory_output=$("$RUNNER_TEMP/float-memory-residence-$mode")[0m
2026-09-11T23:22:04.5326507Z [36;1m  test "$(printf '%s\n' "$float_memory_output" | wc -l)" -eq 10[0m
2026-09-11T23:22:04.5326951Z [36;1m  test "$(printf '%s\n' "$float_memory_output" | grep -c '^true$')" -eq 10[0m
2026-09-11T23:22:04.5327319Z [36;1mdone[0m
2026-09-11T23:22:04.5327610Z [36;1mfloat_operands_fixture="$scalar_root/ScalarFloatOperands.sx"[0m
2026-09-11T23:22:04.5328260Z [36;1mcp "$GITHUB_WORKSPACE/Toolchain/Benchmarks/Optimizer/Regressions/ScalarFloatOperands.sx" "$float_operands_fixture"[0m
2026-09-11T23:22:04.5328828Z [36;1mfor mode in debug release; do[0m
2026-09-11T23:22:04.5329183Z [36;1m  "$silex" compile "$float_operands_fixture" "--$mode" --nocache \[0m
2026-09-11T23:22:04.5329739Z [36;1m    -o "$RUNNER_TEMP/scalar-float-operands-$mode"[0m
2026-09-11T23:22:04.5330195Z [36;1m  float_operands_output=$("$RUNNER_TEMP/scalar-float-operands-$mode")[0m
2026-09-11T23:22:04.5330677Z [36;1m  test "$(printf '%s\n' "$float_operands_output" | wc -l)" -eq 18[0m
2026-09-11T23:22:04.5331132Z [36;1m  test "$(printf '%s\n' "$float_operands_output" | grep -c '^true$')" -eq 18[0m
2026-09-11T23:22:04.5331642Z [36;1mdone[0m
2026-09-11T23:22:04.5331953Z [36;1mprivate_length_fixture="$scalar_root/PrivateCollectionLengths.sx"[0m
2026-09-11T23:22:04.5332648Z [36;1mcp "$GITHUB_WORKSPACE/Toolchain/Benchmarks/Optimizer/Regressions/PrivateCollectionLengths.sx" "$private_length_fixture"[0m
2026-09-11T23:22:04.5333243Z [36;1mfor mode in debug release; do[0m
2026-09-11T23:22:04.5333593Z [36;1m  "$silex" compile "$private_length_fixture" "--$mode" --nocache \[0m
2026-09-11T23:22:04.5334020Z [36;1m    -o "$RUNNER_TEMP/private-collection-lengths-$mode"[0m
2026-09-11T23:22:04.5334600Z [36;1m  private_length_output=$("$RUNNER_TEMP/private-collection-lengths-$mode")[0m
2026-09-11T23:22:04.5335080Z [36;1m  test "$(printf '%s\n' "$private_length_output" | wc -l)" -eq 10[0m
2026-09-11T23:22:04.5335527Z [36;1m  test "$(printf '%s\n' "$private_length_output" | grep -c '^true$')" -eq 10[0m
2026-09-11T23:22:04.5335891Z [36;1mdone[0m
2026-09-11T23:22:04.5336156Z [36;1mclass_leaf_fixture="$scalar_root/ScalarClassLeaves.sx"[0m
2026-09-11T23:22:04.5336765Z [36;1mcp "$GITHUB_WORKSPACE/Toolchain/Benchmarks/Optimizer/Regressions/ScalarClassLeaves.sx" "$class_leaf_fixture"[0m
2026-09-11T23:22:04.5337317Z [36;1mfor mode in debug release; do[0m
2026-09-11T23:22:04.5337660Z [36;1m  "$silex" compile "$class_leaf_fixture" "--$mode" --nocache \[0m
2026-09-11T23:22:04.5338064Z [36;1m    -o "$RUNNER_TEMP/scalar-class-leaves-$mode"[0m
2026-09-11T23:22:04.5338458Z [36;1m  class_leaf_output=$("$RUNNER_TEMP/scalar-class-leaves-$mode")[0m
2026-09-11T23:22:04.5338886Z [36;1m  test "$(printf '%s\n' "$class_leaf_output" | wc -l)" -eq 10[0m
2026-09-11T23:22:04.5339318Z [36;1m  test "$(printf '%s\n' "$class_leaf_output" | grep -c '^true$')" -eq 10[0m
2026-09-11T23:22:04.5339676Z [36;1mdone[0m
2026-09-11T23:22:04.5378651Z shell: /usr/bin/bash --noprofile --norc -e -o pipefail {0}
2026-09-11T23:22:04.5378998Z ##[endgroup]
2026-09-11T23:27:35.1351907Z silex: installed Shadercross for linux-x64
2026-09-11T23:27:44.1232643Z silex: installed Native linker for linux-x64
2026-09-11T23:27:44.1249097Z silex: linked STD@0.21.0 to /home/runner/work/Silex/Silex/Dependencies/STD for this workspace
2026-09-11T23:27:58.1377750Z ok - str concatenation operand positions
2026-09-11T23:27:58.1589653Z ok - str compound concatenation
2026-09-11T23:27:58.1800994Z ok - str equality and interpolation
2026-09-11T23:27:58.2008494Z ok - str unicode scalar count
2026-09-11T23:27:58.2011447Z 4 passed; 0 failed
2026-09-11T23:27:58.2542898Z ok - str return positions
2026-09-11T23:27:58.2543929Z 1 passed; 0 failed
2026-09-11T23:27:58.3141416Z ok - execute direct indirect and dynamic calls beyond native registers
2026-09-11T23:27:58.3359014Z ok - preserve paired float32 arithmetic on native
2026-09-11T23:27:58.3578311Z ok - mutate a class-owned native list without changing its snapshot
2026-09-11T23:27:58.3792476Z ok - replace class elements in a class-owned native list
2026-09-11T23:27:58.4004232Z ok - preserve embedded byte contents on native
2026-09-11T23:27:58.4218626Z ok - format native floats through the standalone runtime
2026-09-11T23:27:58.4463462Z ok - convert native float precision in both directions
2026-09-11T23:27:58.4681002Z ok - replace and preserve an aliased native list
2026-09-11T23:27:58.4899631Z ok - swap and reverse a native list
2026-09-11T23:27:58.5113367Z ok - grow a native list at every position
2026-09-11T23:27:58.5331710Z ok - remove native list elements from every position
2026-09-11T23:27:58.5548616Z ok - slice view mutate and clear native lists
2026-09-11T23:27:58.5764697Z ok - mutable aggregate view detaches shared native list
2026-09-11T23:27:58.5983483Z copy state drop
2026-09-11T23:27:58.5983897Z copy state drop
2026-09-11T23:27:58.5984287Z ok - deep-copy repeated native class roots without collections
2026-09-11T23:27:58.6201103Z native cycle drop
2026-09-11T23:27:58.6201740Z native cycle drop
2026-09-11T23:27:58.6202154Z ok - finalize a direct native class cycle
2026-09-11T23:27:58.6424084Z native cycle drop
2026-09-11T23:27:58.6424506Z native cycle drop
2026-09-11T23:27:58.6424934Z ok - finalize a native class cycle through lists
2026-09-11T23:27:58.6649168Z native cycle drop
2026-09-11T23:27:58.6649588Z native cycle drop
2026-09-11T23:27:58.6650051Z ok - finalize a native class cycle through protocols
2026-09-11T23:27:58.6868793Z ok - execute the complete native collection mutation slice
2026-09-11T23:27:58.7087546Z copy state drop
2026-09-11T23:27:58.7087957Z copy state drop
2026-09-11T23:27:58.7088389Z ok - execute native ownership and deep-copy runtime
2026-09-11T23:27:58.7305482Z ok - preserve resource aggregates across native list growth
2026-09-11T23:27:58.7519629Z ok - serialize native mutations with mutex
2026-09-11T23:27:58.7741852Z native cycle drop
2026-09-11T23:27:58.7742258Z native cycle drop
2026-09-11T23:27:58.7742584Z native cycle drop
2026-09-11T23:27:58.7742941Z native cycle drop
2026-09-11T23:27:58.7743253Z native cycle drop
2026-09-11T23:27:58.7743558Z native cycle drop
2026-09-11T23:27:58.7744050Z ok - finalize native cycles across direct collection and protocol edges
2026-09-11T23:27:58.7749924Z 22 passed; 0 failed
2026-09-11T23:27:58.8515449Z copy state drop
2026-09-11T23:27:58.8515894Z copy state drop
2026-09-11T23:27:58.8516247Z native cycle drop
2026-09-11T23:27:58.8516490Z native cycle drop
2026-09-11T23:27:58.8516726Z native cycle drop
2026-09-11T23:27:58.8516957Z native cycle drop
2026-09-11T23:27:58.8517183Z native cycle drop
2026-09-11T23:27:58.8517415Z native cycle drop
2026-09-11T23:27:59.8765217Z Post job cleanup.
2026-09-11T23:27:59.9651043Z [command]/usr/bin/git version
2026-09-11T23:27:59.9705326Z git version 2.55.0
2026-09-11T23:27:59.9751910Z Temporarily overriding HOME='/home/runner/work/_temp/60761866-48f8-4281-8ba2-dd4be2cb8531' before making global git config changes
2026-09-11T23:27:59.9753311Z Adding repository directory to the temporary git global config as a safe directory
2026-09-11T23:27:59.9759054Z [command]/usr/bin/git config --global --add safe.directory /home/runner/work/Silex/Silex/Dependencies/STD
2026-09-11T23:27:59.9801009Z Removing SSH command configuration
2026-09-11T23:27:59.9808551Z [command]/usr/bin/git config --local --name-only --get-regexp core\.sshCommand
2026-09-11T23:27:59.9855054Z [command]/usr/bin/git submodule foreach --recursive sh -c "git config --local --name-only --get-regexp 'core\.sshCommand' && git config --local --unset-all 'core.sshCommand' || :"
2026-09-11T23:28:00.0154097Z Removing HTTP extra header
2026-09-11T23:28:00.0165631Z [command]/usr/bin/git config --local --name-only --get-regexp http\.https\:\/\/github\.com\/\.extraheader
2026-09-11T23:28:00.0224461Z [command]/usr/bin/git submodule foreach --recursive sh -c "git config --local --name-only --get-regexp 'http\.https\:\/\/github\.com\/\.extraheader' && git config --local --unset-all 'http.https://github.com/.extraheader' || :"
2026-09-11T23:28:00.0542558Z Removing includeIf entries pointing to credentials config files
2026-09-11T23:28:00.0550558Z [command]/usr/bin/git config --local --name-only --get-regexp ^includeIf\.gitdir:
2026-09-11T23:28:00.0595058Z includeif.gitdir:/home/runner/work/Silex/Silex/Dependencies/STD/.git.path
2026-09-11T23:28:00.0597828Z includeif.gitdir:/home/runner/work/Silex/Silex/Dependencies/STD/.git/worktrees/*.path
2026-09-11T23:28:00.0599203Z includeif.gitdir:/github/workspace/Dependencies/STD/.git.path
2026-09-11T23:28:00.0600299Z includeif.gitdir:/github/workspace/Dependencies/STD/.git/worktrees/*.path
2026-09-11T23:28:00.0610618Z [command]/usr/bin/git config --local --get-all includeif.gitdir:/home/runner/work/Silex/Silex/Dependencies/STD/.git.path
2026-09-11T23:28:00.0653269Z /home/runner/work/_temp/git-credentials-bb85d882-0370-4be0-b86a-e91fdf127cca.config
2026-09-11T23:28:00.0670597Z [command]/usr/bin/git config --local --unset includeif.gitdir:/home/runner/work/Silex/Silex/Dependencies/STD/.git.path /home/runner/work/_temp/git-credentials-bb85d882-0370-4be0-b86a-e91fdf127cca.config
2026-09-11T23:28:00.0733413Z [command]/usr/bin/git config --local --get-all includeif.gitdir:/home/runner/work/Silex/Silex/Dependencies/STD/.git/worktrees/*.path
2026-09-11T23:28:00.0780527Z /home/runner/work/_temp/git-credentials-bb85d882-0370-4be0-b86a-e91fdf127cca.config
2026-09-11T23:28:00.0796582Z [command]/usr/bin/git config --local --unset includeif.gitdir:/home/runner/work/Silex/Silex/Dependencies/STD/.git/worktrees/*.path /home/runner/work/_temp/git-credentials-bb85d882-0370-4be0-b86a-e91fdf127cca.config
2026-09-11T23:28:00.0844325Z [command]/usr/bin/git config --local --get-all includeif.gitdir:/github/workspace/Dependencies/STD/.git.path
2026-09-11T23:28:00.0873948Z /github/runner_temp/git-credentials-bb85d882-0370-4be0-b86a-e91fdf127cca.config
2026-09-11T23:28:00.0885736Z [command]/usr/bin/git config --local --unset includeif.gitdir:/github/workspace/Dependencies/STD/.git.path /github/runner_temp/git-credentials-bb85d882-0370-4be0-b86a-e91fdf127cca.config
2026-09-11T23:28:00.0928959Z [command]/usr/bin/git config --local --get-all includeif.gitdir:/github/workspace/Dependencies/STD/.git/worktrees/*.path
2026-09-11T23:28:00.0959088Z /github/runner_temp/git-credentials-bb85d882-0370-4be0-b86a-e91fdf127cca.config
2026-09-11T23:28:00.0969308Z [command]/usr/bin/git config --local --unset includeif.gitdir:/github/workspace/Dependencies/STD/.git/worktrees/*.path /github/runner_temp/git-credentials-bb85d882-0370-4be0-b86a-e91fdf127cca.config
2026-09-11T23:28:00.1015399Z [command]/usr/bin/git submodule foreach --recursive git config --local --show-origin --name-only --get-regexp remote.origin.url
2026-09-11T23:28:00.1263505Z Removing credentials config '/home/runner/work/_temp/git-credentials-bb85d882-0370-4be0-b86a-e91fdf127cca.config'
2026-09-11T23:28:00.1493294Z Post job cleanup.
2026-09-11T23:28:00.2520009Z [command]/usr/bin/git version
2026-09-11T23:28:00.2582832Z git version 2.55.0
2026-09-11T23:28:00.2624428Z Temporarily overriding HOME='/home/runner/work/_temp/bb2dcd68-0ecb-4b21-a055-d121a55f55ce' before making global git config changes
2026-09-11T23:28:00.2652773Z Adding repository directory to the temporary git global config as a safe directory
2026-09-11T23:28:00.2669034Z [command]/usr/bin/git config --global --add safe.directory /home/runner/work/Silex/Silex
2026-09-11T23:28:00.2670936Z Removing SSH command configuration
2026-09-11T23:28:00.2672044Z [command]/usr/bin/git config --local --name-only --get-regexp core\.sshCommand
2026-09-11T23:28:00.2713850Z [command]/usr/bin/git submodule foreach --recursive sh -c "git config --local --name-only --get-regexp 'core\.sshCommand' && git config --local --unset-all 'core.sshCommand' || :"
2026-09-11T23:28:00.3052445Z Removing HTTP extra header
2026-09-11T23:28:00.3065646Z [command]/usr/bin/git config --local --name-only --get-regexp http\.https\:\/\/github\.com\/\.extraheader
2026-09-11T23:28:00.3114965Z [command]/usr/bin/git submodule foreach --recursive sh -c "git config --local --name-only --get-regexp 'http\.https\:\/\/github\.com\/\.extraheader' && git config --local --unset-all 'http.https://github.com/.extraheader' || :"
2026-09-11T23:28:00.3455473Z Removing includeIf entries pointing to credentials config files
2026-09-11T23:28:00.3475099Z [command]/usr/bin/git config --local --name-only --get-regexp ^includeIf\.gitdir:
2026-09-11T23:28:00.3522546Z includeif.gitdir:/home/runner/work/Silex/Silex/.git.path
2026-09-11T23:28:00.3523517Z includeif.gitdir:/home/runner/work/Silex/Silex/.git/worktrees/*.path
2026-09-11T23:28:00.3524336Z includeif.gitdir:/github/workspace/.git.path
2026-09-11T23:28:00.3525091Z includeif.gitdir:/github/workspace/.git/worktrees/*.path
2026-09-11T23:28:00.3527846Z [command]/usr/bin/git config --local --get-all includeif.gitdir:/home/runner/work/Silex/Silex/.git.path
2026-09-11T23:28:00.3563002Z /home/runner/work/_temp/git-credentials-3755263e-60c1-43c3-b8ff-0923ebf1300a.config
2026-09-11T23:28:00.3593318Z [command]/usr/bin/git config --local --unset includeif.gitdir:/home/runner/work/Silex/Silex/.git.path /home/runner/work/_temp/git-credentials-3755263e-60c1-43c3-b8ff-0923ebf1300a.config
2026-09-11T23:28:00.3648416Z [command]/usr/bin/git config --local --get-all includeif.gitdir:/home/runner/work/Silex/Silex/.git/worktrees/*.path
2026-09-11T23:28:00.3687409Z /home/runner/work/_temp/git-credentials-3755263e-60c1-43c3-b8ff-0923ebf1300a.config
2026-09-11T23:28:00.3700929Z [command]/usr/bin/git config --local --unset includeif.gitdir:/home/runner/work/Silex/Silex/.git/worktrees/*.path /home/runner/work/_temp/git-credentials-3755263e-60c1-43c3-b8ff-0923ebf1300a.config
2026-09-11T23:28:00.3757371Z [command]/usr/bin/git config --local --get-all includeif.gitdir:/github/workspace/.git.path
2026-09-11T23:28:00.3798544Z /github/runner_temp/git-credentials-3755263e-60c1-43c3-b8ff-0923ebf1300a.config
2026-09-11T23:28:00.3810842Z [command]/usr/bin/git config --local --unset includeif.gitdir:/github/workspace/.git.path /github/runner_temp/git-credentials-3755263e-60c1-43c3-b8ff-0923ebf1300a.config
2026-09-11T23:28:00.3864733Z [command]/usr/bin/git config --local --get-all includeif.gitdir:/github/workspace/.git/worktrees/*.path
2026-09-11T23:28:00.3904334Z /github/runner_temp/git-credentials-3755263e-60c1-43c3-b8ff-0923ebf1300a.config
2026-09-11T23:28:00.3919525Z [command]/usr/bin/git config --local --unset includeif.gitdir:/github/workspace/.git/worktrees/*.path /github/runner_temp/git-credentials-3755263e-60c1-43c3-b8ff-0923ebf1300a.config
2026-09-11T23:28:00.3999951Z [command]/usr/bin/git submodule foreach --recursive git config --local --show-origin --name-only --get-regexp remote.origin.url
2026-09-11T23:28:00.4256777Z Removing credentials config '/home/runner/work/_temp/git-credentials-3755263e-60c1-43c3-b8ff-0923ebf1300a.config'
2026-09-11T23:28:00.4418095Z Cleaning up orphan processes

