2026-09-11T23:21:56.3522203Z Current runner version: '2.337.0'
2026-09-11T23:21:56.3575372Z ##[group]Runner Image Provisioner
2026-09-11T23:21:56.3576432Z Hosted Compute Agent
2026-09-11T23:21:56.3577014Z Version: 20260828.587
2026-09-11T23:21:56.3577657Z Commit: abac92662cab4cc7352de4f9f9d2e2419aad9c29
2026-09-11T23:21:56.3578869Z Build Date: 2026-08-28T16:44:25Z
2026-09-11T23:21:56.3579565Z Worker ID: {18bc5748-4c09-4b4f-8038-50c623d7c69c}
2026-09-11T23:21:56.3580384Z Azure Region: northcentralus
2026-09-11T23:21:56.3581027Z ##[endgroup]
2026-09-11T23:21:56.3583145Z ##[group]Operating System
2026-09-11T23:21:56.3583985Z Ubuntu
2026-09-11T23:21:56.3584513Z 24.04.5
2026-09-11T23:21:56.3585065Z LTS
2026-09-11T23:21:56.3585598Z ##[endgroup]
2026-09-11T23:21:56.3586163Z ##[group]Runner Image
2026-09-11T23:21:56.3586907Z Image: ubuntu-24.04-arm
2026-09-11T23:21:56.3587497Z Version: 20260907.118.1
2026-09-11T23:21:56.3589372Z Included Software: https://github.com/actions/runner-images/blob/ubuntu24-arm64/20260907.118/images/ubuntu/Ubuntu2404-Arm64-Readme.md
2026-09-11T23:21:56.3590981Z Image Release: https://github.com/actions/runner-images/releases/tag/ubuntu24-arm64%2F20260907.118
2026-09-11T23:21:56.3592051Z ##[endgroup]
2026-09-11T23:21:56.3593170Z ##[group]GITHUB_TOKEN Permissions
2026-09-11T23:21:56.3596322Z Contents: read
2026-09-11T23:21:56.3596955Z Metadata: read
2026-09-11T23:21:56.3597624Z ##[endgroup]
2026-09-11T23:21:56.3600816Z Secret source: Actions
2026-09-11T23:21:56.3602013Z Cache mode: write
2026-09-11T23:21:56.3603060Z Prepare workflow directory
2026-09-11T23:21:56.3992537Z Prepare all required actions
2026-09-11T23:21:56.4045445Z Getting action download info
2026-09-11T23:21:56.6074493Z Download action repository 'actions/checkout@v6' (SHA:d23441a48e516b6c34aea4fa41551a30e30af803)
2026-09-11T23:21:56.7879613Z Complete job name: linux-arm64
2026-09-11T23:21:56.8705300Z ##[group]Run actions/checkout@v6
2026-09-11T23:21:56.8706642Z with:
2026-09-11T23:21:56.8707206Z   repository: Matanek/Silex
2026-09-11T23:21:56.8711489Z   token: ***
2026-09-11T23:21:56.8712134Z   ssh-strict: true
2026-09-11T23:21:56.8712805Z   ssh-user: git
2026-09-11T23:21:56.8713390Z   persist-credentials: true
2026-09-11T23:21:56.8713975Z   clean: true
2026-09-11T23:21:56.8714705Z   sparse-checkout-cone-mode: true
2026-09-11T23:21:56.8715403Z   fetch-depth: 1
2026-09-11T23:21:56.8716035Z   fetch-tags: false
2026-09-11T23:21:56.8716657Z   show-progress: true
2026-09-11T23:21:56.8717186Z   lfs: false
2026-09-11T23:21:56.8718031Z   submodules: false
2026-09-11T23:21:56.8718747Z   set-safe-directory: true
2026-09-11T23:21:56.8719455Z   allow-unsafe-pr-checkout: false
2026-09-11T23:21:56.8720943Z ##[endgroup]
2026-09-11T23:21:56.9598135Z Syncing repository: Matanek/Silex
2026-09-11T23:21:56.9600558Z ##[group]Getting Git version info
2026-09-11T23:21:56.9601626Z Working directory is '/home/runner/work/Silex/Silex'
2026-09-11T23:21:56.9602826Z [command]/usr/bin/git version
2026-09-11T23:21:56.9693907Z git version 2.55.0
2026-09-11T23:21:56.9713657Z ##[endgroup]
2026-09-11T23:21:56.9729732Z Temporarily overriding HOME='/home/runner/work/_temp/189df005-b0aa-46b8-93d0-9f5514576893' before making global git config changes
2026-09-11T23:21:56.9731153Z Adding repository directory to the temporary git global config as a safe directory
2026-09-11T23:21:56.9733823Z [command]/usr/bin/git config --global --add safe.directory /home/runner/work/Silex/Silex
2026-09-11T23:21:56.9768647Z Deleting the contents of '/home/runner/work/Silex/Silex'
2026-09-11T23:21:56.9779927Z ##[group]Determining repository object format
2026-09-11T23:21:56.9782119Z ##[endgroup]
2026-09-11T23:21:56.9783781Z ##[group]Initializing the repository
2026-09-11T23:21:56.9784917Z [command]/usr/bin/git init /home/runner/work/Silex/Silex
2026-09-11T23:21:56.9868699Z hint: Using 'master' as the name for the initial branch. This default branch name
2026-09-11T23:21:56.9887546Z hint: will change to "main" in Git 3.0. To configure the initial branch name
2026-09-11T23:21:56.9889903Z hint: to use in all of your new repositories, which will suppress this warning,
2026-09-11T23:21:56.9891303Z hint: call:
2026-09-11T23:21:56.9891809Z hint:
2026-09-11T23:21:56.9892657Z hint: 	git config --global init.defaultBranch <name>
2026-09-11T23:21:56.9893463Z hint:
2026-09-11T23:21:56.9894285Z hint: Names commonly chosen instead of 'master' are 'main', 'trunk' and
2026-09-11T23:21:56.9895330Z hint: 'development'. The just-created branch can be renamed via this command:
2026-09-11T23:21:56.9896163Z hint:
2026-09-11T23:21:56.9896780Z hint: 	git branch -m <name>
2026-09-11T23:21:56.9897398Z hint:
2026-09-11T23:21:56.9898427Z hint: Disable this message with "git config set advice.defaultBranchName false"
2026-09-11T23:21:56.9899507Z Initialized empty Git repository in /home/runner/work/Silex/Silex/.git/
2026-09-11T23:21:56.9901757Z [command]/usr/bin/git remote add origin https://github.com/Matanek/Silex
2026-09-11T23:21:56.9928945Z ##[endgroup]
2026-09-11T23:21:56.9930205Z ##[group]Disabling automatic garbage collection
2026-09-11T23:21:56.9931297Z [command]/usr/bin/git config --local gc.auto 0
2026-09-11T23:21:57.0015005Z ##[endgroup]
2026-09-11T23:21:57.0022652Z ##[group]Setting up auth
2026-09-11T23:21:57.0024250Z Removing SSH command configuration
2026-09-11T23:21:57.0049386Z [command]/usr/bin/git config --local --name-only --get-regexp core\.sshCommand
2026-09-11T23:21:57.0053578Z [command]/usr/bin/git submodule foreach --recursive sh -c "git config --local --name-only --get-regexp 'core\.sshCommand' && git config --local --unset-all 'core.sshCommand' || :"
2026-09-11T23:21:57.0274744Z Removing HTTP extra header
2026-09-11T23:21:57.0276399Z [command]/usr/bin/git config --local --name-only --get-regexp http\.https\:\/\/github\.com\/\.extraheader
2026-09-11T23:21:57.0306108Z [command]/usr/bin/git submodule foreach --recursive sh -c "git config --local --name-only --get-regexp 'http\.https\:\/\/github\.com\/\.extraheader' && git config --local --unset-all 'http.https://github.com/.extraheader' || :"
2026-09-11T23:21:57.0484376Z Removing includeIf entries pointing to credentials config files
2026-09-11T23:21:57.0488148Z [command]/usr/bin/git config --local --name-only --get-regexp ^includeIf\.gitdir:
2026-09-11T23:21:57.0519137Z [command]/usr/bin/git submodule foreach --recursive git config --local --show-origin --name-only --get-regexp remote.origin.url
2026-09-11T23:21:57.0717241Z [command]/usr/bin/git config --file /home/runner/work/_temp/git-credentials-c36d8261-e666-4324-b158-cfe184ee5a0e.config http.https://github.com/.extraheader AUTHORIZATION: basic ***
2026-09-11T23:21:57.0743627Z [command]/usr/bin/git config --local includeIf.gitdir:/home/runner/work/Silex/Silex/.git.path /home/runner/work/_temp/git-credentials-c36d8261-e666-4324-b158-cfe184ee5a0e.config
2026-09-11T23:21:57.0770324Z [command]/usr/bin/git config --local includeIf.gitdir:/home/runner/work/Silex/Silex/.git/worktrees/*.path /home/runner/work/_temp/git-credentials-c36d8261-e666-4324-b158-cfe184ee5a0e.config
2026-09-11T23:21:57.0797435Z [command]/usr/bin/git config --local includeIf.gitdir:/github/workspace/.git.path /github/runner_temp/git-credentials-c36d8261-e666-4324-b158-cfe184ee5a0e.config
2026-09-11T23:21:57.0824892Z [command]/usr/bin/git config --local includeIf.gitdir:/github/workspace/.git/worktrees/*.path /github/runner_temp/git-credentials-c36d8261-e666-4324-b158-cfe184ee5a0e.config
2026-09-11T23:21:57.0851331Z ##[endgroup]
2026-09-11T23:21:57.0852611Z ##[group]Fetching the repository
2026-09-11T23:21:57.0858926Z [command]/usr/bin/git -c protocol.version=2 fetch --no-tags --prune --no-recurse-submodules --depth=1 origin +6b3f302b580acaf11a3375b2ae421be1140f525b:refs/remotes/origin/spec-silex-optimization-parity-completion
2026-09-11T23:21:58.4268732Z From https://github.com/Matanek/Silex
2026-09-11T23:21:58.4269816Z  * [new ref]         6b3f302b580acaf11a3375b2ae421be1140f525b -> origin/spec-silex-optimization-parity-completion
2026-09-11T23:21:58.4278769Z [command]/usr/bin/git branch --list --remote origin/spec-silex-optimization-parity-completion
2026-09-11T23:21:58.4309741Z   origin/spec-silex-optimization-parity-completion
2026-09-11T23:21:58.4317132Z [command]/usr/bin/git rev-parse refs/remotes/origin/spec-silex-optimization-parity-completion
2026-09-11T23:21:58.4338352Z 6b3f302b580acaf11a3375b2ae421be1140f525b
2026-09-11T23:21:58.4341820Z ##[endgroup]
2026-09-11T23:21:58.4342583Z ##[group]Determining the checkout info
2026-09-11T23:21:58.4343237Z ##[endgroup]
2026-09-11T23:21:58.4347050Z [command]/usr/bin/git sparse-checkout disable
2026-09-11T23:21:58.4382053Z [command]/usr/bin/git config --local --unset-all extensions.worktreeConfig
2026-09-11T23:21:58.4406866Z ##[group]Checking out the ref
2026-09-11T23:21:58.4410109Z [command]/usr/bin/git checkout --progress --force -B spec-silex-optimization-parity-completion refs/remotes/origin/spec-silex-optimization-parity-completion
2026-09-11T23:21:58.5936784Z Switched to a new branch 'spec-silex-optimization-parity-completion'
2026-09-11T23:21:58.5938154Z branch 'spec-silex-optimization-parity-completion' set up to track 'origin/spec-silex-optimization-parity-completion'.
2026-09-11T23:21:58.5950398Z ##[endgroup]
2026-09-11T23:21:58.5989064Z [command]/usr/bin/git log -1 --format=%H
2026-09-11T23:21:58.6010587Z 6b3f302b580acaf11a3375b2ae421be1140f525b
2026-09-11T23:21:58.6220899Z ##[group]Run set -euo pipefail
2026-09-11T23:21:58.6221572Z [36;1mset -euo pipefail[0m
2026-09-11T23:21:58.6222004Z [36;1mcase "$(uname -m)" in[0m
2026-09-11T23:21:58.6222471Z [36;1m  aarch64|arm64) ;;[0m
2026-09-11T23:21:58.6222967Z [36;1m  *) echo "expected a native ARM64 runner, got $(uname -m)" >&2; exit 1 ;;[0m
2026-09-11T23:21:58.6223460Z [36;1mesac[0m
2026-09-11T23:21:58.6331085Z shell: /usr/bin/bash --noprofile --norc -e -o pipefail {0}
2026-09-11T23:21:58.6331950Z ##[endgroup]
2026-09-11T23:21:58.6490313Z ##[group]Run set -euo pipefail
2026-09-11T23:21:58.6490890Z [36;1mset -euo pipefail[0m
2026-09-11T23:21:58.6491300Z [36;1marchive="$RUNNER_TEMP/zig.tar.xz"[0m
2026-09-11T23:21:58.6492140Z [36;1mcurl -fL https://ziglang.org/download/0.16.0/zig-aarch64-linux-0.16.0.tar.xz -o "$archive"[0m
2026-09-11T23:21:58.6493089Z [36;1mecho "ea4b09bfb22ec6f6c6ceac57ab63efb6b46e17ab08d21f69f3a48b38e1534f17  $archive" | sha256sum -c -[0m
2026-09-11T23:21:58.6493819Z [36;1mtar -xJf "$archive" -C "$RUNNER_TEMP"[0m
2026-09-11T23:21:58.6494332Z [36;1mecho "$RUNNER_TEMP/zig-aarch64-linux-0.16.0" >> "$GITHUB_PATH"[0m
2026-09-11T23:21:58.6544545Z shell: /usr/bin/bash --noprofile --norc -e -o pipefail {0}
2026-09-11T23:21:58.6545075Z ##[endgroup]
2026-09-11T23:21:58.6668628Z   % Total    % Received % Xferd  Average Speed   Time    Time     Time  Current
2026-09-11T23:21:58.6669389Z                                  Dload  Upload   Total   Spent    Left  Speed
2026-09-11T23:21:58.6669891Z 
2026-09-11T23:21:59.0793556Z   0     0    0     0    0     0      0      0 --:--:-- --:--:-- --:--:--     0
2026-09-11T23:22:00.0849676Z   0     0    0     0    0     0      0      0 --:--:-- --:--:-- --:--:--     0
2026-09-11T23:22:01.0490476Z   1 48.8M    1  591k    0     0   417k      0  0:01:59  0:00:01  0:01:58  417k
2026-09-11T23:22:02.0485738Z  17 48.8M   17 8847k    0     0  3714k      0  0:00:13  0:00:02  0:00:11 3714k
2026-09-11T23:22:02.7120684Z  65 48.8M   65 31.9M    0     0  9671k      0  0:00:05  0:00:03  0:00:02 9669k
2026-09-11T23:22:02.7121364Z 100 48.8M  100 48.8M    0     0  12.0M      0  0:00:04  0:00:04 --:--:-- 12.0M
2026-09-11T23:22:02.7461944Z /home/runner/work/_temp/zig.tar.xz: OK
2026-09-11T23:22:05.4189796Z ##[group]Run set -euo pipefail
2026-09-11T23:22:05.4190480Z [36;1mset -euo pipefail[0m
2026-09-11T23:22:05.4190826Z [36;1mexport HOME="$RUNNER_TEMP/home"[0m
2026-09-11T23:22:05.4191248Z [36;1mmkdir -p "$HOME"[0m
2026-09-11T23:22:05.4191530Z [36;1m[0m
2026-09-11T23:22:05.4191950Z [36;1mboundary="$GITHUB_WORKSPACE/Tests/Target/linux-arm64/LinuxArm64Boundary"[0m
2026-09-11T23:22:05.4192478Z [36;1mmkdir -p "$boundary/Boundary/linux-arm64"[0m
2026-09-11T23:22:05.4192938Z [36;1mzig cc -target aarch64-linux-gnu -O2 -c "$boundary/provider.c" \[0m
2026-09-11T23:22:05.4193919Z [36;1m  -o "$boundary/Boundary/linux-arm64/provider.o"[0m
2026-09-11T23:22:05.4194427Z [36;1mzig ar rcs "$boundary/Boundary/linux-arm64/libProvider.a" \[0m
2026-09-11T23:22:05.4194919Z [36;1m  "$boundary/Boundary/linux-arm64/provider.o"[0m
2026-09-11T23:22:05.4195282Z [36;1m[0m
2026-09-11T23:22:05.4195657Z [36;1mzig build -Doptimize=ReleaseFast -Dcpu=baseline \[0m
2026-09-11T23:22:05.4196198Z [36;1m  --prefix "$RUNNER_TEMP/silex-prefix" \[0m
2026-09-11T23:22:05.4196599Z [36;1m  --build-file Toolchain/build.zig[0m
2026-09-11T23:22:05.4196991Z [36;1m[0m
2026-09-11T23:22:05.4197277Z [36;1msilex="$RUNNER_TEMP/silex-prefix/bin/silex"[0m
2026-09-11T23:22:05.4197667Z [36;1m"$silex" setup[0m
2026-09-11T23:22:05.4198304Z [36;1mmanaged_zig="$HOME/.silex/toolchain/zig/0.16.0/linux-arm64/zig"[0m
2026-09-11T23:22:05.4198727Z [36;1mtest -x "$managed_zig"[0m
2026-09-11T23:22:05.4199204Z [36;1mfile "$managed_zig" | grep -E 'ELF 64-bit.*(ARM aarch64|ARM64)'[0m
2026-09-11T23:22:05.4199635Z [36;1m[0m
2026-09-11T23:22:05.4199991Z [36;1msource="$GITHUB_WORKSPACE/Tests/Native/NativePortability.sx"[0m
2026-09-11T23:22:05.4200561Z [36;1m"$silex" interpret "$source" > "$RUNNER_TEMP/interpreted.txt"[0m
2026-09-11T23:22:05.4201104Z [36;1m"$silex" compile "$source" --debug -o "$RUNNER_TEMP/native-debug"[0m
2026-09-11T23:22:05.4201663Z [36;1m"$RUNNER_TEMP/native-debug" > "$RUNNER_TEMP/debug.txt"[0m
2026-09-11T23:22:05.4202177Z [36;1mcmp "$RUNNER_TEMP/interpreted.txt" "$RUNNER_TEMP/debug.txt"[0m
2026-09-11T23:22:05.4202688Z [36;1m"$silex" compile "$source" --release -o "$RUNNER_TEMP/native-release"[0m
2026-09-11T23:22:05.4203237Z [36;1m"$RUNNER_TEMP/native-release" > "$RUNNER_TEMP/release.txt"[0m
2026-09-11T23:22:05.4203740Z [36;1mcmp "$RUNNER_TEMP/interpreted.txt" "$RUNNER_TEMP/release.txt"[0m
2026-09-11T23:22:05.4204321Z [36;1mfile "$RUNNER_TEMP/native-release" | grep -E 'ELF 64-bit.*(ARM aarch64|ARM64)'[0m
2026-09-11T23:22:05.4204986Z [36;1mreadelf -h "$RUNNER_TEMP/native-release" | grep -E 'Machine:.*AArch64'[0m
2026-09-11T23:22:05.4205460Z [36;1m[0m
2026-09-11T23:22:05.4205872Z [36;1m"$silex" run "$GITHUB_WORKSPACE/Tests/Native/DistributionSmoke.sx" --debug[0m
2026-09-11T23:22:05.4206330Z [36;1m"$silex" test "$source"[0m
2026-09-11T23:22:05.4206648Z [36;1m[0m
2026-09-11T23:22:05.4207072Z [36;1m"$managed_zig" cc -target aarch64-linux-gnu -O2 -c "$boundary/provider.c" \[0m
2026-09-11T23:22:05.4207589Z [36;1m  -o "$boundary/Boundary/linux-arm64/provider.o"[0m
2026-09-11T23:22:05.4208277Z [36;1m"$managed_zig" ar rcs "$boundary/Boundary/linux-arm64/libProvider.a" \[0m
2026-09-11T23:22:05.4208770Z [36;1m  "$boundary/Boundary/linux-arm64/provider.o"[0m
2026-09-11T23:22:05.4209192Z [36;1m"$silex" test "$boundary/Tests/Boundary.sx"[0m
2026-09-11T23:22:05.4209722Z [36;1m"$silex" compile "$boundary/Tests/Boundary.sx" --release \[0m
2026-09-11T23:22:05.4210129Z [36;1m  -o "$RUNNER_TEMP/boundary"[0m
2026-09-11T23:22:05.4210576Z [36;1mtest "$("$RUNNER_TEMP/boundary")" = "linux arm64 boundary ready"[0m
2026-09-11T23:22:05.4210999Z [36;1m[0m
2026-09-11T23:22:05.4211415Z [36;1m# Compile the exact standalone witness without the optimizer package's STD graph.[0m
2026-09-11T23:22:05.4212029Z [36;1mscalar_root="$RUNNER_TEMP/scalar-float-fixture"[0m
2026-09-11T23:22:05.4212409Z [36;1mmkdir -p "$scalar_root"[0m
2026-09-11T23:22:05.4213120Z [36;1mprintf '%s\n' '{"sources":"."}' > "$scalar_root/Package.json"[0m
2026-09-11T23:22:05.4213619Z [36;1mscalar_fixture="$scalar_root/ScalarFloatResidence.sx"[0m
2026-09-11T23:22:05.4214272Z [36;1mcp "$GITHUB_WORKSPACE/Toolchain/Benchmarks/Optimizer/Regressions/ScalarFloatResidence.sx" "$scalar_fixture"[0m
2026-09-11T23:22:05.4214960Z [36;1mfor mode in debug release; do[0m
2026-09-11T23:22:05.4215357Z [36;1m  "$silex" compile "$scalar_fixture" "--$mode" --nocache \[0m
2026-09-11T23:22:05.4215860Z [36;1m    -o "$RUNNER_TEMP/scalar-float-residence-$mode"[0m
2026-09-11T23:22:05.4216329Z [36;1m  scalar_output=$("$RUNNER_TEMP/scalar-float-residence-$mode")[0m
2026-09-11T23:22:05.4216968Z [36;1m  test "$(printf '%s\n' "$scalar_output" | wc -l)" -eq 9[0m
2026-09-11T23:22:05.4217524Z [36;1m  test "$(printf '%s\n' "$scalar_output" | grep -c '^true$')" -eq 9[0m
2026-09-11T23:22:05.4218210Z [36;1mdone[0m
2026-09-11T23:22:05.4218580Z [36;1mbranch_fixture="$scalar_root/BranchComparisons.sx"[0m
2026-09-11T23:22:05.4219238Z [36;1mcp "$GITHUB_WORKSPACE/Toolchain/Benchmarks/Optimizer/Regressions/BranchComparisons.sx" "$branch_fixture"[0m
2026-09-11T23:22:05.4219857Z [36;1mfor mode in debug release; do[0m
2026-09-11T23:22:05.4220340Z [36;1m  "$silex" compile "$branch_fixture" "--$mode" --nocache \[0m
2026-09-11T23:22:05.4220774Z [36;1m    -o "$RUNNER_TEMP/branch-comparisons-$mode"[0m
2026-09-11T23:22:05.4221232Z [36;1m  test "$("$RUNNER_TEMP/branch-comparisons-$mode")" = "true"[0m
2026-09-11T23:22:05.4221629Z [36;1mdone[0m
2026-09-11T23:22:05.4222015Z [36;1msnapshot_fixture="$scalar_root/BranchSnapshots.sx"[0m
2026-09-11T23:22:05.4223203Z [36;1mcp "$GITHUB_WORKSPACE/Toolchain/Benchmarks/Optimizer/Regressions/BranchSnapshots.sx" "$snapshot_fixture"[0m
2026-09-11T23:22:05.4223796Z [36;1mfor mode in debug release; do[0m
2026-09-11T23:22:05.4224237Z [36;1m  "$silex" compile "$snapshot_fixture" "--$mode" --nocache \[0m
2026-09-11T23:22:05.4224682Z [36;1m    -o "$RUNNER_TEMP/branch-snapshots-$mode"[0m
2026-09-11T23:22:05.4225293Z [36;1m  snapshot_output=$("$RUNNER_TEMP/branch-snapshots-$mode")[0m
2026-09-11T23:22:05.4225803Z [36;1m  test "$(printf '%s\n' "$snapshot_output" | wc -l)" -eq 8[0m
2026-09-11T23:22:05.4226301Z [36;1m  test "$(printf '%s\n' "$snapshot_output" | grep -c '^true$')" -eq 8[0m
2026-09-11T23:22:05.4226730Z [36;1mdone[0m
2026-09-11T23:22:05.4227062Z [36;1mloop_exit_fixture="$scalar_root/LoopExitResidence.sx"[0m
2026-09-11T23:22:05.4227735Z [36;1mcp "$GITHUB_WORKSPACE/Toolchain/Benchmarks/Optimizer/Regressions/LoopExitResidence.sx" "$loop_exit_fixture"[0m
2026-09-11T23:22:05.4228654Z [36;1mfor mode in debug release; do[0m
2026-09-11T23:22:05.4229061Z [36;1m  "$silex" compile "$loop_exit_fixture" "--$mode" --nocache \[0m
2026-09-11T23:22:05.4229501Z [36;1m    -o "$RUNNER_TEMP/loop-exit-residence-$mode"[0m
2026-09-11T23:22:05.4230005Z [36;1m  loop_exit_output=$("$RUNNER_TEMP/loop-exit-residence-$mode")[0m
2026-09-11T23:22:05.4230527Z [36;1m  test "$(printf '%s\n' "$loop_exit_output" | wc -l)" -eq 5[0m
2026-09-11T23:22:05.4231047Z [36;1m  test "$(printf '%s\n' "$loop_exit_output" | grep -c '^true$')" -eq 5[0m
2026-09-11T23:22:05.4231465Z [36;1mdone[0m
2026-09-11T23:22:05.4231804Z [36;1mfloat_memory_fixture="$scalar_root/FloatMemoryResidence.sx"[0m
2026-09-11T23:22:05.4232542Z [36;1mcp "$GITHUB_WORKSPACE/Toolchain/Benchmarks/Optimizer/Regressions/FloatMemoryResidence.sx" "$float_memory_fixture"[0m
2026-09-11T23:22:05.4233185Z [36;1mfor mode in debug release; do[0m
2026-09-11T23:22:05.4233652Z [36;1m  "$silex" compile "$float_memory_fixture" "--$mode" --nocache \[0m
2026-09-11T23:22:05.4234133Z [36;1m    -o "$RUNNER_TEMP/float-memory-residence-$mode"[0m
2026-09-11T23:22:05.4234605Z [36;1m  float_memory_output=$("$RUNNER_TEMP/float-memory-residence-$mode")[0m
2026-09-11T23:22:05.4235148Z [36;1m  test "$(printf '%s\n' "$float_memory_output" | wc -l)" -eq 10[0m
2026-09-11T23:22:05.4235668Z [36;1m  test "$(printf '%s\n' "$float_memory_output" | grep -c '^true$')" -eq 10[0m
2026-09-11T23:22:05.4236376Z [36;1mdone[0m
2026-09-11T23:22:05.4236762Z [36;1mfloat_operands_fixture="$scalar_root/ScalarFloatOperands.sx"[0m
2026-09-11T23:22:05.4237480Z [36;1mcp "$GITHUB_WORKSPACE/Toolchain/Benchmarks/Optimizer/Regressions/ScalarFloatOperands.sx" "$float_operands_fixture"[0m
2026-09-11T23:22:05.4238339Z [36;1mfor mode in debug release; do[0m
2026-09-11T23:22:05.4238754Z [36;1m  "$silex" compile "$float_operands_fixture" "--$mode" --nocache \[0m
2026-09-11T23:22:05.4239249Z [36;1m    -o "$RUNNER_TEMP/scalar-float-operands-$mode"[0m
2026-09-11T23:22:05.4239735Z [36;1m  float_operands_output=$("$RUNNER_TEMP/scalar-float-operands-$mode")[0m
2026-09-11T23:22:05.4240416Z [36;1m  test "$(printf '%s\n' "$float_operands_output" | wc -l)" -eq 18[0m
2026-09-11T23:22:05.4241001Z [36;1m  test "$(printf '%s\n' "$float_operands_output" | grep -c '^true$')" -eq 18[0m
2026-09-11T23:22:05.4241433Z [36;1mdone[0m
2026-09-11T23:22:05.4241835Z [36;1mprivate_length_fixture="$scalar_root/PrivateCollectionLengths.sx"[0m
2026-09-11T23:22:05.4242598Z [36;1mcp "$GITHUB_WORKSPACE/Toolchain/Benchmarks/Optimizer/Regressions/PrivateCollectionLengths.sx" "$private_length_fixture"[0m
2026-09-11T23:22:05.4243246Z [36;1mfor mode in debug release; do[0m
2026-09-11T23:22:05.4243712Z [36;1m  "$silex" compile "$private_length_fixture" "--$mode" --nocache \[0m
2026-09-11T23:22:05.4244195Z [36;1m    -o "$RUNNER_TEMP/private-collection-lengths-$mode"[0m
2026-09-11T23:22:05.4244743Z [36;1m  private_length_output=$("$RUNNER_TEMP/private-collection-lengths-$mode")[0m
2026-09-11T23:22:05.4245301Z [36;1m  test "$(printf '%s\n' "$private_length_output" | wc -l)" -eq 10[0m
2026-09-11T23:22:05.4245819Z [36;1m  test "$(printf '%s\n' "$private_length_output" | grep -c '^true$')" -eq 10[0m
2026-09-11T23:22:05.4246296Z [36;1mdone[0m
2026-09-11T23:22:05.4246628Z [36;1mclass_leaf_fixture="$scalar_root/ScalarClassLeaves.sx"[0m
2026-09-11T23:22:05.4247280Z [36;1mcp "$GITHUB_WORKSPACE/Toolchain/Benchmarks/Optimizer/Regressions/ScalarClassLeaves.sx" "$class_leaf_fixture"[0m
2026-09-11T23:22:05.4248143Z [36;1mfor mode in debug release; do[0m
2026-09-11T23:22:05.4248566Z [36;1m  "$silex" compile "$class_leaf_fixture" "--$mode" --nocache \[0m
2026-09-11T23:22:05.4249049Z [36;1m    -o "$RUNNER_TEMP/scalar-class-leaves-$mode"[0m
2026-09-11T23:22:05.4249501Z [36;1m  class_leaf_output=$("$RUNNER_TEMP/scalar-class-leaves-$mode")[0m
2026-09-11T23:22:05.4249980Z [36;1m  test "$(printf '%s\n' "$class_leaf_output" | wc -l)" -eq 10[0m
2026-09-11T23:22:05.4250510Z [36;1m  test "$(printf '%s\n' "$class_leaf_output" | grep -c '^true$')" -eq 10[0m
2026-09-11T23:22:05.4250948Z [36;1mdone[0m
2026-09-11T23:22:05.4309098Z shell: /usr/bin/bash --noprofile --norc -e -o pipefail {0}
2026-09-11T23:22:05.4309819Z ##[endgroup]
2026-09-11T23:25:43.8735306Z silex: installed Shadercross for linux-arm64
2026-09-11T23:25:51.1682524Z silex: installed Native linker for linux-arm64
2026-09-11T23:25:51.1801927Z /home/runner/work/_temp/home/.silex/toolchain/zig/0.16.0/linux-arm64/zig: ELF 64-bit LSB executable, ARM aarch64, version 1 (SYSV), statically linked, stripped
2026-09-11T23:25:51.3448887Z /home/runner/work/_temp/native-release: ELF 64-bit LSB executable, ARM aarch64, version 1 (SYSV), statically linked, no section header
2026-09-11T23:25:51.5172401Z   Machine:                           AArch64
2026-09-11T23:25:51.5550170Z silex distribution ready
2026-09-11T23:26:04.1146871Z ok - execute direct indirect and dynamic calls beyond native registers
2026-09-11T23:26:04.1309988Z ok - preserve paired float32 arithmetic on native
2026-09-11T23:26:04.1479537Z ok - mutate a class-owned native list without changing its snapshot
2026-09-11T23:26:04.1650818Z ok - replace class elements in a class-owned native list
2026-09-11T23:26:04.1820929Z ok - preserve embedded byte contents on native
2026-09-11T23:26:04.1991425Z ok - format native floats through the standalone runtime
2026-09-11T23:26:04.2171445Z ok - convert native float precision in both directions
2026-09-11T23:26:04.2348826Z ok - replace and preserve an aliased native list
2026-09-11T23:26:04.2528840Z ok - swap and reverse a native list
2026-09-11T23:26:04.2718814Z ok - grow a native list at every position
2026-09-11T23:26:04.2909005Z ok - remove native list elements from every position
2026-09-11T23:26:04.3105635Z ok - slice view mutate and clear native lists
2026-09-11T23:26:04.3305062Z ok - mutable aggregate view detaches shared native list
2026-09-11T23:26:04.3505638Z copy state drop
2026-09-11T23:26:04.3506120Z copy state drop
2026-09-11T23:26:04.3506691Z ok - deep-copy repeated native class roots without collections
2026-09-11T23:26:04.3708983Z native cycle drop
2026-09-11T23:26:04.3709497Z native cycle drop
2026-09-11T23:26:04.3709851Z ok - finalize a direct native class cycle
2026-09-11T23:26:04.3912079Z native cycle drop
2026-09-11T23:26:04.3912905Z native cycle drop
2026-09-11T23:26:04.3913202Z ok - finalize a native class cycle through lists
2026-09-11T23:26:04.4121144Z native cycle drop
2026-09-11T23:26:04.4121486Z native cycle drop
2026-09-11T23:26:04.4121774Z ok - finalize a native class cycle through protocols
2026-09-11T23:26:04.4334624Z ok - execute the complete native collection mutation slice
2026-09-11T23:26:04.4555803Z copy state drop
2026-09-11T23:26:04.4556284Z copy state drop
2026-09-11T23:26:04.4556609Z ok - execute native ownership and deep-copy runtime
2026-09-11T23:26:04.4778069Z ok - preserve resource aggregates across native list growth
2026-09-11T23:26:04.5008709Z ok - serialize native mutations with mutex
2026-09-11T23:26:04.5244386Z native cycle drop
2026-09-11T23:26:04.5244897Z native cycle drop
2026-09-11T23:26:04.5245119Z native cycle drop
2026-09-11T23:26:04.5245423Z native cycle drop
2026-09-11T23:26:04.5245640Z native cycle drop
2026-09-11T23:26:04.5245896Z native cycle drop
2026-09-11T23:26:04.5246280Z ok - finalize native cycles across direct collection and protocol edges
2026-09-11T23:26:04.5307969Z 22 passed; 0 failed
2026-09-11T23:26:04.5903942Z ok - call a Linux ARM64 Boundary through AAPCS64
2026-09-11T23:26:04.5904390Z 1 passed; 0 failed
2026-09-11T23:26:05.5273627Z Post job cleanup.
2026-09-11T23:26:05.5970295Z [command]/usr/bin/git version
2026-09-11T23:26:05.6005767Z git version 2.55.0
2026-09-11T23:26:05.6039830Z Temporarily overriding HOME='/home/runner/work/_temp/61f74edb-67b1-40ff-a6a0-2b8e39706916' before making global git config changes
2026-09-11T23:26:05.6040605Z Adding repository directory to the temporary git global config as a safe directory
2026-09-11T23:26:05.6044985Z [command]/usr/bin/git config --global --add safe.directory /home/runner/work/Silex/Silex
2026-09-11T23:26:05.6074224Z Removing SSH command configuration
2026-09-11T23:26:05.6080458Z [command]/usr/bin/git config --local --name-only --get-regexp core\.sshCommand
2026-09-11T23:26:05.6111335Z [command]/usr/bin/git submodule foreach --recursive sh -c "git config --local --name-only --get-regexp 'core\.sshCommand' && git config --local --unset-all 'core.sshCommand' || :"
2026-09-11T23:26:05.6299250Z Removing HTTP extra header
2026-09-11T23:26:05.6303854Z [command]/usr/bin/git config --local --name-only --get-regexp http\.https\:\/\/github\.com\/\.extraheader
2026-09-11T23:26:05.6341207Z [command]/usr/bin/git submodule foreach --recursive sh -c "git config --local --name-only --get-regexp 'http\.https\:\/\/github\.com\/\.extraheader' && git config --local --unset-all 'http.https://github.com/.extraheader' || :"
2026-09-11T23:26:05.6532275Z Removing includeIf entries pointing to credentials config files
2026-09-11T23:26:05.6540805Z [command]/usr/bin/git config --local --name-only --get-regexp ^includeIf\.gitdir:
2026-09-11T23:26:05.6562265Z includeif.gitdir:/home/runner/work/Silex/Silex/.git.path
2026-09-11T23:26:05.6562828Z includeif.gitdir:/home/runner/work/Silex/Silex/.git/worktrees/*.path
2026-09-11T23:26:05.6563361Z includeif.gitdir:/github/workspace/.git.path
2026-09-11T23:26:05.6563725Z includeif.gitdir:/github/workspace/.git/worktrees/*.path
2026-09-11T23:26:05.6571423Z [command]/usr/bin/git config --local --get-all includeif.gitdir:/home/runner/work/Silex/Silex/.git.path
2026-09-11T23:26:05.6593771Z /home/runner/work/_temp/git-credentials-c36d8261-e666-4324-b158-cfe184ee5a0e.config
2026-09-11T23:26:05.6605729Z [command]/usr/bin/git config --local --unset includeif.gitdir:/home/runner/work/Silex/Silex/.git.path /home/runner/work/_temp/git-credentials-c36d8261-e666-4324-b158-cfe184ee5a0e.config
2026-09-11T23:26:05.6636875Z [command]/usr/bin/git config --local --get-all includeif.gitdir:/home/runner/work/Silex/Silex/.git/worktrees/*.path
2026-09-11T23:26:05.6658384Z /home/runner/work/_temp/git-credentials-c36d8261-e666-4324-b158-cfe184ee5a0e.config
2026-09-11T23:26:05.6667041Z [command]/usr/bin/git config --local --unset includeif.gitdir:/home/runner/work/Silex/Silex/.git/worktrees/*.path /home/runner/work/_temp/git-credentials-c36d8261-e666-4324-b158-cfe184ee5a0e.config
2026-09-11T23:26:05.6699327Z [command]/usr/bin/git config --local --get-all includeif.gitdir:/github/workspace/.git.path
2026-09-11T23:26:05.6721165Z /github/runner_temp/git-credentials-c36d8261-e666-4324-b158-cfe184ee5a0e.config
2026-09-11T23:26:05.6728216Z [command]/usr/bin/git config --local --unset includeif.gitdir:/github/workspace/.git.path /github/runner_temp/git-credentials-c36d8261-e666-4324-b158-cfe184ee5a0e.config
2026-09-11T23:26:05.6759280Z [command]/usr/bin/git config --local --get-all includeif.gitdir:/github/workspace/.git/worktrees/*.path
2026-09-11T23:26:05.6780251Z /github/runner_temp/git-credentials-c36d8261-e666-4324-b158-cfe184ee5a0e.config
2026-09-11T23:26:05.6787049Z [command]/usr/bin/git config --local --unset includeif.gitdir:/github/workspace/.git/worktrees/*.path /github/runner_temp/git-credentials-c36d8261-e666-4324-b158-cfe184ee5a0e.config
2026-09-11T23:26:05.6819330Z [command]/usr/bin/git submodule foreach --recursive git config --local --show-origin --name-only --get-regexp remote.origin.url
2026-09-11T23:26:05.7000392Z Removing credentials config '/home/runner/work/_temp/git-credentials-c36d8261-e666-4324-b158-cfe184ee5a0e.config'
2026-09-11T23:26:05.7138731Z Cleaning up orphan processes

