2026-09-11T23:25:20.8058357Z Current runner version: '2.337.0'
2026-09-11T23:25:20.8088356Z ##[group]Runner Image Provisioner
2026-09-11T23:25:20.8089175Z Hosted Compute Agent
2026-09-11T23:25:20.8089765Z Version: 20260828.587
2026-09-11T23:25:20.8090347Z Commit: abac92662cab4cc7352de4f9f9d2e2419aad9c29
2026-09-11T23:25:20.8091010Z Build Date: 2026-08-28T16:44:25Z
2026-09-11T23:25:20.8091684Z Worker ID: {76442868-4af5-445e-921c-3f0bab6b18c9}
2026-09-11T23:25:20.8092334Z Azure Region: northcentralus
2026-09-11T23:25:20.8092909Z ##[endgroup]
2026-09-11T23:25:20.8094483Z ##[group]Operating System
2026-09-11T23:25:20.8095415Z Microsoft Windows 11
2026-09-11T23:25:20.8096073Z 10.0.26200
2026-09-11T23:25:20.8096598Z Enterprise
2026-09-11T23:25:20.8097096Z ##[endgroup]
2026-09-11T23:25:20.8097594Z ##[group]Runner Image
2026-09-11T23:25:20.8098116Z Image: windows-11-arm64
2026-09-11T23:25:20.8098684Z Version: 20260906.161.1
2026-09-11T23:25:20.8100268Z Included Software: https://github.com/actions/runner-images/blob/win11-arm64/20260906.161/images/windows/Windows11-Arm64-Readme.md
2026-09-11T23:25:20.8101812Z Image Release: https://github.com/actions/runner-images/releases/tag/win11-arm64%2F20260906.161
2026-09-11T23:25:20.8102737Z ##[endgroup]
2026-09-11T23:25:20.8103808Z ##[group]GITHUB_TOKEN Permissions
2026-09-11T23:25:20.8106100Z Contents: read
2026-09-11T23:25:20.8106725Z Metadata: read
2026-09-11T23:25:20.8107227Z ##[endgroup]
2026-09-11T23:25:20.8109549Z Secret source: Actions
2026-09-11T23:25:20.8110399Z Cache mode: write
2026-09-11T23:25:20.8111125Z Prepare workflow directory
2026-09-11T23:25:20.8493283Z Prepare all required actions
2026-09-11T23:25:20.8543267Z Getting action download info
2026-09-11T23:25:21.0298871Z Download action repository 'actions/checkout@v6' (SHA:d23441a48e516b6c34aea4fa41551a30e30af803)
2026-09-11T23:25:21.3344236Z Download action repository 'actions/download-artifact@v5' (SHA:634f93cb2916e3fdff6788551b99b062d0335ce0)
2026-09-11T23:25:22.1290392Z Complete job name: windows-arm64
2026-09-11T23:25:22.3075560Z ##[group]Run actions/checkout@v6
2026-09-11T23:25:22.3077066Z with:
2026-09-11T23:25:22.3077718Z   repository: Matanek/Silex
2026-09-11T23:25:22.3081201Z   token: ***
2026-09-11T23:25:22.3081746Z   ssh-strict: true
2026-09-11T23:25:22.3082378Z   ssh-user: git
2026-09-11T23:25:22.3082939Z   persist-credentials: true
2026-09-11T23:25:22.3083566Z   clean: true
2026-09-11T23:25:22.3084095Z   sparse-checkout-cone-mode: true
2026-09-11T23:25:22.3084771Z   fetch-depth: 1
2026-09-11T23:25:22.3085443Z   fetch-tags: false
2026-09-11T23:25:22.3085945Z   show-progress: true
2026-09-11T23:25:22.3086490Z   lfs: false
2026-09-11T23:25:22.3087002Z   submodules: false
2026-09-11T23:25:22.3087526Z   set-safe-directory: true
2026-09-11T23:25:22.3088127Z   allow-unsafe-pr-checkout: false
2026-09-11T23:25:22.3089218Z ##[endgroup]
2026-09-11T23:25:23.1137453Z Syncing repository: Matanek/Silex
2026-09-11T23:25:23.1140157Z ##[group]Getting Git version info
2026-09-11T23:25:23.1141517Z Working directory is 'C:\a\Silex\Silex'
2026-09-11T23:25:23.2014630Z [command]"C:\Program Files\Git\bin\git.exe" version
2026-09-11T23:25:23.6566042Z git version 2.55.0.windows.5
2026-09-11T23:25:23.6615034Z ##[endgroup]
2026-09-11T23:25:23.6652858Z Temporarily overriding HOME='C:\a\_temp\bba67691-0f60-48b7-b3d1-0ee8b61006f1' before making global git config changes
2026-09-11T23:25:23.6653873Z Adding repository directory to the temporary git global config as a safe directory
2026-09-11T23:25:23.6662751Z [command]"C:\Program Files\Git\bin\git.exe" config --global --add safe.directory C:\a\Silex\Silex
2026-09-11T23:25:23.8323455Z Deleting the contents of 'C:\a\Silex\Silex'
2026-09-11T23:25:23.8332444Z ##[group]Determining repository object format
2026-09-11T23:25:23.8335290Z ##[endgroup]
2026-09-11T23:25:23.8336015Z ##[group]Initializing the repository
2026-09-11T23:25:23.8344061Z [command]"C:\Program Files\Git\bin\git.exe" init C:\a\Silex\Silex
2026-09-11T23:25:24.0468095Z Initialized empty Git repository in C:/a/Silex/Silex/.git/
2026-09-11T23:25:24.0520489Z [command]"C:\Program Files\Git\bin\git.exe" remote add origin https://github.com/Matanek/Silex
2026-09-11T23:25:24.1396863Z ##[endgroup]
2026-09-11T23:25:24.1397452Z ##[group]Disabling automatic garbage collection
2026-09-11T23:25:24.1406216Z [command]"C:\Program Files\Git\bin\git.exe" config --local gc.auto 0
2026-09-11T23:25:24.1883478Z ##[endgroup]
2026-09-11T23:25:24.1884667Z ##[group]Setting up auth
2026-09-11T23:25:24.1885129Z Removing SSH command configuration
2026-09-11T23:25:24.1896510Z [command]"C:\Program Files\Git\bin\git.exe" config --local --name-only --get-regexp core\.sshCommand
2026-09-11T23:25:24.2378383Z [command]"C:\Program Files\Git\bin\git.exe" submodule foreach --recursive "sh -c \"git config --local --name-only --get-regexp 'core\.sshCommand' && git config --local --unset-all 'core.sshCommand' || :\""
2026-09-11T23:25:26.6504597Z Removing HTTP extra header
2026-09-11T23:25:26.6514157Z [command]"C:\Program Files\Git\bin\git.exe" config --local --name-only --get-regexp http\.https\:\/\/github\.com\/\.extraheader
2026-09-11T23:25:26.7028704Z [command]"C:\Program Files\Git\bin\git.exe" submodule foreach --recursive "sh -c \"git config --local --name-only --get-regexp 'http\.https\:\/\/github\.com\/\.extraheader' && git config --local --unset-all 'http.https://github.com/.extraheader' || :\""
2026-09-11T23:25:27.8238311Z Removing includeIf entries pointing to credentials config files
2026-09-11T23:25:27.8249069Z [command]"C:\Program Files\Git\bin\git.exe" config --local --name-only --get-regexp ^includeIf\.gitdir:
2026-09-11T23:25:27.8793287Z [command]"C:\Program Files\Git\bin\git.exe" submodule foreach --recursive "git config --local --show-origin --name-only --get-regexp remote.origin.url"
2026-09-11T23:25:28.9778220Z [command]"C:\Program Files\Git\bin\git.exe" config --file C:\a\_temp\git-credentials-e37612ed-5535-4ad6-9e1a-62377d08cbd5.config http.https://github.com/.extraheader "AUTHORIZATION: basic ***"
2026-09-11T23:25:29.0296422Z [command]"C:\Program Files\Git\bin\git.exe" config --local includeIf.gitdir:C:/a/Silex/Silex/.git.path C:\a\_temp\git-credentials-e37612ed-5535-4ad6-9e1a-62377d08cbd5.config
2026-09-11T23:25:29.0815200Z [command]"C:\Program Files\Git\bin\git.exe" config --local includeIf.gitdir:C:/a/Silex/Silex/.git/worktrees/*.path C:\a\_temp\git-credentials-e37612ed-5535-4ad6-9e1a-62377d08cbd5.config
2026-09-11T23:25:29.1340657Z [command]"C:\Program Files\Git\bin\git.exe" config --local includeIf.gitdir:/github/workspace/.git.path /github/runner_temp/git-credentials-e37612ed-5535-4ad6-9e1a-62377d08cbd5.config
2026-09-11T23:25:29.6925748Z [command]"C:\Program Files\Git\bin\git.exe" config --local includeIf.gitdir:/github/workspace/.git/worktrees/*.path /github/runner_temp/git-credentials-e37612ed-5535-4ad6-9e1a-62377d08cbd5.config
2026-09-11T23:25:29.7409961Z ##[endgroup]
2026-09-11T23:25:29.7410494Z ##[group]Fetching the repository
2026-09-11T23:25:29.7423669Z [command]"C:\Program Files\Git\bin\git.exe" -c protocol.version=2 fetch --no-tags --prune --no-recurse-submodules --depth=1 origin +6b3f302b580acaf11a3375b2ae421be1140f525b:refs/remotes/origin/spec-silex-optimization-parity-completion
2026-09-11T23:25:39.5958076Z From https://github.com/Matanek/Silex
2026-09-11T23:25:39.5958860Z  * [new ref]         6b3f302b580acaf11a3375b2ae421be1140f525b -> origin/spec-silex-optimization-parity-completion
2026-09-11T23:25:39.6025202Z [command]"C:\Program Files\Git\bin\git.exe" branch --list --remote origin/spec-silex-optimization-parity-completion
2026-09-11T23:25:39.6528975Z   origin/spec-silex-optimization-parity-completion
2026-09-11T23:25:39.6582877Z [command]"C:\Program Files\Git\bin\git.exe" rev-parse refs/remotes/origin/spec-silex-optimization-parity-completion
2026-09-11T23:25:39.7106048Z 6b3f302b580acaf11a3375b2ae421be1140f525b
2026-09-11T23:25:39.7145752Z ##[endgroup]
2026-09-11T23:25:39.7146429Z ##[group]Determining the checkout info
2026-09-11T23:25:39.7147903Z ##[endgroup]
2026-09-11T23:25:39.7155904Z [command]"C:\Program Files\Git\bin\git.exe" sparse-checkout disable
2026-09-11T23:25:39.7839739Z [command]"C:\Program Files\Git\bin\git.exe" config --local --unset-all extensions.worktreeConfig
2026-09-11T23:25:39.8337459Z ##[group]Checking out the ref
2026-09-11T23:25:39.8346928Z [command]"C:\Program Files\Git\bin\git.exe" checkout --progress --force -B spec-silex-optimization-parity-completion refs/remotes/origin/spec-silex-optimization-parity-completion
2026-09-11T23:25:40.9546858Z Updating files:  24% (487/2007)
2026-09-11T23:25:40.9878511Z Updating files:  25% (502/2007)
2026-09-11T23:25:40.9993281Z Updating files:  26% (522/2007)
2026-09-11T23:25:41.0180746Z Updating files:  27% (542/2007)
2026-09-11T23:25:41.0280891Z Updating files:  28% (562/2007)
2026-09-11T23:25:41.0389776Z Updating files:  29% (583/2007)
2026-09-11T23:25:41.0527892Z Updating files:  30% (603/2007)
2026-09-11T23:25:41.0697612Z Updating files:  31% (623/2007)
2026-09-11T23:25:41.0842232Z Updating files:  32% (643/2007)
2026-09-11T23:25:41.1000410Z Updating files:  33% (663/2007)
2026-09-11T23:25:41.1124592Z Updating files:  34% (683/2007)
2026-09-11T23:25:41.1290487Z Updating files:  35% (703/2007)
2026-09-11T23:25:41.1640288Z Updating files:  36% (723/2007)
2026-09-11T23:25:41.1783052Z Updating files:  37% (743/2007)
2026-09-11T23:25:41.1936127Z Updating files:  38% (763/2007)
2026-09-11T23:25:41.2098288Z Updating files:  39% (783/2007)
2026-09-11T23:25:41.2208301Z Updating files:  40% (803/2007)
2026-09-11T23:25:41.2342356Z Updating files:  41% (823/2007)
2026-09-11T23:25:41.2623014Z Updating files:  42% (843/2007)
2026-09-11T23:25:41.2732078Z Updating files:  43% (864/2007)
2026-09-11T23:25:41.2835043Z Updating files:  44% (884/2007)
2026-09-11T23:25:41.2980548Z Updating files:  45% (904/2007)
2026-09-11T23:25:41.3456759Z Updating files:  46% (924/2007)
2026-09-11T23:25:41.3785489Z Updating files:  47% (944/2007)
2026-09-11T23:25:41.3944604Z Updating files:  48% (964/2007)
2026-09-11T23:25:41.4080391Z Updating files:  49% (984/2007)
2026-09-11T23:25:41.4373777Z Updating files:  50% (1004/2007)
2026-09-11T23:25:41.4522802Z Updating files:  51% (1024/2007)
2026-09-11T23:25:41.4634676Z Updating files:  52% (1044/2007)
2026-09-11T23:25:41.4780259Z Updating files:  53% (1064/2007)
2026-09-11T23:25:41.4947397Z Updating files:  54% (1084/2007)
2026-09-11T23:25:41.5145123Z Updating files:  55% (1104/2007)
2026-09-11T23:25:41.5257219Z Updating files:  56% (1124/2007)
2026-09-11T23:25:41.5397339Z Updating files:  57% (1144/2007)
2026-09-11T23:25:41.5534460Z Updating files:  58% (1165/2007)
2026-09-11T23:25:41.5654978Z Updating files:  59% (1185/2007)
2026-09-11T23:25:41.5805326Z Updating files:  60% (1205/2007)
2026-09-11T23:25:41.6010284Z Updating files:  61% (1225/2007)
2026-09-11T23:25:41.6156331Z Updating files:  62% (1245/2007)
2026-09-11T23:25:41.6335847Z Updating files:  63% (1265/2007)
2026-09-11T23:25:41.6471555Z Updating files:  64% (1285/2007)
2026-09-11T23:25:41.6607599Z Updating files:  65% (1305/2007)
2026-09-11T23:25:41.6783550Z Updating files:  66% (1325/2007)
2026-09-11T23:25:41.6976942Z Updating files:  67% (1345/2007)
2026-09-11T23:25:41.7228453Z Updating files:  68% (1365/2007)
2026-09-11T23:25:41.7456790Z Updating files:  69% (1385/2007)
2026-09-11T23:25:41.7630382Z Updating files:  70% (1405/2007)
2026-09-11T23:25:41.7841292Z Updating files:  71% (1425/2007)
2026-09-11T23:25:41.8015656Z Updating files:  72% (1446/2007)
2026-09-11T23:25:41.8214508Z Updating files:  73% (1466/2007)
2026-09-11T23:25:41.8342136Z Updating files:  74% (1486/2007)
2026-09-11T23:25:41.8744209Z Updating files:  75% (1506/2007)
2026-09-11T23:25:41.8939461Z Updating files:  76% (1526/2007)
2026-09-11T23:25:41.9054458Z Updating files:  77% (1546/2007)
2026-09-11T23:25:41.9298796Z Updating files:  78% (1566/2007)
2026-09-11T23:25:41.9388257Z Updating files:  78% (1570/2007)
2026-09-11T23:25:41.9538075Z Updating files:  79% (1586/2007)
2026-09-11T23:25:41.9669455Z Updating files:  80% (1606/2007)
2026-09-11T23:25:42.2314783Z Updating files:  81% (1626/2007)
2026-09-11T23:25:42.2520120Z Updating files:  82% (1646/2007)
2026-09-11T23:25:42.2658421Z Updating files:  83% (1666/2007)
2026-09-11T23:25:42.2846562Z Updating files:  84% (1686/2007)
2026-09-11T23:25:42.5967144Z Updating files:  85% (1706/2007)
2026-09-11T23:25:42.6115173Z Updating files:  86% (1727/2007)
2026-09-11T23:25:42.6450836Z Updating files:  87% (1747/2007)
2026-09-11T23:25:42.6591906Z Updating files:  88% (1767/2007)
2026-09-11T23:25:42.6731076Z Updating files:  89% (1787/2007)
2026-09-11T23:25:42.6901105Z Updating files:  90% (1807/2007)
2026-09-11T23:25:42.7018686Z Updating files:  91% (1827/2007)
2026-09-11T23:25:42.7235137Z Updating files:  92% (1847/2007)
2026-09-11T23:25:42.7443519Z Updating files:  93% (1867/2007)
2026-09-11T23:25:42.7629527Z Updating files:  94% (1887/2007)
2026-09-11T23:25:42.7825876Z Updating files:  95% (1907/2007)
2026-09-11T23:25:42.8033234Z Updating files:  96% (1927/2007)
2026-09-11T23:25:42.8220291Z Updating files:  97% (1947/2007)
2026-09-11T23:25:42.8414223Z Updating files:  98% (1967/2007)
2026-09-11T23:25:42.8591121Z Updating files:  99% (1987/2007)
2026-09-11T23:25:42.8591489Z Updating files: 100% (2007/2007)
2026-09-11T23:25:42.8591823Z Updating files: 100% (2007/2007), done.
2026-09-11T23:25:42.8787281Z Switched to a new branch 'spec-silex-optimization-parity-completion'
2026-09-11T23:25:42.9074402Z branch 'spec-silex-optimization-parity-completion' set up to track 'origin/spec-silex-optimization-parity-completion'.
2026-09-11T23:25:42.9142738Z ##[endgroup]
2026-09-11T23:25:42.9745109Z [command]"C:\Program Files\Git\bin\git.exe" log -1 --format=%H
2026-09-11T23:25:43.0175518Z 6b3f302b580acaf11a3375b2ae421be1140f525b
2026-09-11T23:25:43.0709888Z Node 20 is being deprecated. This workflow is running with Node 24 by default. If you need to temporarily use Node 20, you can set the ACTIONS_ALLOW_USE_UNSECURE_NODE_VERSION=true environment variable. For more information see: https://github.blog/changelog/2025-09-19-deprecation-of-node-20-on-github-actions-runners/
2026-09-11T23:25:43.0712165Z ##[group]Run actions/download-artifact@v5
2026-09-11T23:25:43.0712509Z with:
2026-09-11T23:25:43.0712749Z   name: windows-arm64-bootstrap
2026-09-11T23:25:43.0713062Z   path: C:\a\_temp/windows-arm64-bootstrap
2026-09-11T23:25:43.0713396Z   merge-multiple: false
2026-09-11T23:25:43.0713661Z   repository: Matanek/Silex
2026-09-11T23:25:43.0713919Z   run-id: 34657769771
2026-09-11T23:25:43.0714158Z ##[endgroup]
2026-09-11T23:25:43.3181047Z Downloading single artifact
2026-09-11T23:25:43.3407511Z (node:5608) [DEP0040] DeprecationWarning: The `punycode` module is deprecated. Please use a userland alternative instead.
2026-09-11T23:25:43.3408455Z (Use `node --trace-deprecation ...` to show where the warning was created)
2026-09-11T23:25:43.4511118Z Preparing to download the following artifacts:
2026-09-11T23:25:43.4511985Z - windows-arm64-bootstrap (ID: 10286617797, Size: 8767282, Expected Digest: sha256:cb3aa47d67fa4a938feeece6481b87d90c98139b029175d0d61c39c5698bff5e)
2026-09-11T23:25:43.5833995Z Redirecting to blob download url: https://productionresultssa12.blob.core.windows.net/actions-results/05813bd9-f9a3-46bd-88cc-38eab3928e97/workflow-job-run-acf530c7-e5e4-5378-bc9e-c9048e9e49f0/artifacts/6025fa0f33cc196a1d0d5143db1af8535cef3a92f46066794d8aab3bae73955c.zip
2026-09-11T23:25:43.5835306Z Starting download of artifact to: C:\a\_temp\windows-arm64-bootstrap
2026-09-11T23:25:43.7242593Z (node:5608) [DEP0005] DeprecationWarning: Buffer() is deprecated due to security and usability issues. Please use the Buffer.alloc(), Buffer.allocUnsafe(), or Buffer.from() methods instead.
2026-09-11T23:25:44.1540257Z SHA256 digest of downloaded artifact is cb3aa47d67fa4a938feeece6481b87d90c98139b029175d0d61c39c5698bff5e
2026-09-11T23:25:44.1541261Z Artifact download completed successfully.
2026-09-11T23:25:44.1541810Z Total of 1 artifact(s) downloaded
2026-09-11T23:25:44.1555321Z Download artifact has finished successfully
2026-09-11T23:25:44.1944040Z ##[group]Run $ErrorActionPreference = "Stop"
2026-09-11T23:25:44.1945553Z [36;1m$ErrorActionPreference = "Stop"[0m
2026-09-11T23:25:44.1946020Z [36;1m$PSNativeCommandUseErrorActionPreference = $true[0m
2026-09-11T23:25:44.1946429Z [36;1m[0m
2026-09-11T23:25:44.1946696Z [36;1mfunction Get-PeMachine([string] $Path) {[0m
2026-09-11T23:25:44.1947068Z [36;1m  $bytes = [System.IO.File]::ReadAllBytes($Path)[0m
2026-09-11T23:25:44.1947610Z [36;1m  if ($bytes.Length -lt 64 -or $bytes[0] -ne 0x4d -or $bytes[1] -ne 0x5a) {[0m
2026-09-11T23:25:44.1948051Z [36;1m    throw "not a PE executable: $Path"[0m
2026-09-11T23:25:44.1948375Z [36;1m  }[0m
2026-09-11T23:25:44.1948659Z [36;1m  $peOffset = [BitConverter]::ToInt32($bytes, 0x3c)[0m
2026-09-11T23:25:44.1949107Z [36;1m  if ($peOffset -lt 0 -or $peOffset + 6 -gt $bytes.Length -or[0m
2026-09-11T23:25:44.1949596Z [36;1m      $bytes[$peOffset] -ne 0x50 -or $bytes[$peOffset + 1] -ne 0x45) {[0m
2026-09-11T23:25:44.1950138Z [36;1m    throw "invalid PE header: $Path"[0m
2026-09-11T23:25:44.1950454Z [36;1m  }[0m
2026-09-11T23:25:44.1950764Z [36;1m  return [BitConverter]::ToUInt16($bytes, $peOffset + 4)[0m
2026-09-11T23:25:44.1951159Z [36;1m}[0m
2026-09-11T23:25:44.1951371Z [36;1m[0m
2026-09-11T23:25:44.1951633Z [36;1mfunction Assert-Arm64Pe([string] $Path) {[0m
2026-09-11T23:25:44.1952022Z [36;1m  $machine = Get-PeMachine $Path[0m
2026-09-11T23:25:44.1952327Z [36;1m  if ($machine -ne 0xaa64) {[0m
2026-09-11T23:25:44.1952814Z [36;1m    throw "expected ARM64 PE machine 0xaa64 for $Path, got 0x$($machine.ToString('x4'))"[0m
2026-09-11T23:25:44.1953274Z [36;1m  }[0m
2026-09-11T23:25:44.1953526Z [36;1m}[0m
2026-09-11T23:25:44.1953741Z [36;1m[0m
2026-09-11T23:25:44.1954024Z [36;1mfunction Assert-Arm64CoffArchive([string] $Path) {[0m
2026-09-11T23:25:44.1954460Z [36;1m  $bytes = [System.IO.File]::ReadAllBytes($Path)[0m
2026-09-11T23:25:44.1954948Z [36;1m  $signature = [System.Text.Encoding]::ASCII.GetString($bytes, 0, 8)[0m
2026-09-11T23:25:44.1955648Z [36;1m  if ($signature -ne "!<arch>`n") {[0m
2026-09-11T23:25:44.1955983Z [36;1m    throw "not an archive: $Path"[0m
2026-09-11T23:25:44.1956418Z [36;1m  }[0m
2026-09-11T23:25:44.1956710Z [36;1m  $offset = 8[0m
2026-09-11T23:25:44.1957004Z [36;1m  while ($offset + 60 -le $bytes.Length) {[0m
2026-09-11T23:25:44.1957504Z [36;1m    $sizeText = [System.Text.Encoding]::ASCII.GetString($bytes, $offset + 48, 10).Trim()[0m
2026-09-11T23:25:44.1957991Z [36;1m    $size = 0L[0m
2026-09-11T23:25:44.1958305Z [36;1m    if (-not [long]::TryParse($sizeText, [ref] $size)) {[0m
2026-09-11T23:25:44.1958724Z [36;1m      throw "invalid archive member size in $Path"[0m
2026-09-11T23:25:44.1959058Z [36;1m    }[0m
2026-09-11T23:25:44.1959335Z [36;1m    $dataOffset = $offset + 60[0m
2026-09-11T23:25:44.1959722Z [36;1m    if ($size -ge 2 -and $dataOffset + $size -le $bytes.Length -and[0m
2026-09-11T23:25:44.1960248Z [36;1m        $bytes[$dataOffset] -eq 0x64 -and $bytes[$dataOffset + 1] -eq 0xaa) {[0m
2026-09-11T23:25:44.1960695Z [36;1m      return[0m
2026-09-11T23:25:44.1960925Z [36;1m    }[0m
2026-09-11T23:25:44.1961194Z [36;1m    $offset = $dataOffset + $size[0m
2026-09-11T23:25:44.1961507Z [36;1m    if (($offset % 2) -ne 0) {[0m
2026-09-11T23:25:44.1961847Z [36;1m      $offset++[0m
2026-09-11T23:25:44.1962092Z [36;1m    }[0m
2026-09-11T23:25:44.1962311Z [36;1m  }[0m
2026-09-11T23:25:44.1962658Z [36;1m  throw "archive contains no Windows ARM64 COFF member: $Path"[0m
2026-09-11T23:25:44.1963071Z [36;1m}[0m
2026-09-11T23:25:44.1963642Z [36;1m[0m
2026-09-11T23:25:44.1964006Z [36;1mfunction Assert-PortabilityOutput([string[]] $Output, [string] $Mode) {[0m
2026-09-11T23:25:44.1964569Z [36;1m  $cycleDrops = @($Output | Where-Object { $_ -eq "native cycle drop" }).Count[0m
2026-09-11T23:25:44.1965163Z [36;1m  $copyDrops = @($Output | Where-Object { $_ -eq "copy state drop" }).Count[0m
2026-09-11T23:25:44.1967897Z [36;1m  if ($cycleDrops -ne 6 -or $copyDrops -ne 2) {[0m
2026-09-11T23:25:44.1968649Z [36;1m    throw "$Mode portability output has $cycleDrops cycle drops and $copyDrops copy drops"[0m
2026-09-11T23:25:44.1969158Z [36;1m  }[0m
2026-09-11T23:25:44.1969382Z [36;1m}[0m
2026-09-11T23:25:44.1969608Z [36;1m[0m
2026-09-11T23:25:44.1969978Z [36;1mfunction Invoke-NativeCapture([string] $Path, [string[]] $Arguments = @()) {[0m
2026-09-11T23:25:44.1970568Z [36;1m  $startInfo = [System.Diagnostics.ProcessStartInfo]::new()[0m
2026-09-11T23:25:44.1970971Z [36;1m  $startInfo.FileName = $Path[0m
2026-09-11T23:25:44.1971303Z [36;1m  $startInfo.UseShellExecute = $false[0m
2026-09-11T23:25:44.1971684Z [36;1m  $startInfo.RedirectStandardOutput = $true[0m
2026-09-11T23:25:44.1972084Z [36;1m  $startInfo.RedirectStandardError = $true[0m
2026-09-11T23:25:44.1972462Z [36;1m  foreach ($argument in $Arguments) {[0m
2026-09-11T23:25:44.1972831Z [36;1m    $startInfo.ArgumentList.Add($argument)[0m
2026-09-11T23:25:44.1973197Z [36;1m  }[0m
2026-09-11T23:25:44.1973482Z [36;1m  $process = [System.Diagnostics.Process]::new()[0m
2026-09-11T23:25:44.1973843Z [36;1m  $process.StartInfo = $startInfo[0m
2026-09-11T23:25:44.1974187Z [36;1m  if (-not $process.Start()) {[0m
2026-09-11T23:25:44.1974564Z [36;1m    throw "failed to start native command: $Path"[0m
2026-09-11T23:25:44.1974909Z [36;1m  }[0m
2026-09-11T23:25:44.1975197Z [36;1m  $stdout = $process.StandardOutput.ReadToEnd()[0m
2026-09-11T23:25:44.1975817Z [36;1m  $stderr = $process.StandardError.ReadToEnd()[0m
2026-09-11T23:25:44.1976226Z [36;1m  $process.WaitForExit()[0m
2026-09-11T23:25:44.1976535Z [36;1m  if ($process.ExitCode -ne 0) {[0m
2026-09-11T23:25:44.1977005Z [36;1m    throw "native command failed with exit code $($process.ExitCode): $Path`n$stderr"[0m
2026-09-11T23:25:44.1977479Z [36;1m  }[0m
2026-09-11T23:25:44.1977816Z [36;1m  return @($stdout -split "`r?`n" | Where-Object { $_.Length -ne 0 })[0m
2026-09-11T23:25:44.1978223Z [36;1m}[0m
2026-09-11T23:25:44.1978438Z [36;1m[0m
2026-09-11T23:25:44.1978916Z [36;1m$architecture = [System.Runtime.InteropServices.RuntimeInformation]::OSArchitecture.ToString()[0m
2026-09-11T23:25:44.1979583Z [36;1mif ($env:PROCESSOR_ARCHITECTURE -ne "ARM64" -or $architecture -ne "Arm64") {[0m
2026-09-11T23:25:44.1980349Z [36;1m  throw "expected a native Windows ARM64 runner, got PROCESSOR_ARCHITECTURE=$env:PROCESSOR_ARCHITECTURE OSArchitecture=$architecture"[0m
2026-09-11T23:25:44.1980999Z [36;1m}[0m
2026-09-11T23:25:44.1981202Z [36;1m[0m
2026-09-11T23:25:44.1981563Z [36;1m$bootstrapRoot = Join-Path $env:RUNNER_TEMP "windows-arm64-bootstrap"[0m
2026-09-11T23:25:44.1982038Z [36;1m$buildPrefix = Join-Path $bootstrapRoot "silex"[0m
2026-09-11T23:25:44.1982483Z [36;1m$builtSilex = Join-Path $buildPrefix "bin/silex.exe"[0m
2026-09-11T23:25:44.1982862Z [36;1mAssert-Arm64Pe $builtSilex[0m
2026-09-11T23:25:44.1983150Z [36;1m[0m
2026-09-11T23:25:44.1983616Z [36;1m$probeRoot = Join-Path $env:GITHUB_WORKSPACE "Tests/Target/windows-arm64/WindowsArm64BoundaryProbe"[0m
2026-09-11T23:25:44.1984275Z [36;1m$boundaryDirectory = Join-Path $probeRoot "Boundary/windows-arm64"[0m
2026-09-11T23:25:44.1984890Z [36;1m$boundaryArchive = Join-Path $boundaryDirectory "BoundaryProbe.lib"[0m
2026-09-11T23:25:44.1985451Z [36;1mNew-Item -ItemType Directory -Force $boundaryDirectory | Out-Null[0m
2026-09-11T23:25:44.1986039Z [36;1mCopy-Item (Join-Path $bootstrapRoot "boundary/BoundaryProbe.lib") $boundaryArchive[0m
2026-09-11T23:25:44.1986568Z [36;1mAssert-Arm64CoffArchive $boundaryArchive[0m
2026-09-11T23:25:44.1986897Z [36;1m[0m
2026-09-11T23:25:44.1987293Z [36;1m$distributionArchive = Join-Path $env:RUNNER_TEMP "silex-windows-arm64.zip"[0m
2026-09-11T23:25:44.1987933Z [36;1mCompress-Archive -Path (Join-Path $buildPrefix "*") -DestinationPath $distributionArchive[0m
2026-09-11T23:25:44.1989503Z [36;1mWrite-Output "distribution sha256=$((Get-FileHash $distributionArchive -Algorithm SHA256).Hash.ToLowerInvariant())"[0m
2026-09-11T23:25:44.1990405Z [36;1mRemove-Item -Recurse -Force $buildPrefix[0m
2026-09-11T23:25:44.1990817Z [36;1m$installRoot = Join-Path $env:RUNNER_TEMP "silex-install"[0m
2026-09-11T23:25:44.1991353Z [36;1mExpand-Archive $distributionArchive -DestinationPath $installRoot[0m
2026-09-11T23:25:44.1991849Z [36;1m$silex = Join-Path $installRoot "bin/silex.exe"[0m
2026-09-11T23:25:44.1992216Z [36;1mAssert-Arm64Pe $silex[0m
2026-09-11T23:25:44.1992494Z [36;1m[0m
2026-09-11T23:25:44.1992768Z [36;1m$env:USERPROFILE = Join-Path $env:RUNNER_TEMP "home"[0m
2026-09-11T23:25:44.1993179Z [36;1m$env:HOME = $env:USERPROFILE[0m
2026-09-11T23:25:44.1993575Z [36;1mNew-Item -ItemType Directory -Force $env:USERPROFILE | Out-Null[0m
2026-09-11T23:25:44.1994080Z [36;1m& $silex --version[0m
2026-09-11T23:25:44.1994356Z [36;1m$targets = @(& $silex targets)[0m
2026-09-11T23:25:44.1994749Z [36;1mif ($targets -notcontains "windows-arm64 (host)") {[0m
2026-09-11T23:25:44.1995191Z [36;1m  throw "windows-arm64 is not reported as the native host"[0m
2026-09-11T23:25:44.1995738Z [36;1m}[0m
2026-09-11T23:25:44.1995979Z [36;1m& $silex setup[0m
2026-09-11T23:25:44.1996255Z [36;1m[0m
2026-09-11T23:25:44.1996737Z [36;1m$managedZig = Join-Path $env:USERPROFILE ".silex/toolchain/zig/0.16.0/windows-x64/zig-x86_64-windows-0.16.0/zig.exe"[0m
2026-09-11T23:25:44.1997696Z [36;1m$shadercross = Join-Path $env:USERPROFILE ".silex/toolchain/shadercross/3.0.0/windows-arm64/SDL3_shadercross-3.0.0-windows-VC-x64/bin/shadercross.exe"[0m
2026-09-11T23:25:44.1998454Z [36;1m$managedZigMachine = Get-PeMachine $managedZig[0m
2026-09-11T23:25:44.1998872Z [36;1mif ($managedZigMachine -ne 0x8664) {[0m
2026-09-11T23:25:44.1999412Z [36;1m  throw "expected the declared X64 managed linker, got machine 0x$($managedZigMachine.ToString('x4'))"[0m
2026-09-11T23:25:44.1999951Z [36;1m}[0m
2026-09-11T23:25:44.2000242Z [36;1m$shaderMachine = Get-PeMachine $shadercross[0m
2026-09-11T23:25:44.2000597Z [36;1mif ($shaderMachine -ne 0x8664) {[0m
2026-09-11T23:25:44.2001217Z [36;1m  throw "expected the declared x64 Shadercross compatibility tool, got machine 0x$($shaderMachine.ToString('x4'))"[0m
2026-09-11T23:25:44.2001796Z [36;1m}[0m
2026-09-11T23:25:44.2002043Z [36;1m& $managedZig version[0m
2026-09-11T23:25:44.2002393Z [36;1m& $shadercross --help | Select-Object -First 1[0m
2026-09-11T23:25:44.2002715Z [36;1m[0m
2026-09-11T23:25:44.2003133Z [36;1m$env:PATH = "$env:SystemRoot\system32;$env:SystemRoot;$env:SystemRoot\System32\Wbem"[0m
2026-09-11T23:25:44.2003582Z [36;1m[0m
2026-09-11T23:25:44.2004002Z [36;1m$portabilitySource = Join-Path $env:GITHUB_WORKSPACE "Tests/Native/NativePortability.sx"[0m
2026-09-11T23:25:44.2004636Z [36;1m# Preserve and inspect independently linked tests if native execution[0m
2026-09-11T23:25:44.2005131Z [36;1m# fails before PowerShell can report the full NTSTATUS.[0m
2026-09-11T23:25:44.2005608Z [36;1m$PSNativeCommandUseErrorActionPreference = $false[0m
2026-09-11T23:25:44.2006016Z [36;1m& $silex test $portabilitySource --nocache[0m
2026-09-11T23:25:44.2006408Z [36;1m$testExitCode = $LASTEXITCODE[0m
2026-09-11T23:25:44.2006722Z [36;1mif ($testExitCode -ne 0) {[0m
2026-09-11T23:25:44.2007159Z [36;1m  $debuggersRoot = Join-Path ${env:ProgramFiles(x86)} "Windows Kits/10/Debuggers"[0m
2026-09-11T23:25:44.2007841Z [36;1m  $cdb = Get-ChildItem $debuggersRoot -Filter cdb.exe -Recurse -ErrorAction SilentlyContinue |[0m
2026-09-11T23:25:44.2008404Z [36;1m    Where-Object { $_.FullName -match '[\\/]arm64[\\/]' } |[0m
2026-09-11T23:25:44.2008808Z [36;1m    Select-Object -First 1[0m
2026-09-11T23:25:44.2009251Z [36;1m  $failedTests = @(Get-ChildItem (Join-Path $env:GITHUB_WORKSPACE ".silex/test") `[0m
2026-09-11T23:25:44.2009785Z [36;1m    -Filter "NativePortability-*.exe" -File)[0m
2026-09-11T23:25:44.2010129Z [36;1m  if ($null -ne $cdb) {[0m
2026-09-11T23:25:44.2010854Z [36;1m    foreach ($failedTest in $failedTests) {[0m
2026-09-11T23:25:44.2011323Z [36;1m      Assert-Arm64Pe $failedTest.FullName[0m
2026-09-11T23:25:44.2011836Z [36;1m      Write-Output "debugging retained ARM64 test $($failedTest.Name) with $($cdb.FullName)"[0m
2026-09-11T23:25:44.2012530Z [36;1m      & $cdb.FullName -lines -c "g; .ecxr; !analyze -v; r; kv; ub @pc L10; u @pc L40; q" $failedTest.FullName[0m
2026-09-11T23:25:44.2013380Z [36;1m    }[0m
2026-09-11T23:25:44.2013649Z [36;1m  }[0m
2026-09-11T23:25:44.2014022Z [36;1m  throw "Windows ARM64 native test slice failed with exit code $testExitCode"[0m
2026-09-11T23:25:44.2014451Z [36;1m}[0m
2026-09-11T23:25:44.2014778Z [36;1m$PSNativeCommandUseErrorActionPreference = $true[0m
2026-09-11T23:25:44.2015157Z [36;1m[0m
2026-09-11T23:25:44.2015530Z [36;1m$portabilityDebug = Join-Path $env:RUNNER_TEMP "native-portability-debug.exe"[0m
2026-09-11T23:25:44.2016166Z [36;1m$portabilityRelease = Join-Path $env:RUNNER_TEMP "native-portability-release.exe"[0m
2026-09-11T23:25:44.2016809Z [36;1m& $silex compile $portabilitySource --debug --nocache -o $portabilityDebug[0m
2026-09-11T23:25:44.2017414Z [36;1m& $silex compile $portabilitySource --release --nocache -o $portabilityRelease[0m
2026-09-11T23:25:44.2017889Z [36;1mAssert-Arm64Pe $portabilityDebug[0m
2026-09-11T23:25:44.2018233Z [36;1mAssert-Arm64Pe $portabilityRelease[0m
2026-09-11T23:25:44.2018669Z [36;1m$debugOutput = @(Invoke-NativeCapture $portabilityDebug)[0m
2026-09-11T23:25:44.2019140Z [36;1m$releaseOutput = @(Invoke-NativeCapture $portabilityRelease)[0m
2026-09-11T23:25:44.2019613Z [36;1mAssert-PortabilityOutput $debugOutput "Debug"[0m
2026-09-11T23:25:44.2020051Z [36;1mAssert-PortabilityOutput $releaseOutput "Release"[0m
2026-09-11T23:25:44.2020579Z [36;1mif (@(Compare-Object $debugOutput $releaseOutput -SyncWindow 0).Count -ne 0) {[0m
2026-09-11T23:25:44.2021103Z [36;1m  throw "Debug and Release portability outputs differ"[0m
2026-09-11T23:25:44.2021464Z [36;1m}[0m
2026-09-11T23:25:44.2021724Z [36;1m[0m
2026-09-11T23:25:44.2021990Z [36;1m& $silex test $portabilitySource --nocache[0m
2026-09-11T23:25:44.2022330Z [36;1m[0m
2026-09-11T23:25:44.2022711Z [36;1m$smokeSource = Join-Path $env:GITHUB_WORKSPACE "Tests/Native/DistributionSmoke.sx"[0m
2026-09-11T23:25:44.2023445Z [36;1m$debugSmoke = @(Invoke-NativeCapture -Path $silex -Arguments @("run", $smokeSource, "--debug", "--nocache"))[0m
2026-09-11T23:25:44.2024252Z [36;1m$releaseSmoke = @(Invoke-NativeCapture -Path $silex -Arguments @("run", $smokeSource, "--release", "--nocache"))[0m
2026-09-11T23:25:44.2024950Z [36;1mif ($debugSmoke.Count -ne 1 -or $debugSmoke[0] -ne "silex distribution ready" -or[0m
2026-09-11T23:25:44.2025585Z [36;1m    $releaseSmoke.Count -ne 1 -or $releaseSmoke[0] -ne "silex distribution ready") {[0m
2026-09-11T23:25:44.2026069Z [36;1m  throw "distribution run smoke failed"[0m
2026-09-11T23:25:44.2026410Z [36;1m}[0m
2026-09-11T23:25:44.2026828Z [36;1m$standaloneSmoke = Join-Path $env:RUNNER_TEMP "distribution-smoke.exe"[0m
2026-09-11T23:25:44.2027363Z [36;1m& $silex compile $smokeSource --release --nocache -o $standaloneSmoke[0m
2026-09-11T23:25:44.2027830Z [36;1mAssert-Arm64Pe $standaloneSmoke[0m
2026-09-11T23:25:44.2028234Z [36;1m$standaloneOutput = @(Invoke-NativeCapture $standaloneSmoke)[0m
2026-09-11T23:25:44.2028851Z [36;1mif ($standaloneOutput.Count -ne 1 -or $standaloneOutput[0] -ne "silex distribution ready") {[0m
2026-09-11T23:25:44.2029392Z [36;1m  throw "standalone distribution smoke failed"[0m
2026-09-11T23:25:44.2029712Z [36;1m}[0m
2026-09-11T23:25:44.2029972Z [36;1m[0m
2026-09-11T23:25:44.2030274Z [36;1m$boundaryTest = Join-Path $probeRoot "Tests/Boundary.sx"[0m
2026-09-11T23:25:44.2030754Z [36;1m$boundaryMain = Join-Path $probeRoot "Tests/BoundaryMain.sx"[0m
2026-09-11T23:25:44.2031178Z [36;1m& $silex test $boundaryTest --nocache[0m
2026-09-11T23:25:44.2032081Z [36;1m$boundaryDebug = Join-Path $env:RUNNER_TEMP "boundary-debug.exe"[0m
2026-09-11T23:25:44.2032668Z [36;1m$boundaryRelease = Join-Path $env:RUNNER_TEMP "boundary-release.exe"[0m
2026-09-11T23:25:44.2033427Z [36;1m& $silex compile $boundaryMain --debug --nocache -o $boundaryDebug[0m
2026-09-11T23:25:44.2034008Z [36;1m& $silex compile $boundaryMain --release --nocache -o $boundaryRelease[0m
2026-09-11T23:25:44.2034441Z [36;1mAssert-Arm64Pe $boundaryDebug[0m
2026-09-11T23:25:44.2034761Z [36;1mAssert-Arm64Pe $boundaryRelease[0m
2026-09-11T23:25:44.2035177Z [36;1m$boundaryDebugOutput = @(Invoke-NativeCapture $boundaryDebug)[0m
2026-09-11T23:25:44.2035700Z [36;1m$boundaryReleaseOutput = @(Invoke-NativeCapture $boundaryRelease)[0m
2026-09-11T23:25:44.2036367Z [36;1mif ($boundaryDebugOutput.Count -ne 1 -or $boundaryDebugOutput[0] -ne "windows arm64 boundary ready" -or[0m
2026-09-11T23:25:44.2037144Z [36;1m    $boundaryReleaseOutput.Count -ne 1 -or $boundaryReleaseOutput[0] -ne "windows arm64 boundary ready") {[0m
2026-09-11T23:25:44.2037792Z [36;1m  throw "Windows ARM64 Boundary smoke failed"[0m
2026-09-11T23:25:44.2038122Z [36;1m}[0m
2026-09-11T23:25:44.2038329Z [36;1m[0m
2026-09-11T23:25:44.2038730Z [36;1m# Copy bytes unchanged into a standalone fixture, without the optimizer's STD graph.[0m
2026-09-11T23:25:44.2039312Z [36;1m$scalarRoot = Join-Path $env:RUNNER_TEMP "scalar-float-fixture"[0m
2026-09-11T23:25:44.2039927Z [36;1mNew-Item -ItemType Directory -Force -Path $scalarRoot | Out-Null[0m
2026-09-11T23:25:44.2040494Z [36;1mSet-Content -Path (Join-Path $scalarRoot "Package.json") -Value '{"sources":"."}'[0m
2026-09-11T23:25:44.2041081Z [36;1m$scalarFixture = Join-Path $scalarRoot "ScalarFloatResidence.sx"[0m
2026-09-11T23:25:44.2041825Z [36;1mCopy-Item (Join-Path $env:GITHUB_WORKSPACE "Toolchain/Benchmarks/Optimizer/Regressions/ScalarFloatResidence.sx") $scalarFixture[0m
2026-09-11T23:25:44.2042490Z [36;1mforeach ($mode in @("debug", "release")) {[0m
2026-09-11T23:25:44.2043003Z [36;1m  $scalarBinary = Join-Path $env:RUNNER_TEMP "scalar-float-residence-$mode.exe"[0m
2026-09-11T23:25:44.2043562Z [36;1m  & $silex compile $scalarFixture "--$mode" --nocache -o $scalarBinary[0m
2026-09-11T23:25:44.2043994Z [36;1m  Assert-Arm64Pe $scalarBinary[0m
2026-09-11T23:25:44.2044390Z [36;1m  $scalarOutput = @(Invoke-NativeCapture $scalarBinary)[0m
2026-09-11T23:25:44.2045038Z [36;1m  if ($LASTEXITCODE -ne 0 -or $scalarOutput.Count -ne 9 -or @($scalarOutput | Where-Object { $_ -ne "true" }).Count -ne 0) {[0m
2026-09-11T23:25:44.2045699Z [36;1m    throw "scalar float residence $mode regression failed"[0m
2026-09-11T23:25:44.2046060Z [36;1m  }[0m
2026-09-11T23:25:44.2046310Z [36;1m}[0m
2026-09-11T23:25:44.2046629Z [36;1m$branchFixture = Join-Path $scalarRoot "BranchComparisons.sx"[0m
2026-09-11T23:25:44.2047339Z [36;1mCopy-Item (Join-Path $env:GITHUB_WORKSPACE "Toolchain/Benchmarks/Optimizer/Regressions/BranchComparisons.sx") $branchFixture[0m
2026-09-11T23:25:44.2048047Z [36;1mforeach ($mode in @("debug", "release")) {[0m
2026-09-11T23:25:44.2048562Z [36;1m  $branchBinary = Join-Path $env:RUNNER_TEMP "branch-comparisons-$mode.exe"[0m
2026-09-11T23:25:44.2049152Z [36;1m  & $silex compile $branchFixture "--$mode" --nocache -o $branchBinary[0m
2026-09-11T23:25:44.2049682Z [36;1m  if ($LASTEXITCODE -ne 0) { throw "branch comparison compilation failed" }[0m
2026-09-11T23:25:44.2050128Z [36;1m  $branchOutput = @(& $branchBinary)[0m
2026-09-11T23:25:44.2050620Z [36;1m  if ($LASTEXITCODE -ne 0 -or $branchOutput.Count -ne 1 -or $branchOutput[0] -ne "true") {[0m
2026-09-11T23:25:44.2051171Z [36;1m    throw "branch comparison $mode regression failed"[0m
2026-09-11T23:25:44.2051540Z [36;1m  }[0m
2026-09-11T23:25:44.2051761Z [36;1m}[0m
2026-09-11T23:25:44.2052117Z [36;1m$snapshotFixture = Join-Path $scalarRoot "BranchSnapshots.sx"[0m
2026-09-11T23:25:44.2053773Z [36;1mCopy-Item (Join-Path $env:GITHUB_WORKSPACE "Toolchain/Benchmarks/Optimizer/Regressions/BranchSnapshots.sx") $snapshotFixture[0m
2026-09-11T23:25:44.2054977Z [36;1mforeach ($mode in @("debug", "release")) {[0m
2026-09-11T23:25:44.2055486Z [36;1m  $snapshotBinary = Join-Path $env:RUNNER_TEMP "branch-snapshots-$mode.exe"[0m
2026-09-11T23:25:44.2056072Z [36;1m  & $silex compile $snapshotFixture "--$mode" --nocache -o $snapshotBinary[0m
2026-09-11T23:25:44.2056631Z [36;1m  if ($LASTEXITCODE -ne 0) { throw "branch snapshot compilation failed" }[0m
2026-09-11T23:25:44.2057080Z [36;1m  $snapshotOutput = @(& $snapshotBinary)[0m
2026-09-11T23:25:44.2057711Z [36;1m  if ($LASTEXITCODE -ne 0 -or $snapshotOutput.Count -ne 8 -or @($snapshotOutput | Where-Object { $_ -ne "true" }).Count -ne 0) {[0m
2026-09-11T23:25:44.2058362Z [36;1m    throw "branch snapshot $mode regression failed"[0m
2026-09-11T23:25:44.2058706Z [36;1m  }[0m
2026-09-11T23:25:44.2058951Z [36;1m}[0m
2026-09-11T23:25:44.2059283Z [36;1m$loopExitFixture = Join-Path $scalarRoot "LoopExitResidence.sx"[0m
2026-09-11T23:25:44.2060026Z [36;1mCopy-Item (Join-Path $env:GITHUB_WORKSPACE "Toolchain/Benchmarks/Optimizer/Regressions/LoopExitResidence.sx") $loopExitFixture[0m
2026-09-11T23:25:44.2060700Z [36;1mforeach ($mode in @("debug", "release")) {[0m
2026-09-11T23:25:44.2061184Z [36;1m  $loopExitBinary = Join-Path $env:RUNNER_TEMP "loop-exit-residence-$mode.exe"[0m
2026-09-11T23:25:44.2061780Z [36;1m  & $silex compile $loopExitFixture "--$mode" --nocache -o $loopExitBinary[0m
2026-09-11T23:25:44.2062336Z [36;1m  if ($LASTEXITCODE -ne 0) { throw "loop exit residence compilation failed" }[0m
2026-09-11T23:25:44.2062838Z [36;1m  $loopExitOutput = @(& $loopExitBinary)[0m
2026-09-11T23:25:44.2063449Z [36;1m  if ($LASTEXITCODE -ne 0 -or $loopExitOutput.Count -ne 5 -or @($loopExitOutput | Where-Object { $_ -ne "true" }).Count -ne 0) {[0m
2026-09-11T23:25:44.2064095Z [36;1m    throw "loop exit residence $mode regression failed"[0m
2026-09-11T23:25:44.2064491Z [36;1m  }[0m
2026-09-11T23:25:44.2064721Z [36;1m}[0m
2026-09-11T23:25:44.2065090Z [36;1m$floatMemoryFixture = Join-Path $scalarRoot "FloatMemoryResidence.sx"[0m
2026-09-11T23:25:44.2065867Z [36;1mCopy-Item (Join-Path $env:GITHUB_WORKSPACE "Toolchain/Benchmarks/Optimizer/Regressions/FloatMemoryResidence.sx") $floatMemoryFixture[0m
2026-09-11T23:25:44.2066574Z [36;1mforeach ($mode in @("debug", "release")) {[0m
2026-09-11T23:25:44.2067073Z [36;1m  $floatMemoryBinary = Join-Path $env:RUNNER_TEMP "float-memory-residence-$mode.exe"[0m
2026-09-11T23:25:44.2067692Z [36;1m  & $silex compile $floatMemoryFixture "--$mode" --nocache -o $floatMemoryBinary[0m
2026-09-11T23:25:44.2068309Z [36;1m  if ($LASTEXITCODE -ne 0) { throw "float memory residence compilation failed" }[0m
2026-09-11T23:25:44.2068796Z [36;1m  $floatMemoryOutput = @(& $floatMemoryBinary)[0m
2026-09-11T23:25:44.2069461Z [36;1m  if ($LASTEXITCODE -ne 0 -or $floatMemoryOutput.Count -ne 10 -or @($floatMemoryOutput | Where-Object { $_ -ne "true" }).Count -ne 0) {[0m
2026-09-11T23:25:44.2070198Z [36;1m    throw "float memory residence $mode regression failed"[0m
2026-09-11T23:25:44.2070556Z [36;1m  }[0m
2026-09-11T23:25:44.2070800Z [36;1m}[0m
2026-09-11T23:25:44.2071156Z [36;1m$floatOperandsFixture = Join-Path $scalarRoot "ScalarFloatOperands.sx"[0m
2026-09-11T23:25:44.2071986Z [36;1mCopy-Item (Join-Path $env:GITHUB_WORKSPACE "Toolchain/Benchmarks/Optimizer/Regressions/ScalarFloatOperands.sx") $floatOperandsFixture[0m
2026-09-11T23:25:44.2072679Z [36;1mforeach ($mode in @("debug", "release")) {[0m
2026-09-11T23:25:44.2073174Z [36;1m  $floatOperandsBinary = Join-Path $env:RUNNER_TEMP "scalar-float-operands-$mode.exe"[0m
2026-09-11T23:25:44.2074113Z [36;1m  & $silex compile $floatOperandsFixture "--$mode" --nocache -o $floatOperandsBinary[0m
2026-09-11T23:25:44.2074712Z [36;1m  if ($LASTEXITCODE -ne 0) { throw "scalar float operands compilation failed" }[0m
2026-09-11T23:25:44.2075220Z [36;1m  $floatOperandsOutput = @(& $floatOperandsBinary)[0m
2026-09-11T23:25:44.2076350Z [36;1m  if ($LASTEXITCODE -ne 0 -or $floatOperandsOutput.Count -ne 18 -or @($floatOperandsOutput | Where-Object { $_ -ne "true" }).Count -ne 0) {[0m
2026-09-11T23:25:44.2077135Z [36;1m    throw "scalar float operands $mode regression failed"[0m
2026-09-11T23:25:44.2077513Z [36;1m  }[0m
2026-09-11T23:25:44.2077732Z [36;1m}[0m
2026-09-11T23:25:44.2078137Z [36;1m$privateLengthFixture = Join-Path $scalarRoot "PrivateCollectionLengths.sx"[0m
2026-09-11T23:25:44.2078965Z [36;1mCopy-Item (Join-Path $env:GITHUB_WORKSPACE "Toolchain/Benchmarks/Optimizer/Regressions/PrivateCollectionLengths.sx") $privateLengthFixture[0m
2026-09-11T23:25:44.2079679Z [36;1mforeach ($mode in @("debug", "release")) {[0m
2026-09-11T23:25:44.2080231Z [36;1m  $privateLengthBinary = Join-Path $env:RUNNER_TEMP "private-collection-lengths-$mode.exe"[0m
2026-09-11T23:25:44.2080877Z [36;1m  & $silex compile $privateLengthFixture "--$mode" --nocache -o $privateLengthBinary[0m
2026-09-11T23:25:44.2081521Z [36;1m  if ($LASTEXITCODE -ne 0) { throw "private collection lengths compilation failed" }[0m
2026-09-11T23:25:44.2082041Z [36;1m  $privateLengthOutput = @(& $privateLengthBinary)[0m
2026-09-11T23:25:44.2082784Z [36;1m  if ($LASTEXITCODE -ne 0 -or $privateLengthOutput.Count -ne 10 -or @($privateLengthOutput | Where-Object { $_ -ne "true" }).Count -ne 0) {[0m
2026-09-11T23:25:44.2083505Z [36;1m    throw "private collection lengths $mode regression failed"[0m
2026-09-11T23:25:44.2083882Z [36;1m  }[0m
2026-09-11T23:25:44.2084145Z [36;1m}[0m
2026-09-11T23:25:44.2084482Z [36;1m$classLeafFixture = Join-Path $scalarRoot "ScalarClassLeaves.sx"[0m
2026-09-11T23:25:44.2085233Z [36;1mCopy-Item (Join-Path $env:GITHUB_WORKSPACE "Toolchain/Benchmarks/Optimizer/Regressions/ScalarClassLeaves.sx") $classLeafFixture[0m
2026-09-11T23:25:44.2085926Z [36;1mforeach ($mode in @("debug", "release")) {[0m
2026-09-11T23:25:44.2086413Z [36;1m  $classLeafBinary = Join-Path $env:RUNNER_TEMP "scalar-class-leaves-$mode.exe"[0m
2026-09-11T23:25:44.2087010Z [36;1m  & $silex compile $classLeafFixture "--$mode" --nocache -o $classLeafBinary[0m
2026-09-11T23:25:44.2087579Z [36;1m  if ($LASTEXITCODE -ne 0) { throw "scalar class leaves compilation failed" }[0m
2026-09-11T23:25:44.2088087Z [36;1m  $classLeafOutput = @(& $classLeafBinary)[0m
2026-09-11T23:25:44.2088711Z [36;1m  if ($LASTEXITCODE -ne 0 -or $classLeafOutput.Count -ne 10 -or @($classLeafOutput | Where-Object { $_ -ne "true" }).Count -ne 0) {[0m
2026-09-11T23:25:44.2089372Z [36;1m    throw "scalar class leaves $mode regression failed"[0m
2026-09-11T23:25:44.2089755Z [36;1m  }[0m
2026-09-11T23:25:44.2089965Z [36;1m}[0m
2026-09-11T23:25:44.2147288Z shell: C:\Program Files\PowerShell\7\pwsh.EXE -command ". '{0}'"
2026-09-11T23:25:44.2147762Z ##[endgroup]
2026-09-11T23:25:45.8817296Z distribution sha256=77954b71906af7e01304d1b6a6d515b3f328e948ba944071119c9409a8e03241
2026-09-11T23:25:46.2722125Z silex 0.44.1
2026-09-11T23:25:46.8045518Z silex: installed Shadercross for windows-arm64
2026-09-11T23:26:09.1630323Z silex: installed Native linker for windows-arm64
2026-09-11T23:26:12.3908497Z 0.16.0
2026-09-11T23:26:12.9215573Z Usage: shadercross <input> [options]
2026-09-11T23:26:12.9216101Z Required options:
2026-09-11T23:26:12.9217261Z   -s | --source <value>            Source language format. May be inferred from the filename. Values: [SPIRV, HLSL]
2026-09-11T23:26:12.9218351Z   -d | --dest <value>              Destination format. May be inferred from the filename. Values: [DXBC, DXIL, MSL, SPIRV, HLSL, JSON]
2026-09-11T23:26:12.9219196Z   -t | --stage <value>             Shader stage. May be inferred from the filename. Values: [vertex, fragment, compute]
2026-09-11T23:26:12.9219858Z   -e | --entrypoint <value>        Entrypoint function name. Default: "main".
2026-09-11T23:26:12.9220336Z   -o | --output <value>            Output file.
2026-09-11T23:26:12.9220593Z 
2026-09-11T23:26:12.9220735Z Optional options:
2026-09-11T23:26:12.9221702Z   -I | --include <value>           HLSL include directory. Only used with HLSL source.
2026-09-11T23:26:12.9222335Z   -D<name>[=<value>]               HLSL define. Only used with HLSL source. Can be repeated.
2026-09-11T23:26:12.9222906Z                                    If =<value> is omitted the define will be treated as equal to 1.
2026-09-11T23:26:12.9223503Z   --msl-version <value>            Target MSL version. Only used when transpiling to MSL. The default is 1.2.0.
2026-09-11T23:26:12.9224375Z   -c | --cull                      Allow the compiler to cull unused resource bindings. This may lead to surprising binding behavior so be careful when enabling this!
2026-09-11T23:26:12.9225689Z   -g | --debug                     Generate debug information when possible. Shaders are valid only when graphics debuggers are attached.
2026-09-11T23:26:12.9226547Z   -p | --pssl                      Generate PSSL-compatible shader. Destination format should be HLSL.
2026-09-11T23:31:04.8451485Z ok - execute direct indirect and dynamic calls beyond native registers
2026-09-11T23:31:05.1948651Z ok - preserve paired float32 arithmetic on native
2026-09-11T23:31:05.5507985Z ok - mutate a class-owned native list without changing its snapshot
2026-09-11T23:31:05.9173209Z ok - replace class elements in a class-owned native list
2026-09-11T23:31:06.3492251Z ok - preserve embedded byte contents on native
2026-09-11T23:31:06.6232264Z ok - format native floats through the standalone runtime
2026-09-11T23:31:06.8968113Z ok - convert native float precision in both directions
2026-09-11T23:31:07.1726637Z ok - replace and preserve an aliased native list
2026-09-11T23:31:07.4531014Z ok - swap and reverse a native list
2026-09-11T23:31:07.7193180Z ok - grow a native list at every position
2026-09-11T23:31:07.9920633Z ok - remove native list elements from every position
2026-09-11T23:31:08.2687946Z ok - slice view mutate and clear native lists
2026-09-11T23:31:08.5430009Z ok - mutable aggregate view detaches shared native list
2026-09-11T23:31:08.8145127Z copy state drop
2026-09-11T23:31:08.8145502Z copy state drop
2026-09-11T23:31:08.8145957Z ok - deep-copy repeated native class roots without collections
2026-09-11T23:31:09.1117434Z native cycle drop
2026-09-11T23:31:09.1117753Z native cycle drop
2026-09-11T23:31:09.1118085Z ok - finalize a direct native class cycle
2026-09-11T23:31:09.3786282Z native cycle drop
2026-09-11T23:31:09.3786598Z native cycle drop
2026-09-11T23:31:09.3786961Z ok - finalize a native class cycle through lists
2026-09-11T23:31:09.6665854Z native cycle drop
2026-09-11T23:31:09.6666198Z native cycle drop
2026-09-11T23:31:09.6666534Z ok - finalize a native class cycle through protocols
2026-09-11T23:31:09.9394132Z ok - execute the complete native collection mutation slice
2026-09-11T23:31:10.2386640Z copy state drop
2026-09-11T23:31:10.2387026Z copy state drop
2026-09-11T23:31:10.2387346Z ok - execute native ownership and deep-copy runtime
2026-09-11T23:31:10.5150025Z ok - preserve resource aggregates across native list growth
2026-09-11T23:31:10.7838486Z ok - serialize native mutations with mutex
2026-09-11T23:31:11.0610551Z native cycle drop
2026-09-11T23:31:11.0610927Z native cycle drop
2026-09-11T23:31:11.0611235Z native cycle drop
2026-09-11T23:31:11.0611498Z native cycle drop
2026-09-11T23:31:11.0611731Z native cycle drop
2026-09-11T23:31:11.0611998Z native cycle drop
2026-09-11T23:31:11.0612390Z ok - finalize native cycles across direct collection and protocol edges
2026-09-11T23:31:11.0637201Z 22 passed; 0 failed
2026-09-11T23:31:11.9653770Z ok - execute direct indirect and dynamic calls beyond native registers
2026-09-11T23:31:12.2335520Z ok - preserve paired float32 arithmetic on native
2026-09-11T23:31:12.5035802Z ok - mutate a class-owned native list without changing its snapshot
2026-09-11T23:31:12.7823635Z ok - replace class elements in a class-owned native list
2026-09-11T23:31:13.0493283Z ok - preserve embedded byte contents on native
2026-09-11T23:31:13.3224419Z ok - format native floats through the standalone runtime
2026-09-11T23:31:13.6065303Z ok - convert native float precision in both directions
2026-09-11T23:31:13.8778565Z ok - replace and preserve an aliased native list
2026-09-11T23:31:14.1467321Z ok - swap and reverse a native list
2026-09-11T23:31:14.4189873Z ok - grow a native list at every position
2026-09-11T23:31:14.6936417Z ok - remove native list elements from every position
2026-09-11T23:31:14.9756022Z ok - slice view mutate and clear native lists
2026-09-11T23:31:15.2624580Z ok - mutable aggregate view detaches shared native list
2026-09-11T23:31:15.5466803Z copy state drop
2026-09-11T23:31:15.5467160Z copy state drop
2026-09-11T23:31:15.5467496Z ok - deep-copy repeated native class roots without collections
2026-09-11T23:31:15.8190998Z native cycle drop
2026-09-11T23:31:15.8191422Z native cycle drop
2026-09-11T23:31:15.8191701Z ok - finalize a direct native class cycle
2026-09-11T23:31:16.0993712Z native cycle drop
2026-09-11T23:31:16.0994150Z native cycle drop
2026-09-11T23:31:16.0994469Z ok - finalize a native class cycle through lists
2026-09-11T23:31:16.3828189Z native cycle drop
2026-09-11T23:31:16.3828529Z native cycle drop
2026-09-11T23:31:16.3828917Z ok - finalize a native class cycle through protocols
2026-09-11T23:31:16.6613018Z ok - execute the complete native collection mutation slice
2026-09-11T23:31:16.9311378Z copy state drop
2026-09-11T23:31:16.9311730Z copy state drop
2026-09-11T23:31:16.9312077Z ok - execute native ownership and deep-copy runtime
2026-09-11T23:31:17.2066489Z ok - preserve resource aggregates across native list growth
2026-09-11T23:31:17.4877788Z ok - serialize native mutations with mutex
2026-09-11T23:31:17.7865086Z native cycle drop
2026-09-11T23:31:17.7865533Z native cycle drop
2026-09-11T23:31:17.7865788Z native cycle drop
2026-09-11T23:31:17.7866043Z native cycle drop
2026-09-11T23:31:17.7866276Z native cycle drop
2026-09-11T23:31:17.7866593Z native cycle drop
2026-09-11T23:31:17.7866981Z ok - finalize native cycles across direct collection and protocol edges
2026-09-11T23:31:17.7890745Z 22 passed; 0 failed
2026-09-11T23:31:18.9020895Z ok - call an ARM64 package Boundary
2026-09-11T23:31:19.1700103Z ok - round-trip a callback through the Windows ARM64 ABI
2026-09-11T23:31:19.1700601Z 2 passed; 0 failed
2026-09-11T23:31:25.0028733Z Post job cleanup.
2026-09-11T23:31:25.2621580Z [command]"C:\Program Files\Git\bin\git.exe" version
2026-09-11T23:31:25.3064742Z git version 2.55.0.windows.5
2026-09-11T23:31:25.3142737Z Temporarily overriding HOME='C:\a\_temp\21cb768c-a90f-4dbb-9810-2b90211f8719' before making global git config changes
2026-09-11T23:31:25.3143506Z Adding repository directory to the temporary git global config as a safe directory
2026-09-11T23:31:25.3152174Z [command]"C:\Program Files\Git\bin\git.exe" config --global --add safe.directory C:\a\Silex\Silex
2026-09-11T23:31:25.3621587Z Removing SSH command configuration
2026-09-11T23:31:25.3631982Z [command]"C:\Program Files\Git\bin\git.exe" config --local --name-only --get-regexp core\.sshCommand
2026-09-11T23:31:25.4098475Z [command]"C:\Program Files\Git\bin\git.exe" submodule foreach --recursive "sh -c \"git config --local --name-only --get-regexp 'core\.sshCommand' && git config --local --unset-all 'core.sshCommand' || :\""
2026-09-11T23:31:26.4814233Z Removing HTTP extra header
2026-09-11T23:31:26.4824658Z [command]"C:\Program Files\Git\bin\git.exe" config --local --name-only --get-regexp http\.https\:\/\/github\.com\/\.extraheader
2026-09-11T23:31:26.5307229Z [command]"C:\Program Files\Git\bin\git.exe" submodule foreach --recursive "sh -c \"git config --local --name-only --get-regexp 'http\.https\:\/\/github\.com\/\.extraheader' && git config --local --unset-all 'http.https://github.com/.extraheader' || :\""
2026-09-11T23:31:27.6040963Z Removing includeIf entries pointing to credentials config files
2026-09-11T23:31:27.6052704Z [command]"C:\Program Files\Git\bin\git.exe" config --local --name-only --get-regexp ^includeIf\.gitdir:
2026-09-11T23:31:27.6471814Z includeif.gitdir:C:/a/Silex/Silex/.git.path
2026-09-11T23:31:27.6472416Z includeif.gitdir:C:/a/Silex/Silex/.git/worktrees/*.path
2026-09-11T23:31:27.6473580Z includeif.gitdir:/github/workspace/.git.path
2026-09-11T23:31:27.6474108Z includeif.gitdir:/github/workspace/.git/worktrees/*.path
2026-09-11T23:31:27.6518853Z [command]"C:\Program Files\Git\bin\git.exe" config --local --get-all includeif.gitdir:C:/a/Silex/Silex/.git.path
2026-09-11T23:31:27.6941115Z C:\a\_temp\git-credentials-e37612ed-5535-4ad6-9e1a-62377d08cbd5.config
2026-09-11T23:31:27.6990160Z [command]"C:\Program Files\Git\bin\git.exe" config --local --unset includeif.gitdir:C:/a/Silex/Silex/.git.path C:\a\_temp\git-credentials-e37612ed-5535-4ad6-9e1a-62377d08cbd5.config
2026-09-11T23:31:27.7473936Z [command]"C:\Program Files\Git\bin\git.exe" config --local --get-all includeif.gitdir:C:/a/Silex/Silex/.git/worktrees/*.path
2026-09-11T23:31:27.7889267Z C:\a\_temp\git-credentials-e37612ed-5535-4ad6-9e1a-62377d08cbd5.config
2026-09-11T23:31:27.7937207Z [command]"C:\Program Files\Git\bin\git.exe" config --local --unset includeif.gitdir:C:/a/Silex/Silex/.git/worktrees/*.path C:\a\_temp\git-credentials-e37612ed-5535-4ad6-9e1a-62377d08cbd5.config
2026-09-11T23:31:27.8404379Z [command]"C:\Program Files\Git\bin\git.exe" config --local --get-all includeif.gitdir:/github/workspace/.git.path
2026-09-11T23:31:27.8814447Z /github/runner_temp/git-credentials-e37612ed-5535-4ad6-9e1a-62377d08cbd5.config
2026-09-11T23:31:27.8858190Z [command]"C:\Program Files\Git\bin\git.exe" config --local --unset includeif.gitdir:/github/workspace/.git.path /github/runner_temp/git-credentials-e37612ed-5535-4ad6-9e1a-62377d08cbd5.config
2026-09-11T23:31:27.9337664Z [command]"C:\Program Files\Git\bin\git.exe" config --local --get-all includeif.gitdir:/github/workspace/.git/worktrees/*.path
2026-09-11T23:31:27.9748008Z /github/runner_temp/git-credentials-e37612ed-5535-4ad6-9e1a-62377d08cbd5.config
2026-09-11T23:31:27.9799198Z [command]"C:\Program Files\Git\bin\git.exe" config --local --unset includeif.gitdir:/github/workspace/.git/worktrees/*.path /github/runner_temp/git-credentials-e37612ed-5535-4ad6-9e1a-62377d08cbd5.config
2026-09-11T23:31:28.0275369Z [command]"C:\Program Files\Git\bin\git.exe" submodule foreach --recursive "git config --local --show-origin --name-only --get-regexp remote.origin.url"
2026-09-11T23:31:29.1072374Z Removing credentials config 'C:\a\_temp\git-credentials-e37612ed-5535-4ad6-9e1a-62377d08cbd5.config'
2026-09-11T23:31:29.1286032Z Cleaning up orphan processes
2026-09-11T23:31:29.2003812Z ##[warning]Node.js 20 is deprecated. The following actions target Node.js 20 but are being forced to run on Node.js 24: actions/download-artifact@v5. For more information see: https://github.blog/changelog/2025-09-19-deprecation-of-node-20-on-github-actions-runners/

