2026-09-11T23:21:56.3022760Z Current runner version: '2.337.0'
2026-09-11T23:21:56.3061150Z ##[group]Runner Image Provisioner
2026-09-11T23:21:56.3062510Z Hosted Compute Agent
2026-09-11T23:21:56.3063420Z Version: 20260819.586
2026-09-11T23:21:56.3064410Z Commit: 3cc4a88dfa507ef76119ad1bb3eccc6378bb2b76
2026-09-11T23:21:56.3065610Z Build Date: 2026-08-18T23:20:18Z
2026-09-11T23:21:56.3066700Z Worker ID: {d6da5d07-f68f-4aa1-af52-fc96b6edfbf0}
2026-09-11T23:21:56.3067920Z Azure Region: westus
2026-09-11T23:21:56.3068800Z ##[endgroup]
2026-09-11T23:21:56.3071580Z ##[group]Operating System
2026-09-11T23:21:56.3072550Z macOS
2026-09-11T23:21:56.3073310Z 15.7.9
2026-09-11T23:21:56.3074060Z 24G830
2026-09-11T23:21:56.3074830Z ##[endgroup]
2026-09-11T23:21:56.3075660Z ##[group]Runner Image
2026-09-11T23:21:56.3076550Z Image: macos-15
2026-09-11T23:21:56.3077390Z Version: 20260824.0482.1
2026-09-11T23:21:56.3079520Z Included Software: https://github.com/actions/runner-images/blob/macos-15/20260824.0482/images/macos/macos-15-Readme.md
2026-09-11T23:21:56.3082320Z Image Release: https://github.com/actions/runner-images/releases/tag/macos-15%2F20260824.0482
2026-09-11T23:21:56.3084080Z ##[endgroup]
2026-09-11T23:21:56.3085900Z ##[group]GITHUB_TOKEN Permissions
2026-09-11T23:21:56.3088760Z Contents: read
2026-09-11T23:21:56.3089640Z Metadata: read
2026-09-11T23:21:56.3090480Z ##[endgroup]
2026-09-11T23:21:56.3093690Z Secret source: Actions
2026-09-11T23:21:56.3095110Z Cache mode: write
2026-09-11T23:21:56.3096250Z Prepare workflow directory
2026-09-11T23:21:56.3782470Z Prepare all required actions
2026-09-11T23:21:56.3873740Z Getting action download info
2026-09-11T23:21:56.9330020Z Download action repository 'actions/checkout@v6' (SHA:d23441a48e516b6c34aea4fa41551a30e30af803)
2026-09-11T23:21:57.4191570Z Complete job name: macos-x64
2026-09-11T23:21:57.5673250Z ##[group]Run actions/checkout@v6
2026-09-11T23:21:57.5675570Z with:
2026-09-11T23:21:57.5676400Z   repository: Matanek/Silex
2026-09-11T23:21:57.5684900Z   token: ***
2026-09-11T23:21:57.5685760Z   ssh-strict: true
2026-09-11T23:21:57.5686600Z   ssh-user: git
2026-09-11T23:21:57.5687450Z   persist-credentials: true
2026-09-11T23:21:57.5688460Z   clean: true
2026-09-11T23:21:57.5689350Z   sparse-checkout-cone-mode: true
2026-09-11T23:21:57.5690360Z   fetch-depth: 1
2026-09-11T23:21:57.5691160Z   fetch-tags: false
2026-09-11T23:21:57.5692010Z   show-progress: true
2026-09-11T23:21:57.5693040Z   lfs: false
2026-09-11T23:21:57.5693830Z   submodules: false
2026-09-11T23:21:57.5694680Z   set-safe-directory: true
2026-09-11T23:21:57.5695630Z   allow-unsafe-pr-checkout: false
2026-09-11T23:21:57.5697330Z ##[endgroup]
2026-09-11T23:21:58.0296980Z Syncing repository: Matanek/Silex
2026-09-11T23:21:58.0301370Z ##[group]Getting Git version info
2026-09-11T23:21:58.0303650Z Working directory is '/Users/runner/work/Silex/Silex'
2026-09-11T23:21:58.0306320Z [command]/usr/local/bin/git version
2026-09-11T23:21:58.0512180Z git version 2.55.0
2026-09-11T23:21:58.0653320Z ##[endgroup]
2026-09-11T23:21:58.0724930Z Copying '/Users/runner/.gitconfig' to '/Users/runner/work/_temp/9d561986-9de6-4bcc-8c23-a8dbcbcd212e/.gitconfig'
2026-09-11T23:21:58.0742050Z Temporarily overriding HOME='/Users/runner/work/_temp/9d561986-9de6-4bcc-8c23-a8dbcbcd212e' before making global git config changes
2026-09-11T23:21:58.0768250Z Adding repository directory to the temporary git global config as a safe directory
2026-09-11T23:21:58.0798020Z [command]/usr/local/bin/git config --global --add safe.directory /Users/runner/work/Silex/Silex
2026-09-11T23:21:58.0915860Z Deleting the contents of '/Users/runner/work/Silex/Silex'
2026-09-11T23:21:58.0970550Z ##[group]Determining repository object format
2026-09-11T23:21:58.1104370Z ##[endgroup]
2026-09-11T23:21:58.1181640Z ##[group]Initializing the repository
2026-09-11T23:21:58.1284330Z [command]/usr/local/bin/git init /Users/runner/work/Silex/Silex
2026-09-11T23:21:58.2228100Z hint: Using 'master' as the name for the initial branch. This default branch name
2026-09-11T23:21:58.2368480Z hint: will change to "main" in Git 3.0. To configure the initial branch name
2026-09-11T23:21:58.2423530Z hint: to use in all of your new repositories, which will suppress this warning,
2026-09-11T23:21:58.2488390Z hint: call:
2026-09-11T23:21:58.2535680Z hint:
2026-09-11T23:21:58.2540050Z hint: 	git config --global init.defaultBranch <name>
2026-09-11T23:21:58.2542940Z hint:
2026-09-11T23:21:58.2545760Z hint: Names commonly chosen instead of 'master' are 'main', 'trunk' and
2026-09-11T23:21:58.2549950Z hint: 'development'. The just-created branch can be renamed via this command:
2026-09-11T23:21:58.2553680Z hint:
2026-09-11T23:21:58.2555480Z hint: 	git branch -m <name>
2026-09-11T23:21:58.2557470Z hint:
2026-09-11T23:21:58.2560320Z hint: Disable this message with "git config set advice.defaultBranchName false"
2026-09-11T23:21:58.2564890Z Initialized empty Git repository in /Users/runner/work/Silex/Silex/.git/
2026-09-11T23:21:58.2755710Z [command]/usr/local/bin/git remote add origin https://github.com/Matanek/Silex
2026-09-11T23:21:58.2915120Z ##[endgroup]
2026-09-11T23:21:58.2958100Z ##[group]Disabling automatic garbage collection
2026-09-11T23:21:58.3034610Z [command]/usr/local/bin/git config --local gc.auto 0
2026-09-11T23:21:58.3148500Z ##[endgroup]
2026-09-11T23:21:58.3194770Z ##[group]Setting up auth
2026-09-11T23:21:58.3232320Z Removing SSH command configuration
2026-09-11T23:21:58.3269560Z [command]/usr/local/bin/git config --local --name-only --get-regexp core\.sshCommand
2026-09-11T23:21:58.3377460Z [command]/usr/local/bin/git submodule foreach --recursive sh -c "git config --local --name-only --get-regexp 'core\.sshCommand' && git config --local --unset-all 'core.sshCommand' || :"
2026-09-11T23:21:58.5629420Z Removing HTTP extra header
2026-09-11T23:21:58.5658920Z [command]/usr/local/bin/git config --local --name-only --get-regexp http\.https\:\/\/github\.com\/\.extraheader
2026-09-11T23:21:58.5810410Z [command]/usr/local/bin/git submodule foreach --recursive sh -c "git config --local --name-only --get-regexp 'http\.https\:\/\/github\.com\/\.extraheader' && git config --local --unset-all 'http.https://github.com/.extraheader' || :"
2026-09-11T23:21:58.7978860Z Removing includeIf entries pointing to credentials config files
2026-09-11T23:21:58.8022420Z [command]/usr/local/bin/git config --local --name-only --get-regexp ^includeIf\.gitdir:
2026-09-11T23:21:58.8083730Z [command]/usr/local/bin/git submodule foreach --recursive git config --local --show-origin --name-only --get-regexp remote.origin.url
2026-09-11T23:21:59.0559910Z [command]/usr/local/bin/git config --file /Users/runner/work/_temp/git-credentials-426e2439-b33a-41a8-8fe3-b2109ae54d8c.config http.https://github.com/.extraheader AUTHORIZATION: basic ***
2026-09-11T23:21:59.0689630Z [command]/usr/local/bin/git config --local includeIf.gitdir:/Users/runner/work/Silex/Silex/.git.path /Users/runner/work/_temp/git-credentials-426e2439-b33a-41a8-8fe3-b2109ae54d8c.config
2026-09-11T23:21:59.0789710Z [command]/usr/local/bin/git config --local includeIf.gitdir:/Users/runner/work/Silex/Silex/.git/worktrees/*.path /Users/runner/work/_temp/git-credentials-426e2439-b33a-41a8-8fe3-b2109ae54d8c.config
2026-09-11T23:21:59.0898370Z [command]/usr/local/bin/git config --local includeIf.gitdir:/github/workspace/.git.path /github/runner_temp/git-credentials-426e2439-b33a-41a8-8fe3-b2109ae54d8c.config
2026-09-11T23:21:59.0964150Z [command]/usr/local/bin/git config --local includeIf.gitdir:/github/workspace/.git/worktrees/*.path /github/runner_temp/git-credentials-426e2439-b33a-41a8-8fe3-b2109ae54d8c.config
2026-09-11T23:21:59.1037030Z ##[endgroup]
2026-09-11T23:21:59.1040210Z ##[group]Fetching the repository
2026-09-11T23:21:59.1084520Z [command]/usr/local/bin/git -c protocol.version=2 fetch --no-tags --prune --no-recurse-submodules --depth=1 origin +6b3f302b580acaf11a3375b2ae421be1140f525b:refs/remotes/origin/spec-silex-optimization-parity-completion
2026-09-11T23:22:00.8511390Z From https://github.com/Matanek/Silex
2026-09-11T23:22:00.8544860Z  * [new ref]         6b3f302b580acaf11a3375b2ae421be1140f525b -> origin/spec-silex-optimization-parity-completion
2026-09-11T23:22:00.8550620Z [command]/usr/local/bin/git branch --list --remote origin/spec-silex-optimization-parity-completion
2026-09-11T23:22:00.8649520Z   origin/spec-silex-optimization-parity-completion
2026-09-11T23:22:00.8761280Z [command]/usr/local/bin/git rev-parse refs/remotes/origin/spec-silex-optimization-parity-completion
2026-09-11T23:22:00.8795930Z 6b3f302b580acaf11a3375b2ae421be1140f525b
2026-09-11T23:22:00.8956250Z ##[endgroup]
2026-09-11T23:22:00.8994800Z ##[group]Determining the checkout info
2026-09-11T23:22:00.9027630Z ##[endgroup]
2026-09-11T23:22:00.9059760Z [command]/usr/local/bin/git sparse-checkout disable
2026-09-11T23:22:00.9149940Z [command]/usr/local/bin/git config --local --unset-all extensions.worktreeConfig
2026-09-11T23:22:00.9293430Z ##[group]Checking out the ref
2026-09-11T23:22:00.9325470Z [command]/usr/local/bin/git checkout --progress --force -B spec-silex-optimization-parity-completion refs/remotes/origin/spec-silex-optimization-parity-completion
2026-09-11T23:22:02.0228760Z Updating files:  70% (1406/2007)
2026-09-11T23:22:02.0783920Z Updating files:  71% (1425/2007)
2026-09-11T23:22:02.0815690Z Updating files:  72% (1446/2007)
2026-09-11T23:22:02.1153970Z Updating files:  73% (1466/2007)
2026-09-11T23:22:02.1300870Z Updating files:  74% (1486/2007)
2026-09-11T23:22:02.1383750Z Updating files:  75% (1506/2007)
2026-09-11T23:22:02.3115710Z Updating files:  76% (1526/2007)
2026-09-11T23:22:02.3397670Z Updating files:  77% (1546/2007)
2026-09-11T23:22:02.4220440Z Updating files:  78% (1566/2007)
2026-09-11T23:22:02.5340980Z Updating files:  79% (1586/2007)
2026-09-11T23:22:02.5523810Z Updating files:  80% (1606/2007)
2026-09-11T23:22:02.5610160Z Updating files:  81% (1626/2007)
2026-09-11T23:22:02.5707150Z Updating files:  82% (1646/2007)
2026-09-11T23:22:02.5857250Z Updating files:  83% (1666/2007)
2026-09-11T23:22:02.6362130Z Updating files:  84% (1686/2007)
2026-09-11T23:22:02.6430610Z Updating files:  85% (1706/2007)
2026-09-11T23:22:02.6476080Z Updating files:  86% (1727/2007)
2026-09-11T23:22:02.6693210Z Updating files:  87% (1747/2007)
2026-09-11T23:22:02.6874830Z Updating files:  88% (1767/2007)
2026-09-11T23:22:02.6933270Z Updating files:  89% (1787/2007)
2026-09-11T23:22:02.7014370Z Updating files:  90% (1807/2007)
2026-09-11T23:22:02.7073110Z Updating files:  91% (1827/2007)
2026-09-11T23:22:02.7106560Z Updating files:  92% (1847/2007)
2026-09-11T23:22:02.7147530Z Updating files:  93% (1867/2007)
2026-09-11T23:22:02.7174890Z Updating files:  94% (1887/2007)
2026-09-11T23:22:02.7206020Z Updating files:  95% (1907/2007)
2026-09-11T23:22:02.7245130Z Updating files:  96% (1927/2007)
2026-09-11T23:22:02.7413750Z Updating files:  97% (1947/2007)
2026-09-11T23:22:02.7536130Z Updating files:  98% (1967/2007)
2026-09-11T23:22:02.7968590Z Updating files:  99% (1987/2007)
2026-09-11T23:22:02.7982810Z Updating files: 100% (2007/2007)
2026-09-11T23:22:02.7995700Z Updating files: 100% (2007/2007), done.
2026-09-11T23:22:02.8551740Z Switched to a new branch 'spec-silex-optimization-parity-completion'
2026-09-11T23:22:02.8569740Z branch 'spec-silex-optimization-parity-completion' set up to track 'origin/spec-silex-optimization-parity-completion'.
2026-09-11T23:22:02.8616100Z ##[endgroup]
2026-09-11T23:22:02.8839540Z [command]/usr/local/bin/git log -1 --format=%H
2026-09-11T23:22:02.8983080Z 6b3f302b580acaf11a3375b2ae421be1140f525b
2026-09-11T23:22:02.9407730Z ##[group]Run set -euo pipefail
2026-09-11T23:22:02.9409050Z [36;1mset -euo pipefail[0m
2026-09-11T23:22:02.9409650Z [36;1marchive="$RUNNER_TEMP/zig.tar.xz"[0m
2026-09-11T23:22:02.9410970Z [36;1mcurl -fL https://ziglang.org/download/0.16.0/zig-x86_64-macos-0.16.0.tar.xz -o "$archive"[0m
2026-09-11T23:22:02.9412880Z [36;1mecho "0387557ed1877bc6a2e1802c8391953baddba76081876301c522f52977b52ba7  $archive" | shasum -a 256 -c -[0m
2026-09-11T23:22:02.9414420Z [36;1mtar -xJf "$archive" -C "$RUNNER_TEMP"[0m
2026-09-11T23:22:02.9415390Z [36;1mecho "$RUNNER_TEMP/zig-x86_64-macos-0.16.0" >> "$GITHUB_PATH"[0m
2026-09-11T23:22:02.9522230Z shell: /bin/bash --noprofile --norc -e -o pipefail {0}
2026-09-11T23:22:02.9522980Z ##[endgroup]
2026-09-11T23:22:03.5079470Z   % Total    % Received % Xferd  Average Speed  Time    Time    Time   Current
2026-09-11T23:22:03.5725540Z                                  Dload  Upload  Total   Spent   Left   Speed
2026-09-11T23:22:03.5758270Z 
2026-09-11T23:22:04.4816320Z   0      0   0      0   0      0      0      0                              0
2026-09-11T23:22:05.5205400Z   0 54.73M   0 527.7k   0      0 379.2k      0   02:27   00:01   02:26 516.3k
2026-09-11T23:22:06.5823370Z  24 54.73M  24 13.18M   0      0  5.41M      0   00:10   00:02   00:08  6.38M
2026-09-11T23:22:07.6580170Z  57 54.73M  57 31.48M   0      0  9.00M      0   00:06   00:03   00:03 10.07M
2026-09-11T23:22:07.7294350Z  95 54.73M  95 52.12M   0      0 11.40M      0   00:04   00:04         12.40M
2026-09-11T23:22:07.7296190Z 100 54.73M 100 54.73M   0      0 11.79M      0   00:04   00:04         12.40M
2026-09-11T23:22:07.7300330Z 100 54.73M 100 54.73M   0      0 11.79M      0   00:04   00:04         12.40M
2026-09-11T23:22:07.7305000Z 100 54.73M 100 54.73M   0      0 11.78M      0   00:04   00:04         12.40M
2026-09-11T23:22:08.2091510Z /Users/runner/work/_temp/zig.tar.xz: OK
2026-09-11T23:22:21.9396140Z ##[group]Run set -euo pipefail
2026-09-11T23:22:21.9397010Z [36;1mset -euo pipefail[0m
2026-09-11T23:22:21.9397590Z [36;1mtest "$(uname -m)" = "x86_64"[0m
2026-09-11T23:22:21.9398260Z [36;1mexport HOME="$RUNNER_TEMP/home"[0m
2026-09-11T23:22:21.9398900Z [36;1mmkdir -p "$HOME"[0m
2026-09-11T23:22:21.9399610Z [36;1mzig build -Doptimize=ReleaseFast -Dcpu=baseline \[0m
2026-09-11T23:22:21.9400470Z [36;1m  --prefix "$RUNNER_TEMP/silex-prefix" \[0m
2026-09-11T23:22:21.9401670Z [36;1m  --build-file Toolchain/build.zig[0m
2026-09-11T23:22:21.9402430Z [36;1msilex="$RUNNER_TEMP/silex-prefix/bin/silex"[0m
2026-09-11T23:22:21.9403150Z [36;1m"$silex" --version[0m
2026-09-11T23:22:21.9403790Z [36;1m"$silex" targets | grep -F 'macos-x64'[0m
2026-09-11T23:22:21.9404460Z [36;1m"$silex" setup[0m
2026-09-11T23:22:21.9405350Z [36;1mshadercross="$HOME/.silex/toolchain/shadercross/3.0.0/macos-x64/bin/shadercross"[0m
2026-09-11T23:22:21.9406530Z [36;1mfile "$shadercross" | grep -F 'x86_64'[0m
2026-09-11T23:22:21.9407250Z [36;1m"$shadercross" --help >/dev/null 2>&1[0m
2026-09-11T23:22:21.9408380Z [36;1mboundary_root="$GITHUB_WORKSPACE/Toolchain/Fixtures/MacOSX64Boundary/Boundary/macos-x64"[0m
2026-09-11T23:22:21.9409880Z [36;1mzig cc -target x86_64-macos -c "$boundary_root/Provider.c" -o "$boundary_root/Provider.o"[0m
2026-09-11T23:22:21.9411240Z [36;1mzig ar rcs "$boundary_root/libMacOSX64Boundary.a" "$boundary_root/Provider.o"[0m
2026-09-11T23:22:21.9412600Z [36;1mboundary_consumer="$GITHUB_WORKSPACE/Toolchain/Fixtures/MacOSX64BoundaryConsumer"[0m
2026-09-11T23:22:21.9413930Z [36;1m"$silex" link "$GITHUB_WORKSPACE/Toolchain/Fixtures/MacOSX64Boundary" \[0m
2026-09-11T23:22:21.9414990Z [36;1m  --workspace "$boundary_consumer" --target macos-x64[0m
2026-09-11T23:22:21.9415850Z [36;1m"$silex" packages resolve "$boundary_consumer"[0m
2026-09-11T23:22:21.9416680Z [36;1m"$silex" compile "$boundary_consumer/Main.sx" \[0m
2026-09-11T23:22:21.9417510Z [36;1m  --release -o "$RUNNER_TEMP/macos-x64-boundary"[0m
2026-09-11T23:22:21.9418510Z [36;1mtest "$("$RUNNER_TEMP/macos-x64-boundary")" = "macos x64 boundary ready"[0m
2026-09-11T23:22:21.9419910Z [36;1m"$silex" test "$GITHUB_WORKSPACE/Tests/Native/NativePortability.sx"[0m
2026-09-11T23:22:21.9421690Z [36;1mscalar_root="$RUNNER_TEMP/scalar-float-fixture"[0m
2026-09-11T23:22:21.9422610Z [36;1mmkdir -p "$scalar_root"[0m
2026-09-11T23:22:21.9423740Z [36;1mprintf '%s\n' '{"sources":"."}' > "$scalar_root/Package.json"[0m
2026-09-11T23:22:21.9425160Z [36;1msnapshot_fixture="$scalar_root/BranchSnapshots.sx"[0m
2026-09-11T23:22:21.9427000Z [36;1mcp "$GITHUB_WORKSPACE/Toolchain/Benchmarks/Optimizer/Regressions/BranchSnapshots.sx" "$snapshot_fixture"[0m
2026-09-11T23:22:21.9429490Z [36;1mfor mode in debug release; do[0m
2026-09-11T23:22:21.9430410Z [36;1m  "$silex" compile "$snapshot_fixture" "--$mode" --nocache \[0m
2026-09-11T23:22:21.9432610Z [36;1m    -o "$RUNNER_TEMP/branch-snapshots-$mode"[0m
2026-09-11T23:22:21.9434260Z [36;1m  snapshot_output=$("$RUNNER_TEMP/branch-snapshots-$mode")[0m
2026-09-11T23:22:21.9437790Z [36;1m  test "$(printf '%s\n' "$snapshot_output" | wc -l)" -eq 8[0m
2026-09-11T23:22:21.9438870Z [36;1m  test "$(printf '%s\n' "$snapshot_output" | grep -c '^true$')" -eq 8[0m
2026-09-11T23:22:21.9439710Z [36;1mdone[0m
2026-09-11T23:22:21.9440920Z [36;1mloop_exit_fixture="$scalar_root/LoopExitResidence.sx"[0m
2026-09-11T23:22:21.9443070Z [36;1mcp "$GITHUB_WORKSPACE/Toolchain/Benchmarks/Optimizer/Regressions/LoopExitResidence.sx" "$loop_exit_fixture"[0m
2026-09-11T23:22:21.9445180Z [36;1mfor mode in debug release; do[0m
2026-09-11T23:22:21.9446450Z [36;1m  "$silex" compile "$loop_exit_fixture" "--$mode" --nocache \[0m
2026-09-11T23:22:21.9447510Z [36;1m    -o "$RUNNER_TEMP/loop-exit-residence-$mode"[0m
2026-09-11T23:22:21.9448480Z [36;1m  loop_exit_output=$("$RUNNER_TEMP/loop-exit-residence-$mode")[0m
2026-09-11T23:22:21.9450990Z [36;1m  test "$(printf '%s\n' "$loop_exit_output" | wc -l)" -eq 5[0m
2026-09-11T23:22:21.9452450Z [36;1m  test "$(printf '%s\n' "$loop_exit_output" | grep -c '^true$')" -eq 5[0m
2026-09-11T23:22:21.9453430Z [36;1mdone[0m
2026-09-11T23:22:21.9454110Z [36;1mfloat_memory_fixture="$scalar_root/FloatMemoryResidence.sx"[0m
2026-09-11T23:22:21.9455710Z [36;1mcp "$GITHUB_WORKSPACE/Toolchain/Benchmarks/Optimizer/Regressions/FloatMemoryResidence.sx" "$float_memory_fixture"[0m
2026-09-11T23:22:21.9457060Z [36;1mfor mode in debug release; do[0m
2026-09-11T23:22:21.9457890Z [36;1m  "$silex" compile "$float_memory_fixture" "--$mode" --nocache \[0m
2026-09-11T23:22:21.9458850Z [36;1m    -o "$RUNNER_TEMP/float-memory-residence-$mode"[0m
2026-09-11T23:22:21.9459850Z [36;1m  float_memory_output=$("$RUNNER_TEMP/float-memory-residence-$mode")[0m
2026-09-11T23:22:21.9460980Z [36;1m  test "$(printf '%s\n' "$float_memory_output" | wc -l)" -eq 10[0m
2026-09-11T23:22:21.9462160Z [36;1m  test "$(printf '%s\n' "$float_memory_output" | grep -c '^true$')" -eq 10[0m
2026-09-11T23:22:21.9463070Z [36;1mdone[0m
2026-09-11T23:22:21.9464010Z [36;1mfloat_operands_fixture="$scalar_root/ScalarFloatOperands.sx"[0m
2026-09-11T23:22:21.9465730Z [36;1mcp "$GITHUB_WORKSPACE/Toolchain/Benchmarks/Optimizer/Regressions/ScalarFloatOperands.sx" "$float_operands_fixture"[0m
2026-09-11T23:22:21.9467250Z [36;1mfor mode in debug release; do[0m
2026-09-11T23:22:21.9468190Z [36;1m  "$silex" compile "$float_operands_fixture" "--$mode" --nocache \[0m
2026-09-11T23:22:21.9469200Z [36;1m    -o "$RUNNER_TEMP/scalar-float-operands-$mode"[0m
2026-09-11T23:22:21.9470550Z [36;1m  float_operands_output=$("$RUNNER_TEMP/scalar-float-operands-$mode")[0m
2026-09-11T23:22:21.9471750Z [36;1m  test "$(printf '%s\n' "$float_operands_output" | wc -l)" -eq 18[0m
2026-09-11T23:22:21.9472910Z [36;1m  test "$(printf '%s\n' "$float_operands_output" | grep -c '^true$')" -eq 18[0m
2026-09-11T23:22:21.9473870Z [36;1mdone[0m
2026-09-11T23:22:21.9474640Z [36;1mprivate_length_fixture="$scalar_root/PrivateCollectionLengths.sx"[0m
2026-09-11T23:22:21.9476360Z [36;1mcp "$GITHUB_WORKSPACE/Toolchain/Benchmarks/Optimizer/Regressions/PrivateCollectionLengths.sx" "$private_length_fixture"[0m
2026-09-11T23:22:21.9508130Z [36;1mfor mode in debug release; do[0m
2026-09-11T23:22:21.9509570Z [36;1m  "$silex" compile "$private_length_fixture" "--$mode" --nocache \[0m
2026-09-11T23:22:21.9510830Z [36;1m    -o "$RUNNER_TEMP/private-collection-lengths-$mode"[0m
2026-09-11T23:22:21.9512150Z [36;1m  private_length_output=$("$RUNNER_TEMP/private-collection-lengths-$mode")[0m
2026-09-11T23:22:21.9513290Z [36;1m  test "$(printf '%s\n' "$private_length_output" | wc -l)" -eq 10[0m
2026-09-11T23:22:21.9515580Z [36;1m  test "$(printf '%s\n' "$private_length_output" | grep -c '^true$')" -eq 10[0m
2026-09-11T23:22:21.9516490Z [36;1mdone[0m
2026-09-11T23:22:21.9517140Z [36;1mclass_leaf_fixture="$scalar_root/ScalarClassLeaves.sx"[0m
2026-09-11T23:22:21.9518600Z [36;1mcp "$GITHUB_WORKSPACE/Toolchain/Benchmarks/Optimizer/Regressions/ScalarClassLeaves.sx" "$class_leaf_fixture"[0m
2026-09-11T23:22:21.9519910Z [36;1mfor mode in debug release; do[0m
2026-09-11T23:22:21.9520710Z [36;1m  "$silex" compile "$class_leaf_fixture" "--$mode" --nocache \[0m
2026-09-11T23:22:21.9521630Z [36;1m    -o "$RUNNER_TEMP/scalar-class-leaves-$mode"[0m
2026-09-11T23:22:21.9522550Z [36;1m  class_leaf_output=$("$RUNNER_TEMP/scalar-class-leaves-$mode")[0m
2026-09-11T23:22:21.9523690Z [36;1m  test "$(printf '%s\n' "$class_leaf_output" | wc -l)" -eq 10[0m
2026-09-11T23:22:21.9524710Z [36;1m  test "$(printf '%s\n' "$class_leaf_output" | grep -c '^true$')" -eq 10[0m
2026-09-11T23:22:21.9525550Z [36;1mdone[0m
2026-09-11T23:22:21.9526480Z [36;1mrun_distribution() {[0m
2026-09-11T23:22:21.9527520Z [36;1m  executable="$1"[0m
2026-09-11T23:22:21.9528240Z [36;1m  stderr="$RUNNER_TEMP/$(basename "$executable").stderr"[0m
2026-09-11T23:22:21.9529010Z [36;1m  set +e[0m
2026-09-11T23:22:21.9530010Z [36;1m  output=$("$executable" 2>"$stderr")[0m
2026-09-11T23:22:21.9530680Z [36;1m  status=$?[0m
2026-09-11T23:22:21.9531140Z [36;1m  set -e[0m
2026-09-11T23:22:21.9531620Z [36;1m  if [ "$status" -ne 0 ]; then[0m
2026-09-11T23:22:21.9532440Z [36;1m    cat "$stderr"[0m
2026-09-11T23:22:21.9533010Z [36;1m    lldb --batch -o 'run' \[0m
2026-09-11T23:22:21.9534080Z [36;1m      -k 'thread backtrace all' \[0m
2026-09-11T23:22:21.9534750Z [36;1m      -k 'register read' \[0m
2026-09-11T23:22:21.9535360Z [36;1m      -k 'image lookup -a $pc' \[0m
2026-09-11T23:22:21.9536010Z [36;1m      -k 'disassemble -p' \[0m
2026-09-11T23:22:21.9536770Z [36;1m      -- "$executable" || true[0m
2026-09-11T23:22:21.9537520Z [36;1m    return "$status"[0m
2026-09-11T23:22:21.9538080Z [36;1m  fi[0m
2026-09-11T23:22:21.9538640Z [36;1m  test "$output" = "silex distribution ready"[0m
2026-09-11T23:22:21.9539310Z [36;1m}[0m
2026-09-11T23:22:21.9540030Z [36;1mdistribution="$GITHUB_WORKSPACE/Tests/Native/DistributionSmoke.sx"[0m
2026-09-11T23:22:21.9540990Z [36;1m"$silex" compile "$distribution" \[0m
2026-09-11T23:22:21.9541760Z [36;1m  -o "$RUNNER_TEMP/distribution-smoke-debug"[0m
2026-09-11T23:22:21.9543100Z [36;1mrun_distribution "$RUNNER_TEMP/distribution-smoke-debug"[0m
2026-09-11T23:22:21.9544340Z [36;1m"$silex" compile "$distribution" \[0m
2026-09-11T23:22:21.9545550Z [36;1m  --release -o "$RUNNER_TEMP/distribution-smoke-release"[0m
2026-09-11T23:22:21.9546650Z [36;1mrun_distribution "$RUNNER_TEMP/distribution-smoke-release"[0m
2026-09-11T23:22:21.9548120Z [36;1mtest "$("$silex" run "$distribution" --release)" = "silex distribution ready"[0m
2026-09-11T23:22:21.9549540Z [36;1m"$silex" compile "$GITHUB_WORKSPACE/Tests/Native/NativePortability.sx" \[0m
2026-09-11T23:22:21.9551210Z [36;1m  --release -o "$RUNNER_TEMP/native-portability"[0m
2026-09-11T23:22:21.9552270Z [36;1mfile "$RUNNER_TEMP/native-portability" | grep -F 'x86_64'[0m
2026-09-11T23:22:21.9553390Z [36;1mportability_output=$("$RUNNER_TEMP/native-portability")[0m
2026-09-11T23:22:21.9554860Z [36;1mprintf '%s\n' "$portability_output"[0m
2026-09-11T23:22:21.9556080Z [36;1mcycle_drops=$(printf '%s\n' "$portability_output" | grep -c '^native cycle drop$')[0m
2026-09-11T23:22:21.9557100Z [36;1mtest "$cycle_drops" -eq 6[0m
2026-09-11T23:22:21.9640740Z shell: /bin/bash --noprofile --norc -e -o pipefail {0}
2026-09-11T23:22:21.9641520Z ##[endgroup]
2026-09-11T23:28:49.6816750Z silex 0.44.1
2026-09-11T23:28:49.6868290Z macos-x64 (host)
2026-09-11T23:28:50.9071220Z silex: installed Shadercross for macos-x64
2026-09-11T23:29:08.6364190Z silex: installed Native linker for macos-x64
2026-09-11T23:29:08.6502730Z /Users/runner/work/_temp/home/.silex/toolchain/shadercross/3.0.0/macos-x64/bin/shadercross: Mach-O universal binary with 2 architectures: [x86_64:Mach-O 64-bit executable x86_64] [arm64:Mach-O 64-bit executable arm64]
2026-09-11T23:29:08.6507130Z /Users/runner/work/_temp/home/.silex/toolchain/shadercross/3.0.0/macos-x64/bin/shadercross (for architecture x86_64):	Mach-O 64-bit executable x86_64
2026-09-11T23:29:08.9416430Z silex: linked MacOSX64Boundary@1.0.0 to /Users/runner/work/Silex/Silex/Toolchain/Fixtures/MacOSX64Boundary for this workspace
2026-09-11T23:29:08.9470780Z MacOSX64Boundary 1.0.0 workspace-link /Users/runner/work/Silex/Silex/Toolchain/Fixtures/MacOSX64Boundary
2026-09-11T23:29:21.8829030Z ok - execute direct indirect and dynamic calls beyond native registers
2026-09-11T23:29:21.9918200Z ok - preserve paired float32 arithmetic on native
2026-09-11T23:29:22.1050920Z ok - mutate a class-owned native list without changing its snapshot
2026-09-11T23:29:22.2943490Z ok - replace class elements in a class-owned native list
2026-09-11T23:29:22.4011020Z ok - preserve embedded byte contents on native
2026-09-11T23:29:22.5210610Z ok - format native floats through the standalone runtime
2026-09-11T23:29:22.6279860Z ok - convert native float precision in both directions
2026-09-11T23:29:22.7363090Z ok - replace and preserve an aliased native list
2026-09-11T23:29:22.8567340Z ok - swap and reverse a native list
2026-09-11T23:29:22.9711200Z ok - grow a native list at every position
2026-09-11T23:29:23.0878740Z ok - remove native list elements from every position
2026-09-11T23:29:23.2062920Z ok - slice view mutate and clear native lists
2026-09-11T23:29:23.3262790Z ok - mutable aggregate view detaches shared native list
2026-09-11T23:29:23.4475980Z copy state drop
2026-09-11T23:29:23.4476530Z copy state drop
2026-09-11T23:29:23.4477210Z ok - deep-copy repeated native class roots without collections
2026-09-11T23:29:23.5667140Z native cycle drop
2026-09-11T23:29:23.5667940Z native cycle drop
2026-09-11T23:29:23.5668780Z ok - finalize a direct native class cycle
2026-09-11T23:29:23.6873680Z native cycle drop
2026-09-11T23:29:23.6874250Z native cycle drop
2026-09-11T23:29:23.6874780Z ok - finalize a native class cycle through lists
2026-09-11T23:29:23.8123790Z native cycle drop
2026-09-11T23:29:23.8124390Z native cycle drop
2026-09-11T23:29:23.8125090Z ok - finalize a native class cycle through protocols
2026-09-11T23:29:23.9408760Z ok - execute the complete native collection mutation slice
2026-09-11T23:29:24.0560270Z copy state drop
2026-09-11T23:29:24.0560840Z copy state drop
2026-09-11T23:29:24.0678110Z ok - execute native ownership and deep-copy runtime
2026-09-11T23:29:24.1825050Z ok - preserve resource aggregates across native list growth
2026-09-11T23:29:24.2951570Z ok - serialize native mutations with mutex
2026-09-11T23:29:24.4108300Z native cycle drop
2026-09-11T23:29:24.4108910Z native cycle drop
2026-09-11T23:29:24.4109430Z native cycle drop
2026-09-11T23:29:24.4109930Z native cycle drop
2026-09-11T23:29:24.4110380Z native cycle drop
2026-09-11T23:29:24.4110990Z native cycle drop
2026-09-11T23:29:24.4111990Z ok - finalize native cycles across direct collection and protocol edges
2026-09-11T23:29:24.4113060Z 22 passed; 0 failed
2026-09-11T23:29:25.6417940Z /Users/runner/work/_temp/native-portability: Mach-O 64-bit executable x86_64
2026-09-11T23:29:25.6473730Z copy state drop
2026-09-11T23:29:25.6474290Z copy state drop
2026-09-11T23:29:25.6475570Z native cycle drop
2026-09-11T23:29:25.6476570Z native cycle drop
2026-09-11T23:29:25.6477390Z native cycle drop
2026-09-11T23:29:25.6478250Z native cycle drop
2026-09-11T23:29:25.6478880Z native cycle drop
2026-09-11T23:29:25.6479520Z native cycle drop
2026-09-11T23:29:25.6791700Z Post job cleanup.
2026-09-11T23:29:25.8615650Z [command]/usr/local/bin/git version
2026-09-11T23:29:25.8727990Z git version 2.55.0
2026-09-11T23:29:25.8773040Z Copying '/Users/runner/.gitconfig' to '/Users/runner/work/_temp/ec2f7d89-d60a-4799-bcb0-468c4f9e2efa/.gitconfig'
2026-09-11T23:29:25.8789040Z Temporarily overriding HOME='/Users/runner/work/_temp/ec2f7d89-d60a-4799-bcb0-468c4f9e2efa' before making global git config changes
2026-09-11T23:29:25.8791610Z Adding repository directory to the temporary git global config as a safe directory
2026-09-11T23:29:25.8796910Z [command]/usr/local/bin/git config --global --add safe.directory /Users/runner/work/Silex/Silex
2026-09-11T23:29:25.8908860Z Removing SSH command configuration
2026-09-11T23:29:25.8918530Z [command]/usr/local/bin/git config --local --name-only --get-regexp core\.sshCommand
2026-09-11T23:29:25.9030720Z [command]/usr/local/bin/git submodule foreach --recursive sh -c "git config --local --name-only --get-regexp 'core\.sshCommand' && git config --local --unset-all 'core.sshCommand' || :"
2026-09-11T23:29:26.0456020Z Removing HTTP extra header
2026-09-11T23:29:26.0463680Z [command]/usr/local/bin/git config --local --name-only --get-regexp http\.https\:\/\/github\.com\/\.extraheader
2026-09-11T23:29:26.0577950Z [command]/usr/local/bin/git submodule foreach --recursive sh -c "git config --local --name-only --get-regexp 'http\.https\:\/\/github\.com\/\.extraheader' && git config --local --unset-all 'http.https://github.com/.extraheader' || :"
2026-09-11T23:29:26.1948870Z Removing includeIf entries pointing to credentials config files
2026-09-11T23:29:26.1957370Z [command]/usr/local/bin/git config --local --name-only --get-regexp ^includeIf\.gitdir:
2026-09-11T23:29:26.2059330Z includeif.gitdir:/Users/runner/work/Silex/Silex/.git.path
2026-09-11T23:29:26.2060440Z includeif.gitdir:/Users/runner/work/Silex/Silex/.git/worktrees/*.path
2026-09-11T23:29:26.2061780Z includeif.gitdir:/github/workspace/.git.path
2026-09-11T23:29:26.2063320Z includeif.gitdir:/github/workspace/.git/worktrees/*.path
2026-09-11T23:29:26.2073380Z [command]/usr/local/bin/git config --local --get-all includeif.gitdir:/Users/runner/work/Silex/Silex/.git.path
2026-09-11T23:29:26.2171980Z /Users/runner/work/_temp/git-credentials-426e2439-b33a-41a8-8fe3-b2109ae54d8c.config
2026-09-11T23:29:26.2187540Z [command]/usr/local/bin/git config --local --unset includeif.gitdir:/Users/runner/work/Silex/Silex/.git.path /Users/runner/work/_temp/git-credentials-426e2439-b33a-41a8-8fe3-b2109ae54d8c.config
2026-09-11T23:29:26.4133350Z [command]/usr/local/bin/git config --local --get-all includeif.gitdir:/Users/runner/work/Silex/Silex/.git/worktrees/*.path
2026-09-11T23:29:26.4139710Z /Users/runner/work/_temp/git-credentials-426e2439-b33a-41a8-8fe3-b2109ae54d8c.config
2026-09-11T23:29:26.4163820Z [command]/usr/local/bin/git config --local --unset includeif.gitdir:/Users/runner/work/Silex/Silex/.git/worktrees/*.path /Users/runner/work/_temp/git-credentials-426e2439-b33a-41a8-8fe3-b2109ae54d8c.config
2026-09-11T23:29:26.4172150Z [command]/usr/local/bin/git config --local --get-all includeif.gitdir:/github/workspace/.git.path
2026-09-11T23:29:26.4175270Z /github/runner_temp/git-credentials-426e2439-b33a-41a8-8fe3-b2109ae54d8c.config
2026-09-11T23:29:26.4183090Z [command]/usr/local/bin/git config --local --unset includeif.gitdir:/github/workspace/.git.path /github/runner_temp/git-credentials-426e2439-b33a-41a8-8fe3-b2109ae54d8c.config
2026-09-11T23:29:26.4191010Z [command]/usr/local/bin/git config --local --get-all includeif.gitdir:/github/workspace/.git/worktrees/*.path
2026-09-11T23:29:26.4194340Z /github/runner_temp/git-credentials-426e2439-b33a-41a8-8fe3-b2109ae54d8c.config
2026-09-11T23:29:26.4202530Z [command]/usr/local/bin/git config --local --unset includeif.gitdir:/github/workspace/.git/worktrees/*.path /github/runner_temp/git-credentials-426e2439-b33a-41a8-8fe3-b2109ae54d8c.config
2026-09-11T23:29:26.4274850Z [command]/usr/local/bin/git submodule foreach --recursive git config --local --show-origin --name-only --get-regexp remote.origin.url
2026-09-11T23:29:26.5668390Z Removing credentials config '/Users/runner/work/_temp/git-credentials-426e2439-b33a-41a8-8fe3-b2109ae54d8c.config'
2026-09-11T23:29:26.5861680Z Cleaning up orphan processes

