{
  "after_before": {
    "median": 0.8632998136097327,
    "mad": 0.013279443792807655,
    "lower_bound": 0.8588612579749249,
    "upper_bound": 0.8775784472792996,
    "confidence_ppm": 960823,
    "half_shift": 0.017132331922006028
  },
  "after_clang": {
    "median": 1.74019644964215,
    "mad": 0.017273331008414772,
    "lower_bound": 1.7252707394027966,
    "upper_bound": 1.7551662014461038,
    "confidence_ppm": 960823,
    "half_shift": -0.0020130554285749946
  },
  "before_clang": {
    "median": 2.01730666917013,
    "mad": 0.03815828411639188,
    "lower_bound": 1.9828306495485577,
    "upper_bound": 2.033609696924945,
    "confidence_ppm": 960823,
    "half_shift": -0.023288336342980553
  },
  "before": {
    "median_ms": 522.64795,
    "mad_ms": 8.406049999999937
  },
  "after": {
    "median_ms": 452.515,
    "mad_ms": 6.340000000000032
  },
  "clang": {
    "median_ms": 259.321999969,
    "mad_ms": 3.191999857999974
  }
}
