2026-09-12T07:48:46.1232408Z Current runner version: '2.337.0'
2026-09-12T07:48:46.1254187Z ##[group]Runner Image Provisioner
2026-09-12T07:48:46.1254970Z Hosted Compute Agent
2026-09-12T07:48:46.1255501Z Version: 20260828.587
2026-09-12T07:48:46.1256067Z Commit: abac92662cab4cc7352de4f9f9d2e2419aad9c29
2026-09-12T07:48:46.1256636Z Build Date: 2026-08-28T16:44:25Z
2026-09-12T07:48:46.1257268Z Worker ID: {a8a9bea0-833c-4815-9bee-256ed5961fcd}
2026-09-12T07:48:46.1257883Z Azure Region: westus3
2026-09-12T07:48:46.1258382Z ##[endgroup]
2026-09-12T07:48:46.1259648Z ##[group]Operating System
2026-09-12T07:48:46.1260150Z Ubuntu
2026-09-12T07:48:46.1260639Z 24.04.5
2026-09-12T07:48:46.1261093Z LTS
2026-09-12T07:48:46.1261504Z ##[endgroup]
2026-09-12T07:48:46.1262015Z ##[group]Runner Image
2026-09-12T07:48:46.1262542Z Image: ubuntu-24.04
2026-09-12T07:48:46.1263069Z Version: 20260907.300.1
2026-09-12T07:48:46.1264213Z Included Software: https://github.com/actions/runner-images/blob/ubuntu24/20260907.300/images/ubuntu/Ubuntu2404-Readme.md
2026-09-12T07:48:46.1265533Z Image Release: https://github.com/actions/runner-images/releases/tag/ubuntu24%2F20260907.300
2026-09-12T07:48:46.1266321Z ##[endgroup]
2026-09-12T07:48:46.1267272Z ##[group]GITHUB_TOKEN Permissions
2026-09-12T07:48:46.1269045Z Contents: read
2026-09-12T07:48:46.1269864Z Metadata: read
2026-09-12T07:48:46.1270332Z ##[endgroup]
2026-09-12T07:48:46.1272048Z Secret source: Actions
2026-09-12T07:48:46.1272947Z Cache mode: write
2026-09-12T07:48:46.1273534Z Prepare workflow directory
2026-09-12T07:48:46.1602591Z Prepare all required actions
2026-09-12T07:48:46.1647647Z Getting action download info
2026-09-12T07:48:46.4378219Z Download action repository 'actions/checkout@v6' (SHA:d23441a48e516b6c34aea4fa41551a30e30af803)
2026-09-12T07:48:46.7348220Z Download action repository 'actions/upload-artifact@v4' (SHA:ea165f8d65b6e75b540449e92b4886f43607fa02)
2026-09-12T07:48:46.9985684Z Complete job name: windows-arm64-build
2026-09-12T07:48:47.0565797Z ##[group]Run actions/checkout@v6
2026-09-12T07:48:47.0566485Z with:
2026-09-12T07:48:47.0566835Z   repository: Matanek/Silex
2026-09-12T07:48:47.0569835Z   token: ***
2026-09-12T07:48:47.0570193Z   ssh-strict: true
2026-09-12T07:48:47.0570549Z   ssh-user: git
2026-09-12T07:48:47.0570907Z   persist-credentials: true
2026-09-12T07:48:47.0571300Z   clean: true
2026-09-12T07:48:47.0571661Z   sparse-checkout-cone-mode: true
2026-09-12T07:48:47.0572081Z   fetch-depth: 1
2026-09-12T07:48:47.0572435Z   fetch-tags: false
2026-09-12T07:48:47.0572803Z   show-progress: true
2026-09-12T07:48:47.0573165Z   lfs: false
2026-09-12T07:48:47.0573496Z   submodules: false
2026-09-12T07:48:47.0573855Z   set-safe-directory: true
2026-09-12T07:48:47.0574387Z   allow-unsafe-pr-checkout: false
2026-09-12T07:48:47.0574945Z ##[endgroup]
2026-09-12T07:48:47.1415462Z Syncing repository: Matanek/Silex
2026-09-12T07:48:47.1417695Z ##[group]Getting Git version info
2026-09-12T07:48:47.1418628Z Working directory is '/home/runner/work/Silex/Silex'
2026-09-12T07:48:47.1419817Z [command]/usr/bin/git version
2026-09-12T07:48:47.1473337Z git version 2.55.0
2026-09-12T07:48:47.1525251Z ##[endgroup]
2026-09-12T07:48:47.1537975Z Temporarily overriding HOME='/home/runner/work/_temp/a6b93a6d-f100-4c10-aee9-bbd64868e847' before making global git config changes
2026-09-12T07:48:47.1539841Z Adding repository directory to the temporary git global config as a safe directory
2026-09-12T07:48:47.1542458Z [command]/usr/bin/git config --global --add safe.directory /home/runner/work/Silex/Silex
2026-09-12T07:48:47.1591001Z Deleting the contents of '/home/runner/work/Silex/Silex'
2026-09-12T07:48:47.1603224Z ##[group]Determining repository object format
2026-09-12T07:48:47.1607549Z ##[endgroup]
2026-09-12T07:48:47.1608935Z ##[group]Initializing the repository
2026-09-12T07:48:47.1610044Z [command]/usr/bin/git init /home/runner/work/Silex/Silex
2026-09-12T07:48:47.1695894Z hint: Using 'master' as the name for the initial branch. This default branch name
2026-09-12T07:48:47.1710016Z hint: will change to "main" in Git 3.0. To configure the initial branch name
2026-09-12T07:48:47.1715722Z hint: to use in all of your new repositories, which will suppress this warning,
2026-09-12T07:48:47.1717142Z hint: call:
2026-09-12T07:48:47.1718225Z hint:
2026-09-12T07:48:47.1719168Z hint: 	git config --global init.defaultBranch <name>
2026-09-12T07:48:47.1720503Z hint:
2026-09-12T07:48:47.1723392Z hint: Names commonly chosen instead of 'master' are 'main', 'trunk' and
2026-09-12T07:48:47.1724758Z hint: 'development'. The just-created branch can be renamed via this command:
2026-09-12T07:48:47.1725768Z hint:
2026-09-12T07:48:47.1726307Z hint: 	git branch -m <name>
2026-09-12T07:48:47.1726921Z hint:
2026-09-12T07:48:47.1727734Z hint: Disable this message with "git config set advice.defaultBranchName false"
2026-09-12T07:48:47.1728995Z Initialized empty Git repository in /home/runner/work/Silex/Silex/.git/
2026-09-12T07:48:47.1731168Z [command]/usr/bin/git remote add origin https://github.com/Matanek/Silex
2026-09-12T07:48:47.1771093Z ##[endgroup]
2026-09-12T07:48:47.1772171Z ##[group]Disabling automatic garbage collection
2026-09-12T07:48:47.1776173Z [command]/usr/bin/git config --local gc.auto 0
2026-09-12T07:48:47.1810031Z ##[endgroup]
2026-09-12T07:48:47.1811169Z ##[group]Setting up auth
2026-09-12T07:48:47.1811989Z Removing SSH command configuration
2026-09-12T07:48:47.1817687Z [command]/usr/bin/git config --local --name-only --get-regexp core\.sshCommand
2026-09-12T07:48:47.1887198Z [command]/usr/bin/git submodule foreach --recursive sh -c "git config --local --name-only --get-regexp 'core\.sshCommand' && git config --local --unset-all 'core.sshCommand' || :"
2026-09-12T07:48:47.2218764Z Removing HTTP extra header
2026-09-12T07:48:47.2224991Z [command]/usr/bin/git config --local --name-only --get-regexp http\.https\:\/\/github\.com\/\.extraheader
2026-09-12T07:48:47.2261879Z [command]/usr/bin/git submodule foreach --recursive sh -c "git config --local --name-only --get-regexp 'http\.https\:\/\/github\.com\/\.extraheader' && git config --local --unset-all 'http.https://github.com/.extraheader' || :"
2026-09-12T07:48:47.2451636Z Removing includeIf entries pointing to credentials config files
2026-09-12T07:48:47.2458154Z [command]/usr/bin/git config --local --name-only --get-regexp ^includeIf\.gitdir:
2026-09-12T07:48:47.2489244Z [command]/usr/bin/git submodule foreach --recursive git config --local --show-origin --name-only --get-regexp remote.origin.url
2026-09-12T07:48:47.2683276Z [command]/usr/bin/git config --file /home/runner/work/_temp/git-credentials-60eb80a3-441e-4f03-92bc-850ce7766646.config http.https://github.com/.extraheader AUTHORIZATION: basic ***
2026-09-12T07:48:47.2717381Z [command]/usr/bin/git config --local includeIf.gitdir:/home/runner/work/Silex/Silex/.git.path /home/runner/work/_temp/git-credentials-60eb80a3-441e-4f03-92bc-850ce7766646.config
2026-09-12T07:48:47.2745554Z [command]/usr/bin/git config --local includeIf.gitdir:/home/runner/work/Silex/Silex/.git/worktrees/*.path /home/runner/work/_temp/git-credentials-60eb80a3-441e-4f03-92bc-850ce7766646.config
2026-09-12T07:48:47.2777232Z [command]/usr/bin/git config --local includeIf.gitdir:/github/workspace/.git.path /github/runner_temp/git-credentials-60eb80a3-441e-4f03-92bc-850ce7766646.config
2026-09-12T07:48:47.2807135Z [command]/usr/bin/git config --local includeIf.gitdir:/github/workspace/.git/worktrees/*.path /github/runner_temp/git-credentials-60eb80a3-441e-4f03-92bc-850ce7766646.config
2026-09-12T07:48:47.2910396Z ##[endgroup]
2026-09-12T07:48:47.2911035Z ##[group]Fetching the repository
2026-09-12T07:48:47.2917902Z [command]/usr/bin/git -c protocol.version=2 fetch --no-tags --prune --no-recurse-submodules --depth=1 origin +1507a041b2b6704f253acdede2599d1360e52712:refs/remotes/origin/spec-silex-optimization-parity-completion
2026-09-12T07:48:49.8294284Z From https://github.com/Matanek/Silex
2026-09-12T07:48:49.8296352Z  * [new ref]         1507a041b2b6704f253acdede2599d1360e52712 -> origin/spec-silex-optimization-parity-completion
2026-09-12T07:48:49.8311379Z [command]/usr/bin/git branch --list --remote origin/spec-silex-optimization-parity-completion
2026-09-12T07:48:49.8329421Z   origin/spec-silex-optimization-parity-completion
2026-09-12T07:48:49.8337894Z [command]/usr/bin/git rev-parse refs/remotes/origin/spec-silex-optimization-parity-completion
2026-09-12T07:48:49.8361626Z 1507a041b2b6704f253acdede2599d1360e52712
2026-09-12T07:48:49.8365899Z ##[endgroup]
2026-09-12T07:48:49.8367072Z ##[group]Determining the checkout info
2026-09-12T07:48:49.8368213Z ##[endgroup]
2026-09-12T07:48:49.8371255Z [command]/usr/bin/git sparse-checkout disable
2026-09-12T07:48:49.8426522Z [command]/usr/bin/git config --local --unset-all extensions.worktreeConfig
2026-09-12T07:48:49.8453593Z ##[group]Checking out the ref
2026-09-12T07:48:49.8458840Z [command]/usr/bin/git checkout --progress --force -B spec-silex-optimization-parity-completion refs/remotes/origin/spec-silex-optimization-parity-completion
2026-09-12T07:48:50.0979657Z Switched to a new branch 'spec-silex-optimization-parity-completion'
2026-09-12T07:48:50.0981691Z branch 'spec-silex-optimization-parity-completion' set up to track 'origin/spec-silex-optimization-parity-completion'.
2026-09-12T07:48:50.1003315Z ##[endgroup]
2026-09-12T07:48:50.1044927Z [command]/usr/bin/git log -1 --format=%H
2026-09-12T07:48:50.1068457Z 1507a041b2b6704f253acdede2599d1360e52712
2026-09-12T07:48:50.1252238Z ##[group]Run set -euo pipefail
2026-09-12T07:48:50.1252630Z [36;1mset -euo pipefail[0m
2026-09-12T07:48:50.1252912Z [36;1marchive="$RUNNER_TEMP/zig.tar.xz"[0m
2026-09-12T07:48:50.1253480Z [36;1mcurl -fL https://ziglang.org/download/0.16.0/zig-x86_64-linux-0.16.0.tar.xz -o "$archive"[0m
2026-09-12T07:48:50.1254287Z [36;1mecho "70e49664a74374b48b51e6f3fdfbf437f6395d42509050588bd49abe52ba3d00  $archive" | sha256sum -c -[0m
2026-09-12T07:48:50.1254810Z [36;1mtar -xJf "$archive" -C "$RUNNER_TEMP"[0m
2026-09-12T07:48:50.1255169Z [36;1mecho "$RUNNER_TEMP/zig-x86_64-linux-0.16.0" >> "$GITHUB_PATH"[0m
2026-09-12T07:48:50.1291419Z shell: /usr/bin/bash --noprofile --norc -e -o pipefail {0}
2026-09-12T07:48:50.1291817Z ##[endgroup]
2026-09-12T07:48:50.1424966Z   % Total    % Received % Xferd  Average Speed   Time    Time     Time  Current
2026-09-12T07:48:50.1425582Z                                  Dload  Upload   Total   Spent    Left  Speed
2026-09-12T07:48:50.1426149Z 
2026-09-12T07:48:50.1588837Z   0     0    0     0    0     0      0      0 --:--:-- --:--:-- --:--:--     0
2026-09-12T07:48:51.2382648Z   0     0    0     0    0     0      0      0 --:--:-- --:--:-- --:--:--     0
2026-09-12T07:48:52.1765055Z   0 52.9M    0 98042    0     0  89474      0  0:10:20  0:00:01  0:10:19 89454
2026-09-12T07:48:53.2772114Z   2 52.9M    2 1375k    0     0   676k      0  0:01:20  0:00:02  0:01:18  676k
2026-09-12T07:48:54.1576275Z  27 52.9M   27 14.4M    0     0  4726k      0  0:00:11  0:00:03  0:00:08 4725k
2026-09-12T07:48:55.2221856Z  60 52.9M   60 32.2M    0     0  8220k      0  0:00:06  0:00:04  0:00:02 8219k
2026-09-12T07:48:55.2840699Z  95 52.9M   95 50.2M    0     0   9.8M      0  0:00:05  0:00:05 --:--:--  9.9M
2026-09-12T07:48:55.2841275Z 100 52.9M  100 52.9M    0     0  10.2M      0  0:00:05  0:00:05 --:--:-- 13.0M
2026-09-12T07:48:55.3241933Z /home/runner/work/_temp/zig.tar.xz: OK
2026-09-12T07:48:58.2423194Z ##[group]Run set -euo pipefail
2026-09-12T07:48:58.2423489Z [36;1mset -euo pipefail[0m
2026-09-12T07:48:58.2423727Z [36;1mstage="$RUNNER_TEMP/windows-arm64-bootstrap"[0m
2026-09-12T07:48:58.2423989Z [36;1mmkdir -p "$stage/boundary"[0m
2026-09-12T07:48:58.2424562Z [36;1mzig build -Dtarget=aarch64-windows -Doptimize=ReleaseFast -Dcpu=baseline \[0m
2026-09-12T07:48:58.2424902Z [36;1m  --prefix "$stage/silex" \[0m
2026-09-12T07:48:58.2425166Z [36;1m  --build-file Toolchain/build.zig[0m
2026-09-12T07:48:58.2425551Z [36;1mzig build-lib Tests/Target/windows-arm64/WindowsArm64BoundaryProbe/Provider.zig \[0m
2026-09-12T07:48:58.2425905Z [36;1m  -O ReleaseSmall \[0m
2026-09-12T07:48:58.2426122Z [36;1m  -target aarch64-windows \[0m
2026-09-12T07:48:58.2426581Z [36;1m  -femit-bin="$stage/boundary/BoundaryProbe.lib"[0m
2026-09-12T07:48:58.2426915Z [36;1mtest "$(head -c 8 "$stage/boundary/BoundaryProbe.lib")" = "!<arch>"[0m
2026-09-12T07:48:58.2462693Z shell: /usr/bin/bash --noprofile --norc -e -o pipefail {0}
2026-09-12T07:48:58.2463007Z ##[endgroup]
2026-09-12T07:53:16.4059095Z Node 20 is being deprecated. This workflow is running with Node 24 by default. If you need to temporarily use Node 20, you can set the ACTIONS_ALLOW_USE_UNSECURE_NODE_VERSION=true environment variable. For more information see: https://github.blog/changelog/2025-09-19-deprecation-of-node-20-on-github-actions-runners/
2026-09-12T07:53:16.4060707Z ##[group]Run actions/upload-artifact@v4
2026-09-12T07:53:16.4060938Z with:
2026-09-12T07:53:16.4061112Z   name: windows-arm64-bootstrap
2026-09-12T07:53:16.4061358Z   path: /home/runner/work/_temp/windows-arm64-bootstrap
2026-09-12T07:53:16.4061612Z   retention-days: 1
2026-09-12T07:53:16.4061792Z   if-no-files-found: error
2026-09-12T07:53:16.4062039Z   compression-level: 6
2026-09-12T07:53:16.4062242Z   overwrite: false
2026-09-12T07:53:16.4062414Z   include-hidden-files: false
2026-09-12T07:53:16.4062609Z ##[endgroup]
2026-09-12T07:53:16.5458831Z (node:2242) [DEP0040] DeprecationWarning: The `punycode` module is deprecated. Please use a userland alternative instead.
2026-09-12T07:53:16.5459763Z (Use `node --trace-deprecation ...` to show where the warning was created)
2026-09-12T07:53:16.5545281Z With the provided path, there will be 3 files uploaded
2026-09-12T07:53:16.5565494Z Artifact name is valid!
2026-09-12T07:53:16.5565916Z Root directory input is valid!
2026-09-12T07:53:16.9022007Z Beginning upload of artifact content to blob storage
2026-09-12T07:53:17.6180213Z (node:2242) [DEP0169] DeprecationWarning: `url.parse()` behavior is not standardized and prone to errors that have security implications. Use the WHATWG URL API instead. CVEs are not issued for `url.parse()` vulnerabilities.
2026-09-12T07:53:18.2992358Z Uploaded bytes 8388608
2026-09-12T07:53:18.3616551Z Uploaded bytes 8792557
2026-09-12T07:53:18.4167343Z Finished uploading artifact content to blob storage!
2026-09-12T07:53:18.4167972Z SHA256 digest of uploaded artifact zip is bd872c8d2fcba10b0fbe69a761fcdad8757f0658c987efae6beb435f24e956b2
2026-09-12T07:53:18.4169291Z Finalizing artifact upload
2026-09-12T07:53:18.6446421Z Artifact windows-arm64-bootstrap.zip successfully finalized. Artifact ID 10294640178
2026-09-12T07:53:18.6447475Z Artifact windows-arm64-bootstrap has been successfully uploaded! Final size is 8792557 bytes. Artifact ID is 10294640178
2026-09-12T07:53:18.6452880Z Artifact download URL: https://github.com/Matanek/Silex/actions/runs/34681686660/artifacts/10294640178
2026-09-12T07:53:18.6641401Z Post job cleanup.
2026-09-12T07:53:18.7356810Z [command]/usr/bin/git version
2026-09-12T07:53:18.7395330Z git version 2.55.0
2026-09-12T07:53:18.7428984Z Temporarily overriding HOME='/home/runner/work/_temp/94fc01d2-5212-4228-bdf5-e6eb72d5e134' before making global git config changes
2026-09-12T07:53:18.7430003Z Adding repository directory to the temporary git global config as a safe directory
2026-09-12T07:53:18.7433930Z [command]/usr/bin/git config --global --add safe.directory /home/runner/work/Silex/Silex
2026-09-12T07:53:18.7467028Z Removing SSH command configuration
2026-09-12T07:53:18.7473366Z [command]/usr/bin/git config --local --name-only --get-regexp core\.sshCommand
2026-09-12T07:53:18.7508337Z [command]/usr/bin/git submodule foreach --recursive sh -c "git config --local --name-only --get-regexp 'core\.sshCommand' && git config --local --unset-all 'core.sshCommand' || :"
2026-09-12T07:53:18.7731120Z Removing HTTP extra header
2026-09-12T07:53:18.7736447Z [command]/usr/bin/git config --local --name-only --get-regexp http\.https\:\/\/github\.com\/\.extraheader
2026-09-12T07:53:18.7769422Z [command]/usr/bin/git submodule foreach --recursive sh -c "git config --local --name-only --get-regexp 'http\.https\:\/\/github\.com\/\.extraheader' && git config --local --unset-all 'http.https://github.com/.extraheader' || :"
2026-09-12T07:53:18.8013879Z Removing includeIf entries pointing to credentials config files
2026-09-12T07:53:18.8023646Z [command]/usr/bin/git config --local --name-only --get-regexp ^includeIf\.gitdir:
2026-09-12T07:53:18.8057264Z includeif.gitdir:/home/runner/work/Silex/Silex/.git.path
2026-09-12T07:53:18.8057929Z includeif.gitdir:/home/runner/work/Silex/Silex/.git/worktrees/*.path
2026-09-12T07:53:18.8058614Z includeif.gitdir:/github/workspace/.git.path
2026-09-12T07:53:18.8059065Z includeif.gitdir:/github/workspace/.git/worktrees/*.path
2026-09-12T07:53:18.8066789Z [command]/usr/bin/git config --local --get-all includeif.gitdir:/home/runner/work/Silex/Silex/.git.path
2026-09-12T07:53:18.8092205Z /home/runner/work/_temp/git-credentials-60eb80a3-441e-4f03-92bc-850ce7766646.config
2026-09-12T07:53:18.8105997Z [command]/usr/bin/git config --local --unset includeif.gitdir:/home/runner/work/Silex/Silex/.git.path /home/runner/work/_temp/git-credentials-60eb80a3-441e-4f03-92bc-850ce7766646.config
2026-09-12T07:53:18.8146418Z [command]/usr/bin/git config --local --get-all includeif.gitdir:/home/runner/work/Silex/Silex/.git/worktrees/*.path
2026-09-12T07:53:18.8174966Z /home/runner/work/_temp/git-credentials-60eb80a3-441e-4f03-92bc-850ce7766646.config
2026-09-12T07:53:18.8186696Z [command]/usr/bin/git config --local --unset includeif.gitdir:/home/runner/work/Silex/Silex/.git/worktrees/*.path /home/runner/work/_temp/git-credentials-60eb80a3-441e-4f03-92bc-850ce7766646.config
2026-09-12T07:53:18.8229280Z [command]/usr/bin/git config --local --get-all includeif.gitdir:/github/workspace/.git.path
2026-09-12T07:53:18.8257497Z /github/runner_temp/git-credentials-60eb80a3-441e-4f03-92bc-850ce7766646.config
2026-09-12T07:53:18.8265419Z [command]/usr/bin/git config --local --unset includeif.gitdir:/github/workspace/.git.path /github/runner_temp/git-credentials-60eb80a3-441e-4f03-92bc-850ce7766646.config
2026-09-12T07:53:18.8299347Z [command]/usr/bin/git config --local --get-all includeif.gitdir:/github/workspace/.git/worktrees/*.path
2026-09-12T07:53:18.8323282Z /github/runner_temp/git-credentials-60eb80a3-441e-4f03-92bc-850ce7766646.config
2026-09-12T07:53:18.8330982Z [command]/usr/bin/git config --local --unset includeif.gitdir:/github/workspace/.git/worktrees/*.path /github/runner_temp/git-credentials-60eb80a3-441e-4f03-92bc-850ce7766646.config
2026-09-12T07:53:18.8365817Z [command]/usr/bin/git submodule foreach --recursive git config --local --show-origin --name-only --get-regexp remote.origin.url
2026-09-12T07:53:18.8575627Z Removing credentials config '/home/runner/work/_temp/git-credentials-60eb80a3-441e-4f03-92bc-850ce7766646.config'
2026-09-12T07:53:18.8710941Z Cleaning up orphan processes
2026-09-12T07:53:18.8976561Z ##[warning]Node.js 20 is deprecated. The following actions target Node.js 20 but are being forced to run on Node.js 24: actions/upload-artifact@v4. For more information see: https://github.blog/changelog/2025-09-19-deprecation-of-node-20-on-github-actions-runners/

