2026-09-12T07:48:45.9105067Z Current runner version: '2.337.0'
2026-09-12T07:48:45.9146394Z ##[group]Runner Image Provisioner
2026-09-12T07:48:45.9147087Z Hosted Compute Agent
2026-09-12T07:48:45.9147684Z Version: 20260828.587
2026-09-12T07:48:45.9148454Z Commit: abac92662cab4cc7352de4f9f9d2e2419aad9c29
2026-09-12T07:48:45.9149114Z Build Date: 2026-08-28T16:44:25Z
2026-09-12T07:48:45.9149672Z Worker ID: {89ef0460-3f2f-4f14-a38f-bc955da71479}
2026-09-12T07:48:45.9150229Z Azure Region: westus3
2026-09-12T07:48:45.9150760Z ##[endgroup]
2026-09-12T07:48:45.9151925Z ##[group]Operating System
2026-09-12T07:48:45.9152459Z Ubuntu
2026-09-12T07:48:45.9152899Z 24.04.5
2026-09-12T07:48:45.9153318Z LTS
2026-09-12T07:48:45.9153812Z ##[endgroup]
2026-09-12T07:48:45.9154312Z ##[group]Runner Image
2026-09-12T07:48:45.9154860Z Image: ubuntu-24.04
2026-09-12T07:48:45.9155340Z Version: 20260907.300.1
2026-09-12T07:48:45.9156382Z Included Software: https://github.com/actions/runner-images/blob/ubuntu24/20260907.300/images/ubuntu/Ubuntu2404-Readme.md
2026-09-12T07:48:45.9157663Z Image Release: https://github.com/actions/runner-images/releases/tag/ubuntu24%2F20260907.300
2026-09-12T07:48:45.9158783Z ##[endgroup]
2026-09-12T07:48:45.9159706Z ##[group]GITHUB_TOKEN Permissions
2026-09-12T07:48:45.9161420Z Contents: read
2026-09-12T07:48:45.9161947Z Metadata: read
2026-09-12T07:48:45.9162397Z ##[endgroup]
2026-09-12T07:48:45.9164216Z Secret source: Actions
2026-09-12T07:48:45.9164978Z Cache mode: write
2026-09-12T07:48:45.9166036Z Prepare workflow directory
2026-09-12T07:48:45.9435579Z Prepare all required actions
2026-09-12T07:48:45.9475726Z Getting action download info
2026-09-12T07:48:46.2226568Z Download action repository 'actions/checkout@v6' (SHA:d23441a48e516b6c34aea4fa41551a30e30af803)
2026-09-12T07:48:46.4756639Z Complete job name: linux-x64
2026-09-12T07:48:46.5344608Z ##[group]Run actions/checkout@v6
2026-09-12T07:48:46.5345279Z with:
2026-09-12T07:48:46.5345633Z   repository: Matanek/Silex
2026-09-12T07:48:46.5348919Z   token: ***
2026-09-12T07:48:46.5349291Z   ssh-strict: true
2026-09-12T07:48:46.5349649Z   ssh-user: git
2026-09-12T07:48:46.5350003Z   persist-credentials: true
2026-09-12T07:48:46.5350397Z   clean: true
2026-09-12T07:48:46.5350761Z   sparse-checkout-cone-mode: true
2026-09-12T07:48:46.5351166Z   fetch-depth: 1
2026-09-12T07:48:46.5351504Z   fetch-tags: false
2026-09-12T07:48:46.5351855Z   show-progress: true
2026-09-12T07:48:46.5352208Z   lfs: false
2026-09-12T07:48:46.5352534Z   submodules: false
2026-09-12T07:48:46.5352886Z   set-safe-directory: true
2026-09-12T07:48:46.5353286Z   allow-unsafe-pr-checkout: false
2026-09-12T07:48:46.5353865Z ##[endgroup]
2026-09-12T07:48:46.6176728Z Syncing repository: Matanek/Silex
2026-09-12T07:48:46.6178867Z ##[group]Getting Git version info
2026-09-12T07:48:46.6179763Z Working directory is '/home/runner/work/Silex/Silex'
2026-09-12T07:48:46.6181001Z [command]/usr/bin/git version
2026-09-12T07:48:46.6241641Z git version 2.55.0
2026-09-12T07:48:46.6260048Z ##[endgroup]
2026-09-12T07:48:46.6278549Z Temporarily overriding HOME='/home/runner/work/_temp/2c4f10e9-faba-4758-adec-e7842ea1d2b7' before making global git config changes
2026-09-12T07:48:46.6280113Z Adding repository directory to the temporary git global config as a safe directory
2026-09-12T07:48:46.6281003Z [command]/usr/bin/git config --global --add safe.directory /home/runner/work/Silex/Silex
2026-09-12T07:48:46.6325255Z Deleting the contents of '/home/runner/work/Silex/Silex'
2026-09-12T07:48:46.6335160Z ##[group]Determining repository object format
2026-09-12T07:48:46.6336275Z ##[endgroup]
2026-09-12T07:48:46.6337161Z ##[group]Initializing the repository
2026-09-12T07:48:46.6337922Z [command]/usr/bin/git init /home/runner/work/Silex/Silex
2026-09-12T07:48:46.6414657Z hint: Using 'master' as the name for the initial branch. This default branch name
2026-09-12T07:48:46.6416609Z hint: will change to "main" in Git 3.0. To configure the initial branch name
2026-09-12T07:48:46.6418061Z hint: to use in all of your new repositories, which will suppress this warning,
2026-09-12T07:48:46.6419710Z hint: call:
2026-09-12T07:48:46.6420436Z hint:
2026-09-12T07:48:46.6421283Z hint: 	git config --global init.defaultBranch <name>
2026-09-12T07:48:46.6422211Z hint:
2026-09-12T07:48:46.6423095Z hint: Names commonly chosen instead of 'master' are 'main', 'trunk' and
2026-09-12T07:48:46.6424436Z hint: 'development'. The just-created branch can be renamed via this command:
2026-09-12T07:48:46.6425501Z hint:
2026-09-12T07:48:46.6426207Z hint: 	git branch -m <name>
2026-09-12T07:48:46.6426959Z hint:
2026-09-12T07:48:46.6427889Z hint: Disable this message with "git config set advice.defaultBranchName false"
2026-09-12T07:48:46.6429637Z Initialized empty Git repository in /home/runner/work/Silex/Silex/.git/
2026-09-12T07:48:46.6432080Z [command]/usr/bin/git remote add origin https://github.com/Matanek/Silex
2026-09-12T07:48:46.6465032Z ##[endgroup]
2026-09-12T07:48:46.6465989Z ##[group]Disabling automatic garbage collection
2026-09-12T07:48:46.6468997Z [command]/usr/bin/git config --local gc.auto 0
2026-09-12T07:48:46.6495127Z ##[endgroup]
2026-09-12T07:48:46.6496024Z ##[group]Setting up auth
2026-09-12T07:48:46.6496709Z Removing SSH command configuration
2026-09-12T07:48:46.6501741Z [command]/usr/bin/git config --local --name-only --get-regexp core\.sshCommand
2026-09-12T07:48:46.6529195Z [command]/usr/bin/git submodule foreach --recursive sh -c "git config --local --name-only --get-regexp 'core\.sshCommand' && git config --local --unset-all 'core.sshCommand' || :"
2026-09-12T07:48:46.6820927Z Removing HTTP extra header
2026-09-12T07:48:46.6826356Z [command]/usr/bin/git config --local --name-only --get-regexp http\.https\:\/\/github\.com\/\.extraheader
2026-09-12T07:48:46.6881016Z [command]/usr/bin/git submodule foreach --recursive sh -c "git config --local --name-only --get-regexp 'http\.https\:\/\/github\.com\/\.extraheader' && git config --local --unset-all 'http.https://github.com/.extraheader' || :"
2026-09-12T07:48:46.7083026Z Removing includeIf entries pointing to credentials config files
2026-09-12T07:48:46.7088846Z [command]/usr/bin/git config --local --name-only --get-regexp ^includeIf\.gitdir:
2026-09-12T07:48:46.7120770Z [command]/usr/bin/git submodule foreach --recursive git config --local --show-origin --name-only --get-regexp remote.origin.url
2026-09-12T07:48:46.7321054Z [command]/usr/bin/git config --file /home/runner/work/_temp/git-credentials-79f2f938-2cba-4582-aa73-f9c953a612ae.config http.https://github.com/.extraheader AUTHORIZATION: basic ***
2026-09-12T07:48:46.7359104Z [command]/usr/bin/git config --local includeIf.gitdir:/home/runner/work/Silex/Silex/.git.path /home/runner/work/_temp/git-credentials-79f2f938-2cba-4582-aa73-f9c953a612ae.config
2026-09-12T07:48:46.7388908Z [command]/usr/bin/git config --local includeIf.gitdir:/home/runner/work/Silex/Silex/.git/worktrees/*.path /home/runner/work/_temp/git-credentials-79f2f938-2cba-4582-aa73-f9c953a612ae.config
2026-09-12T07:48:46.7420371Z [command]/usr/bin/git config --local includeIf.gitdir:/github/workspace/.git.path /github/runner_temp/git-credentials-79f2f938-2cba-4582-aa73-f9c953a612ae.config
2026-09-12T07:48:46.7451151Z [command]/usr/bin/git config --local includeIf.gitdir:/github/workspace/.git/worktrees/*.path /github/runner_temp/git-credentials-79f2f938-2cba-4582-aa73-f9c953a612ae.config
2026-09-12T07:48:46.7478939Z ##[endgroup]
2026-09-12T07:48:46.7479860Z ##[group]Fetching the repository
2026-09-12T07:48:46.7486626Z [command]/usr/bin/git -c protocol.version=2 fetch --no-tags --prune --no-recurse-submodules --depth=1 origin +1507a041b2b6704f253acdede2599d1360e52712:refs/remotes/origin/spec-silex-optimization-parity-completion
2026-09-12T07:48:49.1437284Z From https://github.com/Matanek/Silex
2026-09-12T07:48:49.1439618Z  * [new ref]         1507a041b2b6704f253acdede2599d1360e52712 -> origin/spec-silex-optimization-parity-completion
2026-09-12T07:48:49.1446819Z [command]/usr/bin/git branch --list --remote origin/spec-silex-optimization-parity-completion
2026-09-12T07:48:49.1472261Z   origin/spec-silex-optimization-parity-completion
2026-09-12T07:48:49.1479795Z [command]/usr/bin/git rev-parse refs/remotes/origin/spec-silex-optimization-parity-completion
2026-09-12T07:48:49.1502262Z 1507a041b2b6704f253acdede2599d1360e52712
2026-09-12T07:48:49.1506346Z ##[endgroup]
2026-09-12T07:48:49.1507767Z ##[group]Determining the checkout info
2026-09-12T07:48:49.1509585Z ##[endgroup]
2026-09-12T07:48:49.1510570Z [command]/usr/bin/git sparse-checkout disable
2026-09-12T07:48:49.1554573Z [command]/usr/bin/git config --local --unset-all extensions.worktreeConfig
2026-09-12T07:48:49.1582716Z ##[group]Checking out the ref
2026-09-12T07:48:49.1585737Z [command]/usr/bin/git checkout --progress --force -B spec-silex-optimization-parity-completion refs/remotes/origin/spec-silex-optimization-parity-completion
2026-09-12T07:48:49.4073684Z Switched to a new branch 'spec-silex-optimization-parity-completion'
2026-09-12T07:48:49.4077297Z branch 'spec-silex-optimization-parity-completion' set up to track 'origin/spec-silex-optimization-parity-completion'.
2026-09-12T07:48:49.4099440Z ##[endgroup]
2026-09-12T07:48:49.4140843Z [command]/usr/bin/git log -1 --format=%H
2026-09-12T07:48:49.4166165Z 1507a041b2b6704f253acdede2599d1360e52712
2026-09-12T07:48:49.4390293Z ##[group]Run actions/checkout@v6
2026-09-12T07:48:49.4390564Z with:
2026-09-12T07:48:49.4390785Z   repository: Matanek/Silex-Lib-STD
2026-09-12T07:48:49.4391066Z   ref: 5a018305fb470dfe00e94466150b3c04f207e252
2026-09-12T07:48:49.4391351Z   path: Dependencies/STD
2026-09-12T07:48:49.4393407Z   token: ***
2026-09-12T07:48:49.4393615Z   ssh-strict: true
2026-09-12T07:48:49.4393841Z   ssh-user: git
2026-09-12T07:48:49.4394056Z   persist-credentials: true
2026-09-12T07:48:49.4394290Z   clean: true
2026-09-12T07:48:49.4394515Z   sparse-checkout-cone-mode: true
2026-09-12T07:48:49.4394788Z   fetch-depth: 1
2026-09-12T07:48:49.4395015Z   fetch-tags: false
2026-09-12T07:48:49.4395225Z   show-progress: true
2026-09-12T07:48:49.4395442Z   lfs: false
2026-09-12T07:48:49.4395642Z   submodules: false
2026-09-12T07:48:49.4395884Z   set-safe-directory: true
2026-09-12T07:48:49.4396127Z   allow-unsafe-pr-checkout: false
2026-09-12T07:48:49.4396371Z ##[endgroup]
2026-09-12T07:48:49.5058096Z Syncing repository: Matanek/Silex-Lib-STD
2026-09-12T07:48:49.5065544Z ##[group]Getting Git version info
2026-09-12T07:48:49.5066534Z Working directory is '/home/runner/work/Silex/Silex/Dependencies/STD'
2026-09-12T07:48:49.5100668Z [command]/usr/bin/git version
2026-09-12T07:48:49.5135567Z git version 2.55.0
2026-09-12T07:48:49.5153411Z ##[endgroup]
2026-09-12T07:48:49.5164823Z Temporarily overriding HOME='/home/runner/work/_temp/35b84163-f9c8-41bf-8833-be83577533a8' before making global git config changes
2026-09-12T07:48:49.5166120Z Adding repository directory to the temporary git global config as a safe directory
2026-09-12T07:48:49.5169708Z [command]/usr/bin/git config --global --add safe.directory /home/runner/work/Silex/Silex/Dependencies/STD
2026-09-12T07:48:49.5208353Z ##[group]Determining repository object format
2026-09-12T07:48:49.5211692Z ##[endgroup]
2026-09-12T07:48:49.5212283Z ##[group]Initializing the repository
2026-09-12T07:48:49.5213206Z [command]/usr/bin/git init /home/runner/work/Silex/Silex/Dependencies/STD
2026-09-12T07:48:49.5327527Z hint: Using 'master' as the name for the initial branch. This default branch name
2026-09-12T07:48:49.5328666Z hint: will change to "main" in Git 3.0. To configure the initial branch name
2026-09-12T07:48:49.5329572Z hint: to use in all of your new repositories, which will suppress this warning,
2026-09-12T07:48:49.5330277Z hint: call:
2026-09-12T07:48:49.5330738Z hint:
2026-09-12T07:48:49.5331269Z hint: 	git config --global init.defaultBranch <name>
2026-09-12T07:48:49.5331854Z hint:
2026-09-12T07:48:49.5332476Z hint: Names commonly chosen instead of 'master' are 'main', 'trunk' and
2026-09-12T07:48:49.5333403Z hint: 'development'. The just-created branch can be renamed via this command:
2026-09-12T07:48:49.5334103Z hint:
2026-09-12T07:48:49.5334562Z hint: 	git branch -m <name>
2026-09-12T07:48:49.5335413Z hint:
2026-09-12T07:48:49.5336070Z hint: Disable this message with "git config set advice.defaultBranchName false"
2026-09-12T07:48:49.5337237Z Initialized empty Git repository in /home/runner/work/Silex/Silex/Dependencies/STD/.git/
2026-09-12T07:48:49.5339566Z [command]/usr/bin/git remote add origin https://github.com/Matanek/Silex-Lib-STD
2026-09-12T07:48:49.5367762Z ##[endgroup]
2026-09-12T07:48:49.5368536Z ##[group]Disabling automatic garbage collection
2026-09-12T07:48:49.5371816Z [command]/usr/bin/git config --local gc.auto 0
2026-09-12T07:48:49.5398110Z ##[endgroup]
2026-09-12T07:48:49.5398839Z ##[group]Setting up auth
2026-09-12T07:48:49.5399374Z Removing SSH command configuration
2026-09-12T07:48:49.5404505Z [command]/usr/bin/git config --local --name-only --get-regexp core\.sshCommand
2026-09-12T07:48:49.5432569Z [command]/usr/bin/git submodule foreach --recursive sh -c "git config --local --name-only --get-regexp 'core\.sshCommand' && git config --local --unset-all 'core.sshCommand' || :"
2026-09-12T07:48:49.5639039Z Removing HTTP extra header
2026-09-12T07:48:49.5645627Z [command]/usr/bin/git config --local --name-only --get-regexp http\.https\:\/\/github\.com\/\.extraheader
2026-09-12T07:48:49.5770591Z [command]/usr/bin/git submodule foreach --recursive sh -c "git config --local --name-only --get-regexp 'http\.https\:\/\/github\.com\/\.extraheader' && git config --local --unset-all 'http.https://github.com/.extraheader' || :"
2026-09-12T07:48:49.5930180Z Removing includeIf entries pointing to credentials config files
2026-09-12T07:48:49.5935871Z [command]/usr/bin/git config --local --name-only --get-regexp ^includeIf\.gitdir:
2026-09-12T07:48:49.5968658Z [command]/usr/bin/git submodule foreach --recursive git config --local --show-origin --name-only --get-regexp remote.origin.url
2026-09-12T07:48:49.6167984Z [command]/usr/bin/git config --file /home/runner/work/_temp/git-credentials-71b2a687-2802-4cec-b934-3700597e1c08.config http.https://github.com/.extraheader AUTHORIZATION: basic ***
2026-09-12T07:48:49.6204383Z [command]/usr/bin/git config --local includeIf.gitdir:/home/runner/work/Silex/Silex/Dependencies/STD/.git.path /home/runner/work/_temp/git-credentials-71b2a687-2802-4cec-b934-3700597e1c08.config
2026-09-12T07:48:49.6233511Z [command]/usr/bin/git config --local includeIf.gitdir:/home/runner/work/Silex/Silex/Dependencies/STD/.git/worktrees/*.path /home/runner/work/_temp/git-credentials-71b2a687-2802-4cec-b934-3700597e1c08.config
2026-09-12T07:48:49.6263171Z [command]/usr/bin/git config --local includeIf.gitdir:/github/workspace/Dependencies/STD/.git.path /github/runner_temp/git-credentials-71b2a687-2802-4cec-b934-3700597e1c08.config
2026-09-12T07:48:49.6327033Z [command]/usr/bin/git config --local includeIf.gitdir:/github/workspace/Dependencies/STD/.git/worktrees/*.path /github/runner_temp/git-credentials-71b2a687-2802-4cec-b934-3700597e1c08.config
2026-09-12T07:48:49.6353082Z ##[endgroup]
2026-09-12T07:48:49.6353586Z ##[group]Fetching the repository
2026-09-12T07:48:49.6359871Z [command]/usr/bin/git -c protocol.version=2 fetch --no-tags --prune --no-recurse-submodules --depth=1 origin 5a018305fb470dfe00e94466150b3c04f207e252
2026-09-12T07:48:50.4652281Z From https://github.com/Matanek/Silex-Lib-STD
2026-09-12T07:48:50.4652717Z  * branch            5a018305fb470dfe00e94466150b3c04f207e252 -> FETCH_HEAD
2026-09-12T07:48:50.4661934Z [command]/usr/bin/git rev-parse --verify --quiet 5a018305fb470dfe00e94466150b3c04f207e252^{object}
2026-09-12T07:48:50.4686558Z 5a018305fb470dfe00e94466150b3c04f207e252
2026-09-12T07:48:50.4690348Z ##[endgroup]
2026-09-12T07:48:50.4690695Z ##[group]Determining the checkout info
2026-09-12T07:48:50.4696271Z ##[endgroup]
2026-09-12T07:48:50.4699015Z [command]/usr/bin/git sparse-checkout disable
2026-09-12T07:48:50.4732112Z [command]/usr/bin/git config --local --unset-all extensions.worktreeConfig
2026-09-12T07:48:50.4758481Z ##[group]Checking out the ref
2026-09-12T07:48:50.4761379Z [command]/usr/bin/git checkout --progress --force 5a018305fb470dfe00e94466150b3c04f207e252
2026-09-12T07:48:50.4977923Z Note: switching to '5a018305fb470dfe00e94466150b3c04f207e252'.
2026-09-12T07:48:50.4978493Z 
2026-09-12T07:48:50.4978777Z You are in 'detached HEAD' state. You can look around, make experimental
2026-09-12T07:48:50.4979408Z changes and commit them, and you can discard any commits you make in this
2026-09-12T07:48:50.4980000Z state without impacting any branches by switching back to a branch.
2026-09-12T07:48:50.4980354Z 
2026-09-12T07:48:50.4980573Z If you want to create a new branch to retain commits you create, you may
2026-09-12T07:48:50.4981100Z do so (now or later) by using -c with the switch command. Example:
2026-09-12T07:48:50.4981416Z 
2026-09-12T07:48:50.4981555Z   git switch -c <new-branch-name>
2026-09-12T07:48:50.4981799Z 
2026-09-12T07:48:50.4982156Z Or undo this operation with:
2026-09-12T07:48:50.4982335Z 
2026-09-12T07:48:50.4982591Z   git switch -
2026-09-12T07:48:50.4982710Z 
2026-09-12T07:48:50.4982880Z Turn off this advice by setting config variable advice.detachedHead to false
2026-09-12T07:48:50.4983138Z 
2026-09-12T07:48:50.4983243Z HEAD is now at 5a01830 Prepare STD 0.21.0
2026-09-12T07:48:50.4984908Z ##[endgroup]
2026-09-12T07:48:50.5022921Z [command]/usr/bin/git log -1 --format=%H
2026-09-12T07:48:50.5046402Z 5a018305fb470dfe00e94466150b3c04f207e252
2026-09-12T07:48:50.5164941Z ##[group]Run set -euo pipefail
2026-09-12T07:48:50.5165302Z [36;1mset -euo pipefail[0m
2026-09-12T07:48:50.5165544Z [36;1marchive="$RUNNER_TEMP/zig.tar.xz"[0m
2026-09-12T07:48:50.5165969Z [36;1mcurl -fL https://ziglang.org/download/0.16.0/zig-x86_64-linux-0.16.0.tar.xz -o "$archive"[0m
2026-09-12T07:48:50.5166526Z [36;1mecho "70e49664a74374b48b51e6f3fdfbf437f6395d42509050588bd49abe52ba3d00  $archive" | sha256sum -c -[0m
2026-09-12T07:48:50.5166967Z [36;1mtar -xJf "$archive" -C "$RUNNER_TEMP"[0m
2026-09-12T07:48:50.5167263Z [36;1mecho "$RUNNER_TEMP/zig-x86_64-linux-0.16.0" >> "$GITHUB_PATH"[0m
2026-09-12T07:48:50.5203796Z shell: /usr/bin/bash --noprofile --norc -e -o pipefail {0}
2026-09-12T07:48:50.5204118Z ##[endgroup]
2026-09-12T07:48:50.5331895Z   % Total    % Received % Xferd  Average Speed   Time    Time     Time  Current
2026-09-12T07:48:50.5332635Z                                  Dload  Upload   Total   Spent    Left  Speed
2026-09-12T07:48:50.5333380Z 
2026-09-12T07:48:51.1591242Z   0     0    0     0    0     0      0      0 --:--:-- --:--:-- --:--:--     0
2026-09-12T07:48:52.2560877Z   0     0    0     0    0     0      0      0 --:--:-- --:--:-- --:--:--     0
2026-09-12T07:48:53.1957171Z   1 52.9M    1  655k    0     0   380k      0  0:02:22  0:00:01  0:02:21  380k
2026-09-12T07:48:54.1827855Z  10 52.9M   10 5775k    0     0  2169k      0  0:00:24  0:00:02  0:00:22 2168k
2026-09-12T07:48:55.1476866Z  44 52.9M   44 23.5M    0     0  6612k      0  0:00:08  0:00:03  0:00:05 6612k
2026-09-12T07:48:55.6836261Z  76 52.9M   76 40.2M    0     0  8926k      0  0:00:06  0:00:04  0:00:02 8925k
2026-09-12T07:48:55.6836891Z 100 52.9M  100 52.9M    0     0  10.2M      0  0:00:05  0:00:05 --:--:-- 11.6M
2026-09-12T07:48:55.7277344Z /home/runner/work/_temp/zig.tar.xz: OK
2026-09-12T07:48:58.7857386Z ##[group]Run set -euo pipefail
2026-09-12T07:48:58.7857736Z [36;1mset -euo pipefail[0m
2026-09-12T07:48:58.7857942Z [36;1mtest "$(uname -m)" = "x86_64"[0m
2026-09-12T07:48:58.7858175Z [36;1mexport HOME="$RUNNER_TEMP/home"[0m
2026-09-12T07:48:58.7858627Z [36;1mmkdir -p "$HOME"[0m
2026-09-12T07:48:58.7858871Z [36;1mzig build -Doptimize=ReleaseFast -Dcpu=baseline \[0m
2026-09-12T07:48:58.7859163Z [36;1m  --prefix "$RUNNER_TEMP/silex-prefix" \[0m
2026-09-12T07:48:58.7859418Z [36;1m  --build-file Toolchain/build.zig[0m
2026-09-12T07:48:58.7859667Z [36;1msilex="$RUNNER_TEMP/silex-prefix/bin/silex"[0m
2026-09-12T07:48:58.7859912Z [36;1m"$silex" setup[0m
2026-09-12T07:48:58.7860213Z [36;1m"$silex" link "$GITHUB_WORKSPACE/Dependencies/STD" --workspace "$GITHUB_WORKSPACE"[0m
2026-09-12T07:48:58.7860606Z [36;1m"$silex" test "$GITHUB_WORKSPACE/Tests/Types/Str/Operators.sx"[0m
2026-09-12T07:48:58.7861142Z [36;1m"$silex" test "$GITHUB_WORKSPACE/Tests/Types/Str/Returns.sx"[0m
2026-09-12T07:48:58.7861480Z [36;1m"$silex" test "$GITHUB_WORKSPACE/Tests/Native/NativePortability.sx"[0m
2026-09-12T07:48:58.7861852Z [36;1m"$silex" compile "$GITHUB_WORKSPACE/Tests/Native/NativePortability.sx" \[0m
2026-09-12T07:48:58.7862189Z [36;1m  --release -o "$RUNNER_TEMP/native-portability"[0m
2026-09-12T07:48:58.7862496Z [36;1mportability_output=$("$RUNNER_TEMP/native-portability")[0m
2026-09-12T07:48:58.7862783Z [36;1mprintf '%s\n' "$portability_output"[0m
2026-09-12T07:48:58.7863115Z [36;1mcycle_drops=$(printf '%s\n' "$portability_output" | grep -c '^native cycle drop$')[0m
2026-09-12T07:48:58.7863685Z [36;1mtest "$cycle_drops" -eq 6[0m
2026-09-12T07:48:58.7864061Z [36;1m"$silex" compile "$GITHUB_WORKSPACE/Tests/Native/DistributionSmoke.sx" \[0m
2026-09-12T07:48:58.7864396Z [36;1m  --release -o "$RUNNER_TEMP/distribution-smoke"[0m
2026-09-12T07:48:58.7864726Z [36;1mtest "$("$RUNNER_TEMP/distribution-smoke")" = "silex distribution ready"[0m
2026-09-12T07:48:58.7865210Z [36;1maggregate_fixture="$GITHUB_WORKSPACE/Toolchain/Benchmarks/Optimizer/Regressions/AggregateFieldStores.sx"[0m
2026-09-12T07:48:58.7865753Z [36;1mtest "$("$silex" interpret "$aggregate_fixture" --nocache)" = "aggregate field stores preserved"[0m
2026-09-12T07:48:58.7866121Z [36;1mfor mode in debug release; do[0m
2026-09-12T07:48:58.7866387Z [36;1m  "$silex" compile "$aggregate_fixture" "--$mode" --nocache \[0m
2026-09-12T07:48:58.7866684Z [36;1m    -o "$RUNNER_TEMP/aggregate-fields-$mode"[0m
2026-09-12T07:48:58.7867113Z [36;1m  test "$("$RUNNER_TEMP/aggregate-fields-$mode")" = "aggregate field stores preserved"[0m
2026-09-12T07:48:58.7867617Z [36;1mdone[0m
2026-09-12T07:48:58.7868045Z [36;1mminmax_fixture="$GITHUB_WORKSPACE/Toolchain/Benchmarks/Native/ScalarMathMinMax.sx"[0m
2026-09-12T07:48:58.7868689Z [36;1mfor mode in debug release; do[0m
2026-09-12T07:48:58.7869097Z [36;1m  "$silex" compile "$minmax_fixture" "--$mode" --nocache \[0m
2026-09-12T07:48:58.7869567Z [36;1m    -o "$RUNNER_TEMP/scalar-math-minmax-$mode"[0m
2026-09-12T07:48:58.7870139Z [36;1m  test "$("$RUNNER_TEMP/scalar-math-minmax-$mode")" = "scalar-math-minmax: pass"[0m
2026-09-12T07:48:58.7870629Z [36;1mdone[0m
2026-09-12T07:48:58.7871065Z [36;1m# Compile the exact standalone witness without the optimizer package's STD graph.[0m
2026-09-12T07:48:58.7871657Z [36;1mscalar_root="$RUNNER_TEMP/scalar-float-fixture"[0m
2026-09-12T07:48:58.7872038Z [36;1mmkdir -p "$scalar_root"[0m
2026-09-12T07:48:58.7872440Z [36;1mprintf '%s\n' '{"sources":"."}' > "$scalar_root/Package.json"[0m
2026-09-12T07:48:58.7872950Z [36;1mscalar_fixture="$scalar_root/ScalarFloatResidence.sx"[0m
2026-09-12T07:48:58.7873710Z [36;1mcp "$GITHUB_WORKSPACE/Toolchain/Benchmarks/Optimizer/Regressions/ScalarFloatResidence.sx" "$scalar_fixture"[0m
2026-09-12T07:48:58.7874385Z [36;1mfor mode in debug release; do[0m
2026-09-12T07:48:58.7874790Z [36;1m  "$silex" compile "$scalar_fixture" "--$mode" --nocache \[0m
2026-09-12T07:48:58.7875462Z [36;1m    -o "$RUNNER_TEMP/scalar-float-residence-$mode"[0m
2026-09-12T07:48:58.7875966Z [36;1m  scalar_output=$("$RUNNER_TEMP/scalar-float-residence-$mode")[0m
2026-09-12T07:48:58.7876481Z [36;1m  test "$(printf '%s\n' "$scalar_output" | wc -l)" -eq 9[0m
2026-09-12T07:48:58.7876988Z [36;1m  test "$(printf '%s\n' "$scalar_output" | grep -c '^true$')" -eq 9[0m
2026-09-12T07:48:58.7877406Z [36;1mdone[0m
2026-09-12T07:48:58.7877628Z [36;1mbranch_fixture="$scalar_root/BranchComparisons.sx"[0m
2026-09-12T07:48:58.7878072Z [36;1mcp "$GITHUB_WORKSPACE/Toolchain/Benchmarks/Optimizer/Regressions/BranchComparisons.sx" "$branch_fixture"[0m
2026-09-12T07:48:58.7878650Z [36;1mfor mode in debug release; do[0m
2026-09-12T07:48:58.7878919Z [36;1m  "$silex" compile "$branch_fixture" "--$mode" --nocache \[0m
2026-09-12T07:48:58.7879220Z [36;1m    -o "$RUNNER_TEMP/branch-comparisons-$mode"[0m
2026-09-12T07:48:58.7879647Z [36;1m  test "$("$RUNNER_TEMP/branch-comparisons-$mode")" = "true"[0m
2026-09-12T07:48:58.7879906Z [36;1mdone[0m
2026-09-12T07:48:58.7880117Z [36;1msnapshot_fixture="$scalar_root/BranchSnapshots.sx"[0m
2026-09-12T07:48:58.7880558Z [36;1mcp "$GITHUB_WORKSPACE/Toolchain/Benchmarks/Optimizer/Regressions/BranchSnapshots.sx" "$snapshot_fixture"[0m
2026-09-12T07:48:58.7880957Z [36;1mfor mode in debug release; do[0m
2026-09-12T07:48:58.7881213Z [36;1m  "$silex" compile "$snapshot_fixture" "--$mode" --nocache \[0m
2026-09-12T07:48:58.7881497Z [36;1m    -o "$RUNNER_TEMP/branch-snapshots-$mode"[0m
2026-09-12T07:48:58.7881792Z [36;1m  snapshot_output=$("$RUNNER_TEMP/branch-snapshots-$mode")[0m
2026-09-12T07:48:58.7882094Z [36;1m  test "$(printf '%s\n' "$snapshot_output" | wc -l)" -eq 8[0m
2026-09-12T07:48:58.7882414Z [36;1m  test "$(printf '%s\n' "$snapshot_output" | grep -c '^true$')" -eq 8[0m
2026-09-12T07:48:58.7882683Z [36;1mdone[0m
2026-09-12T07:48:58.7882904Z [36;1mloop_exit_fixture="$scalar_root/LoopExitResidence.sx"[0m
2026-09-12T07:48:58.7883361Z [36;1mcp "$GITHUB_WORKSPACE/Toolchain/Benchmarks/Optimizer/Regressions/LoopExitResidence.sx" "$loop_exit_fixture"[0m
2026-09-12T07:48:58.7883772Z [36;1mfor mode in debug release; do[0m
2026-09-12T07:48:58.7884029Z [36;1m  "$silex" compile "$loop_exit_fixture" "--$mode" --nocache \[0m
2026-09-12T07:48:58.7884334Z [36;1m    -o "$RUNNER_TEMP/loop-exit-residence-$mode"[0m
2026-09-12T07:48:58.7884637Z [36;1m  loop_exit_output=$("$RUNNER_TEMP/loop-exit-residence-$mode")[0m
2026-09-12T07:48:58.7884953Z [36;1m  test "$(printf '%s\n' "$loop_exit_output" | wc -l)" -eq 5[0m
2026-09-12T07:48:58.7885267Z [36;1m  test "$(printf '%s\n' "$loop_exit_output" | grep -c '^true$')" -eq 5[0m
2026-09-12T07:48:58.7885530Z [36;1mdone[0m
2026-09-12T07:48:58.7885756Z [36;1mfloat_memory_fixture="$scalar_root/FloatMemoryResidence.sx"[0m
2026-09-12T07:48:58.7886238Z [36;1mcp "$GITHUB_WORKSPACE/Toolchain/Benchmarks/Optimizer/Regressions/FloatMemoryResidence.sx" "$float_memory_fixture"[0m
2026-09-12T07:48:58.7886677Z [36;1mfor mode in debug release; do[0m
2026-09-12T07:48:58.7886957Z [36;1m  "$silex" compile "$float_memory_fixture" "--$mode" --nocache \[0m
2026-09-12T07:48:58.7887270Z [36;1m    -o "$RUNNER_TEMP/float-memory-residence-$mode"[0m
2026-09-12T07:48:58.7887596Z [36;1m  float_memory_output=$("$RUNNER_TEMP/float-memory-residence-$mode")[0m
2026-09-12T07:48:58.7887936Z [36;1m  test "$(printf '%s\n' "$float_memory_output" | wc -l)" -eq 22[0m
2026-09-12T07:48:58.7888427Z [36;1m  test "$(printf '%s\n' "$float_memory_output" | grep -c '^true$')" -eq 22[0m
2026-09-12T07:48:58.7888710Z [36;1mdone[0m
2026-09-12T07:48:58.7888947Z [36;1mfloat_operands_fixture="$scalar_root/ScalarFloatOperands.sx"[0m
2026-09-12T07:48:58.7889442Z [36;1mcp "$GITHUB_WORKSPACE/Toolchain/Benchmarks/Optimizer/Regressions/ScalarFloatOperands.sx" "$float_operands_fixture"[0m
2026-09-12T07:48:58.7889871Z [36;1mfor mode in debug release; do[0m
2026-09-12T07:48:58.7890150Z [36;1m  "$silex" compile "$float_operands_fixture" "--$mode" --nocache \[0m
2026-09-12T07:48:58.7890588Z [36;1m    -o "$RUNNER_TEMP/scalar-float-operands-$mode"[0m
2026-09-12T07:48:58.7890917Z [36;1m  float_operands_output=$("$RUNNER_TEMP/scalar-float-operands-$mode")[0m
2026-09-12T07:48:58.7891267Z [36;1m  test "$(printf '%s\n' "$float_operands_output" | wc -l)" -eq 18[0m
2026-09-12T07:48:58.7891613Z [36;1m  test "$(printf '%s\n' "$float_operands_output" | grep -c '^true$')" -eq 18[0m
2026-09-12T07:48:58.7891891Z [36;1mdone[0m
2026-09-12T07:48:58.7892129Z [36;1mprivate_length_fixture="$scalar_root/PrivateCollectionLengths.sx"[0m
2026-09-12T07:48:58.7892644Z [36;1mcp "$GITHUB_WORKSPACE/Toolchain/Benchmarks/Optimizer/Regressions/PrivateCollectionLengths.sx" "$private_length_fixture"[0m
2026-09-12T07:48:58.7893085Z [36;1mfor mode in debug release; do[0m
2026-09-12T07:48:58.7893351Z [36;1m  "$silex" compile "$private_length_fixture" "--$mode" --nocache \[0m
2026-09-12T07:48:58.7893782Z [36;1m    -o "$RUNNER_TEMP/private-collection-lengths-$mode"[0m
2026-09-12T07:48:58.7894129Z [36;1m  private_length_output=$("$RUNNER_TEMP/private-collection-lengths-$mode")[0m
2026-09-12T07:48:58.7894497Z [36;1m  test "$(printf '%s\n' "$private_length_output" | wc -l)" -eq 10[0m
2026-09-12T07:48:58.7894835Z [36;1m  test "$(printf '%s\n' "$private_length_output" | grep -c '^true$')" -eq 10[0m
2026-09-12T07:48:58.7895111Z [36;1mdone[0m
2026-09-12T07:48:58.7895321Z [36;1mclass_leaf_fixture="$scalar_root/ScalarClassLeaves.sx"[0m
2026-09-12T07:48:58.7895764Z [36;1mcp "$GITHUB_WORKSPACE/Toolchain/Benchmarks/Optimizer/Regressions/ScalarClassLeaves.sx" "$class_leaf_fixture"[0m
2026-09-12T07:48:58.7896173Z [36;1mfor mode in debug release; do[0m
2026-09-12T07:48:58.7896427Z [36;1m  "$silex" compile "$class_leaf_fixture" "--$mode" --nocache \[0m
2026-09-12T07:48:58.7896749Z [36;1m    -o "$RUNNER_TEMP/scalar-class-leaves-$mode"[0m
2026-09-12T07:48:58.7897049Z [36;1m  class_leaf_output=$("$RUNNER_TEMP/scalar-class-leaves-$mode")[0m
2026-09-12T07:48:58.7897375Z [36;1m  test "$(printf '%s\n' "$class_leaf_output" | wc -l)" -eq 18[0m
2026-09-12T07:48:58.7897699Z [36;1m  test "$(printf '%s\n' "$class_leaf_output" | grep -c '^true$')" -eq 18[0m
2026-09-12T07:48:58.7897976Z [36;1mdone[0m
2026-09-12T07:48:58.7898198Z [36;1minteger_memory_fixture="$scalar_root/IntegerMemoryRegions.sx"[0m
2026-09-12T07:48:58.7898914Z [36;1mcp "$GITHUB_WORKSPACE/Toolchain/Benchmarks/Optimizer/Regressions/IntegerMemoryRegions.sx" "$integer_memory_fixture"[0m
2026-09-12T07:48:58.7899349Z [36;1mfor mode in debug release; do[0m
2026-09-12T07:48:58.7899627Z [36;1m  "$silex" compile "$integer_memory_fixture" "--$mode" --nocache \[0m
2026-09-12T07:48:58.7899947Z [36;1m    -o "$RUNNER_TEMP/integer-memory-regions-$mode"[0m
2026-09-12T07:48:58.7900275Z [36;1m  integer_memory_output=$("$RUNNER_TEMP/integer-memory-regions-$mode")[0m
2026-09-12T07:48:58.7900638Z [36;1m  test "$(printf '%s\n' "$integer_memory_output" | wc -l)" -eq 18[0m
2026-09-12T07:48:58.7900988Z [36;1m  test "$(printf '%s\n' "$integer_memory_output" | grep -c '^true$')" -eq 18[0m
2026-09-12T07:48:58.7901266Z [36;1mdone[0m
2026-09-12T07:48:58.7937096Z shell: /usr/bin/bash --noprofile --norc -e -o pipefail {0}
2026-09-12T07:48:58.7937380Z ##[endgroup]
2026-09-12T07:52:02.2801174Z silex: installed Shadercross for linux-x64
2026-09-12T07:52:11.7383181Z silex: installed Native linker for linux-x64
2026-09-12T07:52:11.7397739Z silex: linked STD@0.21.0 to /home/runner/work/Silex/Silex/Dependencies/STD for this workspace
2026-09-12T07:52:21.9877971Z ok - str concatenation operand positions
2026-09-12T07:52:22.0057787Z ok - str compound concatenation
2026-09-12T07:52:22.0233880Z ok - str equality and interpolation
2026-09-12T07:52:22.0414597Z ok - str unicode scalar count
2026-09-12T07:52:22.0416845Z 4 passed; 0 failed
2026-09-12T07:52:22.0870476Z ok - str return positions
2026-09-12T07:52:22.0871036Z 1 passed; 0 failed
2026-09-12T07:52:22.1379897Z ok - dynamic protocol dispatch returns updated structures and shared classes
2026-09-12T07:52:22.1556387Z ok - execute direct indirect and dynamic calls beyond native registers
2026-09-12T07:52:22.1731152Z ok - preserve paired float32 arithmetic on native
2026-09-12T07:52:22.1909236Z ok - mutate a class-owned native list without changing its snapshot
2026-09-12T07:52:22.2084241Z ok - replace class elements in a class-owned native list
2026-09-12T07:52:22.2261744Z ok - preserve embedded byte contents on native
2026-09-12T07:52:22.2442694Z ok - format native floats through the standalone runtime
2026-09-12T07:52:22.2623727Z ok - convert native float precision in both directions
2026-09-12T07:52:22.2800609Z ok - replace and preserve an aliased native list
2026-09-12T07:52:22.2977893Z ok - swap and reverse a native list
2026-09-12T07:52:22.3156904Z ok - grow a native list at every position
2026-09-12T07:52:22.3334728Z ok - remove native list elements from every position
2026-09-12T07:52:22.3513676Z ok - slice view mutate and clear native lists
2026-09-12T07:52:22.3697190Z ok - mutable aggregate view detaches shared native list
2026-09-12T07:52:22.3879283Z copy state drop
2026-09-12T07:52:22.3879569Z copy state drop
2026-09-12T07:52:22.3879932Z ok - deep-copy repeated native class roots without collections
2026-09-12T07:52:22.4060737Z native cycle drop
2026-09-12T07:52:22.4061034Z native cycle drop
2026-09-12T07:52:22.4061335Z ok - finalize a direct native class cycle
2026-09-12T07:52:22.4248107Z native cycle drop
2026-09-12T07:52:22.4248531Z native cycle drop
2026-09-12T07:52:22.4248839Z ok - finalize a native class cycle through lists
2026-09-12T07:52:22.4432648Z native cycle drop
2026-09-12T07:52:22.4432857Z native cycle drop
2026-09-12T07:52:22.4433090Z ok - finalize a native class cycle through protocols
2026-09-12T07:52:22.4615830Z ok - execute the complete native collection mutation slice
2026-09-12T07:52:22.4803284Z copy state drop
2026-09-12T07:52:22.4803504Z copy state drop
2026-09-12T07:52:22.4803759Z ok - execute native ownership and deep-copy runtime
2026-09-12T07:52:22.4983972Z ok - preserve resource aggregates across native list growth
2026-09-12T07:52:22.5162930Z ok - serialize native mutations with mutex
2026-09-12T07:52:22.5348804Z native cycle drop
2026-09-12T07:52:22.5349108Z native cycle drop
2026-09-12T07:52:22.5349354Z native cycle drop
2026-09-12T07:52:22.5349578Z native cycle drop
2026-09-12T07:52:22.5349809Z native cycle drop
2026-09-12T07:52:22.5350042Z native cycle drop
2026-09-12T07:52:22.5350474Z ok - finalize native cycles across direct collection and protocol edges
2026-09-12T07:52:22.5357935Z 23 passed; 0 failed
2026-09-12T07:52:22.6073510Z copy state drop
2026-09-12T07:52:22.6073818Z copy state drop
2026-09-12T07:52:22.6074063Z native cycle drop
2026-09-12T07:52:22.6074301Z native cycle drop
2026-09-12T07:52:22.6074610Z native cycle drop
2026-09-12T07:52:22.6074838Z native cycle drop
2026-09-12T07:52:22.6075070Z native cycle drop
2026-09-12T07:52:22.6075298Z native cycle drop
2026-09-12T07:52:23.5619540Z Post job cleanup.
2026-09-12T07:52:23.6315404Z [command]/usr/bin/git version
2026-09-12T07:52:23.6348879Z git version 2.55.0
2026-09-12T07:52:23.6365696Z Temporarily overriding HOME='/home/runner/work/_temp/0772e3f6-6ffb-4cd1-a1cb-756d6679f92a' before making global git config changes
2026-09-12T07:52:23.6366654Z Adding repository directory to the temporary git global config as a safe directory
2026-09-12T07:52:23.6370668Z [command]/usr/bin/git config --global --add safe.directory /home/runner/work/Silex/Silex/Dependencies/STD
2026-09-12T07:52:23.6399116Z Removing SSH command configuration
2026-09-12T07:52:23.6405157Z [command]/usr/bin/git config --local --name-only --get-regexp core\.sshCommand
2026-09-12T07:52:23.6434963Z [command]/usr/bin/git submodule foreach --recursive sh -c "git config --local --name-only --get-regexp 'core\.sshCommand' && git config --local --unset-all 'core.sshCommand' || :"
2026-09-12T07:52:23.6639564Z Removing HTTP extra header
2026-09-12T07:52:23.6644164Z [command]/usr/bin/git config --local --name-only --get-regexp http\.https\:\/\/github\.com\/\.extraheader
2026-09-12T07:52:23.6679833Z [command]/usr/bin/git submodule foreach --recursive sh -c "git config --local --name-only --get-regexp 'http\.https\:\/\/github\.com\/\.extraheader' && git config --local --unset-all 'http.https://github.com/.extraheader' || :"
2026-09-12T07:52:23.6892191Z Removing includeIf entries pointing to credentials config files
2026-09-12T07:52:23.6899000Z [command]/usr/bin/git config --local --name-only --get-regexp ^includeIf\.gitdir:
2026-09-12T07:52:23.6928931Z includeif.gitdir:/home/runner/work/Silex/Silex/Dependencies/STD/.git.path
2026-09-12T07:52:23.6929999Z includeif.gitdir:/home/runner/work/Silex/Silex/Dependencies/STD/.git/worktrees/*.path
2026-09-12T07:52:23.6930875Z includeif.gitdir:/github/workspace/Dependencies/STD/.git.path
2026-09-12T07:52:23.6931412Z includeif.gitdir:/github/workspace/Dependencies/STD/.git/worktrees/*.path
2026-09-12T07:52:23.6934645Z [command]/usr/bin/git config --local --get-all includeif.gitdir:/home/runner/work/Silex/Silex/Dependencies/STD/.git.path
2026-09-12T07:52:23.6955504Z /home/runner/work/_temp/git-credentials-71b2a687-2802-4cec-b934-3700597e1c08.config
2026-09-12T07:52:23.6985720Z [command]/usr/bin/git config --local --unset includeif.gitdir:/home/runner/work/Silex/Silex/Dependencies/STD/.git.path /home/runner/work/_temp/git-credentials-71b2a687-2802-4cec-b934-3700597e1c08.config
2026-09-12T07:52:23.6999179Z [command]/usr/bin/git config --local --get-all includeif.gitdir:/home/runner/work/Silex/Silex/Dependencies/STD/.git/worktrees/*.path
2026-09-12T07:52:23.7022836Z /home/runner/work/_temp/git-credentials-71b2a687-2802-4cec-b934-3700597e1c08.config
2026-09-12T07:52:23.7031366Z [command]/usr/bin/git config --local --unset includeif.gitdir:/home/runner/work/Silex/Silex/Dependencies/STD/.git/worktrees/*.path /home/runner/work/_temp/git-credentials-71b2a687-2802-4cec-b934-3700597e1c08.config
2026-09-12T07:52:23.7062497Z [command]/usr/bin/git config --local --get-all includeif.gitdir:/github/workspace/Dependencies/STD/.git.path
2026-09-12T07:52:23.7084943Z /github/runner_temp/git-credentials-71b2a687-2802-4cec-b934-3700597e1c08.config
2026-09-12T07:52:23.7092673Z [command]/usr/bin/git config --local --unset includeif.gitdir:/github/workspace/Dependencies/STD/.git.path /github/runner_temp/git-credentials-71b2a687-2802-4cec-b934-3700597e1c08.config
2026-09-12T07:52:23.7124646Z [command]/usr/bin/git config --local --get-all includeif.gitdir:/github/workspace/Dependencies/STD/.git/worktrees/*.path
2026-09-12T07:52:23.7147347Z /github/runner_temp/git-credentials-71b2a687-2802-4cec-b934-3700597e1c08.config
2026-09-12T07:52:23.7155141Z [command]/usr/bin/git config --local --unset includeif.gitdir:/github/workspace/Dependencies/STD/.git/worktrees/*.path /github/runner_temp/git-credentials-71b2a687-2802-4cec-b934-3700597e1c08.config
2026-09-12T07:52:23.7186922Z [command]/usr/bin/git submodule foreach --recursive git config --local --show-origin --name-only --get-regexp remote.origin.url
2026-09-12T07:52:23.7374005Z Removing credentials config '/home/runner/work/_temp/git-credentials-71b2a687-2802-4cec-b934-3700597e1c08.config'
2026-09-12T07:52:23.7520232Z Post job cleanup.
2026-09-12T07:52:23.8181014Z [command]/usr/bin/git version
2026-09-12T07:52:23.8216915Z git version 2.55.0
2026-09-12T07:52:23.8248923Z Temporarily overriding HOME='/home/runner/work/_temp/8365c029-43fa-44f9-a8f7-752b908ac690' before making global git config changes
2026-09-12T07:52:23.8250325Z Adding repository directory to the temporary git global config as a safe directory
2026-09-12T07:52:23.8253083Z [command]/usr/bin/git config --global --add safe.directory /home/runner/work/Silex/Silex
2026-09-12T07:52:23.8279773Z Removing SSH command configuration
2026-09-12T07:52:23.8285691Z [command]/usr/bin/git config --local --name-only --get-regexp core\.sshCommand
2026-09-12T07:52:23.8316352Z [command]/usr/bin/git submodule foreach --recursive sh -c "git config --local --name-only --get-regexp 'core\.sshCommand' && git config --local --unset-all 'core.sshCommand' || :"
2026-09-12T07:52:23.8527573Z Removing HTTP extra header
2026-09-12T07:52:23.8546406Z [command]/usr/bin/git config --local --name-only --get-regexp http\.https\:\/\/github\.com\/\.extraheader
2026-09-12T07:52:23.8590223Z [command]/usr/bin/git submodule foreach --recursive sh -c "git config --local --name-only --get-regexp 'http\.https\:\/\/github\.com\/\.extraheader' && git config --local --unset-all 'http.https://github.com/.extraheader' || :"
2026-09-12T07:52:23.8789699Z Removing includeIf entries pointing to credentials config files
2026-09-12T07:52:23.8808961Z [command]/usr/bin/git config --local --name-only --get-regexp ^includeIf\.gitdir:
2026-09-12T07:52:23.8838853Z includeif.gitdir:/home/runner/work/Silex/Silex/.git.path
2026-09-12T07:52:23.8839699Z includeif.gitdir:/home/runner/work/Silex/Silex/.git/worktrees/*.path
2026-09-12T07:52:23.8840224Z includeif.gitdir:/github/workspace/.git.path
2026-09-12T07:52:23.8840654Z includeif.gitdir:/github/workspace/.git/worktrees/*.path
2026-09-12T07:52:23.8900153Z [command]/usr/bin/git config --local --get-all includeif.gitdir:/home/runner/work/Silex/Silex/.git.path
2026-09-12T07:52:23.8929189Z /home/runner/work/_temp/git-credentials-79f2f938-2cba-4582-aa73-f9c953a612ae.config
2026-09-12T07:52:23.8959874Z [command]/usr/bin/git config --local --unset includeif.gitdir:/home/runner/work/Silex/Silex/.git.path /home/runner/work/_temp/git-credentials-79f2f938-2cba-4582-aa73-f9c953a612ae.config
2026-09-12T07:52:23.8961523Z [command]/usr/bin/git config --local --get-all includeif.gitdir:/home/runner/work/Silex/Silex/.git/worktrees/*.path
2026-09-12T07:52:23.8962429Z /home/runner/work/_temp/git-credentials-79f2f938-2cba-4582-aa73-f9c953a612ae.config
2026-09-12T07:52:23.9009754Z [command]/usr/bin/git config --local --unset includeif.gitdir:/home/runner/work/Silex/Silex/.git/worktrees/*.path /home/runner/work/_temp/git-credentials-79f2f938-2cba-4582-aa73-f9c953a612ae.config
2026-09-12T07:52:23.9029985Z [command]/usr/bin/git config --local --get-all includeif.gitdir:/github/workspace/.git.path
2026-09-12T07:52:23.9031048Z /github/runner_temp/git-credentials-79f2f938-2cba-4582-aa73-f9c953a612ae.config
2026-09-12T07:52:23.9033065Z [command]/usr/bin/git config --local --unset includeif.gitdir:/github/workspace/.git.path /github/runner_temp/git-credentials-79f2f938-2cba-4582-aa73-f9c953a612ae.config
2026-09-12T07:52:23.9036308Z [command]/usr/bin/git config --local --get-all includeif.gitdir:/github/workspace/.git/worktrees/*.path
2026-09-12T07:52:23.9061839Z /github/runner_temp/git-credentials-79f2f938-2cba-4582-aa73-f9c953a612ae.config
2026-09-12T07:52:23.9070564Z [command]/usr/bin/git config --local --unset includeif.gitdir:/github/workspace/.git/worktrees/*.path /github/runner_temp/git-credentials-79f2f938-2cba-4582-aa73-f9c953a612ae.config
2026-09-12T07:52:23.9106898Z [command]/usr/bin/git submodule foreach --recursive git config --local --show-origin --name-only --get-regexp remote.origin.url
2026-09-12T07:52:23.9324141Z Removing credentials config '/home/runner/work/_temp/git-credentials-79f2f938-2cba-4582-aa73-f9c953a612ae.config'
2026-09-12T07:52:23.9451045Z Cleaning up orphan processes

