2026-09-12T07:48:28.2800360Z Current runner version: '2.337.0'
2026-09-12T07:48:28.2994540Z ##[group]Runner Image Provisioner
2026-09-12T07:48:28.2996780Z Hosted Compute Agent
2026-09-12T07:48:28.2998500Z Version: 20260819.586
2026-09-12T07:48:28.3000050Z Commit: 3cc4a88dfa507ef76119ad1bb3eccc6378bb2b76
2026-09-12T07:48:28.3001940Z Build Date: 2026-08-18T23:20:18Z
2026-09-12T07:48:28.3003650Z Worker ID: {90896aac-eadb-4c11-8a21-dd159c2c9aa8}
2026-09-12T07:48:28.3005560Z Azure Region: westus
2026-09-12T07:48:28.3006840Z ##[endgroup]
2026-09-12T07:48:28.3010700Z ##[group]Operating System
2026-09-12T07:48:28.3012110Z macOS
2026-09-12T07:48:28.3013790Z 15.7.9
2026-09-12T07:48:28.3015210Z 24G830
2026-09-12T07:48:28.3016440Z ##[endgroup]
2026-09-12T07:48:28.3017660Z ##[group]Runner Image
2026-09-12T07:48:28.3019240Z Image: macos-15
2026-09-12T07:48:28.3020650Z Version: 20260824.0482.1
2026-09-12T07:48:28.3023930Z Included Software: https://github.com/actions/runner-images/blob/macos-15/20260824.0482/images/macos/macos-15-Readme.md
2026-09-12T07:48:28.3028270Z Image Release: https://github.com/actions/runner-images/releases/tag/macos-15%2F20260824.0482
2026-09-12T07:48:28.3031140Z ##[endgroup]
2026-09-12T07:48:28.3034090Z ##[group]GITHUB_TOKEN Permissions
2026-09-12T07:48:28.3040320Z Contents: read
2026-09-12T07:48:28.3041760Z Metadata: read
2026-09-12T07:48:28.3043110Z ##[endgroup]
2026-09-12T07:48:28.3048780Z Secret source: Actions
2026-09-12T07:48:28.3052460Z Cache mode: write
2026-09-12T07:48:28.3056000Z Prepare workflow directory
2026-09-12T07:48:28.4212890Z Prepare all required actions
2026-09-12T07:48:28.4447130Z Getting action download info
2026-09-12T07:48:30.4306330Z Download action repository 'actions/checkout@v6' (SHA:d23441a48e516b6c34aea4fa41551a30e30af803)
2026-09-12T07:48:34.1619820Z Complete job name: macos-x64
2026-09-12T07:48:34.5363450Z ##[group]Run actions/checkout@v6
2026-09-12T07:48:34.5367750Z with:
2026-09-12T07:48:34.5368870Z   repository: Matanek/Silex
2026-09-12T07:48:34.5381570Z   token: ***
2026-09-12T07:48:34.5535500Z   ssh-strict: true
2026-09-12T07:48:34.5538050Z   ssh-user: git
2026-09-12T07:48:34.5539080Z   persist-credentials: true
2026-09-12T07:48:34.5540050Z   clean: true
2026-09-12T07:48:34.5560580Z   sparse-checkout-cone-mode: true
2026-09-12T07:48:34.5561780Z   fetch-depth: 1
2026-09-12T07:48:34.5562650Z   fetch-tags: false
2026-09-12T07:48:34.5563520Z   show-progress: true
2026-09-12T07:48:34.5564390Z   lfs: false
2026-09-12T07:48:34.5565240Z   submodules: false
2026-09-12T07:48:34.5566160Z   set-safe-directory: true
2026-09-12T07:48:34.5572200Z   allow-unsafe-pr-checkout: false
2026-09-12T07:48:34.5587600Z ##[endgroup]
2026-09-12T07:48:36.8831170Z Syncing repository: Matanek/Silex
2026-09-12T07:48:36.8838910Z ##[group]Getting Git version info
2026-09-12T07:48:36.8842640Z Working directory is '/Users/runner/work/Silex/Silex'
2026-09-12T07:48:36.8848120Z [command]/usr/local/bin/git version
2026-09-12T07:48:36.8851070Z git version 2.55.0
2026-09-12T07:48:36.8860490Z ##[endgroup]
2026-09-12T07:48:36.8878410Z Copying '/Users/runner/.gitconfig' to '/Users/runner/work/_temp/03062733-dbe6-4d1c-b822-6579e3fdb1d2/.gitconfig'
2026-09-12T07:48:36.8888190Z Temporarily overriding HOME='/Users/runner/work/_temp/03062733-dbe6-4d1c-b822-6579e3fdb1d2' before making global git config changes
2026-09-12T07:48:36.8896650Z Adding repository directory to the temporary git global config as a safe directory
2026-09-12T07:48:36.8903940Z [command]/usr/local/bin/git config --global --add safe.directory /Users/runner/work/Silex/Silex
2026-09-12T07:48:36.8916930Z Deleting the contents of '/Users/runner/work/Silex/Silex'
2026-09-12T07:48:36.8926140Z ##[group]Determining repository object format
2026-09-12T07:48:36.8933080Z ##[endgroup]
2026-09-12T07:48:36.8938520Z ##[group]Initializing the repository
2026-09-12T07:48:36.8943220Z [command]/usr/local/bin/git init /Users/runner/work/Silex/Silex
2026-09-12T07:48:36.9721790Z hint: Using 'master' as the name for the initial branch. This default branch name
2026-09-12T07:48:37.0052900Z hint: will change to "main" in Git 3.0. To configure the initial branch name
2026-09-12T07:48:37.0866660Z hint: to use in all of your new repositories, which will suppress this warning,
2026-09-12T07:48:37.1104420Z hint: call:
2026-09-12T07:48:37.1159810Z hint:
2026-09-12T07:48:37.1164300Z hint: 	git config --global init.defaultBranch <name>
2026-09-12T07:48:37.1174570Z hint:
2026-09-12T07:48:37.1184300Z hint: Names commonly chosen instead of 'master' are 'main', 'trunk' and
2026-09-12T07:48:37.1191460Z hint: 'development'. The just-created branch can be renamed via this command:
2026-09-12T07:48:37.1204310Z hint:
2026-09-12T07:48:37.1212640Z hint: 	git branch -m <name>
2026-09-12T07:48:37.1233110Z hint:
2026-09-12T07:48:37.1243820Z hint: Disable this message with "git config set advice.defaultBranchName false"
2026-09-12T07:48:37.1262290Z Initialized empty Git repository in /Users/runner/work/Silex/Silex/.git/
2026-09-12T07:48:37.1306270Z [command]/usr/local/bin/git remote add origin https://github.com/Matanek/Silex
2026-09-12T07:48:37.1364280Z ##[endgroup]
2026-09-12T07:48:37.1371630Z ##[group]Disabling automatic garbage collection
2026-09-12T07:48:37.1380130Z [command]/usr/local/bin/git config --local gc.auto 0
2026-09-12T07:48:37.1413830Z ##[endgroup]
2026-09-12T07:48:37.1427010Z ##[group]Setting up auth
2026-09-12T07:48:37.1437840Z Removing SSH command configuration
2026-09-12T07:48:37.1460150Z [command]/usr/local/bin/git config --local --name-only --get-regexp core\.sshCommand
2026-09-12T07:48:37.1544010Z [command]/usr/local/bin/git submodule foreach --recursive sh -c "git config --local --name-only --get-regexp 'core\.sshCommand' && git config --local --unset-all 'core.sshCommand' || :"
2026-09-12T07:48:37.4061440Z Removing HTTP extra header
2026-09-12T07:48:37.4073560Z [command]/usr/local/bin/git config --local --name-only --get-regexp http\.https\:\/\/github\.com\/\.extraheader
2026-09-12T07:48:37.4166780Z [command]/usr/local/bin/git submodule foreach --recursive sh -c "git config --local --name-only --get-regexp 'http\.https\:\/\/github\.com\/\.extraheader' && git config --local --unset-all 'http.https://github.com/.extraheader' || :"
2026-09-12T07:48:37.6951300Z Removing includeIf entries pointing to credentials config files
2026-09-12T07:48:37.7038990Z [command]/usr/local/bin/git config --local --name-only --get-regexp ^includeIf\.gitdir:
2026-09-12T07:48:37.7530280Z [command]/usr/local/bin/git submodule foreach --recursive git config --local --show-origin --name-only --get-regexp remote.origin.url
2026-09-12T07:48:38.1429000Z [command]/usr/local/bin/git config --file /Users/runner/work/_temp/git-credentials-545dada3-b05e-4813-976b-d62bf4141c5f.config http.https://github.com/.extraheader AUTHORIZATION: basic ***
2026-09-12T07:48:38.1687040Z [command]/usr/local/bin/git config --local includeIf.gitdir:/Users/runner/work/Silex/Silex/.git.path /Users/runner/work/_temp/git-credentials-545dada3-b05e-4813-976b-d62bf4141c5f.config
2026-09-12T07:48:38.1800390Z [command]/usr/local/bin/git config --local includeIf.gitdir:/Users/runner/work/Silex/Silex/.git/worktrees/*.path /Users/runner/work/_temp/git-credentials-545dada3-b05e-4813-976b-d62bf4141c5f.config
2026-09-12T07:48:38.3227310Z [command]/usr/local/bin/git config --local includeIf.gitdir:/github/workspace/.git.path /github/runner_temp/git-credentials-545dada3-b05e-4813-976b-d62bf4141c5f.config
2026-09-12T07:48:38.3779520Z [command]/usr/local/bin/git config --local includeIf.gitdir:/github/workspace/.git/worktrees/*.path /github/runner_temp/git-credentials-545dada3-b05e-4813-976b-d62bf4141c5f.config
2026-09-12T07:48:38.3992080Z ##[endgroup]
2026-09-12T07:48:38.4013950Z ##[group]Fetching the repository
2026-09-12T07:48:38.4030170Z [command]/usr/local/bin/git -c protocol.version=2 fetch --no-tags --prune --no-recurse-submodules --depth=1 origin +1507a041b2b6704f253acdede2599d1360e52712:refs/remotes/origin/spec-silex-optimization-parity-completion
2026-09-12T07:48:41.9349050Z From https://github.com/Matanek/Silex
2026-09-12T07:48:41.9355910Z  * [new ref]         1507a041b2b6704f253acdede2599d1360e52712 -> origin/spec-silex-optimization-parity-completion
2026-09-12T07:48:41.9369760Z [command]/usr/local/bin/git branch --list --remote origin/spec-silex-optimization-parity-completion
2026-09-12T07:48:41.9533840Z   origin/spec-silex-optimization-parity-completion
2026-09-12T07:48:41.9547830Z [command]/usr/local/bin/git rev-parse refs/remotes/origin/spec-silex-optimization-parity-completion
2026-09-12T07:48:41.9665250Z 1507a041b2b6704f253acdede2599d1360e52712
2026-09-12T07:48:41.9725880Z ##[endgroup]
2026-09-12T07:48:41.9729470Z ##[group]Determining the checkout info
2026-09-12T07:48:41.9732350Z ##[endgroup]
2026-09-12T07:48:41.9734340Z [command]/usr/local/bin/git sparse-checkout disable
2026-09-12T07:48:42.1116250Z [command]/usr/local/bin/git config --local --unset-all extensions.worktreeConfig
2026-09-12T07:48:42.1300360Z ##[group]Checking out the ref
2026-09-12T07:48:42.1307580Z [command]/usr/local/bin/git checkout --progress --force -B spec-silex-optimization-parity-completion refs/remotes/origin/spec-silex-optimization-parity-completion
2026-09-12T07:48:43.2847050Z Updating files:  38% (1120/2915)
2026-09-12T07:48:43.3622980Z Updating files:  39% (1137/2915)
2026-09-12T07:48:43.3715420Z Updating files:  40% (1166/2915)
2026-09-12T07:48:43.3782440Z Updating files:  41% (1196/2915)
2026-09-12T07:48:43.3852140Z Updating files:  42% (1225/2915)
2026-09-12T07:48:43.3936290Z Updating files:  43% (1254/2915)
2026-09-12T07:48:43.4000000Z Updating files:  44% (1283/2915)
2026-09-12T07:48:43.4079870Z Updating files:  45% (1312/2915)
2026-09-12T07:48:43.4164290Z Updating files:  46% (1341/2915)
2026-09-12T07:48:43.4230990Z Updating files:  47% (1371/2915)
2026-09-12T07:48:43.4384540Z Updating files:  48% (1400/2915)
2026-09-12T07:48:43.5406760Z Updating files:  49% (1429/2915)
2026-09-12T07:48:43.6405440Z Updating files:  50% (1458/2915)
2026-09-12T07:48:43.6489670Z Updating files:  51% (1487/2915)
2026-09-12T07:48:43.6707770Z Updating files:  52% (1516/2915)
2026-09-12T07:48:43.7468910Z Updating files:  53% (1545/2915)
2026-09-12T07:48:43.7815430Z Updating files:  54% (1575/2915)
2026-09-12T07:48:43.8484340Z Updating files:  55% (1604/2915)
2026-09-12T07:48:43.9081250Z Updating files:  56% (1633/2915)
2026-09-12T07:48:43.9184890Z Updating files:  57% (1662/2915)
2026-09-12T07:48:43.9916640Z Updating files:  58% (1691/2915)
2026-09-12T07:48:44.1259330Z Updating files:  59% (1720/2915)
2026-09-12T07:48:44.1791870Z Updating files:  60% (1749/2915)
2026-09-12T07:48:44.2827350Z Updating files:  60% (1768/2915)
2026-09-12T07:48:44.4829350Z Updating files:  61% (1779/2915)
2026-09-12T07:48:44.5445590Z Updating files:  62% (1808/2915)
2026-09-12T07:48:44.5567010Z Updating files:  63% (1837/2915)
2026-09-12T07:48:44.5844370Z Updating files:  64% (1866/2915)
2026-09-12T07:48:44.6062330Z Updating files:  65% (1895/2915)
2026-09-12T07:48:44.6300030Z Updating files:  66% (1924/2915)
2026-09-12T07:48:44.7270660Z Updating files:  67% (1954/2915)
2026-09-12T07:48:44.7434190Z Updating files:  68% (1983/2915)
2026-09-12T07:48:44.7847810Z Updating files:  69% (2012/2915)
2026-09-12T07:48:44.8110710Z Updating files:  70% (2041/2915)
2026-09-12T07:48:44.9753280Z Updating files:  71% (2070/2915)
2026-09-12T07:48:45.1068260Z Updating files:  72% (2099/2915)
2026-09-12T07:48:45.2088350Z Updating files:  73% (2128/2915)
2026-09-12T07:48:45.5166560Z Updating files:  73% (2134/2915)
2026-09-12T07:48:45.6173550Z Updating files:  74% (2158/2915)
2026-09-12T07:48:45.6341360Z Updating files:  75% (2187/2915)
2026-09-12T07:48:45.6407350Z Updating files:  76% (2216/2915)
2026-09-12T07:48:45.6465080Z Updating files:  77% (2245/2915)
2026-09-12T07:48:45.6534510Z Updating files:  78% (2274/2915)
2026-09-12T07:48:45.6841110Z Updating files:  79% (2303/2915)
2026-09-12T07:48:45.8137720Z Updating files:  80% (2332/2915)
2026-09-12T07:48:45.8645860Z Updating files:  81% (2362/2915)
2026-09-12T07:48:45.8667770Z Updating files:  82% (2391/2915)
2026-09-12T07:48:45.8801290Z Updating files:  83% (2420/2915)
2026-09-12T07:48:45.9460400Z Updating files:  84% (2449/2915)
2026-09-12T07:48:45.9780290Z Updating files:  85% (2478/2915)
2026-09-12T07:48:45.9854400Z Updating files:  86% (2507/2915)
2026-09-12T07:48:46.0279400Z Updating files:  87% (2537/2915)
2026-09-12T07:48:46.0751850Z Updating files:  88% (2566/2915)
2026-09-12T07:48:46.1050660Z Updating files:  89% (2595/2915)
2026-09-12T07:48:46.1434010Z Updating files:  90% (2624/2915)
2026-09-12T07:48:46.1673530Z Updating files:  91% (2653/2915)
2026-09-12T07:48:46.1743080Z Updating files:  91% (2672/2915)
2026-09-12T07:48:46.2072190Z Updating files:  92% (2682/2915)
2026-09-12T07:48:46.2669820Z Updating files:  93% (2711/2915)
2026-09-12T07:48:46.3613310Z Updating files:  94% (2741/2915)
2026-09-12T07:48:46.3669070Z Updating files:  95% (2770/2915)
2026-09-12T07:48:46.3723220Z Updating files:  96% (2799/2915)
2026-09-12T07:48:46.3778720Z Updating files:  97% (2828/2915)
2026-09-12T07:48:46.3814900Z Updating files:  98% (2857/2915)
2026-09-12T07:48:46.4079590Z Updating files:  99% (2886/2915)
2026-09-12T07:48:46.4108270Z Updating files: 100% (2915/2915)
2026-09-12T07:48:46.4116150Z Updating files: 100% (2915/2915), done.
2026-09-12T07:48:46.4358740Z Switched to a new branch 'spec-silex-optimization-parity-completion'
2026-09-12T07:48:46.4463870Z branch 'spec-silex-optimization-parity-completion' set up to track 'origin/spec-silex-optimization-parity-completion'.
2026-09-12T07:48:46.4604860Z ##[endgroup]
2026-09-12T07:48:46.5068720Z [command]/usr/local/bin/git log -1 --format=%H
2026-09-12T07:48:46.5364930Z 1507a041b2b6704f253acdede2599d1360e52712
2026-09-12T07:48:46.9882790Z ##[group]Run set -euo pipefail
2026-09-12T07:48:46.9884550Z [36;1mset -euo pipefail[0m
2026-09-12T07:48:46.9885590Z [36;1marchive="$RUNNER_TEMP/zig.tar.xz"[0m
2026-09-12T07:48:46.9887870Z [36;1mcurl -fL https://ziglang.org/download/0.16.0/zig-x86_64-macos-0.16.0.tar.xz -o "$archive"[0m
2026-09-12T07:48:46.9890820Z [36;1mecho "0387557ed1877bc6a2e1802c8391953baddba76081876301c522f52977b52ba7  $archive" | shasum -a 256 -c -[0m
2026-09-12T07:48:46.9893190Z [36;1mtar -xJf "$archive" -C "$RUNNER_TEMP"[0m
2026-09-12T07:48:46.9894650Z [36;1mecho "$RUNNER_TEMP/zig-x86_64-macos-0.16.0" >> "$GITHUB_PATH"[0m
2026-09-12T07:48:47.0146140Z shell: /bin/bash --noprofile --norc -e -o pipefail {0}
2026-09-12T07:48:47.0146950Z ##[endgroup]
2026-09-12T07:48:47.5072480Z   % Total    % Received % Xferd  Average Speed  Time    Time    Time   Current
2026-09-12T07:48:47.5118240Z                                  Dload  Upload  Total   Spent   Left   Speed
2026-09-12T07:48:47.5168040Z 
2026-09-12T07:48:48.5761300Z   0      0   0      0   0      0      0      0                              0
2026-09-12T07:48:49.5783710Z   3 54.73M   3  1.84M   0      0  1.33M      0   00:40   00:01   00:39  1.76M
2026-09-12T07:48:50.6337400Z  26 54.73M  26 14.49M   0      0  6.08M      0   00:08   00:02   00:06  7.08M
2026-09-12T07:48:51.5852600Z  45 54.73M  45 25.03M   0      0  7.33M      0   00:07   00:03   00:04  8.13M
2026-09-12T07:48:52.6153930Z  65 54.73M  65 36.12M   0      0  8.18M      0   00:06   00:04   00:02  8.85M
2026-09-12T07:48:53.2130400Z  86 54.73M  86 47.17M   0      0  8.69M      0   00:06   00:05   00:01  9.27M
2026-09-12T07:48:53.2140710Z 100 54.73M 100 54.73M   0      0  9.06M      0   00:06   00:06          9.27M
2026-09-12T07:48:53.2150640Z 100 54.73M 100 54.73M   0      0  9.06M      0   00:06   00:06          9.27M
2026-09-12T07:48:53.2168900Z 100 54.73M 100 54.73M   0      0  9.06M      0   00:06   00:06          9.27M
2026-09-12T07:48:54.7081330Z /Users/runner/work/_temp/zig.tar.xz: OK
2026-09-12T07:49:44.7484830Z ##[group]Run set -euo pipefail
2026-09-12T07:49:44.7486570Z [36;1mset -euo pipefail[0m
2026-09-12T07:49:44.7487920Z [36;1mtest "$(uname -m)" = "x86_64"[0m
2026-09-12T07:49:44.7489720Z [36;1mexport HOME="$RUNNER_TEMP/home"[0m
2026-09-12T07:49:44.7490820Z [36;1mmkdir -p "$HOME"[0m
2026-09-12T07:49:44.7492030Z [36;1mzig build -Doptimize=ReleaseFast -Dcpu=baseline \[0m
2026-09-12T07:49:44.7493540Z [36;1m  --prefix "$RUNNER_TEMP/silex-prefix" \[0m
2026-09-12T07:49:44.7496740Z [36;1m  --build-file Toolchain/build.zig[0m
2026-09-12T07:49:44.7498270Z [36;1msilex="$RUNNER_TEMP/silex-prefix/bin/silex"[0m
2026-09-12T07:49:44.7499620Z [36;1m"$silex" --version[0m
2026-09-12T07:49:44.7500730Z [36;1m"$silex" targets | grep -F 'macos-x64'[0m
2026-09-12T07:49:44.7502380Z [36;1m"$silex" setup[0m
2026-09-12T07:49:44.7504050Z [36;1mshadercross="$HOME/.silex/toolchain/shadercross/3.0.0/macos-x64/bin/shadercross"[0m
2026-09-12T07:49:44.7506500Z [36;1mfile "$shadercross" | grep -F 'x86_64'[0m
2026-09-12T07:49:44.7507810Z [36;1m"$shadercross" --help >/dev/null 2>&1[0m
2026-09-12T07:49:44.7509760Z [36;1mboundary_root="$GITHUB_WORKSPACE/Toolchain/Fixtures/MacOSX64Boundary/Boundary/macos-x64"[0m
2026-09-12T07:49:44.7512890Z [36;1mzig cc -target x86_64-macos -c "$boundary_root/Provider.c" -o "$boundary_root/Provider.o"[0m
2026-09-12T07:49:44.7515580Z [36;1mzig ar rcs "$boundary_root/libMacOSX64Boundary.a" "$boundary_root/Provider.o"[0m
2026-09-12T07:49:44.7518120Z [36;1mboundary_consumer="$GITHUB_WORKSPACE/Toolchain/Fixtures/MacOSX64BoundaryConsumer"[0m
2026-09-12T07:49:44.7520520Z [36;1m"$silex" link "$GITHUB_WORKSPACE/Toolchain/Fixtures/MacOSX64Boundary" \[0m
2026-09-12T07:49:44.7522330Z [36;1m  --workspace "$boundary_consumer" --target macos-x64[0m
2026-09-12T07:49:44.7523690Z [36;1m"$silex" packages resolve "$boundary_consumer"[0m
2026-09-12T07:49:44.7525090Z [36;1m"$silex" compile "$boundary_consumer/Main.sx" \[0m
2026-09-12T07:49:44.7527280Z [36;1m  --release -o "$RUNNER_TEMP/macos-x64-boundary"[0m
2026-09-12T07:49:44.7529020Z [36;1mtest "$("$RUNNER_TEMP/macos-x64-boundary")" = "macos x64 boundary ready"[0m
2026-09-12T07:49:44.7531150Z [36;1m"$silex" test "$GITHUB_WORKSPACE/Tests/Native/NativePortability.sx"[0m
2026-09-12T07:49:44.7533100Z [36;1mscalar_root="$RUNNER_TEMP/scalar-float-fixture"[0m
2026-09-12T07:49:44.7534390Z [36;1mmkdir -p "$scalar_root"[0m
2026-09-12T07:49:44.7535840Z [36;1mprintf '%s\n' '{"sources":"."}' > "$scalar_root/Package.json"[0m
2026-09-12T07:49:44.7537950Z [36;1msnapshot_fixture="$scalar_root/BranchSnapshots.sx"[0m
2026-09-12T07:49:44.7540270Z [36;1mcp "$GITHUB_WORKSPACE/Toolchain/Benchmarks/Optimizer/Regressions/BranchSnapshots.sx" "$snapshot_fixture"[0m
2026-09-12T07:49:44.7542710Z [36;1mfor mode in debug release; do[0m
2026-09-12T07:49:44.7544040Z [36;1m  "$silex" compile "$snapshot_fixture" "--$mode" --nocache \[0m
2026-09-12T07:49:44.7545840Z [36;1m    -o "$RUNNER_TEMP/branch-snapshots-$mode"[0m
2026-09-12T07:49:44.7549460Z [36;1m  snapshot_output=$("$RUNNER_TEMP/branch-snapshots-$mode")[0m
2026-09-12T07:49:44.7551960Z [36;1m  test "$(printf '%s\n' "$snapshot_output" | wc -l)" -eq 8[0m
2026-09-12T07:49:44.7553740Z [36;1m  test "$(printf '%s\n' "$snapshot_output" | grep -c '^true$')" -eq 8[0m
2026-09-12T07:49:44.7555190Z [36;1mdone[0m
2026-09-12T07:49:44.7557350Z [36;1mloop_exit_fixture="$scalar_root/LoopExitResidence.sx"[0m
2026-09-12T07:49:44.7559930Z [36;1mcp "$GITHUB_WORKSPACE/Toolchain/Benchmarks/Optimizer/Regressions/LoopExitResidence.sx" "$loop_exit_fixture"[0m
2026-09-12T07:49:44.7565490Z [36;1mfor mode in debug release; do[0m
2026-09-12T07:49:44.7567680Z [36;1m  "$silex" compile "$loop_exit_fixture" "--$mode" --nocache \[0m
2026-09-12T07:49:44.7569810Z [36;1m    -o "$RUNNER_TEMP/loop-exit-residence-$mode"[0m
2026-09-12T07:49:44.7571680Z [36;1m  loop_exit_output=$("$RUNNER_TEMP/loop-exit-residence-$mode")[0m
2026-09-12T07:49:44.7576520Z [36;1m  test "$(printf '%s\n' "$loop_exit_output" | wc -l)" -eq 5[0m
2026-09-12T07:49:44.7579530Z [36;1m  test "$(printf '%s\n' "$loop_exit_output" | grep -c '^true$')" -eq 5[0m
2026-09-12T07:49:44.7581030Z [36;1mdone[0m
2026-09-12T07:49:44.7582840Z [36;1mfloat_memory_fixture="$scalar_root/FloatMemoryResidence.sx"[0m
2026-09-12T07:49:44.7587090Z [36;1mcp "$GITHUB_WORKSPACE/Toolchain/Benchmarks/Optimizer/Regressions/FloatMemoryResidence.sx" "$float_memory_fixture"[0m
2026-09-12T07:49:44.7590200Z [36;1mfor mode in debug release; do[0m
2026-09-12T07:49:44.7593800Z [36;1m  "$silex" compile "$float_memory_fixture" "--$mode" --nocache \[0m
2026-09-12T07:49:44.7595600Z [36;1m    -o "$RUNNER_TEMP/float-memory-residence-$mode"[0m
2026-09-12T07:49:44.7597190Z [36;1m  float_memory_output=$("$RUNNER_TEMP/float-memory-residence-$mode")[0m
2026-09-12T07:49:44.7601950Z [36;1m  test "$(printf '%s\n' "$float_memory_output" | wc -l)" -eq 22[0m
2026-09-12T07:49:44.7604030Z [36;1m  test "$(printf '%s\n' "$float_memory_output" | grep -c '^true$')" -eq 22[0m
2026-09-12T07:49:44.7606790Z [36;1mdone[0m
2026-09-12T07:49:44.7610070Z [36;1mfloat_operands_fixture="$scalar_root/ScalarFloatOperands.sx"[0m
2026-09-12T07:49:44.7615130Z [36;1mcp "$GITHUB_WORKSPACE/Toolchain/Benchmarks/Optimizer/Regressions/ScalarFloatOperands.sx" "$float_operands_fixture"[0m
2026-09-12T07:49:44.7618330Z [36;1mfor mode in debug release; do[0m
2026-09-12T07:49:44.7622490Z [36;1m  "$silex" compile "$float_operands_fixture" "--$mode" --nocache \[0m
2026-09-12T07:49:44.7627030Z [36;1m    -o "$RUNNER_TEMP/scalar-float-operands-$mode"[0m
2026-09-12T07:49:44.7629730Z [36;1m  float_operands_output=$("$RUNNER_TEMP/scalar-float-operands-$mode")[0m
2026-09-12T07:49:44.7632350Z [36;1m  test "$(printf '%s\n' "$float_operands_output" | wc -l)" -eq 18[0m
2026-09-12T07:49:44.7634150Z [36;1m  test "$(printf '%s\n' "$float_operands_output" | grep -c '^true$')" -eq 18[0m
2026-09-12T07:49:44.7636390Z [36;1mdone[0m
2026-09-12T07:49:44.7638010Z [36;1mprivate_length_fixture="$scalar_root/PrivateCollectionLengths.sx"[0m
2026-09-12T07:49:44.7640950Z [36;1mcp "$GITHUB_WORKSPACE/Toolchain/Benchmarks/Optimizer/Regressions/PrivateCollectionLengths.sx" "$private_length_fixture"[0m
2026-09-12T07:49:44.7643480Z [36;1mfor mode in debug release; do[0m
2026-09-12T07:49:44.7645750Z [36;1m  "$silex" compile "$private_length_fixture" "--$mode" --nocache \[0m
2026-09-12T07:49:44.7648930Z [36;1m    -o "$RUNNER_TEMP/private-collection-lengths-$mode"[0m
2026-09-12T07:49:44.7652480Z [36;1m  private_length_output=$("$RUNNER_TEMP/private-collection-lengths-$mode")[0m
2026-09-12T07:49:44.7654620Z [36;1m  test "$(printf '%s\n' "$private_length_output" | wc -l)" -eq 10[0m
2026-09-12T07:49:44.7656360Z [36;1m  test "$(printf '%s\n' "$private_length_output" | grep -c '^true$')" -eq 10[0m
2026-09-12T07:49:44.7658100Z [36;1mdone[0m
2026-09-12T07:49:44.7660450Z [36;1mclass_leaf_fixture="$scalar_root/ScalarClassLeaves.sx"[0m
2026-09-12T07:49:44.7670470Z [36;1mcp "$GITHUB_WORKSPACE/Toolchain/Benchmarks/Optimizer/Regressions/ScalarClassLeaves.sx" "$class_leaf_fixture"[0m
2026-09-12T07:49:44.7676020Z [36;1mfor mode in debug release; do[0m
2026-09-12T07:49:44.7679270Z [36;1m  "$silex" compile "$class_leaf_fixture" "--$mode" --nocache \[0m
2026-09-12T07:49:44.7682670Z [36;1m    -o "$RUNNER_TEMP/scalar-class-leaves-$mode"[0m
2026-09-12T07:49:44.7684780Z [36;1m  class_leaf_output=$("$RUNNER_TEMP/scalar-class-leaves-$mode")[0m
2026-09-12T07:49:44.7686590Z [36;1m  test "$(printf '%s\n' "$class_leaf_output" | wc -l)" -eq 18[0m
2026-09-12T07:49:44.7690320Z [36;1m  test "$(printf '%s\n' "$class_leaf_output" | grep -c '^true$')" -eq 18[0m
2026-09-12T07:49:44.7693320Z [36;1mdone[0m
2026-09-12T07:49:44.7694760Z [36;1minteger_memory_fixture="$scalar_root/IntegerMemoryRegions.sx"[0m
2026-09-12T07:49:44.7698220Z [36;1mcp "$GITHUB_WORKSPACE/Toolchain/Benchmarks/Optimizer/Regressions/IntegerMemoryRegions.sx" "$integer_memory_fixture"[0m
2026-09-12T07:49:44.7704370Z [36;1mfor mode in debug release; do[0m
2026-09-12T07:49:44.7706840Z [36;1m  "$silex" compile "$integer_memory_fixture" "--$mode" --nocache \[0m
2026-09-12T07:49:44.7709560Z [36;1m    -o "$RUNNER_TEMP/integer-memory-regions-$mode"[0m
2026-09-12T07:49:44.7712910Z [36;1m  integer_memory_output=$("$RUNNER_TEMP/integer-memory-regions-$mode")[0m
2026-09-12T07:49:44.7715650Z [36;1m  test "$(printf '%s\n' "$integer_memory_output" | wc -l)" -eq 18[0m
2026-09-12T07:49:44.7719090Z [36;1m  test "$(printf '%s\n' "$integer_memory_output" | grep -c '^true$')" -eq 18[0m
2026-09-12T07:49:44.7722010Z [36;1mdone[0m
2026-09-12T07:49:44.7723340Z [36;1mrun_distribution() {[0m
2026-09-12T07:49:44.7724570Z [36;1m  executable="$1"[0m
2026-09-12T07:49:44.7725720Z [36;1m  stderr="$RUNNER_TEMP/$(basename "$executable").stderr"[0m
2026-09-12T07:49:44.7727380Z [36;1m  set +e[0m
2026-09-12T07:49:44.7728510Z [36;1m  output=$("$executable" 2>"$stderr")[0m
2026-09-12T07:49:44.7729580Z [36;1m  status=$?[0m
2026-09-12T07:49:44.7733750Z [36;1m  set -e[0m
2026-09-12T07:49:44.7738340Z [36;1m  if [ "$status" -ne 0 ]; then[0m
2026-09-12T07:49:44.7741290Z [36;1m    cat "$stderr"[0m
2026-09-12T07:49:44.7743010Z [36;1m    lldb --batch -o 'run' \[0m
2026-09-12T07:49:44.7745910Z [36;1m      -k 'thread backtrace all' \[0m
2026-09-12T07:49:44.7749120Z [36;1m      -k 'register read' \[0m
2026-09-12T07:49:44.7752060Z [36;1m      -k 'image lookup -a $pc' \[0m
2026-09-12T07:49:44.7753390Z [36;1m      -k 'disassemble -p' \[0m
2026-09-12T07:49:44.7757900Z [36;1m      -- "$executable" || true[0m
2026-09-12T07:49:44.7761090Z [36;1m    return "$status"[0m
2026-09-12T07:49:44.7768120Z [36;1m  fi[0m
2026-09-12T07:49:44.7770310Z [36;1m  test "$output" = "silex distribution ready"[0m
2026-09-12T07:49:44.7782840Z [36;1m}[0m
2026-09-12T07:49:44.7789690Z [36;1mdistribution="$GITHUB_WORKSPACE/Tests/Native/DistributionSmoke.sx"[0m
2026-09-12T07:49:44.7814190Z [36;1m"$silex" compile "$distribution" \[0m
2026-09-12T07:49:44.7833520Z [36;1m  -o "$RUNNER_TEMP/distribution-smoke-debug"[0m
2026-09-12T07:49:44.7858120Z [36;1mrun_distribution "$RUNNER_TEMP/distribution-smoke-debug"[0m
2026-09-12T07:49:44.7903340Z [36;1m"$silex" compile "$distribution" \[0m
2026-09-12T07:49:44.8163070Z [36;1m  --release -o "$RUNNER_TEMP/distribution-smoke-release"[0m
2026-09-12T07:49:44.8164720Z [36;1mrun_distribution "$RUNNER_TEMP/distribution-smoke-release"[0m
2026-09-12T07:49:44.8166140Z [36;1mtest "$("$silex" run "$distribution" --release)" = "silex distribution ready"[0m
2026-09-12T07:49:44.8167970Z [36;1m"$silex" compile "$GITHUB_WORKSPACE/Tests/Native/NativePortability.sx" \[0m
2026-09-12T07:49:44.8169230Z [36;1m  --release -o "$RUNNER_TEMP/native-portability"[0m
2026-09-12T07:49:44.8170320Z [36;1mfile "$RUNNER_TEMP/native-portability" | grep -F 'x86_64'[0m
2026-09-12T07:49:44.8356540Z [36;1mportability_output=$("$RUNNER_TEMP/native-portability")[0m
2026-09-12T07:49:44.8357980Z [36;1mprintf '%s\n' "$portability_output"[0m
2026-09-12T07:49:44.8528260Z [36;1mcycle_drops=$(printf '%s\n' "$portability_output" | grep -c '^native cycle drop$')[0m
2026-09-12T07:49:44.8601400Z [36;1mtest "$cycle_drops" -eq 6[0m
2026-09-12T07:49:45.0274780Z shell: /bin/bash --noprofile --norc -e -o pipefail {0}
2026-09-12T07:49:45.0279100Z ##[endgroup]
2026-09-12T08:00:28.9292770Z silex 0.44.1
2026-09-12T08:00:28.9380000Z macos-x64 (host)
2026-09-12T08:00:30.7794510Z silex: installed Shadercross for macos-x64
2026-09-12T08:00:47.8564890Z silex: installed Native linker for macos-x64
2026-09-12T08:00:47.8776880Z /Users/runner/work/_temp/home/.silex/toolchain/shadercross/3.0.0/macos-x64/bin/shadercross: Mach-O universal binary with 2 architectures: [x86_64:Mach-O 64-bit executable x86_64] [arm64:Mach-O 64-bit executable arm64]
2026-09-12T08:00:47.8789060Z /Users/runner/work/_temp/home/.silex/toolchain/shadercross/3.0.0/macos-x64/bin/shadercross (for architecture x86_64):	Mach-O 64-bit executable x86_64
2026-09-12T08:00:48.3293740Z silex: linked MacOSX64Boundary@1.0.0 to /Users/runner/work/Silex/Silex/Toolchain/Fixtures/MacOSX64Boundary for this workspace
2026-09-12T08:00:48.3347040Z MacOSX64Boundary 1.0.0 workspace-link /Users/runner/work/Silex/Silex/Toolchain/Fixtures/MacOSX64Boundary
2026-09-12T08:01:02.7067170Z ok - dynamic protocol dispatch returns updated structures and shared classes
2026-09-12T08:01:02.8334030Z ok - execute direct indirect and dynamic calls beyond native registers
2026-09-12T08:01:02.9677200Z ok - preserve paired float32 arithmetic on native
2026-09-12T08:01:03.1013410Z ok - mutate a class-owned native list without changing its snapshot
2026-09-12T08:01:03.2368290Z ok - replace class elements in a class-owned native list
2026-09-12T08:01:03.3717410Z ok - preserve embedded byte contents on native
2026-09-12T08:01:03.5085670Z ok - format native floats through the standalone runtime
2026-09-12T08:01:03.6381910Z ok - convert native float precision in both directions
2026-09-12T08:01:03.7680870Z ok - replace and preserve an aliased native list
2026-09-12T08:01:03.8955810Z ok - swap and reverse a native list
2026-09-12T08:01:04.0248860Z ok - grow a native list at every position
2026-09-12T08:01:04.1529360Z ok - remove native list elements from every position
2026-09-12T08:01:04.2817080Z ok - slice view mutate and clear native lists
2026-09-12T08:01:04.4126340Z ok - mutable aggregate view detaches shared native list
2026-09-12T08:01:04.5466000Z copy state drop
2026-09-12T08:01:04.5467050Z copy state drop
2026-09-12T08:01:04.5468420Z ok - deep-copy repeated native class roots without collections
2026-09-12T08:01:04.6823280Z native cycle drop
2026-09-12T08:01:04.6824300Z native cycle drop
2026-09-12T08:01:04.6825550Z ok - finalize a direct native class cycle
2026-09-12T08:01:04.8143440Z native cycle drop
2026-09-12T08:01:04.8144510Z native cycle drop
2026-09-12T08:01:04.8145820Z ok - finalize a native class cycle through lists
2026-09-12T08:01:04.9483350Z native cycle drop
2026-09-12T08:01:04.9484690Z native cycle drop
2026-09-12T08:01:04.9485900Z ok - finalize a native class cycle through protocols
2026-09-12T08:01:05.0818550Z ok - execute the complete native collection mutation slice
2026-09-12T08:01:05.2141570Z copy state drop
2026-09-12T08:01:05.2142570Z copy state drop
2026-09-12T08:01:05.2144050Z ok - execute native ownership and deep-copy runtime
2026-09-12T08:01:05.3474880Z ok - preserve resource aggregates across native list growth
2026-09-12T08:01:05.4804980Z ok - serialize native mutations with mutex
2026-09-12T08:01:05.6157050Z native cycle drop
2026-09-12T08:01:05.6157920Z native cycle drop
2026-09-12T08:01:05.6159050Z native cycle drop
2026-09-12T08:01:05.6160470Z native cycle drop
2026-09-12T08:01:05.6161300Z native cycle drop
2026-09-12T08:01:05.6166710Z native cycle drop
2026-09-12T08:01:05.6168380Z ok - finalize native cycles across direct collection and protocol edges
2026-09-12T08:01:05.6169690Z 23 passed; 0 failed
2026-09-12T08:01:07.2020770Z /Users/runner/work/_temp/native-portability: Mach-O 64-bit executable x86_64
2026-09-12T08:01:07.2068710Z copy state drop
2026-09-12T08:01:07.2069490Z copy state drop
2026-09-12T08:01:07.2070870Z native cycle drop
2026-09-12T08:01:07.2071720Z native cycle drop
2026-09-12T08:01:07.2072840Z native cycle drop
2026-09-12T08:01:07.2073740Z native cycle drop
2026-09-12T08:01:07.2074380Z native cycle drop
2026-09-12T08:01:07.2074870Z native cycle drop
2026-09-12T08:01:07.2846650Z Post job cleanup.
2026-09-12T08:01:08.1746030Z [command]/usr/local/bin/git version
2026-09-12T08:01:08.2388520Z git version 2.55.0
2026-09-12T08:01:08.2463900Z Copying '/Users/runner/.gitconfig' to '/Users/runner/work/_temp/dcb8ab2f-f6fb-49c6-b3b0-838a2b3c0858/.gitconfig'
2026-09-12T08:01:08.2484290Z Temporarily overriding HOME='/Users/runner/work/_temp/dcb8ab2f-f6fb-49c6-b3b0-838a2b3c0858' before making global git config changes
2026-09-12T08:01:08.2486400Z Adding repository directory to the temporary git global config as a safe directory
2026-09-12T08:01:08.2517920Z [command]/usr/local/bin/git config --global --add safe.directory /Users/runner/work/Silex/Silex
2026-09-12T08:01:08.2676060Z Removing SSH command configuration
2026-09-12T08:01:08.2686040Z [command]/usr/local/bin/git config --local --name-only --get-regexp core\.sshCommand
2026-09-12T08:01:08.2818780Z [command]/usr/local/bin/git submodule foreach --recursive sh -c "git config --local --name-only --get-regexp 'core\.sshCommand' && git config --local --unset-all 'core.sshCommand' || :"
2026-09-12T08:01:08.4836750Z Removing HTTP extra header
2026-09-12T08:01:08.4844530Z [command]/usr/local/bin/git config --local --name-only --get-regexp http\.https\:\/\/github\.com\/\.extraheader
2026-09-12T08:01:08.4961000Z [command]/usr/local/bin/git submodule foreach --recursive sh -c "git config --local --name-only --get-regexp 'http\.https\:\/\/github\.com\/\.extraheader' && git config --local --unset-all 'http.https://github.com/.extraheader' || :"
2026-09-12T08:01:08.6389380Z Removing includeIf entries pointing to credentials config files
2026-09-12T08:01:08.6397680Z [command]/usr/local/bin/git config --local --name-only --get-regexp ^includeIf\.gitdir:
2026-09-12T08:01:08.6497460Z includeif.gitdir:/Users/runner/work/Silex/Silex/.git.path
2026-09-12T08:01:08.6498850Z includeif.gitdir:/Users/runner/work/Silex/Silex/.git/worktrees/*.path
2026-09-12T08:01:08.6500300Z includeif.gitdir:/github/workspace/.git.path
2026-09-12T08:01:08.6501590Z includeif.gitdir:/github/workspace/.git/worktrees/*.path
2026-09-12T08:01:08.6512350Z [command]/usr/local/bin/git config --local --get-all includeif.gitdir:/Users/runner/work/Silex/Silex/.git.path
2026-09-12T08:01:08.6612320Z /Users/runner/work/_temp/git-credentials-545dada3-b05e-4813-976b-d62bf4141c5f.config
2026-09-12T08:01:08.6628450Z [command]/usr/local/bin/git config --local --unset includeif.gitdir:/Users/runner/work/Silex/Silex/.git.path /Users/runner/work/_temp/git-credentials-545dada3-b05e-4813-976b-d62bf4141c5f.config
2026-09-12T08:01:08.6761160Z [command]/usr/local/bin/git config --local --get-all includeif.gitdir:/Users/runner/work/Silex/Silex/.git/worktrees/*.path
2026-09-12T08:01:08.6861810Z /Users/runner/work/_temp/git-credentials-545dada3-b05e-4813-976b-d62bf4141c5f.config
2026-09-12T08:01:08.6881530Z [command]/usr/local/bin/git config --local --unset includeif.gitdir:/Users/runner/work/Silex/Silex/.git/worktrees/*.path /Users/runner/work/_temp/git-credentials-545dada3-b05e-4813-976b-d62bf4141c5f.config
2026-09-12T08:01:08.6996410Z [command]/usr/local/bin/git config --local --get-all includeif.gitdir:/github/workspace/.git.path
2026-09-12T08:01:08.7093740Z /github/runner_temp/git-credentials-545dada3-b05e-4813-976b-d62bf4141c5f.config
2026-09-12T08:01:08.7106680Z [command]/usr/local/bin/git config --local --unset includeif.gitdir:/github/workspace/.git.path /github/runner_temp/git-credentials-545dada3-b05e-4813-976b-d62bf4141c5f.config
2026-09-12T08:01:08.7223010Z [command]/usr/local/bin/git config --local --get-all includeif.gitdir:/github/workspace/.git/worktrees/*.path
2026-09-12T08:01:08.7320100Z /github/runner_temp/git-credentials-545dada3-b05e-4813-976b-d62bf4141c5f.config
2026-09-12T08:01:08.7333010Z [command]/usr/local/bin/git config --local --unset includeif.gitdir:/github/workspace/.git/worktrees/*.path /github/runner_temp/git-credentials-545dada3-b05e-4813-976b-d62bf4141c5f.config
2026-09-12T08:01:08.7451490Z [command]/usr/local/bin/git submodule foreach --recursive git config --local --show-origin --name-only --get-regexp remote.origin.url
2026-09-12T08:01:08.9015890Z Removing credentials config '/Users/runner/work/_temp/git-credentials-545dada3-b05e-4813-976b-d62bf4141c5f.config'
2026-09-12T08:01:08.9494660Z Cleaning up orphan processes

