2026-09-12T07:48:48.4939506Z Current runner version: '2.337.0'
2026-09-12T07:48:48.4994873Z ##[group]Runner Image Provisioner
2026-09-12T07:48:48.4995898Z Hosted Compute Agent
2026-09-12T07:48:48.4996489Z Version: 20260828.587
2026-09-12T07:48:48.4997465Z Commit: abac92662cab4cc7352de4f9f9d2e2419aad9c29
2026-09-12T07:48:48.4998192Z Build Date: 2026-08-28T16:44:25Z
2026-09-12T07:48:48.4998980Z Worker ID: {9f07eba6-cc5b-4096-9e72-f52a5090df61}
2026-09-12T07:48:48.4999717Z Azure Region: westus3
2026-09-12T07:48:48.5000330Z ##[endgroup]
2026-09-12T07:48:48.5003228Z ##[group]Operating System
2026-09-12T07:48:48.5003919Z Ubuntu
2026-09-12T07:48:48.5004635Z 24.04.5
2026-09-12T07:48:48.5005191Z LTS
2026-09-12T07:48:48.5005754Z ##[endgroup]
2026-09-12T07:48:48.5006547Z ##[group]Runner Image
2026-09-12T07:48:48.5007195Z Image: ubuntu-24.04-arm
2026-09-12T07:48:48.5007799Z Version: 20260907.118.1
2026-09-12T07:48:48.5009313Z Included Software: https://github.com/actions/runner-images/blob/ubuntu24-arm64/20260907.118/images/ubuntu/Ubuntu2404-Arm64-Readme.md
2026-09-12T07:48:48.5011372Z Image Release: https://github.com/actions/runner-images/releases/tag/ubuntu24-arm64%2F20260907.118
2026-09-12T07:48:48.5012378Z ##[endgroup]
2026-09-12T07:48:48.5013612Z ##[group]GITHUB_TOKEN Permissions
2026-09-12T07:48:48.5017249Z Contents: read
2026-09-12T07:48:48.5017923Z Metadata: read
2026-09-12T07:48:48.5018668Z ##[endgroup]
2026-09-12T07:48:48.5022801Z Secret source: Actions
2026-09-12T07:48:48.5024053Z Cache mode: write
2026-09-12T07:48:48.5024904Z Prepare workflow directory
2026-09-12T07:48:48.5453162Z Prepare all required actions
2026-09-12T07:48:48.5506234Z Getting action download info
2026-09-12T07:48:48.8568432Z Download action repository 'actions/checkout@v6' (SHA:d23441a48e516b6c34aea4fa41551a30e30af803)
2026-09-12T07:48:49.0574208Z Complete job name: linux-arm64
2026-09-12T07:48:49.1412440Z ##[group]Run actions/checkout@v6
2026-09-12T07:48:49.1413712Z with:
2026-09-12T07:48:49.1414536Z   repository: Matanek/Silex
2026-09-12T07:48:49.1418578Z   token: ***
2026-09-12T07:48:49.1419300Z   ssh-strict: true
2026-09-12T07:48:49.1419909Z   ssh-user: git
2026-09-12T07:48:49.1420459Z   persist-credentials: true
2026-09-12T07:48:49.1421405Z   clean: true
2026-09-12T07:48:49.1422001Z   sparse-checkout-cone-mode: true
2026-09-12T07:48:49.1422659Z   fetch-depth: 1
2026-09-12T07:48:49.1423250Z   fetch-tags: false
2026-09-12T07:48:49.1423807Z   show-progress: true
2026-09-12T07:48:49.1424423Z   lfs: false
2026-09-12T07:48:49.1424959Z   submodules: false
2026-09-12T07:48:49.1425613Z   set-safe-directory: true
2026-09-12T07:48:49.1426290Z   allow-unsafe-pr-checkout: false
2026-09-12T07:48:49.1427433Z ##[endgroup]
2026-09-12T07:48:49.2331694Z Syncing repository: Matanek/Silex
2026-09-12T07:48:49.2334594Z ##[group]Getting Git version info
2026-09-12T07:48:49.2335743Z Working directory is '/home/runner/work/Silex/Silex'
2026-09-12T07:48:49.2337274Z [command]/usr/bin/git version
2026-09-12T07:48:49.2366971Z git version 2.55.0
2026-09-12T07:48:49.2398813Z ##[endgroup]
2026-09-12T07:48:49.2420227Z Temporarily overriding HOME='/home/runner/work/_temp/8e2f623c-823c-49c7-b7f9-21978bc637ae' before making global git config changes
2026-09-12T07:48:49.2422780Z Adding repository directory to the temporary git global config as a safe directory
2026-09-12T07:48:49.2424246Z [command]/usr/bin/git config --global --add safe.directory /home/runner/work/Silex/Silex
2026-09-12T07:48:49.2446893Z Deleting the contents of '/home/runner/work/Silex/Silex'
2026-09-12T07:48:49.2452845Z ##[group]Determining repository object format
2026-09-12T07:48:49.2455006Z ##[endgroup]
2026-09-12T07:48:49.2457075Z ##[group]Initializing the repository
2026-09-12T07:48:49.2462097Z [command]/usr/bin/git init /home/runner/work/Silex/Silex
2026-09-12T07:48:49.2558703Z hint: Using 'master' as the name for the initial branch. This default branch name
2026-09-12T07:48:49.2560320Z hint: will change to "main" in Git 3.0. To configure the initial branch name
2026-09-12T07:48:49.2564530Z hint: to use in all of your new repositories, which will suppress this warning,
2026-09-12T07:48:49.2566166Z hint: call:
2026-09-12T07:48:49.2566696Z hint:
2026-09-12T07:48:49.2567421Z hint: 	git config --global init.defaultBranch <name>
2026-09-12T07:48:49.2568175Z hint:
2026-09-12T07:48:49.2569048Z hint: Names commonly chosen instead of 'master' are 'main', 'trunk' and
2026-09-12T07:48:49.2570212Z hint: 'development'. The just-created branch can be renamed via this command:
2026-09-12T07:48:49.2571362Z hint:
2026-09-12T07:48:49.2571920Z hint: 	git branch -m <name>
2026-09-12T07:48:49.2572660Z hint:
2026-09-12T07:48:49.2573439Z hint: Disable this message with "git config set advice.defaultBranchName false"
2026-09-12T07:48:49.2574681Z Initialized empty Git repository in /home/runner/work/Silex/Silex/.git/
2026-09-12T07:48:49.2576703Z [command]/usr/bin/git remote add origin https://github.com/Matanek/Silex
2026-09-12T07:48:49.2616616Z ##[endgroup]
2026-09-12T07:48:49.2617987Z ##[group]Disabling automatic garbage collection
2026-09-12T07:48:49.2620643Z [command]/usr/bin/git config --local gc.auto 0
2026-09-12T07:48:49.2652560Z ##[endgroup]
2026-09-12T07:48:49.2653513Z ##[group]Setting up auth
2026-09-12T07:48:49.2654519Z Removing SSH command configuration
2026-09-12T07:48:49.2658569Z [command]/usr/bin/git config --local --name-only --get-regexp core\.sshCommand
2026-09-12T07:48:49.2690950Z [command]/usr/bin/git submodule foreach --recursive sh -c "git config --local --name-only --get-regexp 'core\.sshCommand' && git config --local --unset-all 'core.sshCommand' || :"
2026-09-12T07:48:49.2990811Z Removing HTTP extra header
2026-09-12T07:48:49.2996890Z [command]/usr/bin/git config --local --name-only --get-regexp http\.https\:\/\/github\.com\/\.extraheader
2026-09-12T07:48:49.3029087Z [command]/usr/bin/git submodule foreach --recursive sh -c "git config --local --name-only --get-regexp 'http\.https\:\/\/github\.com\/\.extraheader' && git config --local --unset-all 'http.https://github.com/.extraheader' || :"
2026-09-12T07:48:49.3243246Z Removing includeIf entries pointing to credentials config files
2026-09-12T07:48:49.3248225Z [command]/usr/bin/git config --local --name-only --get-regexp ^includeIf\.gitdir:
2026-09-12T07:48:49.3281434Z [command]/usr/bin/git submodule foreach --recursive git config --local --show-origin --name-only --get-regexp remote.origin.url
2026-09-12T07:48:49.3487969Z [command]/usr/bin/git config --file /home/runner/work/_temp/git-credentials-3fd75f7f-13a6-4f09-82cd-182d7c6dae81.config http.https://github.com/.extraheader AUTHORIZATION: basic ***
2026-09-12T07:48:49.3527479Z [command]/usr/bin/git config --local includeIf.gitdir:/home/runner/work/Silex/Silex/.git.path /home/runner/work/_temp/git-credentials-3fd75f7f-13a6-4f09-82cd-182d7c6dae81.config
2026-09-12T07:48:49.3558143Z [command]/usr/bin/git config --local includeIf.gitdir:/home/runner/work/Silex/Silex/.git/worktrees/*.path /home/runner/work/_temp/git-credentials-3fd75f7f-13a6-4f09-82cd-182d7c6dae81.config
2026-09-12T07:48:49.3589295Z [command]/usr/bin/git config --local includeIf.gitdir:/github/workspace/.git.path /github/runner_temp/git-credentials-3fd75f7f-13a6-4f09-82cd-182d7c6dae81.config
2026-09-12T07:48:49.3620124Z [command]/usr/bin/git config --local includeIf.gitdir:/github/workspace/.git/worktrees/*.path /github/runner_temp/git-credentials-3fd75f7f-13a6-4f09-82cd-182d7c6dae81.config
2026-09-12T07:48:49.3646847Z ##[endgroup]
2026-09-12T07:48:49.3647841Z ##[group]Fetching the repository
2026-09-12T07:48:49.3655463Z [command]/usr/bin/git -c protocol.version=2 fetch --no-tags --prune --no-recurse-submodules --depth=1 origin +1507a041b2b6704f253acdede2599d1360e52712:refs/remotes/origin/spec-silex-optimization-parity-completion
2026-09-12T07:48:51.6904100Z From https://github.com/Matanek/Silex
2026-09-12T07:48:51.6908607Z  * [new ref]         1507a041b2b6704f253acdede2599d1360e52712 -> origin/spec-silex-optimization-parity-completion
2026-09-12T07:48:51.6913788Z [command]/usr/bin/git branch --list --remote origin/spec-silex-optimization-parity-completion
2026-09-12T07:48:51.6946782Z   origin/spec-silex-optimization-parity-completion
2026-09-12T07:48:51.6954792Z [command]/usr/bin/git rev-parse refs/remotes/origin/spec-silex-optimization-parity-completion
2026-09-12T07:48:51.6977722Z 1507a041b2b6704f253acdede2599d1360e52712
2026-09-12T07:48:51.6981562Z ##[endgroup]
2026-09-12T07:48:51.6983118Z ##[group]Determining the checkout info
2026-09-12T07:48:51.6984961Z ##[endgroup]
2026-09-12T07:48:51.6986144Z [command]/usr/bin/git sparse-checkout disable
2026-09-12T07:48:51.7026289Z [command]/usr/bin/git config --local --unset-all extensions.worktreeConfig
2026-09-12T07:48:51.7053717Z ##[group]Checking out the ref
2026-09-12T07:48:51.7057599Z [command]/usr/bin/git checkout --progress --force -B spec-silex-optimization-parity-completion refs/remotes/origin/spec-silex-optimization-parity-completion
2026-09-12T07:48:51.9138227Z Switched to a new branch 'spec-silex-optimization-parity-completion'
2026-09-12T07:48:51.9139651Z branch 'spec-silex-optimization-parity-completion' set up to track 'origin/spec-silex-optimization-parity-completion'.
2026-09-12T07:48:51.9163218Z ##[endgroup]
2026-09-12T07:48:51.9201681Z [command]/usr/bin/git log -1 --format=%H
2026-09-12T07:48:51.9225670Z 1507a041b2b6704f253acdede2599d1360e52712
2026-09-12T07:48:51.9445715Z ##[group]Run set -euo pipefail
2026-09-12T07:48:51.9446487Z [36;1mset -euo pipefail[0m
2026-09-12T07:48:51.9446915Z [36;1mcase "$(uname -m)" in[0m
2026-09-12T07:48:51.9447259Z [36;1m  aarch64|arm64) ;;[0m
2026-09-12T07:48:51.9447782Z [36;1m  *) echo "expected a native ARM64 runner, got $(uname -m)" >&2; exit 1 ;;[0m
2026-09-12T07:48:51.9448264Z [36;1mesac[0m
2026-09-12T07:48:51.9552674Z shell: /usr/bin/bash --noprofile --norc -e -o pipefail {0}
2026-09-12T07:48:51.9553261Z ##[endgroup]
2026-09-12T07:48:51.9717231Z ##[group]Run set -euo pipefail
2026-09-12T07:48:51.9717897Z [36;1mset -euo pipefail[0m
2026-09-12T07:48:51.9718256Z [36;1marchive="$RUNNER_TEMP/zig.tar.xz"[0m
2026-09-12T07:48:51.9719532Z [36;1mcurl -fL https://ziglang.org/download/0.16.0/zig-aarch64-linux-0.16.0.tar.xz -o "$archive"[0m
2026-09-12T07:48:51.9720593Z [36;1mecho "ea4b09bfb22ec6f6c6ceac57ab63efb6b46e17ab08d21f69f3a48b38e1534f17  $archive" | sha256sum -c -[0m
2026-09-12T07:48:51.9721731Z [36;1mtar -xJf "$archive" -C "$RUNNER_TEMP"[0m
2026-09-12T07:48:51.9722326Z [36;1mecho "$RUNNER_TEMP/zig-aarch64-linux-0.16.0" >> "$GITHUB_PATH"[0m
2026-09-12T07:48:51.9775509Z shell: /usr/bin/bash --noprofile --norc -e -o pipefail {0}
2026-09-12T07:48:51.9776188Z ##[endgroup]
2026-09-12T07:48:51.9901178Z   % Total    % Received % Xferd  Average Speed   Time    Time     Time  Current
2026-09-12T07:48:51.9902894Z                                  Dload  Upload   Total   Spent    Left  Speed
2026-09-12T07:48:51.9903707Z 
2026-09-12T07:48:52.4498630Z   0     0    0     0    0     0      0      0 --:--:-- --:--:-- --:--:--     0
2026-09-12T07:48:53.3878512Z   0     0    0     0    0     0      0      0 --:--:-- --:--:-- --:--:--     0
2026-09-12T07:48:54.3438936Z   0 48.8M    0  255k    0     0   182k      0  0:04:33  0:00:01  0:04:32  182k
2026-09-12T07:48:55.3698509Z   3 48.8M    3 1951k    0     0   829k      0  0:01:00  0:00:02  0:00:58  828k
2026-09-12T07:48:56.3609093Z  31 48.8M   31 15.5M    0     0  4719k      0  0:00:10  0:00:03  0:00:07 4719k
2026-09-12T07:48:56.8628767Z  76 48.8M   76 37.2M    0     0  8734k      0  0:00:05  0:00:04  0:00:01 8733k
2026-09-12T07:48:56.8629746Z 100 48.8M  100 48.8M    0     0  10.0M      0  0:00:04  0:00:04 --:--:-- 11.0M
2026-09-12T07:48:56.9056909Z /home/runner/work/_temp/zig.tar.xz: OK
2026-09-12T07:48:59.6042977Z ##[group]Run set -euo pipefail
2026-09-12T07:48:59.6043624Z [36;1mset -euo pipefail[0m
2026-09-12T07:48:59.6043929Z [36;1mexport HOME="$RUNNER_TEMP/home"[0m
2026-09-12T07:48:59.6044302Z [36;1mmkdir -p "$HOME"[0m
2026-09-12T07:48:59.6044555Z [36;1m[0m
2026-09-12T07:48:59.6044908Z [36;1mboundary="$GITHUB_WORKSPACE/Tests/Target/linux-arm64/LinuxArm64Boundary"[0m
2026-09-12T07:48:59.6045423Z [36;1mmkdir -p "$boundary/Boundary/linux-arm64"[0m
2026-09-12T07:48:59.6046145Z [36;1mzig cc -target aarch64-linux-gnu -O2 -c "$boundary/provider.c" \[0m
2026-09-12T07:48:59.6046609Z [36;1m  -o "$boundary/Boundary/linux-arm64/provider.o"[0m
2026-09-12T07:48:59.6047089Z [36;1mzig ar rcs "$boundary/Boundary/linux-arm64/libProvider.a" \[0m
2026-09-12T07:48:59.6047524Z [36;1m  "$boundary/Boundary/linux-arm64/provider.o"[0m
2026-09-12T07:48:59.6047884Z [36;1m[0m
2026-09-12T07:48:59.6048177Z [36;1mzig build -Doptimize=ReleaseFast -Dcpu=baseline \[0m
2026-09-12T07:48:59.6048665Z [36;1m  --prefix "$RUNNER_TEMP/silex-prefix" \[0m
2026-09-12T07:48:59.6049013Z [36;1m  --build-file Toolchain/build.zig[0m
2026-09-12T07:48:59.6049293Z [36;1m[0m
2026-09-12T07:48:59.6049587Z [36;1msilex="$RUNNER_TEMP/silex-prefix/bin/silex"[0m
2026-09-12T07:48:59.6049927Z [36;1m"$silex" setup[0m
2026-09-12T07:48:59.6050311Z [36;1mmanaged_zig="$HOME/.silex/toolchain/zig/0.16.0/linux-arm64/zig"[0m
2026-09-12T07:48:59.6050722Z [36;1mtest -x "$managed_zig"[0m
2026-09-12T07:48:59.6051286Z [36;1mfile "$managed_zig" | grep -E 'ELF 64-bit.*(ARM aarch64|ARM64)'[0m
2026-09-12T07:48:59.6051700Z [36;1m[0m
2026-09-12T07:48:59.6052054Z [36;1msource="$GITHUB_WORKSPACE/Tests/Native/NativePortability.sx"[0m
2026-09-12T07:48:59.6052583Z [36;1m"$silex" interpret "$source" > "$RUNNER_TEMP/interpreted.txt"[0m
2026-09-12T07:48:59.6053074Z [36;1m"$silex" compile "$source" --debug -o "$RUNNER_TEMP/native-debug"[0m
2026-09-12T07:48:59.6053525Z [36;1m"$RUNNER_TEMP/native-debug" > "$RUNNER_TEMP/debug.txt"[0m
2026-09-12T07:48:59.6054030Z [36;1mcmp "$RUNNER_TEMP/interpreted.txt" "$RUNNER_TEMP/debug.txt"[0m
2026-09-12T07:48:59.6054530Z [36;1m"$silex" compile "$source" --release -o "$RUNNER_TEMP/native-release"[0m
2026-09-12T07:48:59.6055042Z [36;1m"$RUNNER_TEMP/native-release" > "$RUNNER_TEMP/release.txt"[0m
2026-09-12T07:48:59.6055514Z [36;1mcmp "$RUNNER_TEMP/interpreted.txt" "$RUNNER_TEMP/release.txt"[0m
2026-09-12T07:48:59.6056025Z [36;1mfile "$RUNNER_TEMP/native-release" | grep -E 'ELF 64-bit.*(ARM aarch64|ARM64)'[0m
2026-09-12T07:48:59.6056602Z [36;1mreadelf -h "$RUNNER_TEMP/native-release" | grep -E 'Machine:.*AArch64'[0m
2026-09-12T07:48:59.6057016Z [36;1m[0m
2026-09-12T07:48:59.6057385Z [36;1m"$silex" run "$GITHUB_WORKSPACE/Tests/Native/DistributionSmoke.sx" --debug[0m
2026-09-12T07:48:59.6057816Z [36;1m"$silex" test "$source"[0m
2026-09-12T07:48:59.6058071Z [36;1m[0m
2026-09-12T07:48:59.6058430Z [36;1m"$managed_zig" cc -target aarch64-linux-gnu -O2 -c "$boundary/provider.c" \[0m
2026-09-12T07:48:59.6058923Z [36;1m  -o "$boundary/Boundary/linux-arm64/provider.o"[0m
2026-09-12T07:48:59.6059353Z [36;1m"$managed_zig" ar rcs "$boundary/Boundary/linux-arm64/libProvider.a" \[0m
2026-09-12T07:48:59.6059820Z [36;1m  "$boundary/Boundary/linux-arm64/provider.o"[0m
2026-09-12T07:48:59.6060322Z [36;1m"$silex" test "$boundary/Tests/Boundary.sx"[0m
2026-09-12T07:48:59.6060805Z [36;1m"$silex" compile "$boundary/Tests/Boundary.sx" --release \[0m
2026-09-12T07:48:59.6061333Z [36;1m  -o "$RUNNER_TEMP/boundary"[0m
2026-09-12T07:48:59.6061700Z [36;1mtest "$("$RUNNER_TEMP/boundary")" = "linux arm64 boundary ready"[0m
2026-09-12T07:48:59.6062120Z [36;1m[0m
2026-09-12T07:48:59.6062513Z [36;1m# Compile the exact standalone witness without the optimizer package's STD graph.[0m
2026-09-12T07:48:59.6063070Z [36;1mscalar_root="$RUNNER_TEMP/scalar-float-fixture"[0m
2026-09-12T07:48:59.6063483Z [36;1mmkdir -p "$scalar_root"[0m
2026-09-12T07:48:59.6064078Z [36;1mprintf '%s\n' '{"sources":"."}' > "$scalar_root/Package.json"[0m
2026-09-12T07:48:59.6064593Z [36;1mscalar_fixture="$scalar_root/ScalarFloatResidence.sx"[0m
2026-09-12T07:48:59.6065207Z [36;1mcp "$GITHUB_WORKSPACE/Toolchain/Benchmarks/Optimizer/Regressions/ScalarFloatResidence.sx" "$scalar_fixture"[0m
2026-09-12T07:48:59.6065869Z [36;1mfor mode in debug release; do[0m
2026-09-12T07:48:59.6066233Z [36;1m  "$silex" compile "$scalar_fixture" "--$mode" --nocache \[0m
2026-09-12T07:48:59.6066648Z [36;1m    -o "$RUNNER_TEMP/scalar-float-residence-$mode"[0m
2026-09-12T07:48:59.6067259Z [36;1m  scalar_output=$("$RUNNER_TEMP/scalar-float-residence-$mode")[0m
2026-09-12T07:48:59.6067738Z [36;1m  test "$(printf '%s\n' "$scalar_output" | wc -l)" -eq 9[0m
2026-09-12T07:48:59.6068572Z [36;1m  test "$(printf '%s\n' "$scalar_output" | grep -c '^true$')" -eq 9[0m
2026-09-12T07:48:59.6068969Z [36;1mdone[0m
2026-09-12T07:48:59.6069252Z [36;1mbranch_fixture="$scalar_root/BranchComparisons.sx"[0m
2026-09-12T07:48:59.6069891Z [36;1mcp "$GITHUB_WORKSPACE/Toolchain/Benchmarks/Optimizer/Regressions/BranchComparisons.sx" "$branch_fixture"[0m
2026-09-12T07:48:59.6070458Z [36;1mfor mode in debug release; do[0m
2026-09-12T07:48:59.6070854Z [36;1m  "$silex" compile "$branch_fixture" "--$mode" --nocache \[0m
2026-09-12T07:48:59.6071796Z [36;1m    -o "$RUNNER_TEMP/branch-comparisons-$mode"[0m
2026-09-12T07:48:59.6072192Z [36;1m  test "$("$RUNNER_TEMP/branch-comparisons-$mode")" = "true"[0m
2026-09-12T07:48:59.6072607Z [36;1mdone[0m
2026-09-12T07:48:59.6072955Z [36;1msnapshot_fixture="$scalar_root/BranchSnapshots.sx"[0m
2026-09-12T07:48:59.6073662Z [36;1mcp "$GITHUB_WORKSPACE/Toolchain/Benchmarks/Optimizer/Regressions/BranchSnapshots.sx" "$snapshot_fixture"[0m
2026-09-12T07:48:59.6074223Z [36;1mfor mode in debug release; do[0m
2026-09-12T07:48:59.6074596Z [36;1m  "$silex" compile "$snapshot_fixture" "--$mode" --nocache \[0m
2026-09-12T07:48:59.6075041Z [36;1m    -o "$RUNNER_TEMP/branch-snapshots-$mode"[0m
2026-09-12T07:48:59.6075472Z [36;1m  snapshot_output=$("$RUNNER_TEMP/branch-snapshots-$mode")[0m
2026-09-12T07:48:59.6075895Z [36;1m  test "$(printf '%s\n' "$snapshot_output" | wc -l)" -eq 8[0m
2026-09-12T07:48:59.6076397Z [36;1m  test "$(printf '%s\n' "$snapshot_output" | grep -c '^true$')" -eq 8[0m
2026-09-12T07:48:59.6076784Z [36;1mdone[0m
2026-09-12T07:48:59.6077107Z [36;1mloop_exit_fixture="$scalar_root/LoopExitResidence.sx"[0m
2026-09-12T07:48:59.6077761Z [36;1mcp "$GITHUB_WORKSPACE/Toolchain/Benchmarks/Optimizer/Regressions/LoopExitResidence.sx" "$loop_exit_fixture"[0m
2026-09-12T07:48:59.6078321Z [36;1mfor mode in debug release; do[0m
2026-09-12T07:48:59.6078723Z [36;1m  "$silex" compile "$loop_exit_fixture" "--$mode" --nocache \[0m
2026-09-12T07:48:59.6079134Z [36;1m    -o "$RUNNER_TEMP/loop-exit-residence-$mode"[0m
2026-09-12T07:48:59.6079573Z [36;1m  loop_exit_output=$("$RUNNER_TEMP/loop-exit-residence-$mode")[0m
2026-09-12T07:48:59.6080076Z [36;1m  test "$(printf '%s\n' "$loop_exit_output" | wc -l)" -eq 5[0m
2026-09-12T07:48:59.6080518Z [36;1m  test "$(printf '%s\n' "$loop_exit_output" | grep -c '^true$')" -eq 5[0m
2026-09-12T07:48:59.6080926Z [36;1mdone[0m
2026-09-12T07:48:59.6081437Z [36;1mfloat_memory_fixture="$scalar_root/FloatMemoryResidence.sx"[0m
2026-09-12T07:48:59.6082150Z [36;1mcp "$GITHUB_WORKSPACE/Toolchain/Benchmarks/Optimizer/Regressions/FloatMemoryResidence.sx" "$float_memory_fixture"[0m
2026-09-12T07:48:59.6082767Z [36;1mfor mode in debug release; do[0m
2026-09-12T07:48:59.6083154Z [36;1m  "$silex" compile "$float_memory_fixture" "--$mode" --nocache \[0m
2026-09-12T07:48:59.6083621Z [36;1m    -o "$RUNNER_TEMP/float-memory-residence-$mode"[0m
2026-09-12T07:48:59.6084070Z [36;1m  float_memory_output=$("$RUNNER_TEMP/float-memory-residence-$mode")[0m
2026-09-12T07:48:59.6084563Z [36;1m  test "$(printf '%s\n' "$float_memory_output" | wc -l)" -eq 22[0m
2026-09-12T07:48:59.6085081Z [36;1m  test "$(printf '%s\n' "$float_memory_output" | grep -c '^true$')" -eq 22[0m
2026-09-12T07:48:59.6085693Z [36;1mdone[0m
2026-09-12T07:48:59.6086144Z [36;1mfloat_operands_fixture="$scalar_root/ScalarFloatOperands.sx"[0m
2026-09-12T07:48:59.6086835Z [36;1mcp "$GITHUB_WORKSPACE/Toolchain/Benchmarks/Optimizer/Regressions/ScalarFloatOperands.sx" "$float_operands_fixture"[0m
2026-09-12T07:48:59.6087475Z [36;1mfor mode in debug release; do[0m
2026-09-12T07:48:59.6087863Z [36;1m  "$silex" compile "$float_operands_fixture" "--$mode" --nocache \[0m
2026-09-12T07:48:59.6088409Z [36;1m    -o "$RUNNER_TEMP/scalar-float-operands-$mode"[0m
2026-09-12T07:48:59.6088884Z [36;1m  float_operands_output=$("$RUNNER_TEMP/scalar-float-operands-$mode")[0m
2026-09-12T07:48:59.6089369Z [36;1m  test "$(printf '%s\n' "$float_operands_output" | wc -l)" -eq 18[0m
2026-09-12T07:48:59.6089868Z [36;1m  test "$(printf '%s\n' "$float_operands_output" | grep -c '^true$')" -eq 18[0m
2026-09-12T07:48:59.6090321Z [36;1mdone[0m
2026-09-12T07:48:59.6090661Z [36;1mprivate_length_fixture="$scalar_root/PrivateCollectionLengths.sx"[0m
2026-09-12T07:48:59.6091685Z [36;1mcp "$GITHUB_WORKSPACE/Toolchain/Benchmarks/Optimizer/Regressions/PrivateCollectionLengths.sx" "$private_length_fixture"[0m
2026-09-12T07:48:59.6092307Z [36;1mfor mode in debug release; do[0m
2026-09-12T07:48:59.6092699Z [36;1m  "$silex" compile "$private_length_fixture" "--$mode" --nocache \[0m
2026-09-12T07:48:59.6093182Z [36;1m    -o "$RUNNER_TEMP/private-collection-lengths-$mode"[0m
2026-09-12T07:48:59.6093671Z [36;1m  private_length_output=$("$RUNNER_TEMP/private-collection-lengths-$mode")[0m
2026-09-12T07:48:59.6094203Z [36;1m  test "$(printf '%s\n' "$private_length_output" | wc -l)" -eq 10[0m
2026-09-12T07:48:59.6094678Z [36;1m  test "$(printf '%s\n' "$private_length_output" | grep -c '^true$')" -eq 10[0m
2026-09-12T07:48:59.6095078Z [36;1mdone[0m
2026-09-12T07:48:59.6095400Z [36;1mclass_leaf_fixture="$scalar_root/ScalarClassLeaves.sx"[0m
2026-09-12T07:48:59.6096025Z [36;1mcp "$GITHUB_WORKSPACE/Toolchain/Benchmarks/Optimizer/Regressions/ScalarClassLeaves.sx" "$class_leaf_fixture"[0m
2026-09-12T07:48:59.6096611Z [36;1mfor mode in debug release; do[0m
2026-09-12T07:48:59.6096996Z [36;1m  "$silex" compile "$class_leaf_fixture" "--$mode" --nocache \[0m
2026-09-12T07:48:59.6097420Z [36;1m    -o "$RUNNER_TEMP/scalar-class-leaves-$mode"[0m
2026-09-12T07:48:59.6097879Z [36;1m  class_leaf_output=$("$RUNNER_TEMP/scalar-class-leaves-$mode")[0m
2026-09-12T07:48:59.6098329Z [36;1m  test "$(printf '%s\n' "$class_leaf_output" | wc -l)" -eq 18[0m
2026-09-12T07:48:59.6098801Z [36;1m  test "$(printf '%s\n' "$class_leaf_output" | grep -c '^true$')" -eq 18[0m
2026-09-12T07:48:59.6099184Z [36;1mdone[0m
2026-09-12T07:48:59.6099519Z [36;1minteger_memory_fixture="$scalar_root/IntegerMemoryRegions.sx"[0m
2026-09-12T07:48:59.6100230Z [36;1mcp "$GITHUB_WORKSPACE/Toolchain/Benchmarks/Optimizer/Regressions/IntegerMemoryRegions.sx" "$integer_memory_fixture"[0m
2026-09-12T07:48:59.6100816Z [36;1mfor mode in debug release; do[0m
2026-09-12T07:48:59.6101412Z [36;1m  "$silex" compile "$integer_memory_fixture" "--$mode" --nocache \[0m
2026-09-12T07:48:59.6101870Z [36;1m    -o "$RUNNER_TEMP/integer-memory-regions-$mode"[0m
2026-09-12T07:48:59.6102338Z [36;1m  integer_memory_output=$("$RUNNER_TEMP/integer-memory-regions-$mode")[0m
2026-09-12T07:48:59.6102859Z [36;1m  test "$(printf '%s\n' "$integer_memory_output" | wc -l)" -eq 18[0m
2026-09-12T07:48:59.6103352Z [36;1m  test "$(printf '%s\n' "$integer_memory_output" | grep -c '^true$')" -eq 18[0m
2026-09-12T07:48:59.6103766Z [36;1mdone[0m
2026-09-12T07:48:59.6161868Z shell: /usr/bin/bash --noprofile --norc -e -o pipefail {0}
2026-09-12T07:48:59.6162423Z ##[endgroup]
2026-09-12T07:54:02.0629123Z silex: installed Shadercross for linux-arm64
2026-09-12T07:54:10.6893011Z silex: installed Native linker for linux-arm64
2026-09-12T07:54:10.7712040Z /home/runner/work/_temp/home/.silex/toolchain/zig/0.16.0/linux-arm64/zig: ELF 64-bit LSB executable, ARM aarch64, version 1 (SYSV), statically linked, stripped
2026-09-12T07:54:10.9404471Z /home/runner/work/_temp/native-release: ELF 64-bit LSB executable, ARM aarch64, version 1 (SYSV), statically linked, no section header
2026-09-12T07:54:10.9837404Z   Machine:                           AArch64
2026-09-12T07:54:11.0215647Z silex distribution ready
2026-09-12T07:54:24.3516450Z ok - dynamic protocol dispatch returns updated structures and shared classes
2026-09-12T07:54:24.3700294Z ok - execute direct indirect and dynamic calls beyond native registers
2026-09-12T07:54:24.3881560Z ok - preserve paired float32 arithmetic on native
2026-09-12T07:54:24.4065446Z ok - mutate a class-owned native list without changing its snapshot
2026-09-12T07:54:24.4256176Z ok - replace class elements in a class-owned native list
2026-09-12T07:54:24.4453045Z ok - preserve embedded byte contents on native
2026-09-12T07:54:24.4653224Z ok - format native floats through the standalone runtime
2026-09-12T07:54:24.4858161Z ok - convert native float precision in both directions
2026-09-12T07:54:24.5065631Z ok - replace and preserve an aliased native list
2026-09-12T07:54:24.5277820Z ok - swap and reverse a native list
2026-09-12T07:54:24.5490769Z ok - grow a native list at every position
2026-09-12T07:54:24.5700391Z ok - remove native list elements from every position
2026-09-12T07:54:24.5912547Z ok - slice view mutate and clear native lists
2026-09-12T07:54:24.6128553Z ok - mutable aggregate view detaches shared native list
2026-09-12T07:54:24.6350383Z copy state drop
2026-09-12T07:54:24.6350805Z copy state drop
2026-09-12T07:54:24.6351770Z ok - deep-copy repeated native class roots without collections
2026-09-12T07:54:24.6572761Z native cycle drop
2026-09-12T07:54:24.6573275Z native cycle drop
2026-09-12T07:54:24.6573556Z ok - finalize a direct native class cycle
2026-09-12T07:54:24.6800735Z native cycle drop
2026-09-12T07:54:24.6801527Z native cycle drop
2026-09-12T07:54:24.6801824Z ok - finalize a native class cycle through lists
2026-09-12T07:54:24.7034871Z native cycle drop
2026-09-12T07:54:24.7035263Z native cycle drop
2026-09-12T07:54:24.7035706Z ok - finalize a native class cycle through protocols
2026-09-12T07:54:24.7281466Z ok - execute the complete native collection mutation slice
2026-09-12T07:54:24.7527723Z copy state drop
2026-09-12T07:54:24.7528115Z copy state drop
2026-09-12T07:54:24.7528616Z ok - execute native ownership and deep-copy runtime
2026-09-12T07:54:24.7772024Z ok - preserve resource aggregates across native list growth
2026-09-12T07:54:24.8024523Z ok - serialize native mutations with mutex
2026-09-12T07:54:24.8278653Z native cycle drop
2026-09-12T07:54:24.8279004Z native cycle drop
2026-09-12T07:54:24.8279223Z native cycle drop
2026-09-12T07:54:24.8279552Z native cycle drop
2026-09-12T07:54:24.8279765Z native cycle drop
2026-09-12T07:54:24.8279982Z native cycle drop
2026-09-12T07:54:24.8280385Z ok - finalize native cycles across direct collection and protocol edges
2026-09-12T07:54:24.8356240Z 23 passed; 0 failed
2026-09-12T07:54:24.9262540Z ok - call a Linux ARM64 Boundary through AAPCS64
2026-09-12T07:54:24.9262972Z 1 passed; 0 failed
2026-09-12T07:54:25.9466702Z Post job cleanup.
2026-09-12T07:54:26.0181165Z [command]/usr/bin/git version
2026-09-12T07:54:26.0220378Z git version 2.55.0
2026-09-12T07:54:26.0257560Z Temporarily overriding HOME='/home/runner/work/_temp/7888e94c-78f0-43e7-b5b7-8ef513aa9612' before making global git config changes
2026-09-12T07:54:26.0258412Z Adding repository directory to the temporary git global config as a safe directory
2026-09-12T07:54:26.0263028Z [command]/usr/bin/git config --global --add safe.directory /home/runner/work/Silex/Silex
2026-09-12T07:54:26.0292890Z Removing SSH command configuration
2026-09-12T07:54:26.0300033Z [command]/usr/bin/git config --local --name-only --get-regexp core\.sshCommand
2026-09-12T07:54:26.0332845Z [command]/usr/bin/git submodule foreach --recursive sh -c "git config --local --name-only --get-regexp 'core\.sshCommand' && git config --local --unset-all 'core.sshCommand' || :"
2026-09-12T07:54:26.0532622Z Removing HTTP extra header
2026-09-12T07:54:26.0538885Z [command]/usr/bin/git config --local --name-only --get-regexp http\.https\:\/\/github\.com\/\.extraheader
2026-09-12T07:54:26.0570302Z [command]/usr/bin/git submodule foreach --recursive sh -c "git config --local --name-only --get-regexp 'http\.https\:\/\/github\.com\/\.extraheader' && git config --local --unset-all 'http.https://github.com/.extraheader' || :"
2026-09-12T07:54:26.0787249Z Removing includeIf entries pointing to credentials config files
2026-09-12T07:54:26.0797003Z [command]/usr/bin/git config --local --name-only --get-regexp ^includeIf\.gitdir:
2026-09-12T07:54:26.0821245Z includeif.gitdir:/home/runner/work/Silex/Silex/.git.path
2026-09-12T07:54:26.0821824Z includeif.gitdir:/home/runner/work/Silex/Silex/.git/worktrees/*.path
2026-09-12T07:54:26.0822238Z includeif.gitdir:/github/workspace/.git.path
2026-09-12T07:54:26.0822688Z includeif.gitdir:/github/workspace/.git/worktrees/*.path
2026-09-12T07:54:26.0839464Z [command]/usr/bin/git config --local --get-all includeif.gitdir:/home/runner/work/Silex/Silex/.git.path
2026-09-12T07:54:26.0854691Z /home/runner/work/_temp/git-credentials-3fd75f7f-13a6-4f09-82cd-182d7c6dae81.config
2026-09-12T07:54:26.0867247Z [command]/usr/bin/git config --local --unset includeif.gitdir:/home/runner/work/Silex/Silex/.git.path /home/runner/work/_temp/git-credentials-3fd75f7f-13a6-4f09-82cd-182d7c6dae81.config
2026-09-12T07:54:26.0909586Z [command]/usr/bin/git config --local --get-all includeif.gitdir:/home/runner/work/Silex/Silex/.git/worktrees/*.path
2026-09-12T07:54:26.0934954Z /home/runner/work/_temp/git-credentials-3fd75f7f-13a6-4f09-82cd-182d7c6dae81.config
2026-09-12T07:54:26.0943961Z [command]/usr/bin/git config --local --unset includeif.gitdir:/home/runner/work/Silex/Silex/.git/worktrees/*.path /home/runner/work/_temp/git-credentials-3fd75f7f-13a6-4f09-82cd-182d7c6dae81.config
2026-09-12T07:54:26.0977792Z [command]/usr/bin/git config --local --get-all includeif.gitdir:/github/workspace/.git.path
2026-09-12T07:54:26.1001319Z /github/runner_temp/git-credentials-3fd75f7f-13a6-4f09-82cd-182d7c6dae81.config
2026-09-12T07:54:26.1008679Z [command]/usr/bin/git config --local --unset includeif.gitdir:/github/workspace/.git.path /github/runner_temp/git-credentials-3fd75f7f-13a6-4f09-82cd-182d7c6dae81.config
2026-09-12T07:54:26.1041914Z [command]/usr/bin/git config --local --get-all includeif.gitdir:/github/workspace/.git/worktrees/*.path
2026-09-12T07:54:26.1065843Z /github/runner_temp/git-credentials-3fd75f7f-13a6-4f09-82cd-182d7c6dae81.config
2026-09-12T07:54:26.1074214Z [command]/usr/bin/git config --local --unset includeif.gitdir:/github/workspace/.git/worktrees/*.path /github/runner_temp/git-credentials-3fd75f7f-13a6-4f09-82cd-182d7c6dae81.config
2026-09-12T07:54:26.1109449Z [command]/usr/bin/git submodule foreach --recursive git config --local --show-origin --name-only --get-regexp remote.origin.url
2026-09-12T07:54:26.1320740Z Removing credentials config '/home/runner/work/_temp/git-credentials-3fd75f7f-13a6-4f09-82cd-182d7c6dae81.config'
2026-09-12T07:54:26.1463318Z Cleaning up orphan processes

