2026-09-12T06:52:16.8756845Z Current runner version: '2.337.0'
2026-09-12T06:52:16.8810308Z ##[group]Runner Image Provisioner
2026-09-12T06:52:16.8811403Z Hosted Compute Agent
2026-09-12T06:52:16.8811970Z Version: 20260828.587
2026-09-12T06:52:16.8812804Z Commit: abac92662cab4cc7352de4f9f9d2e2419aad9c29
2026-09-12T06:52:16.8813615Z Build Date: 2026-08-28T16:44:25Z
2026-09-12T06:52:16.8814404Z Worker ID: {669b6382-29ee-4351-af4a-6a31103e1cc1}
2026-09-12T06:52:16.8815135Z Azure Region: centralus
2026-09-12T06:52:16.8815715Z ##[endgroup]
2026-09-12T06:52:16.8817843Z ##[group]Operating System
2026-09-12T06:52:16.8818504Z Ubuntu
2026-09-12T06:52:16.8819205Z 24.04.5
2026-09-12T06:52:16.8819715Z LTS
2026-09-12T06:52:16.8820222Z ##[endgroup]
2026-09-12T06:52:16.8820843Z ##[group]Runner Image
2026-09-12T06:52:16.8821813Z Image: ubuntu-24.04-arm
2026-09-12T06:52:16.8822491Z Version: 20260907.118.1
2026-09-12T06:52:16.8823858Z Included Software: https://github.com/actions/runner-images/blob/ubuntu24-arm64/20260907.118/images/ubuntu/Ubuntu2404-Arm64-Readme.md
2026-09-12T06:52:16.8825501Z Image Release: https://github.com/actions/runner-images/releases/tag/ubuntu24-arm64%2F20260907.118
2026-09-12T06:52:16.8826479Z ##[endgroup]
2026-09-12T06:52:16.8827658Z ##[group]GITHUB_TOKEN Permissions
2026-09-12T06:52:16.8831510Z Contents: read
2026-09-12T06:52:16.8832264Z Metadata: read
2026-09-12T06:52:16.8832844Z ##[endgroup]
2026-09-12T06:52:16.8836474Z Secret source: Actions
2026-09-12T06:52:16.8837836Z Cache mode: write
2026-09-12T06:52:16.8838796Z Prepare workflow directory
2026-09-12T06:52:16.9267331Z Prepare all required actions
2026-09-12T06:52:16.9322074Z Getting action download info
2026-09-12T06:52:17.1786590Z Download action repository 'actions/checkout@v6' (SHA:d23441a48e516b6c34aea4fa41551a30e30af803)
2026-09-12T06:52:17.4139858Z Complete job name: linux-arm64
2026-09-12T06:52:17.5022575Z ##[group]Run actions/checkout@v6
2026-09-12T06:52:17.5024423Z with:
2026-09-12T06:52:17.5025306Z   repository: Matanek/Silex
2026-09-12T06:52:17.5029416Z   token: ***
2026-09-12T06:52:17.5030021Z   ssh-strict: true
2026-09-12T06:52:17.5030717Z   ssh-user: git
2026-09-12T06:52:17.5031599Z   persist-credentials: true
2026-09-12T06:52:17.5032290Z   clean: true
2026-09-12T06:52:17.5032884Z   sparse-checkout-cone-mode: true
2026-09-12T06:52:17.5033535Z   fetch-depth: 1
2026-09-12T06:52:17.5034172Z   fetch-tags: false
2026-09-12T06:52:17.5034734Z   show-progress: true
2026-09-12T06:52:17.5035361Z   lfs: false
2026-09-12T06:52:17.5035920Z   submodules: false
2026-09-12T06:52:17.5036523Z   set-safe-directory: true
2026-09-12T06:52:17.5037216Z   allow-unsafe-pr-checkout: false
2026-09-12T06:52:17.5039324Z ##[endgroup]
2026-09-12T06:52:17.5960687Z Syncing repository: Matanek/Silex
2026-09-12T06:52:17.5963725Z ##[group]Getting Git version info
2026-09-12T06:52:17.5965015Z Working directory is '/home/runner/work/Silex/Silex'
2026-09-12T06:52:17.5966335Z [command]/usr/bin/git version
2026-09-12T06:52:17.6012661Z git version 2.55.0
2026-09-12T06:52:17.6034276Z ##[endgroup]
2026-09-12T06:52:17.6050341Z Temporarily overriding HOME='/home/runner/work/_temp/786088e9-2db1-499f-917c-578895824601' before making global git config changes
2026-09-12T06:52:17.6052494Z Adding repository directory to the temporary git global config as a safe directory
2026-09-12T06:52:17.6055393Z [command]/usr/bin/git config --global --add safe.directory /home/runner/work/Silex/Silex
2026-09-12T06:52:17.6090365Z Deleting the contents of '/home/runner/work/Silex/Silex'
2026-09-12T06:52:17.6095663Z ##[group]Determining repository object format
2026-09-12T06:52:17.6097681Z ##[endgroup]
2026-09-12T06:52:17.6098777Z ##[group]Initializing the repository
2026-09-12T06:52:17.6102906Z [command]/usr/bin/git init /home/runner/work/Silex/Silex
2026-09-12T06:52:17.6214130Z hint: Using 'master' as the name for the initial branch. This default branch name
2026-09-12T06:52:17.6219960Z hint: will change to "main" in Git 3.0. To configure the initial branch name
2026-09-12T06:52:17.6221035Z hint: to use in all of your new repositories, which will suppress this warning,
2026-09-12T06:52:17.6222705Z hint: call:
2026-09-12T06:52:17.6223265Z hint:
2026-09-12T06:52:17.6224005Z hint: 	git config --global init.defaultBranch <name>
2026-09-12T06:52:17.6224731Z hint:
2026-09-12T06:52:17.6225437Z hint: Names commonly chosen instead of 'master' are 'main', 'trunk' and
2026-09-12T06:52:17.6226579Z hint: 'development'. The just-created branch can be renamed via this command:
2026-09-12T06:52:17.6227387Z hint:
2026-09-12T06:52:17.6227948Z hint: 	git branch -m <name>
2026-09-12T06:52:17.6228602Z hint:
2026-09-12T06:52:17.6229347Z hint: Disable this message with "git config set advice.defaultBranchName false"
2026-09-12T06:52:17.6230492Z Initialized empty Git repository in /home/runner/work/Silex/Silex/.git/
2026-09-12T06:52:17.6233259Z [command]/usr/bin/git remote add origin https://github.com/Matanek/Silex
2026-09-12T06:52:17.6252773Z ##[endgroup]
2026-09-12T06:52:17.6256573Z ##[group]Disabling automatic garbage collection
2026-09-12T06:52:17.6257777Z [command]/usr/bin/git config --local gc.auto 0
2026-09-12T06:52:17.6314149Z ##[endgroup]
2026-09-12T06:52:17.6315644Z ##[group]Setting up auth
2026-09-12T06:52:17.6352465Z Removing SSH command configuration
2026-09-12T06:52:17.6359981Z [command]/usr/bin/git config --local --name-only --get-regexp core\.sshCommand
2026-09-12T06:52:17.6365115Z [command]/usr/bin/git submodule foreach --recursive sh -c "git config --local --name-only --get-regexp 'core\.sshCommand' && git config --local --unset-all 'core.sshCommand' || :"
2026-09-12T06:52:17.6657972Z Removing HTTP extra header
2026-09-12T06:52:17.6664296Z [command]/usr/bin/git config --local --name-only --get-regexp http\.https\:\/\/github\.com\/\.extraheader
2026-09-12T06:52:17.6695380Z [command]/usr/bin/git submodule foreach --recursive sh -c "git config --local --name-only --get-regexp 'http\.https\:\/\/github\.com\/\.extraheader' && git config --local --unset-all 'http.https://github.com/.extraheader' || :"
2026-09-12T06:52:17.6891781Z Removing includeIf entries pointing to credentials config files
2026-09-12T06:52:17.6897554Z [command]/usr/bin/git config --local --name-only --get-regexp ^includeIf\.gitdir:
2026-09-12T06:52:17.6930443Z [command]/usr/bin/git submodule foreach --recursive git config --local --show-origin --name-only --get-regexp remote.origin.url
2026-09-12T06:52:17.7144842Z [command]/usr/bin/git config --file /home/runner/work/_temp/git-credentials-16b6fd96-22e2-426d-b6ed-6a2d6b55741b.config http.https://github.com/.extraheader AUTHORIZATION: basic ***
2026-09-12T06:52:17.7184824Z [command]/usr/bin/git config --local includeIf.gitdir:/home/runner/work/Silex/Silex/.git.path /home/runner/work/_temp/git-credentials-16b6fd96-22e2-426d-b6ed-6a2d6b55741b.config
2026-09-12T06:52:17.7217761Z [command]/usr/bin/git config --local includeIf.gitdir:/home/runner/work/Silex/Silex/.git/worktrees/*.path /home/runner/work/_temp/git-credentials-16b6fd96-22e2-426d-b6ed-6a2d6b55741b.config
2026-09-12T06:52:17.7250127Z [command]/usr/bin/git config --local includeIf.gitdir:/github/workspace/.git.path /github/runner_temp/git-credentials-16b6fd96-22e2-426d-b6ed-6a2d6b55741b.config
2026-09-12T06:52:17.7282823Z [command]/usr/bin/git config --local includeIf.gitdir:/github/workspace/.git/worktrees/*.path /github/runner_temp/git-credentials-16b6fd96-22e2-426d-b6ed-6a2d6b55741b.config
2026-09-12T06:52:17.7315715Z ##[endgroup]
2026-09-12T06:52:17.7316739Z ##[group]Fetching the repository
2026-09-12T06:52:17.7324182Z [command]/usr/bin/git -c protocol.version=2 fetch --no-tags --prune --no-recurse-submodules --depth=1 origin +b3273cc40505d50b94c3c03a82ef6abb6bbc12be:refs/remotes/origin/spec-silex-optimization-parity-completion
2026-09-12T06:52:18.5712592Z From https://github.com/Matanek/Silex
2026-09-12T06:52:18.5715187Z  * [new ref]         b3273cc40505d50b94c3c03a82ef6abb6bbc12be -> origin/spec-silex-optimization-parity-completion
2026-09-12T06:52:18.5723464Z [command]/usr/bin/git branch --list --remote origin/spec-silex-optimization-parity-completion
2026-09-12T06:52:18.5749293Z   origin/spec-silex-optimization-parity-completion
2026-09-12T06:52:18.5757381Z [command]/usr/bin/git rev-parse refs/remotes/origin/spec-silex-optimization-parity-completion
2026-09-12T06:52:18.5781587Z b3273cc40505d50b94c3c03a82ef6abb6bbc12be
2026-09-12T06:52:18.5785240Z ##[endgroup]
2026-09-12T06:52:18.5786851Z ##[group]Determining the checkout info
2026-09-12T06:52:18.5789235Z ##[endgroup]
2026-09-12T06:52:18.5790309Z [command]/usr/bin/git sparse-checkout disable
2026-09-12T06:52:18.5835614Z [command]/usr/bin/git config --local --unset-all extensions.worktreeConfig
2026-09-12T06:52:18.5865921Z ##[group]Checking out the ref
2026-09-12T06:52:18.5869350Z [command]/usr/bin/git checkout --progress --force -B spec-silex-optimization-parity-completion refs/remotes/origin/spec-silex-optimization-parity-completion
2026-09-12T06:52:18.7892022Z Switched to a new branch 'spec-silex-optimization-parity-completion'
2026-09-12T06:52:18.7895586Z branch 'spec-silex-optimization-parity-completion' set up to track 'origin/spec-silex-optimization-parity-completion'.
2026-09-12T06:52:18.7910077Z ##[endgroup]
2026-09-12T06:52:18.7955057Z [command]/usr/bin/git log -1 --format=%H
2026-09-12T06:52:18.7980199Z b3273cc40505d50b94c3c03a82ef6abb6bbc12be
2026-09-12T06:52:18.8219628Z ##[group]Run set -euo pipefail
2026-09-12T06:52:18.8220434Z [36;1mset -euo pipefail[0m
2026-09-12T06:52:18.8220826Z [36;1mcase "$(uname -m)" in[0m
2026-09-12T06:52:18.8222183Z [36;1m  aarch64|arm64) ;;[0m
2026-09-12T06:52:18.8222699Z [36;1m  *) echo "expected a native ARM64 runner, got $(uname -m)" >&2; exit 1 ;;[0m
2026-09-12T06:52:18.8223298Z [36;1mesac[0m
2026-09-12T06:52:18.8340284Z shell: /usr/bin/bash --noprofile --norc -e -o pipefail {0}
2026-09-12T06:52:18.8341125Z ##[endgroup]
2026-09-12T06:52:18.8520602Z ##[group]Run set -euo pipefail
2026-09-12T06:52:18.8521659Z [36;1mset -euo pipefail[0m
2026-09-12T06:52:18.8522078Z [36;1marchive="$RUNNER_TEMP/zig.tar.xz"[0m
2026-09-12T06:52:18.8523483Z [36;1mcurl -fL https://ziglang.org/download/0.16.0/zig-aarch64-linux-0.16.0.tar.xz -o "$archive"[0m
2026-09-12T06:52:18.8524643Z [36;1mecho "ea4b09bfb22ec6f6c6ceac57ab63efb6b46e17ab08d21f69f3a48b38e1534f17  $archive" | sha256sum -c -[0m
2026-09-12T06:52:18.8525293Z [36;1mtar -xJf "$archive" -C "$RUNNER_TEMP"[0m
2026-09-12T06:52:18.8525851Z [36;1mecho "$RUNNER_TEMP/zig-aarch64-linux-0.16.0" >> "$GITHUB_PATH"[0m
2026-09-12T06:52:18.8584452Z shell: /usr/bin/bash --noprofile --norc -e -o pipefail {0}
2026-09-12T06:52:18.8585003Z ##[endgroup]
2026-09-12T06:52:18.8724278Z   % Total    % Received % Xferd  Average Speed   Time    Time     Time  Current
2026-09-12T06:52:18.8725107Z                                  Dload  Upload   Total   Spent    Left  Speed
2026-09-12T06:52:18.8725446Z 
2026-09-12T06:52:18.9389012Z   0     0    0     0    0     0      0      0 --:--:-- --:--:-- --:--:--     0
2026-09-12T06:52:19.9264692Z   0     0    0     0    0     0      0      0 --:--:-- --:--:-- --:--:--     0
2026-09-12T06:52:21.0018031Z   0 48.8M    0 98042    0     0  92997      0  0:09:10  0:00:01  0:09:09 92930
2026-09-12T06:52:21.9753288Z   6 48.8M    6 3055k    0     0  1434k      0  0:00:34  0:00:02  0:00:32 1434k
2026-09-12T06:52:22.9590193Z  45 48.8M   45 22.3M    0     0  7362k      0  0:00:06  0:00:03  0:00:03 7360k
2026-09-12T06:52:23.0147595Z  92 48.8M   92 45.2M    0     0  11.0M      0  0:00:04  0:00:04 --:--:-- 11.0M
2026-09-12T06:52:23.0148214Z 100 48.8M  100 48.8M    0     0  11.7M      0  0:00:04  0:00:04 --:--:-- 11.9M
2026-09-12T06:52:23.0494379Z /home/runner/work/_temp/zig.tar.xz: OK
2026-09-12T06:52:25.7534313Z ##[group]Run set -euo pipefail
2026-09-12T06:52:25.7534982Z [36;1mset -euo pipefail[0m
2026-09-12T06:52:25.7535318Z [36;1mexport HOME="$RUNNER_TEMP/home"[0m
2026-09-12T06:52:25.7535653Z [36;1mmkdir -p "$HOME"[0m
2026-09-12T06:52:25.7535892Z [36;1m[0m
2026-09-12T06:52:25.7536267Z [36;1mboundary="$GITHUB_WORKSPACE/Tests/Target/linux-arm64/LinuxArm64Boundary"[0m
2026-09-12T06:52:25.7536725Z [36;1mmkdir -p "$boundary/Boundary/linux-arm64"[0m
2026-09-12T06:52:25.7537452Z [36;1mzig cc -target aarch64-linux-gnu -O2 -c "$boundary/provider.c" \[0m
2026-09-12T06:52:25.7538008Z [36;1m  -o "$boundary/Boundary/linux-arm64/provider.o"[0m
2026-09-12T06:52:25.7538438Z [36;1mzig ar rcs "$boundary/Boundary/linux-arm64/libProvider.a" \[0m
2026-09-12T06:52:25.7538882Z [36;1m  "$boundary/Boundary/linux-arm64/provider.o"[0m
2026-09-12T06:52:25.7539200Z [36;1m[0m
2026-09-12T06:52:25.7539483Z [36;1mzig build -Doptimize=ReleaseFast -Dcpu=baseline \[0m
2026-09-12T06:52:25.7539981Z [36;1m  --prefix "$RUNNER_TEMP/silex-prefix" \[0m
2026-09-12T06:52:25.7540318Z [36;1m  --build-file Toolchain/build.zig[0m
2026-09-12T06:52:25.7540648Z [36;1m[0m
2026-09-12T06:52:25.7540896Z [36;1msilex="$RUNNER_TEMP/silex-prefix/bin/silex"[0m
2026-09-12T06:52:25.7541472Z [36;1m"$silex" setup[0m
2026-09-12T06:52:25.7541831Z [36;1mmanaged_zig="$HOME/.silex/toolchain/zig/0.16.0/linux-arm64/zig"[0m
2026-09-12T06:52:25.7542246Z [36;1mtest -x "$managed_zig"[0m
2026-09-12T06:52:25.7542665Z [36;1mfile "$managed_zig" | grep -E 'ELF 64-bit.*(ARM aarch64|ARM64)'[0m
2026-09-12T06:52:25.7543032Z [36;1m[0m
2026-09-12T06:52:25.7543427Z [36;1msource="$GITHUB_WORKSPACE/Tests/Native/NativePortability.sx"[0m
2026-09-12T06:52:25.7543936Z [36;1m"$silex" interpret "$source" > "$RUNNER_TEMP/interpreted.txt"[0m
2026-09-12T06:52:25.7544399Z [36;1m"$silex" compile "$source" --debug -o "$RUNNER_TEMP/native-debug"[0m
2026-09-12T06:52:25.7544906Z [36;1m"$RUNNER_TEMP/native-debug" > "$RUNNER_TEMP/debug.txt"[0m
2026-09-12T06:52:25.7545387Z [36;1mcmp "$RUNNER_TEMP/interpreted.txt" "$RUNNER_TEMP/debug.txt"[0m
2026-09-12T06:52:25.7545896Z [36;1m"$silex" compile "$source" --release -o "$RUNNER_TEMP/native-release"[0m
2026-09-12T06:52:25.7546372Z [36;1m"$RUNNER_TEMP/native-release" > "$RUNNER_TEMP/release.txt"[0m
2026-09-12T06:52:25.7546839Z [36;1mcmp "$RUNNER_TEMP/interpreted.txt" "$RUNNER_TEMP/release.txt"[0m
2026-09-12T06:52:25.7547387Z [36;1mfile "$RUNNER_TEMP/native-release" | grep -E 'ELF 64-bit.*(ARM aarch64|ARM64)'[0m
2026-09-12T06:52:25.7547946Z [36;1mreadelf -h "$RUNNER_TEMP/native-release" | grep -E 'Machine:.*AArch64'[0m
2026-09-12T06:52:25.7548402Z [36;1m[0m
2026-09-12T06:52:25.7548739Z [36;1m"$silex" run "$GITHUB_WORKSPACE/Tests/Native/DistributionSmoke.sx" --debug[0m
2026-09-12T06:52:25.7549158Z [36;1m"$silex" test "$source"[0m
2026-09-12T06:52:25.7549465Z [36;1m[0m
2026-09-12T06:52:25.7549826Z [36;1m"$managed_zig" cc -target aarch64-linux-gnu -O2 -c "$boundary/provider.c" \[0m
2026-09-12T06:52:25.7550294Z [36;1m  -o "$boundary/Boundary/linux-arm64/provider.o"[0m
2026-09-12T06:52:25.7550782Z [36;1m"$managed_zig" ar rcs "$boundary/Boundary/linux-arm64/libProvider.a" \[0m
2026-09-12T06:52:25.7551421Z [36;1m  "$boundary/Boundary/linux-arm64/provider.o"[0m
2026-09-12T06:52:25.7551877Z [36;1m"$silex" test "$boundary/Tests/Boundary.sx"[0m
2026-09-12T06:52:25.7552306Z [36;1m"$silex" compile "$boundary/Tests/Boundary.sx" --release \[0m
2026-09-12T06:52:25.7552687Z [36;1m  -o "$RUNNER_TEMP/boundary"[0m
2026-09-12T06:52:25.7553106Z [36;1mtest "$("$RUNNER_TEMP/boundary")" = "linux arm64 boundary ready"[0m
2026-09-12T06:52:25.7553467Z [36;1m[0m
2026-09-12T06:52:25.7553891Z [36;1m# Compile the exact standalone witness without the optimizer package's STD graph.[0m
2026-09-12T06:52:25.7554415Z [36;1mscalar_root="$RUNNER_TEMP/scalar-float-fixture"[0m
2026-09-12T06:52:25.7554762Z [36;1mmkdir -p "$scalar_root"[0m
2026-09-12T06:52:25.7555399Z [36;1mprintf '%s\n' '{"sources":"."}' > "$scalar_root/Package.json"[0m
2026-09-12T06:52:25.7555860Z [36;1mscalar_fixture="$scalar_root/ScalarFloatResidence.sx"[0m
2026-09-12T06:52:25.7556526Z [36;1mcp "$GITHUB_WORKSPACE/Toolchain/Benchmarks/Optimizer/Regressions/ScalarFloatResidence.sx" "$scalar_fixture"[0m
2026-09-12T06:52:25.7557123Z [36;1mfor mode in debug release; do[0m
2026-09-12T06:52:25.7557470Z [36;1m  "$silex" compile "$scalar_fixture" "--$mode" --nocache \[0m
2026-09-12T06:52:25.7557910Z [36;1m    -o "$RUNNER_TEMP/scalar-float-residence-$mode"[0m
2026-09-12T06:52:25.7558488Z [36;1m  scalar_output=$("$RUNNER_TEMP/scalar-float-residence-$mode")[0m
2026-09-12T06:52:25.7558947Z [36;1m  test "$(printf '%s\n' "$scalar_output" | wc -l)" -eq 9[0m
2026-09-12T06:52:25.7559405Z [36;1m  test "$(printf '%s\n' "$scalar_output" | grep -c '^true$')" -eq 9[0m
2026-09-12T06:52:25.7559773Z [36;1mdone[0m
2026-09-12T06:52:25.7560116Z [36;1mbranch_fixture="$scalar_root/BranchComparisons.sx"[0m
2026-09-12T06:52:25.7560712Z [36;1mcp "$GITHUB_WORKSPACE/Toolchain/Benchmarks/Optimizer/Regressions/BranchComparisons.sx" "$branch_fixture"[0m
2026-09-12T06:52:25.7561581Z [36;1mfor mode in debug release; do[0m
2026-09-12T06:52:25.7562054Z [36;1m  "$silex" compile "$branch_fixture" "--$mode" --nocache \[0m
2026-09-12T06:52:25.7562456Z [36;1m    -o "$RUNNER_TEMP/branch-comparisons-$mode"[0m
2026-09-12T06:52:25.7563307Z [36;1m  test "$("$RUNNER_TEMP/branch-comparisons-$mode")" = "true"[0m
2026-09-12T06:52:25.7563677Z [36;1mdone[0m
2026-09-12T06:52:25.7564004Z [36;1msnapshot_fixture="$scalar_root/BranchSnapshots.sx"[0m
2026-09-12T06:52:25.7564722Z [36;1mcp "$GITHUB_WORKSPACE/Toolchain/Benchmarks/Optimizer/Regressions/BranchSnapshots.sx" "$snapshot_fixture"[0m
2026-09-12T06:52:25.7565269Z [36;1mfor mode in debug release; do[0m
2026-09-12T06:52:25.7565649Z [36;1m  "$silex" compile "$snapshot_fixture" "--$mode" --nocache \[0m
2026-09-12T06:52:25.7566046Z [36;1m    -o "$RUNNER_TEMP/branch-snapshots-$mode"[0m
2026-09-12T06:52:25.7566465Z [36;1m  snapshot_output=$("$RUNNER_TEMP/branch-snapshots-$mode")[0m
2026-09-12T06:52:25.7566926Z [36;1m  test "$(printf '%s\n' "$snapshot_output" | wc -l)" -eq 8[0m
2026-09-12T06:52:25.7567369Z [36;1m  test "$(printf '%s\n' "$snapshot_output" | grep -c '^true$')" -eq 8[0m
2026-09-12T06:52:25.7567778Z [36;1mdone[0m
2026-09-12T06:52:25.7568068Z [36;1mloop_exit_fixture="$scalar_root/LoopExitResidence.sx"[0m
2026-09-12T06:52:25.7568695Z [36;1mcp "$GITHUB_WORKSPACE/Toolchain/Benchmarks/Optimizer/Regressions/LoopExitResidence.sx" "$loop_exit_fixture"[0m
2026-09-12T06:52:25.7569292Z [36;1mfor mode in debug release; do[0m
2026-09-12T06:52:25.7569647Z [36;1m  "$silex" compile "$loop_exit_fixture" "--$mode" --nocache \[0m
2026-09-12T06:52:25.7570070Z [36;1m    -o "$RUNNER_TEMP/loop-exit-residence-$mode"[0m
2026-09-12T06:52:25.7570488Z [36;1m  loop_exit_output=$("$RUNNER_TEMP/loop-exit-residence-$mode")[0m
2026-09-12T06:52:25.7570985Z [36;1m  test "$(printf '%s\n' "$loop_exit_output" | wc -l)" -eq 5[0m
2026-09-12T06:52:25.7571752Z [36;1m  test "$(printf '%s\n' "$loop_exit_output" | grep -c '^true$')" -eq 5[0m
2026-09-12T06:52:25.7572135Z [36;1mdone[0m
2026-09-12T06:52:25.7572468Z [36;1mfloat_memory_fixture="$scalar_root/FloatMemoryResidence.sx"[0m
2026-09-12T06:52:25.7573136Z [36;1mcp "$GITHUB_WORKSPACE/Toolchain/Benchmarks/Optimizer/Regressions/FloatMemoryResidence.sx" "$float_memory_fixture"[0m
2026-09-12T06:52:25.7573744Z [36;1mfor mode in debug release; do[0m
2026-09-12T06:52:25.7574166Z [36;1m  "$silex" compile "$float_memory_fixture" "--$mode" --nocache \[0m
2026-09-12T06:52:25.7574594Z [36;1m    -o "$RUNNER_TEMP/float-memory-residence-$mode"[0m
2026-09-12T06:52:25.7575061Z [36;1m  float_memory_output=$("$RUNNER_TEMP/float-memory-residence-$mode")[0m
2026-09-12T06:52:25.7575540Z [36;1m  test "$(printf '%s\n' "$float_memory_output" | wc -l)" -eq 22[0m
2026-09-12T06:52:25.7576026Z [36;1m  test "$(printf '%s\n' "$float_memory_output" | grep -c '^true$')" -eq 22[0m
2026-09-12T06:52:25.7576690Z [36;1mdone[0m
2026-09-12T06:52:25.7577027Z [36;1mfloat_operands_fixture="$scalar_root/ScalarFloatOperands.sx"[0m
2026-09-12T06:52:25.7577739Z [36;1mcp "$GITHUB_WORKSPACE/Toolchain/Benchmarks/Optimizer/Regressions/ScalarFloatOperands.sx" "$float_operands_fixture"[0m
2026-09-12T06:52:25.7578355Z [36;1mfor mode in debug release; do[0m
2026-09-12T06:52:25.7578732Z [36;1m  "$silex" compile "$float_operands_fixture" "--$mode" --nocache \[0m
2026-09-12T06:52:25.7579331Z [36;1m    -o "$RUNNER_TEMP/scalar-float-operands-$mode"[0m
2026-09-12T06:52:25.7579773Z [36;1m  float_operands_output=$("$RUNNER_TEMP/scalar-float-operands-$mode")[0m
2026-09-12T06:52:25.7580249Z [36;1m  test "$(printf '%s\n' "$float_operands_output" | wc -l)" -eq 18[0m
2026-09-12T06:52:25.7580785Z [36;1m  test "$(printf '%s\n' "$float_operands_output" | grep -c '^true$')" -eq 18[0m
2026-09-12T06:52:25.7581787Z [36;1mdone[0m
2026-09-12T06:52:25.7582251Z [36;1mprivate_length_fixture="$scalar_root/PrivateCollectionLengths.sx"[0m
2026-09-12T06:52:25.7582972Z [36;1mcp "$GITHUB_WORKSPACE/Toolchain/Benchmarks/Optimizer/Regressions/PrivateCollectionLengths.sx" "$private_length_fixture"[0m
2026-09-12T06:52:25.7583573Z [36;1mfor mode in debug release; do[0m
2026-09-12T06:52:25.7584037Z [36;1m  "$silex" compile "$private_length_fixture" "--$mode" --nocache \[0m
2026-09-12T06:52:25.7584485Z [36;1m    -o "$RUNNER_TEMP/private-collection-lengths-$mode"[0m
2026-09-12T06:52:25.7585011Z [36;1m  private_length_output=$("$RUNNER_TEMP/private-collection-lengths-$mode")[0m
2026-09-12T06:52:25.7585521Z [36;1m  test "$(printf '%s\n' "$private_length_output" | wc -l)" -eq 10[0m
2026-09-12T06:52:25.7585994Z [36;1m  test "$(printf '%s\n' "$private_length_output" | grep -c '^true$')" -eq 10[0m
2026-09-12T06:52:25.7586435Z [36;1mdone[0m
2026-09-12T06:52:25.7586724Z [36;1mclass_leaf_fixture="$scalar_root/ScalarClassLeaves.sx"[0m
2026-09-12T06:52:25.7587365Z [36;1mcp "$GITHUB_WORKSPACE/Toolchain/Benchmarks/Optimizer/Regressions/ScalarClassLeaves.sx" "$class_leaf_fixture"[0m
2026-09-12T06:52:25.7587935Z [36;1mfor mode in debug release; do[0m
2026-09-12T06:52:25.7588304Z [36;1m  "$silex" compile "$class_leaf_fixture" "--$mode" --nocache \[0m
2026-09-12T06:52:25.7588782Z [36;1m    -o "$RUNNER_TEMP/scalar-class-leaves-$mode"[0m
2026-09-12T06:52:25.7589196Z [36;1m  class_leaf_output=$("$RUNNER_TEMP/scalar-class-leaves-$mode")[0m
2026-09-12T06:52:25.7589668Z [36;1m  test "$(printf '%s\n' "$class_leaf_output" | wc -l)" -eq 18[0m
2026-09-12T06:52:25.7590134Z [36;1m  test "$(printf '%s\n' "$class_leaf_output" | grep -c '^true$')" -eq 18[0m
2026-09-12T06:52:25.7590513Z [36;1mdone[0m
2026-09-12T06:52:25.7590871Z [36;1minteger_memory_fixture="$scalar_root/IntegerMemoryRegions.sx"[0m
2026-09-12T06:52:25.7591762Z [36;1mcp "$GITHUB_WORKSPACE/Toolchain/Benchmarks/Optimizer/Regressions/IntegerMemoryRegions.sx" "$integer_memory_fixture"[0m
2026-09-12T06:52:25.7592389Z [36;1mfor mode in debug release; do[0m
2026-09-12T06:52:25.7592783Z [36;1m  "$silex" compile "$integer_memory_fixture" "--$mode" --nocache \[0m
2026-09-12T06:52:25.7593242Z [36;1m    -o "$RUNNER_TEMP/integer-memory-regions-$mode"[0m
2026-09-12T06:52:25.7593718Z [36;1m  integer_memory_output=$("$RUNNER_TEMP/integer-memory-regions-$mode")[0m
2026-09-12T06:52:25.7594204Z [36;1m  test "$(printf '%s\n' "$integer_memory_output" | wc -l)" -eq 18[0m
2026-09-12T06:52:25.7594727Z [36;1m  test "$(printf '%s\n' "$integer_memory_output" | grep -c '^true$')" -eq 18[0m
2026-09-12T06:52:25.7595140Z [36;1mdone[0m
2026-09-12T06:52:25.7650295Z shell: /usr/bin/bash --noprofile --norc -e -o pipefail {0}
2026-09-12T06:52:25.7650727Z ##[endgroup]
2026-09-12T06:57:49.8602432Z silex: installed Shadercross for linux-arm64
2026-09-12T06:57:57.7417554Z silex: installed Native linker for linux-arm64
2026-09-12T06:57:57.8293764Z /home/runner/work/_temp/home/.silex/toolchain/zig/0.16.0/linux-arm64/zig: ELF 64-bit LSB executable, ARM aarch64, version 1 (SYSV), statically linked, stripped
2026-09-12T06:57:57.9994327Z /home/runner/work/_temp/native-release: ELF 64-bit LSB executable, ARM aarch64, version 1 (SYSV), statically linked, no section header
2026-09-12T06:57:58.0570144Z   Machine:                           AArch64
2026-09-12T06:57:58.0950494Z silex distribution ready
2026-09-12T06:58:11.3007216Z ok - dynamic protocol dispatch returns updated structures and shared classes
2026-09-12T06:58:11.3190404Z ok - execute direct indirect and dynamic calls beyond native registers
2026-09-12T06:58:11.3373021Z ok - preserve paired float32 arithmetic on native
2026-09-12T06:58:11.3557039Z ok - mutate a class-owned native list without changing its snapshot
2026-09-12T06:58:11.3745476Z ok - replace class elements in a class-owned native list
2026-09-12T06:58:11.3937635Z ok - preserve embedded byte contents on native
2026-09-12T06:58:11.4133768Z ok - format native floats through the standalone runtime
2026-09-12T06:58:11.4333020Z ok - convert native float precision in both directions
2026-09-12T06:58:11.4539042Z ok - replace and preserve an aliased native list
2026-09-12T06:58:11.4742273Z ok - swap and reverse a native list
2026-09-12T06:58:11.4951623Z ok - grow a native list at every position
2026-09-12T06:58:11.5163029Z ok - remove native list elements from every position
2026-09-12T06:58:11.5380539Z ok - slice view mutate and clear native lists
2026-09-12T06:58:11.5602735Z ok - mutable aggregate view detaches shared native list
2026-09-12T06:58:11.5832898Z copy state drop
2026-09-12T06:58:11.5833858Z copy state drop
2026-09-12T06:58:11.5835330Z ok - deep-copy repeated native class roots without collections
2026-09-12T06:58:11.6069262Z native cycle drop
2026-09-12T06:58:11.6069912Z native cycle drop
2026-09-12T06:58:11.6070185Z ok - finalize a direct native class cycle
2026-09-12T06:58:11.6310114Z native cycle drop
2026-09-12T06:58:11.6310436Z native cycle drop
2026-09-12T06:58:11.6310860Z ok - finalize a native class cycle through lists
2026-09-12T06:58:11.6547412Z native cycle drop
2026-09-12T06:58:11.6547961Z native cycle drop
2026-09-12T06:58:11.6549766Z ok - finalize a native class cycle through protocols
2026-09-12T06:58:11.6785726Z ok - execute the complete native collection mutation slice
2026-09-12T06:58:11.7033057Z copy state drop
2026-09-12T06:58:11.7033451Z copy state drop
2026-09-12T06:58:11.7033908Z ok - execute native ownership and deep-copy runtime
2026-09-12T06:58:11.7276055Z ok - preserve resource aggregates across native list growth
2026-09-12T06:58:11.7524250Z ok - serialize native mutations with mutex
2026-09-12T06:58:11.7778450Z native cycle drop
2026-09-12T06:58:11.7779153Z native cycle drop
2026-09-12T06:58:11.7779564Z native cycle drop
2026-09-12T06:58:11.7779780Z native cycle drop
2026-09-12T06:58:11.7780032Z native cycle drop
2026-09-12T06:58:11.7780283Z native cycle drop
2026-09-12T06:58:11.7780677Z ok - finalize native cycles across direct collection and protocol edges
2026-09-12T06:58:11.7843127Z 23 passed; 0 failed
2026-09-12T06:58:11.8461958Z ok - call a Linux ARM64 Boundary through AAPCS64
2026-09-12T06:58:11.8462454Z 1 passed; 0 failed
2026-09-12T06:58:12.8394672Z Post job cleanup.
2026-09-12T06:58:12.9124508Z [command]/usr/bin/git version
2026-09-12T06:58:12.9161380Z git version 2.55.0
2026-09-12T06:58:12.9197576Z Temporarily overriding HOME='/home/runner/work/_temp/3e308329-8aae-4bb3-a311-96e0d72d6f25' before making global git config changes
2026-09-12T06:58:12.9198351Z Adding repository directory to the temporary git global config as a safe directory
2026-09-12T06:58:12.9203494Z [command]/usr/bin/git config --global --add safe.directory /home/runner/work/Silex/Silex
2026-09-12T06:58:12.9234451Z Removing SSH command configuration
2026-09-12T06:58:12.9240978Z [command]/usr/bin/git config --local --name-only --get-regexp core\.sshCommand
2026-09-12T06:58:12.9277927Z [command]/usr/bin/git submodule foreach --recursive sh -c "git config --local --name-only --get-regexp 'core\.sshCommand' && git config --local --unset-all 'core.sshCommand' || :"
2026-09-12T06:58:12.9488399Z Removing HTTP extra header
2026-09-12T06:58:12.9489127Z [command]/usr/bin/git config --local --name-only --get-regexp http\.https\:\/\/github\.com\/\.extraheader
2026-09-12T06:58:12.9514210Z [command]/usr/bin/git submodule foreach --recursive sh -c "git config --local --name-only --get-regexp 'http\.https\:\/\/github\.com\/\.extraheader' && git config --local --unset-all 'http.https://github.com/.extraheader' || :"
2026-09-12T06:58:12.9709018Z Removing includeIf entries pointing to credentials config files
2026-09-12T06:58:12.9718492Z [command]/usr/bin/git config --local --name-only --get-regexp ^includeIf\.gitdir:
2026-09-12T06:58:12.9740625Z includeif.gitdir:/home/runner/work/Silex/Silex/.git.path
2026-09-12T06:58:12.9741316Z includeif.gitdir:/home/runner/work/Silex/Silex/.git/worktrees/*.path
2026-09-12T06:58:12.9741927Z includeif.gitdir:/github/workspace/.git.path
2026-09-12T06:58:12.9742299Z includeif.gitdir:/github/workspace/.git/worktrees/*.path
2026-09-12T06:58:12.9749242Z [command]/usr/bin/git config --local --get-all includeif.gitdir:/home/runner/work/Silex/Silex/.git.path
2026-09-12T06:58:12.9771370Z /home/runner/work/_temp/git-credentials-16b6fd96-22e2-426d-b6ed-6a2d6b55741b.config
2026-09-12T06:58:12.9781379Z [command]/usr/bin/git config --local --unset includeif.gitdir:/home/runner/work/Silex/Silex/.git.path /home/runner/work/_temp/git-credentials-16b6fd96-22e2-426d-b6ed-6a2d6b55741b.config
2026-09-12T06:58:12.9820157Z [command]/usr/bin/git config --local --get-all includeif.gitdir:/home/runner/work/Silex/Silex/.git/worktrees/*.path
2026-09-12T06:58:12.9843712Z /home/runner/work/_temp/git-credentials-16b6fd96-22e2-426d-b6ed-6a2d6b55741b.config
2026-09-12T06:58:12.9853640Z [command]/usr/bin/git config --local --unset includeif.gitdir:/home/runner/work/Silex/Silex/.git/worktrees/*.path /home/runner/work/_temp/git-credentials-16b6fd96-22e2-426d-b6ed-6a2d6b55741b.config
2026-09-12T06:58:12.9887449Z [command]/usr/bin/git config --local --get-all includeif.gitdir:/github/workspace/.git.path
2026-09-12T06:58:12.9910418Z /github/runner_temp/git-credentials-16b6fd96-22e2-426d-b6ed-6a2d6b55741b.config
2026-09-12T06:58:12.9917416Z [command]/usr/bin/git config --local --unset includeif.gitdir:/github/workspace/.git.path /github/runner_temp/git-credentials-16b6fd96-22e2-426d-b6ed-6a2d6b55741b.config
2026-09-12T06:58:12.9950618Z [command]/usr/bin/git config --local --get-all includeif.gitdir:/github/workspace/.git/worktrees/*.path
2026-09-12T06:58:12.9974598Z /github/runner_temp/git-credentials-16b6fd96-22e2-426d-b6ed-6a2d6b55741b.config
2026-09-12T06:58:12.9982853Z [command]/usr/bin/git config --local --unset includeif.gitdir:/github/workspace/.git/worktrees/*.path /github/runner_temp/git-credentials-16b6fd96-22e2-426d-b6ed-6a2d6b55741b.config
2026-09-12T06:58:13.0018050Z [command]/usr/bin/git submodule foreach --recursive git config --local --show-origin --name-only --get-regexp remote.origin.url
2026-09-12T06:58:13.0218725Z Removing credentials config '/home/runner/work/_temp/git-credentials-16b6fd96-22e2-426d-b6ed-6a2d6b55741b.config'
2026-09-12T06:58:13.0367437Z Cleaning up orphan processes

