2026-09-12T06:52:19.3848970Z Current runner version: '2.337.0'
2026-09-12T06:52:19.3881220Z ##[group]Runner Image Provisioner
2026-09-12T06:52:19.3882340Z Hosted Compute Agent
2026-09-12T06:52:19.3883060Z Version: 20260819.586
2026-09-12T06:52:19.3883860Z Commit: 3cc4a88dfa507ef76119ad1bb3eccc6378bb2b76
2026-09-12T06:52:19.3884990Z Build Date: 2026-08-18T23:20:18Z
2026-09-12T06:52:19.3885900Z Worker ID: {fa9c9d7f-fa38-4310-a336-da98e68c3ba7}
2026-09-12T06:52:19.3886880Z Azure Region: westus
2026-09-12T06:52:19.3887610Z ##[endgroup]
2026-09-12T06:52:19.3889750Z ##[group]Operating System
2026-09-12T06:52:19.3890540Z macOS
2026-09-12T06:52:19.3891170Z 15.7.9
2026-09-12T06:52:19.3891800Z 24G830
2026-09-12T06:52:19.3892440Z ##[endgroup]
2026-09-12T06:52:19.3893130Z ##[group]Runner Image
2026-09-12T06:52:19.3893890Z Image: macos-15
2026-09-12T06:52:19.3895000Z Version: 20260824.0482.1
2026-09-12T06:52:19.3896780Z Included Software: https://github.com/actions/runner-images/blob/macos-15/20260824.0482/images/macos/macos-15-Readme.md
2026-09-12T06:52:19.3899700Z Image Release: https://github.com/actions/runner-images/releases/tag/macos-15%2F20260824.0482
2026-09-12T06:52:19.3901710Z ##[endgroup]
2026-09-12T06:52:19.3903210Z ##[group]GITHUB_TOKEN Permissions
2026-09-12T06:52:19.3906300Z Contents: read
2026-09-12T06:52:19.3907020Z Metadata: read
2026-09-12T06:52:19.3907700Z ##[endgroup]
2026-09-12T06:52:19.3910280Z Secret source: Actions
2026-09-12T06:52:19.3911710Z Cache mode: write
2026-09-12T06:52:19.3912610Z Prepare workflow directory
2026-09-12T06:52:19.4587370Z Prepare all required actions
2026-09-12T06:52:19.4660480Z Getting action download info
2026-09-12T06:52:19.8660240Z Download action repository 'actions/checkout@v6' (SHA:d23441a48e516b6c34aea4fa41551a30e30af803)
2026-09-12T06:52:20.8489970Z Download action repository 'actions/upload-artifact@v7' (SHA:043fb46d1a93c77aae656e7c1c64a875d1fc6a0a)
2026-09-12T06:52:21.4133190Z Complete job name: optimizer-x64
2026-09-12T06:52:21.5316990Z ##[group]Run actions/checkout@v6
2026-09-12T06:52:21.5318940Z with:
2026-09-12T06:52:21.5319800Z   repository: Matanek/Silex
2026-09-12T06:52:21.5330130Z   token: ***
2026-09-12T06:52:21.5330930Z   ssh-strict: true
2026-09-12T06:52:21.5331730Z   ssh-user: git
2026-09-12T06:52:21.5332530Z   persist-credentials: true
2026-09-12T06:52:21.5333840Z   clean: true
2026-09-12T06:52:21.5334850Z   sparse-checkout-cone-mode: true
2026-09-12T06:52:21.5335920Z   fetch-depth: 1
2026-09-12T06:52:21.5336880Z   fetch-tags: false
2026-09-12T06:52:21.5337740Z   show-progress: true
2026-09-12T06:52:21.5338590Z   lfs: false
2026-09-12T06:52:21.5339390Z   submodules: false
2026-09-12T06:52:21.5340280Z   set-safe-directory: true
2026-09-12T06:52:21.5341360Z   allow-unsafe-pr-checkout: false
2026-09-12T06:52:21.5343640Z ##[endgroup]
2026-09-12T06:52:23.2117190Z Syncing repository: Matanek/Silex
2026-09-12T06:52:23.2123600Z ##[group]Getting Git version info
2026-09-12T06:52:23.2126750Z Working directory is '/Users/runner/work/Silex/Silex'
2026-09-12T06:52:23.2131270Z [command]/usr/local/bin/git version
2026-09-12T06:52:23.2612670Z git version 2.55.0
2026-09-12T06:52:23.2679190Z ##[endgroup]
2026-09-12T06:52:23.2709360Z Copying '/Users/runner/.gitconfig' to '/Users/runner/work/_temp/6bb974cf-4450-47cf-81de-bc990dea0753/.gitconfig'
2026-09-12T06:52:23.2736230Z Temporarily overriding HOME='/Users/runner/work/_temp/6bb974cf-4450-47cf-81de-bc990dea0753' before making global git config changes
2026-09-12T06:52:23.2742420Z Adding repository directory to the temporary git global config as a safe directory
2026-09-12T06:52:23.2749690Z [command]/usr/local/bin/git config --global --add safe.directory /Users/runner/work/Silex/Silex
2026-09-12T06:52:23.2987490Z Deleting the contents of '/Users/runner/work/Silex/Silex'
2026-09-12T06:52:23.3000490Z ##[group]Determining repository object format
2026-09-12T06:52:23.3007790Z ##[endgroup]
2026-09-12T06:52:23.3013230Z ##[group]Initializing the repository
2026-09-12T06:52:23.3019090Z [command]/usr/local/bin/git init /Users/runner/work/Silex/Silex
2026-09-12T06:52:23.3588880Z hint: Using 'master' as the name for the initial branch. This default branch name
2026-09-12T06:52:23.3595880Z hint: will change to "main" in Git 3.0. To configure the initial branch name
2026-09-12T06:52:23.3607780Z hint: to use in all of your new repositories, which will suppress this warning,
2026-09-12T06:52:23.3614670Z hint: call:
2026-09-12T06:52:23.3619550Z hint:
2026-09-12T06:52:23.3622900Z hint: 	git config --global init.defaultBranch <name>
2026-09-12T06:52:23.3628980Z hint:
2026-09-12T06:52:23.3632940Z hint: Names commonly chosen instead of 'master' are 'main', 'trunk' and
2026-09-12T06:52:23.3642400Z hint: 'development'. The just-created branch can be renamed via this command:
2026-09-12T06:52:23.3650380Z hint:
2026-09-12T06:52:23.3654750Z hint: 	git branch -m <name>
2026-09-12T06:52:23.3661000Z hint:
2026-09-12T06:52:23.3666330Z hint: Disable this message with "git config set advice.defaultBranchName false"
2026-09-12T06:52:23.3677270Z Initialized empty Git repository in /Users/runner/work/Silex/Silex/.git/
2026-09-12T06:52:23.3701560Z [command]/usr/local/bin/git remote add origin https://github.com/Matanek/Silex
2026-09-12T06:52:23.3888130Z ##[endgroup]
2026-09-12T06:52:23.3892870Z ##[group]Disabling automatic garbage collection
2026-09-12T06:52:23.3896330Z [command]/usr/local/bin/git config --local gc.auto 0
2026-09-12T06:52:23.4052970Z ##[endgroup]
2026-09-12T06:52:23.4058430Z ##[group]Setting up auth
2026-09-12T06:52:23.4061470Z Removing SSH command configuration
2026-09-12T06:52:23.4071470Z [command]/usr/local/bin/git config --local --name-only --get-regexp core\.sshCommand
2026-09-12T06:52:23.4224760Z [command]/usr/local/bin/git submodule foreach --recursive sh -c "git config --local --name-only --get-regexp 'core\.sshCommand' && git config --local --unset-all 'core.sshCommand' || :"
2026-09-12T06:52:23.6493360Z Removing HTTP extra header
2026-09-12T06:52:23.6501780Z [command]/usr/local/bin/git config --local --name-only --get-regexp http\.https\:\/\/github\.com\/\.extraheader
2026-09-12T06:52:23.6601180Z [command]/usr/local/bin/git submodule foreach --recursive sh -c "git config --local --name-only --get-regexp 'http\.https\:\/\/github\.com\/\.extraheader' && git config --local --unset-all 'http.https://github.com/.extraheader' || :"
2026-09-12T06:52:23.8394850Z Removing includeIf entries pointing to credentials config files
2026-09-12T06:52:23.8401200Z [command]/usr/local/bin/git config --local --name-only --get-regexp ^includeIf\.gitdir:
2026-09-12T06:52:23.8448020Z [command]/usr/local/bin/git submodule foreach --recursive git config --local --show-origin --name-only --get-regexp remote.origin.url
2026-09-12T06:52:24.1089140Z [command]/usr/local/bin/git config --file /Users/runner/work/_temp/git-credentials-01afcf8c-0da8-4ce3-b998-8ed54e998651.config http.https://github.com/.extraheader AUTHORIZATION: basic ***
2026-09-12T06:52:24.1108140Z [command]/usr/local/bin/git config --local includeIf.gitdir:/Users/runner/work/Silex/Silex/.git.path /Users/runner/work/_temp/git-credentials-01afcf8c-0da8-4ce3-b998-8ed54e998651.config
2026-09-12T06:52:24.1129560Z [command]/usr/local/bin/git config --local includeIf.gitdir:/Users/runner/work/Silex/Silex/.git/worktrees/*.path /Users/runner/work/_temp/git-credentials-01afcf8c-0da8-4ce3-b998-8ed54e998651.config
2026-09-12T06:52:24.1144360Z [command]/usr/local/bin/git config --local includeIf.gitdir:/github/workspace/.git.path /github/runner_temp/git-credentials-01afcf8c-0da8-4ce3-b998-8ed54e998651.config
2026-09-12T06:52:24.1238340Z [command]/usr/local/bin/git config --local includeIf.gitdir:/github/workspace/.git/worktrees/*.path /github/runner_temp/git-credentials-01afcf8c-0da8-4ce3-b998-8ed54e998651.config
2026-09-12T06:52:24.1348590Z ##[endgroup]
2026-09-12T06:52:24.1352990Z ##[group]Fetching the repository
2026-09-12T06:52:24.1361860Z [command]/usr/local/bin/git -c protocol.version=2 fetch --no-tags --prune --no-recurse-submodules --depth=1 origin +b3273cc40505d50b94c3c03a82ef6abb6bbc12be:refs/remotes/origin/spec-silex-optimization-parity-completion
2026-09-12T06:52:26.3004930Z From https://github.com/Matanek/Silex
2026-09-12T06:52:26.3009280Z  * [new ref]         b3273cc40505d50b94c3c03a82ef6abb6bbc12be -> origin/spec-silex-optimization-parity-completion
2026-09-12T06:52:26.3016560Z [command]/usr/local/bin/git branch --list --remote origin/spec-silex-optimization-parity-completion
2026-09-12T06:52:26.3122480Z   origin/spec-silex-optimization-parity-completion
2026-09-12T06:52:26.3134880Z [command]/usr/local/bin/git rev-parse refs/remotes/origin/spec-silex-optimization-parity-completion
2026-09-12T06:52:26.3220420Z b3273cc40505d50b94c3c03a82ef6abb6bbc12be
2026-09-12T06:52:26.3227690Z ##[endgroup]
2026-09-12T06:52:26.3228670Z ##[group]Determining the checkout info
2026-09-12T06:52:26.3229640Z ##[endgroup]
2026-09-12T06:52:26.3234440Z [command]/usr/local/bin/git sparse-checkout disable
2026-09-12T06:52:26.3357950Z [command]/usr/local/bin/git config --local --unset-all extensions.worktreeConfig
2026-09-12T06:52:26.3455240Z ##[group]Checking out the ref
2026-09-12T06:52:26.3460790Z [command]/usr/local/bin/git checkout --progress --force -B spec-silex-optimization-parity-completion refs/remotes/origin/spec-silex-optimization-parity-completion
2026-09-12T06:52:27.5777950Z Updating files:  60% (1651/2716)
2026-09-12T06:52:27.5934970Z Updating files:  61% (1657/2716)
2026-09-12T06:52:27.6089230Z Updating files:  62% (1684/2716)
2026-09-12T06:52:27.6177750Z Updating files:  63% (1712/2716)
2026-09-12T06:52:27.6268260Z Updating files:  64% (1739/2716)
2026-09-12T06:52:27.6364790Z Updating files:  65% (1766/2716)
2026-09-12T06:52:27.6457890Z Updating files:  66% (1793/2716)
2026-09-12T06:52:27.6638580Z Updating files:  67% (1820/2716)
2026-09-12T06:52:27.6727590Z Updating files:  68% (1847/2716)
2026-09-12T06:52:27.6831650Z Updating files:  69% (1875/2716)
2026-09-12T06:52:27.6976720Z Updating files:  70% (1902/2716)
2026-09-12T06:52:27.7137980Z Updating files:  71% (1929/2716)
2026-09-12T06:52:27.7238300Z Updating files:  72% (1956/2716)
2026-09-12T06:52:27.7330680Z Updating files:  73% (1983/2716)
2026-09-12T06:52:27.7436440Z Updating files:  74% (2010/2716)
2026-09-12T06:52:27.7571650Z Updating files:  75% (2037/2716)
2026-09-12T06:52:27.7701580Z Updating files:  76% (2065/2716)
2026-09-12T06:52:27.7806140Z Updating files:  77% (2092/2716)
2026-09-12T06:52:27.7899550Z Updating files:  78% (2119/2716)
2026-09-12T06:52:27.8018480Z Updating files:  79% (2146/2716)
2026-09-12T06:52:27.8092660Z Updating files:  80% (2173/2716)
2026-09-12T06:52:27.8192430Z Updating files:  81% (2200/2716)
2026-09-12T06:52:27.8348330Z Updating files:  82% (2228/2716)
2026-09-12T06:52:27.8464900Z Updating files:  83% (2255/2716)
2026-09-12T06:52:27.8552130Z Updating files:  84% (2282/2716)
2026-09-12T06:52:27.8627480Z Updating files:  85% (2309/2716)
2026-09-12T06:52:27.8774540Z Updating files:  86% (2336/2716)
2026-09-12T06:52:27.8888330Z Updating files:  87% (2363/2716)
2026-09-12T06:52:27.8980700Z Updating files:  88% (2391/2716)
2026-09-12T06:52:27.9090490Z Updating files:  89% (2418/2716)
2026-09-12T06:52:27.9209280Z Updating files:  90% (2445/2716)
2026-09-12T06:52:27.9299170Z Updating files:  91% (2472/2716)
2026-09-12T06:52:27.9494980Z Updating files:  92% (2499/2716)
2026-09-12T06:52:28.0116330Z Updating files:  93% (2526/2716)
2026-09-12T06:52:28.0242220Z Updating files:  94% (2554/2716)
2026-09-12T06:52:28.0385200Z Updating files:  95% (2581/2716)
2026-09-12T06:52:28.0487410Z Updating files:  96% (2608/2716)
2026-09-12T06:52:28.0579590Z Updating files:  97% (2635/2716)
2026-09-12T06:52:28.0690690Z Updating files:  98% (2662/2716)
2026-09-12T06:52:28.0820600Z Updating files:  99% (2689/2716)
2026-09-12T06:52:28.0894760Z Updating files: 100% (2716/2716)
2026-09-12T06:52:28.0896460Z Updating files: 100% (2716/2716), done.
2026-09-12T06:52:28.0910750Z Switched to a new branch 'spec-silex-optimization-parity-completion'
2026-09-12T06:52:28.0926150Z branch 'spec-silex-optimization-parity-completion' set up to track 'origin/spec-silex-optimization-parity-completion'.
2026-09-12T06:52:28.1042920Z ##[endgroup]
2026-09-12T06:52:28.1137090Z [command]/usr/local/bin/git log -1 --format=%H
2026-09-12T06:52:28.1249990Z b3273cc40505d50b94c3c03a82ef6abb6bbc12be
2026-09-12T06:52:28.1888710Z ##[group]Run actions/checkout@v6
2026-09-12T06:52:28.1889270Z with:
2026-09-12T06:52:28.1889680Z   repository: Matanek/Silex-Lib-STD
2026-09-12T06:52:28.1890290Z   ref: 80aabd9a2de919af52dc0b8bf2d0f9de50aa75c5
2026-09-12T06:52:28.1890930Z   path: Dependencies/STD
2026-09-12T06:52:28.1896470Z   token: ***
2026-09-12T06:52:28.1896850Z   ssh-strict: true
2026-09-12T06:52:28.1897230Z   ssh-user: git
2026-09-12T06:52:28.1897650Z   persist-credentials: true
2026-09-12T06:52:28.1898110Z   clean: true
2026-09-12T06:52:28.1898520Z   sparse-checkout-cone-mode: true
2026-09-12T06:52:28.1899030Z   fetch-depth: 1
2026-09-12T06:52:28.1899420Z   fetch-tags: false
2026-09-12T06:52:28.1899820Z   show-progress: true
2026-09-12T06:52:28.1900230Z   lfs: false
2026-09-12T06:52:28.1900590Z   submodules: false
2026-09-12T06:52:28.1901010Z   set-safe-directory: true
2026-09-12T06:52:28.1901520Z   allow-unsafe-pr-checkout: false
2026-09-12T06:52:28.1902030Z ##[endgroup]
2026-09-12T06:52:28.5494890Z Syncing repository: Matanek/Silex-Lib-STD
2026-09-12T06:52:28.5650090Z ##[group]Getting Git version info
2026-09-12T06:52:28.5656480Z Working directory is '/Users/runner/work/Silex/Silex/Dependencies/STD'
2026-09-12T06:52:28.5684400Z [command]/usr/local/bin/git version
2026-09-12T06:52:28.5709520Z git version 2.55.0
2026-09-12T06:52:28.5773330Z ##[endgroup]
2026-09-12T06:52:28.5794280Z Copying '/Users/runner/.gitconfig' to '/Users/runner/work/_temp/c42cd2f6-b60d-4d8c-a4f6-bfce97a3d3f8/.gitconfig'
2026-09-12T06:52:28.5804010Z Temporarily overriding HOME='/Users/runner/work/_temp/c42cd2f6-b60d-4d8c-a4f6-bfce97a3d3f8' before making global git config changes
2026-09-12T06:52:28.5823300Z Adding repository directory to the temporary git global config as a safe directory
2026-09-12T06:52:28.5846210Z [command]/usr/local/bin/git config --global --add safe.directory /Users/runner/work/Silex/Silex/Dependencies/STD
2026-09-12T06:52:28.5864780Z ##[group]Determining repository object format
2026-09-12T06:52:28.5876200Z ##[endgroup]
2026-09-12T06:52:28.5884050Z ##[group]Initializing the repository
2026-09-12T06:52:28.5885030Z [command]/usr/local/bin/git init /Users/runner/work/Silex/Silex/Dependencies/STD
2026-09-12T06:52:28.5886290Z hint: Using 'master' as the name for the initial branch. This default branch name
2026-09-12T06:52:28.5887490Z hint: will change to "main" in Git 3.0. To configure the initial branch name
2026-09-12T06:52:28.5888680Z hint: to use in all of your new repositories, which will suppress this warning,
2026-09-12T06:52:28.5889590Z hint: call:
2026-09-12T06:52:28.5890000Z hint:
2026-09-12T06:52:28.5890570Z hint: 	git config --global init.defaultBranch <name>
2026-09-12T06:52:28.5891270Z hint:
2026-09-12T06:52:28.5891930Z hint: Names commonly chosen instead of 'master' are 'main', 'trunk' and
2026-09-12T06:52:28.5893100Z hint: 'development'. The just-created branch can be renamed via this command:
2026-09-12T06:52:28.5894070Z hint:
2026-09-12T06:52:28.5894690Z hint: 	git branch -m <name>
2026-09-12T06:52:28.5895300Z hint:
2026-09-12T06:52:28.5896040Z hint: Disable this message with "git config set advice.defaultBranchName false"
2026-09-12T06:52:28.5897400Z Initialized empty Git repository in /Users/runner/work/Silex/Silex/Dependencies/STD/.git/
2026-09-12T06:52:28.5899590Z [command]/usr/local/bin/git remote add origin https://github.com/Matanek/Silex-Lib-STD
2026-09-12T06:52:28.5945000Z ##[endgroup]
2026-09-12T06:52:28.5959850Z ##[group]Disabling automatic garbage collection
2026-09-12T06:52:28.5972900Z [command]/usr/local/bin/git config --local gc.auto 0
2026-09-12T06:52:28.5984990Z ##[endgroup]
2026-09-12T06:52:28.6004070Z ##[group]Setting up auth
2026-09-12T06:52:28.6009620Z Removing SSH command configuration
2026-09-12T06:52:28.6016810Z [command]/usr/local/bin/git config --local --name-only --get-regexp core\.sshCommand
2026-09-12T06:52:28.6061950Z [command]/usr/local/bin/git submodule foreach --recursive sh -c "git config --local --name-only --get-regexp 'core\.sshCommand' && git config --local --unset-all 'core.sshCommand' || :"
2026-09-12T06:52:28.6799780Z Removing HTTP extra header
2026-09-12T06:52:28.6815510Z [command]/usr/local/bin/git config --local --name-only --get-regexp http\.https\:\/\/github\.com\/\.extraheader
2026-09-12T06:52:28.6951930Z [command]/usr/local/bin/git submodule foreach --recursive sh -c "git config --local --name-only --get-regexp 'http\.https\:\/\/github\.com\/\.extraheader' && git config --local --unset-all 'http.https://github.com/.extraheader' || :"
2026-09-12T06:52:28.8259680Z Removing includeIf entries pointing to credentials config files
2026-09-12T06:52:28.8267630Z [command]/usr/local/bin/git config --local --name-only --get-regexp ^includeIf\.gitdir:
2026-09-12T06:52:28.8370550Z [command]/usr/local/bin/git submodule foreach --recursive git config --local --show-origin --name-only --get-regexp remote.origin.url
2026-09-12T06:52:28.9686640Z [command]/usr/local/bin/git config --file /Users/runner/work/_temp/git-credentials-f17f84c2-5a65-4721-8668-0152d26d463b.config http.https://github.com/.extraheader AUTHORIZATION: basic ***
2026-09-12T06:52:28.9797130Z [command]/usr/local/bin/git config --local includeIf.gitdir:/Users/runner/work/Silex/Silex/Dependencies/STD/.git.path /Users/runner/work/_temp/git-credentials-f17f84c2-5a65-4721-8668-0152d26d463b.config
2026-09-12T06:52:28.9895140Z [command]/usr/local/bin/git config --local includeIf.gitdir:/Users/runner/work/Silex/Silex/Dependencies/STD/.git/worktrees/*.path /Users/runner/work/_temp/git-credentials-f17f84c2-5a65-4721-8668-0152d26d463b.config
2026-09-12T06:52:28.9998210Z [command]/usr/local/bin/git config --local includeIf.gitdir:/github/workspace/Dependencies/STD/.git.path /github/runner_temp/git-credentials-f17f84c2-5a65-4721-8668-0152d26d463b.config
2026-09-12T06:52:29.0102410Z [command]/usr/local/bin/git config --local includeIf.gitdir:/github/workspace/Dependencies/STD/.git/worktrees/*.path /github/runner_temp/git-credentials-f17f84c2-5a65-4721-8668-0152d26d463b.config
2026-09-12T06:52:29.0201220Z ##[endgroup]
2026-09-12T06:52:29.0202030Z ##[group]Fetching the repository
2026-09-12T06:52:29.0211330Z [command]/usr/local/bin/git -c protocol.version=2 fetch --no-tags --prune --no-recurse-submodules --depth=1 origin 80aabd9a2de919af52dc0b8bf2d0f9de50aa75c5
2026-09-12T06:52:29.9747480Z From https://github.com/Matanek/Silex-Lib-STD
2026-09-12T06:52:29.9759540Z  * branch            80aabd9a2de919af52dc0b8bf2d0f9de50aa75c5 -> FETCH_HEAD
2026-09-12T06:52:29.9824590Z [command]/usr/local/bin/git rev-parse --verify --quiet 80aabd9a2de919af52dc0b8bf2d0f9de50aa75c5^{object}
2026-09-12T06:52:29.9892790Z 80aabd9a2de919af52dc0b8bf2d0f9de50aa75c5
2026-09-12T06:52:29.9965700Z ##[endgroup]
2026-09-12T06:52:30.0026910Z ##[group]Determining the checkout info
2026-09-12T06:52:30.0041320Z ##[endgroup]
2026-09-12T06:52:30.0045740Z [command]/usr/local/bin/git sparse-checkout disable
2026-09-12T06:52:30.0258200Z [command]/usr/local/bin/git config --local --unset-all extensions.worktreeConfig
2026-09-12T06:52:30.0342420Z ##[group]Checking out the ref
2026-09-12T06:52:30.0402300Z [command]/usr/local/bin/git checkout --progress --force 80aabd9a2de919af52dc0b8bf2d0f9de50aa75c5
2026-09-12T06:52:30.2310920Z HEAD is now at 80aabd9 Pin Silex 0.44 in portability CI
2026-09-12T06:52:30.3069410Z ##[endgroup]
2026-09-12T06:52:30.3193820Z [command]/usr/local/bin/git log -1 --format=%H
2026-09-12T06:52:30.3207310Z 80aabd9a2de919af52dc0b8bf2d0f9de50aa75c5
2026-09-12T06:52:30.4300560Z ##[group]Run set -euo pipefail
2026-09-12T06:52:30.4301500Z [36;1mset -euo pipefail[0m
2026-09-12T06:52:30.4302250Z [36;1marchive="$RUNNER_TEMP/zig.tar.xz"[0m
2026-09-12T06:52:30.4303550Z [36;1mcurl -fL https://ziglang.org/download/0.16.0/zig-x86_64-macos-0.16.0.tar.xz -o "$archive"[0m
2026-09-12T06:52:30.4305690Z [36;1mecho "0387557ed1877bc6a2e1802c8391953baddba76081876301c522f52977b52ba7  $archive" | shasum -a 256 -c -[0m
2026-09-12T06:52:30.4307980Z [36;1mtar -xJf "$archive" -C "$RUNNER_TEMP"[0m
2026-09-12T06:52:30.4308900Z [36;1mecho "$RUNNER_TEMP/zig-x86_64-macos-0.16.0" >> "$GITHUB_PATH"[0m
2026-09-12T06:52:30.4403350Z shell: /bin/bash --noprofile --norc -e -o pipefail {0}
2026-09-12T06:52:30.4404150Z ##[endgroup]
2026-09-12T06:52:30.8315380Z   % Total    % Received % Xferd  Average Speed  Time    Time    Time   Current
2026-09-12T06:52:30.8339130Z                                  Dload  Upload  Total   Spent   Left   Speed
2026-09-12T06:52:30.8340430Z 
2026-09-12T06:52:31.8423400Z   0      0   0      0   0      0      0      0                              0
2026-09-12T06:52:32.9162250Z   1 54.73M   1 879.7k   0      0 661.5k      0   01:24   00:01   01:23 867.7k
2026-09-12T06:52:33.9957640Z  33 54.73M  33 18.49M   0      0  7.69M      0   00:07   00:02   00:05  8.86M
2026-09-12T06:52:34.5367390Z  79 54.73M  79 43.45M   0      0 12.47M      0   00:04   00:03   00:01 13.71M
2026-09-12T06:52:34.5433440Z 100 54.73M 100 54.73M   0      0 13.83M      0   00:03   00:03         13.71M
2026-09-12T06:52:34.5517760Z 100 54.73M 100 54.73M   0      0 13.83M      0   00:03   00:03         13.71M
2026-09-12T06:52:34.5585050Z 100 54.73M 100 54.73M   0      0 13.83M      0   00:03   00:03         13.71M
2026-09-12T06:52:34.8340150Z /Users/runner/work/_temp/zig.tar.xz: OK
2026-09-12T06:52:55.0155680Z ##[group]Run set -euo pipefail
2026-09-12T06:52:55.0157920Z [36;1mset -euo pipefail[0m
2026-09-12T06:52:55.0159130Z [36;1mtest "$(uname -m)" = "x86_64"[0m
2026-09-12T06:52:55.0160220Z [36;1mmkdir -p .zig-cache/optimizer-x64[0m
2026-09-12T06:52:55.0161090Z [36;1m{[0m
2026-09-12T06:52:55.0161740Z [36;1m  echo "commit=$(git -C .. rev-parse HEAD)"[0m
2026-09-12T06:52:55.0162660Z [36;1m  echo "bootstrap=-Doptimize=ReleaseFast -Dcpu=baseline"[0m
2026-09-12T06:52:55.0163510Z [36;1m  echo "system=$(uname -s)"[0m
2026-09-12T06:52:55.0164510Z [36;1m  echo "architecture=$(uname -m)"[0m
2026-09-12T06:52:55.0165500Z [36;1m  echo "os=$(sw_vers -productVersion)"[0m
2026-09-12T06:52:55.0167130Z [36;1m  echo "cpu=$(sysctl -n machdep.cpu.brand_string)"[0m
2026-09-12T06:52:55.0168200Z [36;1m  clang --version | sed -n '1p'[0m
2026-09-12T06:52:55.0169370Z [36;1m} | tee .zig-cache/optimizer-x64/environment.txt[0m
2026-09-12T06:52:55.0265360Z shell: /bin/bash --noprofile --norc -e -o pipefail {0}
2026-09-12T06:52:55.0266280Z ##[endgroup]
2026-09-12T06:52:55.1174610Z commit=b3273cc40505d50b94c3c03a82ef6abb6bbc12be
2026-09-12T06:52:55.1276330Z bootstrap=-Doptimize=ReleaseFast -Dcpu=baseline
2026-09-12T06:52:55.1389060Z system=Darwin
2026-09-12T06:52:55.1676090Z architecture=x86_64
2026-09-12T06:52:55.1820760Z os=15.7.9
2026-09-12T06:52:55.1860000Z cpu=Intel(R) Core(TM) i7-8700B CPU @ 3.20GHz
2026-09-12T06:52:58.0847040Z Apple clang version 17.0.0 (clang-1700.0.13.5)
2026-09-12T06:52:58.1400560Z ##[group]Run set -euo pipefail
2026-09-12T06:52:58.1401340Z [36;1mset -euo pipefail[0m
2026-09-12T06:52:58.1402230Z [36;1mzig build -Doptimize=ReleaseFast -Dcpu=baseline \[0m
2026-09-12T06:52:58.1403160Z [36;1m  --prefix "$RUNNER_TEMP/silex-prefix"[0m
2026-09-12T06:52:58.1403870Z [36;1mcd "$GITHUB_WORKSPACE"[0m
2026-09-12T06:52:58.1404590Z [36;1m"$RUNNER_TEMP/silex-prefix/bin/silex" link \[0m
2026-09-12T06:52:58.1405410Z [36;1m  "$GITHUB_WORKSPACE/Dependencies/STD" \[0m
2026-09-12T06:52:58.1406170Z [36;1m  --workspace "$GITHUB_WORKSPACE"[0m
2026-09-12T06:52:58.1407050Z [36;1m"$RUNNER_TEMP/silex-prefix/bin/silex" packages resolve \[0m
2026-09-12T06:52:58.1408060Z [36;1m  "$GITHUB_WORKSPACE/Toolchain/Benchmarks/Optimizer"[0m
2026-09-12T06:52:58.1488160Z shell: /bin/bash --noprofile --norc -e -o pipefail {0}
2026-09-12T06:52:58.1488920Z ##[endgroup]
2026-09-12T07:01:26.5443860Z silex: linked STD@0.22.0 to /Users/runner/work/Silex/Silex/Dependencies/STD for this workspace
2026-09-12T07:01:26.5512870Z STD 0.22.0 workspace-link /Users/runner/work/Silex/Silex/Dependencies/STD
2026-09-12T07:01:26.5620160Z ##[group]Run set -euo pipefail
2026-09-12T07:01:26.5621600Z [36;1mset -euo pipefail[0m
2026-09-12T07:01:26.5622160Z [36;1mset -o pipefail[0m
2026-09-12T07:01:26.5623660Z [36;1mzig build optimizer-oracle -Doptimize=ReleaseFast -Dcpu=baseline -- qualify 8 1 2>&1 | tee .zig-cache/optimizer-x64/qualification.log[0m
2026-09-12T07:01:26.5733950Z shell: /bin/bash --noprofile --norc -e -o pipefail {0}
2026-09-12T07:01:26.5734710Z ##[endgroup]
2026-09-12T07:04:37.9839080Z optimizer oracle: native optimizer regression qualification
2026-09-12T07:04:53.2035430Z   PASS Regressions/ScalarClassLeaves.sx
2026-09-12T07:04:53.2038400Z     protects: scalar class state and mutator leaves preserve shared identity, reassignment barriers, signed updates, NaN, signed zero, boolean fields, and resource replacement barriers
2026-09-12T07:04:53.2040950Z     binaries: Debug 49407 bytes, Release 45272 bytes
2026-09-12T07:04:53.4500850Z   PASS Regressions/IntegerMemoryRegions.sx
2026-09-12T07:04:53.4503360Z     protects: integer loop regions and direct signed/unsigned operands preserve aliases, narrow normalization, cold exits and empty iterations
2026-09-12T07:04:53.4505750Z     binaries: Debug 41215 bytes, Release 32952 bytes
2026-09-12T07:04:55.3362350Z   PASS Regressions/BranchComparisons.sx
2026-09-12T07:04:55.3368770Z     protects: single-use and shared comparisons preserve signed and unsigned widths, unordered floats, infinities and signed zero
2026-09-12T07:04:55.3387990Z     binaries: Debug 28927 bytes, Release 16536 bytes
2026-09-12T07:04:55.5403980Z   PASS Regressions/BranchSnapshots.sx
2026-09-12T07:04:55.5405390Z     protects: arm-local scalar snapshots preserve alias writes, joined values, negative indices, NaN and signed zero
2026-09-12T07:04:55.5406820Z     binaries: Debug 28927 bytes, Release 20664 bytes
2026-09-12T07:04:55.7237000Z   PASS Regressions/PrivateCollectionLengths.sx
2026-09-12T07:04:55.7240620Z     protects: private literal lengths cross branches and unrelated calls while mutation, copies, view escapes and terminal lifetimes stay exact
2026-09-12T07:04:55.7243170Z     binaries: Debug 37119 bytes, Release 32952 bytes
2026-09-12T07:04:55.9073880Z   PASS Regressions/ScalarFloatOperands.sx
2026-09-12T07:04:55.9076370Z     protects: direct scalar SSE operands preserve subtraction/division order, widths, signed zero and unordered comparisons
2026-09-12T07:04:55.9078160Z     binaries: Debug 20735 bytes, Release 16536 bytes
2026-09-12T07:04:56.1268760Z   PASS Regressions/FloatMemoryResidence.sx
2026-09-12T07:04:56.1272100Z     protects: mixed integer and FP recurrences across aggregate inputs and returns, stack copies and fixed/view loads, widths, NaN and signed zero
2026-09-12T07:04:56.1274060Z     binaries: Debug 28927 bytes, Release 24760 bytes
2026-09-12T07:04:56.2871650Z   PASS Regressions/LoopExitResidence.sx
2026-09-12T07:04:56.2873390Z     protects: loop-carried scalar state survives interleaved class exits and direct mutator calls
2026-09-12T07:04:56.2875140Z     binaries: Debug 33023 bytes, Release 28856 bytes
2026-09-12T07:04:56.4797180Z   PASS Regressions/ScalarFloatResidence.sx
2026-09-12T07:04:56.4799450Z     protects: scalar FP pressure, loop recurrence, call barriers, addressed aliases, exact conversion, NaN and signed zero
2026-09-12T07:04:56.4801700Z     binaries: Debug 20735 bytes, Release 12440 bytes
2026-09-12T07:04:56.6724210Z   PASS Regressions/DominatedReferenceReads.sx
2026-09-12T07:04:56.6726850Z     protects: dominated borrowed fields preserve branches, mutable aliases, signed zero, NaN and mixed scalar widths
2026-09-12T07:04:56.6728790Z     binaries: Debug 20735 bytes, Release 16536 bytes
2026-09-12T07:04:56.8844000Z   PASS Regressions/LateScalarClosure.sx
2026-09-12T07:04:56.8846000Z     protects: helpers exposed as scalar leaves after collection cleanup preserve loop results and checked initialization
2026-09-12T07:04:56.8847990Z     binaries: Debug 16631 bytes, Release 12440 bytes
2026-09-12T07:04:57.0454550Z   PASS Regressions/ValueModules/Main.sx
2026-09-12T07:04:57.0458450Z     protects: module and generic boundaries preserve dominated values, partial paths, mutable aliases and strict floating observations
2026-09-12T07:04:57.0461300Z     binaries: Debug 20735 bytes, Release 12440 bytes
2026-09-12T07:04:57.4454100Z   PASS Regressions/AggregatePreparation.sx
2026-09-12T07:04:57.4456480Z     protects: complete preparation observes all 26 fields across dynamic/fixed bodies, warm starts and detached results
2026-09-12T07:04:57.4458660Z     contract: dominated aggregate field reads 820 -> 24
2026-09-12T07:04:57.4460980Z     counter: disabling ssa_value_simplification retains 56 field reads versus 24
2026-09-12T07:04:57.4463160Z     binaries: Debug 131327 bytes, Release 32952 bytes
2026-09-12T07:04:57.6577680Z   PASS Regressions/ScalarExpressionReuse.sx
2026-09-12T07:04:57.6580900Z     protects: identical scalar snapshots share calculations across stores while changed memory and floating edge values retain their observations
2026-09-12T07:04:57.6584520Z     contract: scalar products 4 -> 2; changed-memory path retains 2
2026-09-12T07:04:57.6586850Z     counter: disabling ssa_value_simplification retains 4 scalar products versus 2
2026-09-12T07:04:57.6589480Z     binaries: Debug 20735 bytes, Release 12440 bytes
2026-09-12T07:04:57.8585440Z   PASS Regressions/KnownViewElements.sx
2026-09-12T07:04:57.8587740Z     protects: known scalar elements propagate through clamped nested views; aliases and branches retain observations
2026-09-12T07:04:57.8590350Z     contract: constantViews view loads 2 -> 0, stores 0 -> 0, 2 guard(s) retained
2026-09-12T07:04:57.8593120Z     counter: disabling reference_memory_elision retains 4 memory operation(s) versus 0 in constantViews; guards 6/2
2026-09-12T07:04:57.8595140Z     binaries: Debug 24831 bytes, Release 16536 bytes
2026-09-12T07:05:02.9590700Z   PASS IntegerArithmetic.sx
2026-09-12T07:05:02.9592780Z     protects: a hot scalar loop retains target registers across a terminal output barrier
2026-09-12T07:05:02.9594790Z     contract: main scalar residences ARM64 13/13, X64 13/13
2026-09-12T07:05:02.9596080Z     binaries: Debug 16631 bytes, Release 12440 bytes
2026-09-12T07:05:03.1481930Z   PASS AggregateScalarization.sx
2026-09-12T07:05:03.1483210Z     protects: value aggregate copies, field updates and returns reduce to scalar leaves
2026-09-12T07:05:03.1485170Z     contract: update value-aggregate operations 14 -> 3
2026-09-12T07:05:03.1486570Z     binaries: Debug 16631 bytes, Release 12440 bytes
2026-09-12T07:05:03.3408210Z   PASS ReferenceDeadStores.sx
2026-09-12T07:05:03.3409750Z     protects: exact reference stores are eliminated while a possibly aliasing observation remains
2026-09-12T07:05:03.3411540Z     contract: overwrite reference stores 2 -> 1; observed retains 1 load(s) and 2 store(s)
2026-09-12T07:05:03.3413400Z     counter: disabling reference_memory_elision retains 2 memory operation(s) versus 1 in overwrite; guards 0/0
2026-09-12T07:05:03.3415280Z     binaries: Debug 16631 bytes, Release 12440 bytes
2026-09-12T07:05:03.5172670Z   PASS MutableViewMemory.sx
2026-09-12T07:05:03.5174860Z     protects: exact mutable-view stores and loads coalesce without removing the surviving bounds guard
2026-09-12T07:05:03.5177400Z     contract: rewrite view loads 5 -> 0, stores 2 -> 1, 1 guard(s) retained
2026-09-12T07:05:03.5179530Z     counter: disabling reference_memory_elision retains 3 memory operation(s) versus 1 in rewrite; guards 3/1
2026-09-12T07:05:03.5181350Z     binaries: Debug 16631 bytes, Release 12440 bytes
2026-09-12T07:05:03.7037010Z   PASS OwningCollectionCopy.sx
2026-09-12T07:05:03.7038880Z     protects: known owning-list values forward while copy-on-write mutation remains explicit
2026-09-12T07:05:03.7040980Z     contract: main owning loads 4 -> 0, 1 mutation(s) and 0 guard(s) retained
2026-09-12T07:05:03.7043210Z     counter: disabling reference_memory_elision retains 3 memory operation(s) versus 1 in main; guards 3/0
2026-09-12T07:05:03.7045270Z     binaries: Debug 16631 bytes, Release 12440 bytes
2026-09-12T07:05:04.0828300Z   PASS Regressions/AggregateFieldStores.sx
2026-09-12T07:05:04.0856730Z     protects: scalar field reads and writes preserve snapshots, alias mutations across calls and loops, and owning collection copies
2026-09-12T07:05:04.0860230Z     binaries: Debug 45311 bytes, Release 32952 bytes
2026-09-12T07:05:04.3101480Z   PASS Regressions/CheckedMemoryLanes.sx
2026-09-12T07:05:04.3103190Z     protects: checked aggregate loads, independent arithmetic lanes, branches and borrowed writes
2026-09-12T07:05:04.3104890Z     binaries: Debug 33023 bytes, Release 24760 bytes
2026-09-12T07:05:04.5529270Z   PASS Regressions/AggregateControlFlow.sx
2026-09-12T07:05:04.5531400Z     protects: immutable aggregate projections across branches and loops preserve snapshots and joined returns
2026-09-12T07:05:04.5533830Z     binaries: Debug 20735 bytes, Release 12440 bytes
2026-09-12T07:05:04.7590150Z   PASS Regressions/FloatSsaDiamond.sx
2026-09-12T07:05:04.7591800Z     protects: float32 and float64 local values preserve both incoming edges of an SSA diamond
2026-09-12T07:05:04.7593810Z     binaries: Debug 20735 bytes, Release 16536 bytes
2026-09-12T07:05:04.9375360Z   PASS Regressions/FloatSsaLoop.sx
2026-09-12T07:05:04.9376940Z     protects: float32 and float64 local recurrences preserve entry and back-edge values
2026-09-12T07:05:04.9378890Z     binaries: Debug 16631 bytes, Release 12440 bytes
2026-09-12T07:05:05.1500920Z   PASS Regressions/BooleanSharedChain.sx
2026-09-12T07:05:05.1502060Z     protects: shared boolean-chain blocks and reused branch values
2026-09-12T07:05:05.1503720Z     contract: hot_chain blocks 13 -> 8
2026-09-12T07:05:05.1504690Z     binaries: Debug 16631 bytes, Release 12440 bytes
2026-09-12T07:05:05.3246380Z   PASS Regressions/SsaValueFacts.sx
2026-09-12T07:05:05.3248230Z     protects: unanimous SSA joins propagate exact constants while divergent joins retain their control
2026-09-12T07:05:05.3250240Z     contract: unanimous branches 2 -> 1, arithmetic 1 -> 0
2026-09-12T07:05:05.3251910Z     counter: disabling ssa_value_simplification retains 2 branches and 1 arithmetic operation(s), versus 1 and 0
2026-09-12T07:05:05.3253330Z     binaries: Debug 16631 bytes, Release 12440 bytes
2026-09-12T07:05:05.5075050Z   PASS Regressions/SsaCriticalEdge.sx
2026-09-12T07:05:05.5076760Z     protects: float32 and float64 locals cross a critical edge without memory traffic or a synthetic block
2026-09-12T07:05:05.5078610Z     contract: choose64 local operations 3 -> 0, blocks 4 -> 3
2026-09-12T07:05:05.5080220Z     counter: disabling ssa_promotion_post retains 3 local operation(s) versus 0, with blocks 3 versus 3
2026-09-12T07:05:05.5081800Z     binaries: Debug 16631 bytes, Release 12440 bytes
2026-09-12T07:05:05.7043210Z   PASS Regressions/SsaForwardedPhiLoop.sx
2026-09-12T07:05:05.7045850Z     protects: a loop-carried float value crosses an inner forwarding join without falling back to local storage
2026-09-12T07:05:05.7048310Z     contract: accumulate local operations 9 -> 0, blocks 7 -> 6
2026-09-12T07:05:05.7050580Z     counter: disabling ssa_promotion_post retains 4 local operation(s) versus 0, with blocks 6 versus 6
2026-09-12T07:05:05.7052860Z     binaries: Debug 16631 bytes, Release 12440 bytes
2026-09-12T07:05:05.8928190Z   PASS Regressions/SsaDistinctPhiLoop.sx
2026-09-12T07:05:05.8930480Z     protects: a float recurrence keeps distinct loop and branch joins without falling back to local storage
2026-09-12T07:05:05.8932530Z     contract: accumulate local operations 13 -> 0, blocks 7 -> 7
2026-09-12T07:05:05.8934400Z     counter: disabling ssa_promotion_post retains 8 local operation(s) versus 0, with blocks 7 versus 7
2026-09-12T07:05:05.8936160Z     binaries: Debug 16631 bytes, Release 12440 bytes
2026-09-12T07:05:06.0819570Z   PASS Regressions/IntegerConversionConstants.sx
2026-09-12T07:05:06.0821470Z     protects: unanimous integer facts cross representable conversions and expose dependent constant arithmetic
2026-09-12T07:05:06.0823380Z     contract: joined conversions 5 -> 0, arithmetic 4 -> 0
2026-09-12T07:05:06.0826570Z     counter: disabling ssa_value_simplification retains 1 conversions and 1 arithmetic operation(s), versus 0 and 0
2026-09-12T07:05:06.0829440Z     binaries: Debug 16631 bytes, Release 12440 bytes
2026-09-12T07:05:06.2593770Z   PASS Regressions/IntegerShiftConstants.sx
2026-09-12T07:05:06.2595340Z     protects: unanimous integer and count facts fold valid shifts while invalid counts preserve their failure
2026-09-12T07:05:06.2597010Z     contract: shifted branches 2 -> 1, arithmetic 3 -> 0
2026-09-12T07:05:06.2598640Z     counter: disabling ssa_value_simplification retains 2 branches and 3 arithmetic operation(s), versus 1 and 0
2026-09-12T07:05:06.2600230Z     binaries: Debug 16631 bytes, Release 12440 bytes
2026-09-12T07:05:06.4471460Z   PASS Regressions/IntegerRangeChecks.sx
2026-09-12T07:05:06.4473370Z     protects: dominating and loop-carried bounds remove only proven overflow and conversion checks
2026-09-12T07:05:06.4476040Z     contract: increment, decrement, widen_unsigned, shift_bounded, accumulate proven checks 12 -> 0; 1 unproven check(s) retained
2026-09-12T07:05:06.4479080Z     counter: disabling value_range_analysis retains 10 proven check(s) versus 0; unproven checks remain 1/1
2026-09-12T07:05:06.4480910Z     binaries: Debug 20735 bytes, Release 12440 bytes
2026-09-12T07:05:06.6248800Z   PASS Regressions/ConstantDivision.sx
2026-09-12T07:05:06.6251020Z     protects: signed and unsigned constant division, including powers of two, preserves all Silex integer widths on native backends
2026-09-12T07:05:06.6252850Z     binaries: Debug 28927 bytes, Release 16536 bytes
2026-09-12T07:05:06.7984210Z   PASS Regressions/X64RegionalBarriers.sx
2026-09-12T07:05:06.7986320Z     protects: a hot X64 scalar loop retains volatile registers while aggregate construction and a direct call remain stack barriers
2026-09-12T07:05:06.7988910Z     contract: integrate X64 regional residence 13/15, 2 spilled values, 4 frame slots/32 bytes, loop stack 0 load/0 store, barriers 1 direct/0 indirect call and 2 aggregate leaf slots
2026-09-12T07:05:06.7990750Z     binaries: Debug 16631 bytes, Release 12440 bytes
2026-09-12T07:05:06.9756740Z   PASS Regressions/X64IndirectAggregate.sx
2026-09-12T07:05:06.9758720Z     protects: a hot X64 scalar loop retains registers before a wide aggregate and indirect call barrier
2026-09-12T07:05:06.9761960Z     contract: integrate X64 regional residence 14/20, 6 spilled values, 8 frame slots/64 bytes, loop stack 0 load/0 store, barriers 0 direct/1 indirect call and 4 aggregate leaf slots
2026-09-12T07:05:06.9764200Z     binaries: Debug 16631 bytes, Release 12440 bytes
2026-09-12T07:05:07.1573470Z   PASS Regressions/ArrayStorageAccess.sx
2026-09-12T07:05:07.1574510Z     protects: fixed, dynamic, nested, and aggregate collection storage
2026-09-12T07:05:07.1575750Z     binaries: Debug 28927 bytes, Release 24760 bytes
2026-09-12T07:05:56.2956560Z   PASS Regressions/BoundedCollectionLoop.sx
2026-09-12T07:05:56.2958430Z     protects: proven zero-origin collection traversal without weakening other bounds checks
2026-09-12T07:05:56.2960350Z     contract: sum checked collection loads 1 -> 0
2026-09-12T07:05:56.2962140Z     binaries: Debug 16631 bytes, Release 12440 bytes
2026-09-12T07:05:56.4795860Z   PASS Regressions/SequentialBoundedLoops.sx
2026-09-12T07:05:56.4797500Z     protects: zero-origin recovery after a sequential loop resets its reused induction variable
2026-09-12T07:05:56.4799230Z     contract: sum_sequential checked collection loads 2 -> 1
2026-09-12T07:05:56.4801180Z     binaries: Debug 16631 bytes, Release 12440 bytes
2026-09-12T07:07:48.3020970Z   PASS Regressions/DenseScalarLoop.sx
2026-09-12T07:07:48.3023290Z     protects: class count accessor inlining and redundant scalar loads inside a dense loop
2026-09-12T07:07:48.3025410Z     contract: integrate collection loads 4 -> 2, calls 1 -> 0
2026-09-12T07:07:48.3026540Z     binaries: Debug 37119 bytes, Release 32952 bytes
2026-09-12T07:07:48.6061880Z   PASS Regressions/LoopExitFloatLaneXY.sx
2026-09-12T07:07:48.6088240Z     protects: XY loop recurrences become stable vectorizable snapshots after loop exit
2026-09-12T07:07:48.6118310Z     contract: finish SLP width 2 (required >= 2), ARM64 pairs 15 (required=yes), X64 pairs 0 (required=no)
2026-09-12T07:07:48.6121970Z     binaries: Debug 16631 bytes, Release 12440 bytes
2026-09-12T07:07:48.8160970Z   PASS Regressions/FloatLaneXYZ.sx
2026-09-12T07:07:48.8163800Z     protects: portable XYZ lane grouping through loads and arithmetic
2026-09-12T07:07:48.8167370Z     contract: transform SLP width 3 (required >= 3), ARM64 pairs 3 (required=no), X64 pairs 0 (required=no)
2026-09-12T07:07:48.8170790Z     binaries: Debug 16631 bytes, Release 12440 bytes
2026-09-12T07:07:49.0688090Z   PASS Regressions/LoopExitFloatLaneXYZW.sx
2026-09-12T07:07:49.0689670Z     protects: XYZW loop recurrences become two stable vectorizable pairs after loop exit
2026-09-12T07:07:49.0691690Z     contract: finish SLP width 4 (required >= 4), ARM64 pairs 30 (required=yes), X64 pairs 0 (required=no)
2026-09-12T07:07:49.0693540Z     binaries: Debug 20735 bytes, Release 12440 bytes
2026-09-12T07:07:49.3540510Z   PASS Regressions/TextOutputIntegrity.sx
2026-09-12T07:07:49.3546460Z     protects: complete text output through branches and collection iteration
2026-09-12T07:07:49.3549310Z     binaries: Debug 16631 bytes, Release 12440 bytes
2026-09-12T07:07:49.6214710Z   PASS Regressions/BoidsKernel.sx
2026-09-12T07:07:49.7217990Z     protects: boids-like arrays, shared boolean chains, and native XY/Z realization
2026-09-12T07:07:49.7699790Z     contract: steer SLP width 3 (required >= 3), ARM64 pairs 15 (required=yes), X64 pairs 6 (required=yes)
2026-09-12T07:07:49.7781850Z     binaries: Debug 37119 bytes, Release 32952 bytes
2026-09-12T07:07:49.9675430Z   PASS Regressions/Boids2DSteering.sx
2026-09-12T07:07:49.9681890Z     protects: aggregate vector parameters keep pointer-terminated collection cursors disjoint from cached float literals
2026-09-12T07:07:49.9685970Z     binaries: Debug 20735 bytes, Release 16536 bytes
2026-09-12T07:07:50.2137460Z   PASS Regressions/ReversedFloatRecurrence.sx
2026-09-12T07:07:50.2140030Z     protects: reversed float recurrence copies preserve lane order and exact unaligned compact-field loads
2026-09-12T07:07:50.2141850Z     binaries: Debug 33023 bytes, Release 28856 bytes
2026-09-12T07:07:50.4339510Z   PASS Regressions/CollectionCursor.sx
2026-09-12T07:07:50.4443570Z     protects: a generic unit-stride float collection loop retains a post-indexed pointer-terminated cursor
2026-09-12T07:07:50.4654540Z     contract: accumulate ARM64 cursor post-indexed=yes, pointer-terminated=yes
2026-09-12T07:07:50.4679870Z     binaries: Debug 33023 bytes, Release 28856 bytes
2026-09-12T07:07:50.6618060Z   PASS Regressions/ReferenceCursorReuse.sx
2026-09-12T07:07:50.6620280Z     protects: ascending mutable view references preserve checked bounds and reuse stable element addresses across field writes
2026-09-12T07:07:50.6622600Z     binaries: Debug 20735 bytes, Release 16536 bytes
2026-09-12T07:07:50.8549260Z   PASS Regressions/MultipleReferenceCursors.sx
2026-09-12T07:07:50.8551100Z     protects: independent mutable views carry every checked ascending element address in one loop
2026-09-12T07:07:50.8552880Z     contract: shift ARM64 reference cursors unchecked=0, checked=2
2026-09-12T07:07:50.8553920Z     binaries: Debug 20735 bytes, Release 16536 bytes
2026-09-12T07:07:51.0590770Z   PASS Regressions/AggregateParameterResidence.sx
2026-09-12T07:07:51.0593630Z     protects: read-only aggregate parameters keep scalar leaves in ARM64 registers unless storage is required
2026-09-12T07:07:51.0600230Z     contract: evaluate ARM64 aggregate parameter residence 12/12
2026-09-12T07:07:51.0601400Z     binaries: Debug 16631 bytes, Release 12440 bytes
2026-09-12T07:07:51.2737100Z   PASS Regressions/LoopForms.sx
2026-09-12T07:07:51.2739140Z     protects: signed and unsigned inductions, nested control, break, continue, dynamic bounds, strided access and contiguous recurrence
2026-09-12T07:07:51.2743760Z     binaries: Debug 33023 bytes, Release 28856 bytes
2026-09-12T07:07:51.5693710Z   PASS Regressions/CallEffectsInlining.sx
2026-09-12T07:07:51.5696940Z     protects: small reference and checked-view callees inline into the final caller without losing their memory effects
2026-09-12T07:07:51.5699590Z     contract: main calls 2 -> 0, reference stores 1 -> 0 after scalar replacement
2026-09-12T07:07:51.5702630Z     counter: disabling value_inlining retains 2 call(s) versus 0 in main
2026-09-12T07:07:51.5703690Z     binaries: Debug 16631 bytes, Release 12440 bytes
2026-09-12T07:07:51.8861550Z   PASS Regressions/BranchingReferenceInlining.sx
2026-09-12T07:07:51.8946210Z     protects: branching reference callees inline at hot loop sites while preserving their writes
2026-09-12T07:07:51.8977520Z     contract: main calls 1 -> 0, reference stores 2 -> 2 after scalar replacement
2026-09-12T07:07:51.8991750Z     counter: disabling value_inlining retains 1 call(s) versus 0 in main
2026-09-12T07:07:51.9001710Z     binaries: Debug 16631 bytes, Release 12440 bytes
2026-09-12T07:07:54.8215840Z   PASS Regressions/PureMathReferenceInlining.sx
2026-09-12T07:07:54.8234870Z     protects: proven pure scalar-math effects remain exact while a native call barrier stays outside a branching reference caller
2026-09-12T07:07:54.8273190Z     contract: main calls 1 -> 1, reference stores 4 -> 4 after scalar replacement
2026-09-12T07:07:54.8307420Z     binaries: Debug 20790 bytes, Release 16686 bytes
2026-09-12T07:07:57.3652870Z   PASS Regressions/HotReferenceLeafClosure.sx
2026-09-12T07:07:57.3657110Z     protects: a pressure-heavy hot set of reference leaf callees stays out of line until expanded caller residences are proven profitable
2026-09-12T07:07:57.3664640Z     contract: integrate calls 2 -> 2, reference stores 9 -> 9 after scalar replacement
2026-09-12T07:07:57.3717140Z     binaries: Debug 37225 bytes, Release 29033 bytes
2026-09-12T07:07:57.6007270Z   PASS Regressions/DynamicFieldClearAppend.sx
2026-09-12T07:07:57.6063210Z     protects: a loop-local class call bound stays defined before clearing and rebuilding a dynamic field
2026-09-12T07:07:57.6092920Z     binaries: Debug 45311 bytes, Release 41176 bytes
2026-09-12T07:08:11.1534160Z qualified: 64 integer failures with ordered output in Debug/Release
2026-09-12T07:08:22.7805830Z qualified: 43 numeric conversions with exact values and diagnostics in Debug/Release
2026-09-12T07:08:23.0000680Z qualified: 57 fixed regressions and 8 generated native scenarios
2026-09-12T07:08:27.9606110Z ##[group]Run actions/checkout@v6
2026-09-12T07:08:27.9607580Z with:
2026-09-12T07:08:27.9608890Z   ref: b8d01d73233a88a080170b53096f2a72bbd8d98e
2026-09-12T07:08:27.9610470Z   path: Baseline
2026-09-12T07:08:27.9611630Z   repository: Matanek/Silex
2026-09-12T07:08:27.9619000Z   token: ***
2026-09-12T07:08:27.9619840Z   ssh-strict: true
2026-09-12T07:08:27.9620800Z   ssh-user: git
2026-09-12T07:08:27.9621800Z   persist-credentials: true
2026-09-12T07:08:27.9623110Z   clean: true
2026-09-12T07:08:27.9624020Z   sparse-checkout-cone-mode: true
2026-09-12T07:08:27.9625100Z   fetch-depth: 1
2026-09-12T07:08:27.9625940Z   fetch-tags: false
2026-09-12T07:08:27.9626930Z   show-progress: true
2026-09-12T07:08:27.9627470Z   lfs: false
2026-09-12T07:08:27.9627970Z   submodules: false
2026-09-12T07:08:27.9628590Z   set-safe-directory: true
2026-09-12T07:08:27.9629410Z   allow-unsafe-pr-checkout: false
2026-09-12T07:08:27.9630500Z ##[endgroup]
2026-09-12T07:08:29.3891350Z Syncing repository: Matanek/Silex
2026-09-12T07:08:29.3979970Z ##[group]Getting Git version info
2026-09-12T07:08:29.4019350Z Working directory is '/Users/runner/work/Silex/Silex/Baseline'
2026-09-12T07:08:29.4035580Z [command]/usr/local/bin/git version
2026-09-12T07:08:29.4040620Z git version 2.55.0
2026-09-12T07:08:29.4099660Z ##[endgroup]
2026-09-12T07:08:29.4116300Z Copying '/Users/runner/.gitconfig' to '/Users/runner/work/_temp/5a7bffe3-30f5-4e3b-84fd-f0eac9fa120c/.gitconfig'
2026-09-12T07:08:29.4119560Z Temporarily overriding HOME='/Users/runner/work/_temp/5a7bffe3-30f5-4e3b-84fd-f0eac9fa120c' before making global git config changes
2026-09-12T07:08:29.4123750Z Adding repository directory to the temporary git global config as a safe directory
2026-09-12T07:08:29.4128440Z [command]/usr/local/bin/git config --global --add safe.directory /Users/runner/work/Silex/Silex/Baseline
2026-09-12T07:08:29.4140220Z ##[group]Determining repository object format
2026-09-12T07:08:29.4141290Z ##[endgroup]
2026-09-12T07:08:29.4142200Z ##[group]Initializing the repository
2026-09-12T07:08:29.4143140Z [command]/usr/local/bin/git init /Users/runner/work/Silex/Silex/Baseline
2026-09-12T07:08:29.4144430Z hint: Using 'master' as the name for the initial branch. This default branch name
2026-09-12T07:08:29.4145740Z hint: will change to "main" in Git 3.0. To configure the initial branch name
2026-09-12T07:08:29.4146990Z hint: to use in all of your new repositories, which will suppress this warning,
2026-09-12T07:08:29.4147990Z hint: call:
2026-09-12T07:08:29.4148450Z hint:
2026-09-12T07:08:29.4149030Z hint: 	git config --global init.defaultBranch <name>
2026-09-12T07:08:29.4149790Z hint:
2026-09-12T07:08:29.4150530Z hint: Names commonly chosen instead of 'master' are 'main', 'trunk' and
2026-09-12T07:08:29.4151800Z hint: 'development'. The just-created branch can be renamed via this command:
2026-09-12T07:08:29.4152800Z hint:
2026-09-12T07:08:29.4153310Z hint: 	git branch -m <name>
2026-09-12T07:08:29.4153870Z hint:
2026-09-12T07:08:29.4154690Z hint: Disable this message with "git config set advice.defaultBranchName false"
2026-09-12T07:08:29.4156400Z Initialized empty Git repository in /Users/runner/work/Silex/Silex/Baseline/.git/
2026-09-12T07:08:29.4159140Z [command]/usr/local/bin/git remote add origin https://github.com/Matanek/Silex
2026-09-12T07:08:29.4161950Z ##[endgroup]
2026-09-12T07:08:29.4163160Z ##[group]Disabling automatic garbage collection
2026-09-12T07:08:29.4164210Z [command]/usr/local/bin/git config --local gc.auto 0
2026-09-12T07:08:29.4166570Z ##[endgroup]
2026-09-12T07:08:29.4167780Z ##[group]Setting up auth
2026-09-12T07:08:29.4169000Z Removing SSH command configuration
2026-09-12T07:08:29.4170150Z [command]/usr/local/bin/git config --local --name-only --get-regexp core\.sshCommand
2026-09-12T07:08:29.4173220Z [command]/usr/local/bin/git submodule foreach --recursive sh -c "git config --local --name-only --get-regexp 'core\.sshCommand' && git config --local --unset-all 'core.sshCommand' || :"
2026-09-12T07:08:29.5691260Z Removing HTTP extra header
2026-09-12T07:08:29.5699810Z [command]/usr/local/bin/git config --local --name-only --get-regexp http\.https\:\/\/github\.com\/\.extraheader
2026-09-12T07:08:29.5840130Z [command]/usr/local/bin/git submodule foreach --recursive sh -c "git config --local --name-only --get-regexp 'http\.https\:\/\/github\.com\/\.extraheader' && git config --local --unset-all 'http.https://github.com/.extraheader' || :"
2026-09-12T07:08:29.8771640Z Removing includeIf entries pointing to credentials config files
2026-09-12T07:08:29.8851110Z [command]/usr/local/bin/git config --local --name-only --get-regexp ^includeIf\.gitdir:
2026-09-12T07:08:29.8887530Z [command]/usr/local/bin/git submodule foreach --recursive git config --local --show-origin --name-only --get-regexp remote.origin.url
2026-09-12T07:08:30.0637180Z [command]/usr/local/bin/git config --file /Users/runner/work/_temp/git-credentials-c36ad170-5cac-464a-9a2d-4aae82acf666.config http.https://github.com/.extraheader AUTHORIZATION: basic ***
2026-09-12T07:08:30.0852490Z [command]/usr/local/bin/git config --local includeIf.gitdir:/Users/runner/work/Silex/Silex/Baseline/.git.path /Users/runner/work/_temp/git-credentials-c36ad170-5cac-464a-9a2d-4aae82acf666.config
2026-09-12T07:08:30.1029070Z [command]/usr/local/bin/git config --local includeIf.gitdir:/Users/runner/work/Silex/Silex/Baseline/.git/worktrees/*.path /Users/runner/work/_temp/git-credentials-c36ad170-5cac-464a-9a2d-4aae82acf666.config
2026-09-12T07:08:30.1218860Z [command]/usr/local/bin/git config --local includeIf.gitdir:/github/workspace/Baseline/.git.path /github/runner_temp/git-credentials-c36ad170-5cac-464a-9a2d-4aae82acf666.config
2026-09-12T07:08:30.1386860Z [command]/usr/local/bin/git config --local includeIf.gitdir:/github/workspace/Baseline/.git/worktrees/*.path /github/runner_temp/git-credentials-c36ad170-5cac-464a-9a2d-4aae82acf666.config
2026-09-12T07:08:30.1536850Z ##[endgroup]
2026-09-12T07:08:30.1537720Z ##[group]Fetching the repository
2026-09-12T07:08:30.1551860Z [command]/usr/local/bin/git -c protocol.version=2 fetch --no-tags --prune --no-recurse-submodules --depth=1 origin b8d01d73233a88a080170b53096f2a72bbd8d98e
2026-09-12T07:08:32.4087640Z From https://github.com/Matanek/Silex
2026-09-12T07:08:32.4091180Z  * branch            b8d01d73233a88a080170b53096f2a72bbd8d98e -> FETCH_HEAD
2026-09-12T07:08:32.4346420Z [command]/usr/local/bin/git rev-parse --verify --quiet b8d01d73233a88a080170b53096f2a72bbd8d98e^{object}
2026-09-12T07:08:32.4349750Z b8d01d73233a88a080170b53096f2a72bbd8d98e
2026-09-12T07:08:32.4366020Z ##[endgroup]
2026-09-12T07:08:32.4368370Z ##[group]Determining the checkout info
2026-09-12T07:08:32.4379870Z ##[endgroup]
2026-09-12T07:08:32.4382880Z [command]/usr/local/bin/git sparse-checkout disable
2026-09-12T07:08:32.4589950Z [command]/usr/local/bin/git config --local --unset-all extensions.worktreeConfig
2026-09-12T07:08:32.4743940Z ##[group]Checking out the ref
2026-09-12T07:08:32.4747580Z [command]/usr/local/bin/git checkout --progress --force b8d01d73233a88a080170b53096f2a72bbd8d98e
2026-09-12T07:08:33.5668840Z Updating files:  38% (941/2454)
2026-09-12T07:08:33.5780100Z Updating files:  39% (958/2454)
2026-09-12T07:08:33.5907350Z Updating files:  40% (982/2454)
2026-09-12T07:08:33.6226500Z Updating files:  41% (1007/2454)
2026-09-12T07:08:33.6389310Z Updating files:  42% (1031/2454)
2026-09-12T07:08:33.6451200Z Updating files:  43% (1056/2454)
2026-09-12T07:08:33.6614100Z Updating files:  44% (1080/2454)
2026-09-12T07:08:33.6821430Z Updating files:  45% (1105/2454)
2026-09-12T07:08:33.6965730Z Updating files:  46% (1129/2454)
2026-09-12T07:08:33.7093310Z Updating files:  47% (1154/2454)
2026-09-12T07:08:33.7163850Z Updating files:  48% (1178/2454)
2026-09-12T07:08:33.7267860Z Updating files:  49% (1203/2454)
2026-09-12T07:08:33.7642540Z Updating files:  50% (1227/2454)
2026-09-12T07:08:33.8876260Z Updating files:  51% (1252/2454)
2026-09-12T07:08:33.9881700Z Updating files:  52% (1277/2454)
2026-09-12T07:08:34.0884460Z Updating files:  53% (1301/2454)
2026-09-12T07:08:34.1170230Z Updating files:  54% (1326/2454)
2026-09-12T07:08:34.1271200Z Updating files:  55% (1350/2454)
2026-09-12T07:08:34.1379870Z Updating files:  56% (1375/2454)
2026-09-12T07:08:34.1455580Z Updating files:  57% (1399/2454)
2026-09-12T07:08:34.1691090Z Updating files:  58% (1424/2454)
2026-09-12T07:08:34.1942300Z Updating files:  59% (1448/2454)
2026-09-12T07:08:34.2044980Z Updating files:  60% (1473/2454)
2026-09-12T07:08:34.2090430Z Updating files:  61% (1497/2454)
2026-09-12T07:08:34.3340810Z Updating files:  62% (1522/2454)
2026-09-12T07:08:34.3990740Z Updating files:  63% (1547/2454)
2026-09-12T07:08:34.4117500Z Updating files:  64% (1571/2454)
2026-09-12T07:08:34.4208820Z Updating files:  65% (1596/2454)
2026-09-12T07:08:34.4226090Z Updating files:  66% (1620/2454)
2026-09-12T07:08:34.4234150Z Updating files:  67% (1645/2454)
2026-09-12T07:08:34.4280850Z Updating files:  68% (1669/2454)
2026-09-12T07:08:34.4303500Z Updating files:  69% (1694/2454)
2026-09-12T07:08:34.5012920Z Updating files:  70% (1718/2454)
2026-09-12T07:08:34.5055510Z Updating files:  70% (1734/2454)
2026-09-12T07:08:34.5270010Z Updating files:  71% (1743/2454)
2026-09-12T07:08:34.5359070Z Updating files:  72% (1767/2454)
2026-09-12T07:08:34.5473980Z Updating files:  73% (1792/2454)
2026-09-12T07:08:34.5589470Z Updating files:  74% (1816/2454)
2026-09-12T07:08:34.5752490Z Updating files:  75% (1841/2454)
2026-09-12T07:08:34.5884840Z Updating files:  76% (1866/2454)
2026-09-12T07:08:34.5997760Z Updating files:  77% (1890/2454)
2026-09-12T07:08:34.6097060Z Updating files:  78% (1915/2454)
2026-09-12T07:08:34.6216630Z Updating files:  79% (1939/2454)
2026-09-12T07:08:34.6386590Z Updating files:  80% (1964/2454)
2026-09-12T07:08:34.6554700Z Updating files:  81% (1988/2454)
2026-09-12T07:08:34.6664770Z Updating files:  82% (2013/2454)
2026-09-12T07:08:34.6767250Z Updating files:  83% (2037/2454)
2026-09-12T07:08:34.6871130Z Updating files:  84% (2062/2454)
2026-09-12T07:08:34.6996130Z Updating files:  85% (2086/2454)
2026-09-12T07:08:34.7113470Z Updating files:  86% (2111/2454)
2026-09-12T07:08:34.7229480Z Updating files:  87% (2135/2454)
2026-09-12T07:08:34.7348330Z Updating files:  88% (2160/2454)
2026-09-12T07:08:34.7490390Z Updating files:  89% (2185/2454)
2026-09-12T07:08:34.7600520Z Updating files:  90% (2209/2454)
2026-09-12T07:08:34.7711700Z Updating files:  91% (2234/2454)
2026-09-12T07:08:34.7822270Z Updating files:  92% (2258/2454)
2026-09-12T07:08:34.7939130Z Updating files:  93% (2283/2454)
2026-09-12T07:08:34.8040350Z Updating files:  94% (2307/2454)
2026-09-12T07:08:34.8142910Z Updating files:  95% (2332/2454)
2026-09-12T07:08:34.8248720Z Updating files:  96% (2356/2454)
2026-09-12T07:08:34.8348550Z Updating files:  97% (2381/2454)
2026-09-12T07:08:34.8490880Z Updating files:  98% (2405/2454)
2026-09-12T07:08:34.8606580Z Updating files:  99% (2430/2454)
2026-09-12T07:08:34.8607670Z Updating files: 100% (2454/2454)
2026-09-12T07:08:34.8609050Z Updating files: 100% (2454/2454), done.
2026-09-12T07:08:34.8705350Z HEAD is now at b8d01d7 perf(x64): encode integer operations with resident operands
2026-09-12T07:08:34.8765740Z ##[endgroup]
2026-09-12T07:08:34.8991340Z [command]/usr/local/bin/git log -1 --format=%H
2026-09-12T07:08:34.9156570Z b8d01d73233a88a080170b53096f2a72bbd8d98e
2026-09-12T07:08:34.9474480Z ##[group]Run set -euo pipefail
2026-09-12T07:08:34.9475150Z [36;1mset -euo pipefail[0m
2026-09-12T07:08:34.9475710Z [36;1m[[ "$BASELINE_REF" =~ ^[0-9a-f]{40}$ ]][0m
2026-09-12T07:08:34.9476560Z [36;1mtest "$(git -C ../Baseline rev-parse HEAD)" = "$BASELINE_REF"[0m
2026-09-12T07:08:34.9477560Z [36;1mzig build -Doptimize=ReleaseFast -Dcpu=baseline \[0m
2026-09-12T07:08:34.9478460Z [36;1m  --build-file ../Baseline/Toolchain/build.zig \[0m
2026-09-12T07:08:34.9479340Z [36;1m  --prefix "$RUNNER_TEMP/silex-baseline-prefix" \[0m
2026-09-12T07:08:34.9480230Z [36;1m  2>&1 | tee .zig-cache/optimizer-x64/baseline-build.log[0m
2026-09-12T07:08:34.9481360Z [36;1mbaseline_output="$GITHUB_WORKSPACE/Toolchain/.zig-cache/benchmark-before"[0m
2026-09-12T07:08:34.9482400Z [36;1mmkdir -p "$baseline_output"[0m
2026-09-12T07:08:34.9483010Z [36;1mcd "$GITHUB_WORKSPACE"[0m
2026-09-12T07:08:34.9483690Z [36;1mfor workload in Arithmetic Objects Flocking; do[0m
2026-09-12T07:08:34.9484630Z [36;1m  stem=$(echo "$workload" | tr '[:upper:]' '[:lower:]')[0m
2026-09-12T07:08:34.9486060Z [36;1m  "$RUNNER_TEMP/silex-baseline-prefix/bin/silex" compile \[0m
2026-09-12T07:08:34.9487170Z [36;1m    "$GITHUB_WORKSPACE/Toolchain/Benchmarks/Native/$workload.sx" \[0m
2026-09-12T07:08:34.9488260Z [36;1m    --release --nocache -o "$baseline_output/$stem-release"[0m
2026-09-12T07:08:34.9489080Z [36;1mdone[0m
2026-09-12T07:08:34.9614620Z shell: /bin/bash --noprofile --norc -e -o pipefail {0}
2026-09-12T07:08:34.9615330Z env:
2026-09-12T07:08:34.9615830Z   BASELINE_REF: b8d01d73233a88a080170b53096f2a72bbd8d98e
2026-09-12T07:08:34.9616520Z ##[endgroup]
2026-09-12T07:17:42.2056300Z ##[group]Run set -euo pipefail
2026-09-12T07:17:42.2057330Z [36;1mset -euo pipefail[0m
2026-09-12T07:17:42.2058350Z [36;1mset -o pipefail[0m
2026-09-12T07:17:42.2059520Z [36;1mpython3 -m unittest discover -s Benchmarks/Native -p 'test_campaign.py'[0m
2026-09-12T07:17:42.2061910Z [36;1mzig build benchmark-native -Doptimize=ReleaseFast -Dcpu=baseline 2>&1 | tee .zig-cache/optimizer-x64/benchmark-build.log[0m
2026-09-12T07:17:42.2063890Z [36;1mbaseline_args=()[0m
2026-09-12T07:17:42.2064720Z [36;1mif [ -n "$BASELINE_REF" ]; then[0m
2026-09-12T07:17:42.2066610Z [36;1m  baseline_args=(--baseline-directory .zig-cache/benchmark-before --baseline-sha "$BASELINE_REF")[0m
2026-09-12T07:17:42.2067870Z [36;1mfi[0m
2026-09-12T07:17:42.2069290Z [36;1mpython3 Benchmarks/Native/campaign.py \[0m
2026-09-12T07:17:42.2070070Z [36;1m  .zig-cache/benchmark-native \[0m
2026-09-12T07:17:42.2070830Z [36;1m  .zig-cache/optimizer-x64/campaign.json \[0m
2026-09-12T07:17:42.2071710Z [36;1m  --samples 21 \[0m
2026-09-12T07:17:42.2072260Z [36;1m  --warmups 6 \[0m
2026-09-12T07:17:42.2072940Z [36;1m  --candidate-sha "$(git -C .. rev-parse HEAD)" \[0m
2026-09-12T07:17:42.2073710Z [36;1m  --require-native-x64 \[0m
2026-09-12T07:17:42.2074360Z [36;1m  --require-parity "${baseline_args[@]}"[0m
2026-09-12T07:17:42.2075160Z [36;1mcat .zig-cache/optimizer-x64/campaign.json[0m
2026-09-12T07:17:42.2157490Z shell: /bin/bash --noprofile --norc -e -o pipefail {0}
2026-09-12T07:17:42.2158470Z env:
2026-09-12T07:17:42.2159400Z   BASELINE_REF: b8d01d73233a88a080170b53096f2a72bbd8d98e
2026-09-12T07:17:42.2160440Z ##[endgroup]
2026-09-12T07:17:43.5714040Z .......
2026-09-12T07:17:43.5715070Z ----------------------------------------------------------------------
2026-09-12T07:17:43.5717300Z Ran 7 tests in 0.021s
2026-09-12T07:17:43.5717660Z 
2026-09-12T07:17:43.5717830Z OK
2026-09-12T07:18:12.2548760Z Silex native benchmark
2026-09-12T07:18:12.2549750Z host: Darwin-x86_64
2026-09-12T07:18:12.2551800Z clang: Apple clang version 17.0.0 (clang-1700.0.13.5)
2026-09-12T07:18:12.2553510Z references: clang=-O2/native-layout; clang-o3-slot8=-O3/8-byte-fields
2026-09-12T07:18:12.2555140Z workload: Arithmetic
2026-09-12T07:18:12.2556020Z result: 143997165
2026-09-12T07:18:12.2556760Z sizes:
2026-09-12T07:18:12.2557650Z    16631 .zig-cache/benchmark-native/arithmetic-debug
2026-09-12T07:18:12.2559030Z    12440 .zig-cache/benchmark-native/arithmetic-release
2026-09-12T07:18:12.2560440Z     8496 .zig-cache/benchmark-native/arithmetic-clang
2026-09-12T07:18:12.2561930Z     8496 .zig-cache/benchmark-native/arithmetic-clang-o3-slot8
2026-09-12T07:18:12.2585210Z    46063 total
2026-09-12T07:18:12.2586090Z compile times:
2026-09-12T07:18:12.2586560Z   debug real 0.28
2026-09-12T07:18:12.2587180Z   debug user 0.10
2026-09-12T07:18:12.2587810Z   debug sys 0.13
2026-09-12T07:18:12.2588460Z   release real 0.02
2026-09-12T07:18:12.2588980Z   release user 0.01
2026-09-12T07:18:12.2589580Z   release sys 0.01
2026-09-12T07:18:12.2590180Z   clang real 1.98
2026-09-12T07:18:12.2590770Z   clang user 0.16
2026-09-12T07:18:12.2591430Z   clang sys 1.43
2026-09-12T07:18:12.2592160Z   clang-o3-slot8 real 0.14
2026-09-12T07:18:12.2592880Z   clang-o3-slot8 user 0.12
2026-09-12T07:18:12.2593910Z   clang-o3-slot8 sys 0.06
2026-09-12T07:18:12.2594860Z run times:
2026-09-12T07:18:12.2595350Z   debug real 0.01
2026-09-12T07:18:12.2596160Z   debug user 0.00
2026-09-12T07:18:12.2596730Z   debug sys 0.00
2026-09-12T07:18:12.2597300Z   release real 0.00
2026-09-12T07:18:12.2597960Z   release user 0.00
2026-09-12T07:18:12.2598830Z   release sys 0.00
2026-09-12T07:18:12.2599430Z   clang real 0.00
2026-09-12T07:18:12.2600330Z   clang user 0.00
2026-09-12T07:18:12.2600870Z   clang sys 0.00
2026-09-12T07:18:12.2601500Z   clang-o3-slot8 real 0.00
2026-09-12T07:18:12.2602230Z   clang-o3-slot8 user 0.00
2026-09-12T07:18:12.2602990Z   clang-o3-slot8 sys 0.00
2026-09-12T07:18:12.2603960Z references: clang=-O2/native-layout; clang-o3-slot8=-O3/8-byte-fields
2026-09-12T07:18:12.2606830Z workload: Objects
2026-09-12T07:18:12.2607530Z result: 6000000
2026-09-12T07:18:12.2608110Z sizes:
2026-09-12T07:18:12.2608790Z    33023 .zig-cache/benchmark-native/objects-debug
2026-09-12T07:18:12.2609940Z    28856 .zig-cache/benchmark-native/objects-release
2026-09-12T07:18:12.2610800Z     8584 .zig-cache/benchmark-native/objects-clang
2026-09-12T07:18:12.2611760Z     8584 .zig-cache/benchmark-native/objects-clang-o3-slot8
2026-09-12T07:18:12.2612830Z    79047 total
2026-09-12T07:18:12.2613320Z compile times:
2026-09-12T07:18:12.2613800Z   debug real 0.15
2026-09-12T07:18:12.2614350Z   debug user 0.09
2026-09-12T07:18:12.2614820Z   debug sys 0.06
2026-09-12T07:18:12.2615380Z   release real 0.03
2026-09-12T07:18:12.2615900Z   release user 0.01
2026-09-12T07:18:12.2618090Z   release sys 0.01
2026-09-12T07:18:12.2618640Z   clang real 2.00
2026-09-12T07:18:12.2619140Z   clang user 1.04
2026-09-12T07:18:12.2619690Z   clang sys 0.50
2026-09-12T07:18:12.2620390Z   clang-o3-slot8 real 0.98
2026-09-12T07:18:12.2620990Z   clang-o3-slot8 user 0.88
2026-09-12T07:18:12.2621760Z   clang-o3-slot8 sys 0.13
2026-09-12T07:18:12.2622390Z run times:
2026-09-12T07:18:12.2622890Z   debug real 0.03
2026-09-12T07:18:12.2623370Z   debug user 0.03
2026-09-12T07:18:12.2624000Z   debug sys 0.00
2026-09-12T07:18:12.2624510Z   release real 0.01
2026-09-12T07:18:12.2625510Z   release user 0.01
2026-09-12T07:18:12.2627140Z   release sys 0.00
2026-09-12T07:18:12.2627750Z   clang real 0.00
2026-09-12T07:18:12.2628330Z   clang user 0.00
2026-09-12T07:18:12.2629000Z   clang sys 0.00
2026-09-12T07:18:12.2629510Z   clang-o3-slot8 real 0.00
2026-09-12T07:18:12.2630170Z   clang-o3-slot8 user 0.00
2026-09-12T07:18:12.2630790Z   clang-o3-slot8 sys 0.00
2026-09-12T07:18:12.2631690Z references: clang=-O2/native-layout; clang-o3-slot8=-O3/8-byte-fields
2026-09-12T07:18:12.2632680Z workload: Flocking
2026-09-12T07:18:12.2633180Z result: true
2026-09-12T07:18:12.2633650Z sizes:
2026-09-12T07:18:12.2634270Z    28927 .zig-cache/benchmark-native/flocking-debug
2026-09-12T07:18:12.2635180Z    20664 .zig-cache/benchmark-native/flocking-release
2026-09-12T07:18:12.2636090Z     9904 .zig-cache/benchmark-native/flocking-clang
2026-09-12T07:18:12.2637560Z    14000 .zig-cache/benchmark-native/flocking-clang-o3-slot8
2026-09-12T07:18:12.2638510Z    73495 total
2026-09-12T07:18:12.2639140Z compile times:
2026-09-12T07:18:12.2639610Z   debug real 0.15
2026-09-12T07:18:12.2640250Z   debug user 0.09
2026-09-12T07:18:12.2640760Z   debug sys 0.06
2026-09-12T07:18:12.2641230Z   release real 0.07
2026-09-12T07:18:12.2641780Z   release user 0.05
2026-09-12T07:18:12.2642310Z   release sys 0.01
2026-09-12T07:18:12.2642840Z   clang real 1.17
2026-09-12T07:18:12.2643350Z   clang user 0.98
2026-09-12T07:18:12.2643920Z   clang sys 0.18
2026-09-12T07:18:12.2644600Z   clang-o3-slot8 real 1.09
2026-09-12T07:18:12.2645400Z   clang-o3-slot8 user 0.99
2026-09-12T07:18:12.2646060Z   clang-o3-slot8 sys 0.14
2026-09-12T07:18:12.2646630Z run times:
2026-09-12T07:18:12.2647310Z   debug real 5.08
2026-09-12T07:18:12.2647820Z   debug user 5.04
2026-09-12T07:18:12.2648360Z   debug sys 0.03
2026-09-12T07:18:12.2648890Z   release real 1.92
2026-09-12T07:18:12.2649620Z   release user 1.86
2026-09-12T07:18:12.2650160Z   release sys 0.04
2026-09-12T07:18:12.2650720Z   clang real 0.42
2026-09-12T07:18:12.2651200Z   clang user 0.41
2026-09-12T07:18:12.2651720Z   clang sys 0.00
2026-09-12T07:18:12.2652280Z   clang-o3-slot8 real 0.60
2026-09-12T07:18:12.2652850Z   clang-o3-slot8 user 0.60
2026-09-12T07:18:12.2653470Z   clang-o3-slot8 sys 0.00
2026-09-12T07:22:28.5247640Z optimizer X64 qualification: arithmetic: clang: Silex/Clang upper bound exceeds 1000000 ppm
2026-09-12T07:22:28.5250010Z optimizer X64 qualification: arithmetic: clang-o3-slot8: Silex/Clang upper bound exceeds 1000000 ppm
2026-09-12T07:22:28.5252200Z optimizer X64 qualification: objects: clang: release spread exceeds 200000 ppm
2026-09-12T07:22:28.5255590Z optimizer X64 qualification: objects: clang: release_half_shift_ppm exceeds 100000 ppm
2026-09-12T07:22:28.5257780Z optimizer X64 qualification: objects: clang: Silex/Clang upper bound exceeds 1000000 ppm
2026-09-12T07:22:28.5259820Z optimizer X64 qualification: objects: clang-o3-slot8: release spread exceeds 200000 ppm
2026-09-12T07:22:28.5261980Z optimizer X64 qualification: objects: clang-o3-slot8: clang-o3-slot8 spread exceeds 200000 ppm
2026-09-12T07:22:28.5264370Z optimizer X64 qualification: objects: clang-o3-slot8: release_half_shift_ppm exceeds 100000 ppm
2026-09-12T07:22:28.5266640Z optimizer X64 qualification: objects: clang-o3-slot8: clang_half_shift_ppm exceeds 100000 ppm
2026-09-12T07:22:28.5269260Z optimizer X64 qualification: objects: clang-o3-slot8: Silex/Clang upper bound exceeds 1000000 ppm
2026-09-12T07:22:28.5284290Z optimizer X64 qualification: flocking: clang: clang spread exceeds 200000 ppm
2026-09-12T07:22:28.5286950Z optimizer X64 qualification: flocking: clang: Silex/Clang upper bound exceeds 1000000 ppm
2026-09-12T07:22:28.5289920Z optimizer X64 qualification: flocking: clang-o3-slot8: Silex/Clang upper bound exceeds 1000000 ppm
2026-09-12T07:22:28.5498200Z ##[error]Process completed with exit code 1.
2026-09-12T07:22:28.5760360Z ##[group]Run actions/upload-artifact@v7
2026-09-12T07:22:28.5761130Z with:
2026-09-12T07:22:28.5761940Z   name: optimizer-x64-b3273cc40505d50b94c3c03a82ef6abb6bbc12be
2026-09-12T07:22:28.5763900Z   path: Toolchain/.zig-cache/optimizer-x64
Toolchain/.zig-cache/benchmark-native
Toolchain/.zig-cache/benchmark-before

2026-09-12T07:22:28.5765600Z   if-no-files-found: error
2026-09-12T07:22:28.5766320Z   retention-days: 14
2026-09-12T07:22:28.5766970Z   compression-level: 6
2026-09-12T07:22:28.5767620Z   overwrite: false
2026-09-12T07:22:28.5768240Z   include-hidden-files: false
2026-09-12T07:22:28.5768980Z   archive: true
2026-09-12T07:22:28.5769980Z ##[endgroup]
2026-09-12T07:22:28.9299080Z Multiple search paths detected. Calculating the least common ancestor of all paths
2026-09-12T07:22:28.9303990Z The least common ancestor is /Users/runner/work/Silex/Silex/Toolchain/.zig-cache. This will be the root directory of the artifact
2026-09-12T07:22:28.9306560Z With the provided path, there will be 48 files uploaded
2026-09-12T07:22:28.9310970Z Artifact name is valid!
2026-09-12T07:22:28.9312310Z Root directory input is valid!
2026-09-12T07:22:29.4470060Z Uploading artifact: optimizer-x64-b3273cc40505d50b94c3c03a82ef6abb6bbc12be.zip
2026-09-12T07:22:29.4478680Z Beginning upload of artifact content to blob storage
2026-09-12T07:22:29.7565890Z Uploaded bytes 69631
2026-09-12T07:22:29.8038130Z Finished uploading artifact content to blob storage!
2026-09-12T07:22:29.8040480Z SHA256 digest of uploaded artifact is 061c48a5059ca7b520fdbde30d46ac80ae5d6cfd0f6db91966499e760c380266
2026-09-12T07:22:29.8042740Z Finalizing artifact upload
2026-09-12T07:22:30.0842350Z Artifact optimizer-x64-b3273cc40505d50b94c3c03a82ef6abb6bbc12be successfully finalized. Artifact ID 10293987969
2026-09-12T07:22:30.0848130Z Artifact optimizer-x64-b3273cc40505d50b94c3c03a82ef6abb6bbc12be has been successfully uploaded! Final size is 69631 bytes. Artifact ID is 10293987969
2026-09-12T07:22:30.0856090Z Artifact download URL: https://github.com/Matanek/Silex/actions/runs/34679245713/artifacts/10293987969
2026-09-12T07:22:30.1302730Z Post job cleanup.
2026-09-12T07:22:30.3315550Z [command]/usr/local/bin/git version
2026-09-12T07:22:30.3460440Z git version 2.55.0
2026-09-12T07:22:30.3520110Z Copying '/Users/runner/.gitconfig' to '/Users/runner/work/_temp/acda77b8-595e-4380-96fa-e13f004b9fe5/.gitconfig'
2026-09-12T07:22:30.3544080Z Temporarily overriding HOME='/Users/runner/work/_temp/acda77b8-595e-4380-96fa-e13f004b9fe5' before making global git config changes
2026-09-12T07:22:30.3546150Z Adding repository directory to the temporary git global config as a safe directory
2026-09-12T07:22:30.3556500Z [command]/usr/local/bin/git config --global --add safe.directory /Users/runner/work/Silex/Silex/Baseline
2026-09-12T07:22:30.3714300Z Removing SSH command configuration
2026-09-12T07:22:30.3729340Z [command]/usr/local/bin/git config --local --name-only --get-regexp core\.sshCommand
2026-09-12T07:22:30.3889360Z [command]/usr/local/bin/git submodule foreach --recursive sh -c "git config --local --name-only --get-regexp 'core\.sshCommand' && git config --local --unset-all 'core.sshCommand' || :"
2026-09-12T07:22:30.5896560Z Removing HTTP extra header
2026-09-12T07:22:30.5908210Z [command]/usr/local/bin/git config --local --name-only --get-regexp http\.https\:\/\/github\.com\/\.extraheader
2026-09-12T07:22:30.6052860Z [command]/usr/local/bin/git submodule foreach --recursive sh -c "git config --local --name-only --get-regexp 'http\.https\:\/\/github\.com\/\.extraheader' && git config --local --unset-all 'http.https://github.com/.extraheader' || :"
2026-09-12T07:22:30.7974070Z Removing includeIf entries pointing to credentials config files
2026-09-12T07:22:30.7986810Z [command]/usr/local/bin/git config --local --name-only --get-regexp ^includeIf\.gitdir:
2026-09-12T07:22:30.8124360Z includeif.gitdir:/Users/runner/work/Silex/Silex/Baseline/.git.path
2026-09-12T07:22:30.8126540Z includeif.gitdir:/Users/runner/work/Silex/Silex/Baseline/.git/worktrees/*.path
2026-09-12T07:22:30.8128280Z includeif.gitdir:/github/workspace/Baseline/.git.path
2026-09-12T07:22:30.8129840Z includeif.gitdir:/github/workspace/Baseline/.git/worktrees/*.path
2026-09-12T07:22:30.8142440Z [command]/usr/local/bin/git config --local --get-all includeif.gitdir:/Users/runner/work/Silex/Silex/Baseline/.git.path
2026-09-12T07:22:30.8270740Z /Users/runner/work/_temp/git-credentials-c36ad170-5cac-464a-9a2d-4aae82acf666.config
2026-09-12T07:22:30.8297370Z [command]/usr/local/bin/git config --local --unset includeif.gitdir:/Users/runner/work/Silex/Silex/Baseline/.git.path /Users/runner/work/_temp/git-credentials-c36ad170-5cac-464a-9a2d-4aae82acf666.config
2026-09-12T07:22:30.8447150Z [command]/usr/local/bin/git config --local --get-all includeif.gitdir:/Users/runner/work/Silex/Silex/Baseline/.git/worktrees/*.path
2026-09-12T07:22:30.8576890Z /Users/runner/work/_temp/git-credentials-c36ad170-5cac-464a-9a2d-4aae82acf666.config
2026-09-12T07:22:30.8600710Z [command]/usr/local/bin/git config --local --unset includeif.gitdir:/Users/runner/work/Silex/Silex/Baseline/.git/worktrees/*.path /Users/runner/work/_temp/git-credentials-c36ad170-5cac-464a-9a2d-4aae82acf666.config
2026-09-12T07:22:30.8760220Z [command]/usr/local/bin/git config --local --get-all includeif.gitdir:/github/workspace/Baseline/.git.path
2026-09-12T07:22:30.8912670Z /github/runner_temp/git-credentials-c36ad170-5cac-464a-9a2d-4aae82acf666.config
2026-09-12T07:22:30.8934870Z [command]/usr/local/bin/git config --local --unset includeif.gitdir:/github/workspace/Baseline/.git.path /github/runner_temp/git-credentials-c36ad170-5cac-464a-9a2d-4aae82acf666.config
2026-09-12T07:22:30.9116750Z [command]/usr/local/bin/git config --local --get-all includeif.gitdir:/github/workspace/Baseline/.git/worktrees/*.path
2026-09-12T07:22:30.9277010Z /github/runner_temp/git-credentials-c36ad170-5cac-464a-9a2d-4aae82acf666.config
2026-09-12T07:22:30.9299960Z [command]/usr/local/bin/git config --local --unset includeif.gitdir:/github/workspace/Baseline/.git/worktrees/*.path /github/runner_temp/git-credentials-c36ad170-5cac-464a-9a2d-4aae82acf666.config
2026-09-12T07:22:30.9471880Z [command]/usr/local/bin/git submodule foreach --recursive git config --local --show-origin --name-only --get-regexp remote.origin.url
2026-09-12T07:22:31.1225720Z Removing credentials config '/Users/runner/work/_temp/git-credentials-c36ad170-5cac-464a-9a2d-4aae82acf666.config'
2026-09-12T07:22:31.1591580Z Post job cleanup.
2026-09-12T07:22:31.3487580Z [command]/usr/local/bin/git version
2026-09-12T07:22:31.3613960Z git version 2.55.0
2026-09-12T07:22:31.3674790Z Copying '/Users/runner/.gitconfig' to '/Users/runner/work/_temp/6d3f3a5c-09d0-4164-ba54-30041f4701b1/.gitconfig'
2026-09-12T07:22:31.3702100Z Temporarily overriding HOME='/Users/runner/work/_temp/6d3f3a5c-09d0-4164-ba54-30041f4701b1' before making global git config changes
2026-09-12T07:22:31.3704750Z Adding repository directory to the temporary git global config as a safe directory
2026-09-12T07:22:31.3713770Z [command]/usr/local/bin/git config --global --add safe.directory /Users/runner/work/Silex/Silex/Dependencies/STD
2026-09-12T07:22:31.3895310Z Removing SSH command configuration
2026-09-12T07:22:31.3908510Z [command]/usr/local/bin/git config --local --name-only --get-regexp core\.sshCommand
2026-09-12T07:22:31.4051710Z [command]/usr/local/bin/git submodule foreach --recursive sh -c "git config --local --name-only --get-regexp 'core\.sshCommand' && git config --local --unset-all 'core.sshCommand' || :"
2026-09-12T07:22:31.5881860Z Removing HTTP extra header
2026-09-12T07:22:31.5891110Z [command]/usr/local/bin/git config --local --name-only --get-regexp http\.https\:\/\/github\.com\/\.extraheader
2026-09-12T07:22:31.6032300Z [command]/usr/local/bin/git submodule foreach --recursive sh -c "git config --local --name-only --get-regexp 'http\.https\:\/\/github\.com\/\.extraheader' && git config --local --unset-all 'http.https://github.com/.extraheader' || :"
2026-09-12T07:22:31.7900770Z Removing includeIf entries pointing to credentials config files
2026-09-12T07:22:31.7910200Z [command]/usr/local/bin/git config --local --name-only --get-regexp ^includeIf\.gitdir:
2026-09-12T07:22:31.8018160Z includeif.gitdir:/Users/runner/work/Silex/Silex/Dependencies/STD/.git.path
2026-09-12T07:22:31.8020580Z includeif.gitdir:/Users/runner/work/Silex/Silex/Dependencies/STD/.git/worktrees/*.path
2026-09-12T07:22:31.8022600Z includeif.gitdir:/github/workspace/Dependencies/STD/.git.path
2026-09-12T07:22:31.8024140Z includeif.gitdir:/github/workspace/Dependencies/STD/.git/worktrees/*.path
2026-09-12T07:22:31.8038510Z [command]/usr/local/bin/git config --local --get-all includeif.gitdir:/Users/runner/work/Silex/Silex/Dependencies/STD/.git.path
2026-09-12T07:22:31.8146390Z /Users/runner/work/_temp/git-credentials-f17f84c2-5a65-4721-8668-0152d26d463b.config
2026-09-12T07:22:31.8170710Z [command]/usr/local/bin/git config --local --unset includeif.gitdir:/Users/runner/work/Silex/Silex/Dependencies/STD/.git.path /Users/runner/work/_temp/git-credentials-f17f84c2-5a65-4721-8668-0152d26d463b.config
2026-09-12T07:22:31.8348050Z [command]/usr/local/bin/git config --local --get-all includeif.gitdir:/Users/runner/work/Silex/Silex/Dependencies/STD/.git/worktrees/*.path
2026-09-12T07:22:31.8489960Z /Users/runner/work/_temp/git-credentials-f17f84c2-5a65-4721-8668-0152d26d463b.config
2026-09-12T07:22:31.8707870Z [command]/usr/local/bin/git config --local --unset includeif.gitdir:/Users/runner/work/Silex/Silex/Dependencies/STD/.git/worktrees/*.path /Users/runner/work/_temp/git-credentials-f17f84c2-5a65-4721-8668-0152d26d463b.config
2026-09-12T07:22:31.8714280Z [command]/usr/local/bin/git config --local --get-all includeif.gitdir:/github/workspace/Dependencies/STD/.git.path
2026-09-12T07:22:31.8809960Z /github/runner_temp/git-credentials-f17f84c2-5a65-4721-8668-0152d26d463b.config
2026-09-12T07:22:31.8829470Z [command]/usr/local/bin/git config --local --unset includeif.gitdir:/github/workspace/Dependencies/STD/.git.path /github/runner_temp/git-credentials-f17f84c2-5a65-4721-8668-0152d26d463b.config
2026-09-12T07:22:31.8985380Z [command]/usr/local/bin/git config --local --get-all includeif.gitdir:/github/workspace/Dependencies/STD/.git/worktrees/*.path
2026-09-12T07:22:31.9127250Z /github/runner_temp/git-credentials-f17f84c2-5a65-4721-8668-0152d26d463b.config
2026-09-12T07:22:31.9152080Z [command]/usr/local/bin/git config --local --unset includeif.gitdir:/github/workspace/Dependencies/STD/.git/worktrees/*.path /github/runner_temp/git-credentials-f17f84c2-5a65-4721-8668-0152d26d463b.config
2026-09-12T07:22:31.9310120Z [command]/usr/local/bin/git submodule foreach --recursive git config --local --show-origin --name-only --get-regexp remote.origin.url
2026-09-12T07:22:32.1237660Z Removing credentials config '/Users/runner/work/_temp/git-credentials-f17f84c2-5a65-4721-8668-0152d26d463b.config'
2026-09-12T07:22:32.1605330Z Post job cleanup.
2026-09-12T07:22:32.3691680Z [command]/usr/local/bin/git version
2026-09-12T07:22:32.3840790Z git version 2.55.0
2026-09-12T07:22:32.3899020Z Copying '/Users/runner/.gitconfig' to '/Users/runner/work/_temp/2a4dbae5-ab4f-492c-8b89-55a16d59740a/.gitconfig'
2026-09-12T07:22:32.3924730Z Temporarily overriding HOME='/Users/runner/work/_temp/2a4dbae5-ab4f-492c-8b89-55a16d59740a' before making global git config changes
2026-09-12T07:22:32.3927800Z Adding repository directory to the temporary git global config as a safe directory
2026-09-12T07:22:32.3933030Z [command]/usr/local/bin/git config --global --add safe.directory /Users/runner/work/Silex/Silex
2026-09-12T07:22:32.4096210Z Removing SSH command configuration
2026-09-12T07:22:32.4110490Z [command]/usr/local/bin/git config --local --name-only --get-regexp core\.sshCommand
2026-09-12T07:22:32.4258120Z [command]/usr/local/bin/git submodule foreach --recursive sh -c "git config --local --name-only --get-regexp 'core\.sshCommand' && git config --local --unset-all 'core.sshCommand' || :"
2026-09-12T07:22:32.6229990Z Removing HTTP extra header
2026-09-12T07:22:32.6239440Z [command]/usr/local/bin/git config --local --name-only --get-regexp http\.https\:\/\/github\.com\/\.extraheader
2026-09-12T07:22:32.6371750Z [command]/usr/local/bin/git submodule foreach --recursive sh -c "git config --local --name-only --get-regexp 'http\.https\:\/\/github\.com\/\.extraheader' && git config --local --unset-all 'http.https://github.com/.extraheader' || :"
2026-09-12T07:22:32.8223120Z Removing includeIf entries pointing to credentials config files
2026-09-12T07:22:32.8233390Z [command]/usr/local/bin/git config --local --name-only --get-regexp ^includeIf\.gitdir:
2026-09-12T07:22:32.8357530Z includeif.gitdir:/Users/runner/work/Silex/Silex/.git.path
2026-09-12T07:22:32.8359240Z includeif.gitdir:/Users/runner/work/Silex/Silex/.git/worktrees/*.path
2026-09-12T07:22:32.8361290Z includeif.gitdir:/github/workspace/.git.path
2026-09-12T07:22:32.8363100Z includeif.gitdir:/github/workspace/.git/worktrees/*.path
2026-09-12T07:22:32.8385070Z [command]/usr/local/bin/git config --local --get-all includeif.gitdir:/Users/runner/work/Silex/Silex/.git.path
2026-09-12T07:22:32.8502390Z /Users/runner/work/_temp/git-credentials-01afcf8c-0da8-4ce3-b998-8ed54e998651.config
2026-09-12T07:22:32.8522720Z [command]/usr/local/bin/git config --local --unset includeif.gitdir:/Users/runner/work/Silex/Silex/.git.path /Users/runner/work/_temp/git-credentials-01afcf8c-0da8-4ce3-b998-8ed54e998651.config
2026-09-12T07:22:32.8682480Z [command]/usr/local/bin/git config --local --get-all includeif.gitdir:/Users/runner/work/Silex/Silex/.git/worktrees/*.path
2026-09-12T07:22:32.8821470Z /Users/runner/work/_temp/git-credentials-01afcf8c-0da8-4ce3-b998-8ed54e998651.config
2026-09-12T07:22:32.8845110Z [command]/usr/local/bin/git config --local --unset includeif.gitdir:/Users/runner/work/Silex/Silex/.git/worktrees/*.path /Users/runner/work/_temp/git-credentials-01afcf8c-0da8-4ce3-b998-8ed54e998651.config
2026-09-12T07:22:32.8983410Z [command]/usr/local/bin/git config --local --get-all includeif.gitdir:/github/workspace/.git.path
2026-09-12T07:22:32.9100050Z /github/runner_temp/git-credentials-01afcf8c-0da8-4ce3-b998-8ed54e998651.config
2026-09-12T07:22:32.9118100Z [command]/usr/local/bin/git config --local --unset includeif.gitdir:/github/workspace/.git.path /github/runner_temp/git-credentials-01afcf8c-0da8-4ce3-b998-8ed54e998651.config
2026-09-12T07:22:32.9304340Z [command]/usr/local/bin/git config --local --get-all includeif.gitdir:/github/workspace/.git/worktrees/*.path
2026-09-12T07:22:32.9426370Z /github/runner_temp/git-credentials-01afcf8c-0da8-4ce3-b998-8ed54e998651.config
2026-09-12T07:22:32.9444270Z [command]/usr/local/bin/git config --local --unset includeif.gitdir:/github/workspace/.git/worktrees/*.path /github/runner_temp/git-credentials-01afcf8c-0da8-4ce3-b998-8ed54e998651.config
2026-09-12T07:22:32.9617750Z [command]/usr/local/bin/git submodule foreach --recursive git config --local --show-origin --name-only --get-regexp remote.origin.url
2026-09-12T07:22:33.1402440Z Removing credentials config '/Users/runner/work/_temp/git-credentials-01afcf8c-0da8-4ce3-b998-8ed54e998651.config'
2026-09-12T07:22:33.1671690Z Cleaning up orphan processes

