2026-09-12T06:52:15.7235950Z Current runner version: '2.337.0'
2026-09-12T06:52:15.7297980Z ##[group]Runner Image Provisioner
2026-09-12T06:52:15.7299050Z Hosted Compute Agent
2026-09-12T06:52:15.7299770Z Version: 20260819.586
2026-09-12T06:52:15.7300530Z Commit: 3cc4a88dfa507ef76119ad1bb3eccc6378bb2b76
2026-09-12T06:52:15.7301460Z Build Date: 2026-08-18T23:20:18Z
2026-09-12T06:52:15.7302310Z Worker ID: {905d6b38-b761-4bcc-be27-4fad3ee35f5f}
2026-09-12T06:52:15.7303230Z Azure Region: westus
2026-09-12T06:52:15.7303920Z ##[endgroup]
2026-09-12T06:52:15.7306010Z ##[group]Operating System
2026-09-12T06:52:15.7306760Z macOS
2026-09-12T06:52:15.7307340Z 15.7.9
2026-09-12T06:52:15.7307920Z 24G830
2026-09-12T06:52:15.7308510Z ##[endgroup]
2026-09-12T06:52:15.7309130Z ##[group]Runner Image
2026-09-12T06:52:15.7309820Z Image: macos-15
2026-09-12T06:52:15.7310470Z Version: 20260824.0482.1
2026-09-12T06:52:15.7312110Z Included Software: https://github.com/actions/runner-images/blob/macos-15/20260824.0482/images/macos/macos-15-Readme.md
2026-09-12T06:52:15.7314300Z Image Release: https://github.com/actions/runner-images/releases/tag/macos-15%2F20260824.0482
2026-09-12T06:52:15.7315680Z ##[endgroup]
2026-09-12T06:52:15.7317140Z ##[group]GITHUB_TOKEN Permissions
2026-09-12T06:52:15.7319980Z Contents: read
2026-09-12T06:52:15.7321010Z Metadata: read
2026-09-12T06:52:15.7321710Z ##[endgroup]
2026-09-12T06:52:15.7324260Z Secret source: Actions
2026-09-12T06:52:15.7325360Z Cache mode: write
2026-09-12T06:52:15.7327110Z Prepare workflow directory
2026-09-12T06:52:15.7788390Z Prepare all required actions
2026-09-12T06:52:15.7852080Z Getting action download info
2026-09-12T06:52:16.2226300Z Download action repository 'actions/checkout@v6' (SHA:d23441a48e516b6c34aea4fa41551a30e30af803)
2026-09-12T06:52:17.0119740Z Complete job name: macos-x64
2026-09-12T06:52:17.1149520Z ##[group]Run actions/checkout@v6
2026-09-12T06:52:17.1150960Z with:
2026-09-12T06:52:17.1151660Z   repository: Matanek/Silex
2026-09-12T06:52:17.1158560Z   token: ***
2026-09-12T06:52:17.1159270Z   ssh-strict: true
2026-09-12T06:52:17.1159950Z   ssh-user: git
2026-09-12T06:52:17.1160640Z   persist-credentials: true
2026-09-12T06:52:17.1161410Z   clean: true
2026-09-12T06:52:17.1162120Z   sparse-checkout-cone-mode: true
2026-09-12T06:52:17.1163490Z   fetch-depth: 1
2026-09-12T06:52:17.1164190Z   fetch-tags: false
2026-09-12T06:52:17.1164970Z   show-progress: true
2026-09-12T06:52:17.1165870Z   lfs: false
2026-09-12T06:52:17.1166560Z   submodules: false
2026-09-12T06:52:17.1167270Z   set-safe-directory: true
2026-09-12T06:52:17.1168080Z   allow-unsafe-pr-checkout: false
2026-09-12T06:52:17.1169600Z ##[endgroup]
2026-09-12T06:52:17.4854550Z Syncing repository: Matanek/Silex
2026-09-12T06:52:17.4887780Z ##[group]Getting Git version info
2026-09-12T06:52:17.4903030Z Working directory is '/Users/runner/work/Silex/Silex'
2026-09-12T06:52:17.4918950Z [command]/usr/local/bin/git version
2026-09-12T06:52:17.5430290Z git version 2.55.0
2026-09-12T06:52:17.5467930Z ##[endgroup]
2026-09-12T06:52:17.5485870Z Copying '/Users/runner/.gitconfig' to '/Users/runner/work/_temp/12d20bb9-af83-4a9a-a3e8-a550c59b94c5/.gitconfig'
2026-09-12T06:52:17.5507050Z Temporarily overriding HOME='/Users/runner/work/_temp/12d20bb9-af83-4a9a-a3e8-a550c59b94c5' before making global git config changes
2026-09-12T06:52:17.5511880Z Adding repository directory to the temporary git global config as a safe directory
2026-09-12T06:52:17.5514920Z [command]/usr/local/bin/git config --global --add safe.directory /Users/runner/work/Silex/Silex
2026-09-12T06:52:17.5682710Z Deleting the contents of '/Users/runner/work/Silex/Silex'
2026-09-12T06:52:17.5690030Z ##[group]Determining repository object format
2026-09-12T06:52:17.5692950Z ##[endgroup]
2026-09-12T06:52:17.5695580Z ##[group]Initializing the repository
2026-09-12T06:52:17.5699790Z [command]/usr/local/bin/git init /Users/runner/work/Silex/Silex
2026-09-12T06:52:17.6084320Z hint: Using 'master' as the name for the initial branch. This default branch name
2026-09-12T06:52:17.6087510Z hint: will change to "main" in Git 3.0. To configure the initial branch name
2026-09-12T06:52:17.6091630Z hint: to use in all of your new repositories, which will suppress this warning,
2026-09-12T06:52:17.6094330Z hint: call:
2026-09-12T06:52:17.6095310Z hint:
2026-09-12T06:52:17.6096590Z hint: 	git config --global init.defaultBranch <name>
2026-09-12T06:52:17.6098730Z hint:
2026-09-12T06:52:17.6100500Z hint: Names commonly chosen instead of 'master' are 'main', 'trunk' and
2026-09-12T06:52:17.6103550Z hint: 'development'. The just-created branch can be renamed via this command:
2026-09-12T06:52:17.6105990Z hint:
2026-09-12T06:52:17.6106970Z hint: 	git branch -m <name>
2026-09-12T06:52:17.6108300Z hint:
2026-09-12T06:52:17.6110190Z hint: Disable this message with "git config set advice.defaultBranchName false"
2026-09-12T06:52:17.6113740Z Initialized empty Git repository in /Users/runner/work/Silex/Silex/.git/
2026-09-12T06:52:17.6118800Z [command]/usr/local/bin/git remote add origin https://github.com/Matanek/Silex
2026-09-12T06:52:17.6218830Z ##[endgroup]
2026-09-12T06:52:17.6221690Z ##[group]Disabling automatic garbage collection
2026-09-12T06:52:17.6224440Z [command]/usr/local/bin/git config --local gc.auto 0
2026-09-12T06:52:17.6331560Z ##[endgroup]
2026-09-12T06:52:17.6334680Z ##[group]Setting up auth
2026-09-12T06:52:17.6336200Z Removing SSH command configuration
2026-09-12T06:52:17.6340210Z [command]/usr/local/bin/git config --local --name-only --get-regexp core\.sshCommand
2026-09-12T06:52:17.6448500Z [command]/usr/local/bin/git submodule foreach --recursive sh -c "git config --local --name-only --get-regexp 'core\.sshCommand' && git config --local --unset-all 'core.sshCommand' || :"
2026-09-12T06:52:17.8215120Z Removing HTTP extra header
2026-09-12T06:52:17.8222610Z [command]/usr/local/bin/git config --local --name-only --get-regexp http\.https\:\/\/github\.com\/\.extraheader
2026-09-12T06:52:17.8325720Z [command]/usr/local/bin/git submodule foreach --recursive sh -c "git config --local --name-only --get-regexp 'http\.https\:\/\/github\.com\/\.extraheader' && git config --local --unset-all 'http.https://github.com/.extraheader' || :"
2026-09-12T06:52:17.9758920Z Removing includeIf entries pointing to credentials config files
2026-09-12T06:52:17.9768410Z [command]/usr/local/bin/git config --local --name-only --get-regexp ^includeIf\.gitdir:
2026-09-12T06:52:17.9878110Z [command]/usr/local/bin/git submodule foreach --recursive git config --local --show-origin --name-only --get-regexp remote.origin.url
2026-09-12T06:52:18.2439260Z [command]/usr/local/bin/git config --file /Users/runner/work/_temp/git-credentials-9bb3dfe7-8347-4575-a00a-40ef82d614a7.config http.https://github.com/.extraheader AUTHORIZATION: basic ***
2026-09-12T06:52:18.2453980Z [command]/usr/local/bin/git config --local includeIf.gitdir:/Users/runner/work/Silex/Silex/.git.path /Users/runner/work/_temp/git-credentials-9bb3dfe7-8347-4575-a00a-40ef82d614a7.config
2026-09-12T06:52:18.2574110Z [command]/usr/local/bin/git config --local includeIf.gitdir:/Users/runner/work/Silex/Silex/.git/worktrees/*.path /Users/runner/work/_temp/git-credentials-9bb3dfe7-8347-4575-a00a-40ef82d614a7.config
2026-09-12T06:52:18.2675530Z [command]/usr/local/bin/git config --local includeIf.gitdir:/github/workspace/.git.path /github/runner_temp/git-credentials-9bb3dfe7-8347-4575-a00a-40ef82d614a7.config
2026-09-12T06:52:18.2784470Z [command]/usr/local/bin/git config --local includeIf.gitdir:/github/workspace/.git/worktrees/*.path /github/runner_temp/git-credentials-9bb3dfe7-8347-4575-a00a-40ef82d614a7.config
2026-09-12T06:52:18.2883530Z ##[endgroup]
2026-09-12T06:52:18.2886430Z ##[group]Fetching the repository
2026-09-12T06:52:18.2897960Z [command]/usr/local/bin/git -c protocol.version=2 fetch --no-tags --prune --no-recurse-submodules --depth=1 origin +b3273cc40505d50b94c3c03a82ef6abb6bbc12be:refs/remotes/origin/spec-silex-optimization-parity-completion
2026-09-12T06:52:19.1807440Z From https://github.com/Matanek/Silex
2026-09-12T06:52:19.1813050Z  * [new ref]         b3273cc40505d50b94c3c03a82ef6abb6bbc12be -> origin/spec-silex-optimization-parity-completion
2026-09-12T06:52:19.1827960Z [command]/usr/local/bin/git branch --list --remote origin/spec-silex-optimization-parity-completion
2026-09-12T06:52:19.1945570Z   origin/spec-silex-optimization-parity-completion
2026-09-12T06:52:19.1957550Z [command]/usr/local/bin/git rev-parse refs/remotes/origin/spec-silex-optimization-parity-completion
2026-09-12T06:52:19.2044330Z b3273cc40505d50b94c3c03a82ef6abb6bbc12be
2026-09-12T06:52:19.2049540Z ##[endgroup]
2026-09-12T06:52:19.2051750Z ##[group]Determining the checkout info
2026-09-12T06:52:19.2054580Z ##[endgroup]
2026-09-12T06:52:19.2056280Z [command]/usr/local/bin/git sparse-checkout disable
2026-09-12T06:52:19.2186900Z [command]/usr/local/bin/git config --local --unset-all extensions.worktreeConfig
2026-09-12T06:52:19.2307600Z ##[group]Checking out the ref
2026-09-12T06:52:19.2317160Z [command]/usr/local/bin/git checkout --progress --force -B spec-silex-optimization-parity-completion refs/remotes/origin/spec-silex-optimization-parity-completion
2026-09-12T06:52:20.4767750Z Updating files:  43% (1176/2716)
2026-09-12T06:52:20.5211810Z Updating files:  44% (1196/2716)
2026-09-12T06:52:20.6217440Z Updating files:  45% (1223/2716)
2026-09-12T06:52:20.7241110Z Updating files:  46% (1250/2716)
2026-09-12T06:52:20.8248870Z Updating files:  47% (1277/2716)
2026-09-12T06:52:20.9241960Z Updating files:  48% (1304/2716)
2026-09-12T06:52:21.0269850Z Updating files:  49% (1331/2716)
2026-09-12T06:52:21.1100370Z Updating files:  50% (1358/2716)
2026-09-12T06:52:21.1181780Z Updating files:  51% (1386/2716)
2026-09-12T06:52:21.1194270Z Updating files:  52% (1413/2716)
2026-09-12T06:52:21.1230460Z Updating files:  53% (1440/2716)
2026-09-12T06:52:21.1260400Z Updating files:  54% (1467/2716)
2026-09-12T06:52:21.1309620Z Updating files:  55% (1494/2716)
2026-09-12T06:52:21.1312330Z Updating files:  56% (1521/2716)
2026-09-12T06:52:21.1338580Z Updating files:  57% (1549/2716)
2026-09-12T06:52:21.1341960Z Updating files:  58% (1576/2716)
2026-09-12T06:52:21.1345160Z Updating files:  59% (1603/2716)
2026-09-12T06:52:21.1351880Z Updating files:  60% (1630/2716)
2026-09-12T06:52:21.1358290Z Updating files:  61% (1657/2716)
2026-09-12T06:52:21.1364140Z Updating files:  62% (1684/2716)
2026-09-12T06:52:21.1368970Z Updating files:  63% (1712/2716)
2026-09-12T06:52:21.1382870Z Updating files:  64% (1739/2716)
2026-09-12T06:52:21.1491300Z Updating files:  65% (1766/2716)
2026-09-12T06:52:21.1582350Z Updating files:  66% (1793/2716)
2026-09-12T06:52:21.2297800Z Updating files:  67% (1820/2716)
2026-09-12T06:52:21.2403120Z Updating files:  68% (1847/2716)
2026-09-12T06:52:21.2482220Z Updating files:  69% (1875/2716)
2026-09-12T06:52:21.2505810Z Updating files:  69% (1897/2716)
2026-09-12T06:52:21.2654680Z Updating files:  70% (1902/2716)
2026-09-12T06:52:21.2832680Z Updating files:  71% (1929/2716)
2026-09-12T06:52:21.2924120Z Updating files:  72% (1956/2716)
2026-09-12T06:52:21.3020270Z Updating files:  73% (1983/2716)
2026-09-12T06:52:21.3127830Z Updating files:  74% (2010/2716)
2026-09-12T06:52:21.3239570Z Updating files:  75% (2037/2716)
2026-09-12T06:52:21.3355060Z Updating files:  76% (2065/2716)
2026-09-12T06:52:21.3444980Z Updating files:  77% (2092/2716)
2026-09-12T06:52:21.3525290Z Updating files:  78% (2119/2716)
2026-09-12T06:52:21.3671900Z Updating files:  79% (2146/2716)
2026-09-12T06:52:21.3750340Z Updating files:  80% (2173/2716)
2026-09-12T06:52:21.3840460Z Updating files:  81% (2200/2716)
2026-09-12T06:52:21.4035850Z Updating files:  82% (2228/2716)
2026-09-12T06:52:21.4200690Z Updating files:  83% (2255/2716)
2026-09-12T06:52:21.4343840Z Updating files:  84% (2282/2716)
2026-09-12T06:52:21.4495920Z Updating files:  85% (2309/2716)
2026-09-12T06:52:21.4708590Z Updating files:  86% (2336/2716)
2026-09-12T06:52:21.4853420Z Updating files:  87% (2363/2716)
2026-09-12T06:52:21.4968260Z Updating files:  88% (2391/2716)
2026-09-12T06:52:21.5096920Z Updating files:  89% (2418/2716)
2026-09-12T06:52:21.5257870Z Updating files:  90% (2445/2716)
2026-09-12T06:52:21.5561850Z Updating files:  91% (2472/2716)
2026-09-12T06:52:21.5756610Z Updating files:  92% (2499/2716)
2026-09-12T06:52:21.5981330Z Updating files:  93% (2526/2716)
2026-09-12T06:52:21.6126630Z Updating files:  94% (2554/2716)
2026-09-12T06:52:21.6291590Z Updating files:  95% (2581/2716)
2026-09-12T06:52:21.6400770Z Updating files:  96% (2608/2716)
2026-09-12T06:52:21.6505760Z Updating files:  97% (2635/2716)
2026-09-12T06:52:21.6590870Z Updating files:  98% (2662/2716)
2026-09-12T06:52:21.6692830Z Updating files:  99% (2689/2716)
2026-09-12T06:52:21.6695810Z Updating files: 100% (2716/2716)
2026-09-12T06:52:21.6697990Z Updating files: 100% (2716/2716), done.
2026-09-12T06:52:21.6829350Z Switched to a new branch 'spec-silex-optimization-parity-completion'
2026-09-12T06:52:21.6845350Z branch 'spec-silex-optimization-parity-completion' set up to track 'origin/spec-silex-optimization-parity-completion'.
2026-09-12T06:52:21.6902190Z ##[endgroup]
2026-09-12T06:52:21.7097200Z [command]/usr/local/bin/git log -1 --format=%H
2026-09-12T06:52:21.7246910Z b3273cc40505d50b94c3c03a82ef6abb6bbc12be
2026-09-12T06:52:21.7640320Z ##[group]Run set -euo pipefail
2026-09-12T06:52:21.7641210Z [36;1mset -euo pipefail[0m
2026-09-12T06:52:21.7641920Z [36;1marchive="$RUNNER_TEMP/zig.tar.xz"[0m
2026-09-12T06:52:21.7644140Z [36;1mcurl -fL https://ziglang.org/download/0.16.0/zig-x86_64-macos-0.16.0.tar.xz -o "$archive"[0m
2026-09-12T06:52:21.7646690Z [36;1mecho "0387557ed1877bc6a2e1802c8391953baddba76081876301c522f52977b52ba7  $archive" | shasum -a 256 -c -[0m
2026-09-12T06:52:21.7648840Z [36;1mtar -xJf "$archive" -C "$RUNNER_TEMP"[0m
2026-09-12T06:52:21.7649850Z [36;1mecho "$RUNNER_TEMP/zig-x86_64-macos-0.16.0" >> "$GITHUB_PATH"[0m
2026-09-12T06:52:21.7750770Z shell: /bin/bash --noprofile --norc -e -o pipefail {0}
2026-09-12T06:52:21.7751700Z ##[endgroup]
2026-09-12T06:52:22.2343420Z   % Total    % Received % Xferd  Average Speed  Time    Time    Time   Current
2026-09-12T06:52:22.2352970Z                                  Dload  Upload  Total   Spent   Left   Speed
2026-09-12T06:52:22.2357790Z 
2026-09-12T06:52:23.2613100Z   0      0   0      0   0      0      0      0                              0
2026-09-12T06:52:24.3008520Z   0 54.73M   0 543.7k   0      0 387.2k      0   02:24   00:01   02:23 529.7k
2026-09-12T06:52:25.3887260Z  25 54.73M  25 13.85M   0      0  5.67M      0   00:09   00:02   00:07  6.70M
2026-09-12T06:52:26.1630140Z  65 54.73M  65 36.09M   0      0 10.22M      0   00:05   00:03   00:02 11.44M
2026-09-12T06:52:26.1631430Z 100 54.73M 100 54.73M   0      0 12.71M      0   00:04   00:04         11.44M
2026-09-12T06:52:26.1632300Z 100 54.73M 100 54.73M   0      0 12.71M      0   00:04   00:04         11.44M
2026-09-12T06:52:26.1633510Z 100 54.73M 100 54.73M   0      0 12.71M      0   00:04   00:04         11.44M
2026-09-12T06:52:26.5057900Z /Users/runner/work/_temp/zig.tar.xz: OK
2026-09-12T06:52:42.9043530Z ##[group]Run set -euo pipefail
2026-09-12T06:52:42.9044420Z [36;1mset -euo pipefail[0m
2026-09-12T06:52:42.9045030Z [36;1mtest "$(uname -m)" = "x86_64"[0m
2026-09-12T06:52:42.9045720Z [36;1mexport HOME="$RUNNER_TEMP/home"[0m
2026-09-12T06:52:42.9046320Z [36;1mmkdir -p "$HOME"[0m
2026-09-12T06:52:42.9046940Z [36;1mzig build -Doptimize=ReleaseFast -Dcpu=baseline \[0m
2026-09-12T06:52:42.9047720Z [36;1m  --prefix "$RUNNER_TEMP/silex-prefix" \[0m
2026-09-12T06:52:42.9048430Z [36;1m  --build-file Toolchain/build.zig[0m
2026-09-12T06:52:42.9049120Z [36;1msilex="$RUNNER_TEMP/silex-prefix/bin/silex"[0m
2026-09-12T06:52:42.9049780Z [36;1m"$silex" --version[0m
2026-09-12T06:52:42.9050370Z [36;1m"$silex" targets | grep -F 'macos-x64'[0m
2026-09-12T06:52:42.9050980Z [36;1m"$silex" setup[0m
2026-09-12T06:52:42.9051820Z [36;1mshadercross="$HOME/.silex/toolchain/shadercross/3.0.0/macos-x64/bin/shadercross"[0m
2026-09-12T06:52:42.9052970Z [36;1mfile "$shadercross" | grep -F 'x86_64'[0m
2026-09-12T06:52:42.9053690Z [36;1m"$shadercross" --help >/dev/null 2>&1[0m
2026-09-12T06:52:42.9055900Z [36;1mboundary_root="$GITHUB_WORKSPACE/Toolchain/Fixtures/MacOSX64Boundary/Boundary/macos-x64"[0m
2026-09-12T06:52:42.9057460Z [36;1mzig cc -target x86_64-macos -c "$boundary_root/Provider.c" -o "$boundary_root/Provider.o"[0m
2026-09-12T06:52:42.9059300Z [36;1mzig ar rcs "$boundary_root/libMacOSX64Boundary.a" "$boundary_root/Provider.o"[0m
2026-09-12T06:52:42.9060640Z [36;1mboundary_consumer="$GITHUB_WORKSPACE/Toolchain/Fixtures/MacOSX64BoundaryConsumer"[0m
2026-09-12T06:52:42.9061930Z [36;1m"$silex" link "$GITHUB_WORKSPACE/Toolchain/Fixtures/MacOSX64Boundary" \[0m
2026-09-12T06:52:42.9062910Z [36;1m  --workspace "$boundary_consumer" --target macos-x64[0m
2026-09-12T06:52:42.9063850Z [36;1m"$silex" packages resolve "$boundary_consumer"[0m
2026-09-12T06:52:42.9064670Z [36;1m"$silex" compile "$boundary_consumer/Main.sx" \[0m
2026-09-12T06:52:42.9067340Z [36;1m  --release -o "$RUNNER_TEMP/macos-x64-boundary"[0m
2026-09-12T06:52:42.9068680Z [36;1mtest "$("$RUNNER_TEMP/macos-x64-boundary")" = "macos x64 boundary ready"[0m
2026-09-12T06:52:42.9069880Z [36;1m"$silex" test "$GITHUB_WORKSPACE/Tests/Native/NativePortability.sx"[0m
2026-09-12T06:52:42.9070860Z [36;1mscalar_root="$RUNNER_TEMP/scalar-float-fixture"[0m
2026-09-12T06:52:42.9071590Z [36;1mmkdir -p "$scalar_root"[0m
2026-09-12T06:52:42.9072320Z [36;1mprintf '%s\n' '{"sources":"."}' > "$scalar_root/Package.json"[0m
2026-09-12T06:52:42.9073300Z [36;1msnapshot_fixture="$scalar_root/BranchSnapshots.sx"[0m
2026-09-12T06:52:42.9074630Z [36;1mcp "$GITHUB_WORKSPACE/Toolchain/Benchmarks/Optimizer/Regressions/BranchSnapshots.sx" "$snapshot_fixture"[0m
2026-09-12T06:52:42.9075950Z [36;1mfor mode in debug release; do[0m
2026-09-12T06:52:42.9076790Z [36;1m  "$silex" compile "$snapshot_fixture" "--$mode" --nocache \[0m
2026-09-12T06:52:42.9077650Z [36;1m    -o "$RUNNER_TEMP/branch-snapshots-$mode"[0m
2026-09-12T06:52:42.9078540Z [36;1m  snapshot_output=$("$RUNNER_TEMP/branch-snapshots-$mode")[0m
2026-09-12T06:52:42.9079520Z [36;1m  test "$(printf '%s\n' "$snapshot_output" | wc -l)" -eq 8[0m
2026-09-12T06:52:42.9080450Z [36;1m  test "$(printf '%s\n' "$snapshot_output" | grep -c '^true$')" -eq 8[0m
2026-09-12T06:52:42.9099330Z [36;1mdone[0m
2026-09-12T06:52:42.9101190Z [36;1mloop_exit_fixture="$scalar_root/LoopExitResidence.sx"[0m
2026-09-12T06:52:42.9102570Z [36;1mcp "$GITHUB_WORKSPACE/Toolchain/Benchmarks/Optimizer/Regressions/LoopExitResidence.sx" "$loop_exit_fixture"[0m
2026-09-12T06:52:42.9103820Z [36;1mfor mode in debug release; do[0m
2026-09-12T06:52:42.9104570Z [36;1m  "$silex" compile "$loop_exit_fixture" "--$mode" --nocache \[0m
2026-09-12T06:52:42.9105410Z [36;1m    -o "$RUNNER_TEMP/loop-exit-residence-$mode"[0m
2026-09-12T06:52:42.9106270Z [36;1m  loop_exit_output=$("$RUNNER_TEMP/loop-exit-residence-$mode")[0m
2026-09-12T06:52:42.9108220Z [36;1m  test "$(printf '%s\n' "$loop_exit_output" | wc -l)" -eq 5[0m
2026-09-12T06:52:42.9109420Z [36;1m  test "$(printf '%s\n' "$loop_exit_output" | grep -c '^true$')" -eq 5[0m
2026-09-12T06:52:42.9110230Z [36;1mdone[0m
2026-09-12T06:52:42.9110840Z [36;1mfloat_memory_fixture="$scalar_root/FloatMemoryResidence.sx"[0m
2026-09-12T06:52:42.9112290Z [36;1mcp "$GITHUB_WORKSPACE/Toolchain/Benchmarks/Optimizer/Regressions/FloatMemoryResidence.sx" "$float_memory_fixture"[0m
2026-09-12T06:52:42.9113930Z [36;1mfor mode in debug release; do[0m
2026-09-12T06:52:42.9114850Z [36;1m  "$silex" compile "$float_memory_fixture" "--$mode" --nocache \[0m
2026-09-12T06:52:42.9116110Z [36;1m    -o "$RUNNER_TEMP/float-memory-residence-$mode"[0m
2026-09-12T06:52:42.9117060Z [36;1m  float_memory_output=$("$RUNNER_TEMP/float-memory-residence-$mode")[0m
2026-09-12T06:52:42.9118080Z [36;1m  test "$(printf '%s\n' "$float_memory_output" | wc -l)" -eq 22[0m
2026-09-12T06:52:42.9119060Z [36;1m  test "$(printf '%s\n' "$float_memory_output" | grep -c '^true$')" -eq 22[0m
2026-09-12T06:52:42.9120240Z [36;1mdone[0m
2026-09-12T06:52:42.9120880Z [36;1mfloat_operands_fixture="$scalar_root/ScalarFloatOperands.sx"[0m
2026-09-12T06:52:42.9123680Z [36;1mcp "$GITHUB_WORKSPACE/Toolchain/Benchmarks/Optimizer/Regressions/ScalarFloatOperands.sx" "$float_operands_fixture"[0m
2026-09-12T06:52:42.9125340Z [36;1mfor mode in debug release; do[0m
2026-09-12T06:52:42.9126120Z [36;1m  "$silex" compile "$float_operands_fixture" "--$mode" --nocache \[0m
2026-09-12T06:52:42.9127040Z [36;1m    -o "$RUNNER_TEMP/scalar-float-operands-$mode"[0m
2026-09-12T06:52:42.9127980Z [36;1m  float_operands_output=$("$RUNNER_TEMP/scalar-float-operands-$mode")[0m
2026-09-12T06:52:42.9129020Z [36;1m  test "$(printf '%s\n' "$float_operands_output" | wc -l)" -eq 18[0m
2026-09-12T06:52:42.9130030Z [36;1m  test "$(printf '%s\n' "$float_operands_output" | grep -c '^true$')" -eq 18[0m
2026-09-12T06:52:42.9130850Z [36;1mdone[0m
2026-09-12T06:52:42.9131980Z [36;1mprivate_length_fixture="$scalar_root/PrivateCollectionLengths.sx"[0m
2026-09-12T06:52:42.9134660Z [36;1mcp "$GITHUB_WORKSPACE/Toolchain/Benchmarks/Optimizer/Regressions/PrivateCollectionLengths.sx" "$private_length_fixture"[0m
2026-09-12T06:52:42.9136040Z [36;1mfor mode in debug release; do[0m
2026-09-12T06:52:42.9137190Z [36;1m  "$silex" compile "$private_length_fixture" "--$mode" --nocache \[0m
2026-09-12T06:52:42.9138490Z [36;1m    -o "$RUNNER_TEMP/private-collection-lengths-$mode"[0m
2026-09-12T06:52:42.9139490Z [36;1m  private_length_output=$("$RUNNER_TEMP/private-collection-lengths-$mode")[0m
2026-09-12T06:52:42.9140930Z [36;1m  test "$(printf '%s\n' "$private_length_output" | wc -l)" -eq 10[0m
2026-09-12T06:52:42.9141980Z [36;1m  test "$(printf '%s\n' "$private_length_output" | grep -c '^true$')" -eq 10[0m
2026-09-12T06:52:42.9142810Z [36;1mdone[0m
2026-09-12T06:52:42.9143410Z [36;1mclass_leaf_fixture="$scalar_root/ScalarClassLeaves.sx"[0m
2026-09-12T06:52:42.9145660Z [36;1mcp "$GITHUB_WORKSPACE/Toolchain/Benchmarks/Optimizer/Regressions/ScalarClassLeaves.sx" "$class_leaf_fixture"[0m
2026-09-12T06:52:42.9147120Z [36;1mfor mode in debug release; do[0m
2026-09-12T06:52:42.9147980Z [36;1m  "$silex" compile "$class_leaf_fixture" "--$mode" --nocache \[0m
2026-09-12T06:52:42.9148850Z [36;1m    -o "$RUNNER_TEMP/scalar-class-leaves-$mode"[0m
2026-09-12T06:52:42.9149710Z [36;1m  class_leaf_output=$("$RUNNER_TEMP/scalar-class-leaves-$mode")[0m
2026-09-12T06:52:42.9150700Z [36;1m  test "$(printf '%s\n' "$class_leaf_output" | wc -l)" -eq 18[0m
2026-09-12T06:52:42.9151660Z [36;1m  test "$(printf '%s\n' "$class_leaf_output" | grep -c '^true$')" -eq 18[0m
2026-09-12T06:52:42.9152790Z [36;1mdone[0m
2026-09-12T06:52:42.9153410Z [36;1minteger_memory_fixture="$scalar_root/IntegerMemoryRegions.sx"[0m
2026-09-12T06:52:42.9154900Z [36;1mcp "$GITHUB_WORKSPACE/Toolchain/Benchmarks/Optimizer/Regressions/IntegerMemoryRegions.sx" "$integer_memory_fixture"[0m
2026-09-12T06:52:42.9156210Z [36;1mfor mode in debug release; do[0m
2026-09-12T06:52:42.9157450Z [36;1m  "$silex" compile "$integer_memory_fixture" "--$mode" --nocache \[0m
2026-09-12T06:52:42.9159110Z [36;1m    -o "$RUNNER_TEMP/integer-memory-regions-$mode"[0m
2026-09-12T06:52:42.9160400Z [36;1m  integer_memory_output=$("$RUNNER_TEMP/integer-memory-regions-$mode")[0m
2026-09-12T06:52:42.9162110Z [36;1m  test "$(printf '%s\n' "$integer_memory_output" | wc -l)" -eq 18[0m
2026-09-12T06:52:42.9163470Z [36;1m  test "$(printf '%s\n' "$integer_memory_output" | grep -c '^true$')" -eq 18[0m
2026-09-12T06:52:42.9164630Z [36;1mdone[0m
2026-09-12T06:52:42.9165040Z [36;1mrun_distribution() {[0m
2026-09-12T06:52:42.9165560Z [36;1m  executable="$1"[0m
2026-09-12T06:52:42.9166490Z [36;1m  stderr="$RUNNER_TEMP/$(basename "$executable").stderr"[0m
2026-09-12T06:52:42.9167780Z [36;1m  set +e[0m
2026-09-12T06:52:42.9168260Z [36;1m  output=$("$executable" 2>"$stderr")[0m
2026-09-12T06:52:42.9168860Z [36;1m  status=$?[0m
2026-09-12T06:52:42.9169310Z [36;1m  set -e[0m
2026-09-12T06:52:42.9169760Z [36;1m  if [ "$status" -ne 0 ]; then[0m
2026-09-12T06:52:42.9170310Z [36;1m    cat "$stderr"[0m
2026-09-12T06:52:42.9171220Z [36;1m    lldb --batch -o 'run' \[0m
2026-09-12T06:52:42.9171810Z [36;1m      -k 'thread backtrace all' \[0m
2026-09-12T06:52:42.9172410Z [36;1m      -k 'register read' \[0m
2026-09-12T06:52:42.9172970Z [36;1m      -k 'image lookup -a $pc' \[0m
2026-09-12T06:52:42.9173600Z [36;1m      -k 'disassemble -p' \[0m
2026-09-12T06:52:42.9174160Z [36;1m      -- "$executable" || true[0m
2026-09-12T06:52:42.9174730Z [36;1m    return "$status"[0m
2026-09-12T06:52:42.9175570Z [36;1m  fi[0m
2026-09-12T06:52:42.9176070Z [36;1m  test "$output" = "silex distribution ready"[0m
2026-09-12T06:52:42.9176700Z [36;1m}[0m
2026-09-12T06:52:42.9177710Z [36;1mdistribution="$GITHUB_WORKSPACE/Tests/Native/DistributionSmoke.sx"[0m
2026-09-12T06:52:42.9178610Z [36;1m"$silex" compile "$distribution" \[0m
2026-09-12T06:52:42.9179300Z [36;1m  -o "$RUNNER_TEMP/distribution-smoke-debug"[0m
2026-09-12T06:52:42.9180130Z [36;1mrun_distribution "$RUNNER_TEMP/distribution-smoke-debug"[0m
2026-09-12T06:52:42.9180950Z [36;1m"$silex" compile "$distribution" \[0m
2026-09-12T06:52:42.9181700Z [36;1m  --release -o "$RUNNER_TEMP/distribution-smoke-release"[0m
2026-09-12T06:52:42.9182640Z [36;1mrun_distribution "$RUNNER_TEMP/distribution-smoke-release"[0m
2026-09-12T06:52:42.9184410Z [36;1mtest "$("$silex" run "$distribution" --release)" = "silex distribution ready"[0m
2026-09-12T06:52:42.9185560Z [36;1m"$silex" compile "$GITHUB_WORKSPACE/Tests/Native/NativePortability.sx" \[0m
2026-09-12T06:52:42.9186560Z [36;1m  --release -o "$RUNNER_TEMP/native-portability"[0m
2026-09-12T06:52:42.9187430Z [36;1mfile "$RUNNER_TEMP/native-portability" | grep -F 'x86_64'[0m
2026-09-12T06:52:42.9188740Z [36;1mportability_output=$("$RUNNER_TEMP/native-portability")[0m
2026-09-12T06:52:42.9189550Z [36;1mprintf '%s\n' "$portability_output"[0m
2026-09-12T06:52:42.9190500Z [36;1mcycle_drops=$(printf '%s\n' "$portability_output" | grep -c '^native cycle drop$')[0m
2026-09-12T06:52:42.9191840Z [36;1mtest "$cycle_drops" -eq 6[0m
2026-09-12T06:52:42.9266670Z shell: /bin/bash --noprofile --norc -e -o pipefail {0}
2026-09-12T06:52:42.9267430Z ##[endgroup]
2026-09-12T06:59:16.0556430Z silex 0.44.1
2026-09-12T06:59:16.0614000Z macos-x64 (host)
2026-09-12T06:59:17.2572880Z silex: installed Shadercross for macos-x64
2026-09-12T06:59:36.9916950Z silex: installed Native linker for macos-x64
2026-09-12T06:59:37.0152330Z /Users/runner/work/_temp/home/.silex/toolchain/shadercross/3.0.0/macos-x64/bin/shadercross: Mach-O universal binary with 2 architectures: [x86_64:Mach-O 64-bit executable x86_64] [arm64:Mach-O 64-bit executable arm64]
2026-09-12T06:59:37.0157370Z /Users/runner/work/_temp/home/.silex/toolchain/shadercross/3.0.0/macos-x64/bin/shadercross (for architecture x86_64):	Mach-O 64-bit executable x86_64
2026-09-12T06:59:37.3659820Z silex: linked MacOSX64Boundary@1.0.0 to /Users/runner/work/Silex/Silex/Toolchain/Fixtures/MacOSX64Boundary for this workspace
2026-09-12T06:59:37.3720600Z MacOSX64Boundary 1.0.0 workspace-link /Users/runner/work/Silex/Silex/Toolchain/Fixtures/MacOSX64Boundary
2026-09-12T06:59:51.3286420Z ok - dynamic protocol dispatch returns updated structures and shared classes
2026-09-12T06:59:51.4426060Z ok - execute direct indirect and dynamic calls beyond native registers
2026-09-12T06:59:51.5557740Z ok - preserve paired float32 arithmetic on native
2026-09-12T06:59:51.6721310Z ok - mutate a class-owned native list without changing its snapshot
2026-09-12T06:59:51.7846290Z ok - replace class elements in a class-owned native list
2026-09-12T06:59:51.8979850Z ok - preserve embedded byte contents on native
2026-09-12T06:59:52.0203650Z ok - format native floats through the standalone runtime
2026-09-12T06:59:52.1531120Z ok - convert native float precision in both directions
2026-09-12T06:59:52.2754020Z ok - replace and preserve an aliased native list
2026-09-12T06:59:52.3911350Z ok - swap and reverse a native list
2026-09-12T06:59:52.5080760Z ok - grow a native list at every position
2026-09-12T06:59:52.6189520Z ok - remove native list elements from every position
2026-09-12T06:59:52.7347990Z ok - slice view mutate and clear native lists
2026-09-12T06:59:52.8483990Z ok - mutable aggregate view detaches shared native list
2026-09-12T06:59:52.9652630Z copy state drop
2026-09-12T06:59:52.9653550Z copy state drop
2026-09-12T06:59:52.9655830Z ok - deep-copy repeated native class roots without collections
2026-09-12T06:59:53.0853070Z native cycle drop
2026-09-12T06:59:53.0853980Z native cycle drop
2026-09-12T06:59:53.0854740Z ok - finalize a direct native class cycle
2026-09-12T06:59:53.2267690Z native cycle drop
2026-09-12T06:59:53.2268170Z native cycle drop
2026-09-12T06:59:53.2268810Z ok - finalize a native class cycle through lists
2026-09-12T06:59:53.3412060Z native cycle drop
2026-09-12T06:59:53.3413000Z native cycle drop
2026-09-12T06:59:53.3413870Z ok - finalize a native class cycle through protocols
2026-09-12T06:59:53.4655810Z ok - execute the complete native collection mutation slice
2026-09-12T06:59:53.6042650Z copy state drop
2026-09-12T06:59:53.6043900Z copy state drop
2026-09-12T06:59:53.6044550Z ok - execute native ownership and deep-copy runtime
2026-09-12T06:59:53.7898790Z ok - preserve resource aggregates across native list growth
2026-09-12T06:59:53.9136230Z ok - serialize native mutations with mutex
2026-09-12T06:59:54.0318710Z native cycle drop
2026-09-12T06:59:54.0320170Z native cycle drop
2026-09-12T06:59:54.0320780Z native cycle drop
2026-09-12T06:59:54.0321220Z native cycle drop
2026-09-12T06:59:54.0322060Z native cycle drop
2026-09-12T06:59:54.0322920Z native cycle drop
2026-09-12T06:59:54.0324260Z ok - finalize native cycles across direct collection and protocol edges
2026-09-12T06:59:54.0325370Z 23 passed; 0 failed
2026-09-12T06:59:55.8726740Z /Users/runner/work/_temp/native-portability: Mach-O 64-bit executable x86_64
2026-09-12T06:59:55.8800460Z copy state drop
2026-09-12T06:59:55.8805880Z copy state drop
2026-09-12T06:59:55.8807580Z native cycle drop
2026-09-12T06:59:55.8809050Z native cycle drop
2026-09-12T06:59:55.8810440Z native cycle drop
2026-09-12T06:59:55.8811850Z native cycle drop
2026-09-12T06:59:55.8813370Z native cycle drop
2026-09-12T06:59:55.8818040Z native cycle drop
2026-09-12T06:59:55.9152100Z Post job cleanup.
2026-09-12T06:59:56.0871790Z [command]/usr/local/bin/git version
2026-09-12T06:59:56.1426540Z git version 2.55.0
2026-09-12T06:59:56.1474030Z Copying '/Users/runner/.gitconfig' to '/Users/runner/work/_temp/de0067be-5f91-41bc-858b-25b9e3e7f67c/.gitconfig'
2026-09-12T06:59:56.1491310Z Temporarily overriding HOME='/Users/runner/work/_temp/de0067be-5f91-41bc-858b-25b9e3e7f67c' before making global git config changes
2026-09-12T06:59:56.1493520Z Adding repository directory to the temporary git global config as a safe directory
2026-09-12T06:59:56.1499680Z [command]/usr/local/bin/git config --global --add safe.directory /Users/runner/work/Silex/Silex
2026-09-12T06:59:56.1622550Z Removing SSH command configuration
2026-09-12T06:59:56.1632400Z [command]/usr/local/bin/git config --local --name-only --get-regexp core\.sshCommand
2026-09-12T06:59:56.1754120Z [command]/usr/local/bin/git submodule foreach --recursive sh -c "git config --local --name-only --get-regexp 'core\.sshCommand' && git config --local --unset-all 'core.sshCommand' || :"
2026-09-12T06:59:56.3827860Z Removing HTTP extra header
2026-09-12T06:59:56.3836410Z [command]/usr/local/bin/git config --local --name-only --get-regexp http\.https\:\/\/github\.com\/\.extraheader
2026-09-12T06:59:56.3970690Z [command]/usr/local/bin/git submodule foreach --recursive sh -c "git config --local --name-only --get-regexp 'http\.https\:\/\/github\.com\/\.extraheader' && git config --local --unset-all 'http.https://github.com/.extraheader' || :"
2026-09-12T06:59:56.8664600Z Removing includeIf entries pointing to credentials config files
2026-09-12T06:59:57.0787740Z [command]/usr/local/bin/git config --local --name-only --get-regexp ^includeIf\.gitdir:
2026-09-12T06:59:57.0945530Z includeif.gitdir:/Users/runner/work/Silex/Silex/.git.path
2026-09-12T06:59:57.0974170Z includeif.gitdir:/Users/runner/work/Silex/Silex/.git/worktrees/*.path
2026-09-12T06:59:57.0976110Z includeif.gitdir:/github/workspace/.git.path
2026-09-12T06:59:57.0977440Z includeif.gitdir:/github/workspace/.git/worktrees/*.path
2026-09-12T06:59:57.0982600Z [command]/usr/local/bin/git config --local --get-all includeif.gitdir:/Users/runner/work/Silex/Silex/.git.path
2026-09-12T06:59:57.0984800Z /Users/runner/work/_temp/git-credentials-9bb3dfe7-8347-4575-a00a-40ef82d614a7.config
2026-09-12T06:59:57.1027810Z [command]/usr/local/bin/git config --local --unset includeif.gitdir:/Users/runner/work/Silex/Silex/.git.path /Users/runner/work/_temp/git-credentials-9bb3dfe7-8347-4575-a00a-40ef82d614a7.config
2026-09-12T06:59:57.1032740Z [command]/usr/local/bin/git config --local --get-all includeif.gitdir:/Users/runner/work/Silex/Silex/.git/worktrees/*.path
2026-09-12T06:59:57.1034960Z /Users/runner/work/_temp/git-credentials-9bb3dfe7-8347-4575-a00a-40ef82d614a7.config
2026-09-12T06:59:57.1039530Z [command]/usr/local/bin/git config --local --unset includeif.gitdir:/Users/runner/work/Silex/Silex/.git/worktrees/*.path /Users/runner/work/_temp/git-credentials-9bb3dfe7-8347-4575-a00a-40ef82d614a7.config
2026-09-12T06:59:57.1043770Z [command]/usr/local/bin/git config --local --get-all includeif.gitdir:/github/workspace/.git.path
2026-09-12T06:59:57.1045670Z /github/runner_temp/git-credentials-9bb3dfe7-8347-4575-a00a-40ef82d614a7.config
2026-09-12T06:59:57.1049440Z [command]/usr/local/bin/git config --local --unset includeif.gitdir:/github/workspace/.git.path /github/runner_temp/git-credentials-9bb3dfe7-8347-4575-a00a-40ef82d614a7.config
2026-09-12T06:59:57.1053760Z [command]/usr/local/bin/git config --local --get-all includeif.gitdir:/github/workspace/.git/worktrees/*.path
2026-09-12T06:59:57.1055980Z /github/runner_temp/git-credentials-9bb3dfe7-8347-4575-a00a-40ef82d614a7.config
2026-09-12T06:59:57.1059920Z [command]/usr/local/bin/git config --local --unset includeif.gitdir:/github/workspace/.git/worktrees/*.path /github/runner_temp/git-credentials-9bb3dfe7-8347-4575-a00a-40ef82d614a7.config
2026-09-12T06:59:57.1065630Z [command]/usr/local/bin/git submodule foreach --recursive git config --local --show-origin --name-only --get-regexp remote.origin.url
2026-09-12T06:59:57.2984280Z Removing credentials config '/Users/runner/work/_temp/git-credentials-9bb3dfe7-8347-4575-a00a-40ef82d614a7.config'
2026-09-12T06:59:57.3307840Z Cleaning up orphan processes

