2026-09-12T07:24:07.0306210Z Current runner version: '2.337.0'
2026-09-12T07:24:07.0355010Z ##[group]Runner Image Provisioner
2026-09-12T07:24:07.0356150Z Hosted Compute Agent
2026-09-12T07:24:07.0356910Z Version: 20260819.586
2026-09-12T07:24:07.0357750Z Commit: 3cc4a88dfa507ef76119ad1bb3eccc6378bb2b76
2026-09-12T07:24:07.0359150Z Build Date: 2026-08-18T23:20:18Z
2026-09-12T07:24:07.0360090Z Worker ID: {6ac410b2-634e-4ce3-8314-564601e7d565}
2026-09-12T07:24:07.0361380Z Azure Region: westus
2026-09-12T07:24:07.0362160Z ##[endgroup]
2026-09-12T07:24:07.0364710Z ##[group]Operating System
2026-09-12T07:24:07.0365540Z macOS
2026-09-12T07:24:07.0366200Z 15.7.9
2026-09-12T07:24:07.0366840Z 24G830
2026-09-12T07:24:07.0367500Z ##[endgroup]
2026-09-12T07:24:07.0368210Z ##[group]Runner Image
2026-09-12T07:24:07.0369000Z Image: macos-15
2026-09-12T07:24:07.0369730Z Version: 20260824.0482.1
2026-09-12T07:24:07.0371540Z Included Software: https://github.com/actions/runner-images/blob/macos-15/20260824.0482/images/macos/macos-15-Readme.md
2026-09-12T07:24:07.0373890Z Image Release: https://github.com/actions/runner-images/releases/tag/macos-15%2F20260824.0482
2026-09-12T07:24:07.0375380Z ##[endgroup]
2026-09-12T07:24:07.0377130Z ##[group]GITHUB_TOKEN Permissions
2026-09-12T07:24:07.0380410Z Actions: read
2026-09-12T07:24:07.0381170Z Contents: read
2026-09-12T07:24:07.0381890Z Metadata: read
2026-09-12T07:24:07.0382600Z ##[endgroup]
2026-09-12T07:24:07.0385380Z Secret source: Actions
2026-09-12T07:24:07.0386660Z Cache mode: write
2026-09-12T07:24:07.0388530Z Prepare workflow directory
2026-09-12T07:24:07.0951590Z Prepare all required actions
2026-09-12T07:24:07.1066140Z Getting action download info
2026-09-12T07:24:07.5680550Z Download action repository 'actions/checkout@v6' (SHA:d23441a48e516b6c34aea4fa41551a30e30af803)
2026-09-12T07:24:07.8778440Z Download action repository 'actions/download-artifact@v8' (SHA:3e5f45b2cfb9172054b4087a40e8e0b5a5461e7c)
2026-09-12T07:24:08.4151380Z Download action repository 'actions/upload-artifact@v7' (SHA:043fb46d1a93c77aae656e7c1c64a875d1fc6a0a)
2026-09-12T07:24:08.7512510Z Complete job name: optimizer-x64-calibration
2026-09-12T07:24:08.9111860Z ##[group]Run actions/checkout@v6
2026-09-12T07:24:08.9113560Z with:
2026-09-12T07:24:08.9114330Z   repository: Matanek/Silex
2026-09-12T07:24:08.9123090Z   token: ***
2026-09-12T07:24:08.9123970Z   ssh-strict: true
2026-09-12T07:24:08.9124710Z   ssh-user: git
2026-09-12T07:24:08.9125450Z   persist-credentials: true
2026-09-12T07:24:08.9126290Z   clean: true
2026-09-12T07:24:08.9127170Z   sparse-checkout-cone-mode: true
2026-09-12T07:24:08.9128070Z   fetch-depth: 1
2026-09-12T07:24:08.9128800Z   fetch-tags: false
2026-09-12T07:24:08.9129600Z   show-progress: true
2026-09-12T07:24:08.9130380Z   lfs: false
2026-09-12T07:24:08.9131060Z   submodules: false
2026-09-12T07:24:08.9131910Z   set-safe-directory: true
2026-09-12T07:24:08.9132790Z   allow-unsafe-pr-checkout: false
2026-09-12T07:24:08.9135110Z ##[endgroup]
2026-09-12T07:24:09.6812830Z Syncing repository: Matanek/Silex
2026-09-12T07:24:09.6826410Z ##[group]Getting Git version info
2026-09-12T07:24:09.6828860Z Working directory is '/Users/runner/work/Silex/Silex'
2026-09-12T07:24:09.6835930Z [command]/usr/local/bin/git version
2026-09-12T07:24:09.6838510Z git version 2.55.0
2026-09-12T07:24:09.6852520Z ##[endgroup]
2026-09-12T07:24:09.6866310Z Copying '/Users/runner/.gitconfig' to '/Users/runner/work/_temp/58a4530b-ae7d-4b77-9ef9-6579a27452c9/.gitconfig'
2026-09-12T07:24:09.6874430Z Temporarily overriding HOME='/Users/runner/work/_temp/58a4530b-ae7d-4b77-9ef9-6579a27452c9' before making global git config changes
2026-09-12T07:24:09.6878830Z Adding repository directory to the temporary git global config as a safe directory
2026-09-12T07:24:09.6883090Z [command]/usr/local/bin/git config --global --add safe.directory /Users/runner/work/Silex/Silex
2026-09-12T07:24:09.7115880Z Deleting the contents of '/Users/runner/work/Silex/Silex'
2026-09-12T07:24:09.7119750Z ##[group]Determining repository object format
2026-09-12T07:24:09.7124670Z ##[endgroup]
2026-09-12T07:24:09.7130100Z ##[group]Initializing the repository
2026-09-12T07:24:09.7145750Z [command]/usr/local/bin/git init /Users/runner/work/Silex/Silex
2026-09-12T07:24:09.7651820Z hint: Using 'master' as the name for the initial branch. This default branch name
2026-09-12T07:24:09.7655850Z hint: will change to "main" in Git 3.0. To configure the initial branch name
2026-09-12T07:24:09.7659720Z hint: to use in all of your new repositories, which will suppress this warning,
2026-09-12T07:24:09.7666020Z hint: call:
2026-09-12T07:24:09.7670730Z hint:
2026-09-12T07:24:09.7673570Z hint: 	git config --global init.defaultBranch <name>
2026-09-12T07:24:09.7679970Z hint:
2026-09-12T07:24:09.7682990Z hint: Names commonly chosen instead of 'master' are 'main', 'trunk' and
2026-09-12T07:24:09.7688690Z hint: 'development'. The just-created branch can be renamed via this command:
2026-09-12T07:24:09.7692530Z hint:
2026-09-12T07:24:09.7694980Z hint: 	git branch -m <name>
2026-09-12T07:24:09.7697480Z hint:
2026-09-12T07:24:09.7700380Z hint: Disable this message with "git config set advice.defaultBranchName false"
2026-09-12T07:24:09.7709410Z Initialized empty Git repository in /Users/runner/work/Silex/Silex/.git/
2026-09-12T07:24:09.7721010Z [command]/usr/local/bin/git remote add origin https://github.com/Matanek/Silex
2026-09-12T07:24:09.7898790Z ##[endgroup]
2026-09-12T07:24:09.7902100Z ##[group]Disabling automatic garbage collection
2026-09-12T07:24:09.7904800Z [command]/usr/local/bin/git config --local gc.auto 0
2026-09-12T07:24:09.8117680Z ##[endgroup]
2026-09-12T07:24:09.8120550Z ##[group]Setting up auth
2026-09-12T07:24:09.8122980Z Removing SSH command configuration
2026-09-12T07:24:09.8128500Z [command]/usr/local/bin/git config --local --name-only --get-regexp core\.sshCommand
2026-09-12T07:24:09.8323580Z [command]/usr/local/bin/git submodule foreach --recursive sh -c "git config --local --name-only --get-regexp 'core\.sshCommand' && git config --local --unset-all 'core.sshCommand' || :"
2026-09-12T07:24:10.0835810Z Removing HTTP extra header
2026-09-12T07:24:10.0850890Z [command]/usr/local/bin/git config --local --name-only --get-regexp http\.https\:\/\/github\.com\/\.extraheader
2026-09-12T07:24:10.1020860Z [command]/usr/local/bin/git submodule foreach --recursive sh -c "git config --local --name-only --get-regexp 'http\.https\:\/\/github\.com\/\.extraheader' && git config --local --unset-all 'http.https://github.com/.extraheader' || :"
2026-09-12T07:24:10.4365520Z Removing includeIf entries pointing to credentials config files
2026-09-12T07:24:10.4383010Z [command]/usr/local/bin/git config --local --name-only --get-regexp ^includeIf\.gitdir:
2026-09-12T07:24:10.4512770Z [command]/usr/local/bin/git submodule foreach --recursive git config --local --show-origin --name-only --get-regexp remote.origin.url
2026-09-12T07:24:10.8103620Z [command]/usr/local/bin/git config --file /Users/runner/work/_temp/git-credentials-9f8751bf-1a42-4fac-845a-0e1056553f4a.config http.https://github.com/.extraheader AUTHORIZATION: basic ***
2026-09-12T07:24:10.8194970Z [command]/usr/local/bin/git config --local includeIf.gitdir:/Users/runner/work/Silex/Silex/.git.path /Users/runner/work/_temp/git-credentials-9f8751bf-1a42-4fac-845a-0e1056553f4a.config
2026-09-12T07:24:10.8212410Z [command]/usr/local/bin/git config --local includeIf.gitdir:/Users/runner/work/Silex/Silex/.git/worktrees/*.path /Users/runner/work/_temp/git-credentials-9f8751bf-1a42-4fac-845a-0e1056553f4a.config
2026-09-12T07:24:10.8279810Z [command]/usr/local/bin/git config --local includeIf.gitdir:/github/workspace/.git.path /github/runner_temp/git-credentials-9f8751bf-1a42-4fac-845a-0e1056553f4a.config
2026-09-12T07:24:10.8460710Z [command]/usr/local/bin/git config --local includeIf.gitdir:/github/workspace/.git/worktrees/*.path /github/runner_temp/git-credentials-9f8751bf-1a42-4fac-845a-0e1056553f4a.config
2026-09-12T07:24:10.8583990Z ##[endgroup]
2026-09-12T07:24:10.8587420Z ##[group]Fetching the repository
2026-09-12T07:24:10.8603990Z [command]/usr/local/bin/git -c protocol.version=2 fetch --no-tags --prune --no-recurse-submodules --depth=1 origin +b3273cc40505d50b94c3c03a82ef6abb6bbc12be:refs/remotes/origin/spec-silex-optimization-parity-completion
2026-09-12T07:24:13.0875300Z From https://github.com/Matanek/Silex
2026-09-12T07:24:13.0883930Z  * [new ref]         b3273cc40505d50b94c3c03a82ef6abb6bbc12be -> origin/spec-silex-optimization-parity-completion
2026-09-12T07:24:13.0899170Z [command]/usr/local/bin/git branch --list --remote origin/spec-silex-optimization-parity-completion
2026-09-12T07:24:13.1090920Z   origin/spec-silex-optimization-parity-completion
2026-09-12T07:24:13.1104740Z [command]/usr/local/bin/git rev-parse refs/remotes/origin/spec-silex-optimization-parity-completion
2026-09-12T07:24:13.1259210Z b3273cc40505d50b94c3c03a82ef6abb6bbc12be
2026-09-12T07:24:13.1330730Z ##[endgroup]
2026-09-12T07:24:13.1346540Z ##[group]Determining the checkout info
2026-09-12T07:24:13.1370980Z ##[endgroup]
2026-09-12T07:24:13.1375870Z [command]/usr/local/bin/git sparse-checkout disable
2026-09-12T07:24:13.1572650Z [command]/usr/local/bin/git config --local --unset-all extensions.worktreeConfig
2026-09-12T07:24:13.1715860Z ##[group]Checking out the ref
2026-09-12T07:24:13.1718680Z [command]/usr/local/bin/git checkout --progress --force -B spec-silex-optimization-parity-completion refs/remotes/origin/spec-silex-optimization-parity-completion
2026-09-12T07:24:14.3467700Z Updating files:  53% (1440/2716)
2026-09-12T07:24:14.3602360Z Updating files:  54% (1467/2716)
2026-09-12T07:24:14.3870250Z Updating files:  55% (1494/2716)
2026-09-12T07:24:14.5486430Z Updating files:  56% (1521/2716)
2026-09-12T07:24:14.5640720Z Updating files:  57% (1549/2716)
2026-09-12T07:24:14.5958000Z Updating files:  58% (1576/2716)
2026-09-12T07:24:14.6199480Z Updating files:  59% (1603/2716)
2026-09-12T07:24:14.6344790Z Updating files:  60% (1630/2716)
2026-09-12T07:24:14.6596700Z Updating files:  61% (1657/2716)
2026-09-12T07:24:14.6805160Z Updating files:  62% (1684/2716)
2026-09-12T07:24:14.6893490Z Updating files:  63% (1712/2716)
2026-09-12T07:24:14.7012450Z Updating files:  64% (1739/2716)
2026-09-12T07:24:14.7160050Z Updating files:  65% (1766/2716)
2026-09-12T07:24:14.7302440Z Updating files:  66% (1793/2716)
2026-09-12T07:24:14.7605530Z Updating files:  67% (1820/2716)
2026-09-12T07:24:14.7713270Z Updating files:  68% (1847/2716)
2026-09-12T07:24:14.7869470Z Updating files:  69% (1875/2716)
2026-09-12T07:24:14.8050060Z Updating files:  70% (1902/2716)
2026-09-12T07:24:14.8285840Z Updating files:  71% (1929/2716)
2026-09-12T07:24:14.8390090Z Updating files:  72% (1956/2716)
2026-09-12T07:24:14.8499930Z Updating files:  73% (1983/2716)
2026-09-12T07:24:14.8639650Z Updating files:  74% (2010/2716)
2026-09-12T07:24:14.8815090Z Updating files:  75% (2037/2716)
2026-09-12T07:24:14.8992420Z Updating files:  76% (2065/2716)
2026-09-12T07:24:14.9107620Z Updating files:  77% (2092/2716)
2026-09-12T07:24:14.9208970Z Updating files:  78% (2119/2716)
2026-09-12T07:24:14.9360930Z Updating files:  79% (2146/2716)
2026-09-12T07:24:14.9457320Z Updating files:  80% (2173/2716)
2026-09-12T07:24:14.9567760Z Updating files:  81% (2200/2716)
2026-09-12T07:24:14.9798710Z Updating files:  82% (2228/2716)
2026-09-12T07:24:15.0083290Z Updating files:  83% (2255/2716)
2026-09-12T07:24:15.0624490Z Updating files:  84% (2282/2716)
2026-09-12T07:24:15.0725160Z Updating files:  85% (2309/2716)
2026-09-12T07:24:15.0822190Z Updating files:  86% (2336/2716)
2026-09-12T07:24:15.0990590Z Updating files:  87% (2363/2716)
2026-09-12T07:24:15.1086860Z Updating files:  88% (2391/2716)
2026-09-12T07:24:15.1192990Z Updating files:  89% (2418/2716)
2026-09-12T07:24:15.1320100Z Updating files:  90% (2445/2716)
2026-09-12T07:24:15.1427360Z Updating files:  91% (2472/2716)
2026-09-12T07:24:15.1547500Z Updating files:  92% (2499/2716)
2026-09-12T07:24:15.1665700Z Updating files:  93% (2526/2716)
2026-09-12T07:24:15.1816040Z Updating files:  94% (2554/2716)
2026-09-12T07:24:15.1946710Z Updating files:  95% (2581/2716)
2026-09-12T07:24:15.1971900Z Updating files:  96% (2608/2716)
2026-09-12T07:24:15.2055640Z Updating files:  96% (2615/2716)
2026-09-12T07:24:15.2162560Z Updating files:  97% (2635/2716)
2026-09-12T07:24:15.2267970Z Updating files:  98% (2662/2716)
2026-09-12T07:24:15.2379390Z Updating files:  99% (2689/2716)
2026-09-12T07:24:15.2380470Z Updating files: 100% (2716/2716)
2026-09-12T07:24:15.2381300Z Updating files: 100% (2716/2716), done.
2026-09-12T07:24:15.2511600Z Switched to a new branch 'spec-silex-optimization-parity-completion'
2026-09-12T07:24:15.2527240Z branch 'spec-silex-optimization-parity-completion' set up to track 'origin/spec-silex-optimization-parity-completion'.
2026-09-12T07:24:15.2580690Z ##[endgroup]
2026-09-12T07:24:15.2776350Z [command]/usr/local/bin/git log -1 --format=%H
2026-09-12T07:24:15.2913890Z b3273cc40505d50b94c3c03a82ef6abb6bbc12be
2026-09-12T07:24:15.3353800Z ##[group]Run set -euo pipefail
2026-09-12T07:24:15.3354450Z [36;1mset -euo pipefail[0m
2026-09-12T07:24:15.3354910Z [36;1m[[ "$SOURCE_RUN" =~ ^[0-9]+$ ]][0m
2026-09-12T07:24:15.3355530Z [36;1m[[ "$EXPECTED_CANDIDATE" =~ ^[0-9a-f]{40}$ ]][0m
2026-09-12T07:24:15.3356550Z [36;1msource_sha=$(gh api "repos/$GITHUB_REPOSITORY/actions/runs/$SOURCE_RUN" --jq '.head_sha')[0m
2026-09-12T07:24:15.3357570Z [36;1mtest "$source_sha" = "$EXPECTED_CANDIDATE"[0m
2026-09-12T07:24:15.3434400Z shell: /bin/bash --noprofile --norc -e -o pipefail {0}
2026-09-12T07:24:15.3435330Z env:
2026-09-12T07:24:15.3435840Z   SOURCE_RUN: 34679245713
2026-09-12T07:24:15.3436690Z   EXPECTED_CANDIDATE: b3273cc40505d50b94c3c03a82ef6abb6bbc12be
2026-09-12T07:24:15.3446180Z   GH_TOKEN: ***
2026-09-12T07:24:15.3446740Z ##[endgroup]
2026-09-12T07:24:15.9882450Z ##[group]Run actions/download-artifact@v8
2026-09-12T07:24:15.9883450Z with:
2026-09-12T07:24:15.9889690Z   github-token: ***
2026-09-12T07:24:15.9890420Z   repository: Matanek/Silex
2026-09-12T07:24:15.9891170Z   run-id: 34679245713
2026-09-12T07:24:15.9892090Z   name: optimizer-x64-b3273cc40505d50b94c3c03a82ef6abb6bbc12be
2026-09-12T07:24:15.9893360Z   path: calibration-input
2026-09-12T07:24:15.9894230Z   merge-multiple: false
2026-09-12T07:24:15.9894990Z   skip-decompress: false
2026-09-12T07:24:15.9895730Z   digest-mismatch: error
2026-09-12T07:24:15.9896520Z ##[endgroup]
2026-09-12T07:24:16.4653540Z Downloading single artifact
2026-09-12T07:24:16.8036010Z Preparing to download the following artifacts:
2026-09-12T07:24:16.8079920Z - optimizer-x64-b3273cc40505d50b94c3c03a82ef6abb6bbc12be (ID: 10293987969, Size: 69631, Expected Digest: sha256:061c48a5059ca7b520fdbde30d46ac80ae5d6cfd0f6db91966499e760c380266)
2026-09-12T07:24:16.8881690Z Downloading artifact '10293987969' from 'Matanek/Silex'
2026-09-12T07:24:17.0985350Z Redirecting to blob download url: https://productionresultssa0.blob.core.windows.net/actions-results/c740ead4-5ed4-4b89-ab1a-efd5c1d61acf/workflow-job-run-82fdda49-a65d-555c-90d2-2c869ad43cbc/artifacts/53bd53716d229e8c7f8ded4a1a38dbcf37000c5ec8cbe320e8d6af24a7490294.zip
2026-09-12T07:24:17.1151940Z Starting download of artifact to: /Users/runner/work/Silex/Silex/calibration-input
2026-09-12T07:24:17.4035670Z (node:8083) [DEP0005] DeprecationWarning: Buffer() is deprecated due to security and usability issues. Please use the Buffer.alloc(), Buffer.allocUnsafe(), or Buffer.from() methods instead.
2026-09-12T07:24:17.4044610Z (Use `node --trace-deprecation ...` to show where the warning was created)
2026-09-12T07:24:17.5492000Z SHA256 digest of downloaded artifact is 061c48a5059ca7b520fdbde30d46ac80ae5d6cfd0f6db91966499e760c380266
2026-09-12T07:24:17.5559280Z Artifact download completed successfully.
2026-09-12T07:24:17.6139190Z Total of 1 artifact(s) downloaded
2026-09-12T07:24:17.6260950Z Download artifact has finished successfully
2026-09-12T07:24:17.6469670Z ##[group]Run set -euo pipefail
2026-09-12T07:24:17.6470770Z [36;1mset -euo pipefail[0m
2026-09-12T07:24:17.6472330Z [36;1mpython3 Toolchain/Benchmarks/Native/calibrate.py calibration-input calibration-output \[0m
2026-09-12T07:24:17.6475430Z [36;1m  --expected-candidate "$EXPECTED_CANDIDATE" --source-run-id "$SOURCE_RUN" --balanced-batches[0m
2026-09-12T07:24:17.6576830Z shell: /bin/bash --noprofile --norc -e -o pipefail {0}
2026-09-12T07:24:17.6666860Z env:
2026-09-12T07:24:17.6667640Z   SOURCE_RUN: 34679245713
2026-09-12T07:24:17.6669380Z   EXPECTED_CANDIDATE: b3273cc40505d50b94c3c03a82ef6abb6bbc12be
2026-09-12T07:24:17.6671110Z ##[endgroup]
2026-09-12T07:24:38.2683680Z forward {'samples': 21, 'lower_bound_ppm': 1039892, 'median_ppm': 1066786, 'upper_bound_ppm': 1096095, 'confidence_ppm': 960823, 'release_half_shift_ppm': 77241, 'clang_half_shift_ppm': 8161, 'ratio_half_shift_ppm': 61669, 'ratios_ppm': [1121132, 1142297, 1114941, 1096095, 1081911, 1108236, 1134947, 1052881, 1071200, 1074827, 1025952, 1021637, 1066786, 1039892, 1100983, 1035588, 876569, 991585, 1041488, 1048743, 1015534]} []
2026-09-12T07:24:58.1825320Z reverse {'samples': 21, 'lower_bound_ppm': 922095, 'median_ppm': 934285, 'upper_bound_ppm': 960263, 'confidence_ppm': 960823, 'release_half_shift_ppm': 121696, 'clang_half_shift_ppm': 54382, 'ratio_half_shift_ppm': 26751, 'ratios_ppm': [960263, 940443, 817601, 955624, 948866, 853871, 893260, 828751, 925432, 965881, 909676, 923289, 934285, 926393, 922095, 966085, 770119, 968895, 965601, 968043, 993764]} ['release spread exceeds 200000 ppm', 'baseline spread exceeds 200000 ppm', 'release_half_shift_ppm exceeds 100000 ppm']
2026-09-12T07:25:10.9056410Z same_bytes {'samples': 21, 'lower_bound_ppm': 995731, 'median_ppm': 1002895, 'upper_bound_ppm': 1008224, 'confidence_ppm': 960823, 'release_half_shift_ppm': 41641, 'clang_half_shift_ppm': 24906, 'ratio_half_shift_ppm': 138, 'ratios_ppm': [996109, 1021090, 1002973, 1018212, 1004508, 984567, 995731, 998688, 995309, 1034773, 989016, 1003112, 1000291, 1011561, 1008224, 1214120, 1074674, 885760, 1002895, 982622, 907786]} ['release spread exceeds 200000 ppm', 'baseline spread exceeds 200000 ppm']
2026-09-12T07:25:23.3327460Z same_file {'samples': 21, 'lower_bound_ppm': 997500, 'median_ppm': 1002319, 'upper_bound_ppm': 1007937, 'confidence_ppm': 960823, 'release_half_shift_ppm': 19058, 'clang_half_shift_ppm': 17509, 'ratio_half_shift_ppm': 1641, 'ratios_ppm': [1002319, 1009573, 997500, 1006405, 978680, 972242, 1052611, 1010661, 1007815, 996546, 990834, 1016256, 981208, 997709, 990609, 999383, 1009626, 1001108, 1024973, 1007937, 1004753]} []
2026-09-12T07:25:23.3656320Z ##[group]Run actions/upload-artifact@v7
2026-09-12T07:25:23.3657090Z with:
2026-09-12T07:25:23.3657950Z   name: optimizer-x64-calibration-b3273cc40505d50b94c3c03a82ef6abb6bbc12be
2026-09-12T07:25:23.3659010Z   path: calibration-output
2026-09-12T07:25:23.3659670Z   if-no-files-found: error
2026-09-12T07:25:23.3660250Z   retention-days: 14
2026-09-12T07:25:23.3660850Z   compression-level: 6
2026-09-12T07:25:23.3661320Z   overwrite: false
2026-09-12T07:25:23.3661850Z   include-hidden-files: false
2026-09-12T07:25:23.3662470Z   archive: true
2026-09-12T07:25:23.3663090Z ##[endgroup]
2026-09-12T07:25:23.6496630Z With the provided path, there will be 20 files uploaded
2026-09-12T07:25:23.6505000Z Artifact name is valid!
2026-09-12T07:25:23.6505830Z Root directory input is valid!
2026-09-12T07:25:24.0740180Z Uploading artifact: optimizer-x64-calibration-b3273cc40505d50b94c3c03a82ef6abb6bbc12be.zip
2026-09-12T07:25:24.0800460Z Beginning upload of artifact content to blob storage
2026-09-12T07:25:24.6121760Z Uploaded bytes 78429
2026-09-12T07:25:24.6880950Z Finished uploading artifact content to blob storage!
2026-09-12T07:25:24.6888510Z SHA256 digest of uploaded artifact is 2ad2850de88fc82d434537f15b16fdcdfe28cfb3228f8e33376ff42373e1cab6
2026-09-12T07:25:24.6892180Z Finalizing artifact upload
2026-09-12T07:25:25.0912770Z Artifact optimizer-x64-calibration-b3273cc40505d50b94c3c03a82ef6abb6bbc12be successfully finalized. Artifact ID 10293523973
2026-09-12T07:25:25.0916270Z Artifact optimizer-x64-calibration-b3273cc40505d50b94c3c03a82ef6abb6bbc12be has been successfully uploaded! Final size is 78429 bytes. Artifact ID is 10293523973
2026-09-12T07:25:25.0925750Z Artifact download URL: https://github.com/Matanek/Silex/actions/runs/34680629827/artifacts/10293523973
2026-09-12T07:25:25.1344470Z Post job cleanup.
2026-09-12T07:25:25.3351850Z [command]/usr/local/bin/git version
2026-09-12T07:25:25.3497960Z git version 2.55.0
2026-09-12T07:25:25.3561910Z Copying '/Users/runner/.gitconfig' to '/Users/runner/work/_temp/3188fa1b-7c95-4c8c-b570-27b08bd7f99e/.gitconfig'
2026-09-12T07:25:25.3586260Z Temporarily overriding HOME='/Users/runner/work/_temp/3188fa1b-7c95-4c8c-b570-27b08bd7f99e' before making global git config changes
2026-09-12T07:25:25.3588900Z Adding repository directory to the temporary git global config as a safe directory
2026-09-12T07:25:25.3594290Z [command]/usr/local/bin/git config --global --add safe.directory /Users/runner/work/Silex/Silex
2026-09-12T07:25:25.3742580Z Removing SSH command configuration
2026-09-12T07:25:25.3760430Z [command]/usr/local/bin/git config --local --name-only --get-regexp core\.sshCommand
2026-09-12T07:25:25.3967680Z [command]/usr/local/bin/git submodule foreach --recursive sh -c "git config --local --name-only --get-regexp 'core\.sshCommand' && git config --local --unset-all 'core.sshCommand' || :"
2026-09-12T07:25:25.5822260Z Removing HTTP extra header
2026-09-12T07:25:25.5826850Z [command]/usr/local/bin/git config --local --name-only --get-regexp http\.https\:\/\/github\.com\/\.extraheader
2026-09-12T07:25:25.5972690Z [command]/usr/local/bin/git submodule foreach --recursive sh -c "git config --local --name-only --get-regexp 'http\.https\:\/\/github\.com\/\.extraheader' && git config --local --unset-all 'http.https://github.com/.extraheader' || :"
2026-09-12T07:25:25.7959950Z Removing includeIf entries pointing to credentials config files
2026-09-12T07:25:25.7969870Z [command]/usr/local/bin/git config --local --name-only --get-regexp ^includeIf\.gitdir:
2026-09-12T07:25:25.8083440Z includeif.gitdir:/Users/runner/work/Silex/Silex/.git.path
2026-09-12T07:25:25.8085070Z includeif.gitdir:/Users/runner/work/Silex/Silex/.git/worktrees/*.path
2026-09-12T07:25:25.8086500Z includeif.gitdir:/github/workspace/.git.path
2026-09-12T07:25:25.8090760Z includeif.gitdir:/github/workspace/.git/worktrees/*.path
2026-09-12T07:25:25.8099190Z [command]/usr/local/bin/git config --local --get-all includeif.gitdir:/Users/runner/work/Silex/Silex/.git.path
2026-09-12T07:25:25.8233740Z /Users/runner/work/_temp/git-credentials-9f8751bf-1a42-4fac-845a-0e1056553f4a.config
2026-09-12T07:25:25.8253970Z [command]/usr/local/bin/git config --local --unset includeif.gitdir:/Users/runner/work/Silex/Silex/.git.path /Users/runner/work/_temp/git-credentials-9f8751bf-1a42-4fac-845a-0e1056553f4a.config
2026-09-12T07:25:25.8405110Z [command]/usr/local/bin/git config --local --get-all includeif.gitdir:/Users/runner/work/Silex/Silex/.git/worktrees/*.path
2026-09-12T07:25:25.8774790Z /Users/runner/work/_temp/git-credentials-9f8751bf-1a42-4fac-845a-0e1056553f4a.config
2026-09-12T07:25:25.8788450Z [command]/usr/local/bin/git config --local --unset includeif.gitdir:/Users/runner/work/Silex/Silex/.git/worktrees/*.path /Users/runner/work/_temp/git-credentials-9f8751bf-1a42-4fac-845a-0e1056553f4a.config
2026-09-12T07:25:25.8800940Z [command]/usr/local/bin/git config --local --get-all includeif.gitdir:/github/workspace/.git.path
2026-09-12T07:25:25.8932410Z /github/runner_temp/git-credentials-9f8751bf-1a42-4fac-845a-0e1056553f4a.config
2026-09-12T07:25:25.8939180Z [command]/usr/local/bin/git config --local --unset includeif.gitdir:/github/workspace/.git.path /github/runner_temp/git-credentials-9f8751bf-1a42-4fac-845a-0e1056553f4a.config
2026-09-12T07:25:25.9085580Z [command]/usr/local/bin/git config --local --get-all includeif.gitdir:/github/workspace/.git/worktrees/*.path
2026-09-12T07:25:25.9216370Z /github/runner_temp/git-credentials-9f8751bf-1a42-4fac-845a-0e1056553f4a.config
2026-09-12T07:25:25.9231820Z [command]/usr/local/bin/git config --local --unset includeif.gitdir:/github/workspace/.git/worktrees/*.path /github/runner_temp/git-credentials-9f8751bf-1a42-4fac-845a-0e1056553f4a.config
2026-09-12T07:25:25.9379140Z [command]/usr/local/bin/git submodule foreach --recursive git config --local --show-origin --name-only --get-regexp remote.origin.url
2026-09-12T07:25:26.1140290Z Removing credentials config '/Users/runner/work/_temp/git-credentials-9f8751bf-1a42-4fac-845a-0e1056553f4a.config'
2026-09-12T07:25:26.1383710Z Cleaning up orphan processes

