[
  {
    "target": "macos-arm64",
    "measurements": {
      "before": {
        "elapsed_ns": 3840542,
        "cpu_seconds": 0.002764,
        "max_rss_bytes": 5554176,
        "binary_bytes": 32952
      },
      "after": {
        "elapsed_ns": 3615416,
        "cpu_seconds": 0.002609,
        "max_rss_bytes": 5668864,
        "binary_bytes": 32952
      }
    }
  },
  {
    "target": "macos-x64",
    "measurements": {
      "before": {
        "elapsed_ns": 3420334,
        "cpu_seconds": 0.002547,
        "max_rss_bytes": 5668864,
        "binary_bytes": 28856
      },
      "after": {
        "elapsed_ns": 3433291,
        "cpu_seconds": 0.002556,
        "max_rss_bytes": 5718016,
        "binary_bytes": 28856
      }
    }
  }
]
