2026-09-11T22:49:24.1345670Z Current runner version: '2.337.0'
2026-09-11T22:49:24.1392350Z ##[group]Runner Image Provisioner
2026-09-11T22:49:24.1393720Z Hosted Compute Agent
2026-09-11T22:49:24.1394690Z Version: 20260819.586
2026-09-11T22:49:24.1395570Z Commit: 3cc4a88dfa507ef76119ad1bb3eccc6378bb2b76
2026-09-11T22:49:24.1396740Z Build Date: 2026-08-18T23:20:18Z
2026-09-11T22:49:24.1397750Z Worker ID: {59c4d7f3-7d25-4c3d-b8d1-076edabaafa0}
2026-09-11T22:49:24.1398760Z Azure Region: westus
2026-09-11T22:49:24.1399490Z ##[endgroup]
2026-09-11T22:49:24.1402280Z ##[group]Operating System
2026-09-11T22:49:24.1403080Z macOS
2026-09-11T22:49:24.1403830Z 15.7.9
2026-09-11T22:49:24.1404480Z 24G830
2026-09-11T22:49:24.1405120Z ##[endgroup]
2026-09-11T22:49:24.1405870Z ##[group]Runner Image
2026-09-11T22:49:24.1406650Z Image: macos-15
2026-09-11T22:49:24.1407420Z Version: 20260824.0482.1
2026-09-11T22:49:24.1410000Z Included Software: https://github.com/actions/runner-images/blob/macos-15/20260824.0482/images/macos/macos-15-Readme.md
2026-09-11T22:49:24.1413510Z Image Release: https://github.com/actions/runner-images/releases/tag/macos-15%2F20260824.0482
2026-09-11T22:49:24.1415700Z ##[endgroup]
2026-09-11T22:49:24.1417920Z ##[group]GITHUB_TOKEN Permissions
2026-09-11T22:49:24.1422290Z Contents: read
2026-09-11T22:49:24.1423410Z Metadata: read
2026-09-11T22:49:24.1424410Z ##[endgroup]
2026-09-11T22:49:24.1428670Z Secret source: Actions
2026-09-11T22:49:24.1430010Z Cache mode: write
2026-09-11T22:49:24.1431010Z Prepare workflow directory
2026-09-11T22:49:24.2251070Z Prepare all required actions
2026-09-11T22:49:24.2356980Z Getting action download info
2026-09-11T22:49:24.7463030Z Download action repository 'actions/checkout@v6' (SHA:d23441a48e516b6c34aea4fa41551a30e30af803)
2026-09-11T22:49:25.0199340Z Download action repository 'actions/upload-artifact@v7' (SHA:043fb46d1a93c77aae656e7c1c64a875d1fc6a0a)
2026-09-11T22:49:25.4202370Z Complete job name: optimizer-x64
2026-09-11T22:49:25.5330290Z ##[group]Run actions/checkout@v6
2026-09-11T22:49:25.5332020Z with:
2026-09-11T22:49:25.5332810Z   repository: Matanek/Silex
2026-09-11T22:49:25.5339840Z   token: ***
2026-09-11T22:49:25.5340600Z   ssh-strict: true
2026-09-11T22:49:25.5341380Z   ssh-user: git
2026-09-11T22:49:25.5342180Z   persist-credentials: true
2026-09-11T22:49:25.5343070Z   clean: true
2026-09-11T22:49:25.5343870Z   sparse-checkout-cone-mode: true
2026-09-11T22:49:25.5345180Z   fetch-depth: 1
2026-09-11T22:49:25.5346010Z   fetch-tags: false
2026-09-11T22:49:25.5346830Z   show-progress: true
2026-09-11T22:49:25.5347650Z   lfs: false
2026-09-11T22:49:25.5348420Z   submodules: false
2026-09-11T22:49:25.5349240Z   set-safe-directory: true
2026-09-11T22:49:25.5350160Z   allow-unsafe-pr-checkout: false
2026-09-11T22:49:25.5351640Z ##[endgroup]
2026-09-11T22:49:25.9030390Z Syncing repository: Matanek/Silex
2026-09-11T22:49:25.9034190Z ##[group]Getting Git version info
2026-09-11T22:49:25.9036090Z Working directory is '/Users/runner/work/Silex/Silex'
2026-09-11T22:49:25.9038680Z [command]/usr/local/bin/git version
2026-09-11T22:49:26.0526360Z git version 2.55.0
2026-09-11T22:49:26.0751520Z ##[endgroup]
2026-09-11T22:49:26.0762500Z Copying '/Users/runner/.gitconfig' to '/Users/runner/work/_temp/c5b436df-940b-4382-a22f-dc8eed6a25a6/.gitconfig'
2026-09-11T22:49:26.0768660Z Temporarily overriding HOME='/Users/runner/work/_temp/c5b436df-940b-4382-a22f-dc8eed6a25a6' before making global git config changes
2026-09-11T22:49:26.0773780Z Adding repository directory to the temporary git global config as a safe directory
2026-09-11T22:49:26.0778290Z [command]/usr/local/bin/git config --global --add safe.directory /Users/runner/work/Silex/Silex
2026-09-11T22:49:26.2371010Z Deleting the contents of '/Users/runner/work/Silex/Silex'
2026-09-11T22:49:26.3041470Z ##[group]Determining repository object format
2026-09-11T22:49:26.3048840Z ##[endgroup]
2026-09-11T22:49:26.3056770Z ##[group]Initializing the repository
2026-09-11T22:49:26.3064600Z [command]/usr/local/bin/git init /Users/runner/work/Silex/Silex
2026-09-11T22:49:26.3082800Z hint: Using 'master' as the name for the initial branch. This default branch name
2026-09-11T22:49:26.3089940Z hint: will change to "main" in Git 3.0. To configure the initial branch name
2026-09-11T22:49:26.3104020Z hint: to use in all of your new repositories, which will suppress this warning,
2026-09-11T22:49:26.4193880Z hint: call:
2026-09-11T22:49:26.5205210Z hint:
2026-09-11T22:49:26.6211310Z hint: 	git config --global init.defaultBranch <name>
2026-09-11T22:49:26.7218570Z hint:
2026-09-11T22:49:26.8298160Z hint: Names commonly chosen instead of 'master' are 'main', 'trunk' and
2026-09-11T22:49:26.9504260Z hint: 'development'. The just-created branch can be renamed via this command:
2026-09-11T22:49:26.9748660Z hint:
2026-09-11T22:49:26.9828190Z hint: 	git branch -m <name>
2026-09-11T22:49:27.0242620Z hint:
2026-09-11T22:49:27.0258430Z hint: Disable this message with "git config set advice.defaultBranchName false"
2026-09-11T22:49:27.0523280Z Initialized empty Git repository in /Users/runner/work/Silex/Silex/.git/
2026-09-11T22:49:27.0547550Z [command]/usr/local/bin/git remote add origin https://github.com/Matanek/Silex
2026-09-11T22:49:27.0570630Z ##[endgroup]
2026-09-11T22:49:27.0580490Z ##[group]Disabling automatic garbage collection
2026-09-11T22:49:27.0592150Z [command]/usr/local/bin/git config --local gc.auto 0
2026-09-11T22:49:27.0823060Z ##[endgroup]
2026-09-11T22:49:27.0840740Z ##[group]Setting up auth
2026-09-11T22:49:27.0929440Z Removing SSH command configuration
2026-09-11T22:49:27.1061320Z [command]/usr/local/bin/git config --local --name-only --get-regexp core\.sshCommand
2026-09-11T22:49:27.1285920Z [command]/usr/local/bin/git submodule foreach --recursive sh -c "git config --local --name-only --get-regexp 'core\.sshCommand' && git config --local --unset-all 'core.sshCommand' || :"
2026-09-11T22:49:27.1296120Z Removing HTTP extra header
2026-09-11T22:49:27.1302540Z [command]/usr/local/bin/git config --local --name-only --get-regexp http\.https\:\/\/github\.com\/\.extraheader
2026-09-11T22:49:27.1315900Z [command]/usr/local/bin/git submodule foreach --recursive sh -c "git config --local --name-only --get-regexp 'http\.https\:\/\/github\.com\/\.extraheader' && git config --local --unset-all 'http.https://github.com/.extraheader' || :"
2026-09-11T22:49:27.1331760Z Removing includeIf entries pointing to credentials config files
2026-09-11T22:49:27.1336390Z [command]/usr/local/bin/git config --local --name-only --get-regexp ^includeIf\.gitdir:
2026-09-11T22:49:27.1353970Z [command]/usr/local/bin/git submodule foreach --recursive git config --local --show-origin --name-only --get-regexp remote.origin.url
2026-09-11T22:49:27.1422480Z [command]/usr/local/bin/git config --file /Users/runner/work/_temp/git-credentials-0c245fcc-5de0-4eff-8f22-106df6cdea72.config http.https://github.com/.extraheader AUTHORIZATION: basic ***
2026-09-11T22:49:27.1546700Z [command]/usr/local/bin/git config --local includeIf.gitdir:/Users/runner/work/Silex/Silex/.git.path /Users/runner/work/_temp/git-credentials-0c245fcc-5de0-4eff-8f22-106df6cdea72.config
2026-09-11T22:49:27.1682860Z [command]/usr/local/bin/git config --local includeIf.gitdir:/Users/runner/work/Silex/Silex/.git/worktrees/*.path /Users/runner/work/_temp/git-credentials-0c245fcc-5de0-4eff-8f22-106df6cdea72.config
2026-09-11T22:49:27.1798200Z [command]/usr/local/bin/git config --local includeIf.gitdir:/github/workspace/.git.path /github/runner_temp/git-credentials-0c245fcc-5de0-4eff-8f22-106df6cdea72.config
2026-09-11T22:49:27.1923170Z [command]/usr/local/bin/git config --local includeIf.gitdir:/github/workspace/.git/worktrees/*.path /github/runner_temp/git-credentials-0c245fcc-5de0-4eff-8f22-106df6cdea72.config
2026-09-11T22:49:27.2052790Z ##[endgroup]
2026-09-11T22:49:27.2059120Z ##[group]Fetching the repository
2026-09-11T22:49:27.2093970Z [command]/usr/local/bin/git -c protocol.version=2 fetch --no-tags --prune --no-recurse-submodules --depth=1 origin +737fc8c9f9525cf1f7fe3f13af945eb88e63a58b:refs/remotes/origin/spec-silex-optimization-parity-completion
2026-09-11T22:49:28.6801910Z From https://github.com/Matanek/Silex
2026-09-11T22:49:28.6859910Z  * [new ref]         737fc8c9f9525cf1f7fe3f13af945eb88e63a58b -> origin/spec-silex-optimization-parity-completion
2026-09-11T22:49:28.6946820Z [command]/usr/local/bin/git branch --list --remote origin/spec-silex-optimization-parity-completion
2026-09-11T22:49:28.6971300Z   origin/spec-silex-optimization-parity-completion
2026-09-11T22:49:28.7080230Z [command]/usr/local/bin/git rev-parse refs/remotes/origin/spec-silex-optimization-parity-completion
2026-09-11T22:49:28.7108920Z 737fc8c9f9525cf1f7fe3f13af945eb88e63a58b
2026-09-11T22:49:28.7211660Z ##[endgroup]
2026-09-11T22:49:28.7223790Z ##[group]Determining the checkout info
2026-09-11T22:49:28.7263500Z ##[endgroup]
2026-09-11T22:49:28.7306880Z [command]/usr/local/bin/git sparse-checkout disable
2026-09-11T22:49:28.7415420Z [command]/usr/local/bin/git config --local --unset-all extensions.worktreeConfig
2026-09-11T22:49:28.7513160Z ##[group]Checking out the ref
2026-09-11T22:49:28.7543040Z [command]/usr/local/bin/git checkout --progress --force -B spec-silex-optimization-parity-completion refs/remotes/origin/spec-silex-optimization-parity-completion
2026-09-11T22:49:29.6010550Z Switched to a new branch 'spec-silex-optimization-parity-completion'
2026-09-11T22:49:29.6342410Z branch 'spec-silex-optimization-parity-completion' set up to track 'origin/spec-silex-optimization-parity-completion'.
2026-09-11T22:49:29.6499610Z ##[endgroup]
2026-09-11T22:49:29.6519620Z [command]/usr/local/bin/git log -1 --format=%H
2026-09-11T22:49:29.6528220Z 737fc8c9f9525cf1f7fe3f13af945eb88e63a58b
2026-09-11T22:49:29.6943650Z ##[group]Run actions/checkout@v6
2026-09-11T22:49:29.6944250Z with:
2026-09-11T22:49:29.6944640Z   repository: Matanek/Silex-Lib-STD
2026-09-11T22:49:29.6945240Z   ref: 80aabd9a2de919af52dc0b8bf2d0f9de50aa75c5
2026-09-11T22:49:29.6945850Z   path: Dependencies/STD
2026-09-11T22:49:29.6950750Z   token: ***
2026-09-11T22:49:29.6951150Z   ssh-strict: true
2026-09-11T22:49:29.6951580Z   ssh-user: git
2026-09-11T22:49:29.6951990Z   persist-credentials: true
2026-09-11T22:49:29.6952470Z   clean: true
2026-09-11T22:49:29.6952880Z   sparse-checkout-cone-mode: true
2026-09-11T22:49:29.6953430Z   fetch-depth: 1
2026-09-11T22:49:29.6953860Z   fetch-tags: false
2026-09-11T22:49:29.6954270Z   show-progress: true
2026-09-11T22:49:29.6954680Z   lfs: false
2026-09-11T22:49:29.6955050Z   submodules: false
2026-09-11T22:49:29.6955490Z   set-safe-directory: true
2026-09-11T22:49:29.6955980Z   allow-unsafe-pr-checkout: false
2026-09-11T22:49:29.6956490Z ##[endgroup]
2026-09-11T22:49:29.9330700Z Syncing repository: Matanek/Silex-Lib-STD
2026-09-11T22:49:29.9370770Z ##[group]Getting Git version info
2026-09-11T22:49:29.9401210Z Working directory is '/Users/runner/work/Silex/Silex/Dependencies/STD'
2026-09-11T22:49:29.9426300Z [command]/usr/local/bin/git version
2026-09-11T22:49:29.9428290Z git version 2.55.0
2026-09-11T22:49:29.9545150Z ##[endgroup]
2026-09-11T22:49:29.9605590Z Copying '/Users/runner/.gitconfig' to '/Users/runner/work/_temp/37dcae07-4243-436c-80dd-41af2a8e4bc2/.gitconfig'
2026-09-11T22:49:29.9788570Z Temporarily overriding HOME='/Users/runner/work/_temp/37dcae07-4243-436c-80dd-41af2a8e4bc2' before making global git config changes
2026-09-11T22:49:29.9798620Z Adding repository directory to the temporary git global config as a safe directory
2026-09-11T22:49:29.9808160Z [command]/usr/local/bin/git config --global --add safe.directory /Users/runner/work/Silex/Silex/Dependencies/STD
2026-09-11T22:49:29.9815330Z ##[group]Determining repository object format
2026-09-11T22:49:29.9816380Z ##[endgroup]
2026-09-11T22:49:29.9818000Z ##[group]Initializing the repository
2026-09-11T22:49:29.9823040Z [command]/usr/local/bin/git init /Users/runner/work/Silex/Silex/Dependencies/STD
2026-09-11T22:49:29.9968340Z hint: Using 'master' as the name for the initial branch. This default branch name
2026-09-11T22:49:30.0063340Z hint: will change to "main" in Git 3.0. To configure the initial branch name
2026-09-11T22:49:30.0108980Z hint: to use in all of your new repositories, which will suppress this warning,
2026-09-11T22:49:30.0118490Z hint: call:
2026-09-11T22:49:30.0123340Z hint:
2026-09-11T22:49:30.0252400Z hint: 	git config --global init.defaultBranch <name>
2026-09-11T22:49:30.0321370Z hint:
2026-09-11T22:49:30.0335260Z hint: Names commonly chosen instead of 'master' are 'main', 'trunk' and
2026-09-11T22:49:30.0358690Z hint: 'development'. The just-created branch can be renamed via this command:
2026-09-11T22:49:30.0386610Z hint:
2026-09-11T22:49:30.0476650Z hint: 	git branch -m <name>
2026-09-11T22:49:30.0508690Z hint:
2026-09-11T22:49:30.0539620Z hint: Disable this message with "git config set advice.defaultBranchName false"
2026-09-11T22:49:30.0570050Z Initialized empty Git repository in /Users/runner/work/Silex/Silex/Dependencies/STD/.git/
2026-09-11T22:49:30.0680160Z [command]/usr/local/bin/git remote add origin https://github.com/Matanek/Silex-Lib-STD
2026-09-11T22:49:30.0728000Z ##[endgroup]
2026-09-11T22:49:30.0750700Z ##[group]Disabling automatic garbage collection
2026-09-11T22:49:30.0781510Z [command]/usr/local/bin/git config --local gc.auto 0
2026-09-11T22:49:30.0875790Z ##[endgroup]
2026-09-11T22:49:30.0885570Z ##[group]Setting up auth
2026-09-11T22:49:30.1085280Z Removing SSH command configuration
2026-09-11T22:49:30.1171420Z [command]/usr/local/bin/git config --local --name-only --get-regexp core\.sshCommand
2026-09-11T22:49:30.1248250Z [command]/usr/local/bin/git submodule foreach --recursive sh -c "git config --local --name-only --get-regexp 'core\.sshCommand' && git config --local --unset-all 'core.sshCommand' || :"
2026-09-11T22:49:30.1582920Z Removing HTTP extra header
2026-09-11T22:49:30.1604160Z [command]/usr/local/bin/git config --local --name-only --get-regexp http\.https\:\/\/github\.com\/\.extraheader
2026-09-11T22:49:30.1666230Z [command]/usr/local/bin/git submodule foreach --recursive sh -c "git config --local --name-only --get-regexp 'http\.https\:\/\/github\.com\/\.extraheader' && git config --local --unset-all 'http.https://github.com/.extraheader' || :"
2026-09-11T22:49:30.3603100Z Removing includeIf entries pointing to credentials config files
2026-09-11T22:49:30.3614840Z [command]/usr/local/bin/git config --local --name-only --get-regexp ^includeIf\.gitdir:
2026-09-11T22:49:30.3695990Z [command]/usr/local/bin/git submodule foreach --recursive git config --local --show-origin --name-only --get-regexp remote.origin.url
2026-09-11T22:49:30.5166900Z [command]/usr/local/bin/git config --file /Users/runner/work/_temp/git-credentials-d91f3885-af5f-45d0-9df8-fcf690966a69.config http.https://github.com/.extraheader AUTHORIZATION: basic ***
2026-09-11T22:49:30.5306060Z [command]/usr/local/bin/git config --local includeIf.gitdir:/Users/runner/work/Silex/Silex/Dependencies/STD/.git.path /Users/runner/work/_temp/git-credentials-d91f3885-af5f-45d0-9df8-fcf690966a69.config
2026-09-11T22:49:30.5394410Z [command]/usr/local/bin/git config --local includeIf.gitdir:/Users/runner/work/Silex/Silex/Dependencies/STD/.git/worktrees/*.path /Users/runner/work/_temp/git-credentials-d91f3885-af5f-45d0-9df8-fcf690966a69.config
2026-09-11T22:49:30.5536550Z [command]/usr/local/bin/git config --local includeIf.gitdir:/github/workspace/Dependencies/STD/.git.path /github/runner_temp/git-credentials-d91f3885-af5f-45d0-9df8-fcf690966a69.config
2026-09-11T22:49:30.5693460Z [command]/usr/local/bin/git config --local includeIf.gitdir:/github/workspace/Dependencies/STD/.git/worktrees/*.path /github/runner_temp/git-credentials-d91f3885-af5f-45d0-9df8-fcf690966a69.config
2026-09-11T22:49:30.5815570Z ##[endgroup]
2026-09-11T22:49:30.5840640Z ##[group]Fetching the repository
2026-09-11T22:49:30.5850090Z [command]/usr/local/bin/git -c protocol.version=2 fetch --no-tags --prune --no-recurse-submodules --depth=1 origin 80aabd9a2de919af52dc0b8bf2d0f9de50aa75c5
2026-09-11T22:49:31.1768050Z From https://github.com/Matanek/Silex-Lib-STD
2026-09-11T22:49:31.1771010Z  * branch            80aabd9a2de919af52dc0b8bf2d0f9de50aa75c5 -> FETCH_HEAD
2026-09-11T22:49:31.1835510Z [command]/usr/local/bin/git rev-parse --verify --quiet 80aabd9a2de919af52dc0b8bf2d0f9de50aa75c5^{object}
2026-09-11T22:49:31.1927340Z 80aabd9a2de919af52dc0b8bf2d0f9de50aa75c5
2026-09-11T22:49:31.2008610Z ##[endgroup]
2026-09-11T22:49:31.2025470Z ##[group]Determining the checkout info
2026-09-11T22:49:31.2052790Z ##[endgroup]
2026-09-11T22:49:31.2074030Z [command]/usr/local/bin/git sparse-checkout disable
2026-09-11T22:49:31.2145120Z [command]/usr/local/bin/git config --local --unset-all extensions.worktreeConfig
2026-09-11T22:49:31.3753230Z ##[group]Checking out the ref
2026-09-11T22:49:31.3875220Z [command]/usr/local/bin/git checkout --progress --force 80aabd9a2de919af52dc0b8bf2d0f9de50aa75c5
2026-09-11T22:49:31.3912720Z HEAD is now at 80aabd9 Pin Silex 0.44 in portability CI
2026-09-11T22:49:31.3953760Z ##[endgroup]
2026-09-11T22:49:31.3968610Z [command]/usr/local/bin/git log -1 --format=%H
2026-09-11T22:49:31.3970390Z 80aabd9a2de919af52dc0b8bf2d0f9de50aa75c5
2026-09-11T22:49:31.4081550Z ##[group]Run set -euo pipefail
2026-09-11T22:49:31.4082320Z [36;1mset -euo pipefail[0m
2026-09-11T22:49:31.4082920Z [36;1marchive="$RUNNER_TEMP/zig.tar.xz"[0m
2026-09-11T22:49:31.4084010Z [36;1mcurl -fL https://ziglang.org/download/0.16.0/zig-x86_64-macos-0.16.0.tar.xz -o "$archive"[0m
2026-09-11T22:49:31.4085680Z [36;1mecho "0387557ed1877bc6a2e1802c8391953baddba76081876301c522f52977b52ba7  $archive" | shasum -a 256 -c -[0m
2026-09-11T22:49:31.4086980Z [36;1mtar -xJf "$archive" -C "$RUNNER_TEMP"[0m
2026-09-11T22:49:31.4087850Z [36;1mecho "$RUNNER_TEMP/zig-x86_64-macos-0.16.0" >> "$GITHUB_PATH"[0m
2026-09-11T22:49:31.4170600Z shell: /bin/bash --noprofile --norc -e -o pipefail {0}
2026-09-11T22:49:31.4171330Z ##[endgroup]
2026-09-11T22:49:31.8406080Z   % Total    % Received % Xferd  Average Speed  Time    Time    Time   Current
2026-09-11T22:49:31.8410020Z                                  Dload  Upload  Total   Spent   Left   Speed
2026-09-11T22:49:31.8977170Z 
2026-09-11T22:49:32.8729900Z   0      0   0      0   0      0      0      0                              0
2026-09-11T22:49:33.8716180Z   0 54.73M   0 431.7k   0      0 308.9k      0   03:01   00:01   03:00 418.5k
2026-09-11T22:49:34.8759570Z  12 54.73M  12  7.04M   0      0  2.93M      0   00:18   00:02   00:16  3.46M
2026-09-11T22:49:35.8750670Z  34 54.73M  34 18.90M   0      0  5.56M      0   00:09   00:03   00:06  6.23M
2026-09-11T22:49:36.8793850Z  51 54.73M  51 28.42M   0      0  6.46M      0   00:08   00:04   00:04  7.04M
2026-09-11T22:49:37.9047690Z  64 54.73M  64 35.35M   0      0  6.54M      0   00:08   00:05   00:03  7.02M
2026-09-11T22:49:38.8757410Z  77 54.73M  77 42.54M   0      0  6.64M      0   00:08   00:06   00:02  8.42M
2026-09-11T22:49:39.8748870Z  89 54.73M  89 48.93M   0      0  6.61M      0   00:08   00:07   00:01  8.37M
2026-09-11T22:49:39.9812340Z  99 54.73M  99 54.21M   0      0  6.45M      0   00:08   00:08          7.06M
2026-09-11T22:49:39.9815770Z 100 54.73M 100 54.73M   0      0  6.43M      0   00:08   00:08          7.06M
2026-09-11T22:49:39.9822190Z 100 54.73M 100 54.73M   0      0  6.43M      0   00:08   00:08          7.06M
2026-09-11T22:49:39.9824880Z 100 54.73M 100 54.73M   0      0  6.43M      0   00:08   00:08          7.06M
2026-09-11T22:49:40.3186550Z /Users/runner/work/_temp/zig.tar.xz: OK
2026-09-11T22:49:56.2403450Z ##[group]Run set -euo pipefail
2026-09-11T22:49:56.2404170Z [36;1mset -euo pipefail[0m
2026-09-11T22:49:56.2404690Z [36;1mtest "$(uname -m)" = "x86_64"[0m
2026-09-11T22:49:56.2405380Z [36;1mmkdir -p .zig-cache/optimizer-x64[0m
2026-09-11T22:49:56.2405950Z [36;1m{[0m
2026-09-11T22:49:56.2406510Z [36;1m  echo "commit=$(git -C .. rev-parse HEAD)"[0m
2026-09-11T22:49:56.2407390Z [36;1m  echo "bootstrap=-Doptimize=ReleaseFast -Dcpu=baseline"[0m
2026-09-11T22:49:56.2408240Z [36;1m  echo "system=$(uname -s)"[0m
2026-09-11T22:49:56.2408830Z [36;1m  echo "architecture=$(uname -m)"[0m
2026-09-11T22:49:56.2409580Z [36;1m  echo "os=$(sw_vers -productVersion)"[0m
2026-09-11T22:49:56.2415300Z [36;1m  echo "cpu=$(sysctl -n machdep.cpu.brand_string)"[0m
2026-09-11T22:49:56.2416020Z [36;1m  clang --version | sed -n '1p'[0m
2026-09-11T22:49:56.2416710Z [36;1m} | tee .zig-cache/optimizer-x64/environment.txt[0m
2026-09-11T22:49:56.2481440Z shell: /bin/bash --noprofile --norc -e -o pipefail {0}
2026-09-11T22:49:56.2482110Z ##[endgroup]
2026-09-11T22:49:56.2890860Z commit=737fc8c9f9525cf1f7fe3f13af945eb88e63a58b
2026-09-11T22:49:56.2892700Z bootstrap=-Doptimize=ReleaseFast -Dcpu=baseline
2026-09-11T22:49:56.2930270Z system=Darwin
2026-09-11T22:49:56.2966730Z architecture=x86_64
2026-09-11T22:49:56.3128510Z os=15.7.9
2026-09-11T22:49:56.3171680Z cpu=Intel(R) Core(TM) i7-8700B CPU @ 3.20GHz
2026-09-11T22:49:58.3635780Z Apple clang version 17.0.0 (clang-1700.0.13.5)
2026-09-11T22:49:58.4095010Z ##[group]Run set -euo pipefail
2026-09-11T22:49:58.4095640Z [36;1mset -euo pipefail[0m
2026-09-11T22:49:58.4096280Z [36;1mzig build -Doptimize=ReleaseFast -Dcpu=baseline \[0m
2026-09-11T22:49:58.4097110Z [36;1m  --prefix "$RUNNER_TEMP/silex-prefix"[0m
2026-09-11T22:49:58.4097760Z [36;1mcd "$GITHUB_WORKSPACE"[0m
2026-09-11T22:49:58.4098390Z [36;1m"$RUNNER_TEMP/silex-prefix/bin/silex" link \[0m
2026-09-11T22:49:58.4099120Z [36;1m  "$GITHUB_WORKSPACE/Dependencies/STD" \[0m
2026-09-11T22:49:58.4099820Z [36;1m  --workspace "$GITHUB_WORKSPACE"[0m
2026-09-11T22:49:58.4100580Z [36;1m"$RUNNER_TEMP/silex-prefix/bin/silex" packages resolve \[0m
2026-09-11T22:49:58.4101480Z [36;1m  "$GITHUB_WORKSPACE/Toolchain/Benchmarks/Optimizer"[0m
2026-09-11T22:49:58.4161820Z shell: /bin/bash --noprofile --norc -e -o pipefail {0}
2026-09-11T22:49:58.4162510Z ##[endgroup]
2026-09-11T22:57:13.3050110Z silex: linked STD@0.22.0 to /Users/runner/work/Silex/Silex/Dependencies/STD for this workspace
2026-09-11T22:57:13.3142960Z STD 0.22.0 workspace-link /Users/runner/work/Silex/Silex/Dependencies/STD
2026-09-11T22:57:13.3508570Z ##[group]Run set -euo pipefail
2026-09-11T22:57:13.3629270Z [36;1mset -euo pipefail[0m
2026-09-11T22:57:13.3629930Z [36;1mset -o pipefail[0m
2026-09-11T22:57:13.3631110Z [36;1mzig build optimizer-oracle -Doptimize=ReleaseFast -Dcpu=baseline -- qualify 8 1 2>&1 | tee .zig-cache/optimizer-x64/qualification.log[0m
2026-09-11T22:57:13.3908430Z shell: /bin/bash --noprofile --norc -e -o pipefail {0}
2026-09-11T22:57:13.3909080Z ##[endgroup]
2026-09-11T22:59:39.9186980Z optimizer oracle: native optimizer regression qualification
2026-09-11T22:59:51.5245320Z   PASS Regressions/BranchComparisons.sx
2026-09-11T22:59:51.5252950Z     protects: single-use and shared comparisons preserve signed and unsigned widths, unordered floats, infinities and signed zero
2026-09-11T22:59:51.5254670Z     binaries: Debug 28927 bytes, Release 16536 bytes
2026-09-11T22:59:51.6501540Z   PASS Regressions/BranchSnapshots.sx
2026-09-11T22:59:51.6503610Z     protects: arm-local scalar snapshots preserve alias writes, joined values, negative indices, NaN and signed zero
2026-09-11T22:59:51.6504920Z     binaries: Debug 28927 bytes, Release 20664 bytes
2026-09-11T22:59:51.7708680Z   PASS Regressions/PrivateCollectionLengths.sx
2026-09-11T22:59:51.7710100Z     protects: private literal lengths cross branches and unrelated calls while mutation, copies, view escapes and terminal lifetimes stay exact
2026-09-11T22:59:51.7711870Z     binaries: Debug 37119 bytes, Release 32952 bytes
2026-09-11T22:59:51.8881850Z   PASS Regressions/ScalarFloatOperands.sx
2026-09-11T22:59:51.8895410Z     protects: direct scalar SSE operands preserve subtraction/division order, widths, signed zero and unordered comparisons
2026-09-11T22:59:51.8897050Z     binaries: Debug 20735 bytes, Release 16536 bytes
2026-09-11T22:59:52.0108560Z   PASS Regressions/FloatMemoryResidence.sx
2026-09-11T22:59:52.0110060Z     protects: FP recurrences across stack aggregate copies and fixed/view loads, widths, NaN and signed zero
2026-09-11T22:59:52.0111740Z     binaries: Debug 20735 bytes, Release 16536 bytes
2026-09-11T22:59:52.1313020Z   PASS Regressions/LoopExitResidence.sx
2026-09-11T22:59:52.1315830Z     protects: loop-carried scalar state survives interleaved class exits and direct mutator calls
2026-09-11T22:59:52.1317460Z     binaries: Debug 33023 bytes, Release 28856 bytes
2026-09-11T22:59:52.2589590Z   PASS Regressions/ScalarFloatResidence.sx
2026-09-11T22:59:52.2591240Z     protects: scalar FP pressure, loop recurrence, call barriers, addressed aliases, exact conversion, NaN and signed zero
2026-09-11T22:59:52.2592900Z     binaries: Debug 20735 bytes, Release 12440 bytes
2026-09-11T22:59:52.3853630Z   PASS Regressions/DominatedReferenceReads.sx
2026-09-11T22:59:52.3855280Z     protects: dominated borrowed fields preserve branches, mutable aliases, signed zero, NaN and mixed scalar widths
2026-09-11T22:59:52.3856580Z     binaries: Debug 20735 bytes, Release 16536 bytes
2026-09-11T22:59:52.5317180Z   PASS Regressions/LateScalarClosure.sx
2026-09-11T22:59:52.5319130Z     protects: helpers exposed as scalar leaves after collection cleanup preserve loop results and checked initialization
2026-09-11T22:59:52.5320750Z     binaries: Debug 16631 bytes, Release 12440 bytes
2026-09-11T22:59:52.6422020Z   PASS Regressions/ValueModules/Main.sx
2026-09-11T22:59:52.6423940Z     protects: module and generic boundaries preserve dominated values, partial paths, mutable aliases and strict floating observations
2026-09-11T22:59:52.6425870Z     binaries: Debug 20735 bytes, Release 12440 bytes
2026-09-11T22:59:52.9473350Z   PASS Regressions/AggregatePreparation.sx
2026-09-11T22:59:52.9474780Z     protects: complete preparation observes all 26 fields across dynamic/fixed bodies, warm starts and detached results
2026-09-11T22:59:52.9476020Z     contract: dominated aggregate field reads 820 -> 24
2026-09-11T22:59:52.9477220Z     counter: disabling ssa_value_simplification retains 56 field reads versus 24
2026-09-11T22:59:52.9479390Z     binaries: Debug 131327 bytes, Release 32952 bytes
2026-09-11T22:59:53.0742070Z   PASS Regressions/ScalarExpressionReuse.sx
2026-09-11T22:59:53.0743520Z     protects: identical scalar snapshots share calculations across stores while changed memory and floating edge values retain their observations
2026-09-11T22:59:53.0745170Z     contract: scalar products 4 -> 2; changed-memory path retains 2
2026-09-11T22:59:53.0746180Z     counter: disabling ssa_value_simplification retains 4 scalar products versus 2
2026-09-11T22:59:53.0747080Z     binaries: Debug 20735 bytes, Release 12440 bytes
2026-09-11T22:59:53.2012710Z   PASS Regressions/KnownViewElements.sx
2026-09-11T22:59:53.2013880Z     protects: known scalar elements propagate through clamped nested views; aliases and branches retain observations
2026-09-11T22:59:53.2015270Z     contract: constantViews view loads 2 -> 0, stores 0 -> 0, 2 guard(s) retained
2026-09-11T22:59:53.2016610Z     counter: disabling reference_memory_elision retains 4 memory operation(s) versus 0 in constantViews; guards 6/2
2026-09-11T22:59:53.2017790Z     binaries: Debug 24831 bytes, Release 16536 bytes
2026-09-11T22:59:56.9736940Z   PASS IntegerArithmetic.sx
2026-09-11T22:59:56.9738430Z     protects: a hot scalar loop retains target registers across a terminal output barrier
2026-09-11T22:59:56.9739930Z     contract: main scalar residences ARM64 13/13, X64 13/13
2026-09-11T22:59:56.9740780Z     binaries: Debug 16631 bytes, Release 12440 bytes
2026-09-11T22:59:57.0921810Z   PASS AggregateScalarization.sx
2026-09-11T22:59:57.0924070Z     protects: value aggregate copies, field updates and returns reduce to scalar leaves
2026-09-11T22:59:57.0925950Z     contract: update value-aggregate operations 14 -> 3
2026-09-11T22:59:57.0926970Z     binaries: Debug 16631 bytes, Release 12440 bytes
2026-09-11T22:59:57.2153540Z   PASS ReferenceDeadStores.sx
2026-09-11T22:59:57.2155250Z     protects: exact reference stores are eliminated while a possibly aliasing observation remains
2026-09-11T22:59:57.2157040Z     contract: overwrite reference stores 2 -> 1; observed retains 1 load(s) and 2 store(s)
2026-09-11T22:59:57.2158950Z     counter: disabling reference_memory_elision retains 2 memory operation(s) versus 1 in overwrite; guards 0/0
2026-09-11T22:59:57.2161020Z     binaries: Debug 16631 bytes, Release 12440 bytes
2026-09-11T22:59:57.3377470Z   PASS MutableViewMemory.sx
2026-09-11T22:59:57.3378600Z     protects: exact mutable-view stores and loads coalesce without removing the surviving bounds guard
2026-09-11T22:59:57.3380320Z     contract: rewrite view loads 5 -> 0, stores 2 -> 1, 1 guard(s) retained
2026-09-11T22:59:57.3382040Z     counter: disabling reference_memory_elision retains 3 memory operation(s) versus 1 in rewrite; guards 3/1
2026-09-11T22:59:57.3383590Z     binaries: Debug 16631 bytes, Release 12440 bytes
2026-09-11T22:59:57.4576140Z   PASS OwningCollectionCopy.sx
2026-09-11T22:59:57.4577210Z     protects: known owning-list values forward while copy-on-write mutation remains explicit
2026-09-11T22:59:57.4578490Z     contract: main owning loads 4 -> 0, 1 mutation(s) and 0 guard(s) retained
2026-09-11T22:59:57.4580290Z     counter: disabling reference_memory_elision retains 3 memory operation(s) versus 1 in main; guards 3/0
2026-09-11T22:59:57.4581550Z     binaries: Debug 16631 bytes, Release 12440 bytes
2026-09-11T22:59:57.7104800Z   PASS Regressions/AggregateFieldStores.sx
2026-09-11T22:59:57.7106090Z     protects: scalar field reads and writes preserve snapshots, alias mutations across calls and loops, and owning collection copies
2026-09-11T22:59:57.7107780Z     binaries: Debug 45311 bytes, Release 32952 bytes
2026-09-11T22:59:57.8610930Z   PASS Regressions/CheckedMemoryLanes.sx
2026-09-11T22:59:57.8612510Z     protects: checked aggregate loads, independent arithmetic lanes, branches and borrowed writes
2026-09-11T22:59:57.8613780Z     binaries: Debug 33023 bytes, Release 24760 bytes
2026-09-11T22:59:58.0266540Z   PASS Regressions/AggregateControlFlow.sx
2026-09-11T22:59:58.0268120Z     protects: immutable aggregate projections across branches and loops preserve snapshots and joined returns
2026-09-11T22:59:58.0269740Z     binaries: Debug 20735 bytes, Release 12440 bytes
2026-09-11T22:59:58.1642220Z   PASS Regressions/FloatSsaDiamond.sx
2026-09-11T22:59:58.1643170Z     protects: float32 and float64 local values preserve both incoming edges of an SSA diamond
2026-09-11T22:59:58.1644720Z     binaries: Debug 20735 bytes, Release 16536 bytes
2026-09-11T22:59:58.2859460Z   PASS Regressions/FloatSsaLoop.sx
2026-09-11T22:59:58.2860900Z     protects: float32 and float64 local recurrences preserve entry and back-edge values
2026-09-11T22:59:58.2861980Z     binaries: Debug 16631 bytes, Release 12440 bytes
2026-09-11T22:59:58.4312480Z   PASS Regressions/BooleanSharedChain.sx
2026-09-11T22:59:58.4313460Z     protects: shared boolean-chain blocks and reused branch values
2026-09-11T22:59:58.4314480Z     contract: hot_chain blocks 13 -> 8
2026-09-11T22:59:58.4315100Z     binaries: Debug 16631 bytes, Release 12440 bytes
2026-09-11T22:59:58.5590010Z   PASS Regressions/SsaValueFacts.sx
2026-09-11T22:59:58.5591290Z     protects: unanimous SSA joins propagate exact constants while divergent joins retain their control
2026-09-11T22:59:58.5592450Z     contract: unanimous branches 2 -> 1, arithmetic 1 -> 0
2026-09-11T22:59:58.5593600Z     counter: disabling ssa_value_simplification retains 2 branches and 1 arithmetic operation(s), versus 1 and 0
2026-09-11T22:59:58.5594720Z     binaries: Debug 16631 bytes, Release 12440 bytes
2026-09-11T22:59:58.6827360Z   PASS Regressions/SsaCriticalEdge.sx
2026-09-11T22:59:58.6828470Z     protects: float32 and float64 locals cross a critical edge without memory traffic or a synthetic block
2026-09-11T22:59:58.6829620Z     contract: choose64 local operations 3 -> 0, blocks 4 -> 3
2026-09-11T22:59:58.6830990Z     counter: disabling ssa_promotion_post retains 3 local operation(s) versus 0, with blocks 3 versus 3
2026-09-11T22:59:58.6832060Z     binaries: Debug 16631 bytes, Release 12440 bytes
2026-09-11T22:59:58.8109200Z   PASS Regressions/SsaForwardedPhiLoop.sx
2026-09-11T22:59:58.8110330Z     protects: a loop-carried float value crosses an inner forwarding join without falling back to local storage
2026-09-11T22:59:58.8112030Z     contract: accumulate local operations 9 -> 0, blocks 7 -> 6
2026-09-11T22:59:58.8113630Z     counter: disabling ssa_promotion_post retains 4 local operation(s) versus 0, with blocks 6 versus 6
2026-09-11T22:59:58.8114820Z     binaries: Debug 16631 bytes, Release 12440 bytes
2026-09-11T22:59:58.9409140Z   PASS Regressions/SsaDistinctPhiLoop.sx
2026-09-11T22:59:58.9410230Z     protects: a float recurrence keeps distinct loop and branch joins without falling back to local storage
2026-09-11T22:59:58.9411860Z     contract: accumulate local operations 13 -> 0, blocks 7 -> 7
2026-09-11T22:59:58.9413640Z     counter: disabling ssa_promotion_post retains 8 local operation(s) versus 0, with blocks 7 versus 7
2026-09-11T22:59:58.9414910Z     binaries: Debug 16631 bytes, Release 12440 bytes
2026-09-11T22:59:59.0635870Z   PASS Regressions/IntegerConversionConstants.sx
2026-09-11T22:59:59.0637220Z     protects: unanimous integer facts cross representable conversions and expose dependent constant arithmetic
2026-09-11T22:59:59.0638580Z     contract: joined conversions 5 -> 0, arithmetic 4 -> 0
2026-09-11T22:59:59.0640370Z     counter: disabling ssa_value_simplification retains 1 conversions and 1 arithmetic operation(s), versus 0 and 0
2026-09-11T22:59:59.0641960Z     binaries: Debug 16631 bytes, Release 12440 bytes
2026-09-11T22:59:59.1879540Z   PASS Regressions/IntegerShiftConstants.sx
2026-09-11T22:59:59.1880650Z     protects: unanimous integer and count facts fold valid shifts while invalid counts preserve their failure
2026-09-11T22:59:59.1882160Z     contract: shifted branches 2 -> 1, arithmetic 3 -> 0
2026-09-11T22:59:59.1883820Z     counter: disabling ssa_value_simplification retains 2 branches and 3 arithmetic operation(s), versus 1 and 0
2026-09-11T22:59:59.1885620Z     binaries: Debug 16631 bytes, Release 12440 bytes
2026-09-11T22:59:59.3243420Z   PASS Regressions/IntegerRangeChecks.sx
2026-09-11T22:59:59.3244850Z     protects: dominating and loop-carried bounds remove only proven overflow and conversion checks
2026-09-11T22:59:59.3247040Z     contract: increment, decrement, widen_unsigned, shift_bounded, accumulate proven checks 12 -> 0; 1 unproven check(s) retained
2026-09-11T22:59:59.3249210Z     counter: disabling value_range_analysis retains 10 proven check(s) versus 0; unproven checks remain 1/1
2026-09-11T22:59:59.3250750Z     binaries: Debug 20735 bytes, Release 12440 bytes
2026-09-11T22:59:59.4470240Z   PASS Regressions/ConstantDivision.sx
2026-09-11T22:59:59.4471970Z     protects: signed and unsigned constant division, including powers of two, preserves all Silex integer widths on native backends
2026-09-11T22:59:59.4473600Z     binaries: Debug 28927 bytes, Release 16536 bytes
2026-09-11T22:59:59.5657090Z   PASS Regressions/X64RegionalBarriers.sx
2026-09-11T22:59:59.5659020Z     protects: a hot X64 scalar loop retains volatile registers while aggregate construction and a direct call remain stack barriers
2026-09-11T22:59:59.5661740Z     contract: integrate X64 regional residence 13/15, 2 spilled values, 4 frame slots/32 bytes, loop stack 0 load/0 store, barriers 1 direct/0 indirect call and 2 aggregate leaf slots
2026-09-11T22:59:59.5663880Z     binaries: Debug 16631 bytes, Release 12440 bytes
2026-09-11T22:59:59.6892920Z   PASS Regressions/X64IndirectAggregate.sx
2026-09-11T22:59:59.6894460Z     protects: a hot X64 scalar loop retains registers before a wide aggregate and indirect call barrier
2026-09-11T22:59:59.6896710Z     contract: integrate X64 regional residence 14/20, 6 spilled values, 8 frame slots/64 bytes, loop stack 0 load/0 store, barriers 0 direct/1 indirect call and 4 aggregate leaf slots
2026-09-11T22:59:59.6898870Z     binaries: Debug 16631 bytes, Release 12440 bytes
2026-09-11T22:59:59.8162010Z   PASS Regressions/ArrayStorageAccess.sx
2026-09-11T22:59:59.8162990Z     protects: fixed, dynamic, nested, and aggregate collection storage
2026-09-11T22:59:59.8163800Z     binaries: Debug 28927 bytes, Release 24760 bytes
2026-09-11T23:00:38.0362750Z   PASS Regressions/BoundedCollectionLoop.sx
2026-09-11T23:00:38.0364480Z     protects: proven zero-origin collection traversal without weakening other bounds checks
2026-09-11T23:00:38.0366160Z     contract: sum checked collection loads 1 -> 0
2026-09-11T23:00:38.0367600Z     binaries: Debug 16631 bytes, Release 12440 bytes
2026-09-11T23:00:38.1703260Z   PASS Regressions/SequentialBoundedLoops.sx
2026-09-11T23:00:38.1747940Z     protects: zero-origin recovery after a sequential loop resets its reused induction variable
2026-09-11T23:00:38.1752120Z     contract: sum_sequential checked collection loads 2 -> 1
2026-09-11T23:00:38.1753260Z     binaries: Debug 16631 bytes, Release 12440 bytes
2026-09-11T23:02:11.2323790Z   PASS Regressions/DenseScalarLoop.sx
2026-09-11T23:02:11.2329110Z     protects: class count accessor inlining and redundant scalar loads inside a dense loop
2026-09-11T23:02:11.2331340Z     contract: integrate collection loads 4 -> 2, calls 1 -> 0
2026-09-11T23:02:11.2333010Z     binaries: Debug 37119 bytes, Release 32952 bytes
2026-09-11T23:02:11.3871930Z   PASS Regressions/LoopExitFloatLaneXY.sx
2026-09-11T23:02:11.3874040Z     protects: XY loop recurrences become stable vectorizable snapshots after loop exit
2026-09-11T23:02:11.3879050Z     contract: finish SLP width 2 (required >= 2), ARM64 pairs 15 (required=yes), X64 pairs 0 (required=no)
2026-09-11T23:02:11.3888100Z     binaries: Debug 16631 bytes, Release 12440 bytes
2026-09-11T23:02:11.5204730Z   PASS Regressions/FloatLaneXYZ.sx
2026-09-11T23:02:11.5206140Z     protects: portable XYZ lane grouping through loads and arithmetic
2026-09-11T23:02:11.5210220Z     contract: transform SLP width 3 (required >= 3), ARM64 pairs 3 (required=no), X64 pairs 0 (required=no)
2026-09-11T23:02:11.5234250Z     binaries: Debug 16631 bytes, Release 12440 bytes
2026-09-11T23:02:11.6815710Z   PASS Regressions/LoopExitFloatLaneXYZW.sx
2026-09-11T23:02:11.6817140Z     protects: XYZW loop recurrences become two stable vectorizable pairs after loop exit
2026-09-11T23:02:11.6818650Z     contract: finish SLP width 4 (required >= 4), ARM64 pairs 30 (required=yes), X64 pairs 0 (required=no)
2026-09-11T23:02:11.6819730Z     binaries: Debug 20735 bytes, Release 12440 bytes
2026-09-11T23:02:11.8165880Z   PASS Regressions/TextOutputIntegrity.sx
2026-09-11T23:02:11.8167800Z     protects: complete text output through branches and collection iteration
2026-09-11T23:02:11.8169640Z     binaries: Debug 16631 bytes, Release 12440 bytes
2026-09-11T23:02:11.9754870Z   PASS Regressions/BoidsKernel.sx
2026-09-11T23:02:11.9756630Z     protects: boids-like arrays, shared boolean chains, and native XY/Z realization
2026-09-11T23:02:11.9758400Z     contract: steer SLP width 3 (required >= 3), ARM64 pairs 15 (required=yes), X64 pairs 6 (required=yes)
2026-09-11T23:02:11.9759720Z     binaries: Debug 37119 bytes, Release 32952 bytes
2026-09-11T23:02:12.1349000Z   PASS Regressions/Boids2DSteering.sx
2026-09-11T23:02:12.1350560Z     protects: aggregate vector parameters keep pointer-terminated collection cursors disjoint from cached float literals
2026-09-11T23:02:12.1352150Z     binaries: Debug 20735 bytes, Release 16536 bytes
2026-09-11T23:02:12.2716510Z   PASS Regressions/ReversedFloatRecurrence.sx
2026-09-11T23:02:12.2717570Z     protects: reversed float recurrence copies preserve lane order and exact unaligned compact-field loads
2026-09-11T23:02:12.2718810Z     binaries: Debug 33023 bytes, Release 28856 bytes
2026-09-11T23:02:12.4016610Z   PASS Regressions/CollectionCursor.sx
2026-09-11T23:02:12.4018140Z     protects: a generic unit-stride float collection loop retains a post-indexed pointer-terminated cursor
2026-09-11T23:02:12.4019510Z     contract: accumulate ARM64 cursor post-indexed=yes, pointer-terminated=yes
2026-09-11T23:02:12.4020330Z     binaries: Debug 33023 bytes, Release 28856 bytes
2026-09-11T23:02:12.5777280Z   PASS Regressions/ReferenceCursorReuse.sx
2026-09-11T23:02:12.5778490Z     protects: ascending mutable view references preserve checked bounds and reuse stable element addresses across field writes
2026-09-11T23:02:12.5780860Z     binaries: Debug 20735 bytes, Release 16536 bytes
2026-09-11T23:02:12.7065360Z   PASS Regressions/MultipleReferenceCursors.sx
2026-09-11T23:02:12.7066890Z     protects: independent mutable views carry every checked ascending element address in one loop
2026-09-11T23:02:12.7068440Z     contract: shift ARM64 reference cursors unchecked=0, checked=2
2026-09-11T23:02:12.7069420Z     binaries: Debug 20735 bytes, Release 16536 bytes
2026-09-11T23:02:12.8347890Z   PASS Regressions/AggregateParameterResidence.sx
2026-09-11T23:02:12.8349610Z     protects: read-only aggregate parameters keep scalar leaves in ARM64 registers unless storage is required
2026-09-11T23:02:12.8351080Z     contract: evaluate ARM64 aggregate parameter residence 12/12
2026-09-11T23:02:12.8352080Z     binaries: Debug 16631 bytes, Release 12440 bytes
2026-09-11T23:02:12.9699470Z   PASS Regressions/LoopForms.sx
2026-09-11T23:02:12.9700760Z     protects: signed and unsigned inductions, nested control, break, continue, dynamic bounds, strided access and contiguous recurrence
2026-09-11T23:02:12.9702020Z     binaries: Debug 33023 bytes, Release 28856 bytes
2026-09-11T23:02:13.1055540Z   PASS Regressions/CallEffectsInlining.sx
2026-09-11T23:02:13.1057230Z     protects: small reference and checked-view callees inline into the final caller without losing their memory effects
2026-09-11T23:02:13.1059000Z     contract: main calls 2 -> 0, reference stores 1 -> 0 after scalar replacement
2026-09-11T23:02:13.1060260Z     counter: disabling value_inlining retains 2 call(s) versus 0 in main
2026-09-11T23:02:13.1061490Z     binaries: Debug 16631 bytes, Release 12440 bytes
2026-09-11T23:02:13.2353550Z   PASS Regressions/BranchingReferenceInlining.sx
2026-09-11T23:02:13.2355420Z     protects: branching reference callees inline at hot loop sites while preserving their writes
2026-09-11T23:02:13.2356980Z     contract: main calls 1 -> 0, reference stores 2 -> 2 after scalar replacement
2026-09-11T23:02:13.2358330Z     counter: disabling value_inlining retains 1 call(s) versus 0 in main
2026-09-11T23:02:13.2359490Z     binaries: Debug 16631 bytes, Release 12440 bytes
2026-09-11T23:02:14.9126010Z   PASS Regressions/PureMathReferenceInlining.sx
2026-09-11T23:02:14.9127730Z     protects: proven pure scalar-math effects remain exact while a native call barrier stays outside a branching reference caller
2026-09-11T23:02:14.9129260Z     contract: main calls 1 -> 1, reference stores 4 -> 4 after scalar replacement
2026-09-11T23:02:14.9130520Z     binaries: Debug 20790 bytes, Release 16686 bytes
2026-09-11T23:02:16.2965250Z   PASS Regressions/HotReferenceLeafClosure.sx
2026-09-11T23:02:16.2967000Z     protects: a pressure-heavy hot set of reference leaf callees stays out of line until expanded caller residences are proven profitable
2026-09-11T23:02:16.2968960Z     contract: integrate calls 2 -> 2, reference stores 9 -> 9 after scalar replacement
2026-09-11T23:02:16.2970120Z     binaries: Debug 37225 bytes, Release 29033 bytes
2026-09-11T23:02:16.4299900Z   PASS Regressions/DynamicFieldClearAppend.sx
2026-09-11T23:02:16.4301430Z     protects: a loop-local class call bound stays defined before clearing and rebuilding a dynamic field
2026-09-11T23:02:16.4302920Z     binaries: Debug 45311 bytes, Release 41176 bytes
2026-09-11T23:02:25.0775540Z qualified: 64 integer failures with ordered output in Debug/Release
2026-09-11T23:02:30.1893640Z qualified: 43 numeric conversions with exact values and diagnostics in Debug/Release
2026-09-11T23:02:30.3125450Z qualified: 55 fixed regressions and 8 generated native scenarios
2026-09-11T23:02:32.1989130Z ##[group]Run actions/checkout@v6
2026-09-11T23:02:32.2013170Z with:
2026-09-11T23:02:32.2013900Z   ref: 7bd153ce94975ccc2143679a85ef99fd1fa0db4f
2026-09-11T23:02:32.2014420Z   path: Baseline
2026-09-11T23:02:32.2014870Z   repository: Matanek/Silex
2026-09-11T23:02:32.2019420Z   token: ***
2026-09-11T23:02:32.2019850Z   ssh-strict: true
2026-09-11T23:02:32.2020390Z   ssh-user: git
2026-09-11T23:02:32.2021490Z   persist-credentials: true
2026-09-11T23:02:32.2022000Z   clean: true
2026-09-11T23:02:32.2022360Z   sparse-checkout-cone-mode: true
2026-09-11T23:02:32.2022800Z   fetch-depth: 1
2026-09-11T23:02:32.2023140Z   fetch-tags: false
2026-09-11T23:02:32.2023500Z   show-progress: true
2026-09-11T23:02:32.2024090Z   lfs: false
2026-09-11T23:02:32.2024520Z   submodules: false
2026-09-11T23:02:32.2024900Z   set-safe-directory: true
2026-09-11T23:02:32.2025430Z   allow-unsafe-pr-checkout: false
2026-09-11T23:02:32.2025880Z ##[endgroup]
2026-09-11T23:02:32.6875310Z Syncing repository: Matanek/Silex
2026-09-11T23:02:32.6887370Z ##[group]Getting Git version info
2026-09-11T23:02:32.6894010Z Working directory is '/Users/runner/work/Silex/Silex/Baseline'
2026-09-11T23:02:32.6914940Z [command]/usr/local/bin/git version
2026-09-11T23:02:32.7049250Z git version 2.55.0
2026-09-11T23:02:32.7075330Z ##[endgroup]
2026-09-11T23:02:32.7088630Z Copying '/Users/runner/.gitconfig' to '/Users/runner/work/_temp/1fa742d3-ec19-4956-8a45-1adbcf90fe02/.gitconfig'
2026-09-11T23:02:32.7104060Z Temporarily overriding HOME='/Users/runner/work/_temp/1fa742d3-ec19-4956-8a45-1adbcf90fe02' before making global git config changes
2026-09-11T23:02:32.7105760Z Adding repository directory to the temporary git global config as a safe directory
2026-09-11T23:02:32.7109510Z [command]/usr/local/bin/git config --global --add safe.directory /Users/runner/work/Silex/Silex/Baseline
2026-09-11T23:02:32.7238340Z ##[group]Determining repository object format
2026-09-11T23:02:32.7240860Z ##[endgroup]
2026-09-11T23:02:32.7242710Z ##[group]Initializing the repository
2026-09-11T23:02:32.7247220Z [command]/usr/local/bin/git init /Users/runner/work/Silex/Silex/Baseline
2026-09-11T23:02:32.7601710Z hint: Using 'master' as the name for the initial branch. This default branch name
2026-09-11T23:02:32.7618350Z hint: will change to "main" in Git 3.0. To configure the initial branch name
2026-09-11T23:02:32.7623220Z hint: to use in all of your new repositories, which will suppress this warning,
2026-09-11T23:02:32.7635740Z hint: call:
2026-09-11T23:02:32.7705840Z hint:
2026-09-11T23:02:32.7731370Z hint: 	git config --global init.defaultBranch <name>
2026-09-11T23:02:32.7734270Z hint:
2026-09-11T23:02:32.7736120Z hint: Names commonly chosen instead of 'master' are 'main', 'trunk' and
2026-09-11T23:02:32.7738340Z hint: 'development'. The just-created branch can be renamed via this command:
2026-09-11T23:02:32.7764040Z hint:
2026-09-11T23:02:32.7788420Z hint: 	git branch -m <name>
2026-09-11T23:02:32.7789970Z hint:
2026-09-11T23:02:32.7813630Z hint: Disable this message with "git config set advice.defaultBranchName false"
2026-09-11T23:02:32.7843490Z Initialized empty Git repository in /Users/runner/work/Silex/Silex/Baseline/.git/
2026-09-11T23:02:32.7909090Z [command]/usr/local/bin/git remote add origin https://github.com/Matanek/Silex
2026-09-11T23:02:32.7919680Z ##[endgroup]
2026-09-11T23:02:32.7926010Z ##[group]Disabling automatic garbage collection
2026-09-11T23:02:32.7936950Z [command]/usr/local/bin/git config --local gc.auto 0
2026-09-11T23:02:32.7944910Z ##[endgroup]
2026-09-11T23:02:32.7947320Z ##[group]Setting up auth
2026-09-11T23:02:32.7949250Z Removing SSH command configuration
2026-09-11T23:02:32.7956530Z [command]/usr/local/bin/git config --local --name-only --get-regexp core\.sshCommand
2026-09-11T23:02:32.8014000Z [command]/usr/local/bin/git submodule foreach --recursive sh -c "git config --local --name-only --get-regexp 'core\.sshCommand' && git config --local --unset-all 'core.sshCommand' || :"
2026-09-11T23:02:33.0195420Z Removing HTTP extra header
2026-09-11T23:02:33.0201990Z [command]/usr/local/bin/git config --local --name-only --get-regexp http\.https\:\/\/github\.com\/\.extraheader
2026-09-11T23:02:33.0323480Z [command]/usr/local/bin/git submodule foreach --recursive sh -c "git config --local --name-only --get-regexp 'http\.https\:\/\/github\.com\/\.extraheader' && git config --local --unset-all 'http.https://github.com/.extraheader' || :"
2026-09-11T23:02:33.2306960Z Removing includeIf entries pointing to credentials config files
2026-09-11T23:02:33.2313450Z [command]/usr/local/bin/git config --local --name-only --get-regexp ^includeIf\.gitdir:
2026-09-11T23:02:33.2422720Z [command]/usr/local/bin/git submodule foreach --recursive git config --local --show-origin --name-only --get-regexp remote.origin.url
2026-09-11T23:02:33.4121020Z [command]/usr/local/bin/git config --file /Users/runner/work/_temp/git-credentials-f5002929-6bf3-464e-bba4-07cf6e209fa7.config http.https://github.com/.extraheader AUTHORIZATION: basic ***
2026-09-11T23:02:33.4237130Z [command]/usr/local/bin/git config --local includeIf.gitdir:/Users/runner/work/Silex/Silex/Baseline/.git.path /Users/runner/work/_temp/git-credentials-f5002929-6bf3-464e-bba4-07cf6e209fa7.config
2026-09-11T23:02:33.4334960Z [command]/usr/local/bin/git config --local includeIf.gitdir:/Users/runner/work/Silex/Silex/Baseline/.git/worktrees/*.path /Users/runner/work/_temp/git-credentials-f5002929-6bf3-464e-bba4-07cf6e209fa7.config
2026-09-11T23:02:33.4433290Z [command]/usr/local/bin/git config --local includeIf.gitdir:/github/workspace/Baseline/.git.path /github/runner_temp/git-credentials-f5002929-6bf3-464e-bba4-07cf6e209fa7.config
2026-09-11T23:02:33.4579410Z [command]/usr/local/bin/git config --local includeIf.gitdir:/github/workspace/Baseline/.git/worktrees/*.path /github/runner_temp/git-credentials-f5002929-6bf3-464e-bba4-07cf6e209fa7.config
2026-09-11T23:02:33.4664140Z ##[endgroup]
2026-09-11T23:02:33.4664900Z ##[group]Fetching the repository
2026-09-11T23:02:33.4672840Z [command]/usr/local/bin/git -c protocol.version=2 fetch --no-tags --prune --no-recurse-submodules --depth=1 origin 7bd153ce94975ccc2143679a85ef99fd1fa0db4f
2026-09-11T23:02:34.9400160Z From https://github.com/Matanek/Silex
2026-09-11T23:02:34.9400980Z  * branch            7bd153ce94975ccc2143679a85ef99fd1fa0db4f -> FETCH_HEAD
2026-09-11T23:02:34.9413690Z [command]/usr/local/bin/git rev-parse --verify --quiet 7bd153ce94975ccc2143679a85ef99fd1fa0db4f^{object}
2026-09-11T23:02:34.9516600Z 7bd153ce94975ccc2143679a85ef99fd1fa0db4f
2026-09-11T23:02:34.9522890Z ##[endgroup]
2026-09-11T23:02:34.9523710Z ##[group]Determining the checkout info
2026-09-11T23:02:34.9524570Z ##[endgroup]
2026-09-11T23:02:34.9530210Z [command]/usr/local/bin/git sparse-checkout disable
2026-09-11T23:02:34.9654730Z [command]/usr/local/bin/git config --local --unset-all extensions.worktreeConfig
2026-09-11T23:02:34.9754500Z ##[group]Checking out the ref
2026-09-11T23:02:34.9759630Z [command]/usr/local/bin/git checkout --progress --force 7bd153ce94975ccc2143679a85ef99fd1fa0db4f
2026-09-11T23:02:35.9557000Z HEAD is now at 7bd153c perf(x64): retain floating values across exclusive return paths
2026-09-11T23:02:36.0213860Z ##[endgroup]
2026-09-11T23:02:36.0224910Z [command]/usr/local/bin/git log -1 --format=%H
2026-09-11T23:02:36.0227020Z 7bd153ce94975ccc2143679a85ef99fd1fa0db4f
2026-09-11T23:02:36.0325070Z ##[group]Run set -euo pipefail
2026-09-11T23:02:36.0325710Z [36;1mset -euo pipefail[0m
2026-09-11T23:02:36.0326290Z [36;1m[[ "$BASELINE_REF" =~ ^[0-9a-f]{40}$ ]][0m
2026-09-11T23:02:36.0327080Z [36;1mtest "$(git -C ../Baseline rev-parse HEAD)" = "$BASELINE_REF"[0m
2026-09-11T23:02:36.0328210Z [36;1mzig build -Doptimize=ReleaseFast -Dcpu=baseline \[0m
2026-09-11T23:02:36.0329230Z [36;1m  --build-file ../Baseline/Toolchain/build.zig \[0m
2026-09-11T23:02:36.0342090Z [36;1m  --prefix "$RUNNER_TEMP/silex-baseline-prefix" \[0m
2026-09-11T23:02:36.0342960Z [36;1m  2>&1 | tee .zig-cache/optimizer-x64/baseline-build.log[0m
2026-09-11T23:02:36.0344010Z [36;1mbaseline_output="$GITHUB_WORKSPACE/Toolchain/.zig-cache/benchmark-before"[0m
2026-09-11T23:02:36.0344970Z [36;1mmkdir -p "$baseline_output"[0m
2026-09-11T23:02:36.0345560Z [36;1mcd "$GITHUB_WORKSPACE"[0m
2026-09-11T23:02:36.0346210Z [36;1mfor workload in Arithmetic Objects Flocking; do[0m
2026-09-11T23:02:36.0347440Z [36;1m  stem=$(echo "$workload" | tr '[:upper:]' '[:lower:]')[0m
2026-09-11T23:02:36.0349110Z [36;1m  "$RUNNER_TEMP/silex-baseline-prefix/bin/silex" compile \[0m
2026-09-11T23:02:36.0350090Z [36;1m    "$GITHUB_WORKSPACE/Toolchain/Benchmarks/Native/$workload.sx" \[0m
2026-09-11T23:02:36.0351110Z [36;1m    --release --nocache -o "$baseline_output/$stem-release"[0m
2026-09-11T23:02:36.0351840Z [36;1mdone[0m
2026-09-11T23:02:36.0461200Z shell: /bin/bash --noprofile --norc -e -o pipefail {0}
2026-09-11T23:02:36.0461870Z env:
2026-09-11T23:02:36.0462360Z   BASELINE_REF: 7bd153ce94975ccc2143679a85ef99fd1fa0db4f
2026-09-11T23:02:36.0463000Z ##[endgroup]
2026-09-11T23:07:44.4071040Z ##[group]Run set -euo pipefail
2026-09-11T23:07:44.4071670Z [36;1mset -euo pipefail[0m
2026-09-11T23:07:44.4072250Z [36;1mset -o pipefail[0m
2026-09-11T23:07:44.4073280Z [36;1mpython3 -m unittest discover -s Benchmarks/Native -p 'test_campaign.py'[0m
2026-09-11T23:07:44.4075310Z [36;1mzig build benchmark-native -Doptimize=ReleaseFast -Dcpu=baseline 2>&1 | tee .zig-cache/optimizer-x64/benchmark-build.log[0m
2026-09-11T23:07:44.4076860Z [36;1mbaseline_args=()[0m
2026-09-11T23:07:44.4077660Z [36;1mif [ -n "$BASELINE_REF" ]; then[0m
2026-09-11T23:07:44.4079560Z [36;1m  baseline_args=(--baseline-directory .zig-cache/benchmark-before --baseline-sha "$BASELINE_REF")[0m
2026-09-11T23:07:44.4080670Z [36;1mfi[0m
2026-09-11T23:07:44.4081150Z [36;1mpython3 Benchmarks/Native/campaign.py \[0m
2026-09-11T23:07:44.4081790Z [36;1m  .zig-cache/benchmark-native \[0m
2026-09-11T23:07:44.4082420Z [36;1m  .zig-cache/optimizer-x64/campaign.json \[0m
2026-09-11T23:07:44.4083160Z [36;1m  --samples 21 \[0m
2026-09-11T23:07:44.4083630Z [36;1m  --warmups 6 \[0m
2026-09-11T23:07:44.4084180Z [36;1m  --candidate-sha "$(git -C .. rev-parse HEAD)" \[0m
2026-09-11T23:07:44.4084850Z [36;1m  --require-native-x64 \[0m
2026-09-11T23:07:44.4085470Z [36;1m  --require-parity "${baseline_args[@]}"[0m
2026-09-11T23:07:44.4086160Z [36;1mcat .zig-cache/optimizer-x64/campaign.json[0m
2026-09-11T23:07:44.4159640Z shell: /bin/bash --noprofile --norc -e -o pipefail {0}
2026-09-11T23:07:44.4160610Z env:
2026-09-11T23:07:44.4161080Z   BASELINE_REF: 7bd153ce94975ccc2143679a85ef99fd1fa0db4f
2026-09-11T23:07:44.4161690Z ##[endgroup]
2026-09-11T23:07:45.0067960Z .......
2026-09-11T23:07:45.0069110Z ----------------------------------------------------------------------
2026-09-11T23:07:45.0075550Z Ran 7 tests in 0.014s
2026-09-11T23:07:45.0075860Z 
2026-09-11T23:07:45.0076030Z OK
2026-09-11T23:08:06.2510790Z Silex native benchmark
2026-09-11T23:08:06.2511940Z host: Darwin-x86_64
2026-09-11T23:08:06.2512600Z clang: Apple clang version 17.0.0 (clang-1700.0.13.5)
2026-09-11T23:08:06.2513420Z references: clang=-O2/native-layout; clang-o3-slot8=-O3/8-byte-fields
2026-09-11T23:08:06.2514200Z workload: Arithmetic
2026-09-11T23:08:06.2514600Z result: 143997165
2026-09-11T23:08:06.2514960Z sizes:
2026-09-11T23:08:06.2515390Z    16631 .zig-cache/benchmark-native/arithmetic-debug
2026-09-11T23:08:06.2516100Z    12440 .zig-cache/benchmark-native/arithmetic-release
2026-09-11T23:08:06.2516850Z     8496 .zig-cache/benchmark-native/arithmetic-clang
2026-09-11T23:08:06.2517590Z     8496 .zig-cache/benchmark-native/arithmetic-clang-o3-slot8
2026-09-11T23:08:06.2518240Z    46063 total
2026-09-11T23:08:06.2518610Z compile times:
2026-09-11T23:08:06.2518990Z   debug real 0.15
2026-09-11T23:08:06.2519380Z   debug user 0.07
2026-09-11T23:08:06.2519760Z   debug sys 0.06
2026-09-11T23:08:06.2520150Z   release real 0.06
2026-09-11T23:08:06.2520540Z   release user 0.00
2026-09-11T23:08:06.2520930Z   release sys 0.00
2026-09-11T23:08:06.2521320Z   clang real 1.23
2026-09-11T23:08:06.2521710Z   clang user 0.10
2026-09-11T23:08:06.2522090Z   clang sys 0.85
2026-09-11T23:08:06.2522490Z   clang-o3-slot8 real 0.11
2026-09-11T23:08:06.2522960Z   clang-o3-slot8 user 0.08
2026-09-11T23:08:06.2523390Z   clang-o3-slot8 sys 0.04
2026-09-11T23:08:06.2523820Z run times:
2026-09-11T23:08:06.2524200Z   debug real 0.00
2026-09-11T23:08:06.2524870Z   debug user 0.00
2026-09-11T23:08:06.2526160Z   debug sys 0.00
2026-09-11T23:08:06.2526980Z   release real 0.00
2026-09-11T23:08:06.2527960Z   release user 0.00
2026-09-11T23:08:06.2528430Z   release sys 0.00
2026-09-11T23:08:06.2528820Z   clang real 0.00
2026-09-11T23:08:06.2529220Z   clang user 0.00
2026-09-11T23:08:06.2529600Z   clang sys 0.00
2026-09-11T23:08:06.2530020Z   clang-o3-slot8 real 0.00
2026-09-11T23:08:06.2530480Z   clang-o3-slot8 user 0.00
2026-09-11T23:08:06.2530930Z   clang-o3-slot8 sys 0.00
2026-09-11T23:08:06.2531600Z references: clang=-O2/native-layout; clang-o3-slot8=-O3/8-byte-fields
2026-09-11T23:08:06.2533120Z workload: Objects
2026-09-11T23:08:06.2533690Z result: 6000000
2026-09-11T23:08:06.2534070Z sizes:
2026-09-11T23:08:06.2534500Z    33023 .zig-cache/benchmark-native/objects-debug
2026-09-11T23:08:06.2535160Z    28856 .zig-cache/benchmark-native/objects-release
2026-09-11T23:08:06.2535830Z     8584 .zig-cache/benchmark-native/objects-clang
2026-09-11T23:08:06.2536520Z     8584 .zig-cache/benchmark-native/objects-clang-o3-slot8
2026-09-11T23:08:06.2537150Z    79047 total
2026-09-11T23:08:06.2537530Z compile times:
2026-09-11T23:08:06.2537910Z   debug real 0.11
2026-09-11T23:08:06.2538330Z   debug user 0.07
2026-09-11T23:08:06.2538710Z   debug sys 0.04
2026-09-11T23:08:06.2539090Z   release real 0.06
2026-09-11T23:08:06.2539500Z   release user 0.01
2026-09-11T23:08:06.2539890Z   release sys 0.01
2026-09-11T23:08:06.2540280Z   clang real 1.27
2026-09-11T23:08:06.2540660Z   clang user 0.63
2026-09-11T23:08:06.2541030Z   clang sys 0.29
2026-09-11T23:08:06.2541430Z   clang-o3-slot8 real 0.66
2026-09-11T23:08:06.2541890Z   clang-o3-slot8 user 0.60
2026-09-11T23:08:06.2542340Z   clang-o3-slot8 sys 0.09
2026-09-11T23:08:06.2542770Z run times:
2026-09-11T23:08:06.2543140Z   debug real 0.03
2026-09-11T23:08:06.2543520Z   debug user 0.02
2026-09-11T23:08:06.2543910Z   debug sys 0.00
2026-09-11T23:08:06.2544300Z   release real 0.01
2026-09-11T23:08:06.2544830Z   release user 0.01
2026-09-11T23:08:06.2545440Z   release sys 0.00
2026-09-11T23:08:06.2545840Z   clang real 0.00
2026-09-11T23:08:06.2546230Z   clang user 0.00
2026-09-11T23:08:06.2546610Z   clang sys 0.00
2026-09-11T23:08:06.2547030Z   clang-o3-slot8 real 0.00
2026-09-11T23:08:06.2547490Z   clang-o3-slot8 user 0.00
2026-09-11T23:08:06.2547950Z   clang-o3-slot8 sys 0.00
2026-09-11T23:08:06.2548580Z references: clang=-O2/native-layout; clang-o3-slot8=-O3/8-byte-fields
2026-09-11T23:08:06.2549320Z workload: Flocking
2026-09-11T23:08:06.2549710Z result: true
2026-09-11T23:08:06.2551730Z sizes:
2026-09-11T23:08:06.2552190Z    28927 .zig-cache/benchmark-native/flocking-debug
2026-09-11T23:08:06.2552880Z    20664 .zig-cache/benchmark-native/flocking-release
2026-09-11T23:08:06.2553550Z     9904 .zig-cache/benchmark-native/flocking-clang
2026-09-11T23:08:06.2554260Z    14000 .zig-cache/benchmark-native/flocking-clang-o3-slot8
2026-09-11T23:08:06.2554940Z    73495 total
2026-09-11T23:08:06.2555320Z compile times:
2026-09-11T23:08:06.2555700Z   debug real 0.11
2026-09-11T23:08:06.2556100Z   debug user 0.07
2026-09-11T23:08:06.2556480Z   debug sys 0.04
2026-09-11T23:08:06.2556880Z   release real 0.08
2026-09-11T23:08:06.2557280Z   release user 0.03
2026-09-11T23:08:06.2557690Z   release sys 0.01
2026-09-11T23:08:06.2558300Z   clang real 0.77
2026-09-11T23:08:06.2558980Z   clang user 0.66
2026-09-11T23:08:06.2559370Z   clang sys 0.11
2026-09-11T23:08:06.2559800Z   clang-o3-slot8 real 0.69
2026-09-11T23:08:06.2560270Z   clang-o3-slot8 user 0.62
2026-09-11T23:08:06.2560730Z   clang-o3-slot8 sys 0.08
2026-09-11T23:08:06.2561120Z run times:
2026-09-11T23:08:06.2561490Z   debug real 3.58
2026-09-11T23:08:06.2561870Z   debug user 3.56
2026-09-11T23:08:06.2562260Z   debug sys 0.01
2026-09-11T23:08:06.2562640Z   release real 1.37
2026-09-11T23:08:06.2563050Z   release user 1.36
2026-09-11T23:08:06.2563430Z   release sys 0.01
2026-09-11T23:08:06.2563830Z   clang real 0.29
2026-09-11T23:08:06.2564210Z   clang user 0.29
2026-09-11T23:08:06.2564590Z   clang sys 0.00
2026-09-11T23:08:06.2565010Z   clang-o3-slot8 real 0.44
2026-09-11T23:08:06.2565930Z   clang-o3-slot8 user 0.43
2026-09-11T23:08:06.2566390Z   clang-o3-slot8 sys 0.00
2026-09-11T23:11:34.2411640Z optimizer X64 qualification: arithmetic: clang: Silex/Clang upper bound exceeds 1000000 ppm
2026-09-11T23:11:34.2413110Z optimizer X64 qualification: arithmetic: clang-o3-slot8: Silex/Clang upper bound exceeds 1000000 ppm
2026-09-11T23:11:34.2414480Z optimizer X64 qualification: objects: clang: Silex/Clang upper bound exceeds 1000000 ppm
2026-09-11T23:11:34.2416360Z optimizer X64 qualification: objects: clang-o3-slot8: Silex/Clang upper bound exceeds 1000000 ppm
2026-09-11T23:11:34.2417700Z optimizer X64 qualification: flocking: clang: Silex/Clang upper bound exceeds 1000000 ppm
2026-09-11T23:11:34.2419030Z optimizer X64 qualification: flocking: clang-o3-slot8: Silex/Clang upper bound exceeds 1000000 ppm
2026-09-11T23:11:34.2551430Z ##[error]Process completed with exit code 1.
2026-09-11T23:11:34.2755870Z ##[group]Run actions/upload-artifact@v7
2026-09-11T23:11:34.2756390Z with:
2026-09-11T23:11:34.2756840Z   name: optimizer-x64-737fc8c9f9525cf1f7fe3f13af945eb88e63a58b
2026-09-11T23:11:34.2758040Z   path: Toolchain/.zig-cache/optimizer-x64
Toolchain/.zig-cache/benchmark-native
Toolchain/.zig-cache/benchmark-before

2026-09-11T23:11:34.2759130Z   if-no-files-found: error
2026-09-11T23:11:34.2759520Z   retention-days: 14
2026-09-11T23:11:34.2759880Z   compression-level: 6
2026-09-11T23:11:34.2760240Z   overwrite: false
2026-09-11T23:11:34.2760600Z   include-hidden-files: false
2026-09-11T23:11:34.2761000Z   archive: true
2026-09-11T23:11:34.2761320Z ##[endgroup]
2026-09-11T23:11:34.5115870Z Multiple search paths detected. Calculating the least common ancestor of all paths
2026-09-11T23:11:34.5118930Z The least common ancestor is /Users/runner/work/Silex/Silex/Toolchain/.zig-cache. This will be the root directory of the artifact
2026-09-11T23:11:34.5120360Z With the provided path, there will be 48 files uploaded
2026-09-11T23:11:34.5124310Z Artifact name is valid!
2026-09-11T23:11:34.5125090Z Root directory input is valid!
2026-09-11T23:11:34.9394330Z Uploading artifact: optimizer-x64-737fc8c9f9525cf1f7fe3f13af945eb88e63a58b.zip
2026-09-11T23:11:34.9435040Z Beginning upload of artifact content to blob storage
2026-09-11T23:11:35.5077110Z Uploaded bytes 69641
2026-09-11T23:11:35.5847350Z Finished uploading artifact content to blob storage!
2026-09-11T23:11:35.5848590Z SHA256 digest of uploaded artifact is 93a7261098f5788af1e41b75327f42cebb9337a319170129be8ab3399e5fb177
2026-09-11T23:11:35.5849670Z Finalizing artifact upload
2026-09-11T23:11:35.9757060Z Artifact optimizer-x64-737fc8c9f9525cf1f7fe3f13af945eb88e63a58b successfully finalized. Artifact ID 10285447351
2026-09-11T23:11:35.9759230Z Artifact optimizer-x64-737fc8c9f9525cf1f7fe3f13af945eb88e63a58b has been successfully uploaded! Final size is 69641 bytes. Artifact ID is 10285447351
2026-09-11T23:11:35.9766510Z Artifact download URL: https://github.com/Matanek/Silex/actions/runs/34655627073/artifacts/10285447351
2026-09-11T23:11:36.0052750Z Post job cleanup.
2026-09-11T23:11:36.1377890Z [command]/usr/local/bin/git version
2026-09-11T23:11:36.1468630Z git version 2.55.0
2026-09-11T23:11:36.1504540Z Copying '/Users/runner/.gitconfig' to '/Users/runner/work/_temp/456b5b65-2db6-4a4a-8d8c-3615af458ad6/.gitconfig'
2026-09-11T23:11:36.1518740Z Temporarily overriding HOME='/Users/runner/work/_temp/456b5b65-2db6-4a4a-8d8c-3615af458ad6' before making global git config changes
2026-09-11T23:11:36.1520440Z Adding repository directory to the temporary git global config as a safe directory
2026-09-11T23:11:36.1525280Z [command]/usr/local/bin/git config --global --add safe.directory /Users/runner/work/Silex/Silex/Baseline
2026-09-11T23:11:36.1618500Z Removing SSH command configuration
2026-09-11T23:11:36.1626600Z [command]/usr/local/bin/git config --local --name-only --get-regexp core\.sshCommand
2026-09-11T23:11:36.1725970Z [command]/usr/local/bin/git submodule foreach --recursive sh -c "git config --local --name-only --get-regexp 'core\.sshCommand' && git config --local --unset-all 'core.sshCommand' || :"
2026-09-11T23:11:36.2914920Z Removing HTTP extra header
2026-09-11T23:11:36.2921700Z [command]/usr/local/bin/git config --local --name-only --get-regexp http\.https\:\/\/github\.com\/\.extraheader
2026-09-11T23:11:36.3016180Z [command]/usr/local/bin/git submodule foreach --recursive sh -c "git config --local --name-only --get-regexp 'http\.https\:\/\/github\.com\/\.extraheader' && git config --local --unset-all 'http.https://github.com/.extraheader' || :"
2026-09-11T23:11:36.4173570Z Removing includeIf entries pointing to credentials config files
2026-09-11T23:11:36.4180310Z [command]/usr/local/bin/git config --local --name-only --get-regexp ^includeIf\.gitdir:
2026-09-11T23:11:36.4261630Z includeif.gitdir:/Users/runner/work/Silex/Silex/Baseline/.git.path
2026-09-11T23:11:36.4263010Z includeif.gitdir:/Users/runner/work/Silex/Silex/Baseline/.git/worktrees/*.path
2026-09-11T23:11:36.4264140Z includeif.gitdir:/github/workspace/Baseline/.git.path
2026-09-11T23:11:36.4265090Z includeif.gitdir:/github/workspace/Baseline/.git/worktrees/*.path
2026-09-11T23:11:36.4272850Z [command]/usr/local/bin/git config --local --get-all includeif.gitdir:/Users/runner/work/Silex/Silex/Baseline/.git.path
2026-09-11T23:11:36.4353940Z /Users/runner/work/_temp/git-credentials-f5002929-6bf3-464e-bba4-07cf6e209fa7.config
2026-09-11T23:11:36.4370130Z [command]/usr/local/bin/git config --local --unset includeif.gitdir:/Users/runner/work/Silex/Silex/Baseline/.git.path /Users/runner/work/_temp/git-credentials-f5002929-6bf3-464e-bba4-07cf6e209fa7.config
2026-09-11T23:11:36.4473020Z [command]/usr/local/bin/git config --local --get-all includeif.gitdir:/Users/runner/work/Silex/Silex/Baseline/.git/worktrees/*.path
2026-09-11T23:11:36.4561100Z /Users/runner/work/_temp/git-credentials-f5002929-6bf3-464e-bba4-07cf6e209fa7.config
2026-09-11T23:11:36.4573370Z [command]/usr/local/bin/git config --local --unset includeif.gitdir:/Users/runner/work/Silex/Silex/Baseline/.git/worktrees/*.path /Users/runner/work/_temp/git-credentials-f5002929-6bf3-464e-bba4-07cf6e209fa7.config
2026-09-11T23:11:36.4791110Z [command]/usr/local/bin/git config --local --get-all includeif.gitdir:/github/workspace/Baseline/.git.path
2026-09-11T23:11:36.4794570Z /github/runner_temp/git-credentials-f5002929-6bf3-464e-bba4-07cf6e209fa7.config
2026-09-11T23:11:36.4803320Z [command]/usr/local/bin/git config --local --unset includeif.gitdir:/github/workspace/Baseline/.git.path /github/runner_temp/git-credentials-f5002929-6bf3-464e-bba4-07cf6e209fa7.config
2026-09-11T23:11:36.4899900Z [command]/usr/local/bin/git config --local --get-all includeif.gitdir:/github/workspace/Baseline/.git/worktrees/*.path
2026-09-11T23:11:36.4985690Z /github/runner_temp/git-credentials-f5002929-6bf3-464e-bba4-07cf6e209fa7.config
2026-09-11T23:11:36.4997590Z [command]/usr/local/bin/git config --local --unset includeif.gitdir:/github/workspace/Baseline/.git/worktrees/*.path /github/runner_temp/git-credentials-f5002929-6bf3-464e-bba4-07cf6e209fa7.config
2026-09-11T23:11:36.5115010Z [command]/usr/local/bin/git submodule foreach --recursive git config --local --show-origin --name-only --get-regexp remote.origin.url
2026-09-11T23:11:36.6323850Z Removing credentials config '/Users/runner/work/_temp/git-credentials-f5002929-6bf3-464e-bba4-07cf6e209fa7.config'
2026-09-11T23:11:36.6545690Z Post job cleanup.
2026-09-11T23:11:36.7985940Z [command]/usr/local/bin/git version
2026-09-11T23:11:36.8075240Z git version 2.55.0
2026-09-11T23:11:36.8111020Z Copying '/Users/runner/.gitconfig' to '/Users/runner/work/_temp/2cb7a464-04e9-41c0-a276-0300c74642a9/.gitconfig'
2026-09-11T23:11:36.8125280Z Temporarily overriding HOME='/Users/runner/work/_temp/2cb7a464-04e9-41c0-a276-0300c74642a9' before making global git config changes
2026-09-11T23:11:36.8126870Z Adding repository directory to the temporary git global config as a safe directory
2026-09-11T23:11:36.8131890Z [command]/usr/local/bin/git config --global --add safe.directory /Users/runner/work/Silex/Silex/Dependencies/STD
2026-09-11T23:11:36.8249930Z Removing SSH command configuration
2026-09-11T23:11:36.8257660Z [command]/usr/local/bin/git config --local --name-only --get-regexp core\.sshCommand
2026-09-11T23:11:36.8353570Z [command]/usr/local/bin/git submodule foreach --recursive sh -c "git config --local --name-only --get-regexp 'core\.sshCommand' && git config --local --unset-all 'core.sshCommand' || :"
2026-09-11T23:11:36.9509670Z Removing HTTP extra header
2026-09-11T23:11:36.9515820Z [command]/usr/local/bin/git config --local --name-only --get-regexp http\.https\:\/\/github\.com\/\.extraheader
2026-09-11T23:11:36.9610600Z [command]/usr/local/bin/git submodule foreach --recursive sh -c "git config --local --name-only --get-regexp 'http\.https\:\/\/github\.com\/\.extraheader' && git config --local --unset-all 'http.https://github.com/.extraheader' || :"
2026-09-11T23:11:37.0814270Z Removing includeIf entries pointing to credentials config files
2026-09-11T23:11:37.0821100Z [command]/usr/local/bin/git config --local --name-only --get-regexp ^includeIf\.gitdir:
2026-09-11T23:11:37.0905620Z includeif.gitdir:/Users/runner/work/Silex/Silex/Dependencies/STD/.git.path
2026-09-11T23:11:37.0908100Z includeif.gitdir:/Users/runner/work/Silex/Silex/Dependencies/STD/.git/worktrees/*.path
2026-09-11T23:11:37.0909520Z includeif.gitdir:/github/workspace/Dependencies/STD/.git.path
2026-09-11T23:11:37.0910660Z includeif.gitdir:/github/workspace/Dependencies/STD/.git/worktrees/*.path
2026-09-11T23:11:37.0919190Z [command]/usr/local/bin/git config --local --get-all includeif.gitdir:/Users/runner/work/Silex/Silex/Dependencies/STD/.git.path
2026-09-11T23:11:37.1003100Z /Users/runner/work/_temp/git-credentials-d91f3885-af5f-45d0-9df8-fcf690966a69.config
2026-09-11T23:11:37.1015150Z [command]/usr/local/bin/git config --local --unset includeif.gitdir:/Users/runner/work/Silex/Silex/Dependencies/STD/.git.path /Users/runner/work/_temp/git-credentials-d91f3885-af5f-45d0-9df8-fcf690966a69.config
2026-09-11T23:11:37.1119100Z [command]/usr/local/bin/git config --local --get-all includeif.gitdir:/Users/runner/work/Silex/Silex/Dependencies/STD/.git/worktrees/*.path
2026-09-11T23:11:37.1200150Z /Users/runner/work/_temp/git-credentials-d91f3885-af5f-45d0-9df8-fcf690966a69.config
2026-09-11T23:11:37.1213250Z [command]/usr/local/bin/git config --local --unset includeif.gitdir:/Users/runner/work/Silex/Silex/Dependencies/STD/.git/worktrees/*.path /Users/runner/work/_temp/git-credentials-d91f3885-af5f-45d0-9df8-fcf690966a69.config
2026-09-11T23:11:37.1308150Z [command]/usr/local/bin/git config --local --get-all includeif.gitdir:/github/workspace/Dependencies/STD/.git.path
2026-09-11T23:11:37.1388690Z /github/runner_temp/git-credentials-d91f3885-af5f-45d0-9df8-fcf690966a69.config
2026-09-11T23:11:37.1399040Z [command]/usr/local/bin/git config --local --unset includeif.gitdir:/github/workspace/Dependencies/STD/.git.path /github/runner_temp/git-credentials-d91f3885-af5f-45d0-9df8-fcf690966a69.config
2026-09-11T23:11:37.1496200Z [command]/usr/local/bin/git config --local --get-all includeif.gitdir:/github/workspace/Dependencies/STD/.git/worktrees/*.path
2026-09-11T23:11:37.1574180Z /github/runner_temp/git-credentials-d91f3885-af5f-45d0-9df8-fcf690966a69.config
2026-09-11T23:11:37.1586550Z [command]/usr/local/bin/git config --local --unset includeif.gitdir:/github/workspace/Dependencies/STD/.git/worktrees/*.path /github/runner_temp/git-credentials-d91f3885-af5f-45d0-9df8-fcf690966a69.config
2026-09-11T23:11:37.1682140Z [command]/usr/local/bin/git submodule foreach --recursive git config --local --show-origin --name-only --get-regexp remote.origin.url
2026-09-11T23:11:37.2837590Z Removing credentials config '/Users/runner/work/_temp/git-credentials-d91f3885-af5f-45d0-9df8-fcf690966a69.config'
2026-09-11T23:11:37.3051870Z Post job cleanup.
2026-09-11T23:11:37.4687080Z [command]/usr/local/bin/git version
2026-09-11T23:11:37.4776360Z git version 2.55.0
2026-09-11T23:11:37.4812010Z Copying '/Users/runner/.gitconfig' to '/Users/runner/work/_temp/513cbd2b-018e-495a-813d-ef537ea65c58/.gitconfig'
2026-09-11T23:11:37.4826950Z Temporarily overriding HOME='/Users/runner/work/_temp/513cbd2b-018e-495a-813d-ef537ea65c58' before making global git config changes
2026-09-11T23:11:37.4829330Z Adding repository directory to the temporary git global config as a safe directory
2026-09-11T23:11:37.4834590Z [command]/usr/local/bin/git config --global --add safe.directory /Users/runner/work/Silex/Silex
2026-09-11T23:11:37.4927810Z Removing SSH command configuration
2026-09-11T23:11:37.4936090Z [command]/usr/local/bin/git config --local --name-only --get-regexp core\.sshCommand
2026-09-11T23:11:37.5032710Z [command]/usr/local/bin/git submodule foreach --recursive sh -c "git config --local --name-only --get-regexp 'core\.sshCommand' && git config --local --unset-all 'core.sshCommand' || :"
2026-09-11T23:11:37.6241240Z Removing HTTP extra header
2026-09-11T23:11:37.6247320Z [command]/usr/local/bin/git config --local --name-only --get-regexp http\.https\:\/\/github\.com\/\.extraheader
2026-09-11T23:11:37.6340770Z [command]/usr/local/bin/git submodule foreach --recursive sh -c "git config --local --name-only --get-regexp 'http\.https\:\/\/github\.com\/\.extraheader' && git config --local --unset-all 'http.https://github.com/.extraheader' || :"
2026-09-11T23:11:37.7503310Z Removing includeIf entries pointing to credentials config files
2026-09-11T23:11:37.7510160Z [command]/usr/local/bin/git config --local --name-only --get-regexp ^includeIf\.gitdir:
2026-09-11T23:11:37.7592250Z includeif.gitdir:/Users/runner/work/Silex/Silex/.git.path
2026-09-11T23:11:37.7593430Z includeif.gitdir:/Users/runner/work/Silex/Silex/.git/worktrees/*.path
2026-09-11T23:11:37.7594420Z includeif.gitdir:/github/workspace/.git.path
2026-09-11T23:11:37.7595200Z includeif.gitdir:/github/workspace/.git/worktrees/*.path
2026-09-11T23:11:37.7603130Z [command]/usr/local/bin/git config --local --get-all includeif.gitdir:/Users/runner/work/Silex/Silex/.git.path
2026-09-11T23:11:37.7696660Z /Users/runner/work/_temp/git-credentials-0c245fcc-5de0-4eff-8f22-106df6cdea72.config
2026-09-11T23:11:37.7700950Z [command]/usr/local/bin/git config --local --unset includeif.gitdir:/Users/runner/work/Silex/Silex/.git.path /Users/runner/work/_temp/git-credentials-0c245fcc-5de0-4eff-8f22-106df6cdea72.config
2026-09-11T23:11:37.7807240Z [command]/usr/local/bin/git config --local --get-all includeif.gitdir:/Users/runner/work/Silex/Silex/.git/worktrees/*.path
2026-09-11T23:11:37.7895500Z /Users/runner/work/_temp/git-credentials-0c245fcc-5de0-4eff-8f22-106df6cdea72.config
2026-09-11T23:11:37.7908730Z [command]/usr/local/bin/git config --local --unset includeif.gitdir:/Users/runner/work/Silex/Silex/.git/worktrees/*.path /Users/runner/work/_temp/git-credentials-0c245fcc-5de0-4eff-8f22-106df6cdea72.config
2026-09-11T23:11:37.8075780Z [command]/usr/local/bin/git config --local --get-all includeif.gitdir:/github/workspace/.git.path
2026-09-11T23:11:37.8116740Z /github/runner_temp/git-credentials-0c245fcc-5de0-4eff-8f22-106df6cdea72.config
2026-09-11T23:11:37.8129000Z [command]/usr/local/bin/git config --local --unset includeif.gitdir:/github/workspace/.git.path /github/runner_temp/git-credentials-0c245fcc-5de0-4eff-8f22-106df6cdea72.config
2026-09-11T23:11:37.8240690Z [command]/usr/local/bin/git config --local --get-all includeif.gitdir:/github/workspace/.git/worktrees/*.path
2026-09-11T23:11:37.8327010Z /github/runner_temp/git-credentials-0c245fcc-5de0-4eff-8f22-106df6cdea72.config
2026-09-11T23:11:37.8338760Z [command]/usr/local/bin/git config --local --unset includeif.gitdir:/github/workspace/.git/worktrees/*.path /github/runner_temp/git-credentials-0c245fcc-5de0-4eff-8f22-106df6cdea72.config
2026-09-11T23:11:37.8437730Z [command]/usr/local/bin/git submodule foreach --recursive git config --local --show-origin --name-only --get-regexp remote.origin.url
2026-09-11T23:11:37.9631800Z Removing credentials config '/Users/runner/work/_temp/git-credentials-0c245fcc-5de0-4eff-8f22-106df6cdea72.config'
2026-09-11T23:11:37.9828720Z Cleaning up orphan processes

