2026-09-11T22:49:21.5668868Z Current runner version: '2.337.0'
2026-09-11T22:49:21.5692946Z ##[group]Runner Image Provisioner
2026-09-11T22:49:21.5693845Z Hosted Compute Agent
2026-09-11T22:49:21.5694504Z Version: 20260828.587
2026-09-11T22:49:21.5695237Z Commit: abac92662cab4cc7352de4f9f9d2e2419aad9c29
2026-09-11T22:49:21.5696007Z Build Date: 2026-08-28T16:44:25Z
2026-09-11T22:49:21.5696683Z Worker ID: {ef96c88e-f09c-4549-bd4b-28a06b65111a}
2026-09-11T22:49:21.5697745Z Azure Region: eastus
2026-09-11T22:49:21.5698383Z ##[endgroup]
2026-09-11T22:49:21.5700322Z ##[group]Operating System
2026-09-11T22:49:21.5701028Z Ubuntu
2026-09-11T22:49:21.5701563Z 24.04.5
2026-09-11T22:49:21.5702159Z LTS
2026-09-11T22:49:21.5702719Z ##[endgroup]
2026-09-11T22:49:21.5703328Z ##[group]Runner Image
2026-09-11T22:49:21.5703960Z Image: ubuntu-24.04
2026-09-11T22:49:21.5704546Z Version: 20260907.300.1
2026-09-11T22:49:21.5705888Z Included Software: https://github.com/actions/runner-images/blob/ubuntu24/20260907.300/images/ubuntu/Ubuntu2404-Readme.md
2026-09-11T22:49:21.5707746Z Image Release: https://github.com/actions/runner-images/releases/tag/ubuntu24%2F20260907.300
2026-09-11T22:49:21.5708769Z ##[endgroup]
2026-09-11T22:49:21.5709942Z ##[group]GITHUB_TOKEN Permissions
2026-09-11T22:49:21.5712123Z Contents: read
2026-09-11T22:49:21.5712767Z Metadata: read
2026-09-11T22:49:21.5713466Z ##[endgroup]
2026-09-11T22:49:21.5715960Z Secret source: Actions
2026-09-11T22:49:21.5717403Z Cache mode: write
2026-09-11T22:49:21.5718562Z Prepare workflow directory
2026-09-11T22:49:21.6044309Z Prepare all required actions
2026-09-11T22:49:21.6092374Z Getting action download info
2026-09-11T22:49:21.8287899Z Download action repository 'actions/checkout@v6' (SHA:d23441a48e516b6c34aea4fa41551a30e30af803)
2026-09-11T22:49:22.0461283Z Complete job name: linux-x64
2026-09-11T22:49:22.1217288Z ##[group]Run actions/checkout@v6
2026-09-11T22:49:22.1218219Z with:
2026-09-11T22:49:22.1218668Z   repository: Matanek/Silex
2026-09-11T22:49:22.1222274Z   token: ***
2026-09-11T22:49:22.1222732Z   ssh-strict: true
2026-09-11T22:49:22.1223173Z   ssh-user: git
2026-09-11T22:49:22.1223617Z   persist-credentials: true
2026-09-11T22:49:22.1224107Z   clean: true
2026-09-11T22:49:22.1224559Z   sparse-checkout-cone-mode: true
2026-09-11T22:49:22.1225095Z   fetch-depth: 1
2026-09-11T22:49:22.1225529Z   fetch-tags: false
2026-09-11T22:49:22.1225972Z   show-progress: true
2026-09-11T22:49:22.1226417Z   lfs: false
2026-09-11T22:49:22.1227015Z   submodules: false
2026-09-11T22:49:22.1227473Z   set-safe-directory: true
2026-09-11T22:49:22.1227992Z   allow-unsafe-pr-checkout: false
2026-09-11T22:49:22.1228788Z ##[endgroup]
2026-09-11T22:49:22.2209269Z Syncing repository: Matanek/Silex
2026-09-11T22:49:22.2211823Z ##[group]Getting Git version info
2026-09-11T22:49:22.2213014Z Working directory is '/home/runner/work/Silex/Silex'
2026-09-11T22:49:22.2214616Z [command]/usr/bin/git version
2026-09-11T22:49:22.2294652Z git version 2.55.0
2026-09-11T22:49:22.2322377Z ##[endgroup]
2026-09-11T22:49:22.2336264Z Temporarily overriding HOME='/home/runner/work/_temp/437f7c64-3188-44e5-9e64-c2afe090c651' before making global git config changes
2026-09-11T22:49:22.2338990Z Adding repository directory to the temporary git global config as a safe directory
2026-09-11T22:49:22.2341707Z [command]/usr/bin/git config --global --add safe.directory /home/runner/work/Silex/Silex
2026-09-11T22:49:22.2398077Z Deleting the contents of '/home/runner/work/Silex/Silex'
2026-09-11T22:49:22.2402802Z ##[group]Determining repository object format
2026-09-11T22:49:22.2404949Z ##[endgroup]
2026-09-11T22:49:22.2406172Z ##[group]Initializing the repository
2026-09-11T22:49:22.2409647Z [command]/usr/bin/git init /home/runner/work/Silex/Silex
2026-09-11T22:49:22.2530739Z hint: Using 'master' as the name for the initial branch. This default branch name
2026-09-11T22:49:22.2532470Z hint: will change to "main" in Git 3.0. To configure the initial branch name
2026-09-11T22:49:22.2533561Z hint: to use in all of your new repositories, which will suppress this warning,
2026-09-11T22:49:22.2535365Z hint: call:
2026-09-11T22:49:22.2536073Z hint:
2026-09-11T22:49:22.2537277Z hint: 	git config --global init.defaultBranch <name>
2026-09-11T22:49:22.2538433Z hint:
2026-09-11T22:49:22.2539514Z hint: Names commonly chosen instead of 'master' are 'main', 'trunk' and
2026-09-11T22:49:22.2541311Z hint: 'development'. The just-created branch can be renamed via this command:
2026-09-11T22:49:22.2542651Z hint:
2026-09-11T22:49:22.2543364Z hint: 	git branch -m <name>
2026-09-11T22:49:22.2544189Z hint:
2026-09-11T22:49:22.2545292Z hint: Disable this message with "git config set advice.defaultBranchName false"
2026-09-11T22:49:22.2547364Z Initialized empty Git repository in /home/runner/work/Silex/Silex/.git/
2026-09-11T22:49:22.2550160Z [command]/usr/bin/git remote add origin https://github.com/Matanek/Silex
2026-09-11T22:49:22.2633067Z ##[endgroup]
2026-09-11T22:49:22.2634365Z ##[group]Disabling automatic garbage collection
2026-09-11T22:49:22.2636355Z [command]/usr/bin/git config --local gc.auto 0
2026-09-11T22:49:22.2666703Z ##[endgroup]
2026-09-11T22:49:22.2668267Z ##[group]Setting up auth
2026-09-11T22:49:22.2669090Z Removing SSH command configuration
2026-09-11T22:49:22.2679323Z [command]/usr/bin/git config --local --name-only --get-regexp core\.sshCommand
2026-09-11T22:49:22.2715206Z [command]/usr/bin/git submodule foreach --recursive sh -c "git config --local --name-only --get-regexp 'core\.sshCommand' && git config --local --unset-all 'core.sshCommand' || :"
2026-09-11T22:49:22.3093317Z Removing HTTP extra header
2026-09-11T22:49:22.3100197Z [command]/usr/bin/git config --local --name-only --get-regexp http\.https\:\/\/github\.com\/\.extraheader
2026-09-11T22:49:22.3137774Z [command]/usr/bin/git submodule foreach --recursive sh -c "git config --local --name-only --get-regexp 'http\.https\:\/\/github\.com\/\.extraheader' && git config --local --unset-all 'http.https://github.com/.extraheader' || :"
2026-09-11T22:49:22.3353022Z Removing includeIf entries pointing to credentials config files
2026-09-11T22:49:22.3360860Z [command]/usr/bin/git config --local --name-only --get-regexp ^includeIf\.gitdir:
2026-09-11T22:49:22.3398169Z [command]/usr/bin/git submodule foreach --recursive git config --local --show-origin --name-only --get-regexp remote.origin.url
2026-09-11T22:49:22.3621945Z [command]/usr/bin/git config --file /home/runner/work/_temp/git-credentials-654e5391-0c69-42bd-bca3-c1d32a09abab.config http.https://github.com/.extraheader AUTHORIZATION: basic ***
2026-09-11T22:49:22.3663149Z [command]/usr/bin/git config --local includeIf.gitdir:/home/runner/work/Silex/Silex/.git.path /home/runner/work/_temp/git-credentials-654e5391-0c69-42bd-bca3-c1d32a09abab.config
2026-09-11T22:49:22.3698852Z [command]/usr/bin/git config --local includeIf.gitdir:/home/runner/work/Silex/Silex/.git/worktrees/*.path /home/runner/work/_temp/git-credentials-654e5391-0c69-42bd-bca3-c1d32a09abab.config
2026-09-11T22:49:22.3737664Z [command]/usr/bin/git config --local includeIf.gitdir:/github/workspace/.git.path /github/runner_temp/git-credentials-654e5391-0c69-42bd-bca3-c1d32a09abab.config
2026-09-11T22:49:22.3772712Z [command]/usr/bin/git config --local includeIf.gitdir:/github/workspace/.git/worktrees/*.path /github/runner_temp/git-credentials-654e5391-0c69-42bd-bca3-c1d32a09abab.config
2026-09-11T22:49:22.3804950Z ##[endgroup]
2026-09-11T22:49:22.3805743Z ##[group]Fetching the repository
2026-09-11T22:49:22.3813401Z [command]/usr/bin/git -c protocol.version=2 fetch --no-tags --prune --no-recurse-submodules --depth=1 origin +737fc8c9f9525cf1f7fe3f13af945eb88e63a58b:refs/remotes/origin/spec-silex-optimization-parity-completion
2026-09-11T22:49:23.5610018Z From https://github.com/Matanek/Silex
2026-09-11T22:49:23.5613006Z  * [new ref]         737fc8c9f9525cf1f7fe3f13af945eb88e63a58b -> origin/spec-silex-optimization-parity-completion
2026-09-11T22:49:23.5617002Z [command]/usr/bin/git branch --list --remote origin/spec-silex-optimization-parity-completion
2026-09-11T22:49:23.5641365Z   origin/spec-silex-optimization-parity-completion
2026-09-11T22:49:23.5651004Z [command]/usr/bin/git rev-parse refs/remotes/origin/spec-silex-optimization-parity-completion
2026-09-11T22:49:23.5675699Z 737fc8c9f9525cf1f7fe3f13af945eb88e63a58b
2026-09-11T22:49:23.5681194Z ##[endgroup]
2026-09-11T22:49:23.5682856Z ##[group]Determining the checkout info
2026-09-11T22:49:23.5684607Z ##[endgroup]
2026-09-11T22:49:23.5686079Z [command]/usr/bin/git sparse-checkout disable
2026-09-11T22:49:23.5739723Z [command]/usr/bin/git config --local --unset-all extensions.worktreeConfig
2026-09-11T22:49:23.5770411Z ##[group]Checking out the ref
2026-09-11T22:49:23.5774036Z [command]/usr/bin/git checkout --progress --force -B spec-silex-optimization-parity-completion refs/remotes/origin/spec-silex-optimization-parity-completion
2026-09-11T22:49:23.7895632Z Switched to a new branch 'spec-silex-optimization-parity-completion'
2026-09-11T22:49:23.7901640Z branch 'spec-silex-optimization-parity-completion' set up to track 'origin/spec-silex-optimization-parity-completion'.
2026-09-11T22:49:23.7919428Z ##[endgroup]
2026-09-11T22:49:23.7971178Z [command]/usr/bin/git log -1 --format=%H
2026-09-11T22:49:23.7997941Z 737fc8c9f9525cf1f7fe3f13af945eb88e63a58b
2026-09-11T22:49:23.8267646Z ##[group]Run actions/checkout@v6
2026-09-11T22:49:23.8268042Z with:
2026-09-11T22:49:23.8268315Z   repository: Matanek/Silex-Lib-STD
2026-09-11T22:49:23.8268671Z   ref: 5a018305fb470dfe00e94466150b3c04f207e252
2026-09-11T22:49:23.8269035Z   path: Dependencies/STD
2026-09-11T22:49:23.8271428Z   token: ***
2026-09-11T22:49:23.8271688Z   ssh-strict: true
2026-09-11T22:49:23.8271949Z   ssh-user: git
2026-09-11T22:49:23.8272212Z   persist-credentials: true
2026-09-11T22:49:23.8272505Z   clean: true
2026-09-11T22:49:23.8272780Z   sparse-checkout-cone-mode: true
2026-09-11T22:49:23.8273109Z   fetch-depth: 1
2026-09-11T22:49:23.8273377Z   fetch-tags: false
2026-09-11T22:49:23.8273639Z   show-progress: true
2026-09-11T22:49:23.8273896Z   lfs: false
2026-09-11T22:49:23.8274135Z   submodules: false
2026-09-11T22:49:23.8274419Z   set-safe-directory: true
2026-09-11T22:49:23.8274731Z   allow-unsafe-pr-checkout: false
2026-09-11T22:49:23.8275038Z ##[endgroup]
2026-09-11T22:49:23.9134255Z Syncing repository: Matanek/Silex-Lib-STD
2026-09-11T22:49:23.9163536Z ##[group]Getting Git version info
2026-09-11T22:49:23.9164558Z Working directory is '/home/runner/work/Silex/Silex/Dependencies/STD'
2026-09-11T22:49:23.9209148Z [command]/usr/bin/git version
2026-09-11T22:49:23.9252617Z git version 2.55.0
2026-09-11T22:49:23.9278401Z ##[endgroup]
2026-09-11T22:49:23.9292469Z Temporarily overriding HOME='/home/runner/work/_temp/30d11520-267c-4f2f-a630-f5b1f546752b' before making global git config changes
2026-09-11T22:49:23.9293962Z Adding repository directory to the temporary git global config as a safe directory
2026-09-11T22:49:23.9297511Z [command]/usr/bin/git config --global --add safe.directory /home/runner/work/Silex/Silex/Dependencies/STD
2026-09-11T22:49:23.9331509Z ##[group]Determining repository object format
2026-09-11T22:49:23.9333303Z ##[endgroup]
2026-09-11T22:49:23.9334101Z ##[group]Initializing the repository
2026-09-11T22:49:23.9338965Z [command]/usr/bin/git init /home/runner/work/Silex/Silex/Dependencies/STD
2026-09-11T22:49:23.9381598Z hint: Using 'master' as the name for the initial branch. This default branch name
2026-09-11T22:49:23.9382903Z hint: will change to "main" in Git 3.0. To configure the initial branch name
2026-09-11T22:49:23.9384173Z hint: to use in all of your new repositories, which will suppress this warning,
2026-09-11T22:49:23.9385336Z hint: call:
2026-09-11T22:49:23.9385928Z hint:
2026-09-11T22:49:23.9386505Z hint: 	git config --global init.defaultBranch <name>
2026-09-11T22:49:23.9387731Z hint:
2026-09-11T22:49:23.9388290Z hint: Names commonly chosen instead of 'master' are 'main', 'trunk' and
2026-09-11T22:49:23.9389048Z hint: 'development'. The just-created branch can be renamed via this command:
2026-09-11T22:49:23.9389644Z hint:
2026-09-11T22:49:23.9390046Z hint: 	git branch -m <name>
2026-09-11T22:49:23.9390798Z hint:
2026-09-11T22:49:23.9391338Z hint: Disable this message with "git config set advice.defaultBranchName false"
2026-09-11T22:49:23.9392259Z Initialized empty Git repository in /home/runner/work/Silex/Silex/Dependencies/STD/.git/
2026-09-11T22:49:23.9395909Z [command]/usr/bin/git remote add origin https://github.com/Matanek/Silex-Lib-STD
2026-09-11T22:49:23.9432403Z ##[endgroup]
2026-09-11T22:49:23.9432963Z ##[group]Disabling automatic garbage collection
2026-09-11T22:49:23.9436020Z [command]/usr/bin/git config --local gc.auto 0
2026-09-11T22:49:23.9466721Z ##[endgroup]
2026-09-11T22:49:23.9467547Z ##[group]Setting up auth
2026-09-11T22:49:23.9468361Z Removing SSH command configuration
2026-09-11T22:49:23.9474651Z [command]/usr/bin/git config --local --name-only --get-regexp core\.sshCommand
2026-09-11T22:49:23.9508930Z [command]/usr/bin/git submodule foreach --recursive sh -c "git config --local --name-only --get-regexp 'core\.sshCommand' && git config --local --unset-all 'core.sshCommand' || :"
2026-09-11T22:49:23.9850873Z Removing HTTP extra header
2026-09-11T22:49:23.9852767Z [command]/usr/bin/git config --local --name-only --get-regexp http\.https\:\/\/github\.com\/\.extraheader
2026-09-11T22:49:23.9857629Z [command]/usr/bin/git submodule foreach --recursive sh -c "git config --local --name-only --get-regexp 'http\.https\:\/\/github\.com\/\.extraheader' && git config --local --unset-all 'http.https://github.com/.extraheader' || :"
2026-09-11T22:49:24.0064426Z Removing includeIf entries pointing to credentials config files
2026-09-11T22:49:24.0074096Z [command]/usr/bin/git config --local --name-only --get-regexp ^includeIf\.gitdir:
2026-09-11T22:49:24.0118946Z [command]/usr/bin/git submodule foreach --recursive git config --local --show-origin --name-only --get-regexp remote.origin.url
2026-09-11T22:49:24.0379423Z [command]/usr/bin/git config --file /home/runner/work/_temp/git-credentials-d3781b56-c997-4949-abf6-c970e7f79a0f.config http.https://github.com/.extraheader AUTHORIZATION: basic ***
2026-09-11T22:49:24.0419618Z [command]/usr/bin/git config --local includeIf.gitdir:/home/runner/work/Silex/Silex/Dependencies/STD/.git.path /home/runner/work/_temp/git-credentials-d3781b56-c997-4949-abf6-c970e7f79a0f.config
2026-09-11T22:49:24.0453900Z [command]/usr/bin/git config --local includeIf.gitdir:/home/runner/work/Silex/Silex/Dependencies/STD/.git/worktrees/*.path /home/runner/work/_temp/git-credentials-d3781b56-c997-4949-abf6-c970e7f79a0f.config
2026-09-11T22:49:24.0490171Z [command]/usr/bin/git config --local includeIf.gitdir:/github/workspace/Dependencies/STD/.git.path /github/runner_temp/git-credentials-d3781b56-c997-4949-abf6-c970e7f79a0f.config
2026-09-11T22:49:24.0524478Z [command]/usr/bin/git config --local includeIf.gitdir:/github/workspace/Dependencies/STD/.git/worktrees/*.path /github/runner_temp/git-credentials-d3781b56-c997-4949-abf6-c970e7f79a0f.config
2026-09-11T22:49:24.0560076Z ##[endgroup]
2026-09-11T22:49:24.0560939Z ##[group]Fetching the repository
2026-09-11T22:49:24.0569488Z [command]/usr/bin/git -c protocol.version=2 fetch --no-tags --prune --no-recurse-submodules --depth=1 origin 5a018305fb470dfe00e94466150b3c04f207e252
2026-09-11T22:49:24.3432002Z From https://github.com/Matanek/Silex-Lib-STD
2026-09-11T22:49:24.3433001Z  * branch            5a018305fb470dfe00e94466150b3c04f207e252 -> FETCH_HEAD
2026-09-11T22:49:24.3449004Z [command]/usr/bin/git rev-parse --verify --quiet 5a018305fb470dfe00e94466150b3c04f207e252^{object}
2026-09-11T22:49:24.3478836Z 5a018305fb470dfe00e94466150b3c04f207e252
2026-09-11T22:49:24.3488898Z ##[endgroup]
2026-09-11T22:49:24.3489660Z ##[group]Determining the checkout info
2026-09-11T22:49:24.3490451Z ##[endgroup]
2026-09-11T22:49:24.3494121Z [command]/usr/bin/git sparse-checkout disable
2026-09-11T22:49:24.3542131Z [command]/usr/bin/git config --local --unset-all extensions.worktreeConfig
2026-09-11T22:49:24.3577537Z ##[group]Checking out the ref
2026-09-11T22:49:24.3582021Z [command]/usr/bin/git checkout --progress --force 5a018305fb470dfe00e94466150b3c04f207e252
2026-09-11T22:49:24.3846158Z Note: switching to '5a018305fb470dfe00e94466150b3c04f207e252'.
2026-09-11T22:49:24.3847216Z 
2026-09-11T22:49:24.3847823Z You are in 'detached HEAD' state. You can look around, make experimental
2026-09-11T22:49:24.3849166Z changes and commit them, and you can discard any commits you make in this
2026-09-11T22:49:24.3850446Z state without impacting any branches by switching back to a branch.
2026-09-11T22:49:24.3851253Z 
2026-09-11T22:49:24.3862084Z If you want to create a new branch to retain commits you create, you may
2026-09-11T22:49:24.3863109Z do so (now or later) by using -c with the switch command. Example:
2026-09-11T22:49:24.3863951Z 
2026-09-11T22:49:24.3864096Z   git switch -c <new-branch-name>
2026-09-11T22:49:24.3864350Z 
2026-09-11T22:49:24.3864468Z Or undo this operation with:
2026-09-11T22:49:24.3865471Z 
2026-09-11T22:49:24.3865583Z   git switch -
2026-09-11T22:49:24.3865726Z 
2026-09-11T22:49:24.3865964Z Turn off this advice by setting config variable advice.detachedHead to false
2026-09-11T22:49:24.3866310Z 
2026-09-11T22:49:24.3866426Z HEAD is now at 5a01830 Prepare STD 0.21.0
2026-09-11T22:49:24.3867486Z ##[endgroup]
2026-09-11T22:49:24.3906280Z [command]/usr/bin/git log -1 --format=%H
2026-09-11T22:49:24.3935297Z 5a018305fb470dfe00e94466150b3c04f207e252
2026-09-11T22:49:24.4071809Z ##[group]Run set -euo pipefail
2026-09-11T22:49:24.4072199Z [36;1mset -euo pipefail[0m
2026-09-11T22:49:24.4072484Z [36;1marchive="$RUNNER_TEMP/zig.tar.xz"[0m
2026-09-11T22:49:24.4073008Z [36;1mcurl -fL https://ziglang.org/download/0.16.0/zig-x86_64-linux-0.16.0.tar.xz -o "$archive"[0m
2026-09-11T22:49:24.4073753Z [36;1mecho "70e49664a74374b48b51e6f3fdfbf437f6395d42509050588bd49abe52ba3d00  $archive" | sha256sum -c -[0m
2026-09-11T22:49:24.4074282Z [36;1mtar -xJf "$archive" -C "$RUNNER_TEMP"[0m
2026-09-11T22:49:24.4074658Z [36;1mecho "$RUNNER_TEMP/zig-x86_64-linux-0.16.0" >> "$GITHUB_PATH"[0m
2026-09-11T22:49:24.4115923Z shell: /usr/bin/bash --noprofile --norc -e -o pipefail {0}
2026-09-11T22:49:24.4116313Z ##[endgroup]
2026-09-11T22:49:24.4269630Z   % Total    % Received % Xferd  Average Speed   Time    Time     Time  Current
2026-09-11T22:49:24.4270579Z                                  Dload  Upload   Total   Spent    Left  Speed
2026-09-11T22:49:24.4271085Z 
2026-09-11T22:49:25.3027456Z   0     0    0     0    0     0      0      0 --:--:-- --:--:-- --:--:--     0
2026-09-11T22:49:26.2734819Z   0 52.9M    0 98042    0     0   109k      0  0:08:15 --:--:--  0:08:15  109k
2026-09-11T22:49:27.2777725Z   6 52.9M    6 3631k    0     0  1966k      0  0:00:27  0:00:01  0:00:26 1966k
2026-09-11T22:49:28.2748317Z  27 52.9M   27 14.4M    0     0  5202k      0  0:00:10  0:00:02  0:00:08 5202k
2026-09-11T22:49:29.2734771Z  45 52.9M   45 24.0M    0     0  6399k      0  0:00:08  0:00:03  0:00:05 6399k
2026-09-11T22:49:30.2752815Z  60 52.9M   60 32.2M    0     0  6807k      0  0:00:07  0:00:04  0:00:03 6806k
2026-09-11T22:49:31.3258028Z  77 52.9M   77 41.0M    0     0  7192k      0  0:00:07  0:00:05  0:00:02 8439k
2026-09-11T22:49:31.5714718Z  92 52.9M   92 49.0M    0     0  7284k      0  0:00:07  0:00:06  0:00:01 9228k
2026-09-11T22:49:31.5715584Z 100 52.9M  100 52.9M    0     0  7583k      0  0:00:07  0:00:07 --:--:-- 9165k
2026-09-11T22:49:31.6164087Z /home/runner/work/_temp/zig.tar.xz: OK
2026-09-11T22:49:35.3242655Z ##[group]Run set -euo pipefail
2026-09-11T22:49:35.3243070Z [36;1mset -euo pipefail[0m
2026-09-11T22:49:35.3243326Z [36;1mtest "$(uname -m)" = "x86_64"[0m
2026-09-11T22:49:35.3243617Z [36;1mexport HOME="$RUNNER_TEMP/home"[0m
2026-09-11T22:49:35.3243899Z [36;1mmkdir -p "$HOME"[0m
2026-09-11T22:49:35.3244190Z [36;1mzig build -Doptimize=ReleaseFast -Dcpu=baseline \[0m
2026-09-11T22:49:35.3244557Z [36;1m  --prefix "$RUNNER_TEMP/silex-prefix" \[0m
2026-09-11T22:49:35.3244875Z [36;1m  --build-file Toolchain/build.zig[0m
2026-09-11T22:49:35.3245193Z [36;1msilex="$RUNNER_TEMP/silex-prefix/bin/silex"[0m
2026-09-11T22:49:35.3245494Z [36;1m"$silex" setup[0m
2026-09-11T22:49:35.3246070Z [36;1m"$silex" link "$GITHUB_WORKSPACE/Dependencies/STD" --workspace "$GITHUB_WORKSPACE"[0m
2026-09-11T22:49:35.3246597Z [36;1m"$silex" test "$GITHUB_WORKSPACE/Tests/Types/Str/Operators.sx"[0m
2026-09-11T22:49:35.3247359Z [36;1m"$silex" test "$GITHUB_WORKSPACE/Tests/Types/Str/Returns.sx"[0m
2026-09-11T22:49:35.3247817Z [36;1m"$silex" test "$GITHUB_WORKSPACE/Tests/Native/NativePortability.sx"[0m
2026-09-11T22:49:35.3248310Z [36;1m"$silex" compile "$GITHUB_WORKSPACE/Tests/Native/NativePortability.sx" \[0m
2026-09-11T22:49:35.3248765Z [36;1m  --release -o "$RUNNER_TEMP/native-portability"[0m
2026-09-11T22:49:35.3249176Z [36;1mportability_output=$("$RUNNER_TEMP/native-portability")[0m
2026-09-11T22:49:35.3249544Z [36;1mprintf '%s\n' "$portability_output"[0m
2026-09-11T22:49:35.3250012Z [36;1mcycle_drops=$(printf '%s\n' "$portability_output" | grep -c '^native cycle drop$')[0m
2026-09-11T22:49:35.3250458Z [36;1mtest "$cycle_drops" -eq 6[0m
2026-09-11T22:49:35.3250889Z [36;1m"$silex" compile "$GITHUB_WORKSPACE/Tests/Native/DistributionSmoke.sx" \[0m
2026-09-11T22:49:35.3251351Z [36;1m  --release -o "$RUNNER_TEMP/distribution-smoke"[0m
2026-09-11T22:49:35.3251787Z [36;1mtest "$("$RUNNER_TEMP/distribution-smoke")" = "silex distribution ready"[0m
2026-09-11T22:49:35.3252428Z [36;1maggregate_fixture="$GITHUB_WORKSPACE/Toolchain/Benchmarks/Optimizer/Regressions/AggregateFieldStores.sx"[0m
2026-09-11T22:49:35.3253147Z [36;1mtest "$("$silex" interpret "$aggregate_fixture" --nocache)" = "aggregate field stores preserved"[0m
2026-09-11T22:49:35.3253628Z [36;1mfor mode in debug release; do[0m
2026-09-11T22:49:35.3253971Z [36;1m  "$silex" compile "$aggregate_fixture" "--$mode" --nocache \[0m
2026-09-11T22:49:35.3254360Z [36;1m    -o "$RUNNER_TEMP/aggregate-fields-$mode"[0m
2026-09-11T22:49:35.3254815Z [36;1m  test "$("$RUNNER_TEMP/aggregate-fields-$mode")" = "aggregate field stores preserved"[0m
2026-09-11T22:49:35.3255251Z [36;1mdone[0m
2026-09-11T22:49:35.3255620Z [36;1mminmax_fixture="$GITHUB_WORKSPACE/Toolchain/Benchmarks/Native/ScalarMathMinMax.sx"[0m
2026-09-11T22:49:35.3256085Z [36;1mfor mode in debug release; do[0m
2026-09-11T22:49:35.3256417Z [36;1m  "$silex" compile "$minmax_fixture" "--$mode" --nocache \[0m
2026-09-11T22:49:35.3257013Z [36;1m    -o "$RUNNER_TEMP/scalar-math-minmax-$mode"[0m
2026-09-11T22:49:35.3257518Z [36;1m  test "$("$RUNNER_TEMP/scalar-math-minmax-$mode")" = "scalar-math-minmax: pass"[0m
2026-09-11T22:49:35.3257933Z [36;1mdone[0m
2026-09-11T22:49:35.3258291Z [36;1m# Compile the exact standalone witness without the optimizer package's STD graph.[0m
2026-09-11T22:49:35.3258777Z [36;1mscalar_root="$RUNNER_TEMP/scalar-float-fixture"[0m
2026-09-11T22:49:35.3259099Z [36;1mmkdir -p "$scalar_root"[0m
2026-09-11T22:49:35.3259445Z [36;1mprintf '%s\n' '{"sources":"."}' > "$scalar_root/Package.json"[0m
2026-09-11T22:49:35.3259867Z [36;1mscalar_fixture="$scalar_root/ScalarFloatResidence.sx"[0m
2026-09-11T22:49:35.3260475Z [36;1mcp "$GITHUB_WORKSPACE/Toolchain/Benchmarks/Optimizer/Regressions/ScalarFloatResidence.sx" "$scalar_fixture"[0m
2026-09-11T22:49:35.3261029Z [36;1mfor mode in debug release; do[0m
2026-09-11T22:49:35.3261368Z [36;1m  "$silex" compile "$scalar_fixture" "--$mode" --nocache \[0m
2026-09-11T22:49:35.3261935Z [36;1m    -o "$RUNNER_TEMP/scalar-float-residence-$mode"[0m
2026-09-11T22:49:35.3262350Z [36;1m  scalar_output=$("$RUNNER_TEMP/scalar-float-residence-$mode")[0m
2026-09-11T22:49:35.3262771Z [36;1m  test "$(printf '%s\n' "$scalar_output" | wc -l)" -eq 9[0m
2026-09-11T22:49:35.3263181Z [36;1m  test "$(printf '%s\n' "$scalar_output" | grep -c '^true$')" -eq 9[0m
2026-09-11T22:49:35.3263526Z [36;1mdone[0m
2026-09-11T22:49:35.3263788Z [36;1mbranch_fixture="$scalar_root/BranchComparisons.sx"[0m
2026-09-11T22:49:35.3264366Z [36;1mcp "$GITHUB_WORKSPACE/Toolchain/Benchmarks/Optimizer/Regressions/BranchComparisons.sx" "$branch_fixture"[0m
2026-09-11T22:49:35.3264898Z [36;1mfor mode in debug release; do[0m
2026-09-11T22:49:35.3265342Z [36;1m  "$silex" compile "$branch_fixture" "--$mode" --nocache \[0m
2026-09-11T22:49:35.3265716Z [36;1m    -o "$RUNNER_TEMP/branch-comparisons-$mode"[0m
2026-09-11T22:49:35.3266094Z [36;1m  test "$("$RUNNER_TEMP/branch-comparisons-$mode")" = "true"[0m
2026-09-11T22:49:35.3266431Z [36;1mdone[0m
2026-09-11T22:49:35.3266690Z [36;1msnapshot_fixture="$scalar_root/BranchSnapshots.sx"[0m
2026-09-11T22:49:35.3267526Z [36;1mcp "$GITHUB_WORKSPACE/Toolchain/Benchmarks/Optimizer/Regressions/BranchSnapshots.sx" "$snapshot_fixture"[0m
2026-09-11T22:49:35.3268072Z [36;1mfor mode in debug release; do[0m
2026-09-11T22:49:35.3268422Z [36;1m  "$silex" compile "$snapshot_fixture" "--$mode" --nocache \[0m
2026-09-11T22:49:35.3268817Z [36;1m    -o "$RUNNER_TEMP/branch-snapshots-$mode"[0m
2026-09-11T22:49:35.3269195Z [36;1m  snapshot_output=$("$RUNNER_TEMP/branch-snapshots-$mode")[0m
2026-09-11T22:49:35.3269604Z [36;1m  test "$(printf '%s\n' "$snapshot_output" | wc -l)" -eq 8[0m
2026-09-11T22:49:35.3270034Z [36;1m  test "$(printf '%s\n' "$snapshot_output" | grep -c '^true$')" -eq 8[0m
2026-09-11T22:49:35.3270384Z [36;1mdone[0m
2026-09-11T22:49:35.3270654Z [36;1mloop_exit_fixture="$scalar_root/LoopExitResidence.sx"[0m
2026-09-11T22:49:35.3271269Z [36;1mcp "$GITHUB_WORKSPACE/Toolchain/Benchmarks/Optimizer/Regressions/LoopExitResidence.sx" "$loop_exit_fixture"[0m
2026-09-11T22:49:35.3271814Z [36;1mfor mode in debug release; do[0m
2026-09-11T22:49:35.3272153Z [36;1m  "$silex" compile "$loop_exit_fixture" "--$mode" --nocache \[0m
2026-09-11T22:49:35.3272557Z [36;1m    -o "$RUNNER_TEMP/loop-exit-residence-$mode"[0m
2026-09-11T22:49:35.3272952Z [36;1m  loop_exit_output=$("$RUNNER_TEMP/loop-exit-residence-$mode")[0m
2026-09-11T22:49:35.3273382Z [36;1m  test "$(printf '%s\n' "$loop_exit_output" | wc -l)" -eq 5[0m
2026-09-11T22:49:35.3273804Z [36;1m  test "$(printf '%s\n' "$loop_exit_output" | grep -c '^true$')" -eq 5[0m
2026-09-11T22:49:35.3274156Z [36;1mdone[0m
2026-09-11T22:49:35.3274444Z [36;1mfloat_memory_fixture="$scalar_root/FloatMemoryResidence.sx"[0m
2026-09-11T22:49:35.3275090Z [36;1mcp "$GITHUB_WORKSPACE/Toolchain/Benchmarks/Optimizer/Regressions/FloatMemoryResidence.sx" "$float_memory_fixture"[0m
2026-09-11T22:49:35.3275661Z [36;1mfor mode in debug release; do[0m
2026-09-11T22:49:35.3276013Z [36;1m  "$silex" compile "$float_memory_fixture" "--$mode" --nocache \[0m
2026-09-11T22:49:35.3276427Z [36;1m    -o "$RUNNER_TEMP/float-memory-residence-$mode"[0m
2026-09-11T22:49:35.3277157Z [36;1m  float_memory_output=$("$RUNNER_TEMP/float-memory-residence-$mode")[0m
2026-09-11T22:49:35.3277699Z [36;1m  test "$(printf '%s\n' "$float_memory_output" | wc -l)" -eq 10[0m
2026-09-11T22:49:35.3278141Z [36;1m  test "$(printf '%s\n' "$float_memory_output" | grep -c '^true$')" -eq 10[0m
2026-09-11T22:49:35.3278502Z [36;1mdone[0m
2026-09-11T22:49:35.3278793Z [36;1mfloat_operands_fixture="$scalar_root/ScalarFloatOperands.sx"[0m
2026-09-11T22:49:35.3279460Z [36;1mcp "$GITHUB_WORKSPACE/Toolchain/Benchmarks/Optimizer/Regressions/ScalarFloatOperands.sx" "$float_operands_fixture"[0m
2026-09-11T22:49:35.3280033Z [36;1mfor mode in debug release; do[0m
2026-09-11T22:49:35.3280388Z [36;1m  "$silex" compile "$float_operands_fixture" "--$mode" --nocache \[0m
2026-09-11T22:49:35.3280947Z [36;1m    -o "$RUNNER_TEMP/scalar-float-operands-$mode"[0m
2026-09-11T22:49:35.3281404Z [36;1m  float_operands_output=$("$RUNNER_TEMP/scalar-float-operands-$mode")[0m
2026-09-11T22:49:35.3281871Z [36;1m  test "$(printf '%s\n' "$float_operands_output" | wc -l)" -eq 18[0m
2026-09-11T22:49:35.3282330Z [36;1m  test "$(printf '%s\n' "$float_operands_output" | grep -c '^true$')" -eq 18[0m
2026-09-11T22:49:35.3282703Z [36;1mdone[0m
2026-09-11T22:49:35.3283021Z [36;1mprivate_length_fixture="$scalar_root/PrivateCollectionLengths.sx"[0m
2026-09-11T22:49:35.3283716Z [36;1mcp "$GITHUB_WORKSPACE/Toolchain/Benchmarks/Optimizer/Regressions/PrivateCollectionLengths.sx" "$private_length_fixture"[0m
2026-09-11T22:49:35.3284420Z [36;1mfor mode in debug release; do[0m
2026-09-11T22:49:35.3284779Z [36;1m  "$silex" compile "$private_length_fixture" "--$mode" --nocache \[0m
2026-09-11T22:49:35.3285207Z [36;1m    -o "$RUNNER_TEMP/private-collection-lengths-$mode"[0m
2026-09-11T22:49:35.3285667Z [36;1m  private_length_output=$("$RUNNER_TEMP/private-collection-lengths-$mode")[0m
2026-09-11T22:49:35.3286143Z [36;1m  test "$(printf '%s\n' "$private_length_output" | wc -l)" -eq 10[0m
2026-09-11T22:49:35.3286601Z [36;1m  test "$(printf '%s\n' "$private_length_output" | grep -c '^true$')" -eq 10[0m
2026-09-11T22:49:35.3287211Z [36;1mdone[0m
2026-09-11T22:49:35.3327472Z shell: /usr/bin/bash --noprofile --norc -e -o pipefail {0}
2026-09-11T22:49:35.3327832Z ##[endgroup]
2026-09-11T22:54:45.4482487Z silex: installed Shadercross for linux-x64
2026-09-11T22:54:54.3003150Z silex: installed Native linker for linux-x64
2026-09-11T22:54:54.3019248Z silex: linked STD@0.21.0 to /home/runner/work/Silex/Silex/Dependencies/STD for this workspace
2026-09-11T22:55:07.5142605Z ok - str concatenation operand positions
2026-09-11T22:55:07.5343864Z ok - str compound concatenation
2026-09-11T22:55:07.5538567Z ok - str equality and interpolation
2026-09-11T22:55:07.5732123Z ok - str unicode scalar count
2026-09-11T22:55:07.5735094Z 4 passed; 0 failed
2026-09-11T22:55:07.6249885Z ok - str return positions
2026-09-11T22:55:07.6251018Z 1 passed; 0 failed
2026-09-11T22:55:07.6831692Z ok - execute direct indirect and dynamic calls beyond native registers
2026-09-11T22:55:07.7052818Z ok - preserve paired float32 arithmetic on native
2026-09-11T22:55:07.7259223Z ok - mutate a class-owned native list without changing its snapshot
2026-09-11T22:55:07.7458251Z ok - replace class elements in a class-owned native list
2026-09-11T22:55:07.7655634Z ok - preserve embedded byte contents on native
2026-09-11T22:55:07.7859163Z ok - format native floats through the standalone runtime
2026-09-11T22:55:07.8055183Z ok - convert native float precision in both directions
2026-09-11T22:55:07.8255457Z ok - replace and preserve an aliased native list
2026-09-11T22:55:07.8452008Z ok - swap and reverse a native list
2026-09-11T22:55:07.8663243Z ok - grow a native list at every position
2026-09-11T22:55:07.8867062Z ok - remove native list elements from every position
2026-09-11T22:55:07.9065767Z ok - slice view mutate and clear native lists
2026-09-11T22:55:07.9264843Z ok - mutable aggregate view detaches shared native list
2026-09-11T22:55:07.9464344Z copy state drop
2026-09-11T22:55:07.9466074Z copy state drop
2026-09-11T22:55:07.9466609Z ok - deep-copy repeated native class roots without collections
2026-09-11T22:55:07.9668446Z native cycle drop
2026-09-11T22:55:07.9668841Z native cycle drop
2026-09-11T22:55:07.9669250Z ok - finalize a direct native class cycle
2026-09-11T22:55:07.9877158Z native cycle drop
2026-09-11T22:55:07.9877839Z native cycle drop
2026-09-11T22:55:07.9878517Z ok - finalize a native class cycle through lists
2026-09-11T22:55:08.0078468Z native cycle drop
2026-09-11T22:55:08.0078841Z native cycle drop
2026-09-11T22:55:08.0079281Z ok - finalize a native class cycle through protocols
2026-09-11T22:55:08.0281383Z ok - execute the complete native collection mutation slice
2026-09-11T22:55:08.0484939Z copy state drop
2026-09-11T22:55:08.0485461Z copy state drop
2026-09-11T22:55:08.0485745Z ok - execute native ownership and deep-copy runtime
2026-09-11T22:55:08.0689816Z ok - preserve resource aggregates across native list growth
2026-09-11T22:55:08.0887160Z ok - serialize native mutations with mutex
2026-09-11T22:55:08.1088129Z native cycle drop
2026-09-11T22:55:08.1088436Z native cycle drop
2026-09-11T22:55:08.1088654Z native cycle drop
2026-09-11T22:55:08.1088858Z native cycle drop
2026-09-11T22:55:08.1089058Z native cycle drop
2026-09-11T22:55:08.1089256Z native cycle drop
2026-09-11T22:55:08.1089609Z ok - finalize native cycles across direct collection and protocol edges
2026-09-11T22:55:08.1096194Z 22 passed; 0 failed
2026-09-11T22:55:08.1858140Z copy state drop
2026-09-11T22:55:08.1858541Z copy state drop
2026-09-11T22:55:08.1858817Z native cycle drop
2026-09-11T22:55:08.1859028Z native cycle drop
2026-09-11T22:55:08.1859222Z native cycle drop
2026-09-11T22:55:08.1859424Z native cycle drop
2026-09-11T22:55:08.1859618Z native cycle drop
2026-09-11T22:55:08.1859835Z native cycle drop
2026-09-11T22:55:09.1561938Z Post job cleanup.
2026-09-11T22:55:09.2388828Z [command]/usr/bin/git version
2026-09-11T22:55:09.2426297Z git version 2.55.0
2026-09-11T22:55:09.2473483Z Temporarily overriding HOME='/home/runner/work/_temp/5f0a8ef2-bebc-41fc-9ca8-28d188c78cb9' before making global git config changes
2026-09-11T22:55:09.2475012Z Adding repository directory to the temporary git global config as a safe directory
2026-09-11T22:55:09.2479346Z [command]/usr/bin/git config --global --add safe.directory /home/runner/work/Silex/Silex/Dependencies/STD
2026-09-11T22:55:09.2512718Z Removing SSH command configuration
2026-09-11T22:55:09.2519855Z [command]/usr/bin/git config --local --name-only --get-regexp core\.sshCommand
2026-09-11T22:55:09.2578904Z [command]/usr/bin/git submodule foreach --recursive sh -c "git config --local --name-only --get-regexp 'core\.sshCommand' && git config --local --unset-all 'core.sshCommand' || :"
2026-09-11T22:55:09.2801086Z Removing HTTP extra header
2026-09-11T22:55:09.2808036Z [command]/usr/bin/git config --local --name-only --get-regexp http\.https\:\/\/github\.com\/\.extraheader
2026-09-11T22:55:09.2844869Z [command]/usr/bin/git submodule foreach --recursive sh -c "git config --local --name-only --get-regexp 'http\.https\:\/\/github\.com\/\.extraheader' && git config --local --unset-all 'http.https://github.com/.extraheader' || :"
2026-09-11T22:55:09.3105439Z Removing includeIf entries pointing to credentials config files
2026-09-11T22:55:09.3118918Z [command]/usr/bin/git config --local --name-only --get-regexp ^includeIf\.gitdir:
2026-09-11T22:55:09.3147909Z includeif.gitdir:/home/runner/work/Silex/Silex/Dependencies/STD/.git.path
2026-09-11T22:55:09.3149079Z includeif.gitdir:/home/runner/work/Silex/Silex/Dependencies/STD/.git/worktrees/*.path
2026-09-11T22:55:09.3150301Z includeif.gitdir:/github/workspace/Dependencies/STD/.git.path
2026-09-11T22:55:09.3151328Z includeif.gitdir:/github/workspace/Dependencies/STD/.git/worktrees/*.path
2026-09-11T22:55:09.3159112Z [command]/usr/bin/git config --local --get-all includeif.gitdir:/home/runner/work/Silex/Silex/Dependencies/STD/.git.path
2026-09-11T22:55:09.3183048Z /home/runner/work/_temp/git-credentials-d3781b56-c997-4949-abf6-c970e7f79a0f.config
2026-09-11T22:55:09.3198351Z [command]/usr/bin/git config --local --unset includeif.gitdir:/home/runner/work/Silex/Silex/Dependencies/STD/.git.path /home/runner/work/_temp/git-credentials-d3781b56-c997-4949-abf6-c970e7f79a0f.config
2026-09-11T22:55:09.3243516Z [command]/usr/bin/git config --local --get-all includeif.gitdir:/home/runner/work/Silex/Silex/Dependencies/STD/.git/worktrees/*.path
2026-09-11T22:55:09.3271545Z /home/runner/work/_temp/git-credentials-d3781b56-c997-4949-abf6-c970e7f79a0f.config
2026-09-11T22:55:09.3282819Z [command]/usr/bin/git config --local --unset includeif.gitdir:/home/runner/work/Silex/Silex/Dependencies/STD/.git/worktrees/*.path /home/runner/work/_temp/git-credentials-d3781b56-c997-4949-abf6-c970e7f79a0f.config
2026-09-11T22:55:09.3330036Z [command]/usr/bin/git config --local --get-all includeif.gitdir:/github/workspace/Dependencies/STD/.git.path
2026-09-11T22:55:09.3385862Z /github/runner_temp/git-credentials-d3781b56-c997-4949-abf6-c970e7f79a0f.config
2026-09-11T22:55:09.3396243Z [command]/usr/bin/git config --local --unset includeif.gitdir:/github/workspace/Dependencies/STD/.git.path /github/runner_temp/git-credentials-d3781b56-c997-4949-abf6-c970e7f79a0f.config
2026-09-11T22:55:09.3440651Z [command]/usr/bin/git config --local --get-all includeif.gitdir:/github/workspace/Dependencies/STD/.git/worktrees/*.path
2026-09-11T22:55:09.3477215Z /github/runner_temp/git-credentials-d3781b56-c997-4949-abf6-c970e7f79a0f.config
2026-09-11T22:55:09.3503715Z [command]/usr/bin/git config --local --unset includeif.gitdir:/github/workspace/Dependencies/STD/.git/worktrees/*.path /github/runner_temp/git-credentials-d3781b56-c997-4949-abf6-c970e7f79a0f.config
2026-09-11T22:55:09.3539600Z [command]/usr/bin/git submodule foreach --recursive git config --local --show-origin --name-only --get-regexp remote.origin.url
2026-09-11T22:55:09.3775586Z Removing credentials config '/home/runner/work/_temp/git-credentials-d3781b56-c997-4949-abf6-c970e7f79a0f.config'
2026-09-11T22:55:09.3998229Z Post job cleanup.
2026-09-11T22:55:09.4928995Z [command]/usr/bin/git version
2026-09-11T22:55:09.4974295Z git version 2.55.0
2026-09-11T22:55:09.5019605Z Temporarily overriding HOME='/home/runner/work/_temp/add4cc82-a903-4177-86b7-6ac5b02ea87e' before making global git config changes
2026-09-11T22:55:09.5020784Z Adding repository directory to the temporary git global config as a safe directory
2026-09-11T22:55:09.5024999Z [command]/usr/bin/git config --global --add safe.directory /home/runner/work/Silex/Silex
2026-09-11T22:55:09.5058823Z Removing SSH command configuration
2026-09-11T22:55:09.5065839Z [command]/usr/bin/git config --local --name-only --get-regexp core\.sshCommand
2026-09-11T22:55:09.5101266Z [command]/usr/bin/git submodule foreach --recursive sh -c "git config --local --name-only --get-regexp 'core\.sshCommand' && git config --local --unset-all 'core.sshCommand' || :"
2026-09-11T22:55:09.5343726Z Removing HTTP extra header
2026-09-11T22:55:09.5350170Z [command]/usr/bin/git config --local --name-only --get-regexp http\.https\:\/\/github\.com\/\.extraheader
2026-09-11T22:55:09.5386423Z [command]/usr/bin/git submodule foreach --recursive sh -c "git config --local --name-only --get-regexp 'http\.https\:\/\/github\.com\/\.extraheader' && git config --local --unset-all 'http.https://github.com/.extraheader' || :"
2026-09-11T22:55:09.5631758Z Removing includeIf entries pointing to credentials config files
2026-09-11T22:55:09.5639471Z [command]/usr/bin/git config --local --name-only --get-regexp ^includeIf\.gitdir:
2026-09-11T22:55:09.5665407Z includeif.gitdir:/home/runner/work/Silex/Silex/.git.path
2026-09-11T22:55:09.5666343Z includeif.gitdir:/home/runner/work/Silex/Silex/.git/worktrees/*.path
2026-09-11T22:55:09.5667549Z includeif.gitdir:/github/workspace/.git.path
2026-09-11T22:55:09.5668283Z includeif.gitdir:/github/workspace/.git/worktrees/*.path
2026-09-11T22:55:09.5676115Z [command]/usr/bin/git config --local --get-all includeif.gitdir:/home/runner/work/Silex/Silex/.git.path
2026-09-11T22:55:09.5703135Z /home/runner/work/_temp/git-credentials-654e5391-0c69-42bd-bca3-c1d32a09abab.config
2026-09-11T22:55:09.5719952Z [command]/usr/bin/git config --local --unset includeif.gitdir:/home/runner/work/Silex/Silex/.git.path /home/runner/work/_temp/git-credentials-654e5391-0c69-42bd-bca3-c1d32a09abab.config
2026-09-11T22:55:09.5762773Z [command]/usr/bin/git config --local --get-all includeif.gitdir:/home/runner/work/Silex/Silex/.git/worktrees/*.path
2026-09-11T22:55:09.5790622Z /home/runner/work/_temp/git-credentials-654e5391-0c69-42bd-bca3-c1d32a09abab.config
2026-09-11T22:55:09.5801010Z [command]/usr/bin/git config --local --unset includeif.gitdir:/home/runner/work/Silex/Silex/.git/worktrees/*.path /home/runner/work/_temp/git-credentials-654e5391-0c69-42bd-bca3-c1d32a09abab.config
2026-09-11T22:55:09.5839185Z [command]/usr/bin/git config --local --get-all includeif.gitdir:/github/workspace/.git.path
2026-09-11T22:55:09.5871044Z /github/runner_temp/git-credentials-654e5391-0c69-42bd-bca3-c1d32a09abab.config
2026-09-11T22:55:09.5883070Z [command]/usr/bin/git config --local --unset includeif.gitdir:/github/workspace/.git.path /github/runner_temp/git-credentials-654e5391-0c69-42bd-bca3-c1d32a09abab.config
2026-09-11T22:55:09.5933830Z [command]/usr/bin/git config --local --get-all includeif.gitdir:/github/workspace/.git/worktrees/*.path
2026-09-11T22:55:09.5969995Z /github/runner_temp/git-credentials-654e5391-0c69-42bd-bca3-c1d32a09abab.config
2026-09-11T22:55:09.5999018Z [command]/usr/bin/git config --local --unset includeif.gitdir:/github/workspace/.git/worktrees/*.path /github/runner_temp/git-credentials-654e5391-0c69-42bd-bca3-c1d32a09abab.config
2026-09-11T22:55:09.6047611Z [command]/usr/bin/git submodule foreach --recursive git config --local --show-origin --name-only --get-regexp remote.origin.url
2026-09-11T22:55:09.6294424Z Removing credentials config '/home/runner/work/_temp/git-credentials-654e5391-0c69-42bd-bca3-c1d32a09abab.config'
2026-09-11T22:55:09.6441281Z Cleaning up orphan processes

