2026-09-11T22:49:24.2828843Z Current runner version: '2.337.0'
2026-09-11T22:49:24.2858123Z ##[group]Runner Image Provisioner
2026-09-11T22:49:24.2859182Z Hosted Compute Agent
2026-09-11T22:49:24.2859794Z Version: 20260828.587
2026-09-11T22:49:24.2860585Z Commit: abac92662cab4cc7352de4f9f9d2e2419aad9c29
2026-09-11T22:49:24.2861795Z Build Date: 2026-08-28T16:44:25Z
2026-09-11T22:49:24.2862500Z Worker ID: {60f4174c-57c4-4919-b320-8ee0fe0dd12c}
2026-09-11T22:49:24.2863324Z Azure Region: centralus
2026-09-11T22:49:24.2863928Z ##[endgroup]
2026-09-11T22:49:24.2866768Z ##[group]Operating System
2026-09-11T22:49:24.2867450Z Ubuntu
2026-09-11T22:49:24.2867954Z 24.04.5
2026-09-11T22:49:24.2868539Z LTS
2026-09-11T22:49:24.2869043Z ##[endgroup]
2026-09-11T22:49:24.2869664Z ##[group]Runner Image
2026-09-11T22:49:24.2870416Z Image: ubuntu-24.04-arm
2026-09-11T22:49:24.2871010Z Version: 20260907.118.1
2026-09-11T22:49:24.2872627Z Included Software: https://github.com/actions/runner-images/blob/ubuntu24-arm64/20260907.118/images/ubuntu/Ubuntu2404-Arm64-Readme.md
2026-09-11T22:49:24.2874276Z Image Release: https://github.com/actions/runner-images/releases/tag/ubuntu24-arm64%2F20260907.118
2026-09-11T22:49:24.2875227Z ##[endgroup]
2026-09-11T22:49:24.2876290Z ##[group]GITHUB_TOKEN Permissions
2026-09-11T22:49:24.2879109Z Contents: read
2026-09-11T22:49:24.2879778Z Metadata: read
2026-09-11T22:49:24.2880462Z ##[endgroup]
2026-09-11T22:49:24.2883737Z Secret source: Actions
2026-09-11T22:49:24.2884870Z Cache mode: write
2026-09-11T22:49:24.2885838Z Prepare workflow directory
2026-09-11T22:49:24.3269849Z Prepare all required actions
2026-09-11T22:49:24.3322624Z Getting action download info
2026-09-11T22:49:24.5734992Z Download action repository 'actions/checkout@v6' (SHA:d23441a48e516b6c34aea4fa41551a30e30af803)
2026-09-11T22:49:24.7868178Z Complete job name: linux-arm64
2026-09-11T22:49:24.8675573Z ##[group]Run actions/checkout@v6
2026-09-11T22:49:24.8677093Z with:
2026-09-11T22:49:24.8677696Z   repository: Matanek/Silex
2026-09-11T22:49:24.8681750Z   token: ***
2026-09-11T22:49:24.8682428Z   ssh-strict: true
2026-09-11T22:49:24.8682979Z   ssh-user: git
2026-09-11T22:49:24.8683672Z   persist-credentials: true
2026-09-11T22:49:24.8684270Z   clean: true
2026-09-11T22:49:24.8684867Z   sparse-checkout-cone-mode: true
2026-09-11T22:49:24.8685545Z   fetch-depth: 1
2026-09-11T22:49:24.8686080Z   fetch-tags: false
2026-09-11T22:49:24.8686723Z   show-progress: true
2026-09-11T22:49:24.8687278Z   lfs: false
2026-09-11T22:49:24.8687779Z   submodules: false
2026-09-11T22:49:24.8688463Z   set-safe-directory: true
2026-09-11T22:49:24.8689074Z   allow-unsafe-pr-checkout: false
2026-09-11T22:49:24.8690363Z ##[endgroup]
2026-09-11T22:49:24.9532151Z Syncing repository: Matanek/Silex
2026-09-11T22:49:24.9534591Z ##[group]Getting Git version info
2026-09-11T22:49:24.9535576Z Working directory is '/home/runner/work/Silex/Silex'
2026-09-11T22:49:24.9536975Z [command]/usr/bin/git version
2026-09-11T22:49:24.9584556Z git version 2.55.0
2026-09-11T22:49:24.9602937Z ##[endgroup]
2026-09-11T22:49:24.9616386Z Temporarily overriding HOME='/home/runner/work/_temp/0c54f5a6-b797-479d-bd55-507e6d911848' before making global git config changes
2026-09-11T22:49:24.9618326Z Adding repository directory to the temporary git global config as a safe directory
2026-09-11T22:49:24.9620477Z [command]/usr/bin/git config --global --add safe.directory /home/runner/work/Silex/Silex
2026-09-11T22:49:24.9650408Z Deleting the contents of '/home/runner/work/Silex/Silex'
2026-09-11T22:49:24.9655094Z ##[group]Determining repository object format
2026-09-11T22:49:24.9656795Z ##[endgroup]
2026-09-11T22:49:24.9657898Z ##[group]Initializing the repository
2026-09-11T22:49:24.9661361Z [command]/usr/bin/git init /home/runner/work/Silex/Silex
2026-09-11T22:49:24.9752036Z hint: Using 'master' as the name for the initial branch. This default branch name
2026-09-11T22:49:24.9754171Z hint: will change to "main" in Git 3.0. To configure the initial branch name
2026-09-11T22:49:24.9756162Z hint: to use in all of your new repositories, which will suppress this warning,
2026-09-11T22:49:24.9757587Z hint: call:
2026-09-11T22:49:24.9758136Z hint:
2026-09-11T22:49:24.9758786Z hint: 	git config --global init.defaultBranch <name>
2026-09-11T22:49:24.9759634Z hint:
2026-09-11T22:49:24.9760342Z hint: Names commonly chosen instead of 'master' are 'main', 'trunk' and
2026-09-11T22:49:24.9761681Z hint: 'development'. The just-created branch can be renamed via this command:
2026-09-11T22:49:24.9762496Z hint:
2026-09-11T22:49:24.9762982Z hint: 	git branch -m <name>
2026-09-11T22:49:24.9763651Z hint:
2026-09-11T22:49:24.9764373Z hint: Disable this message with "git config set advice.defaultBranchName false"
2026-09-11T22:49:24.9765518Z Initialized empty Git repository in /home/runner/work/Silex/Silex/.git/
2026-09-11T22:49:24.9769227Z [command]/usr/bin/git remote add origin https://github.com/Matanek/Silex
2026-09-11T22:49:24.9818508Z ##[endgroup]
2026-09-11T22:49:24.9819662Z ##[group]Disabling automatic garbage collection
2026-09-11T22:49:24.9820488Z [command]/usr/bin/git config --local gc.auto 0
2026-09-11T22:49:24.9851711Z ##[endgroup]
2026-09-11T22:49:24.9852816Z ##[group]Setting up auth
2026-09-11T22:49:24.9853440Z Removing SSH command configuration
2026-09-11T22:49:24.9854353Z [command]/usr/bin/git config --local --name-only --get-regexp core\.sshCommand
2026-09-11T22:49:24.9877324Z [command]/usr/bin/git submodule foreach --recursive sh -c "git config --local --name-only --get-regexp 'core\.sshCommand' && git config --local --unset-all 'core.sshCommand' || :"
2026-09-11T22:49:25.0206725Z Removing HTTP extra header
2026-09-11T22:49:25.0213173Z [command]/usr/bin/git config --local --name-only --get-regexp http\.https\:\/\/github\.com\/\.extraheader
2026-09-11T22:49:25.0238087Z [command]/usr/bin/git submodule foreach --recursive sh -c "git config --local --name-only --get-regexp 'http\.https\:\/\/github\.com\/\.extraheader' && git config --local --unset-all 'http.https://github.com/.extraheader' || :"
2026-09-11T22:49:25.0420750Z Removing includeIf entries pointing to credentials config files
2026-09-11T22:49:25.0426185Z [command]/usr/bin/git config --local --name-only --get-regexp ^includeIf\.gitdir:
2026-09-11T22:49:25.0456635Z [command]/usr/bin/git submodule foreach --recursive git config --local --show-origin --name-only --get-regexp remote.origin.url
2026-09-11T22:49:25.0645526Z [command]/usr/bin/git config --file /home/runner/work/_temp/git-credentials-4f873e56-71e4-441c-93e9-00177b99b34c.config http.https://github.com/.extraheader AUTHORIZATION: basic ***
2026-09-11T22:49:25.0682416Z [command]/usr/bin/git config --local includeIf.gitdir:/home/runner/work/Silex/Silex/.git.path /home/runner/work/_temp/git-credentials-4f873e56-71e4-441c-93e9-00177b99b34c.config
2026-09-11T22:49:25.0711842Z [command]/usr/bin/git config --local includeIf.gitdir:/home/runner/work/Silex/Silex/.git/worktrees/*.path /home/runner/work/_temp/git-credentials-4f873e56-71e4-441c-93e9-00177b99b34c.config
2026-09-11T22:49:25.0740271Z [command]/usr/bin/git config --local includeIf.gitdir:/github/workspace/.git.path /github/runner_temp/git-credentials-4f873e56-71e4-441c-93e9-00177b99b34c.config
2026-09-11T22:49:25.0767975Z [command]/usr/bin/git config --local includeIf.gitdir:/github/workspace/.git/worktrees/*.path /github/runner_temp/git-credentials-4f873e56-71e4-441c-93e9-00177b99b34c.config
2026-09-11T22:49:25.0795019Z ##[endgroup]
2026-09-11T22:49:25.0795970Z ##[group]Fetching the repository
2026-09-11T22:49:25.0802657Z [command]/usr/bin/git -c protocol.version=2 fetch --no-tags --prune --no-recurse-submodules --depth=1 origin +737fc8c9f9525cf1f7fe3f13af945eb88e63a58b:refs/remotes/origin/spec-silex-optimization-parity-completion
2026-09-11T22:49:26.4970464Z From https://github.com/Matanek/Silex
2026-09-11T22:49:26.4973496Z  * [new ref]         737fc8c9f9525cf1f7fe3f13af945eb88e63a58b -> origin/spec-silex-optimization-parity-completion
2026-09-11T22:49:26.4981455Z [command]/usr/bin/git branch --list --remote origin/spec-silex-optimization-parity-completion
2026-09-11T22:49:26.5011469Z   origin/spec-silex-optimization-parity-completion
2026-09-11T22:49:26.5018675Z [command]/usr/bin/git rev-parse refs/remotes/origin/spec-silex-optimization-parity-completion
2026-09-11T22:49:26.5040159Z 737fc8c9f9525cf1f7fe3f13af945eb88e63a58b
2026-09-11T22:49:26.5044566Z ##[endgroup]
2026-09-11T22:49:26.5046223Z ##[group]Determining the checkout info
2026-09-11T22:49:26.5047985Z ##[endgroup]
2026-09-11T22:49:26.5049080Z [command]/usr/bin/git sparse-checkout disable
2026-09-11T22:49:26.5091536Z [command]/usr/bin/git config --local --unset-all extensions.worktreeConfig
2026-09-11T22:49:26.5118443Z ##[group]Checking out the ref
2026-09-11T22:49:26.5122173Z [command]/usr/bin/git checkout --progress --force -B spec-silex-optimization-parity-completion refs/remotes/origin/spec-silex-optimization-parity-completion
2026-09-11T22:49:26.6562952Z Switched to a new branch 'spec-silex-optimization-parity-completion'
2026-09-11T22:49:26.6565968Z branch 'spec-silex-optimization-parity-completion' set up to track 'origin/spec-silex-optimization-parity-completion'.
2026-09-11T22:49:26.6575900Z ##[endgroup]
2026-09-11T22:49:26.6614455Z [command]/usr/bin/git log -1 --format=%H
2026-09-11T22:49:26.6638107Z 737fc8c9f9525cf1f7fe3f13af945eb88e63a58b
2026-09-11T22:49:26.6892831Z ##[group]Run set -euo pipefail
2026-09-11T22:49:26.6894311Z [36;1mset -euo pipefail[0m
2026-09-11T22:49:26.6895385Z [36;1mcase "$(uname -m)" in[0m
2026-09-11T22:49:26.6896372Z [36;1m  aarch64|arm64) ;;[0m
2026-09-11T22:49:26.6897761Z [36;1m  *) echo "expected a native ARM64 runner, got $(uname -m)" >&2; exit 1 ;;[0m
2026-09-11T22:49:26.6899263Z [36;1mesac[0m
2026-09-11T22:49:26.7007763Z shell: /usr/bin/bash --noprofile --norc -e -o pipefail {0}
2026-09-11T22:49:26.7009137Z ##[endgroup]
2026-09-11T22:49:26.7212540Z ##[group]Run set -euo pipefail
2026-09-11T22:49:26.7213741Z [36;1mset -euo pipefail[0m
2026-09-11T22:49:26.7214727Z [36;1marchive="$RUNNER_TEMP/zig.tar.xz"[0m
2026-09-11T22:49:26.7216520Z [36;1mcurl -fL https://ziglang.org/download/0.16.0/zig-aarch64-linux-0.16.0.tar.xz -o "$archive"[0m
2026-09-11T22:49:26.7219061Z [36;1mecho "ea4b09bfb22ec6f6c6ceac57ab63efb6b46e17ab08d21f69f3a48b38e1534f17  $archive" | sha256sum -c -[0m
2026-09-11T22:49:26.7221593Z [36;1mtar -xJf "$archive" -C "$RUNNER_TEMP"[0m
2026-09-11T22:49:26.7223004Z [36;1mecho "$RUNNER_TEMP/zig-aarch64-linux-0.16.0" >> "$GITHUB_PATH"[0m
2026-09-11T22:49:26.7279035Z shell: /usr/bin/bash --noprofile --norc -e -o pipefail {0}
2026-09-11T22:49:26.7280269Z ##[endgroup]
2026-09-11T22:49:26.7416137Z   % Total    % Received % Xferd  Average Speed   Time    Time     Time  Current
2026-09-11T22:49:26.7417854Z                                  Dload  Upload   Total   Spent    Left  Speed
2026-09-11T22:49:26.7418850Z 
2026-09-11T22:49:27.7412796Z   0     0    0     0    0     0      0      0 --:--:-- --:--:-- --:--:--     0
2026-09-11T22:49:28.7409632Z   0 48.8M    0  255k    0     0   255k      0  0:03:15 --:--:--  0:03:15  255k
2026-09-11T22:49:29.7409515Z   7 48.8M    7 3631k    0     0  1816k      0  0:00:27  0:00:01  0:00:26 1815k
2026-09-11T22:49:30.7425698Z  23 48.8M   23 11.6M    0     0  3984k      0  0:00:12  0:00:02  0:00:10 3983k
2026-09-11T22:49:31.7405718Z  42 48.8M   42 20.7M    0     0  5322k      0  0:00:09  0:00:04  0:00:05 5322k
2026-09-11T22:49:32.7409445Z  61 48.8M   61 30.2M    0     0  6186k      0  0:00:08  0:00:04  0:00:04 6185k
2026-09-11T22:49:33.4289942Z  85 48.8M   85 41.9M    0     0  7152k      0  0:00:06  0:00:05  0:00:01 8531k
2026-09-11T22:49:33.4290741Z 100 48.8M  100 48.8M    0     0  7478k      0  0:00:06  0:00:06 --:--:-- 9893k
2026-09-11T22:49:33.4634736Z /home/runner/work/_temp/zig.tar.xz: OK
2026-09-11T22:49:36.0881405Z ##[group]Run set -euo pipefail
2026-09-11T22:49:36.0882096Z [36;1mset -euo pipefail[0m
2026-09-11T22:49:36.0882386Z [36;1mexport HOME="$RUNNER_TEMP/home"[0m
2026-09-11T22:49:36.0882753Z [36;1mmkdir -p "$HOME"[0m
2026-09-11T22:49:36.0883005Z [36;1m[0m
2026-09-11T22:49:36.0883370Z [36;1mboundary="$GITHUB_WORKSPACE/Tests/Target/linux-arm64/LinuxArm64Boundary"[0m
2026-09-11T22:49:36.0884241Z [36;1mmkdir -p "$boundary/Boundary/linux-arm64"[0m
2026-09-11T22:49:36.0884690Z [36;1mzig cc -target aarch64-linux-gnu -O2 -c "$boundary/provider.c" \[0m
2026-09-11T22:49:36.0885188Z [36;1m  -o "$boundary/Boundary/linux-arm64/provider.o"[0m
2026-09-11T22:49:36.0885606Z [36;1mzig ar rcs "$boundary/Boundary/linux-arm64/libProvider.a" \[0m
2026-09-11T22:49:36.0886012Z [36;1m  "$boundary/Boundary/linux-arm64/provider.o"[0m
2026-09-11T22:49:36.0886363Z [36;1m[0m
2026-09-11T22:49:36.0886652Z [36;1mzig build -Doptimize=ReleaseFast -Dcpu=baseline \[0m
2026-09-11T22:49:36.0887148Z [36;1m  --prefix "$RUNNER_TEMP/silex-prefix" \[0m
2026-09-11T22:49:36.0887493Z [36;1m  --build-file Toolchain/build.zig[0m
2026-09-11T22:49:36.0887825Z [36;1m[0m
2026-09-11T22:49:36.0888094Z [36;1msilex="$RUNNER_TEMP/silex-prefix/bin/silex"[0m
2026-09-11T22:49:36.0888415Z [36;1m"$silex" setup[0m
2026-09-11T22:49:36.0888788Z [36;1mmanaged_zig="$HOME/.silex/toolchain/zig/0.16.0/linux-arm64/zig"[0m
2026-09-11T22:49:36.0889180Z [36;1mtest -x "$managed_zig"[0m
2026-09-11T22:49:36.0889589Z [36;1mfile "$managed_zig" | grep -E 'ELF 64-bit.*(ARM aarch64|ARM64)'[0m
2026-09-11T22:49:36.0889997Z [36;1m[0m
2026-09-11T22:49:36.0890324Z [36;1msource="$GITHUB_WORKSPACE/Tests/Native/NativePortability.sx"[0m
2026-09-11T22:49:36.0890835Z [36;1m"$silex" interpret "$source" > "$RUNNER_TEMP/interpreted.txt"[0m
2026-09-11T22:49:36.0891567Z [36;1m"$silex" compile "$source" --debug -o "$RUNNER_TEMP/native-debug"[0m
2026-09-11T22:49:36.0892054Z [36;1m"$RUNNER_TEMP/native-debug" > "$RUNNER_TEMP/debug.txt"[0m
2026-09-11T22:49:36.0892531Z [36;1mcmp "$RUNNER_TEMP/interpreted.txt" "$RUNNER_TEMP/debug.txt"[0m
2026-09-11T22:49:36.0893009Z [36;1m"$silex" compile "$source" --release -o "$RUNNER_TEMP/native-release"[0m
2026-09-11T22:49:36.0893503Z [36;1m"$RUNNER_TEMP/native-release" > "$RUNNER_TEMP/release.txt"[0m
2026-09-11T22:49:36.0893968Z [36;1mcmp "$RUNNER_TEMP/interpreted.txt" "$RUNNER_TEMP/release.txt"[0m
2026-09-11T22:49:36.0894521Z [36;1mfile "$RUNNER_TEMP/native-release" | grep -E 'ELF 64-bit.*(ARM aarch64|ARM64)'[0m
2026-09-11T22:49:36.0895095Z [36;1mreadelf -h "$RUNNER_TEMP/native-release" | grep -E 'Machine:.*AArch64'[0m
2026-09-11T22:49:36.0895486Z [36;1m[0m
2026-09-11T22:49:36.0895858Z [36;1m"$silex" run "$GITHUB_WORKSPACE/Tests/Native/DistributionSmoke.sx" --debug[0m
2026-09-11T22:49:36.0896277Z [36;1m"$silex" test "$source"[0m
2026-09-11T22:49:36.0896522Z [36;1m[0m
2026-09-11T22:49:36.0896918Z [36;1m"$managed_zig" cc -target aarch64-linux-gnu -O2 -c "$boundary/provider.c" \[0m
2026-09-11T22:49:36.0897411Z [36;1m  -o "$boundary/Boundary/linux-arm64/provider.o"[0m
2026-09-11T22:49:36.0897878Z [36;1m"$managed_zig" ar rcs "$boundary/Boundary/linux-arm64/libProvider.a" \[0m
2026-09-11T22:49:36.0898325Z [36;1m  "$boundary/Boundary/linux-arm64/provider.o"[0m
2026-09-11T22:49:36.0898677Z [36;1m"$silex" test "$boundary/Tests/Boundary.sx"[0m
2026-09-11T22:49:36.0899129Z [36;1m"$silex" compile "$boundary/Tests/Boundary.sx" --release \[0m
2026-09-11T22:49:36.0899498Z [36;1m  -o "$RUNNER_TEMP/boundary"[0m
2026-09-11T22:49:36.0899882Z [36;1mtest "$("$RUNNER_TEMP/boundary")" = "linux arm64 boundary ready"[0m
2026-09-11T22:49:36.0900273Z [36;1m[0m
2026-09-11T22:49:36.0900659Z [36;1m# Compile the exact standalone witness without the optimizer package's STD graph.[0m
2026-09-11T22:49:36.0901417Z [36;1mscalar_root="$RUNNER_TEMP/scalar-float-fixture"[0m
2026-09-11T22:49:36.0901765Z [36;1mmkdir -p "$scalar_root"[0m
2026-09-11T22:49:36.0902380Z [36;1mprintf '%s\n' '{"sources":"."}' > "$scalar_root/Package.json"[0m
2026-09-11T22:49:36.0902848Z [36;1mscalar_fixture="$scalar_root/ScalarFloatResidence.sx"[0m
2026-09-11T22:49:36.0903504Z [36;1mcp "$GITHUB_WORKSPACE/Toolchain/Benchmarks/Optimizer/Regressions/ScalarFloatResidence.sx" "$scalar_fixture"[0m
2026-09-11T22:49:36.0904151Z [36;1mfor mode in debug release; do[0m
2026-09-11T22:49:36.0904618Z [36;1m  "$silex" compile "$scalar_fixture" "--$mode" --nocache \[0m
2026-09-11T22:49:36.0905106Z [36;1m    -o "$RUNNER_TEMP/scalar-float-residence-$mode"[0m
2026-09-11T22:49:36.0905536Z [36;1m  scalar_output=$("$RUNNER_TEMP/scalar-float-residence-$mode")[0m
2026-09-11T22:49:36.0905993Z [36;1m  test "$(printf '%s\n' "$scalar_output" | wc -l)" -eq 9[0m
2026-09-11T22:49:36.0906449Z [36;1m  test "$(printf '%s\n' "$scalar_output" | grep -c '^true$')" -eq 9[0m
2026-09-11T22:49:36.0906811Z [36;1mdone[0m
2026-09-11T22:49:36.0907491Z [36;1mbranch_fixture="$scalar_root/BranchComparisons.sx"[0m
2026-09-11T22:49:36.0908154Z [36;1mcp "$GITHUB_WORKSPACE/Toolchain/Benchmarks/Optimizer/Regressions/BranchComparisons.sx" "$branch_fixture"[0m
2026-09-11T22:49:36.0908727Z [36;1mfor mode in debug release; do[0m
2026-09-11T22:49:36.0909111Z [36;1m  "$silex" compile "$branch_fixture" "--$mode" --nocache \[0m
2026-09-11T22:49:36.0909509Z [36;1m    -o "$RUNNER_TEMP/branch-comparisons-$mode"[0m
2026-09-11T22:49:36.0909906Z [36;1m  test "$("$RUNNER_TEMP/branch-comparisons-$mode")" = "true"[0m
2026-09-11T22:49:36.0910289Z [36;1mdone[0m
2026-09-11T22:49:36.0910641Z [36;1msnapshot_fixture="$scalar_root/BranchSnapshots.sx"[0m
2026-09-11T22:49:36.0911614Z [36;1mcp "$GITHUB_WORKSPACE/Toolchain/Benchmarks/Optimizer/Regressions/BranchSnapshots.sx" "$snapshot_fixture"[0m
2026-09-11T22:49:36.0912180Z [36;1mfor mode in debug release; do[0m
2026-09-11T22:49:36.0912530Z [36;1m  "$silex" compile "$snapshot_fixture" "--$mode" --nocache \[0m
2026-09-11T22:49:36.0912985Z [36;1m    -o "$RUNNER_TEMP/branch-snapshots-$mode"[0m
2026-09-11T22:49:36.0913434Z [36;1m  snapshot_output=$("$RUNNER_TEMP/branch-snapshots-$mode")[0m
2026-09-11T22:49:36.0913893Z [36;1m  test "$(printf '%s\n' "$snapshot_output" | wc -l)" -eq 8[0m
2026-09-11T22:49:36.0914342Z [36;1m  test "$(printf '%s\n' "$snapshot_output" | grep -c '^true$')" -eq 8[0m
2026-09-11T22:49:36.0914709Z [36;1mdone[0m
2026-09-11T22:49:36.0915035Z [36;1mloop_exit_fixture="$scalar_root/LoopExitResidence.sx"[0m
2026-09-11T22:49:36.0915680Z [36;1mcp "$GITHUB_WORKSPACE/Toolchain/Benchmarks/Optimizer/Regressions/LoopExitResidence.sx" "$loop_exit_fixture"[0m
2026-09-11T22:49:36.0916278Z [36;1mfor mode in debug release; do[0m
2026-09-11T22:49:36.0916645Z [36;1m  "$silex" compile "$loop_exit_fixture" "--$mode" --nocache \[0m
2026-09-11T22:49:36.0917051Z [36;1m    -o "$RUNNER_TEMP/loop-exit-residence-$mode"[0m
2026-09-11T22:49:36.0917560Z [36;1m  loop_exit_output=$("$RUNNER_TEMP/loop-exit-residence-$mode")[0m
2026-09-11T22:49:36.0918049Z [36;1m  test "$(printf '%s\n' "$loop_exit_output" | wc -l)" -eq 5[0m
2026-09-11T22:49:36.0918535Z [36;1m  test "$(printf '%s\n' "$loop_exit_output" | grep -c '^true$')" -eq 5[0m
2026-09-11T22:49:36.0918917Z [36;1mdone[0m
2026-09-11T22:49:36.0919226Z [36;1mfloat_memory_fixture="$scalar_root/FloatMemoryResidence.sx"[0m
2026-09-11T22:49:36.0919953Z [36;1mcp "$GITHUB_WORKSPACE/Toolchain/Benchmarks/Optimizer/Regressions/FloatMemoryResidence.sx" "$float_memory_fixture"[0m
2026-09-11T22:49:36.0920543Z [36;1mfor mode in debug release; do[0m
2026-09-11T22:49:36.0920939Z [36;1m  "$silex" compile "$float_memory_fixture" "--$mode" --nocache \[0m
2026-09-11T22:49:36.0921540Z [36;1m    -o "$RUNNER_TEMP/float-memory-residence-$mode"[0m
2026-09-11T22:49:36.0921991Z [36;1m  float_memory_output=$("$RUNNER_TEMP/float-memory-residence-$mode")[0m
2026-09-11T22:49:36.0922501Z [36;1m  test "$(printf '%s\n' "$float_memory_output" | wc -l)" -eq 10[0m
2026-09-11T22:49:36.0923004Z [36;1m  test "$(printf '%s\n' "$float_memory_output" | grep -c '^true$')" -eq 10[0m
2026-09-11T22:49:36.0923627Z [36;1mdone[0m
2026-09-11T22:49:36.0923986Z [36;1mfloat_operands_fixture="$scalar_root/ScalarFloatOperands.sx"[0m
2026-09-11T22:49:36.0924663Z [36;1mcp "$GITHUB_WORKSPACE/Toolchain/Benchmarks/Optimizer/Regressions/ScalarFloatOperands.sx" "$float_operands_fixture"[0m
2026-09-11T22:49:36.0925319Z [36;1mfor mode in debug release; do[0m
2026-09-11T22:49:36.0925804Z [36;1m  "$silex" compile "$float_operands_fixture" "--$mode" --nocache \[0m
2026-09-11T22:49:36.0926232Z [36;1m    -o "$RUNNER_TEMP/scalar-float-operands-$mode"[0m
2026-09-11T22:49:36.0926731Z [36;1m  float_operands_output=$("$RUNNER_TEMP/scalar-float-operands-$mode")[0m
2026-09-11T22:49:36.0927219Z [36;1m  test "$(printf '%s\n' "$float_operands_output" | wc -l)" -eq 18[0m
2026-09-11T22:49:36.0927742Z [36;1m  test "$(printf '%s\n' "$float_operands_output" | grep -c '^true$')" -eq 18[0m
2026-09-11T22:49:36.0928133Z [36;1mdone[0m
2026-09-11T22:49:36.0928463Z [36;1mprivate_length_fixture="$scalar_root/PrivateCollectionLengths.sx"[0m
2026-09-11T22:49:36.0929213Z [36;1mcp "$GITHUB_WORKSPACE/Toolchain/Benchmarks/Optimizer/Regressions/PrivateCollectionLengths.sx" "$private_length_fixture"[0m
2026-09-11T22:49:36.0929865Z [36;1mfor mode in debug release; do[0m
2026-09-11T22:49:36.0930267Z [36;1m  "$silex" compile "$private_length_fixture" "--$mode" --nocache \[0m
2026-09-11T22:49:36.0930724Z [36;1m    -o "$RUNNER_TEMP/private-collection-lengths-$mode"[0m
2026-09-11T22:49:36.0931368Z [36;1m  private_length_output=$("$RUNNER_TEMP/private-collection-lengths-$mode")[0m
2026-09-11T22:49:36.0931921Z [36;1m  test "$(printf '%s\n' "$private_length_output" | wc -l)" -eq 10[0m
2026-09-11T22:49:36.0932401Z [36;1m  test "$(printf '%s\n' "$private_length_output" | grep -c '^true$')" -eq 10[0m
2026-09-11T22:49:36.0932845Z [36;1mdone[0m
2026-09-11T22:49:36.0988233Z shell: /usr/bin/bash --noprofile --norc -e -o pipefail {0}
2026-09-11T22:49:36.0988838Z ##[endgroup]
2026-09-11T22:53:06.2721396Z silex: installed Shadercross for linux-arm64
2026-09-11T22:53:13.8790497Z silex: installed Native linker for linux-arm64
2026-09-11T22:53:13.9729987Z /home/runner/work/_temp/home/.silex/toolchain/zig/0.16.0/linux-arm64/zig: ELF 64-bit LSB executable, ARM aarch64, version 1 (SYSV), statically linked, stripped
2026-09-11T22:53:14.1372643Z /home/runner/work/_temp/native-release: ELF 64-bit LSB executable, ARM aarch64, version 1 (SYSV), statically linked, no section header
2026-09-11T22:53:14.2150452Z   Machine:                           AArch64
2026-09-11T22:53:14.2522115Z silex distribution ready
2026-09-11T22:53:26.4263763Z ok - execute direct indirect and dynamic calls beyond native registers
2026-09-11T22:53:26.4430160Z ok - preserve paired float32 arithmetic on native
2026-09-11T22:53:26.4596127Z ok - mutate a class-owned native list without changing its snapshot
2026-09-11T22:53:26.4757977Z ok - replace class elements in a class-owned native list
2026-09-11T22:53:26.4925814Z ok - preserve embedded byte contents on native
2026-09-11T22:53:26.5093787Z ok - format native floats through the standalone runtime
2026-09-11T22:53:26.5267001Z ok - convert native float precision in both directions
2026-09-11T22:53:26.5444405Z ok - replace and preserve an aliased native list
2026-09-11T22:53:26.5625203Z ok - swap and reverse a native list
2026-09-11T22:53:26.5809504Z ok - grow a native list at every position
2026-09-11T22:53:26.5997389Z ok - remove native list elements from every position
2026-09-11T22:53:26.6188473Z ok - slice view mutate and clear native lists
2026-09-11T22:53:26.6380277Z ok - mutable aggregate view detaches shared native list
2026-09-11T22:53:26.6573465Z copy state drop
2026-09-11T22:53:26.6574157Z copy state drop
2026-09-11T22:53:26.6574536Z ok - deep-copy repeated native class roots without collections
2026-09-11T22:53:26.6771730Z native cycle drop
2026-09-11T22:53:26.6772158Z native cycle drop
2026-09-11T22:53:26.6772414Z ok - finalize a direct native class cycle
2026-09-11T22:53:26.6981328Z native cycle drop
2026-09-11T22:53:26.6982239Z native cycle drop
2026-09-11T22:53:26.6982726Z ok - finalize a native class cycle through lists
2026-09-11T22:53:26.7183765Z native cycle drop
2026-09-11T22:53:26.7184207Z native cycle drop
2026-09-11T22:53:26.7184649Z ok - finalize a native class cycle through protocols
2026-09-11T22:53:26.7391852Z ok - execute the complete native collection mutation slice
2026-09-11T22:53:26.7597788Z copy state drop
2026-09-11T22:53:26.7598213Z copy state drop
2026-09-11T22:53:26.7598560Z ok - execute native ownership and deep-copy runtime
2026-09-11T22:53:26.7805678Z ok - preserve resource aggregates across native list growth
2026-09-11T22:53:26.8020724Z ok - serialize native mutations with mutex
2026-09-11T22:53:26.8234607Z native cycle drop
2026-09-11T22:53:26.8235070Z native cycle drop
2026-09-11T22:53:26.8235291Z native cycle drop
2026-09-11T22:53:26.8235496Z native cycle drop
2026-09-11T22:53:26.8235811Z native cycle drop
2026-09-11T22:53:26.8236034Z native cycle drop
2026-09-11T22:53:26.8236429Z ok - finalize native cycles across direct collection and protocol edges
2026-09-11T22:53:26.8294415Z 22 passed; 0 failed
2026-09-11T22:53:26.8878891Z ok - call a Linux ARM64 Boundary through AAPCS64
2026-09-11T22:53:26.8879541Z 1 passed; 0 failed
2026-09-11T22:53:27.8027193Z Post job cleanup.
2026-09-11T22:53:27.8711613Z [command]/usr/bin/git version
2026-09-11T22:53:27.8742281Z git version 2.55.0
2026-09-11T22:53:27.8776702Z Temporarily overriding HOME='/home/runner/work/_temp/4fd096cb-9766-48fa-98de-93467b2f5251' before making global git config changes
2026-09-11T22:53:27.8777796Z Adding repository directory to the temporary git global config as a safe directory
2026-09-11T22:53:27.8781858Z [command]/usr/bin/git config --global --add safe.directory /home/runner/work/Silex/Silex
2026-09-11T22:53:27.8808893Z Removing SSH command configuration
2026-09-11T22:53:27.8815568Z [command]/usr/bin/git config --local --name-only --get-regexp core\.sshCommand
2026-09-11T22:53:27.8852048Z [command]/usr/bin/git submodule foreach --recursive sh -c "git config --local --name-only --get-regexp 'core\.sshCommand' && git config --local --unset-all 'core.sshCommand' || :"
2026-09-11T22:53:27.9020985Z Removing HTTP extra header
2026-09-11T22:53:27.9026921Z [command]/usr/bin/git config --local --name-only --get-regexp http\.https\:\/\/github\.com\/\.extraheader
2026-09-11T22:53:27.9054994Z [command]/usr/bin/git submodule foreach --recursive sh -c "git config --local --name-only --get-regexp 'http\.https\:\/\/github\.com\/\.extraheader' && git config --local --unset-all 'http.https://github.com/.extraheader' || :"
2026-09-11T22:53:27.9236237Z Removing includeIf entries pointing to credentials config files
2026-09-11T22:53:27.9240024Z [command]/usr/bin/git config --local --name-only --get-regexp ^includeIf\.gitdir:
2026-09-11T22:53:27.9262360Z includeif.gitdir:/home/runner/work/Silex/Silex/.git.path
2026-09-11T22:53:27.9263073Z includeif.gitdir:/home/runner/work/Silex/Silex/.git/worktrees/*.path
2026-09-11T22:53:27.9263632Z includeif.gitdir:/github/workspace/.git.path
2026-09-11T22:53:27.9264268Z includeif.gitdir:/github/workspace/.git/worktrees/*.path
2026-09-11T22:53:27.9271645Z [command]/usr/bin/git config --local --get-all includeif.gitdir:/home/runner/work/Silex/Silex/.git.path
2026-09-11T22:53:27.9290809Z /home/runner/work/_temp/git-credentials-4f873e56-71e4-441c-93e9-00177b99b34c.config
2026-09-11T22:53:27.9299699Z [command]/usr/bin/git config --local --unset includeif.gitdir:/home/runner/work/Silex/Silex/.git.path /home/runner/work/_temp/git-credentials-4f873e56-71e4-441c-93e9-00177b99b34c.config
2026-09-11T22:53:27.9333685Z [command]/usr/bin/git config --local --get-all includeif.gitdir:/home/runner/work/Silex/Silex/.git/worktrees/*.path
2026-09-11T22:53:27.9356079Z /home/runner/work/_temp/git-credentials-4f873e56-71e4-441c-93e9-00177b99b34c.config
2026-09-11T22:53:27.9365009Z [command]/usr/bin/git config --local --unset includeif.gitdir:/home/runner/work/Silex/Silex/.git/worktrees/*.path /home/runner/work/_temp/git-credentials-4f873e56-71e4-441c-93e9-00177b99b34c.config
2026-09-11T22:53:27.9395606Z [command]/usr/bin/git config --local --get-all includeif.gitdir:/github/workspace/.git.path
2026-09-11T22:53:27.9416827Z /github/runner_temp/git-credentials-4f873e56-71e4-441c-93e9-00177b99b34c.config
2026-09-11T22:53:27.9424626Z [command]/usr/bin/git config --local --unset includeif.gitdir:/github/workspace/.git.path /github/runner_temp/git-credentials-4f873e56-71e4-441c-93e9-00177b99b34c.config
2026-09-11T22:53:27.9455152Z [command]/usr/bin/git config --local --get-all includeif.gitdir:/github/workspace/.git/worktrees/*.path
2026-09-11T22:53:27.9476794Z /github/runner_temp/git-credentials-4f873e56-71e4-441c-93e9-00177b99b34c.config
2026-09-11T22:53:27.9484400Z [command]/usr/bin/git config --local --unset includeif.gitdir:/github/workspace/.git/worktrees/*.path /github/runner_temp/git-credentials-4f873e56-71e4-441c-93e9-00177b99b34c.config
2026-09-11T22:53:27.9515532Z [command]/usr/bin/git submodule foreach --recursive git config --local --show-origin --name-only --get-regexp remote.origin.url
2026-09-11T22:53:27.9693221Z Removing credentials config '/home/runner/work/_temp/git-credentials-4f873e56-71e4-441c-93e9-00177b99b34c.config'
2026-09-11T22:53:27.9831939Z Cleaning up orphan processes

