2026-09-11T22:49:22.9445905Z Current runner version: '2.337.0'
2026-09-11T22:49:22.9471917Z ##[group]Runner Image Provisioner
2026-09-11T22:49:22.9472883Z Hosted Compute Agent
2026-09-11T22:49:22.9473507Z Version: 20260828.587
2026-09-11T22:49:22.9474147Z Commit: abac92662cab4cc7352de4f9f9d2e2419aad9c29
2026-09-11T22:49:22.9474932Z Build Date: 2026-08-28T16:44:25Z
2026-09-11T22:49:22.9475630Z Worker ID: {23572463-3492-46da-97e7-9c194687f66a}
2026-09-11T22:49:22.9476392Z Azure Region: westus
2026-09-11T22:49:22.9476972Z ##[endgroup]
2026-09-11T22:49:22.9478587Z ##[group]Operating System
2026-09-11T22:49:22.9479320Z Ubuntu
2026-09-11T22:49:22.9480177Z 24.04.5
2026-09-11T22:49:22.9480683Z LTS
2026-09-11T22:49:22.9481271Z ##[endgroup]
2026-09-11T22:49:22.9481828Z ##[group]Runner Image
2026-09-11T22:49:22.9482450Z Image: ubuntu-24.04
2026-09-11T22:49:22.9483056Z Version: 20260907.300.1
2026-09-11T22:49:22.9484342Z Included Software: https://github.com/actions/runner-images/blob/ubuntu24/20260907.300/images/ubuntu/Ubuntu2404-Readme.md
2026-09-11T22:49:22.9485905Z Image Release: https://github.com/actions/runner-images/releases/tag/ubuntu24%2F20260907.300
2026-09-11T22:49:22.9486913Z ##[endgroup]
2026-09-11T22:49:22.9488061Z ##[group]GITHUB_TOKEN Permissions
2026-09-11T22:49:22.9490578Z Contents: read
2026-09-11T22:49:22.9491543Z Metadata: read
2026-09-11T22:49:22.9492221Z ##[endgroup]
2026-09-11T22:49:22.9494351Z Secret source: Actions
2026-09-11T22:49:22.9495421Z Cache mode: write
2026-09-11T22:49:22.9496175Z Prepare workflow directory
2026-09-11T22:49:22.9827197Z Prepare all required actions
2026-09-11T22:49:22.9889292Z Getting action download info
2026-09-11T22:49:23.3589296Z Download action repository 'actions/checkout@v6' (SHA:d23441a48e516b6c34aea4fa41551a30e30af803)
2026-09-11T22:49:23.4611778Z Download action repository 'actions/upload-artifact@v4' (SHA:ea165f8d65b6e75b540449e92b4886f43607fa02)
2026-09-11T22:49:23.6670766Z Complete job name: windows-arm64-build
2026-09-11T22:49:23.7440996Z ##[group]Run actions/checkout@v6
2026-09-11T22:49:23.7441947Z with:
2026-09-11T22:49:23.7442382Z   repository: Matanek/Silex
2026-09-11T22:49:23.7446257Z   token: ***
2026-09-11T22:49:23.7446687Z   ssh-strict: true
2026-09-11T22:49:23.7447111Z   ssh-user: git
2026-09-11T22:49:23.7447544Z   persist-credentials: true
2026-09-11T22:49:23.7448018Z   clean: true
2026-09-11T22:49:23.7448452Z   sparse-checkout-cone-mode: true
2026-09-11T22:49:23.7448973Z   fetch-depth: 1
2026-09-11T22:49:23.7449397Z   fetch-tags: false
2026-09-11T22:49:23.7450194Z   show-progress: true
2026-09-11T22:49:23.7450649Z   lfs: false
2026-09-11T22:49:23.7451056Z   submodules: false
2026-09-11T22:49:23.7451497Z   set-safe-directory: true
2026-09-11T22:49:23.7452003Z   allow-unsafe-pr-checkout: false
2026-09-11T22:49:23.7452805Z ##[endgroup]
2026-09-11T22:49:23.8482703Z Syncing repository: Matanek/Silex
2026-09-11T22:49:23.8485158Z ##[group]Getting Git version info
2026-09-11T22:49:23.8486446Z Working directory is '/home/runner/work/Silex/Silex'
2026-09-11T22:49:23.8488195Z [command]/usr/bin/git version
2026-09-11T22:49:23.8577983Z git version 2.55.0
2026-09-11T22:49:23.8607239Z ##[endgroup]
2026-09-11T22:49:23.8625907Z Temporarily overriding HOME='/home/runner/work/_temp/b31e45bd-2944-40a8-be07-9c2e119eb6f9' before making global git config changes
2026-09-11T22:49:23.8627689Z Adding repository directory to the temporary git global config as a safe directory
2026-09-11T22:49:23.8633690Z [command]/usr/bin/git config --global --add safe.directory /home/runner/work/Silex/Silex
2026-09-11T22:49:23.8687218Z Deleting the contents of '/home/runner/work/Silex/Silex'
2026-09-11T22:49:23.8693521Z ##[group]Determining repository object format
2026-09-11T22:49:23.8696036Z ##[endgroup]
2026-09-11T22:49:23.8697077Z ##[group]Initializing the repository
2026-09-11T22:49:23.8702034Z [command]/usr/bin/git init /home/runner/work/Silex/Silex
2026-09-11T22:49:23.8836433Z hint: Using 'master' as the name for the initial branch. This default branch name
2026-09-11T22:49:23.8838433Z hint: will change to "main" in Git 3.0. To configure the initial branch name
2026-09-11T22:49:23.8840685Z hint: to use in all of your new repositories, which will suppress this warning,
2026-09-11T22:49:23.8842174Z hint: call:
2026-09-11T22:49:23.8842665Z hint:
2026-09-11T22:49:23.8843356Z hint: 	git config --global init.defaultBranch <name>
2026-09-11T22:49:23.8844584Z hint:
2026-09-11T22:49:23.8845241Z hint: Names commonly chosen instead of 'master' are 'main', 'trunk' and
2026-09-11T22:49:23.8846264Z hint: 'development'. The just-created branch can be renamed via this command:
2026-09-11T22:49:23.8847062Z hint:
2026-09-11T22:49:23.8847501Z hint: 	git branch -m <name>
2026-09-11T22:49:23.8848001Z hint:
2026-09-11T22:49:23.8848660Z hint: Disable this message with "git config set advice.defaultBranchName false"
2026-09-11T22:49:23.8850666Z Initialized empty Git repository in /home/runner/work/Silex/Silex/.git/
2026-09-11T22:49:23.8854540Z [command]/usr/bin/git remote add origin https://github.com/Matanek/Silex
2026-09-11T22:49:23.8913903Z ##[endgroup]
2026-09-11T22:49:23.8915096Z ##[group]Disabling automatic garbage collection
2026-09-11T22:49:23.8917379Z [command]/usr/bin/git config --local gc.auto 0
2026-09-11T22:49:23.8950820Z ##[endgroup]
2026-09-11T22:49:23.8952353Z ##[group]Setting up auth
2026-09-11T22:49:23.8953610Z Removing SSH command configuration
2026-09-11T22:49:23.8959376Z [command]/usr/bin/git config --local --name-only --get-regexp core\.sshCommand
2026-09-11T22:49:23.9008660Z [command]/usr/bin/git submodule foreach --recursive sh -c "git config --local --name-only --get-regexp 'core\.sshCommand' && git config --local --unset-all 'core.sshCommand' || :"
2026-09-11T22:49:23.9400476Z Removing HTTP extra header
2026-09-11T22:49:23.9411206Z [command]/usr/bin/git config --local --name-only --get-regexp http\.https\:\/\/github\.com\/\.extraheader
2026-09-11T22:49:23.9443057Z [command]/usr/bin/git submodule foreach --recursive sh -c "git config --local --name-only --get-regexp 'http\.https\:\/\/github\.com\/\.extraheader' && git config --local --unset-all 'http.https://github.com/.extraheader' || :"
2026-09-11T22:49:23.9662511Z Removing includeIf entries pointing to credentials config files
2026-09-11T22:49:23.9670766Z [command]/usr/bin/git config --local --name-only --get-regexp ^includeIf\.gitdir:
2026-09-11T22:49:23.9707583Z [command]/usr/bin/git submodule foreach --recursive git config --local --show-origin --name-only --get-regexp remote.origin.url
2026-09-11T22:49:23.9933117Z [command]/usr/bin/git config --file /home/runner/work/_temp/git-credentials-ed0d7dcd-72f4-4a06-9e01-7ffbfea2a17e.config http.https://github.com/.extraheader AUTHORIZATION: basic ***
2026-09-11T22:49:23.9975221Z [command]/usr/bin/git config --local includeIf.gitdir:/home/runner/work/Silex/Silex/.git.path /home/runner/work/_temp/git-credentials-ed0d7dcd-72f4-4a06-9e01-7ffbfea2a17e.config
2026-09-11T22:49:24.0009282Z [command]/usr/bin/git config --local includeIf.gitdir:/home/runner/work/Silex/Silex/.git/worktrees/*.path /home/runner/work/_temp/git-credentials-ed0d7dcd-72f4-4a06-9e01-7ffbfea2a17e.config
2026-09-11T22:49:24.0048262Z [command]/usr/bin/git config --local includeIf.gitdir:/github/workspace/.git.path /github/runner_temp/git-credentials-ed0d7dcd-72f4-4a06-9e01-7ffbfea2a17e.config
2026-09-11T22:49:24.0086474Z [command]/usr/bin/git config --local includeIf.gitdir:/github/workspace/.git/worktrees/*.path /github/runner_temp/git-credentials-ed0d7dcd-72f4-4a06-9e01-7ffbfea2a17e.config
2026-09-11T22:49:24.0122467Z ##[endgroup]
2026-09-11T22:49:24.0124065Z ##[group]Fetching the repository
2026-09-11T22:49:24.0132217Z [command]/usr/bin/git -c protocol.version=2 fetch --no-tags --prune --no-recurse-submodules --depth=1 origin +737fc8c9f9525cf1f7fe3f13af945eb88e63a58b:refs/remotes/origin/spec-silex-optimization-parity-completion
2026-09-11T22:49:25.6097381Z From https://github.com/Matanek/Silex
2026-09-11T22:49:25.6100104Z  * [new ref]         737fc8c9f9525cf1f7fe3f13af945eb88e63a58b -> origin/spec-silex-optimization-parity-completion
2026-09-11T22:49:25.6112584Z [command]/usr/bin/git branch --list --remote origin/spec-silex-optimization-parity-completion
2026-09-11T22:49:25.6140370Z   origin/spec-silex-optimization-parity-completion
2026-09-11T22:49:25.6153393Z [command]/usr/bin/git rev-parse refs/remotes/origin/spec-silex-optimization-parity-completion
2026-09-11T22:49:25.6183992Z 737fc8c9f9525cf1f7fe3f13af945eb88e63a58b
2026-09-11T22:49:25.6200156Z ##[endgroup]
2026-09-11T22:49:25.6202047Z ##[group]Determining the checkout info
2026-09-11T22:49:25.6203949Z ##[endgroup]
2026-09-11T22:49:25.6205070Z [command]/usr/bin/git sparse-checkout disable
2026-09-11T22:49:25.6260564Z [command]/usr/bin/git config --local --unset-all extensions.worktreeConfig
2026-09-11T22:49:25.6295414Z ##[group]Checking out the ref
2026-09-11T22:49:25.6299357Z [command]/usr/bin/git checkout --progress --force -B spec-silex-optimization-parity-completion refs/remotes/origin/spec-silex-optimization-parity-completion
2026-09-11T22:49:25.8445525Z Switched to a new branch 'spec-silex-optimization-parity-completion'
2026-09-11T22:49:25.8450487Z branch 'spec-silex-optimization-parity-completion' set up to track 'origin/spec-silex-optimization-parity-completion'.
2026-09-11T22:49:25.8466870Z ##[endgroup]
2026-09-11T22:49:25.8514494Z [command]/usr/bin/git log -1 --format=%H
2026-09-11T22:49:25.8543079Z 737fc8c9f9525cf1f7fe3f13af945eb88e63a58b
2026-09-11T22:49:25.8782255Z ##[group]Run set -euo pipefail
2026-09-11T22:49:25.8783108Z [36;1mset -euo pipefail[0m
2026-09-11T22:49:25.8783859Z [36;1marchive="$RUNNER_TEMP/zig.tar.xz"[0m
2026-09-11T22:49:25.8785436Z [36;1mcurl -fL https://ziglang.org/download/0.16.0/zig-x86_64-linux-0.16.0.tar.xz -o "$archive"[0m
2026-09-11T22:49:25.8787798Z [36;1mecho "70e49664a74374b48b51e6f3fdfbf437f6395d42509050588bd49abe52ba3d00  $archive" | sha256sum -c -[0m
2026-09-11T22:49:25.8789596Z [36;1mtar -xJf "$archive" -C "$RUNNER_TEMP"[0m
2026-09-11T22:49:25.8791037Z [36;1mecho "$RUNNER_TEMP/zig-x86_64-linux-0.16.0" >> "$GITHUB_PATH"[0m
2026-09-11T22:49:25.8833714Z shell: /usr/bin/bash --noprofile --norc -e -o pipefail {0}
2026-09-11T22:49:25.8834801Z ##[endgroup]
2026-09-11T22:49:25.8999053Z   % Total    % Received % Xferd  Average Speed   Time    Time     Time  Current
2026-09-11T22:49:25.9001636Z                                  Dload  Upload   Total   Spent    Left  Speed
2026-09-11T22:49:25.9003172Z 
2026-09-11T22:49:25.9082273Z   0     0    0     0    0     0      0      0 --:--:-- --:--:-- --:--:--     0
2026-09-11T22:49:26.9516087Z   0     0    0     0    0     0      0      0 --:--:-- --:--:-- --:--:--     0
2026-09-11T22:49:27.9763025Z   0 52.9M    0 98042    0     0  93214      0  0:09:55  0:00:01  0:09:54 93195
2026-09-11T22:49:28.9160138Z   2 52.9M    2 1455k    0     0   701k      0  0:01:17  0:00:02  0:01:15  700k
2026-09-11T22:49:29.9082076Z  11 52.9M   11 6079k    0     0  2015k      0  0:00:26  0:00:03  0:00:23 2015k
2026-09-11T22:49:30.9071207Z  30 52.9M   30 15.8M    0     0  4055k      0  0:00:13  0:00:04  0:00:09 4054k
2026-09-11T22:49:31.9073557Z  46 52.9M   46 24.8M    0     0  5077k      0  0:00:10  0:00:05  0:00:05 5085k
2026-09-11T22:49:32.9071467Z  65 52.9M   65 34.6M    0     0  5899k      0  0:00:09  0:00:06  0:00:03 7131k
2026-09-11T22:49:33.5553737Z  87 52.9M   87 46.3M    0     0  6770k      0  0:00:08  0:00:07  0:00:01 9325k
2026-09-11T22:49:33.5554855Z 100 52.9M  100 52.9M    0     0  7077k      0  0:00:07  0:00:07 --:--:-- 10.1M
2026-09-11T22:49:33.6006098Z /home/runner/work/_temp/zig.tar.xz: OK
2026-09-11T22:49:37.3400063Z ##[group]Run set -euo pipefail
2026-09-11T22:49:37.3400461Z [36;1mset -euo pipefail[0m
2026-09-11T22:49:37.3400810Z [36;1mstage="$RUNNER_TEMP/windows-arm64-bootstrap"[0m
2026-09-11T22:49:37.3401171Z [36;1mmkdir -p "$stage/boundary"[0m
2026-09-11T22:49:37.3401615Z [36;1mzig build -Dtarget=aarch64-windows -Doptimize=ReleaseFast -Dcpu=baseline \[0m
2026-09-11T22:49:37.3402068Z [36;1m  --prefix "$stage/silex" \[0m
2026-09-11T22:49:37.3402381Z [36;1m  --build-file Toolchain/build.zig[0m
2026-09-11T22:49:37.3402865Z [36;1mzig build-lib Tests/Target/windows-arm64/WindowsArm64BoundaryProbe/Provider.zig \[0m
2026-09-11T22:49:37.3403577Z [36;1m  -O ReleaseSmall \[0m
2026-09-11T22:49:37.3403841Z [36;1m  -target aarch64-windows \[0m
2026-09-11T22:49:37.3404188Z [36;1m  -femit-bin="$stage/boundary/BoundaryProbe.lib"[0m
2026-09-11T22:49:37.3404617Z [36;1mtest "$(head -c 8 "$stage/boundary/BoundaryProbe.lib")" = "!<arch>"[0m
2026-09-11T22:49:37.3444855Z shell: /usr/bin/bash --noprofile --norc -e -o pipefail {0}
2026-09-11T22:49:37.3445241Z ##[endgroup]
2026-09-11T22:53:24.4702373Z Node 20 is being deprecated. This workflow is running with Node 24 by default. If you need to temporarily use Node 20, you can set the ACTIONS_ALLOW_USE_UNSECURE_NODE_VERSION=true environment variable. For more information see: https://github.blog/changelog/2025-09-19-deprecation-of-node-20-on-github-actions-runners/
2026-09-11T22:53:24.4704365Z ##[group]Run actions/upload-artifact@v4
2026-09-11T22:53:24.4704658Z with:
2026-09-11T22:53:24.4704863Z   name: windows-arm64-bootstrap
2026-09-11T22:53:24.4705195Z   path: /home/runner/work/_temp/windows-arm64-bootstrap
2026-09-11T22:53:24.4705538Z   retention-days: 1
2026-09-11T22:53:24.4705786Z   if-no-files-found: error
2026-09-11T22:53:24.4706013Z   compression-level: 6
2026-09-11T22:53:24.4706222Z   overwrite: false
2026-09-11T22:53:24.4706433Z   include-hidden-files: false
2026-09-11T22:53:24.4706667Z ##[endgroup]
2026-09-11T22:53:24.6340980Z (node:2377) [DEP0040] DeprecationWarning: The `punycode` module is deprecated. Please use a userland alternative instead.
2026-09-11T22:53:24.6341807Z (Use `node --trace-deprecation ...` to show where the warning was created)
2026-09-11T22:53:24.6414855Z With the provided path, there will be 3 files uploaded
2026-09-11T22:53:24.6420794Z Artifact name is valid!
2026-09-11T22:53:24.6421613Z Root directory input is valid!
2026-09-11T22:53:25.0660897Z Beginning upload of artifact content to blob storage
2026-09-11T22:53:25.8820924Z (node:2377) [DEP0169] DeprecationWarning: `url.parse()` behavior is not standardized and prone to errors that have security implications. Use the WHATWG URL API instead. CVEs are not issued for `url.parse()` vulnerabilities.
2026-09-11T22:53:26.8562960Z Uploaded bytes 8388608
2026-09-11T22:53:26.9414229Z Uploaded bytes 8765741
2026-09-11T22:53:27.0183053Z Finished uploading artifact content to blob storage!
2026-09-11T22:53:27.0184336Z SHA256 digest of uploaded artifact zip is f1d68c842aa9aa49249de76f0dfc62154f50af42bb47efb87695a224986750c5
2026-09-11T22:53:27.0186137Z Finalizing artifact upload
2026-09-11T22:53:27.2602473Z Artifact windows-arm64-bootstrap.zip successfully finalized. Artifact ID 10286230424
2026-09-11T22:53:27.2603857Z Artifact windows-arm64-bootstrap has been successfully uploaded! Final size is 8765741 bytes. Artifact ID is 10286230424
2026-09-11T22:53:27.2609941Z Artifact download URL: https://github.com/Matanek/Silex/actions/runs/34655625766/artifacts/10286230424
2026-09-11T22:53:27.2844604Z Post job cleanup.
2026-09-11T22:53:27.3699840Z [command]/usr/bin/git version
2026-09-11T22:53:27.3749625Z git version 2.55.0
2026-09-11T22:53:27.3827328Z Temporarily overriding HOME='/home/runner/work/_temp/088c15f0-1520-4d52-9ef8-67672f1c2376' before making global git config changes
2026-09-11T22:53:27.3828697Z Adding repository directory to the temporary git global config as a safe directory
2026-09-11T22:53:27.3834800Z [command]/usr/bin/git config --global --add safe.directory /home/runner/work/Silex/Silex
2026-09-11T22:53:27.3881249Z Removing SSH command configuration
2026-09-11T22:53:27.3884047Z [command]/usr/bin/git config --local --name-only --get-regexp core\.sshCommand
2026-09-11T22:53:27.3927777Z [command]/usr/bin/git submodule foreach --recursive sh -c "git config --local --name-only --get-regexp 'core\.sshCommand' && git config --local --unset-all 'core.sshCommand' || :"
2026-09-11T22:53:27.4189540Z Removing HTTP extra header
2026-09-11T22:53:27.4197130Z [command]/usr/bin/git config --local --name-only --get-regexp http\.https\:\/\/github\.com\/\.extraheader
2026-09-11T22:53:27.4241378Z [command]/usr/bin/git submodule foreach --recursive sh -c "git config --local --name-only --get-regexp 'http\.https\:\/\/github\.com\/\.extraheader' && git config --local --unset-all 'http.https://github.com/.extraheader' || :"
2026-09-11T22:53:27.4487892Z Removing includeIf entries pointing to credentials config files
2026-09-11T22:53:27.4496935Z [command]/usr/bin/git config --local --name-only --get-regexp ^includeIf\.gitdir:
2026-09-11T22:53:27.4525883Z includeif.gitdir:/home/runner/work/Silex/Silex/.git.path
2026-09-11T22:53:27.4526750Z includeif.gitdir:/home/runner/work/Silex/Silex/.git/worktrees/*.path
2026-09-11T22:53:27.4527596Z includeif.gitdir:/github/workspace/.git.path
2026-09-11T22:53:27.4528332Z includeif.gitdir:/github/workspace/.git/worktrees/*.path
2026-09-11T22:53:27.4536060Z [command]/usr/bin/git config --local --get-all includeif.gitdir:/home/runner/work/Silex/Silex/.git.path
2026-09-11T22:53:27.4563377Z /home/runner/work/_temp/git-credentials-ed0d7dcd-72f4-4a06-9e01-7ffbfea2a17e.config
2026-09-11T22:53:27.4576214Z [command]/usr/bin/git config --local --unset includeif.gitdir:/home/runner/work/Silex/Silex/.git.path /home/runner/work/_temp/git-credentials-ed0d7dcd-72f4-4a06-9e01-7ffbfea2a17e.config
2026-09-11T22:53:27.4620724Z [command]/usr/bin/git config --local --get-all includeif.gitdir:/home/runner/work/Silex/Silex/.git/worktrees/*.path
2026-09-11T22:53:27.4647133Z /home/runner/work/_temp/git-credentials-ed0d7dcd-72f4-4a06-9e01-7ffbfea2a17e.config
2026-09-11T22:53:27.4658176Z [command]/usr/bin/git config --local --unset includeif.gitdir:/home/runner/work/Silex/Silex/.git/worktrees/*.path /home/runner/work/_temp/git-credentials-ed0d7dcd-72f4-4a06-9e01-7ffbfea2a17e.config
2026-09-11T22:53:27.4701164Z [command]/usr/bin/git config --local --get-all includeif.gitdir:/github/workspace/.git.path
2026-09-11T22:53:27.4729425Z /github/runner_temp/git-credentials-ed0d7dcd-72f4-4a06-9e01-7ffbfea2a17e.config
2026-09-11T22:53:27.4738263Z [command]/usr/bin/git config --local --unset includeif.gitdir:/github/workspace/.git.path /github/runner_temp/git-credentials-ed0d7dcd-72f4-4a06-9e01-7ffbfea2a17e.config
2026-09-11T22:53:27.4784877Z [command]/usr/bin/git config --local --get-all includeif.gitdir:/github/workspace/.git/worktrees/*.path
2026-09-11T22:53:27.4810362Z /github/runner_temp/git-credentials-ed0d7dcd-72f4-4a06-9e01-7ffbfea2a17e.config
2026-09-11T22:53:27.4818676Z [command]/usr/bin/git config --local --unset includeif.gitdir:/github/workspace/.git/worktrees/*.path /github/runner_temp/git-credentials-ed0d7dcd-72f4-4a06-9e01-7ffbfea2a17e.config
2026-09-11T22:53:27.4857855Z [command]/usr/bin/git submodule foreach --recursive git config --local --show-origin --name-only --get-regexp remote.origin.url
2026-09-11T22:53:27.5087395Z Removing credentials config '/home/runner/work/_temp/git-credentials-ed0d7dcd-72f4-4a06-9e01-7ffbfea2a17e.config'
2026-09-11T22:53:27.5233716Z Cleaning up orphan processes
2026-09-11T22:53:27.5579364Z ##[warning]Node.js 20 is deprecated. The following actions target Node.js 20 but are being forced to run on Node.js 24: actions/upload-artifact@v4. For more information see: https://github.blog/changelog/2025-09-19-deprecation-of-node-20-on-github-actions-runners/

