2026-09-11T22:49:24.8360640Z Current runner version: '2.337.0'
2026-09-11T22:49:24.8574030Z ##[group]Runner Image Provisioner
2026-09-11T22:49:24.8575650Z Hosted Compute Agent
2026-09-11T22:49:24.8576710Z Version: 20260819.586
2026-09-11T22:49:24.8577890Z Commit: 3cc4a88dfa507ef76119ad1bb3eccc6378bb2b76
2026-09-11T22:49:24.8579330Z Build Date: 2026-08-18T23:20:18Z
2026-09-11T22:49:24.8580650Z Worker ID: {cc7f9c1c-0ba8-4d3d-a342-610b5df15ff3}
2026-09-11T22:49:24.8582110Z Azure Region: westus
2026-09-11T22:49:24.8583170Z ##[endgroup]
2026-09-11T22:49:24.8586670Z ##[group]Operating System
2026-09-11T22:49:24.8587750Z macOS
2026-09-11T22:49:24.8588680Z 15.7.9
2026-09-11T22:49:24.8589650Z 24G830
2026-09-11T22:49:24.8590860Z ##[endgroup]
2026-09-11T22:49:24.8593300Z ##[group]Runner Image
2026-09-11T22:49:24.8595020Z Image: macos-15
2026-09-11T22:49:24.8596140Z Version: 20260824.0482.1
2026-09-11T22:49:24.8598000Z Included Software: https://github.com/actions/runner-images/blob/macos-15/20260824.0482/images/macos/macos-15-Readme.md
2026-09-11T22:49:24.8601280Z Image Release: https://github.com/actions/runner-images/releases/tag/macos-15%2F20260824.0482
2026-09-11T22:49:24.8603080Z ##[endgroup]
2026-09-11T22:49:24.8605660Z ##[group]GITHUB_TOKEN Permissions
2026-09-11T22:49:24.8609980Z Contents: read
2026-09-11T22:49:24.8610960Z Metadata: read
2026-09-11T22:49:24.8611610Z ##[endgroup]
2026-09-11T22:49:24.8616240Z Secret source: Actions
2026-09-11T22:49:24.8618310Z Cache mode: write
2026-09-11T22:49:24.8619620Z Prepare workflow directory
2026-09-11T22:49:25.3587180Z Prepare all required actions
2026-09-11T22:49:25.3754160Z Getting action download info
2026-09-11T22:49:25.5528250Z Download action repository 'actions/checkout@v6' (SHA:d23441a48e516b6c34aea4fa41551a30e30af803)
2026-09-11T22:49:26.6202310Z Complete job name: macos-x64
2026-09-11T22:49:26.7636780Z ##[group]Run actions/checkout@v6
2026-09-11T22:49:26.7638440Z with:
2026-09-11T22:49:26.7639310Z   repository: Matanek/Silex
2026-09-11T22:49:26.7647470Z   token: ***
2026-09-11T22:49:26.7648270Z   ssh-strict: true
2026-09-11T22:49:26.7650090Z   ssh-user: git
2026-09-11T22:49:26.7650830Z   persist-credentials: true
2026-09-11T22:49:26.7651630Z   clean: true
2026-09-11T22:49:26.7652350Z   sparse-checkout-cone-mode: true
2026-09-11T22:49:26.7653190Z   fetch-depth: 1
2026-09-11T22:49:26.7653900Z   fetch-tags: false
2026-09-11T22:49:26.7654620Z   show-progress: true
2026-09-11T22:49:26.7655340Z   lfs: false
2026-09-11T22:49:26.7656020Z   submodules: false
2026-09-11T22:49:26.7656780Z   set-safe-directory: true
2026-09-11T22:49:26.7657830Z   allow-unsafe-pr-checkout: false
2026-09-11T22:49:26.7659700Z ##[endgroup]
2026-09-11T22:49:28.0251850Z Syncing repository: Matanek/Silex
2026-09-11T22:49:28.0255760Z ##[group]Getting Git version info
2026-09-11T22:49:28.0257980Z Working directory is '/Users/runner/work/Silex/Silex'
2026-09-11T22:49:28.0261310Z [command]/usr/local/bin/git version
2026-09-11T22:49:28.1503640Z git version 2.55.0
2026-09-11T22:49:28.1617150Z ##[endgroup]
2026-09-11T22:49:28.1648760Z Copying '/Users/runner/.gitconfig' to '/Users/runner/work/_temp/d7fef1b7-4360-46e6-9d0c-27aa455cc28c/.gitconfig'
2026-09-11T22:49:28.1666720Z Temporarily overriding HOME='/Users/runner/work/_temp/d7fef1b7-4360-46e6-9d0c-27aa455cc28c' before making global git config changes
2026-09-11T22:49:28.1680550Z Adding repository directory to the temporary git global config as a safe directory
2026-09-11T22:49:28.1691430Z [command]/usr/local/bin/git config --global --add safe.directory /Users/runner/work/Silex/Silex
2026-09-11T22:49:28.2176720Z Deleting the contents of '/Users/runner/work/Silex/Silex'
2026-09-11T22:49:28.2186900Z ##[group]Determining repository object format
2026-09-11T22:49:28.2192650Z ##[endgroup]
2026-09-11T22:49:28.2196720Z ##[group]Initializing the repository
2026-09-11T22:49:28.2200640Z [command]/usr/local/bin/git init /Users/runner/work/Silex/Silex
2026-09-11T22:49:28.2989870Z hint: Using 'master' as the name for the initial branch. This default branch name
2026-09-11T22:49:28.2995840Z hint: will change to "main" in Git 3.0. To configure the initial branch name
2026-09-11T22:49:28.3003530Z hint: to use in all of your new repositories, which will suppress this warning,
2026-09-11T22:49:28.3007170Z hint: call:
2026-09-11T22:49:28.3008930Z hint:
2026-09-11T22:49:28.3011020Z hint: 	git config --global init.defaultBranch <name>
2026-09-11T22:49:28.3013710Z hint:
2026-09-11T22:49:28.3016100Z hint: Names commonly chosen instead of 'master' are 'main', 'trunk' and
2026-09-11T22:49:28.3020260Z hint: 'development'. The just-created branch can be renamed via this command:
2026-09-11T22:49:28.3023480Z hint:
2026-09-11T22:49:28.3025240Z hint: 	git branch -m <name>
2026-09-11T22:49:28.3027250Z hint:
2026-09-11T22:49:28.3030010Z hint: Disable this message with "git config set advice.defaultBranchName false"
2026-09-11T22:49:28.3034120Z Initialized empty Git repository in /Users/runner/work/Silex/Silex/.git/
2026-09-11T22:49:28.3040980Z [command]/usr/local/bin/git remote add origin https://github.com/Matanek/Silex
2026-09-11T22:49:28.3169450Z ##[endgroup]
2026-09-11T22:49:28.3172550Z ##[group]Disabling automatic garbage collection
2026-09-11T22:49:28.3175650Z [command]/usr/local/bin/git config --local gc.auto 0
2026-09-11T22:49:28.3301960Z ##[endgroup]
2026-09-11T22:49:28.3304880Z ##[group]Setting up auth
2026-09-11T22:49:28.3307080Z Removing SSH command configuration
2026-09-11T22:49:28.3323530Z [command]/usr/local/bin/git config --local --name-only --get-regexp core\.sshCommand
2026-09-11T22:49:28.3687770Z [command]/usr/local/bin/git submodule foreach --recursive sh -c "git config --local --name-only --get-regexp 'core\.sshCommand' && git config --local --unset-all 'core.sshCommand' || :"
2026-09-11T22:49:28.5831340Z Removing HTTP extra header
2026-09-11T22:49:28.5841000Z [command]/usr/local/bin/git config --local --name-only --get-regexp http\.https\:\/\/github\.com\/\.extraheader
2026-09-11T22:49:28.5955660Z [command]/usr/local/bin/git submodule foreach --recursive sh -c "git config --local --name-only --get-regexp 'http\.https\:\/\/github\.com\/\.extraheader' && git config --local --unset-all 'http.https://github.com/.extraheader' || :"
2026-09-11T22:49:28.7888480Z Removing includeIf entries pointing to credentials config files
2026-09-11T22:49:28.7893900Z [command]/usr/local/bin/git config --local --name-only --get-regexp ^includeIf\.gitdir:
2026-09-11T22:49:28.8119820Z [command]/usr/local/bin/git submodule foreach --recursive git config --local --show-origin --name-only --get-regexp remote.origin.url
2026-09-11T22:49:29.1045620Z [command]/usr/local/bin/git config --file /Users/runner/work/_temp/git-credentials-f997130b-7150-4fb8-9907-e39ae8c29050.config http.https://github.com/.extraheader AUTHORIZATION: basic ***
2026-09-11T22:49:29.1302820Z [command]/usr/local/bin/git config --local includeIf.gitdir:/Users/runner/work/Silex/Silex/.git.path /Users/runner/work/_temp/git-credentials-f997130b-7150-4fb8-9907-e39ae8c29050.config
2026-09-11T22:49:29.1576190Z [command]/usr/local/bin/git config --local includeIf.gitdir:/Users/runner/work/Silex/Silex/.git/worktrees/*.path /Users/runner/work/_temp/git-credentials-f997130b-7150-4fb8-9907-e39ae8c29050.config
2026-09-11T22:49:29.1782410Z [command]/usr/local/bin/git config --local includeIf.gitdir:/github/workspace/.git.path /github/runner_temp/git-credentials-f997130b-7150-4fb8-9907-e39ae8c29050.config
2026-09-11T22:49:29.1953100Z [command]/usr/local/bin/git config --local includeIf.gitdir:/github/workspace/.git/worktrees/*.path /github/runner_temp/git-credentials-f997130b-7150-4fb8-9907-e39ae8c29050.config
2026-09-11T22:49:29.2074190Z ##[endgroup]
2026-09-11T22:49:29.2077950Z ##[group]Fetching the repository
2026-09-11T22:49:29.2088260Z [command]/usr/local/bin/git -c protocol.version=2 fetch --no-tags --prune --no-recurse-submodules --depth=1 origin +737fc8c9f9525cf1f7fe3f13af945eb88e63a58b:refs/remotes/origin/spec-silex-optimization-parity-completion
2026-09-11T22:49:31.9944270Z From https://github.com/Matanek/Silex
2026-09-11T22:49:31.9948790Z  * [new ref]         737fc8c9f9525cf1f7fe3f13af945eb88e63a58b -> origin/spec-silex-optimization-parity-completion
2026-09-11T22:49:31.9964710Z [command]/usr/local/bin/git branch --list --remote origin/spec-silex-optimization-parity-completion
2026-09-11T22:49:32.0127990Z   origin/spec-silex-optimization-parity-completion
2026-09-11T22:49:32.0146710Z [command]/usr/local/bin/git rev-parse refs/remotes/origin/spec-silex-optimization-parity-completion
2026-09-11T22:49:32.0249990Z 737fc8c9f9525cf1f7fe3f13af945eb88e63a58b
2026-09-11T22:49:32.0257130Z ##[endgroup]
2026-09-11T22:49:32.0258120Z ##[group]Determining the checkout info
2026-09-11T22:49:32.0259870Z ##[endgroup]
2026-09-11T22:49:32.0265840Z [command]/usr/local/bin/git sparse-checkout disable
2026-09-11T22:49:32.0454090Z [command]/usr/local/bin/git config --local --unset-all extensions.worktreeConfig
2026-09-11T22:49:32.0701690Z ##[group]Checking out the ref
2026-09-11T22:49:32.0710920Z [command]/usr/local/bin/git checkout --progress --force -B spec-silex-optimization-parity-completion refs/remotes/origin/spec-silex-optimization-parity-completion
2026-09-11T22:49:33.1912190Z Updating files:  69% (1304/1882)
2026-09-11T22:49:33.2473910Z Updating files:  70% (1318/1882)
2026-09-11T22:49:33.2587570Z Updating files:  71% (1337/1882)
2026-09-11T22:49:33.2615160Z Updating files:  72% (1356/1882)
2026-09-11T22:49:33.3146200Z Updating files:  73% (1374/1882)
2026-09-11T22:49:33.3402960Z Updating files:  74% (1393/1882)
2026-09-11T22:49:33.3513910Z Updating files:  75% (1412/1882)
2026-09-11T22:49:33.3597840Z Updating files:  76% (1431/1882)
2026-09-11T22:49:33.3677730Z Updating files:  77% (1450/1882)
2026-09-11T22:49:33.3746030Z Updating files:  78% (1468/1882)
2026-09-11T22:49:33.3827040Z Updating files:  79% (1487/1882)
2026-09-11T22:49:33.3928050Z Updating files:  80% (1506/1882)
2026-09-11T22:49:33.4012510Z Updating files:  81% (1525/1882)
2026-09-11T22:49:33.4172940Z Updating files:  82% (1544/1882)
2026-09-11T22:49:33.4232740Z Updating files:  83% (1563/1882)
2026-09-11T22:49:33.4287260Z Updating files:  84% (1581/1882)
2026-09-11T22:49:33.4398560Z Updating files:  85% (1600/1882)
2026-09-11T22:49:33.4486190Z Updating files:  86% (1619/1882)
2026-09-11T22:49:33.4583620Z Updating files:  87% (1638/1882)
2026-09-11T22:49:33.4648490Z Updating files:  88% (1657/1882)
2026-09-11T22:49:33.4882250Z Updating files:  89% (1675/1882)
2026-09-11T22:49:33.4956140Z Updating files:  90% (1694/1882)
2026-09-11T22:49:33.5045370Z Updating files:  91% (1713/1882)
2026-09-11T22:49:33.5122980Z Updating files:  92% (1732/1882)
2026-09-11T22:49:33.5194490Z Updating files:  93% (1751/1882)
2026-09-11T22:49:33.5275690Z Updating files:  94% (1770/1882)
2026-09-11T22:49:33.5367260Z Updating files:  95% (1788/1882)
2026-09-11T22:49:33.5453500Z Updating files:  96% (1807/1882)
2026-09-11T22:49:33.5528660Z Updating files:  97% (1826/1882)
2026-09-11T22:49:33.5603230Z Updating files:  98% (1845/1882)
2026-09-11T22:49:33.5663120Z Updating files:  99% (1864/1882)
2026-09-11T22:49:33.5664610Z Updating files: 100% (1882/1882)
2026-09-11T22:49:33.5666230Z Updating files: 100% (1882/1882), done.
2026-09-11T22:49:33.5790160Z Switched to a new branch 'spec-silex-optimization-parity-completion'
2026-09-11T22:49:33.5807700Z branch 'spec-silex-optimization-parity-completion' set up to track 'origin/spec-silex-optimization-parity-completion'.
2026-09-11T22:49:33.5832190Z ##[endgroup]
2026-09-11T22:49:33.6035350Z [command]/usr/local/bin/git log -1 --format=%H
2026-09-11T22:49:33.6174240Z 737fc8c9f9525cf1f7fe3f13af945eb88e63a58b
2026-09-11T22:49:33.6669870Z ##[group]Run set -euo pipefail
2026-09-11T22:49:33.6670490Z [36;1mset -euo pipefail[0m
2026-09-11T22:49:33.6670950Z [36;1marchive="$RUNNER_TEMP/zig.tar.xz"[0m
2026-09-11T22:49:33.6671860Z [36;1mcurl -fL https://ziglang.org/download/0.16.0/zig-x86_64-macos-0.16.0.tar.xz -o "$archive"[0m
2026-09-11T22:49:33.6673230Z [36;1mecho "0387557ed1877bc6a2e1802c8391953baddba76081876301c522f52977b52ba7  $archive" | shasum -a 256 -c -[0m
2026-09-11T22:49:33.6674280Z [36;1mtar -xJf "$archive" -C "$RUNNER_TEMP"[0m
2026-09-11T22:49:33.6675440Z [36;1mecho "$RUNNER_TEMP/zig-x86_64-macos-0.16.0" >> "$GITHUB_PATH"[0m
2026-09-11T22:49:33.6772540Z shell: /bin/bash --noprofile --norc -e -o pipefail {0}
2026-09-11T22:49:33.6773810Z ##[endgroup]
2026-09-11T22:49:34.2017540Z   % Total    % Received % Xferd  Average Speed  Time    Time    Time   Current
2026-09-11T22:49:34.2279480Z                                  Dload  Upload  Total   Spent   Left   Speed
2026-09-11T22:49:34.3204600Z 
2026-09-11T22:49:35.1873910Z   0      0   0      0   0      0      0      0                              0
2026-09-11T22:49:36.1881410Z   2 54.73M   2  1.46M   0      0  1.01M      0   00:53   00:01   00:52  1.46M
2026-09-11T22:49:37.1961540Z  17 54.73M  17  9.31M   0      0  3.81M      0   00:14   00:02   00:12  4.65M
2026-09-11T22:49:38.1928880Z  29 54.73M  29 16.03M   0      0  4.65M      0   00:11   00:03   00:08  5.34M
2026-09-11T22:49:39.1916250Z  42 54.73M  42 23.09M   0      0  5.19M      0   00:10   00:04   00:06  5.76M
2026-09-11T22:49:40.2011920Z  52 54.73M  52 28.71M   0      0  5.27M      0   00:10   00:05   00:05  5.74M
2026-09-11T22:49:41.2668400Z  61 54.73M  61 33.82M   0      0  5.25M      0   00:10   00:06   00:04  6.46M
2026-09-11T22:49:42.2318380Z  71 54.73M  71 39.17M   0      0  5.23M      0   00:10   00:07   00:03  5.92M
2026-09-11T22:49:43.2317900Z  80 54.73M  80 44.32M   0      0  5.22M      0   00:10   00:08   00:02  5.61M
2026-09-11T22:49:44.1378430Z  90 54.73M  90 49.57M   0      0  5.22M      0   00:10   00:09   00:01  5.25M
2026-09-11T22:49:44.1456660Z 100 54.73M 100 54.73M   0      0  5.29M      0   00:10   00:10          5.25M
2026-09-11T22:49:44.1464030Z 100 54.73M 100 54.73M   0      0  5.29M      0   00:10   00:10          5.25M
2026-09-11T22:49:44.1471560Z 100 54.73M 100 54.73M   0      0  5.29M      0   00:10   00:10          5.25M
2026-09-11T22:49:44.4746630Z /Users/runner/work/_temp/zig.tar.xz: OK
2026-09-11T22:50:07.9861810Z ##[group]Run set -euo pipefail
2026-09-11T22:50:07.9863640Z [36;1mset -euo pipefail[0m
2026-09-11T22:50:07.9864460Z [36;1mtest "$(uname -m)" = "x86_64"[0m
2026-09-11T22:50:07.9865330Z [36;1mexport HOME="$RUNNER_TEMP/home"[0m
2026-09-11T22:50:07.9866760Z [36;1mmkdir -p "$HOME"[0m
2026-09-11T22:50:07.9867790Z [36;1mzig build -Doptimize=ReleaseFast -Dcpu=baseline \[0m
2026-09-11T22:50:07.9868920Z [36;1m  --prefix "$RUNNER_TEMP/silex-prefix" \[0m
2026-09-11T22:50:07.9869950Z [36;1m  --build-file Toolchain/build.zig[0m
2026-09-11T22:50:07.9871020Z [36;1msilex="$RUNNER_TEMP/silex-prefix/bin/silex"[0m
2026-09-11T22:50:07.9871990Z [36;1m"$silex" --version[0m
2026-09-11T22:50:07.9874590Z [36;1m"$silex" targets | grep -F 'macos-x64'[0m
2026-09-11T22:50:07.9875800Z [36;1m"$silex" setup[0m
2026-09-11T22:50:07.9877090Z [36;1mshadercross="$HOME/.silex/toolchain/shadercross/3.0.0/macos-x64/bin/shadercross"[0m
2026-09-11T22:50:07.9878740Z [36;1mfile "$shadercross" | grep -F 'x86_64'[0m
2026-09-11T22:50:07.9879770Z [36;1m"$shadercross" --help >/dev/null 2>&1[0m
2026-09-11T22:50:07.9881600Z [36;1mboundary_root="$GITHUB_WORKSPACE/Toolchain/Fixtures/MacOSX64Boundary/Boundary/macos-x64"[0m
2026-09-11T22:50:07.9884550Z [36;1mzig cc -target x86_64-macos -c "$boundary_root/Provider.c" -o "$boundary_root/Provider.o"[0m
2026-09-11T22:50:07.9887220Z [36;1mzig ar rcs "$boundary_root/libMacOSX64Boundary.a" "$boundary_root/Provider.o"[0m
2026-09-11T22:50:07.9889090Z [36;1mboundary_consumer="$GITHUB_WORKSPACE/Toolchain/Fixtures/MacOSX64BoundaryConsumer"[0m
2026-09-11T22:50:07.9890750Z [36;1m"$silex" link "$GITHUB_WORKSPACE/Toolchain/Fixtures/MacOSX64Boundary" \[0m
2026-09-11T22:50:07.9892090Z [36;1m  --workspace "$boundary_consumer" --target macos-x64[0m
2026-09-11T22:50:07.9893340Z [36;1m"$silex" packages resolve "$boundary_consumer"[0m
2026-09-11T22:50:07.9895150Z [36;1m"$silex" compile "$boundary_consumer/Main.sx" \[0m
2026-09-11T22:50:07.9896450Z [36;1m  --release -o "$RUNNER_TEMP/macos-x64-boundary"[0m
2026-09-11T22:50:07.9897790Z [36;1mtest "$("$RUNNER_TEMP/macos-x64-boundary")" = "macos x64 boundary ready"[0m
2026-09-11T22:50:07.9900940Z [36;1m"$silex" test "$GITHUB_WORKSPACE/Tests/Native/NativePortability.sx"[0m
2026-09-11T22:50:07.9902420Z [36;1mscalar_root="$RUNNER_TEMP/scalar-float-fixture"[0m
2026-09-11T22:50:07.9903520Z [36;1mmkdir -p "$scalar_root"[0m
2026-09-11T22:50:07.9905120Z [36;1mprintf '%s\n' '{"sources":"."}' > "$scalar_root/Package.json"[0m
2026-09-11T22:50:07.9906690Z [36;1msnapshot_fixture="$scalar_root/BranchSnapshots.sx"[0m
2026-09-11T22:50:07.9908800Z [36;1mcp "$GITHUB_WORKSPACE/Toolchain/Benchmarks/Optimizer/Regressions/BranchSnapshots.sx" "$snapshot_fixture"[0m
2026-09-11T22:50:07.9910610Z [36;1mfor mode in debug release; do[0m
2026-09-11T22:50:07.9911660Z [36;1m  "$silex" compile "$snapshot_fixture" "--$mode" --nocache \[0m
2026-09-11T22:50:07.9912920Z [36;1m    -o "$RUNNER_TEMP/branch-snapshots-$mode"[0m
2026-09-11T22:50:07.9914560Z [36;1m  snapshot_output=$("$RUNNER_TEMP/branch-snapshots-$mode")[0m
2026-09-11T22:50:07.9916120Z [36;1m  test "$(printf '%s\n' "$snapshot_output" | wc -l)" -eq 8[0m
2026-09-11T22:50:07.9917390Z [36;1m  test "$(printf '%s\n' "$snapshot_output" | grep -c '^true$')" -eq 8[0m
2026-09-11T22:50:07.9918470Z [36;1mdone[0m
2026-09-11T22:50:07.9919380Z [36;1mloop_exit_fixture="$scalar_root/LoopExitResidence.sx"[0m
2026-09-11T22:50:07.9921260Z [36;1mcp "$GITHUB_WORKSPACE/Toolchain/Benchmarks/Optimizer/Regressions/LoopExitResidence.sx" "$loop_exit_fixture"[0m
2026-09-11T22:50:07.9923130Z [36;1mfor mode in debug release; do[0m
2026-09-11T22:50:07.9924260Z [36;1m  "$silex" compile "$loop_exit_fixture" "--$mode" --nocache \[0m
2026-09-11T22:50:07.9925610Z [36;1m    -o "$RUNNER_TEMP/loop-exit-residence-$mode"[0m
2026-09-11T22:50:07.9926880Z [36;1m  loop_exit_output=$("$RUNNER_TEMP/loop-exit-residence-$mode")[0m
2026-09-11T22:50:07.9929680Z [36;1m  test "$(printf '%s\n' "$loop_exit_output" | wc -l)" -eq 5[0m
2026-09-11T22:50:07.9932320Z [36;1m  test "$(printf '%s\n' "$loop_exit_output" | grep -c '^true$')" -eq 5[0m
2026-09-11T22:50:07.9933510Z [36;1mdone[0m
2026-09-11T22:50:07.9934510Z [36;1mfloat_memory_fixture="$scalar_root/FloatMemoryResidence.sx"[0m
2026-09-11T22:50:07.9936750Z [36;1mcp "$GITHUB_WORKSPACE/Toolchain/Benchmarks/Optimizer/Regressions/FloatMemoryResidence.sx" "$float_memory_fixture"[0m
2026-09-11T22:50:07.9938920Z [36;1mfor mode in debug release; do[0m
2026-09-11T22:50:07.9940160Z [36;1m  "$silex" compile "$float_memory_fixture" "--$mode" --nocache \[0m
2026-09-11T22:50:08.0017420Z [36;1m    -o "$RUNNER_TEMP/float-memory-residence-$mode"[0m
2026-09-11T22:50:08.0019870Z [36;1m  float_memory_output=$("$RUNNER_TEMP/float-memory-residence-$mode")[0m
2026-09-11T22:50:08.0021880Z [36;1m  test "$(printf '%s\n' "$float_memory_output" | wc -l)" -eq 10[0m
2026-09-11T22:50:08.0023300Z [36;1m  test "$(printf '%s\n' "$float_memory_output" | grep -c '^true$')" -eq 10[0m
2026-09-11T22:50:08.0024550Z [36;1mdone[0m
2026-09-11T22:50:08.0025500Z [36;1mfloat_operands_fixture="$scalar_root/ScalarFloatOperands.sx"[0m
2026-09-11T22:50:08.0027610Z [36;1mcp "$GITHUB_WORKSPACE/Toolchain/Benchmarks/Optimizer/Regressions/ScalarFloatOperands.sx" "$float_operands_fixture"[0m
2026-09-11T22:50:08.0030490Z [36;1mfor mode in debug release; do[0m
2026-09-11T22:50:08.0034010Z [36;1m  "$silex" compile "$float_operands_fixture" "--$mode" --nocache \[0m
2026-09-11T22:50:08.0035720Z [36;1m    -o "$RUNNER_TEMP/scalar-float-operands-$mode"[0m
2026-09-11T22:50:08.0037430Z [36;1m  float_operands_output=$("$RUNNER_TEMP/scalar-float-operands-$mode")[0m
2026-09-11T22:50:08.0039420Z [36;1m  test "$(printf '%s\n' "$float_operands_output" | wc -l)" -eq 18[0m
2026-09-11T22:50:08.0041570Z [36;1m  test "$(printf '%s\n' "$float_operands_output" | grep -c '^true$')" -eq 18[0m
2026-09-11T22:50:08.0043140Z [36;1mdone[0m
2026-09-11T22:50:08.0044160Z [36;1mprivate_length_fixture="$scalar_root/PrivateCollectionLengths.sx"[0m
2026-09-11T22:50:08.0046650Z [36;1mcp "$GITHUB_WORKSPACE/Toolchain/Benchmarks/Optimizer/Regressions/PrivateCollectionLengths.sx" "$private_length_fixture"[0m
2026-09-11T22:50:08.0049500Z [36;1mfor mode in debug release; do[0m
2026-09-11T22:50:08.0050590Z [36;1m  "$silex" compile "$private_length_fixture" "--$mode" --nocache \[0m
2026-09-11T22:50:08.0052090Z [36;1m    -o "$RUNNER_TEMP/private-collection-lengths-$mode"[0m
2026-09-11T22:50:08.0054010Z [36;1m  private_length_output=$("$RUNNER_TEMP/private-collection-lengths-$mode")[0m
2026-09-11T22:50:08.0055570Z [36;1m  test "$(printf '%s\n' "$private_length_output" | wc -l)" -eq 10[0m
2026-09-11T22:50:08.0057140Z [36;1m  test "$(printf '%s\n' "$private_length_output" | grep -c '^true$')" -eq 10[0m
2026-09-11T22:50:08.0058300Z [36;1mdone[0m
2026-09-11T22:50:08.0058940Z [36;1mrun_distribution() {[0m
2026-09-11T22:50:08.0059810Z [36;1m  executable="$1"[0m
2026-09-11T22:50:08.0061040Z [36;1m  stderr="$RUNNER_TEMP/$(basename "$executable").stderr"[0m
2026-09-11T22:50:08.0062530Z [36;1m  set +e[0m
2026-09-11T22:50:08.0063580Z [36;1m  output=$("$executable" 2>"$stderr")[0m
2026-09-11T22:50:08.0064730Z [36;1m  status=$?[0m
2026-09-11T22:50:08.0065440Z [36;1m  set -e[0m
2026-09-11T22:50:08.0066100Z [36;1m  if [ "$status" -ne 0 ]; then[0m
2026-09-11T22:50:08.0066930Z [36;1m    cat "$stderr"[0m
2026-09-11T22:50:08.0067690Z [36;1m    lldb --batch -o 'run' \[0m
2026-09-11T22:50:08.0068540Z [36;1m      -k 'thread backtrace all' \[0m
2026-09-11T22:50:08.0069530Z [36;1m      -k 'register read' \[0m
2026-09-11T22:50:08.0070760Z [36;1m      -k 'image lookup -a $pc' \[0m
2026-09-11T22:50:08.0072140Z [36;1m      -k 'disassemble -p' \[0m
2026-09-11T22:50:08.0072980Z [36;1m      -- "$executable" || true[0m
2026-09-11T22:50:08.0074000Z [36;1m    return "$status"[0m
2026-09-11T22:50:08.0074740Z [36;1m  fi[0m
2026-09-11T22:50:08.0075490Z [36;1m  test "$output" = "silex distribution ready"[0m
2026-09-11T22:50:08.0077900Z [36;1m}[0m
2026-09-11T22:50:08.0079030Z [36;1mdistribution="$GITHUB_WORKSPACE/Tests/Native/DistributionSmoke.sx"[0m
2026-09-11T22:50:08.0080310Z [36;1m"$silex" compile "$distribution" \[0m
2026-09-11T22:50:08.0081310Z [36;1m  -o "$RUNNER_TEMP/distribution-smoke-debug"[0m
2026-09-11T22:50:08.0082560Z [36;1mrun_distribution "$RUNNER_TEMP/distribution-smoke-debug"[0m
2026-09-11T22:50:08.0083720Z [36;1m"$silex" compile "$distribution" \[0m
2026-09-11T22:50:08.0084870Z [36;1m  --release -o "$RUNNER_TEMP/distribution-smoke-release"[0m
2026-09-11T22:50:08.0086440Z [36;1mrun_distribution "$RUNNER_TEMP/distribution-smoke-release"[0m
2026-09-11T22:50:08.0088480Z [36;1mtest "$("$silex" run "$distribution" --release)" = "silex distribution ready"[0m
2026-09-11T22:50:08.0090420Z [36;1m"$silex" compile "$GITHUB_WORKSPACE/Tests/Native/NativePortability.sx" \[0m
2026-09-11T22:50:08.0091900Z [36;1m  --release -o "$RUNNER_TEMP/native-portability"[0m
2026-09-11T22:50:08.0093250Z [36;1mfile "$RUNNER_TEMP/native-portability" | grep -F 'x86_64'[0m
2026-09-11T22:50:08.0094540Z [36;1mportability_output=$("$RUNNER_TEMP/native-portability")[0m
2026-09-11T22:50:08.0095840Z [36;1mprintf '%s\n' "$portability_output"[0m
2026-09-11T22:50:08.0097270Z [36;1mcycle_drops=$(printf '%s\n' "$portability_output" | grep -c '^native cycle drop$')[0m
2026-09-11T22:50:08.0098600Z [36;1mtest "$cycle_drops" -eq 6[0m
2026-09-11T22:50:08.0239600Z shell: /bin/bash --noprofile --norc -e -o pipefail {0}
2026-09-11T22:50:08.0240640Z ##[endgroup]
2026-09-11T22:58:37.5099870Z silex 0.44.1
2026-09-11T22:58:37.5159610Z macos-x64 (host)
2026-09-11T22:58:39.2124850Z silex: installed Shadercross for macos-x64
2026-09-11T22:58:56.9482270Z silex: installed Native linker for macos-x64
2026-09-11T22:58:56.9687970Z /Users/runner/work/_temp/home/.silex/toolchain/shadercross/3.0.0/macos-x64/bin/shadercross: Mach-O universal binary with 2 architectures: [x86_64:Mach-O 64-bit executable x86_64] [arm64:Mach-O 64-bit executable arm64]
2026-09-11T22:58:56.9691530Z /Users/runner/work/_temp/home/.silex/toolchain/shadercross/3.0.0/macos-x64/bin/shadercross (for architecture x86_64):	Mach-O 64-bit executable x86_64
2026-09-11T22:58:57.3226960Z silex: linked MacOSX64Boundary@1.0.0 to /Users/runner/work/Silex/Silex/Toolchain/Fixtures/MacOSX64Boundary for this workspace
2026-09-11T22:58:57.3333090Z MacOSX64Boundary 1.0.0 workspace-link /Users/runner/work/Silex/Silex/Toolchain/Fixtures/MacOSX64Boundary
2026-09-11T22:59:12.0696170Z ok - execute direct indirect and dynamic calls beyond native registers
2026-09-11T22:59:12.1857510Z ok - preserve paired float32 arithmetic on native
2026-09-11T22:59:12.3116530Z ok - mutate a class-owned native list without changing its snapshot
2026-09-11T22:59:12.4275530Z ok - replace class elements in a class-owned native list
2026-09-11T22:59:12.5457010Z ok - preserve embedded byte contents on native
2026-09-11T22:59:12.6605770Z ok - format native floats through the standalone runtime
2026-09-11T22:59:12.7740430Z ok - convert native float precision in both directions
2026-09-11T22:59:12.8902890Z ok - replace and preserve an aliased native list
2026-09-11T22:59:13.0066490Z ok - swap and reverse a native list
2026-09-11T22:59:13.1264590Z ok - grow a native list at every position
2026-09-11T22:59:13.2516210Z ok - remove native list elements from every position
2026-09-11T22:59:13.3752250Z ok - slice view mutate and clear native lists
2026-09-11T22:59:13.4945990Z ok - mutable aggregate view detaches shared native list
2026-09-11T22:59:13.6138540Z copy state drop
2026-09-11T22:59:13.6139210Z copy state drop
2026-09-11T22:59:13.6142400Z ok - deep-copy repeated native class roots without collections
2026-09-11T22:59:13.7329630Z native cycle drop
2026-09-11T22:59:13.7330940Z native cycle drop
2026-09-11T22:59:13.7332000Z ok - finalize a direct native class cycle
2026-09-11T22:59:13.8499800Z native cycle drop
2026-09-11T22:59:13.8500860Z native cycle drop
2026-09-11T22:59:13.8501900Z ok - finalize a native class cycle through lists
2026-09-11T22:59:13.9792930Z native cycle drop
2026-09-11T22:59:13.9794370Z native cycle drop
2026-09-11T22:59:13.9796020Z ok - finalize a native class cycle through protocols
2026-09-11T22:59:14.0991530Z ok - execute the complete native collection mutation slice
2026-09-11T22:59:14.2252580Z copy state drop
2026-09-11T22:59:14.2253720Z copy state drop
2026-09-11T22:59:14.2254880Z ok - execute native ownership and deep-copy runtime
2026-09-11T22:59:14.3445520Z ok - preserve resource aggregates across native list growth
2026-09-11T22:59:14.4621630Z ok - serialize native mutations with mutex
2026-09-11T22:59:14.5838590Z native cycle drop
2026-09-11T22:59:14.5839540Z native cycle drop
2026-09-11T22:59:14.5840520Z native cycle drop
2026-09-11T22:59:14.5841520Z native cycle drop
2026-09-11T22:59:14.5842140Z native cycle drop
2026-09-11T22:59:14.5842560Z native cycle drop
2026-09-11T22:59:14.5843470Z ok - finalize native cycles across direct collection and protocol edges
2026-09-11T22:59:14.5844250Z 22 passed; 0 failed
2026-09-11T22:59:15.6871810Z /Users/runner/work/_temp/native-portability: Mach-O 64-bit executable x86_64
2026-09-11T22:59:15.6927240Z copy state drop
2026-09-11T22:59:15.6929330Z copy state drop
2026-09-11T22:59:15.6931740Z native cycle drop
2026-09-11T22:59:15.6933730Z native cycle drop
2026-09-11T22:59:15.6935990Z native cycle drop
2026-09-11T22:59:15.6937220Z native cycle drop
2026-09-11T22:59:15.6941100Z native cycle drop
2026-09-11T22:59:15.6948800Z native cycle drop
2026-09-11T22:59:15.7525570Z Post job cleanup.
2026-09-11T22:59:16.9769560Z [command]/usr/local/bin/git version
2026-09-11T22:59:17.0814300Z git version 2.55.0
2026-09-11T22:59:17.1275490Z Copying '/Users/runner/.gitconfig' to '/Users/runner/work/_temp/19a8663a-a227-4e98-9521-1ff6475cb36e/.gitconfig'
2026-09-11T22:59:17.1282680Z Temporarily overriding HOME='/Users/runner/work/_temp/19a8663a-a227-4e98-9521-1ff6475cb36e' before making global git config changes
2026-09-11T22:59:17.1291610Z Adding repository directory to the temporary git global config as a safe directory
2026-09-11T22:59:17.1302790Z [command]/usr/local/bin/git config --global --add safe.directory /Users/runner/work/Silex/Silex
2026-09-11T22:59:17.1371380Z Removing SSH command configuration
2026-09-11T22:59:17.1379490Z [command]/usr/local/bin/git config --local --name-only --get-regexp core\.sshCommand
2026-09-11T22:59:17.1403800Z [command]/usr/local/bin/git submodule foreach --recursive sh -c "git config --local --name-only --get-regexp 'core\.sshCommand' && git config --local --unset-all 'core.sshCommand' || :"
2026-09-11T22:59:17.1655730Z Removing HTTP extra header
2026-09-11T22:59:17.1670310Z [command]/usr/local/bin/git config --local --name-only --get-regexp http\.https\:\/\/github\.com\/\.extraheader
2026-09-11T22:59:17.1861950Z [command]/usr/local/bin/git submodule foreach --recursive sh -c "git config --local --name-only --get-regexp 'http\.https\:\/\/github\.com\/\.extraheader' && git config --local --unset-all 'http.https://github.com/.extraheader' || :"
2026-09-11T22:59:17.3946150Z Removing includeIf entries pointing to credentials config files
2026-09-11T22:59:17.3955460Z [command]/usr/local/bin/git config --local --name-only --get-regexp ^includeIf\.gitdir:
2026-09-11T22:59:17.4333710Z includeif.gitdir:/Users/runner/work/Silex/Silex/.git.path
2026-09-11T22:59:17.4336160Z includeif.gitdir:/Users/runner/work/Silex/Silex/.git/worktrees/*.path
2026-09-11T22:59:17.4340170Z includeif.gitdir:/github/workspace/.git.path
2026-09-11T22:59:17.4343630Z includeif.gitdir:/github/workspace/.git/worktrees/*.path
2026-09-11T22:59:17.4357860Z [command]/usr/local/bin/git config --local --get-all includeif.gitdir:/Users/runner/work/Silex/Silex/.git.path
2026-09-11T22:59:17.4359980Z /Users/runner/work/_temp/git-credentials-f997130b-7150-4fb8-9907-e39ae8c29050.config
2026-09-11T22:59:17.4374000Z [command]/usr/local/bin/git config --local --unset includeif.gitdir:/Users/runner/work/Silex/Silex/.git.path /Users/runner/work/_temp/git-credentials-f997130b-7150-4fb8-9907-e39ae8c29050.config
2026-09-11T22:59:17.4437030Z [command]/usr/local/bin/git config --local --get-all includeif.gitdir:/Users/runner/work/Silex/Silex/.git/worktrees/*.path
2026-09-11T22:59:17.4591570Z /Users/runner/work/_temp/git-credentials-f997130b-7150-4fb8-9907-e39ae8c29050.config
2026-09-11T22:59:17.4611040Z [command]/usr/local/bin/git config --local --unset includeif.gitdir:/Users/runner/work/Silex/Silex/.git/worktrees/*.path /Users/runner/work/_temp/git-credentials-f997130b-7150-4fb8-9907-e39ae8c29050.config
2026-09-11T22:59:17.4787940Z [command]/usr/local/bin/git config --local --get-all includeif.gitdir:/github/workspace/.git.path
2026-09-11T22:59:17.4895320Z /github/runner_temp/git-credentials-f997130b-7150-4fb8-9907-e39ae8c29050.config
2026-09-11T22:59:17.4908900Z [command]/usr/local/bin/git config --local --unset includeif.gitdir:/github/workspace/.git.path /github/runner_temp/git-credentials-f997130b-7150-4fb8-9907-e39ae8c29050.config
2026-09-11T22:59:17.5044380Z [command]/usr/local/bin/git config --local --get-all includeif.gitdir:/github/workspace/.git/worktrees/*.path
2026-09-11T22:59:17.5163640Z /github/runner_temp/git-credentials-f997130b-7150-4fb8-9907-e39ae8c29050.config
2026-09-11T22:59:17.5177820Z [command]/usr/local/bin/git config --local --unset includeif.gitdir:/github/workspace/.git/worktrees/*.path /github/runner_temp/git-credentials-f997130b-7150-4fb8-9907-e39ae8c29050.config
2026-09-11T22:59:17.5305320Z [command]/usr/local/bin/git submodule foreach --recursive git config --local --show-origin --name-only --get-regexp remote.origin.url
2026-09-11T22:59:17.7571670Z Removing credentials config '/Users/runner/work/_temp/git-credentials-f997130b-7150-4fb8-9907-e39ae8c29050.config'
2026-09-11T22:59:17.7909330Z Cleaning up orphan processes

