{
  "before_ns": {
    "median": 246745500,
    "minimum": 242747791,
    "maximum": 261070542,
    "mad": 2420250,
    "half_shift": 0.0054810869619899005
  },
  "after_ns": {
    "median": 230676917,
    "minimum": 229059000,
    "maximum": 232370083,
    "mad": 662000,
    "half_shift": 0.0037566846196244175
  },
  "after_before": {
    "median": 0.9386248503012213,
    "minimum": 0.8848947729997052,
    "maximum": 0.9521876611618921,
    "mad": 0.010712390030681807,
    "half_shift": -0.002283353677218436
  }
}
