{
  "before_ns": {
    "median": 149857500,
    "minimum": 144514084,
    "maximum": 157072084,
    "mad": 1997875,
    "half_shift": 0.005308471124624292
  },
  "after_ns": {
    "median": 61410833,
    "minimum": 61103667,
    "maximum": 61803417,
    "mad": 145541,
    "half_shift": -0.0034308162232578043
  },
  "after_before": {
    "median": 0.4089718075639692,
    "minimum": 0.3909722939691817,
    "maximum": 0.4228215362040422,
    "mad": 0.005083235029951838,
    "half_shift": -0.009875764885627691
  }
}
