{
  "before_ns": {
    "median": 150146209,
    "minimum": 145101125,
    "maximum": 177125750,
    "mad": 3015791,
    "half_shift": 0.003883883533754684
  },
  "shared_ns": {
    "median": 61379042,
    "minimum": 61177250,
    "maximum": 65835583,
    "mad": 120000,
    "half_shift": 0.0015721802045500777
  },
  "after_ns": {
    "median": 61366333,
    "minimum": 61202041,
    "maximum": 62007667,
    "mad": 103917,
    "half_shift": 0.00044787035932847274
  },
  "after_before": {
    "median": 0.4091132014670575,
    "minimum": 0.34714061620063713,
    "maximum": 0.4238397531376824,
    "mad": 0.007796750198222124,
    "half_shift": -0.0028767088513305117
  },
  "after_shared": {
    "median": 1.0005421847629352,
    "minimum": 0.9321149780051313,
    "maximum": 1.0069210605568968,
    "mad": 0.0016665611352539855,
    "half_shift": 0.0016888751409862568
  }
}
