2026-09-11T21:33:28.2485704Z Current runner version: '2.337.0'
2026-09-11T21:33:28.2522403Z ##[group]Runner Image Provisioner
2026-09-11T21:33:28.2523965Z Hosted Compute Agent
2026-09-11T21:33:28.2525005Z Version: 20260828.587
2026-09-11T21:33:28.2526084Z Commit: abac92662cab4cc7352de4f9f9d2e2419aad9c29
2026-09-11T21:33:28.2527271Z Build Date: 2026-08-28T16:44:25Z
2026-09-11T21:33:28.2528320Z Worker ID: {c219b6d9-5030-43d6-9b73-033f68ad3505}
2026-09-11T21:33:28.2529558Z Azure Region: eastus2
2026-09-11T21:33:28.2530447Z ##[endgroup]
2026-09-11T21:33:28.2532831Z ##[group]Operating System
2026-09-11T21:33:28.2533998Z Ubuntu
2026-09-11T21:33:28.2534816Z 24.04.5
2026-09-11T21:33:28.2535699Z LTS
2026-09-11T21:33:28.2536660Z ##[endgroup]
2026-09-11T21:33:28.2537481Z ##[group]Runner Image
2026-09-11T21:33:28.2538549Z Image: ubuntu-24.04
2026-09-11T21:33:28.2539424Z Version: 20260907.300.1
2026-09-11T21:33:28.2541700Z Included Software: https://github.com/actions/runner-images/blob/ubuntu24/20260907.300/images/ubuntu/Ubuntu2404-Readme.md
2026-09-11T21:33:28.2544207Z Image Release: https://github.com/actions/runner-images/releases/tag/ubuntu24%2F20260907.300
2026-09-11T21:33:28.2545626Z ##[endgroup]
2026-09-11T21:33:28.2547440Z ##[group]GITHUB_TOKEN Permissions
2026-09-11T21:33:28.2551311Z Contents: read
2026-09-11T21:33:28.2552406Z Metadata: read
2026-09-11T21:33:28.2553294Z ##[endgroup]
2026-09-11T21:33:28.2557013Z Secret source: Actions
2026-09-11T21:33:28.2558416Z Cache mode: write
2026-09-11T21:33:28.2559498Z Prepare workflow directory
2026-09-11T21:33:28.3032767Z Prepare all required actions
2026-09-11T21:33:28.3102448Z Getting action download info
2026-09-11T21:33:28.5069106Z Download action repository 'actions/checkout@v6' (SHA:d23441a48e516b6c34aea4fa41551a30e30af803)
2026-09-11T21:33:28.6055840Z Download action repository 'actions/upload-artifact@v4' (SHA:ea165f8d65b6e75b540449e92b4886f43607fa02)
2026-09-11T21:33:28.8286442Z Complete job name: windows-arm64-build
2026-09-11T21:33:28.9055555Z ##[group]Run actions/checkout@v6
2026-09-11T21:33:28.9056449Z with:
2026-09-11T21:33:28.9056898Z   repository: Matanek/Silex
2026-09-11T21:33:28.9060757Z   token: ***
2026-09-11T21:33:28.9061212Z   ssh-strict: true
2026-09-11T21:33:28.9062075Z   ssh-user: git
2026-09-11T21:33:28.9062561Z   persist-credentials: true
2026-09-11T21:33:28.9063060Z   clean: true
2026-09-11T21:33:28.9063521Z   sparse-checkout-cone-mode: true
2026-09-11T21:33:28.9064050Z   fetch-depth: 1
2026-09-11T21:33:28.9064491Z   fetch-tags: false
2026-09-11T21:33:28.9064937Z   show-progress: true
2026-09-11T21:33:28.9065387Z   lfs: false
2026-09-11T21:33:28.9065829Z   submodules: false
2026-09-11T21:33:28.9066281Z   set-safe-directory: true
2026-09-11T21:33:28.9066791Z   allow-unsafe-pr-checkout: false
2026-09-11T21:33:28.9067599Z ##[endgroup]
2026-09-11T21:33:29.0116302Z Syncing repository: Matanek/Silex
2026-09-11T21:33:29.0119269Z ##[group]Getting Git version info
2026-09-11T21:33:29.0120521Z Working directory is '/home/runner/work/Silex/Silex'
2026-09-11T21:33:29.0121786Z [command]/usr/bin/git version
2026-09-11T21:33:29.0181910Z git version 2.55.0
2026-09-11T21:33:29.0207061Z ##[endgroup]
2026-09-11T21:33:29.0225503Z Temporarily overriding HOME='/home/runner/work/_temp/69078487-73ab-4dc6-b846-247930ad4f3d' before making global git config changes
2026-09-11T21:33:29.0227732Z Adding repository directory to the temporary git global config as a safe directory
2026-09-11T21:33:29.0230895Z [command]/usr/bin/git config --global --add safe.directory /home/runner/work/Silex/Silex
2026-09-11T21:33:29.0291023Z Deleting the contents of '/home/runner/work/Silex/Silex'
2026-09-11T21:33:29.0295729Z ##[group]Determining repository object format
2026-09-11T21:33:29.0298772Z ##[endgroup]
2026-09-11T21:33:29.0300099Z ##[group]Initializing the repository
2026-09-11T21:33:29.0313272Z [command]/usr/bin/git init /home/runner/work/Silex/Silex
2026-09-11T21:33:29.0409085Z hint: Using 'master' as the name for the initial branch. This default branch name
2026-09-11T21:33:29.0413185Z hint: will change to "main" in Git 3.0. To configure the initial branch name
2026-09-11T21:33:29.0415057Z hint: to use in all of your new repositories, which will suppress this warning,
2026-09-11T21:33:29.0416249Z hint: call:
2026-09-11T21:33:29.0416932Z hint:
2026-09-11T21:33:29.0417728Z hint: 	git config --global init.defaultBranch <name>
2026-09-11T21:33:29.0418706Z hint:
2026-09-11T21:33:29.0419603Z hint: Names commonly chosen instead of 'master' are 'main', 'trunk' and
2026-09-11T21:33:29.0421075Z hint: 'development'. The just-created branch can be renamed via this command:
2026-09-11T21:33:29.0422476Z hint:
2026-09-11T21:33:29.0423148Z hint: 	git branch -m <name>
2026-09-11T21:33:29.0423881Z hint:
2026-09-11T21:33:29.0424863Z hint: Disable this message with "git config set advice.defaultBranchName false"
2026-09-11T21:33:29.0426607Z Initialized empty Git repository in /home/runner/work/Silex/Silex/.git/
2026-09-11T21:33:29.0429481Z [command]/usr/bin/git remote add origin https://github.com/Matanek/Silex
2026-09-11T21:33:29.0480893Z ##[endgroup]
2026-09-11T21:33:29.0482442Z ##[group]Disabling automatic garbage collection
2026-09-11T21:33:29.0484982Z [command]/usr/bin/git config --local gc.auto 0
2026-09-11T21:33:29.0519790Z ##[endgroup]
2026-09-11T21:33:29.0521291Z ##[group]Setting up auth
2026-09-11T21:33:29.0522274Z Removing SSH command configuration
2026-09-11T21:33:29.0528636Z [command]/usr/bin/git config --local --name-only --get-regexp core\.sshCommand
2026-09-11T21:33:29.0564131Z [command]/usr/bin/git submodule foreach --recursive sh -c "git config --local --name-only --get-regexp 'core\.sshCommand' && git config --local --unset-all 'core.sshCommand' || :"
2026-09-11T21:33:29.0957812Z Removing HTTP extra header
2026-09-11T21:33:29.0965703Z [command]/usr/bin/git config --local --name-only --get-regexp http\.https\:\/\/github\.com\/\.extraheader
2026-09-11T21:33:29.1012569Z [command]/usr/bin/git submodule foreach --recursive sh -c "git config --local --name-only --get-regexp 'http\.https\:\/\/github\.com\/\.extraheader' && git config --local --unset-all 'http.https://github.com/.extraheader' || :"
2026-09-11T21:33:29.1262747Z Removing includeIf entries pointing to credentials config files
2026-09-11T21:33:29.1269394Z [command]/usr/bin/git config --local --name-only --get-regexp ^includeIf\.gitdir:
2026-09-11T21:33:29.1308871Z [command]/usr/bin/git submodule foreach --recursive git config --local --show-origin --name-only --get-regexp remote.origin.url
2026-09-11T21:33:29.1560836Z [command]/usr/bin/git config --file /home/runner/work/_temp/git-credentials-ad5246a0-260d-4099-92a4-fcb2d9884ba9.config http.https://github.com/.extraheader AUTHORIZATION: basic ***
2026-09-11T21:33:29.1606609Z [command]/usr/bin/git config --local includeIf.gitdir:/home/runner/work/Silex/Silex/.git.path /home/runner/work/_temp/git-credentials-ad5246a0-260d-4099-92a4-fcb2d9884ba9.config
2026-09-11T21:33:29.1713465Z [command]/usr/bin/git config --local includeIf.gitdir:/home/runner/work/Silex/Silex/.git/worktrees/*.path /home/runner/work/_temp/git-credentials-ad5246a0-260d-4099-92a4-fcb2d9884ba9.config
2026-09-11T21:33:29.1718160Z [command]/usr/bin/git config --local includeIf.gitdir:/github/workspace/.git.path /github/runner_temp/git-credentials-ad5246a0-260d-4099-92a4-fcb2d9884ba9.config
2026-09-11T21:33:29.1734679Z [command]/usr/bin/git config --local includeIf.gitdir:/github/workspace/.git/worktrees/*.path /github/runner_temp/git-credentials-ad5246a0-260d-4099-92a4-fcb2d9884ba9.config
2026-09-11T21:33:29.1774278Z ##[endgroup]
2026-09-11T21:33:29.1776093Z ##[group]Fetching the repository
2026-09-11T21:33:29.1784866Z [command]/usr/bin/git -c protocol.version=2 fetch --no-tags --prune --no-recurse-submodules --depth=1 origin +225ba12f8d8b4f2e434c0ae18bd0b6269c909373:refs/remotes/origin/spec-silex-optimization-parity-completion
2026-09-11T21:33:30.2315968Z From https://github.com/Matanek/Silex
2026-09-11T21:33:30.2317399Z  * [new ref]         225ba12f8d8b4f2e434c0ae18bd0b6269c909373 -> origin/spec-silex-optimization-parity-completion
2026-09-11T21:33:30.2327967Z [command]/usr/bin/git branch --list --remote origin/spec-silex-optimization-parity-completion
2026-09-11T21:33:30.2360341Z   origin/spec-silex-optimization-parity-completion
2026-09-11T21:33:30.2369707Z [command]/usr/bin/git rev-parse refs/remotes/origin/spec-silex-optimization-parity-completion
2026-09-11T21:33:30.2398816Z 225ba12f8d8b4f2e434c0ae18bd0b6269c909373
2026-09-11T21:33:30.2403555Z ##[endgroup]
2026-09-11T21:33:30.2404190Z ##[group]Determining the checkout info
2026-09-11T21:33:30.2405211Z ##[endgroup]
2026-09-11T21:33:30.2409574Z [command]/usr/bin/git sparse-checkout disable
2026-09-11T21:33:30.2463217Z [command]/usr/bin/git config --local --unset-all extensions.worktreeConfig
2026-09-11T21:33:30.2497280Z ##[group]Checking out the ref
2026-09-11T21:33:30.2502147Z [command]/usr/bin/git checkout --progress --force -B spec-silex-optimization-parity-completion refs/remotes/origin/spec-silex-optimization-parity-completion
2026-09-11T21:33:30.4347723Z Switched to a new branch 'spec-silex-optimization-parity-completion'
2026-09-11T21:33:30.4350540Z branch 'spec-silex-optimization-parity-completion' set up to track 'origin/spec-silex-optimization-parity-completion'.
2026-09-11T21:33:30.4368152Z ##[endgroup]
2026-09-11T21:33:30.4423014Z [command]/usr/bin/git log -1 --format=%H
2026-09-11T21:33:30.4457259Z 225ba12f8d8b4f2e434c0ae18bd0b6269c909373
2026-09-11T21:33:30.4697224Z ##[group]Run set -euo pipefail
2026-09-11T21:33:30.4697758Z [36;1mset -euo pipefail[0m
2026-09-11T21:33:30.4698123Z [36;1marchive="$RUNNER_TEMP/zig.tar.xz"[0m
2026-09-11T21:33:30.4698729Z [36;1mcurl -fL https://ziglang.org/download/0.16.0/zig-x86_64-linux-0.16.0.tar.xz -o "$archive"[0m
2026-09-11T21:33:30.4699480Z [36;1mecho "70e49664a74374b48b51e6f3fdfbf437f6395d42509050588bd49abe52ba3d00  $archive" | sha256sum -c -[0m
2026-09-11T21:33:30.4700119Z [36;1mtar -xJf "$archive" -C "$RUNNER_TEMP"[0m
2026-09-11T21:33:30.4700581Z [36;1mecho "$RUNNER_TEMP/zig-x86_64-linux-0.16.0" >> "$GITHUB_PATH"[0m
2026-09-11T21:33:30.4748159Z shell: /usr/bin/bash --noprofile --norc -e -o pipefail {0}
2026-09-11T21:33:30.4748649Z ##[endgroup]
2026-09-11T21:33:30.5278715Z   % Total    % Received % Xferd  Average Speed   Time    Time     Time  Current
2026-09-11T21:33:30.5279620Z                                  Dload  Upload   Total   Spent    Left  Speed
2026-09-11T21:33:30.5280027Z 
2026-09-11T21:33:31.2973481Z   0     0    0     0    0     0      0      0 --:--:-- --:--:-- --:--:--     0
2026-09-11T21:33:32.2128934Z   0 52.9M    0 98042    0     0   124k      0  0:07:15 --:--:--  0:07:15  124k
2026-09-11T21:33:33.2005916Z   4 52.9M    4 2431k    0     0  1442k      0  0:00:37  0:00:01  0:00:36 1442k
2026-09-11T21:33:34.2396232Z  46 52.9M   46 24.7M    0     0  9463k      0  0:00:05  0:00:02  0:00:03 9463k
2026-09-11T21:33:34.4059060Z  90 52.9M   90 47.9M    0     0  12.9M      0  0:00:04  0:00:03  0:00:01 12.9M
2026-09-11T21:33:34.4059798Z 100 52.9M  100 52.9M    0     0  13.6M      0  0:00:03  0:00:03 --:--:-- 13.6M
2026-09-11T21:33:34.4676300Z /home/runner/work/_temp/zig.tar.xz: OK
2026-09-11T21:33:38.4590812Z ##[group]Run set -euo pipefail
2026-09-11T21:33:38.4591195Z [36;1mset -euo pipefail[0m
2026-09-11T21:33:38.4591766Z [36;1mstage="$RUNNER_TEMP/windows-arm64-bootstrap"[0m
2026-09-11T21:33:38.4592126Z [36;1mmkdir -p "$stage/boundary"[0m
2026-09-11T21:33:38.4592545Z [36;1mzig build -Dtarget=aarch64-windows -Doptimize=ReleaseFast -Dcpu=baseline \[0m
2026-09-11T21:33:38.4592998Z [36;1m  --prefix "$stage/silex" \[0m
2026-09-11T21:33:38.4593301Z [36;1m  --build-file Toolchain/build.zig[0m
2026-09-11T21:33:38.4593823Z [36;1mzig build-lib Tests/Target/windows-arm64/WindowsArm64BoundaryProbe/Provider.zig \[0m
2026-09-11T21:33:38.4594327Z [36;1m  -O ReleaseSmall \[0m
2026-09-11T21:33:38.4594601Z [36;1m  -target aarch64-windows \[0m
2026-09-11T21:33:38.4594940Z [36;1m  -femit-bin="$stage/boundary/BoundaryProbe.lib"[0m
2026-09-11T21:33:38.4595372Z [36;1mtest "$(head -c 8 "$stage/boundary/BoundaryProbe.lib")" = "!<arch>"[0m
2026-09-11T21:33:38.4642093Z shell: /usr/bin/bash --noprofile --norc -e -o pipefail {0}
2026-09-11T21:33:38.4642516Z ##[endgroup]
2026-09-11T21:37:38.3779724Z Node 20 is being deprecated. This workflow is running with Node 24 by default. If you need to temporarily use Node 20, you can set the ACTIONS_ALLOW_USE_UNSECURE_NODE_VERSION=true environment variable. For more information see: https://github.blog/changelog/2025-09-19-deprecation-of-node-20-on-github-actions-runners/
2026-09-11T21:37:38.3782172Z ##[group]Run actions/upload-artifact@v4
2026-09-11T21:37:38.3782495Z with:
2026-09-11T21:37:38.3782719Z   name: windows-arm64-bootstrap
2026-09-11T21:37:38.3783039Z   path: /home/runner/work/_temp/windows-arm64-bootstrap
2026-09-11T21:37:38.3783366Z   retention-days: 1
2026-09-11T21:37:38.3783610Z   if-no-files-found: error
2026-09-11T21:37:38.3783863Z   compression-level: 6
2026-09-11T21:37:38.3784132Z   overwrite: false
2026-09-11T21:37:38.3784410Z   include-hidden-files: false
2026-09-11T21:37:38.3784665Z ##[endgroup]
2026-09-11T21:37:38.5530313Z (node:2459) [DEP0040] DeprecationWarning: The `punycode` module is deprecated. Please use a userland alternative instead.
2026-09-11T21:37:38.5531964Z (Use `node --trace-deprecation ...` to show where the warning was created)
2026-09-11T21:37:38.5634828Z With the provided path, there will be 3 files uploaded
2026-09-11T21:37:38.5635699Z Artifact name is valid!
2026-09-11T21:37:38.5636247Z Root directory input is valid!
2026-09-11T21:37:38.7831242Z Beginning upload of artifact content to blob storage
2026-09-11T21:37:39.6887279Z (node:2459) [DEP0169] DeprecationWarning: `url.parse()` behavior is not standardized and prone to errors that have security implications. Use the WHATWG URL API instead. CVEs are not issued for `url.parse()` vulnerabilities.
2026-09-11T21:37:39.8156590Z Uploaded bytes 8388608
2026-09-11T21:37:39.8354928Z Uploaded bytes 8761175
2026-09-11T21:37:39.8483627Z Finished uploading artifact content to blob storage!
2026-09-11T21:37:39.8484645Z SHA256 digest of uploaded artifact zip is 82ba9dc596c5971627223398b6ecff206f0a4b06acdd5d30770163b8847020ad
2026-09-11T21:37:39.8486734Z Finalizing artifact upload
2026-09-11T21:37:40.0364633Z Artifact windows-arm64-bootstrap.zip successfully finalized. Artifact ID 10283681073
2026-09-11T21:37:40.0365989Z Artifact windows-arm64-bootstrap has been successfully uploaded! Final size is 8761175 bytes. Artifact ID is 10283681073
2026-09-11T21:37:40.0373548Z Artifact download URL: https://github.com/Matanek/Silex/actions/runs/34649947527/artifacts/10283681073
2026-09-11T21:37:40.0627052Z Post job cleanup.
2026-09-11T21:37:40.1509747Z [command]/usr/bin/git version
2026-09-11T21:37:40.1556214Z git version 2.55.0
2026-09-11T21:37:40.1597986Z Temporarily overriding HOME='/home/runner/work/_temp/f8b90c9e-35ed-4445-9664-a279c42e8ab0' before making global git config changes
2026-09-11T21:37:40.1599381Z Adding repository directory to the temporary git global config as a safe directory
2026-09-11T21:37:40.1603484Z [command]/usr/bin/git config --global --add safe.directory /home/runner/work/Silex/Silex
2026-09-11T21:37:40.1644667Z Removing SSH command configuration
2026-09-11T21:37:40.1652163Z [command]/usr/bin/git config --local --name-only --get-regexp core\.sshCommand
2026-09-11T21:37:40.1693031Z [command]/usr/bin/git submodule foreach --recursive sh -c "git config --local --name-only --get-regexp 'core\.sshCommand' && git config --local --unset-all 'core.sshCommand' || :"
2026-09-11T21:37:40.1974170Z Removing HTTP extra header
2026-09-11T21:37:40.1980249Z [command]/usr/bin/git config --local --name-only --get-regexp http\.https\:\/\/github\.com\/\.extraheader
2026-09-11T21:37:40.2022811Z [command]/usr/bin/git submodule foreach --recursive sh -c "git config --local --name-only --get-regexp 'http\.https\:\/\/github\.com\/\.extraheader' && git config --local --unset-all 'http.https://github.com/.extraheader' || :"
2026-09-11T21:37:40.2317049Z Removing includeIf entries pointing to credentials config files
2026-09-11T21:37:40.2327240Z [command]/usr/bin/git config --local --name-only --get-regexp ^includeIf\.gitdir:
2026-09-11T21:37:40.2365578Z includeif.gitdir:/home/runner/work/Silex/Silex/.git.path
2026-09-11T21:37:40.2366653Z includeif.gitdir:/home/runner/work/Silex/Silex/.git/worktrees/*.path
2026-09-11T21:37:40.2367725Z includeif.gitdir:/github/workspace/.git.path
2026-09-11T21:37:40.2368561Z includeif.gitdir:/github/workspace/.git/worktrees/*.path
2026-09-11T21:37:40.2376654Z [command]/usr/bin/git config --local --get-all includeif.gitdir:/home/runner/work/Silex/Silex/.git.path
2026-09-11T21:37:40.2412767Z /home/runner/work/_temp/git-credentials-ad5246a0-260d-4099-92a4-fcb2d9884ba9.config
2026-09-11T21:37:40.2428181Z [command]/usr/bin/git config --local --unset includeif.gitdir:/home/runner/work/Silex/Silex/.git.path /home/runner/work/_temp/git-credentials-ad5246a0-260d-4099-92a4-fcb2d9884ba9.config
2026-09-11T21:37:40.2474738Z [command]/usr/bin/git config --local --get-all includeif.gitdir:/home/runner/work/Silex/Silex/.git/worktrees/*.path
2026-09-11T21:37:40.2507542Z /home/runner/work/_temp/git-credentials-ad5246a0-260d-4099-92a4-fcb2d9884ba9.config
2026-09-11T21:37:40.2521859Z [command]/usr/bin/git config --local --unset includeif.gitdir:/home/runner/work/Silex/Silex/.git/worktrees/*.path /home/runner/work/_temp/git-credentials-ad5246a0-260d-4099-92a4-fcb2d9884ba9.config
2026-09-11T21:37:40.2571930Z [command]/usr/bin/git config --local --get-all includeif.gitdir:/github/workspace/.git.path
2026-09-11T21:37:40.2612956Z /github/runner_temp/git-credentials-ad5246a0-260d-4099-92a4-fcb2d9884ba9.config
2026-09-11T21:37:40.2616263Z [command]/usr/bin/git config --local --unset includeif.gitdir:/github/workspace/.git.path /github/runner_temp/git-credentials-ad5246a0-260d-4099-92a4-fcb2d9884ba9.config
2026-09-11T21:37:40.2660640Z [command]/usr/bin/git config --local --get-all includeif.gitdir:/github/workspace/.git/worktrees/*.path
2026-09-11T21:37:40.2695890Z /github/runner_temp/git-credentials-ad5246a0-260d-4099-92a4-fcb2d9884ba9.config
2026-09-11T21:37:40.2707147Z [command]/usr/bin/git config --local --unset includeif.gitdir:/github/workspace/.git/worktrees/*.path /github/runner_temp/git-credentials-ad5246a0-260d-4099-92a4-fcb2d9884ba9.config
2026-09-11T21:37:40.2762070Z [command]/usr/bin/git submodule foreach --recursive git config --local --show-origin --name-only --get-regexp remote.origin.url
2026-09-11T21:37:40.3029096Z Removing credentials config '/home/runner/work/_temp/git-credentials-ad5246a0-260d-4099-92a4-fcb2d9884ba9.config'
2026-09-11T21:37:40.3204172Z Cleaning up orphan processes
2026-09-11T21:37:40.3523378Z ##[warning]Node.js 20 is deprecated. The following actions target Node.js 20 but are being forced to run on Node.js 24: actions/upload-artifact@v4. For more information see: https://github.blog/changelog/2025-09-19-deprecation-of-node-20-on-github-actions-runners/

