2026-09-11T21:37:46.2408725Z Current runner version: '2.337.0'
2026-09-11T21:37:46.2440348Z ##[group]Runner Image Provisioner
2026-09-11T21:37:46.2441491Z Hosted Compute Agent
2026-09-11T21:37:46.2442098Z Version: 20260828.587
2026-09-11T21:37:46.2442676Z Commit: abac92662cab4cc7352de4f9f9d2e2419aad9c29
2026-09-11T21:37:46.2443336Z Build Date: 2026-08-28T16:44:25Z
2026-09-11T21:37:46.2444056Z Worker ID: {57504273-7b5e-417f-acf2-69d33ba46ea3}
2026-09-11T21:37:46.2444686Z Azure Region: westus2
2026-09-11T21:37:46.2445523Z ##[endgroup]
2026-09-11T21:37:46.2447438Z ##[group]Operating System
2026-09-11T21:37:46.2448117Z Microsoft Windows 11
2026-09-11T21:37:46.2448627Z 10.0.26200
2026-09-11T21:37:46.2449093Z Enterprise
2026-09-11T21:37:46.2449585Z ##[endgroup]
2026-09-11T21:37:46.2450076Z ##[group]Runner Image
2026-09-11T21:37:46.2450712Z Image: windows-11-arm64
2026-09-11T21:37:46.2451279Z Version: 20260906.161.1
2026-09-11T21:37:46.2452849Z Included Software: https://github.com/actions/runner-images/blob/win11-arm64/20260906.161/images/windows/Windows11-Arm64-Readme.md
2026-09-11T21:37:46.2454338Z Image Release: https://github.com/actions/runner-images/releases/tag/win11-arm64%2F20260906.161
2026-09-11T21:37:46.2455245Z ##[endgroup]
2026-09-11T21:37:46.2456304Z ##[group]GITHUB_TOKEN Permissions
2026-09-11T21:37:46.2458845Z Contents: read
2026-09-11T21:37:46.2459476Z Metadata: read
2026-09-11T21:37:46.2459990Z ##[endgroup]
2026-09-11T21:37:46.2462514Z Secret source: Actions
2026-09-11T21:37:46.2463393Z Cache mode: write
2026-09-11T21:37:46.2464112Z Prepare workflow directory
2026-09-11T21:37:46.2908928Z Prepare all required actions
2026-09-11T21:37:46.2963303Z Getting action download info
2026-09-11T21:37:46.6202367Z Download action repository 'actions/checkout@v6' (SHA:d23441a48e516b6c34aea4fa41551a30e30af803)
2026-09-11T21:37:47.0310579Z Download action repository 'actions/download-artifact@v5' (SHA:634f93cb2916e3fdff6788551b99b062d0335ce0)
2026-09-11T21:37:47.7450786Z Complete job name: windows-arm64
2026-09-11T21:37:47.9075986Z ##[group]Run actions/checkout@v6
2026-09-11T21:37:47.9078094Z with:
2026-09-11T21:37:47.9078891Z   repository: Matanek/Silex
2026-09-11T21:37:47.9084892Z   token: ***
2026-09-11T21:37:47.9085613Z   ssh-strict: true
2026-09-11T21:37:47.9086328Z   ssh-user: git
2026-09-11T21:37:47.9087125Z   persist-credentials: true
2026-09-11T21:37:47.9087948Z   clean: true
2026-09-11T21:37:47.9088665Z   sparse-checkout-cone-mode: true
2026-09-11T21:37:47.9089535Z   fetch-depth: 1
2026-09-11T21:37:47.9090226Z   fetch-tags: false
2026-09-11T21:37:47.9090958Z   show-progress: true
2026-09-11T21:37:47.9091674Z   lfs: false
2026-09-11T21:37:47.9092624Z   submodules: false
2026-09-11T21:37:47.9093433Z   set-safe-directory: true
2026-09-11T21:37:47.9094244Z   allow-unsafe-pr-checkout: false
2026-09-11T21:37:47.9095726Z ##[endgroup]
2026-09-11T21:37:48.1582292Z Syncing repository: Matanek/Silex
2026-09-11T21:37:48.1584969Z ##[group]Getting Git version info
2026-09-11T21:37:48.1586095Z Working directory is 'C:\a\Silex\Silex'
2026-09-11T21:37:48.2581773Z [command]"C:\Program Files\Git\bin\git.exe" version
2026-09-11T21:37:48.6837333Z git version 2.55.0.windows.5
2026-09-11T21:37:48.6899973Z ##[endgroup]
2026-09-11T21:37:48.6941195Z Temporarily overriding HOME='C:\a\_temp\3a6d1fab-9f44-4c71-b88a-067eb3b1ebc3' before making global git config changes
2026-09-11T21:37:48.6943092Z Adding repository directory to the temporary git global config as a safe directory
2026-09-11T21:37:48.6950770Z [command]"C:\Program Files\Git\bin\git.exe" config --global --add safe.directory C:\a\Silex\Silex
2026-09-11T21:37:48.7714939Z Deleting the contents of 'C:\a\Silex\Silex'
2026-09-11T21:37:48.7724258Z ##[group]Determining repository object format
2026-09-11T21:37:48.7727034Z ##[endgroup]
2026-09-11T21:37:48.7728246Z ##[group]Initializing the repository
2026-09-11T21:37:48.7736730Z [command]"C:\Program Files\Git\bin\git.exe" init C:\a\Silex\Silex
2026-09-11T21:37:48.8973288Z Initialized empty Git repository in C:/a/Silex/Silex/.git/
2026-09-11T21:37:48.9032826Z [command]"C:\Program Files\Git\bin\git.exe" remote add origin https://github.com/Matanek/Silex
2026-09-11T21:37:48.9749333Z ##[endgroup]
2026-09-11T21:37:48.9750410Z ##[group]Disabling automatic garbage collection
2026-09-11T21:37:48.9759373Z [command]"C:\Program Files\Git\bin\git.exe" config --local gc.auto 0
2026-09-11T21:37:49.0331030Z ##[endgroup]
2026-09-11T21:37:49.0331977Z ##[group]Setting up auth
2026-09-11T21:37:49.0333603Z Removing SSH command configuration
2026-09-11T21:37:49.0343942Z [command]"C:\Program Files\Git\bin\git.exe" config --local --name-only --get-regexp core\.sshCommand
2026-09-11T21:37:49.0905655Z [command]"C:\Program Files\Git\bin\git.exe" submodule foreach --recursive "sh -c \"git config --local --name-only --get-regexp 'core\.sshCommand' && git config --local --unset-all 'core.sshCommand' || :\""
2026-09-11T21:37:51.2623850Z Removing HTTP extra header
2026-09-11T21:37:51.2631647Z [command]"C:\Program Files\Git\bin\git.exe" config --local --name-only --get-regexp http\.https\:\/\/github\.com\/\.extraheader
2026-09-11T21:37:51.3167967Z [command]"C:\Program Files\Git\bin\git.exe" submodule foreach --recursive "sh -c \"git config --local --name-only --get-regexp 'http\.https\:\/\/github\.com\/\.extraheader' && git config --local --unset-all 'http.https://github.com/.extraheader' || :\""
2026-09-11T21:37:52.5988822Z Removing includeIf entries pointing to credentials config files
2026-09-11T21:37:52.6000833Z [command]"C:\Program Files\Git\bin\git.exe" config --local --name-only --get-regexp ^includeIf\.gitdir:
2026-09-11T21:37:52.6525206Z [command]"C:\Program Files\Git\bin\git.exe" submodule foreach --recursive "git config --local --show-origin --name-only --get-regexp remote.origin.url"
2026-09-11T21:37:53.9267221Z [command]"C:\Program Files\Git\bin\git.exe" config --file C:\a\_temp\git-credentials-0487ab66-f8cc-4b39-827c-187acbf656f4.config http.https://github.com/.extraheader "AUTHORIZATION: basic ***"
2026-09-11T21:37:53.9821614Z [command]"C:\Program Files\Git\bin\git.exe" config --local includeIf.gitdir:C:/a/Silex/Silex/.git.path C:\a\_temp\git-credentials-0487ab66-f8cc-4b39-827c-187acbf656f4.config
2026-09-11T21:37:54.0357010Z [command]"C:\Program Files\Git\bin\git.exe" config --local includeIf.gitdir:C:/a/Silex/Silex/.git/worktrees/*.path C:\a\_temp\git-credentials-0487ab66-f8cc-4b39-827c-187acbf656f4.config
2026-09-11T21:37:54.0893759Z [command]"C:\Program Files\Git\bin\git.exe" config --local includeIf.gitdir:/github/workspace/.git.path /github/runner_temp/git-credentials-0487ab66-f8cc-4b39-827c-187acbf656f4.config
2026-09-11T21:37:54.1455677Z [command]"C:\Program Files\Git\bin\git.exe" config --local includeIf.gitdir:/github/workspace/.git/worktrees/*.path /github/runner_temp/git-credentials-0487ab66-f8cc-4b39-827c-187acbf656f4.config
2026-09-11T21:37:54.1991357Z ##[endgroup]
2026-09-11T21:37:54.1991883Z ##[group]Fetching the repository
2026-09-11T21:37:54.2006030Z [command]"C:\Program Files\Git\bin\git.exe" -c protocol.version=2 fetch --no-tags --prune --no-recurse-submodules --depth=1 origin +225ba12f8d8b4f2e434c0ae18bd0b6269c909373:refs/remotes/origin/spec-silex-optimization-parity-completion
2026-09-11T21:37:55.8892370Z From https://github.com/Matanek/Silex
2026-09-11T21:37:55.8893221Z  * [new ref]         225ba12f8d8b4f2e434c0ae18bd0b6269c909373 -> origin/spec-silex-optimization-parity-completion
2026-09-11T21:37:55.8959272Z [command]"C:\Program Files\Git\bin\git.exe" branch --list --remote origin/spec-silex-optimization-parity-completion
2026-09-11T21:37:55.9471681Z   origin/spec-silex-optimization-parity-completion
2026-09-11T21:37:55.9530982Z [command]"C:\Program Files\Git\bin\git.exe" rev-parse refs/remotes/origin/spec-silex-optimization-parity-completion
2026-09-11T21:37:56.0045431Z 225ba12f8d8b4f2e434c0ae18bd0b6269c909373
2026-09-11T21:37:56.0095446Z ##[endgroup]
2026-09-11T21:37:56.0095964Z ##[group]Determining the checkout info
2026-09-11T21:37:56.0096922Z ##[endgroup]
2026-09-11T21:37:56.0104528Z [command]"C:\Program Files\Git\bin\git.exe" sparse-checkout disable
2026-09-11T21:37:56.0781936Z [command]"C:\Program Files\Git\bin\git.exe" config --local --unset-all extensions.worktreeConfig
2026-09-11T21:37:56.1297338Z ##[group]Checking out the ref
2026-09-11T21:37:56.1307766Z [command]"C:\Program Files\Git\bin\git.exe" checkout --progress --force -B spec-silex-optimization-parity-completion refs/remotes/origin/spec-silex-optimization-parity-completion
2026-09-11T21:37:57.2089468Z Updating files:  60% (944/1563)
2026-09-11T21:37:57.2308679Z Updating files:  61% (954/1563)
2026-09-11T21:37:57.2633443Z Updating files:  62% (970/1563)
2026-09-11T21:37:57.2738310Z Updating files:  63% (985/1563)
2026-09-11T21:37:57.2878027Z Updating files:  64% (1001/1563)
2026-09-11T21:37:57.3022602Z Updating files:  65% (1016/1563)
2026-09-11T21:37:57.3096859Z Updating files:  66% (1032/1563)
2026-09-11T21:37:57.3206748Z Updating files:  67% (1048/1563)
2026-09-11T21:37:57.3443705Z Updating files:  68% (1063/1563)
2026-09-11T21:37:57.3905070Z Updating files:  69% (1079/1563)
2026-09-11T21:37:57.4077744Z Updating files:  70% (1095/1563)
2026-09-11T21:37:57.4248858Z Updating files:  71% (1110/1563)
2026-09-11T21:37:57.4410490Z Updating files:  72% (1126/1563)
2026-09-11T21:37:57.4545064Z Updating files:  73% (1141/1563)
2026-09-11T21:37:57.4690068Z Updating files:  74% (1157/1563)
2026-09-11T21:37:57.4866051Z Updating files:  75% (1173/1563)
2026-09-11T21:37:57.5044527Z Updating files:  76% (1188/1563)
2026-09-11T21:37:57.5220483Z Updating files:  77% (1204/1563)
2026-09-11T21:37:57.5383457Z Updating files:  78% (1220/1563)
2026-09-11T21:37:57.5530680Z Updating files:  79% (1235/1563)
2026-09-11T21:37:57.5656510Z Updating files:  80% (1251/1563)
2026-09-11T21:37:57.5796503Z Updating files:  81% (1267/1563)
2026-09-11T21:37:57.5936468Z Updating files:  82% (1282/1563)
2026-09-11T21:37:57.6121756Z Updating files:  83% (1298/1563)
2026-09-11T21:37:57.6281002Z Updating files:  84% (1313/1563)
2026-09-11T21:37:57.6440253Z Updating files:  85% (1329/1563)
2026-09-11T21:37:57.6608458Z Updating files:  86% (1345/1563)
2026-09-11T21:37:57.6788488Z Updating files:  87% (1360/1563)
2026-09-11T21:37:57.6935376Z Updating files:  88% (1376/1563)
2026-09-11T21:37:57.7047981Z Updating files:  89% (1392/1563)
2026-09-11T21:37:57.9251530Z Updating files:  90% (1407/1563)
2026-09-11T21:37:58.0338825Z Updating files:  91% (1423/1563)
2026-09-11T21:37:58.0454170Z Updating files:  92% (1438/1563)
2026-09-11T21:37:58.0657041Z Updating files:  93% (1454/1563)
2026-09-11T21:37:58.0766839Z Updating files:  94% (1470/1563)
2026-09-11T21:37:58.0922910Z Updating files:  95% (1485/1563)
2026-09-11T21:37:58.1049777Z Updating files:  96% (1501/1563)
2026-09-11T21:37:58.1205661Z Updating files:  97% (1517/1563)
2026-09-11T21:37:58.1356473Z Updating files:  98% (1532/1563)
2026-09-11T21:37:58.1475059Z Updating files:  99% (1548/1563)
2026-09-11T21:37:58.1476090Z Updating files: 100% (1563/1563)
2026-09-11T21:37:58.1476521Z Updating files: 100% (1563/1563), done.
2026-09-11T21:37:58.1733544Z Switched to a new branch 'spec-silex-optimization-parity-completion'
2026-09-11T21:37:58.1884329Z branch 'spec-silex-optimization-parity-completion' set up to track 'origin/spec-silex-optimization-parity-completion'.
2026-09-11T21:37:58.1956570Z ##[endgroup]
2026-09-11T21:37:58.2620393Z [command]"C:\Program Files\Git\bin\git.exe" log -1 --format=%H
2026-09-11T21:37:58.3173464Z 225ba12f8d8b4f2e434c0ae18bd0b6269c909373
2026-09-11T21:37:58.3775059Z Node 20 is being deprecated. This workflow is running with Node 24 by default. If you need to temporarily use Node 20, you can set the ACTIONS_ALLOW_USE_UNSECURE_NODE_VERSION=true environment variable. For more information see: https://github.blog/changelog/2025-09-19-deprecation-of-node-20-on-github-actions-runners/
2026-09-11T21:37:58.3777557Z ##[group]Run actions/download-artifact@v5
2026-09-11T21:37:58.3777873Z with:
2026-09-11T21:37:58.3778180Z   name: windows-arm64-bootstrap
2026-09-11T21:37:58.3779004Z   path: C:\a\_temp/windows-arm64-bootstrap
2026-09-11T21:37:58.3779362Z   merge-multiple: false
2026-09-11T21:37:58.3779668Z   repository: Matanek/Silex
2026-09-11T21:37:58.3779932Z   run-id: 34649947527
2026-09-11T21:37:58.3780188Z ##[endgroup]
2026-09-11T21:37:58.6428681Z Downloading single artifact
2026-09-11T21:37:58.6662198Z (node:2580) [DEP0040] DeprecationWarning: The `punycode` module is deprecated. Please use a userland alternative instead.
2026-09-11T21:37:58.6663345Z (Use `node --trace-deprecation ...` to show where the warning was created)
2026-09-11T21:37:58.9397759Z Preparing to download the following artifacts:
2026-09-11T21:37:58.9398541Z - windows-arm64-bootstrap (ID: 10283681073, Size: 8761175, Expected Digest: sha256:82ba9dc596c5971627223398b6ecff206f0a4b06acdd5d30770163b8847020ad)
2026-09-11T21:37:59.2036090Z Redirecting to blob download url: https://productionresultssa16.blob.core.windows.net/actions-results/5322f2c8-9903-4fd0-b978-063a2733ab68/workflow-job-run-eb3c4f41-79dc-5323-90b3-8ed663cadf6d/artifacts/6025fa0f33cc196a1d0d5143db1af8535cef3a92f46066794d8aab3bae73955c.zip
2026-09-11T21:37:59.2037646Z Starting download of artifact to: C:\a\_temp\windows-arm64-bootstrap
2026-09-11T21:37:59.5601873Z (node:2580) [DEP0005] DeprecationWarning: Buffer() is deprecated due to security and usability issues. Please use the Buffer.alloc(), Buffer.allocUnsafe(), or Buffer.from() methods instead.
2026-09-11T21:38:00.4599545Z SHA256 digest of downloaded artifact is 82ba9dc596c5971627223398b6ecff206f0a4b06acdd5d30770163b8847020ad
2026-09-11T21:38:00.4600593Z Artifact download completed successfully.
2026-09-11T21:38:00.4601153Z Total of 1 artifact(s) downloaded
2026-09-11T21:38:00.4614515Z Download artifact has finished successfully
2026-09-11T21:38:00.5092747Z ##[group]Run $ErrorActionPreference = "Stop"
2026-09-11T21:38:00.5094221Z [36;1m$ErrorActionPreference = "Stop"[0m
2026-09-11T21:38:00.5094726Z [36;1m$PSNativeCommandUseErrorActionPreference = $true[0m
2026-09-11T21:38:00.5095153Z [36;1m[0m
2026-09-11T21:38:00.5095427Z [36;1mfunction Get-PeMachine([string] $Path) {[0m
2026-09-11T21:38:00.5095826Z [36;1m  $bytes = [System.IO.File]::ReadAllBytes($Path)[0m
2026-09-11T21:38:00.5096289Z [36;1m  if ($bytes.Length -lt 64 -or $bytes[0] -ne 0x4d -or $bytes[1] -ne 0x5a) {[0m
2026-09-11T21:38:00.5096779Z [36;1m    throw "not a PE executable: $Path"[0m
2026-09-11T21:38:00.5097095Z [36;1m  }[0m
2026-09-11T21:38:00.5097383Z [36;1m  $peOffset = [BitConverter]::ToInt32($bytes, 0x3c)[0m
2026-09-11T21:38:00.5097853Z [36;1m  if ($peOffset -lt 0 -or $peOffset + 6 -gt $bytes.Length -or[0m
2026-09-11T21:38:00.5098332Z [36;1m      $bytes[$peOffset] -ne 0x50 -or $bytes[$peOffset + 1] -ne 0x45) {[0m
2026-09-11T21:38:00.5098873Z [36;1m    throw "invalid PE header: $Path"[0m
2026-09-11T21:38:00.5099182Z [36;1m  }[0m
2026-09-11T21:38:00.5099507Z [36;1m  return [BitConverter]::ToUInt16($bytes, $peOffset + 4)[0m
2026-09-11T21:38:00.5099898Z [36;1m}[0m
2026-09-11T21:38:00.5100142Z [36;1m[0m
2026-09-11T21:38:00.5100410Z [36;1mfunction Assert-Arm64Pe([string] $Path) {[0m
2026-09-11T21:38:00.5100757Z [36;1m  $machine = Get-PeMachine $Path[0m
2026-09-11T21:38:00.5101156Z [36;1m  if ($machine -ne 0xaa64) {[0m
2026-09-11T21:38:00.5101625Z [36;1m    throw "expected ARM64 PE machine 0xaa64 for $Path, got 0x$($machine.ToString('x4'))"[0m
2026-09-11T21:38:00.5102105Z [36;1m  }[0m
2026-09-11T21:38:00.5102356Z [36;1m}[0m
2026-09-11T21:38:00.5102577Z [36;1m[0m
2026-09-11T21:38:00.5102888Z [36;1mfunction Assert-Arm64CoffArchive([string] $Path) {[0m
2026-09-11T21:38:00.5103307Z [36;1m  $bytes = [System.IO.File]::ReadAllBytes($Path)[0m
2026-09-11T21:38:00.5103805Z [36;1m  $signature = [System.Text.Encoding]::ASCII.GetString($bytes, 0, 8)[0m
2026-09-11T21:38:00.5104266Z [36;1m  if ($signature -ne "!<arch>`n") {[0m
2026-09-11T21:38:00.5104606Z [36;1m    throw "not an archive: $Path"[0m
2026-09-11T21:38:00.5105047Z [36;1m  }[0m
2026-09-11T21:38:00.5105840Z [36;1m  $offset = 8[0m
2026-09-11T21:38:00.5106180Z [36;1m  while ($offset + 60 -le $bytes.Length) {[0m
2026-09-11T21:38:00.5106681Z [36;1m    $sizeText = [System.Text.Encoding]::ASCII.GetString($bytes, $offset + 48, 10).Trim()[0m
2026-09-11T21:38:00.5108368Z [36;1m    $size = 0L[0m
2026-09-11T21:38:00.5108756Z [36;1m    if (-not [long]::TryParse($sizeText, [ref] $size)) {[0m
2026-09-11T21:38:00.5109177Z [36;1m      throw "invalid archive member size in $Path"[0m
2026-09-11T21:38:00.5109558Z [36;1m    }[0m
2026-09-11T21:38:00.5109840Z [36;1m    $dataOffset = $offset + 60[0m
2026-09-11T21:38:00.5110261Z [36;1m    if ($size -ge 2 -and $dataOffset + $size -le $bytes.Length -and[0m
2026-09-11T21:38:00.5110791Z [36;1m        $bytes[$dataOffset] -eq 0x64 -and $bytes[$dataOffset + 1] -eq 0xaa) {[0m
2026-09-11T21:38:00.5111238Z [36;1m      return[0m
2026-09-11T21:38:00.5111494Z [36;1m    }[0m
2026-09-11T21:38:00.5111749Z [36;1m    $offset = $dataOffset + $size[0m
2026-09-11T21:38:00.5112093Z [36;1m    if (($offset % 2) -ne 0) {[0m
2026-09-11T21:38:00.5112450Z [36;1m      $offset++[0m
2026-09-11T21:38:00.5112703Z [36;1m    }[0m
2026-09-11T21:38:00.5112951Z [36;1m  }[0m
2026-09-11T21:38:00.5113270Z [36;1m  throw "archive contains no Windows ARM64 COFF member: $Path"[0m
2026-09-11T21:38:00.5113681Z [36;1m}[0m
2026-09-11T21:38:00.5113899Z [36;1m[0m
2026-09-11T21:38:00.5114267Z [36;1mfunction Assert-PortabilityOutput([string[]] $Output, [string] $Mode) {[0m
2026-09-11T21:38:00.5114845Z [36;1m  $cycleDrops = @($Output | Where-Object { $_ -eq "native cycle drop" }).Count[0m
2026-09-11T21:38:00.5115403Z [36;1m  $copyDrops = @($Output | Where-Object { $_ -eq "copy state drop" }).Count[0m
2026-09-11T21:38:00.5118079Z [36;1m  if ($cycleDrops -ne 6 -or $copyDrops -ne 2) {[0m
2026-09-11T21:38:00.5118794Z [36;1m    throw "$Mode portability output has $cycleDrops cycle drops and $copyDrops copy drops"[0m
2026-09-11T21:38:00.5119356Z [36;1m  }[0m
2026-09-11T21:38:00.5119578Z [36;1m}[0m
2026-09-11T21:38:00.5119788Z [36;1m[0m
2026-09-11T21:38:00.5120174Z [36;1mfunction Invoke-NativeCapture([string] $Path, [string[]] $Arguments = @()) {[0m
2026-09-11T21:38:00.5120744Z [36;1m  $startInfo = [System.Diagnostics.ProcessStartInfo]::new()[0m
2026-09-11T21:38:00.5121172Z [36;1m  $startInfo.FileName = $Path[0m
2026-09-11T21:38:00.5121506Z [36;1m  $startInfo.UseShellExecute = $false[0m
2026-09-11T21:38:00.5121872Z [36;1m  $startInfo.RedirectStandardOutput = $true[0m
2026-09-11T21:38:00.5122303Z [36;1m  $startInfo.RedirectStandardError = $true[0m
2026-09-11T21:38:00.5122680Z [36;1m  foreach ($argument in $Arguments) {[0m
2026-09-11T21:38:00.5123065Z [36;1m    $startInfo.ArgumentList.Add($argument)[0m
2026-09-11T21:38:00.5123421Z [36;1m  }[0m
2026-09-11T21:38:00.5123718Z [36;1m  $process = [System.Diagnostics.Process]::new()[0m
2026-09-11T21:38:00.5124107Z [36;1m  $process.StartInfo = $startInfo[0m
2026-09-11T21:38:00.5124460Z [36;1m  if (-not $process.Start()) {[0m
2026-09-11T21:38:00.5125141Z [36;1m    throw "failed to start native command: $Path"[0m
2026-09-11T21:38:00.5125502Z [36;1m  }[0m
2026-09-11T21:38:00.5125793Z [36;1m  $stdout = $process.StandardOutput.ReadToEnd()[0m
2026-09-11T21:38:00.5126218Z [36;1m  $stderr = $process.StandardError.ReadToEnd()[0m
2026-09-11T21:38:00.5126590Z [36;1m  $process.WaitForExit()[0m
2026-09-11T21:38:00.5126924Z [36;1m  if ($process.ExitCode -ne 0) {[0m
2026-09-11T21:38:00.5127388Z [36;1m    throw "native command failed with exit code $($process.ExitCode): $Path`n$stderr"[0m
2026-09-11T21:38:00.5127836Z [36;1m  }[0m
2026-09-11T21:38:00.5128211Z [36;1m  return @($stdout -split "`r?`n" | Where-Object { $_.Length -ne 0 })[0m
2026-09-11T21:38:00.5128595Z [36;1m}[0m
2026-09-11T21:38:00.5128837Z [36;1m[0m
2026-09-11T21:38:00.5129314Z [36;1m$architecture = [System.Runtime.InteropServices.RuntimeInformation]::OSArchitecture.ToString()[0m
2026-09-11T21:38:00.5131082Z [36;1mif ($env:PROCESSOR_ARCHITECTURE -ne "ARM64" -or $architecture -ne "Arm64") {[0m
2026-09-11T21:38:00.5131853Z [36;1m  throw "expected a native Windows ARM64 runner, got PROCESSOR_ARCHITECTURE=$env:PROCESSOR_ARCHITECTURE OSArchitecture=$architecture"[0m
2026-09-11T21:38:00.5132458Z [36;1m}[0m
2026-09-11T21:38:00.5132721Z [36;1m[0m
2026-09-11T21:38:00.5133067Z [36;1m$bootstrapRoot = Join-Path $env:RUNNER_TEMP "windows-arm64-bootstrap"[0m
2026-09-11T21:38:00.5133551Z [36;1m$buildPrefix = Join-Path $bootstrapRoot "silex"[0m
2026-09-11T21:38:00.5133989Z [36;1m$builtSilex = Join-Path $buildPrefix "bin/silex.exe"[0m
2026-09-11T21:38:00.5134371Z [36;1mAssert-Arm64Pe $builtSilex[0m
2026-09-11T21:38:00.5134663Z [36;1m[0m
2026-09-11T21:38:00.5135111Z [36;1m$probeRoot = Join-Path $env:GITHUB_WORKSPACE "Tests/Target/windows-arm64/WindowsArm64BoundaryProbe"[0m
2026-09-11T21:38:00.5135789Z [36;1m$boundaryDirectory = Join-Path $probeRoot "Boundary/windows-arm64"[0m
2026-09-11T21:38:00.5136353Z [36;1m$boundaryArchive = Join-Path $boundaryDirectory "BoundaryProbe.lib"[0m
2026-09-11T21:38:00.5136919Z [36;1mNew-Item -ItemType Directory -Force $boundaryDirectory | Out-Null[0m
2026-09-11T21:38:00.5137502Z [36;1mCopy-Item (Join-Path $bootstrapRoot "boundary/BoundaryProbe.lib") $boundaryArchive[0m
2026-09-11T21:38:00.5138008Z [36;1mAssert-Arm64CoffArchive $boundaryArchive[0m
2026-09-11T21:38:00.5138356Z [36;1m[0m
2026-09-11T21:38:00.5138745Z [36;1m$distributionArchive = Join-Path $env:RUNNER_TEMP "silex-windows-arm64.zip"[0m
2026-09-11T21:38:00.5139804Z [36;1mCompress-Archive -Path (Join-Path $buildPrefix "*") -DestinationPath $distributionArchive[0m
2026-09-11T21:38:00.5141349Z [36;1mWrite-Output "distribution sha256=$((Get-FileHash $distributionArchive -Algorithm SHA256).Hash.ToLowerInvariant())"[0m
2026-09-11T21:38:00.5142103Z [36;1mRemove-Item -Recurse -Force $buildPrefix[0m
2026-09-11T21:38:00.5142541Z [36;1m$installRoot = Join-Path $env:RUNNER_TEMP "silex-install"[0m
2026-09-11T21:38:00.5143053Z [36;1mExpand-Archive $distributionArchive -DestinationPath $installRoot[0m
2026-09-11T21:38:00.5143565Z [36;1m$silex = Join-Path $installRoot "bin/silex.exe"[0m
2026-09-11T21:38:00.5143937Z [36;1mAssert-Arm64Pe $silex[0m
2026-09-11T21:38:00.5144208Z [36;1m[0m
2026-09-11T21:38:00.5144504Z [36;1m$env:USERPROFILE = Join-Path $env:RUNNER_TEMP "home"[0m
2026-09-11T21:38:00.5145119Z [36;1m$env:HOME = $env:USERPROFILE[0m
2026-09-11T21:38:00.5145557Z [36;1mNew-Item -ItemType Directory -Force $env:USERPROFILE | Out-Null[0m
2026-09-11T21:38:00.5145971Z [36;1m& $silex --version[0m
2026-09-11T21:38:00.5146256Z [36;1m$targets = @(& $silex targets)[0m
2026-09-11T21:38:00.5146662Z [36;1mif ($targets -notcontains "windows-arm64 (host)") {[0m
2026-09-11T21:38:00.5147092Z [36;1m  throw "windows-arm64 is not reported as the native host"[0m
2026-09-11T21:38:00.5147480Z [36;1m}[0m
2026-09-11T21:38:00.5147705Z [36;1m& $silex setup[0m
2026-09-11T21:38:00.5148003Z [36;1m[0m
2026-09-11T21:38:00.5148488Z [36;1m$managedZig = Join-Path $env:USERPROFILE ".silex/toolchain/zig/0.16.0/windows-x64/zig-x86_64-windows-0.16.0/zig.exe"[0m
2026-09-11T21:38:00.5149422Z [36;1m$shadercross = Join-Path $env:USERPROFILE ".silex/toolchain/shadercross/3.0.0/windows-arm64/SDL3_shadercross-3.0.0-windows-VC-x64/bin/shadercross.exe"[0m
2026-09-11T21:38:00.5150214Z [36;1m$managedZigMachine = Get-PeMachine $managedZig[0m
2026-09-11T21:38:00.5150588Z [36;1mif ($managedZigMachine -ne 0x8664) {[0m
2026-09-11T21:38:00.5151131Z [36;1m  throw "expected the declared X64 managed linker, got machine 0x$($managedZigMachine.ToString('x4'))"[0m
2026-09-11T21:38:00.5151639Z [36;1m}[0m
2026-09-11T21:38:00.5151945Z [36;1m$shaderMachine = Get-PeMachine $shadercross[0m
2026-09-11T21:38:00.5152319Z [36;1mif ($shaderMachine -ne 0x8664) {[0m
2026-09-11T21:38:00.5152895Z [36;1m  throw "expected the declared x64 Shadercross compatibility tool, got machine 0x$($shaderMachine.ToString('x4'))"[0m
2026-09-11T21:38:00.5153895Z [36;1m}[0m
2026-09-11T21:38:00.5154132Z [36;1m& $managedZig version[0m
2026-09-11T21:38:00.5154487Z [36;1m& $shadercross --help | Select-Object -First 1[0m
2026-09-11T21:38:00.5154843Z [36;1m[0m
2026-09-11T21:38:00.5155233Z [36;1m$env:PATH = "$env:SystemRoot\system32;$env:SystemRoot;$env:SystemRoot\System32\Wbem"[0m
2026-09-11T21:38:00.5155699Z [36;1m[0m
2026-09-11T21:38:00.5156109Z [36;1m$portabilitySource = Join-Path $env:GITHUB_WORKSPACE "Tests/Native/NativePortability.sx"[0m
2026-09-11T21:38:00.5156752Z [36;1m# Preserve and inspect independently linked tests if native execution[0m
2026-09-11T21:38:00.5157243Z [36;1m# fails before PowerShell can report the full NTSTATUS.[0m
2026-09-11T21:38:00.5157686Z [36;1m$PSNativeCommandUseErrorActionPreference = $false[0m
2026-09-11T21:38:00.5158132Z [36;1m& $silex test $portabilitySource --nocache[0m
2026-09-11T21:38:00.5158508Z [36;1m$testExitCode = $LASTEXITCODE[0m
2026-09-11T21:38:00.5158839Z [36;1mif ($testExitCode -ne 0) {[0m
2026-09-11T21:38:00.5159281Z [36;1m  $debuggersRoot = Join-Path ${env:ProgramFiles(x86)} "Windows Kits/10/Debuggers"[0m
2026-09-11T21:38:00.5159952Z [36;1m  $cdb = Get-ChildItem $debuggersRoot -Filter cdb.exe -Recurse -ErrorAction SilentlyContinue |[0m
2026-09-11T21:38:00.5160536Z [36;1m    Where-Object { $_.FullName -match '[\\/]arm64[\\/]' } |[0m
2026-09-11T21:38:00.5160919Z [36;1m    Select-Object -First 1[0m
2026-09-11T21:38:00.5161378Z [36;1m  $failedTests = @(Get-ChildItem (Join-Path $env:GITHUB_WORKSPACE ".silex/test") `[0m
2026-09-11T21:38:00.5161907Z [36;1m    -Filter "NativePortability-*.exe" -File)[0m
2026-09-11T21:38:00.5162258Z [36;1m  if ($null -ne $cdb) {[0m
2026-09-11T21:38:00.5162829Z [36;1m    foreach ($failedTest in $failedTests) {[0m
2026-09-11T21:38:00.5163281Z [36;1m      Assert-Arm64Pe $failedTest.FullName[0m
2026-09-11T21:38:00.5163840Z [36;1m      Write-Output "debugging retained ARM64 test $($failedTest.Name) with $($cdb.FullName)"[0m
2026-09-11T21:38:00.5164536Z [36;1m      & $cdb.FullName -lines -c "g; .ecxr; !analyze -v; r; kv; ub @pc L10; u @pc L40; q" $failedTest.FullName[0m
2026-09-11T21:38:00.5165029Z [36;1m    }[0m
2026-09-11T21:38:00.5165511Z [36;1m  }[0m
2026-09-11T21:38:00.5165869Z [36;1m  throw "Windows ARM64 native test slice failed with exit code $testExitCode"[0m
2026-09-11T21:38:00.5166322Z [36;1m}[0m
2026-09-11T21:38:00.5166622Z [36;1m$PSNativeCommandUseErrorActionPreference = $true[0m
2026-09-11T21:38:00.5167013Z [36;1m[0m
2026-09-11T21:38:00.5167385Z [36;1m$portabilityDebug = Join-Path $env:RUNNER_TEMP "native-portability-debug.exe"[0m
2026-09-11T21:38:00.5167995Z [36;1m$portabilityRelease = Join-Path $env:RUNNER_TEMP "native-portability-release.exe"[0m
2026-09-11T21:38:00.5168656Z [36;1m& $silex compile $portabilitySource --debug --nocache -o $portabilityDebug[0m
2026-09-11T21:38:00.5169328Z [36;1m& $silex compile $portabilitySource --release --nocache -o $portabilityRelease[0m
2026-09-11T21:38:00.5169826Z [36;1mAssert-Arm64Pe $portabilityDebug[0m
2026-09-11T21:38:00.5170173Z [36;1mAssert-Arm64Pe $portabilityRelease[0m
2026-09-11T21:38:00.5170599Z [36;1m$debugOutput = @(Invoke-NativeCapture $portabilityDebug)[0m
2026-09-11T21:38:00.5171091Z [36;1m$releaseOutput = @(Invoke-NativeCapture $portabilityRelease)[0m
2026-09-11T21:38:00.5171546Z [36;1mAssert-PortabilityOutput $debugOutput "Debug"[0m
2026-09-11T21:38:00.5172000Z [36;1mAssert-PortabilityOutput $releaseOutput "Release"[0m
2026-09-11T21:38:00.5172509Z [36;1mif (@(Compare-Object $debugOutput $releaseOutput -SyncWindow 0).Count -ne 0) {[0m
2026-09-11T21:38:00.5173028Z [36;1m  throw "Debug and Release portability outputs differ"[0m
2026-09-11T21:38:00.5173406Z [36;1m}[0m
2026-09-11T21:38:00.5173645Z [36;1m[0m
2026-09-11T21:38:00.5173929Z [36;1m& $silex test $portabilitySource --nocache[0m
2026-09-11T21:38:00.5174263Z [36;1m[0m
2026-09-11T21:38:00.5174648Z [36;1m$smokeSource = Join-Path $env:GITHUB_WORKSPACE "Tests/Native/DistributionSmoke.sx"[0m
2026-09-11T21:38:00.5175745Z [36;1m$debugSmoke = @(Invoke-NativeCapture -Path $silex -Arguments @("run", $smokeSource, "--debug", "--nocache"))[0m
2026-09-11T21:38:00.5176527Z [36;1m$releaseSmoke = @(Invoke-NativeCapture -Path $silex -Arguments @("run", $smokeSource, "--release", "--nocache"))[0m
2026-09-11T21:38:00.5177286Z [36;1mif ($debugSmoke.Count -ne 1 -or $debugSmoke[0] -ne "silex distribution ready" -or[0m
2026-09-11T21:38:00.5177909Z [36;1m    $releaseSmoke.Count -ne 1 -or $releaseSmoke[0] -ne "silex distribution ready") {[0m
2026-09-11T21:38:00.5178409Z [36;1m  throw "distribution run smoke failed"[0m
2026-09-11T21:38:00.5178726Z [36;1m}[0m
2026-09-11T21:38:00.5179108Z [36;1m$standaloneSmoke = Join-Path $env:RUNNER_TEMP "distribution-smoke.exe"[0m
2026-09-11T21:38:00.5179664Z [36;1m& $silex compile $smokeSource --release --nocache -o $standaloneSmoke[0m
2026-09-11T21:38:00.5180102Z [36;1mAssert-Arm64Pe $standaloneSmoke[0m
2026-09-11T21:38:00.5180548Z [36;1m$standaloneOutput = @(Invoke-NativeCapture $standaloneSmoke)[0m
2026-09-11T21:38:00.5181162Z [36;1mif ($standaloneOutput.Count -ne 1 -or $standaloneOutput[0] -ne "silex distribution ready") {[0m
2026-09-11T21:38:00.5181707Z [36;1m  throw "standalone distribution smoke failed"[0m
2026-09-11T21:38:00.5182052Z [36;1m}[0m
2026-09-11T21:38:00.5182273Z [36;1m[0m
2026-09-11T21:38:00.5182618Z [36;1m$boundaryTest = Join-Path $probeRoot "Tests/Boundary.sx"[0m
2026-09-11T21:38:00.5183092Z [36;1m$boundaryMain = Join-Path $probeRoot "Tests/BoundaryMain.sx"[0m
2026-09-11T21:38:00.5183515Z [36;1m& $silex test $boundaryTest --nocache[0m
2026-09-11T21:38:00.5184221Z [36;1m$boundaryDebug = Join-Path $env:RUNNER_TEMP "boundary-debug.exe"[0m
2026-09-11T21:38:00.5184773Z [36;1m$boundaryRelease = Join-Path $env:RUNNER_TEMP "boundary-release.exe"[0m
2026-09-11T21:38:00.5185603Z [36;1m& $silex compile $boundaryMain --debug --nocache -o $boundaryDebug[0m
2026-09-11T21:38:00.5186165Z [36;1m& $silex compile $boundaryMain --release --nocache -o $boundaryRelease[0m
2026-09-11T21:38:00.5186613Z [36;1mAssert-Arm64Pe $boundaryDebug[0m
2026-09-11T21:38:00.5186934Z [36;1mAssert-Arm64Pe $boundaryRelease[0m
2026-09-11T21:38:00.5187337Z [36;1m$boundaryDebugOutput = @(Invoke-NativeCapture $boundaryDebug)[0m
2026-09-11T21:38:00.5187897Z [36;1m$boundaryReleaseOutput = @(Invoke-NativeCapture $boundaryRelease)[0m
2026-09-11T21:38:00.5188543Z [36;1mif ($boundaryDebugOutput.Count -ne 1 -or $boundaryDebugOutput[0] -ne "windows arm64 boundary ready" -or[0m
2026-09-11T21:38:00.5189316Z [36;1m    $boundaryReleaseOutput.Count -ne 1 -or $boundaryReleaseOutput[0] -ne "windows arm64 boundary ready") {[0m
2026-09-11T21:38:00.5189926Z [36;1m  throw "Windows ARM64 Boundary smoke failed"[0m
2026-09-11T21:38:00.5190256Z [36;1m}[0m
2026-09-11T21:38:00.5190487Z [36;1m[0m
2026-09-11T21:38:00.5190872Z [36;1m# Copy bytes unchanged into a standalone fixture, without the optimizer's STD graph.[0m
2026-09-11T21:38:00.5191479Z [36;1m$scalarRoot = Join-Path $env:RUNNER_TEMP "scalar-float-fixture"[0m
2026-09-11T21:38:00.5192001Z [36;1mNew-Item -ItemType Directory -Force -Path $scalarRoot | Out-Null[0m
2026-09-11T21:38:00.5192568Z [36;1mSet-Content -Path (Join-Path $scalarRoot "Package.json") -Value '{"sources":"."}'[0m
2026-09-11T21:38:00.5193173Z [36;1m$scalarFixture = Join-Path $scalarRoot "ScalarFloatResidence.sx"[0m
2026-09-11T21:38:00.5193906Z [36;1mCopy-Item (Join-Path $env:GITHUB_WORKSPACE "Toolchain/Benchmarks/Optimizer/Regressions/ScalarFloatResidence.sx") $scalarFixture[0m
2026-09-11T21:38:00.5194599Z [36;1mforeach ($mode in @("debug", "release")) {[0m
2026-09-11T21:38:00.5195077Z [36;1m  $scalarBinary = Join-Path $env:RUNNER_TEMP "scalar-float-residence-$mode.exe"[0m
2026-09-11T21:38:00.5195693Z [36;1m  & $silex compile $scalarFixture "--$mode" --nocache -o $scalarBinary[0m
2026-09-11T21:38:00.5196127Z [36;1m  Assert-Arm64Pe $scalarBinary[0m
2026-09-11T21:38:00.5196827Z [36;1m  $scalarOutput = @(Invoke-NativeCapture $scalarBinary)[0m
2026-09-11T21:38:00.5197515Z [36;1m  if ($LASTEXITCODE -ne 0 -or $scalarOutput.Count -ne 9 -or @($scalarOutput | Where-Object { $_ -ne "true" }).Count -ne 0) {[0m
2026-09-11T21:38:00.5198159Z [36;1m    throw "scalar float residence $mode regression failed"[0m
2026-09-11T21:38:00.5198535Z [36;1m  }[0m
2026-09-11T21:38:00.5198760Z [36;1m}[0m
2026-09-11T21:38:00.5199118Z [36;1m$branchFixture = Join-Path $scalarRoot "BranchComparisons.sx"[0m
2026-09-11T21:38:00.5199843Z [36;1mCopy-Item (Join-Path $env:GITHUB_WORKSPACE "Toolchain/Benchmarks/Optimizer/Regressions/BranchComparisons.sx") $branchFixture[0m
2026-09-11T21:38:00.5200511Z [36;1mforeach ($mode in @("debug", "release")) {[0m
2026-09-11T21:38:00.5201055Z [36;1m  $branchBinary = Join-Path $env:RUNNER_TEMP "branch-comparisons-$mode.exe"[0m
2026-09-11T21:38:00.5201624Z [36;1m  & $silex compile $branchFixture "--$mode" --nocache -o $branchBinary[0m
2026-09-11T21:38:00.5202178Z [36;1m  if ($LASTEXITCODE -ne 0) { throw "branch comparison compilation failed" }[0m
2026-09-11T21:38:00.5202630Z [36;1m  $branchOutput = @(& $branchBinary)[0m
2026-09-11T21:38:00.5203123Z [36;1m  if ($LASTEXITCODE -ne 0 -or $branchOutput.Count -ne 1 -or $branchOutput[0] -ne "true") {[0m
2026-09-11T21:38:00.5203712Z [36;1m    throw "branch comparison $mode regression failed"[0m
2026-09-11T21:38:00.5204067Z [36;1m  }[0m
2026-09-11T21:38:00.5204298Z [36;1m}[0m
2026-09-11T21:38:00.5204632Z [36;1m$snapshotFixture = Join-Path $scalarRoot "BranchSnapshots.sx"[0m
2026-09-11T21:38:00.5206546Z [36;1mCopy-Item (Join-Path $env:GITHUB_WORKSPACE "Toolchain/Benchmarks/Optimizer/Regressions/BranchSnapshots.sx") $snapshotFixture[0m
2026-09-11T21:38:00.5207383Z [36;1mforeach ($mode in @("debug", "release")) {[0m
2026-09-11T21:38:00.5207853Z [36;1m  $snapshotBinary = Join-Path $env:RUNNER_TEMP "branch-snapshots-$mode.exe"[0m
2026-09-11T21:38:00.5208498Z [36;1m  & $silex compile $snapshotFixture "--$mode" --nocache -o $snapshotBinary[0m
2026-09-11T21:38:00.5209048Z [36;1m  if ($LASTEXITCODE -ne 0) { throw "branch snapshot compilation failed" }[0m
2026-09-11T21:38:00.5209512Z [36;1m  $snapshotOutput = @(& $snapshotBinary)[0m
2026-09-11T21:38:00.5210168Z [36;1m  if ($LASTEXITCODE -ne 0 -or $snapshotOutput.Count -ne 8 -or @($snapshotOutput | Where-Object { $_ -ne "true" }).Count -ne 0) {[0m
2026-09-11T21:38:00.5210810Z [36;1m    throw "branch snapshot $mode regression failed"[0m
2026-09-11T21:38:00.5211176Z [36;1m  }[0m
2026-09-11T21:38:00.5211401Z [36;1m}[0m
2026-09-11T21:38:00.5211781Z [36;1m$loopExitFixture = Join-Path $scalarRoot "LoopExitResidence.sx"[0m
2026-09-11T21:38:00.5212525Z [36;1mCopy-Item (Join-Path $env:GITHUB_WORKSPACE "Toolchain/Benchmarks/Optimizer/Regressions/LoopExitResidence.sx") $loopExitFixture[0m
2026-09-11T21:38:00.5213194Z [36;1mforeach ($mode in @("debug", "release")) {[0m
2026-09-11T21:38:00.5213708Z [36;1m  $loopExitBinary = Join-Path $env:RUNNER_TEMP "loop-exit-residence-$mode.exe"[0m
2026-09-11T21:38:00.5214276Z [36;1m  & $silex compile $loopExitFixture "--$mode" --nocache -o $loopExitBinary[0m
2026-09-11T21:38:00.5214833Z [36;1m  if ($LASTEXITCODE -ne 0) { throw "loop exit residence compilation failed" }[0m
2026-09-11T21:38:00.5215315Z [36;1m  $loopExitOutput = @(& $loopExitBinary)[0m
2026-09-11T21:38:00.5215925Z [36;1m  if ($LASTEXITCODE -ne 0 -or $loopExitOutput.Count -ne 5 -or @($loopExitOutput | Where-Object { $_ -ne "true" }).Count -ne 0) {[0m
2026-09-11T21:38:00.5216584Z [36;1m    throw "loop exit residence $mode regression failed"[0m
2026-09-11T21:38:00.5216938Z [36;1m  }[0m
2026-09-11T21:38:00.5217243Z [36;1m}[0m
2026-09-11T21:38:00.5283626Z shell: C:\Program Files\PowerShell\7\pwsh.EXE -command ". '{0}'"
2026-09-11T21:38:00.5284167Z ##[endgroup]
2026-09-11T21:38:02.1241598Z distribution sha256=f777218e2c34b77da9ec0bf1ff74fb7d6a652df4a46f275765f773afdc40aa2b
2026-09-11T21:38:02.3790260Z silex 0.44.1
2026-09-11T21:38:03.0946811Z silex: installed Shadercross for windows-arm64
2026-09-11T21:38:26.2558699Z silex: installed Native linker for windows-arm64
2026-09-11T21:38:27.7114519Z 0.16.0
2026-09-11T21:38:28.4180089Z Usage: shadercross <input> [options]
2026-09-11T21:38:28.4180490Z Required options:
2026-09-11T21:38:28.4181748Z   -s | --source <value>            Source language format. May be inferred from the filename. Values: [SPIRV, HLSL]
2026-09-11T21:38:28.4182927Z   -d | --dest <value>              Destination format. May be inferred from the filename. Values: [DXBC, DXIL, MSL, SPIRV, HLSL, JSON]
2026-09-11T21:38:28.4183996Z   -t | --stage <value>             Shader stage. May be inferred from the filename. Values: [vertex, fragment, compute]
2026-09-11T21:38:28.4184676Z   -e | --entrypoint <value>        Entrypoint function name. Default: "main".
2026-09-11T21:38:28.4185117Z   -o | --output <value>            Output file.
2026-09-11T21:38:28.4185481Z 
2026-09-11T21:38:28.4185589Z Optional options:
2026-09-11T21:38:28.4185962Z   -I | --include <value>           HLSL include directory. Only used with HLSL source.
2026-09-11T21:38:28.4186581Z   -D<name>[=<value>]               HLSL define. Only used with HLSL source. Can be repeated.
2026-09-11T21:38:28.4187335Z                                    If =<value> is omitted the define will be treated as equal to 1.
2026-09-11T21:38:28.4188488Z   --msl-version <value>            Target MSL version. Only used when transpiling to MSL. The default is 1.2.0.
2026-09-11T21:38:28.4189519Z   -c | --cull                      Allow the compiler to cull unused resource bindings. This may lead to surprising binding behavior so be careful when enabling this!
2026-09-11T21:38:28.4191478Z   -g | --debug                     Generate debug information when possible. Shaders are valid only when graphics debuggers are attached.
2026-09-11T21:38:28.4192339Z   -p | --pssl                      Generate PSSL-compatible shader. Destination format should be HLSL.
2026-09-11T21:43:31.8686937Z ok - execute direct indirect and dynamic calls beyond native registers
2026-09-11T21:43:32.2561393Z ok - preserve paired float32 arithmetic on native
2026-09-11T21:43:32.9029473Z ok - mutate a class-owned native list without changing its snapshot
2026-09-11T21:43:33.3484954Z ok - replace class elements in a class-owned native list
2026-09-11T21:43:33.6444041Z ok - preserve embedded byte contents on native
2026-09-11T21:43:33.9533052Z ok - format native floats through the standalone runtime
2026-09-11T21:43:34.2537735Z ok - convert native float precision in both directions
2026-09-11T21:43:34.5541545Z ok - replace and preserve an aliased native list
2026-09-11T21:43:34.8600599Z ok - swap and reverse a native list
2026-09-11T21:43:35.1744728Z ok - grow a native list at every position
2026-09-11T21:43:35.5005035Z ok - remove native list elements from every position
2026-09-11T21:43:35.8014361Z ok - slice view mutate and clear native lists
2026-09-11T21:43:36.0967881Z ok - mutable aggregate view detaches shared native list
2026-09-11T21:43:36.4101869Z copy state drop
2026-09-11T21:43:36.4102371Z copy state drop
2026-09-11T21:43:36.4102716Z ok - deep-copy repeated native class roots without collections
2026-09-11T21:43:36.7188559Z native cycle drop
2026-09-11T21:43:36.7188897Z native cycle drop
2026-09-11T21:43:36.7189295Z ok - finalize a direct native class cycle
2026-09-11T21:43:37.0182946Z native cycle drop
2026-09-11T21:43:37.0183345Z native cycle drop
2026-09-11T21:43:37.0183642Z ok - finalize a native class cycle through lists
2026-09-11T21:43:37.3161387Z native cycle drop
2026-09-11T21:43:37.3161723Z native cycle drop
2026-09-11T21:43:37.3162158Z ok - finalize a native class cycle through protocols
2026-09-11T21:43:37.6189497Z ok - execute the complete native collection mutation slice
2026-09-11T21:43:37.9197898Z copy state drop
2026-09-11T21:43:37.9198242Z copy state drop
2026-09-11T21:43:37.9199123Z ok - execute native ownership and deep-copy runtime
2026-09-11T21:43:38.2289847Z ok - preserve resource aggregates across native list growth
2026-09-11T21:43:38.5478211Z ok - serialize native mutations with mutex
2026-09-11T21:43:38.8611707Z native cycle drop
2026-09-11T21:43:38.8612150Z native cycle drop
2026-09-11T21:43:38.8612463Z native cycle drop
2026-09-11T21:43:38.8612692Z native cycle drop
2026-09-11T21:43:38.8613041Z native cycle drop
2026-09-11T21:43:38.8613281Z native cycle drop
2026-09-11T21:43:38.8613703Z ok - finalize native cycles across direct collection and protocol edges
2026-09-11T21:43:38.8640531Z 22 passed; 0 failed
2026-09-11T21:43:39.8522436Z ok - execute direct indirect and dynamic calls beyond native registers
2026-09-11T21:43:40.1500007Z ok - preserve paired float32 arithmetic on native
2026-09-11T21:43:40.4425064Z ok - mutate a class-owned native list without changing its snapshot
2026-09-11T21:43:40.7463791Z ok - replace class elements in a class-owned native list
2026-09-11T21:43:41.0442665Z ok - preserve embedded byte contents on native
2026-09-11T21:43:41.3483087Z ok - format native floats through the standalone runtime
2026-09-11T21:43:41.6451843Z ok - convert native float precision in both directions
2026-09-11T21:43:41.9464230Z ok - replace and preserve an aliased native list
2026-09-11T21:43:42.2582126Z ok - swap and reverse a native list
2026-09-11T21:43:42.5529341Z ok - grow a native list at every position
2026-09-11T21:43:42.8558463Z ok - remove native list elements from every position
2026-09-11T21:43:43.1593635Z ok - slice view mutate and clear native lists
2026-09-11T21:43:43.4680132Z ok - mutable aggregate view detaches shared native list
2026-09-11T21:43:43.7685891Z copy state drop
2026-09-11T21:43:43.7686684Z copy state drop
2026-09-11T21:43:43.7687083Z ok - deep-copy repeated native class roots without collections
2026-09-11T21:43:44.0659470Z native cycle drop
2026-09-11T21:43:44.0659812Z native cycle drop
2026-09-11T21:43:44.0660137Z ok - finalize a direct native class cycle
2026-09-11T21:43:44.3677967Z native cycle drop
2026-09-11T21:43:44.3678306Z native cycle drop
2026-09-11T21:43:44.3678717Z ok - finalize a native class cycle through lists
2026-09-11T21:43:44.6696809Z native cycle drop
2026-09-11T21:43:44.6697273Z native cycle drop
2026-09-11T21:43:44.6697614Z ok - finalize a native class cycle through protocols
2026-09-11T21:43:44.9673724Z ok - execute the complete native collection mutation slice
2026-09-11T21:43:45.2730874Z copy state drop
2026-09-11T21:43:45.2731360Z copy state drop
2026-09-11T21:43:45.2731648Z ok - execute native ownership and deep-copy runtime
2026-09-11T21:43:45.5687484Z ok - preserve resource aggregates across native list growth
2026-09-11T21:43:45.8598645Z ok - serialize native mutations with mutex
2026-09-11T21:43:46.1561205Z native cycle drop
2026-09-11T21:43:46.1561574Z native cycle drop
2026-09-11T21:43:46.1561908Z native cycle drop
2026-09-11T21:43:46.1562148Z native cycle drop
2026-09-11T21:43:46.1562425Z native cycle drop
2026-09-11T21:43:46.1562715Z native cycle drop
2026-09-11T21:43:46.1563082Z ok - finalize native cycles across direct collection and protocol edges
2026-09-11T21:43:46.1586518Z 22 passed; 0 failed
2026-09-11T21:43:47.3719785Z ok - call an ARM64 package Boundary
2026-09-11T21:43:47.6744684Z ok - round-trip a callback through the Windows ARM64 ABI
2026-09-11T21:43:47.6745107Z 2 passed; 0 failed
2026-09-11T21:43:51.5824082Z Post job cleanup.
2026-09-11T21:43:51.8769332Z [command]"C:\Program Files\Git\bin\git.exe" version
2026-09-11T21:43:51.9255725Z git version 2.55.0.windows.5
2026-09-11T21:43:51.9346131Z Temporarily overriding HOME='C:\a\_temp\58e5010f-b993-4638-9472-c40d6e0f6734' before making global git config changes
2026-09-11T21:43:51.9346886Z Adding repository directory to the temporary git global config as a safe directory
2026-09-11T21:43:51.9355203Z [command]"C:\Program Files\Git\bin\git.exe" config --global --add safe.directory C:\a\Silex\Silex
2026-09-11T21:43:51.9889660Z Removing SSH command configuration
2026-09-11T21:43:51.9902106Z [command]"C:\Program Files\Git\bin\git.exe" config --local --name-only --get-regexp core\.sshCommand
2026-09-11T21:43:52.0440158Z [command]"C:\Program Files\Git\bin\git.exe" submodule foreach --recursive "sh -c \"git config --local --name-only --get-regexp 'core\.sshCommand' && git config --local --unset-all 'core.sshCommand' || :\""
2026-09-11T21:43:53.2835162Z Removing HTTP extra header
2026-09-11T21:43:53.2844881Z [command]"C:\Program Files\Git\bin\git.exe" config --local --name-only --get-regexp http\.https\:\/\/github\.com\/\.extraheader
2026-09-11T21:43:53.3398392Z [command]"C:\Program Files\Git\bin\git.exe" submodule foreach --recursive "sh -c \"git config --local --name-only --get-regexp 'http\.https\:\/\/github\.com\/\.extraheader' && git config --local --unset-all 'http.https://github.com/.extraheader' || :\""
2026-09-11T21:43:54.5992439Z Removing includeIf entries pointing to credentials config files
2026-09-11T21:43:54.6002963Z [command]"C:\Program Files\Git\bin\git.exe" config --local --name-only --get-regexp ^includeIf\.gitdir:
2026-09-11T21:43:54.6469273Z includeif.gitdir:C:/a/Silex/Silex/.git.path
2026-09-11T21:43:54.6469819Z includeif.gitdir:C:/a/Silex/Silex/.git/worktrees/*.path
2026-09-11T21:43:54.6470204Z includeif.gitdir:/github/workspace/.git.path
2026-09-11T21:43:54.6470643Z includeif.gitdir:/github/workspace/.git/worktrees/*.path
2026-09-11T21:43:54.6530068Z [command]"C:\Program Files\Git\bin\git.exe" config --local --get-all includeif.gitdir:C:/a/Silex/Silex/.git.path
2026-09-11T21:43:54.6990344Z C:\a\_temp\git-credentials-0487ab66-f8cc-4b39-827c-187acbf656f4.config
2026-09-11T21:43:54.7052277Z [command]"C:\Program Files\Git\bin\git.exe" config --local --unset includeif.gitdir:C:/a/Silex/Silex/.git.path C:\a\_temp\git-credentials-0487ab66-f8cc-4b39-827c-187acbf656f4.config
2026-09-11T21:43:54.7586553Z [command]"C:\Program Files\Git\bin\git.exe" config --local --get-all includeif.gitdir:C:/a/Silex/Silex/.git/worktrees/*.path
2026-09-11T21:43:54.8061205Z C:\a\_temp\git-credentials-0487ab66-f8cc-4b39-827c-187acbf656f4.config
2026-09-11T21:43:54.8121227Z [command]"C:\Program Files\Git\bin\git.exe" config --local --unset includeif.gitdir:C:/a/Silex/Silex/.git/worktrees/*.path C:\a\_temp\git-credentials-0487ab66-f8cc-4b39-827c-187acbf656f4.config
2026-09-11T21:43:54.8666485Z [command]"C:\Program Files\Git\bin\git.exe" config --local --get-all includeif.gitdir:/github/workspace/.git.path
2026-09-11T21:43:54.9133867Z /github/runner_temp/git-credentials-0487ab66-f8cc-4b39-827c-187acbf656f4.config
2026-09-11T21:43:54.9198724Z [command]"C:\Program Files\Git\bin\git.exe" config --local --unset includeif.gitdir:/github/workspace/.git.path /github/runner_temp/git-credentials-0487ab66-f8cc-4b39-827c-187acbf656f4.config
2026-09-11T21:43:54.9758199Z [command]"C:\Program Files\Git\bin\git.exe" config --local --get-all includeif.gitdir:/github/workspace/.git/worktrees/*.path
2026-09-11T21:43:55.0236756Z /github/runner_temp/git-credentials-0487ab66-f8cc-4b39-827c-187acbf656f4.config
2026-09-11T21:43:55.0298447Z [command]"C:\Program Files\Git\bin\git.exe" config --local --unset includeif.gitdir:/github/workspace/.git/worktrees/*.path /github/runner_temp/git-credentials-0487ab66-f8cc-4b39-827c-187acbf656f4.config
2026-09-11T21:43:55.0858692Z [command]"C:\Program Files\Git\bin\git.exe" submodule foreach --recursive "git config --local --show-origin --name-only --get-regexp remote.origin.url"
2026-09-11T21:43:56.3445459Z Removing credentials config 'C:\a\_temp\git-credentials-0487ab66-f8cc-4b39-827c-187acbf656f4.config'
2026-09-11T21:43:56.3685592Z Cleaning up orphan processes
2026-09-11T21:43:56.4431024Z ##[warning]Node.js 20 is deprecated. The following actions target Node.js 20 but are being forced to run on Node.js 24: actions/download-artifact@v5. For more information see: https://github.blog/changelog/2025-09-19-deprecation-of-node-20-on-github-actions-runners/

