2026-09-11T21:33:31.0667666Z Current runner version: '2.337.0'
2026-09-11T21:33:31.0701523Z ##[group]Runner Image Provisioner
2026-09-11T21:33:31.0702490Z Hosted Compute Agent
2026-09-11T21:33:31.0703317Z Version: 20260828.587
2026-09-11T21:33:31.0703989Z Commit: abac92662cab4cc7352de4f9f9d2e2419aad9c29
2026-09-11T21:33:31.0704837Z Build Date: 2026-08-28T16:44:25Z
2026-09-11T21:33:31.0705541Z Worker ID: {52f1290b-a3d3-4bc0-94eb-50d497e9b33f}
2026-09-11T21:33:31.0706266Z Azure Region: centralus
2026-09-11T21:33:31.0706947Z ##[endgroup]
2026-09-11T21:33:31.0709143Z ##[group]Operating System
2026-09-11T21:33:31.0710222Z Ubuntu
2026-09-11T21:33:31.0710769Z 24.04.5
2026-09-11T21:33:31.0711281Z LTS
2026-09-11T21:33:31.0711897Z ##[endgroup]
2026-09-11T21:33:31.0712468Z ##[group]Runner Image
2026-09-11T21:33:31.0713158Z Image: ubuntu-24.04-arm
2026-09-11T21:33:31.0713781Z Version: 20260907.118.1
2026-09-11T21:33:31.0715260Z Included Software: https://github.com/actions/runner-images/blob/ubuntu24-arm64/20260907.118/images/ubuntu/Ubuntu2404-Arm64-Readme.md
2026-09-11T21:33:31.0716877Z Image Release: https://github.com/actions/runner-images/releases/tag/ubuntu24-arm64%2F20260907.118
2026-09-11T21:33:31.0717888Z ##[endgroup]
2026-09-11T21:33:31.0719043Z ##[group]GITHUB_TOKEN Permissions
2026-09-11T21:33:31.0722934Z Contents: read
2026-09-11T21:33:31.0723633Z Metadata: read
2026-09-11T21:33:31.0724422Z ##[endgroup]
2026-09-11T21:33:31.0727477Z Secret source: Actions
2026-09-11T21:33:31.0728519Z Cache mode: write
2026-09-11T21:33:31.0730268Z Prepare workflow directory
2026-09-11T21:33:31.1152859Z Prepare all required actions
2026-09-11T21:33:31.1207121Z Getting action download info
2026-09-11T21:33:31.3557946Z Download action repository 'actions/checkout@v6' (SHA:d23441a48e516b6c34aea4fa41551a30e30af803)
2026-09-11T21:33:31.5787319Z Complete job name: linux-arm64
2026-09-11T21:33:31.6645861Z ##[group]Run actions/checkout@v6
2026-09-11T21:33:31.6647439Z with:
2026-09-11T21:33:31.6648060Z   repository: Matanek/Silex
2026-09-11T21:33:31.6652174Z   token: ***
2026-09-11T21:33:31.6652830Z   ssh-strict: true
2026-09-11T21:33:31.6653375Z   ssh-user: git
2026-09-11T21:33:31.6654140Z   persist-credentials: true
2026-09-11T21:33:31.6654761Z   clean: true
2026-09-11T21:33:31.6655418Z   sparse-checkout-cone-mode: true
2026-09-11T21:33:31.6656140Z   fetch-depth: 1
2026-09-11T21:33:31.6656723Z   fetch-tags: false
2026-09-11T21:33:31.6657376Z   show-progress: true
2026-09-11T21:33:31.6657966Z   lfs: false
2026-09-11T21:33:31.6658628Z   submodules: false
2026-09-11T21:33:31.6659231Z   set-safe-directory: true
2026-09-11T21:33:31.6660208Z   allow-unsafe-pr-checkout: false
2026-09-11T21:33:31.6661583Z ##[endgroup]
2026-09-11T21:33:31.7542626Z Syncing repository: Matanek/Silex
2026-09-11T21:33:31.7545180Z ##[group]Getting Git version info
2026-09-11T21:33:31.7546197Z Working directory is '/home/runner/work/Silex/Silex'
2026-09-11T21:33:31.7552151Z [command]/usr/bin/git version
2026-09-11T21:33:31.7661688Z git version 2.55.0
2026-09-11T21:33:31.7668662Z ##[endgroup]
2026-09-11T21:33:31.7696365Z Temporarily overriding HOME='/home/runner/work/_temp/98492c21-d837-413e-80d1-250dd1fdb6ec' before making global git config changes
2026-09-11T21:33:31.7698810Z Adding repository directory to the temporary git global config as a safe directory
2026-09-11T21:33:31.7700903Z [command]/usr/bin/git config --global --add safe.directory /home/runner/work/Silex/Silex
2026-09-11T21:33:31.7725391Z Deleting the contents of '/home/runner/work/Silex/Silex'
2026-09-11T21:33:31.7730477Z ##[group]Determining repository object format
2026-09-11T21:33:31.7732557Z ##[endgroup]
2026-09-11T21:33:31.7733637Z ##[group]Initializing the repository
2026-09-11T21:33:31.7737529Z [command]/usr/bin/git init /home/runner/work/Silex/Silex
2026-09-11T21:33:31.7857188Z hint: Using 'master' as the name for the initial branch. This default branch name
2026-09-11T21:33:31.7862642Z hint: will change to "main" in Git 3.0. To configure the initial branch name
2026-09-11T21:33:31.7863788Z hint: to use in all of your new repositories, which will suppress this warning,
2026-09-11T21:33:31.7865145Z hint: call:
2026-09-11T21:33:31.7865810Z hint:
2026-09-11T21:33:31.7866507Z hint: 	git config --global init.defaultBranch <name>
2026-09-11T21:33:31.7867223Z hint:
2026-09-11T21:33:31.7868000Z hint: Names commonly chosen instead of 'master' are 'main', 'trunk' and
2026-09-11T21:33:31.7869073Z hint: 'development'. The just-created branch can be renamed via this command:
2026-09-11T21:33:31.7870337Z hint:
2026-09-11T21:33:31.7870911Z hint: 	git branch -m <name>
2026-09-11T21:33:31.7871513Z hint:
2026-09-11T21:33:31.7872366Z hint: Disable this message with "git config set advice.defaultBranchName false"
2026-09-11T21:33:31.7873484Z Initialized empty Git repository in /home/runner/work/Silex/Silex/.git/
2026-09-11T21:33:31.7875463Z [command]/usr/bin/git remote add origin https://github.com/Matanek/Silex
2026-09-11T21:33:31.7918105Z ##[endgroup]
2026-09-11T21:33:31.7919344Z ##[group]Disabling automatic garbage collection
2026-09-11T21:33:31.7920590Z [command]/usr/bin/git config --local gc.auto 0
2026-09-11T21:33:31.7945452Z ##[endgroup]
2026-09-11T21:33:31.7946790Z ##[group]Setting up auth
2026-09-11T21:33:31.7947708Z Removing SSH command configuration
2026-09-11T21:33:31.7952336Z [command]/usr/bin/git config --local --name-only --get-regexp core\.sshCommand
2026-09-11T21:33:31.7983404Z [command]/usr/bin/git submodule foreach --recursive sh -c "git config --local --name-only --get-regexp 'core\.sshCommand' && git config --local --unset-all 'core.sshCommand' || :"
2026-09-11T21:33:31.8297437Z Removing HTTP extra header
2026-09-11T21:33:31.8303776Z [command]/usr/bin/git config --local --name-only --get-regexp http\.https\:\/\/github\.com\/\.extraheader
2026-09-11T21:33:31.8334623Z [command]/usr/bin/git submodule foreach --recursive sh -c "git config --local --name-only --get-regexp 'http\.https\:\/\/github\.com\/\.extraheader' && git config --local --unset-all 'http.https://github.com/.extraheader' || :"
2026-09-11T21:33:31.8530898Z Removing includeIf entries pointing to credentials config files
2026-09-11T21:33:31.8535398Z [command]/usr/bin/git config --local --name-only --get-regexp ^includeIf\.gitdir:
2026-09-11T21:33:31.8568112Z [command]/usr/bin/git submodule foreach --recursive git config --local --show-origin --name-only --get-regexp remote.origin.url
2026-09-11T21:33:31.8765243Z [command]/usr/bin/git config --file /home/runner/work/_temp/git-credentials-adaffc64-a1a5-45ee-b23b-8e8bfa6d6cce.config http.https://github.com/.extraheader AUTHORIZATION: basic ***
2026-09-11T21:33:31.8803888Z [command]/usr/bin/git config --local includeIf.gitdir:/home/runner/work/Silex/Silex/.git.path /home/runner/work/_temp/git-credentials-adaffc64-a1a5-45ee-b23b-8e8bfa6d6cce.config
2026-09-11T21:33:31.8835603Z [command]/usr/bin/git config --local includeIf.gitdir:/home/runner/work/Silex/Silex/.git/worktrees/*.path /home/runner/work/_temp/git-credentials-adaffc64-a1a5-45ee-b23b-8e8bfa6d6cce.config
2026-09-11T21:33:31.8866919Z [command]/usr/bin/git config --local includeIf.gitdir:/github/workspace/.git.path /github/runner_temp/git-credentials-adaffc64-a1a5-45ee-b23b-8e8bfa6d6cce.config
2026-09-11T21:33:31.8897970Z [command]/usr/bin/git config --local includeIf.gitdir:/github/workspace/.git/worktrees/*.path /github/runner_temp/git-credentials-adaffc64-a1a5-45ee-b23b-8e8bfa6d6cce.config
2026-09-11T21:33:31.8926980Z ##[endgroup]
2026-09-11T21:33:31.8927946Z ##[group]Fetching the repository
2026-09-11T21:33:31.8935830Z [command]/usr/bin/git -c protocol.version=2 fetch --no-tags --prune --no-recurse-submodules --depth=1 origin +225ba12f8d8b4f2e434c0ae18bd0b6269c909373:refs/remotes/origin/spec-silex-optimization-parity-completion
2026-09-11T21:33:33.2198976Z From https://github.com/Matanek/Silex
2026-09-11T21:33:33.2200552Z  * [new ref]         225ba12f8d8b4f2e434c0ae18bd0b6269c909373 -> origin/spec-silex-optimization-parity-completion
2026-09-11T21:33:33.2210275Z [command]/usr/bin/git branch --list --remote origin/spec-silex-optimization-parity-completion
2026-09-11T21:33:33.2241812Z   origin/spec-silex-optimization-parity-completion
2026-09-11T21:33:33.2250304Z [command]/usr/bin/git rev-parse refs/remotes/origin/spec-silex-optimization-parity-completion
2026-09-11T21:33:33.2274012Z 225ba12f8d8b4f2e434c0ae18bd0b6269c909373
2026-09-11T21:33:33.2276588Z ##[endgroup]
2026-09-11T21:33:33.2277352Z ##[group]Determining the checkout info
2026-09-11T21:33:33.2278325Z ##[endgroup]
2026-09-11T21:33:33.2282545Z [command]/usr/bin/git sparse-checkout disable
2026-09-11T21:33:33.2326266Z [command]/usr/bin/git config --local --unset-all extensions.worktreeConfig
2026-09-11T21:33:33.2353938Z ##[group]Checking out the ref
2026-09-11T21:33:33.2357732Z [command]/usr/bin/git checkout --progress --force -B spec-silex-optimization-parity-completion refs/remotes/origin/spec-silex-optimization-parity-completion
2026-09-11T21:33:33.3615132Z Switched to a new branch 'spec-silex-optimization-parity-completion'
2026-09-11T21:33:33.3616544Z branch 'spec-silex-optimization-parity-completion' set up to track 'origin/spec-silex-optimization-parity-completion'.
2026-09-11T21:33:33.3625581Z ##[endgroup]
2026-09-11T21:33:33.3666418Z [command]/usr/bin/git log -1 --format=%H
2026-09-11T21:33:33.3689662Z 225ba12f8d8b4f2e434c0ae18bd0b6269c909373
2026-09-11T21:33:33.3924074Z ##[group]Run set -euo pipefail
2026-09-11T21:33:33.3925150Z [36;1mset -euo pipefail[0m
2026-09-11T21:33:33.3925697Z [36;1mcase "$(uname -m)" in[0m
2026-09-11T21:33:33.3926243Z [36;1m  aarch64|arm64) ;;[0m
2026-09-11T21:33:33.3926870Z [36;1m  *) echo "expected a native ARM64 runner, got $(uname -m)" >&2; exit 1 ;;[0m
2026-09-11T21:33:33.3927481Z [36;1mesac[0m
2026-09-11T21:33:33.4041489Z shell: /usr/bin/bash --noprofile --norc -e -o pipefail {0}
2026-09-11T21:33:33.4042390Z ##[endgroup]
2026-09-11T21:33:33.4217784Z ##[group]Run set -euo pipefail
2026-09-11T21:33:33.4218584Z [36;1mset -euo pipefail[0m
2026-09-11T21:33:33.4219076Z [36;1marchive="$RUNNER_TEMP/zig.tar.xz"[0m
2026-09-11T21:33:33.4220227Z [36;1mcurl -fL https://ziglang.org/download/0.16.0/zig-aarch64-linux-0.16.0.tar.xz -o "$archive"[0m
2026-09-11T21:33:33.4221408Z [36;1mecho "ea4b09bfb22ec6f6c6ceac57ab63efb6b46e17ab08d21f69f3a48b38e1534f17  $archive" | sha256sum -c -[0m
2026-09-11T21:33:33.4222209Z [36;1mtar -xJf "$archive" -C "$RUNNER_TEMP"[0m
2026-09-11T21:33:33.4222857Z [36;1mecho "$RUNNER_TEMP/zig-aarch64-linux-0.16.0" >> "$GITHUB_PATH"[0m
2026-09-11T21:33:33.4278530Z shell: /usr/bin/bash --noprofile --norc -e -o pipefail {0}
2026-09-11T21:33:33.4279178Z ##[endgroup]
2026-09-11T21:33:33.4408145Z   % Total    % Received % Xferd  Average Speed   Time    Time     Time  Current
2026-09-11T21:33:33.4408944Z                                  Dload  Upload   Total   Spent    Left  Speed
2026-09-11T21:33:33.4409959Z 
2026-09-11T21:33:34.3442610Z   0     0    0     0    0     0      0      0 --:--:-- --:--:-- --:--:--     0
2026-09-11T21:33:35.2961397Z   0 48.8M    0  127k    0     0   141k      0  0:05:53 --:--:--  0:05:53  141k
2026-09-11T21:33:36.2916725Z   1 48.8M    1  543k    0     0   293k      0  0:02:50  0:00:01  0:02:49  292k
2026-09-11T21:33:37.3658971Z   2 48.8M    2 1135k    0     0   398k      0  0:02:05  0:00:02  0:02:03  398k
2026-09-11T21:33:38.2948361Z   3 48.8M    3 1711k    0     0   436k      0  0:01:54  0:00:03  0:01:51  436k
2026-09-11T21:33:39.2969216Z   4 48.8M    4 2175k    0     0   448k      0  0:01:51  0:00:04  0:01:47  448k
2026-09-11T21:33:40.2916442Z   5 48.8M    5 2703k    0     0   461k      0  0:01:48  0:00:05  0:01:43  520k
2026-09-11T21:33:41.3348565Z   6 48.8M    6 3327k    0     0   485k      0  0:01:42  0:00:06  0:01:36  557k
2026-09-11T21:33:42.3002979Z   7 48.8M    7 3919k    0     0   496k      0  0:01:40  0:00:07  0:01:33  552k
2026-09-11T21:33:43.3038329Z   8 48.8M    8 4495k    0     0   507k      0  0:01:38  0:00:08  0:01:30  564k
2026-09-11T21:33:44.2915205Z   9 48.8M    9 4991k    0     0   506k      0  0:01:38  0:00:09  0:01:29  562k
2026-09-11T21:33:45.3212999Z  11 48.8M   11 5551k    0     0   511k      0  0:01:37  0:00:10  0:01:27  570k
2026-09-11T21:33:46.2981152Z  12 48.8M   12 6159k    0     0   518k      0  0:01:36  0:00:11  0:01:25  563k
2026-09-11T21:33:47.3085084Z  13 48.8M   13 6751k    0     0   525k      0  0:01:35  0:00:12  0:01:23  570k
2026-09-11T21:33:48.2914504Z  14 48.8M   14 7343k    0     0   529k      0  0:01:34  0:00:13  0:01:21  568k
2026-09-11T21:33:49.3139051Z  15 48.8M   15 7983k    0     0   537k      0  0:01:33  0:00:14  0:01:19  599k
2026-09-11T21:33:50.2912096Z  17 48.8M   17 8655k    0     0   545k      0  0:01:31  0:00:15  0:01:16  618k
2026-09-11T21:33:51.3070495Z  18 48.8M   18 9439k    0     0   560k      0  0:01:29  0:00:16  0:01:13  659k
2026-09-11T21:33:52.2914593Z  20 48.8M   20 10.1M    0     0   582k      0  0:01:25  0:00:17  0:01:08  728k
2026-09-11T21:33:53.3088141Z  23 48.8M   23 11.4M    0     0   622k      0  0:01:20  0:00:18  0:01:02  882k
2026-09-11T21:33:54.2923911Z  27 48.8M   27 13.1M    0     0   679k      0  0:01:13  0:00:19  0:00:54 1100k
2026-09-11T21:33:55.2966307Z  31 48.8M   31 15.4M    0     0   758k      0  0:01:05  0:00:20  0:00:45 1439k
2026-09-11T21:33:56.2913383Z  37 48.8M   37 18.4M    0     0   862k      0  0:00:57  0:00:21  0:00:36 1879k
2026-09-11T21:33:57.3015134Z  46 48.8M   46 22.5M    0     0  1011k      0  0:00:49  0:00:22  0:00:27 2551k
2026-09-11T21:33:58.3260219Z  54 48.8M   54 26.7M    0     0  1148k      0  0:00:43  0:00:23  0:00:20 3126k
2026-09-11T21:33:59.2912843Z  63 48.8M   63 30.8M    0     0  1267k      0  0:00:39  0:00:24  0:00:15 3597k
2026-09-11T21:34:00.3724668Z  71 48.8M   71 35.1M    0     0  1391k      0  0:00:35  0:00:25  0:00:10 4028k
2026-09-11T21:34:01.2941768Z  80 48.8M   80 39.1M    0     0  1489k      0  0:00:33  0:00:26  0:00:07 4189k
2026-09-11T21:34:02.2926893Z  87 48.8M   87 42.7M    0     0  1573k      0  0:00:31  0:00:27  0:00:04 4139k
2026-09-11T21:34:03.2908801Z  91 48.8M   91 44.8M    0     0  1590k      0  0:00:31  0:00:28  0:00:03 3705k
2026-09-11T21:34:04.2908553Z  95 48.8M   95 46.4M    0     0  1592k      0  0:00:31  0:00:29  0:00:02 3218k
2026-09-11T21:34:04.8092199Z  98 48.8M   98 47.9M    0     0  1592k      0  0:00:31  0:00:30  0:00:01 2633k
2026-09-11T21:34:04.8093257Z 100 48.8M  100 48.8M    0     0  1594k      0  0:00:31  0:00:31 --:--:-- 2231k
2026-09-11T21:34:04.8453361Z /home/runner/work/_temp/zig.tar.xz: OK
2026-09-11T21:34:07.5693198Z ##[group]Run set -euo pipefail
2026-09-11T21:34:07.5693825Z [36;1mset -euo pipefail[0m
2026-09-11T21:34:07.5694106Z [36;1mexport HOME="$RUNNER_TEMP/home"[0m
2026-09-11T21:34:07.5694412Z [36;1mmkdir -p "$HOME"[0m
2026-09-11T21:34:07.5694698Z [36;1m[0m
2026-09-11T21:34:07.5695053Z [36;1mboundary="$GITHUB_WORKSPACE/Tests/Target/linux-arm64/LinuxArm64Boundary"[0m
2026-09-11T21:34:07.5695574Z [36;1mmkdir -p "$boundary/Boundary/linux-arm64"[0m
2026-09-11T21:34:07.5695993Z [36;1mzig cc -target aarch64-linux-gnu -O2 -c "$boundary/provider.c" \[0m
2026-09-11T21:34:07.5696442Z [36;1m  -o "$boundary/Boundary/linux-arm64/provider.o"[0m
2026-09-11T21:34:07.5696905Z [36;1mzig ar rcs "$boundary/Boundary/linux-arm64/libProvider.a" \[0m
2026-09-11T21:34:07.5697344Z [36;1m  "$boundary/Boundary/linux-arm64/provider.o"[0m
2026-09-11T21:34:07.5698131Z [36;1m[0m
2026-09-11T21:34:07.5698452Z [36;1mzig build -Doptimize=ReleaseFast -Dcpu=baseline \[0m
2026-09-11T21:34:07.5698953Z [36;1m  --prefix "$RUNNER_TEMP/silex-prefix" \[0m
2026-09-11T21:34:07.5699364Z [36;1m  --build-file Toolchain/build.zig[0m
2026-09-11T21:34:07.5700447Z [36;1m[0m
2026-09-11T21:34:07.5700812Z [36;1msilex="$RUNNER_TEMP/silex-prefix/bin/silex"[0m
2026-09-11T21:34:07.5701156Z [36;1m"$silex" setup[0m
2026-09-11T21:34:07.5701525Z [36;1mmanaged_zig="$HOME/.silex/toolchain/zig/0.16.0/linux-arm64/zig"[0m
2026-09-11T21:34:07.5701920Z [36;1mtest -x "$managed_zig"[0m
2026-09-11T21:34:07.5702272Z [36;1mfile "$managed_zig" | grep -E 'ELF 64-bit.*(ARM aarch64|ARM64)'[0m
2026-09-11T21:34:07.5702661Z [36;1m[0m
2026-09-11T21:34:07.5703000Z [36;1msource="$GITHUB_WORKSPACE/Tests/Native/NativePortability.sx"[0m
2026-09-11T21:34:07.5703794Z [36;1m"$silex" interpret "$source" > "$RUNNER_TEMP/interpreted.txt"[0m
2026-09-11T21:34:07.5704594Z [36;1m"$silex" compile "$source" --debug -o "$RUNNER_TEMP/native-debug"[0m
2026-09-11T21:34:07.5705064Z [36;1m"$RUNNER_TEMP/native-debug" > "$RUNNER_TEMP/debug.txt"[0m
2026-09-11T21:34:07.5705565Z [36;1mcmp "$RUNNER_TEMP/interpreted.txt" "$RUNNER_TEMP/debug.txt"[0m
2026-09-11T21:34:07.5706071Z [36;1m"$silex" compile "$source" --release -o "$RUNNER_TEMP/native-release"[0m
2026-09-11T21:34:07.5706587Z [36;1m"$RUNNER_TEMP/native-release" > "$RUNNER_TEMP/release.txt"[0m
2026-09-11T21:34:07.5707063Z [36;1mcmp "$RUNNER_TEMP/interpreted.txt" "$RUNNER_TEMP/release.txt"[0m
2026-09-11T21:34:07.5707571Z [36;1mfile "$RUNNER_TEMP/native-release" | grep -E 'ELF 64-bit.*(ARM aarch64|ARM64)'[0m
2026-09-11T21:34:07.5708146Z [36;1mreadelf -h "$RUNNER_TEMP/native-release" | grep -E 'Machine:.*AArch64'[0m
2026-09-11T21:34:07.5708558Z [36;1m[0m
2026-09-11T21:34:07.5708878Z [36;1m"$silex" run "$GITHUB_WORKSPACE/Tests/Native/DistributionSmoke.sx" --debug[0m
2026-09-11T21:34:07.5709332Z [36;1m"$silex" test "$source"[0m
2026-09-11T21:34:07.5709812Z [36;1m[0m
2026-09-11T21:34:07.5710230Z [36;1m"$managed_zig" cc -target aarch64-linux-gnu -O2 -c "$boundary/provider.c" \[0m
2026-09-11T21:34:07.5710705Z [36;1m  -o "$boundary/Boundary/linux-arm64/provider.o"[0m
2026-09-11T21:34:07.5711134Z [36;1m"$managed_zig" ar rcs "$boundary/Boundary/linux-arm64/libProvider.a" \[0m
2026-09-11T21:34:07.5711595Z [36;1m  "$boundary/Boundary/linux-arm64/provider.o"[0m
2026-09-11T21:34:07.5711951Z [36;1m"$silex" test "$boundary/Tests/Boundary.sx"[0m
2026-09-11T21:34:07.5712355Z [36;1m"$silex" compile "$boundary/Tests/Boundary.sx" --release \[0m
2026-09-11T21:34:07.5712749Z [36;1m  -o "$RUNNER_TEMP/boundary"[0m
2026-09-11T21:34:07.5713126Z [36;1mtest "$("$RUNNER_TEMP/boundary")" = "linux arm64 boundary ready"[0m
2026-09-11T21:34:07.5713512Z [36;1m[0m
2026-09-11T21:34:07.5713894Z [36;1m# Compile the exact standalone witness without the optimizer package's STD graph.[0m
2026-09-11T21:34:07.5714422Z [36;1mscalar_root="$RUNNER_TEMP/scalar-float-fixture"[0m
2026-09-11T21:34:07.5714789Z [36;1mmkdir -p "$scalar_root"[0m
2026-09-11T21:34:07.5715385Z [36;1mprintf '%s\n' '{"sources":"."}' > "$scalar_root/Package.json"[0m
2026-09-11T21:34:07.5715881Z [36;1mscalar_fixture="$scalar_root/ScalarFloatResidence.sx"[0m
2026-09-11T21:34:07.5716511Z [36;1mcp "$GITHUB_WORKSPACE/Toolchain/Benchmarks/Optimizer/Regressions/ScalarFloatResidence.sx" "$scalar_fixture"[0m
2026-09-11T21:34:07.5717104Z [36;1mfor mode in debug release; do[0m
2026-09-11T21:34:07.5717455Z [36;1m  "$silex" compile "$scalar_fixture" "--$mode" --nocache \[0m
2026-09-11T21:34:07.5717858Z [36;1m    -o "$RUNNER_TEMP/scalar-float-residence-$mode"[0m
2026-09-11T21:34:07.5718298Z [36;1m  scalar_output=$("$RUNNER_TEMP/scalar-float-residence-$mode")[0m
2026-09-11T21:34:07.5718731Z [36;1m  test "$(printf '%s\n' "$scalar_output" | wc -l)" -eq 9[0m
2026-09-11T21:34:07.5719219Z [36;1m  test "$(printf '%s\n' "$scalar_output" | grep -c '^true$')" -eq 9[0m
2026-09-11T21:34:07.5719890Z [36;1mdone[0m
2026-09-11T21:34:07.5720173Z [36;1mbranch_fixture="$scalar_root/BranchComparisons.sx"[0m
2026-09-11T21:34:07.5720823Z [36;1mcp "$GITHUB_WORKSPACE/Toolchain/Benchmarks/Optimizer/Regressions/BranchComparisons.sx" "$branch_fixture"[0m
2026-09-11T21:34:07.5721369Z [36;1mfor mode in debug release; do[0m
2026-09-11T21:34:07.5721731Z [36;1m  "$silex" compile "$branch_fixture" "--$mode" --nocache \[0m
2026-09-11T21:34:07.5722155Z [36;1m    -o "$RUNNER_TEMP/branch-comparisons-$mode"[0m
2026-09-11T21:34:07.5722547Z [36;1m  test "$("$RUNNER_TEMP/branch-comparisons-$mode")" = "true"[0m
2026-09-11T21:34:07.5722930Z [36;1mdone[0m
2026-09-11T21:34:07.5723239Z [36;1msnapshot_fixture="$scalar_root/BranchSnapshots.sx"[0m
2026-09-11T21:34:07.5723941Z [36;1mcp "$GITHUB_WORKSPACE/Toolchain/Benchmarks/Optimizer/Regressions/BranchSnapshots.sx" "$snapshot_fixture"[0m
2026-09-11T21:34:07.5724759Z [36;1mfor mode in debug release; do[0m
2026-09-11T21:34:07.5725111Z [36;1m  "$silex" compile "$snapshot_fixture" "--$mode" --nocache \[0m
2026-09-11T21:34:07.5725547Z [36;1m    -o "$RUNNER_TEMP/branch-snapshots-$mode"[0m
2026-09-11T21:34:07.5725967Z [36;1m  snapshot_output=$("$RUNNER_TEMP/branch-snapshots-$mode")[0m
2026-09-11T21:34:07.5726385Z [36;1m  test "$(printf '%s\n' "$snapshot_output" | wc -l)" -eq 8[0m
2026-09-11T21:34:07.5726850Z [36;1m  test "$(printf '%s\n' "$snapshot_output" | grep -c '^true$')" -eq 8[0m
2026-09-11T21:34:07.5727216Z [36;1mdone[0m
2026-09-11T21:34:07.5727506Z [36;1mloop_exit_fixture="$scalar_root/LoopExitResidence.sx"[0m
2026-09-11T21:34:07.5728140Z [36;1mcp "$GITHUB_WORKSPACE/Toolchain/Benchmarks/Optimizer/Regressions/LoopExitResidence.sx" "$loop_exit_fixture"[0m
2026-09-11T21:34:07.5728707Z [36;1mfor mode in debug release; do[0m
2026-09-11T21:34:07.5729090Z [36;1m  "$silex" compile "$loop_exit_fixture" "--$mode" --nocache \[0m
2026-09-11T21:34:07.5729760Z [36;1m    -o "$RUNNER_TEMP/loop-exit-residence-$mode"[0m
2026-09-11T21:34:07.5730216Z [36;1m  loop_exit_output=$("$RUNNER_TEMP/loop-exit-residence-$mode")[0m
2026-09-11T21:34:07.5730752Z [36;1m  test "$(printf '%s\n' "$loop_exit_output" | wc -l)" -eq 5[0m
2026-09-11T21:34:07.5731203Z [36;1m  test "$(printf '%s\n' "$loop_exit_output" | grep -c '^true$')" -eq 5[0m
2026-09-11T21:34:07.5731621Z [36;1mdone[0m
2026-09-11T21:34:07.5787571Z shell: /usr/bin/bash --noprofile --norc -e -o pipefail {0}
2026-09-11T21:34:07.5788008Z ##[endgroup]
2026-09-11T21:37:57.2022385Z silex: installed Shadercross for linux-arm64
2026-09-11T21:38:17.6449967Z silex: installed Native linker for linux-arm64
2026-09-11T21:38:17.6583207Z /home/runner/work/_temp/home/.silex/toolchain/zig/0.16.0/linux-arm64/zig: ELF 64-bit LSB executable, ARM aarch64, version 1 (SYSV), statically linked, stripped
2026-09-11T21:38:17.8283318Z /home/runner/work/_temp/native-release: ELF 64-bit LSB executable, ARM aarch64, version 1 (SYSV), statically linked, no section header
2026-09-11T21:38:17.8328276Z   Machine:                           AArch64
2026-09-11T21:38:17.8712708Z silex distribution ready
2026-09-11T21:38:31.7383835Z ok - execute direct indirect and dynamic calls beyond native registers
2026-09-11T21:38:31.7573214Z ok - preserve paired float32 arithmetic on native
2026-09-11T21:38:31.7765948Z ok - mutate a class-owned native list without changing its snapshot
2026-09-11T21:38:31.7968644Z ok - replace class elements in a class-owned native list
2026-09-11T21:38:31.8174793Z ok - preserve embedded byte contents on native
2026-09-11T21:38:31.8389810Z ok - format native floats through the standalone runtime
2026-09-11T21:38:31.8601615Z ok - convert native float precision in both directions
2026-09-11T21:38:31.8818136Z ok - replace and preserve an aliased native list
2026-09-11T21:38:31.9040389Z ok - swap and reverse a native list
2026-09-11T21:38:31.9269108Z ok - grow a native list at every position
2026-09-11T21:38:31.9501647Z ok - remove native list elements from every position
2026-09-11T21:38:31.9735525Z ok - slice view mutate and clear native lists
2026-09-11T21:38:31.9973922Z ok - mutable aggregate view detaches shared native list
2026-09-11T21:38:32.0223017Z copy state drop
2026-09-11T21:38:32.0223799Z copy state drop
2026-09-11T21:38:32.0224145Z ok - deep-copy repeated native class roots without collections
2026-09-11T21:38:32.0476552Z native cycle drop
2026-09-11T21:38:32.0476946Z native cycle drop
2026-09-11T21:38:32.0477394Z ok - finalize a direct native class cycle
2026-09-11T21:38:32.0733074Z native cycle drop
2026-09-11T21:38:32.0733447Z native cycle drop
2026-09-11T21:38:32.0734057Z ok - finalize a native class cycle through lists
2026-09-11T21:38:32.0994014Z native cycle drop
2026-09-11T21:38:32.0994556Z native cycle drop
2026-09-11T21:38:32.0994947Z ok - finalize a native class cycle through protocols
2026-09-11T21:38:32.1260991Z ok - execute the complete native collection mutation slice
2026-09-11T21:38:32.1538453Z copy state drop
2026-09-11T21:38:32.1538818Z copy state drop
2026-09-11T21:38:32.1539293Z ok - execute native ownership and deep-copy runtime
2026-09-11T21:38:32.1817883Z ok - preserve resource aggregates across native list growth
2026-09-11T21:38:32.2099380Z ok - serialize native mutations with mutex
2026-09-11T21:38:32.2389520Z native cycle drop
2026-09-11T21:38:32.2390157Z native cycle drop
2026-09-11T21:38:32.2390398Z native cycle drop
2026-09-11T21:38:32.2390621Z native cycle drop
2026-09-11T21:38:32.2390919Z native cycle drop
2026-09-11T21:38:32.2391140Z native cycle drop
2026-09-11T21:38:32.2391576Z ok - finalize native cycles across direct collection and protocol edges
2026-09-11T21:38:32.2461285Z 22 passed; 0 failed
2026-09-11T21:38:32.3094468Z ok - call a Linux ARM64 Boundary through AAPCS64
2026-09-11T21:38:32.3095082Z 1 passed; 0 failed
2026-09-11T21:38:33.3601355Z Post job cleanup.
2026-09-11T21:38:33.4370133Z [command]/usr/bin/git version
2026-09-11T21:38:33.4410406Z git version 2.55.0
2026-09-11T21:38:33.4455117Z Temporarily overriding HOME='/home/runner/work/_temp/1d1af28e-7ce4-498a-94de-a13277c59a08' before making global git config changes
2026-09-11T21:38:33.4457729Z Adding repository directory to the temporary git global config as a safe directory
2026-09-11T21:38:33.4458350Z [command]/usr/bin/git config --global --add safe.directory /home/runner/work/Silex/Silex
2026-09-11T21:38:33.4495105Z Removing SSH command configuration
2026-09-11T21:38:33.4502682Z [command]/usr/bin/git config --local --name-only --get-regexp core\.sshCommand
2026-09-11T21:38:33.4539137Z [command]/usr/bin/git submodule foreach --recursive sh -c "git config --local --name-only --get-regexp 'core\.sshCommand' && git config --local --unset-all 'core.sshCommand' || :"
2026-09-11T21:38:33.4753795Z Removing HTTP extra header
2026-09-11T21:38:33.4759628Z [command]/usr/bin/git config --local --name-only --get-regexp http\.https\:\/\/github\.com\/\.extraheader
2026-09-11T21:38:33.4819749Z [command]/usr/bin/git submodule foreach --recursive sh -c "git config --local --name-only --get-regexp 'http\.https\:\/\/github\.com\/\.extraheader' && git config --local --unset-all 'http.https://github.com/.extraheader' || :"
2026-09-11T21:38:33.5055154Z Removing includeIf entries pointing to credentials config files
2026-09-11T21:38:33.5061692Z [command]/usr/bin/git config --local --name-only --get-regexp ^includeIf\.gitdir:
2026-09-11T21:38:33.5094651Z includeif.gitdir:/home/runner/work/Silex/Silex/.git.path
2026-09-11T21:38:33.5095818Z includeif.gitdir:/home/runner/work/Silex/Silex/.git/worktrees/*.path
2026-09-11T21:38:33.5096287Z includeif.gitdir:/github/workspace/.git.path
2026-09-11T21:38:33.5096809Z includeif.gitdir:/github/workspace/.git/worktrees/*.path
2026-09-11T21:38:33.5107291Z [command]/usr/bin/git config --local --get-all includeif.gitdir:/home/runner/work/Silex/Silex/.git.path
2026-09-11T21:38:33.5136813Z /home/runner/work/_temp/git-credentials-adaffc64-a1a5-45ee-b23b-8e8bfa6d6cce.config
2026-09-11T21:38:33.5149206Z [command]/usr/bin/git config --local --unset includeif.gitdir:/home/runner/work/Silex/Silex/.git.path /home/runner/work/_temp/git-credentials-adaffc64-a1a5-45ee-b23b-8e8bfa6d6cce.config
2026-09-11T21:38:33.5190497Z [command]/usr/bin/git config --local --get-all includeif.gitdir:/home/runner/work/Silex/Silex/.git/worktrees/*.path
2026-09-11T21:38:33.5218164Z /home/runner/work/_temp/git-credentials-adaffc64-a1a5-45ee-b23b-8e8bfa6d6cce.config
2026-09-11T21:38:33.5229363Z [command]/usr/bin/git config --local --unset includeif.gitdir:/home/runner/work/Silex/Silex/.git/worktrees/*.path /home/runner/work/_temp/git-credentials-adaffc64-a1a5-45ee-b23b-8e8bfa6d6cce.config
2026-09-11T21:38:33.5270282Z [command]/usr/bin/git config --local --get-all includeif.gitdir:/github/workspace/.git.path
2026-09-11T21:38:33.5296256Z /github/runner_temp/git-credentials-adaffc64-a1a5-45ee-b23b-8e8bfa6d6cce.config
2026-09-11T21:38:33.5304422Z [command]/usr/bin/git config --local --unset includeif.gitdir:/github/workspace/.git.path /github/runner_temp/git-credentials-adaffc64-a1a5-45ee-b23b-8e8bfa6d6cce.config
2026-09-11T21:38:33.5341515Z [command]/usr/bin/git config --local --get-all includeif.gitdir:/github/workspace/.git/worktrees/*.path
2026-09-11T21:38:33.5369337Z /github/runner_temp/git-credentials-adaffc64-a1a5-45ee-b23b-8e8bfa6d6cce.config
2026-09-11T21:38:33.5378459Z [command]/usr/bin/git config --local --unset includeif.gitdir:/github/workspace/.git/worktrees/*.path /github/runner_temp/git-credentials-adaffc64-a1a5-45ee-b23b-8e8bfa6d6cce.config
2026-09-11T21:38:33.5421268Z [command]/usr/bin/git submodule foreach --recursive git config --local --show-origin --name-only --get-regexp remote.origin.url
2026-09-11T21:38:33.5645943Z Removing credentials config '/home/runner/work/_temp/git-credentials-adaffc64-a1a5-45ee-b23b-8e8bfa6d6cce.config'
2026-09-11T21:38:33.5812021Z Cleaning up orphan processes

