2026-09-11T21:33:28.5869490Z Current runner version: '2.337.0'
2026-09-11T21:33:28.5904250Z ##[group]Runner Image Provisioner
2026-09-11T21:33:28.5905300Z Hosted Compute Agent
2026-09-11T21:33:28.5906010Z Version: 20260819.586
2026-09-11T21:33:28.5906800Z Commit: 3cc4a88dfa507ef76119ad1bb3eccc6378bb2b76
2026-09-11T21:33:28.5907750Z Build Date: 2026-08-18T23:20:18Z
2026-09-11T21:33:28.5908600Z Worker ID: {bf01775f-611f-42c0-860d-c8b231016d8f}
2026-09-11T21:33:28.5909530Z Azure Region: westus
2026-09-11T21:33:28.5910220Z ##[endgroup]
2026-09-11T21:33:28.5912310Z ##[group]Operating System
2026-09-11T21:33:28.5913080Z macOS
2026-09-11T21:33:28.5913670Z 15.7.9
2026-09-11T21:33:28.5914270Z 24G830
2026-09-11T21:33:28.5914900Z ##[endgroup]
2026-09-11T21:33:28.5915870Z ##[group]Runner Image
2026-09-11T21:33:28.5916640Z Image: macos-15
2026-09-11T21:33:28.5917520Z Version: 20260824.0482.1
2026-09-11T21:33:28.5919290Z Included Software: https://github.com/actions/runner-images/blob/macos-15/20260824.0482/images/macos/macos-15-Readme.md
2026-09-11T21:33:28.5921490Z Image Release: https://github.com/actions/runner-images/releases/tag/macos-15%2F20260824.0482
2026-09-11T21:33:28.5922870Z ##[endgroup]
2026-09-11T21:33:28.5924640Z ##[group]GITHUB_TOKEN Permissions
2026-09-11T21:33:28.5928190Z Contents: read
2026-09-11T21:33:28.5928910Z Metadata: read
2026-09-11T21:33:28.5929590Z ##[endgroup]
2026-09-11T21:33:28.5932250Z Secret source: Actions
2026-09-11T21:33:28.5933390Z Cache mode: write
2026-09-11T21:33:28.5935420Z Prepare workflow directory
2026-09-11T21:33:28.6428190Z Prepare all required actions
2026-09-11T21:33:28.6496270Z Getting action download info
2026-09-11T21:33:28.8109540Z Download action repository 'actions/checkout@v6' (SHA:d23441a48e516b6c34aea4fa41551a30e30af803)
2026-09-11T21:33:29.3861030Z Complete job name: macos-x64
2026-09-11T21:33:29.4877520Z ##[group]Run actions/checkout@v6
2026-09-11T21:33:29.4878940Z with:
2026-09-11T21:33:29.4879650Z   repository: Matanek/Silex
2026-09-11T21:33:29.4886180Z   token: ***
2026-09-11T21:33:29.4886900Z   ssh-strict: true
2026-09-11T21:33:29.4887600Z   ssh-user: git
2026-09-11T21:33:29.4888320Z   persist-credentials: true
2026-09-11T21:33:29.4889120Z   clean: true
2026-09-11T21:33:29.4889820Z   sparse-checkout-cone-mode: true
2026-09-11T21:33:29.4890690Z   fetch-depth: 1
2026-09-11T21:33:29.4891390Z   fetch-tags: false
2026-09-11T21:33:29.4892120Z   show-progress: true
2026-09-11T21:33:29.4892860Z   lfs: false
2026-09-11T21:33:29.4893540Z   submodules: false
2026-09-11T21:33:29.4894300Z   set-safe-directory: true
2026-09-11T21:33:29.4895130Z   allow-unsafe-pr-checkout: false
2026-09-11T21:33:29.4897080Z ##[endgroup]
2026-09-11T21:33:29.8465040Z Syncing repository: Matanek/Silex
2026-09-11T21:33:29.8467970Z ##[group]Getting Git version info
2026-09-11T21:33:29.8469210Z Working directory is '/Users/runner/work/Silex/Silex'
2026-09-11T21:33:29.8470840Z [command]/usr/local/bin/git version
2026-09-11T21:33:29.8846120Z git version 2.55.0
2026-09-11T21:33:29.8880160Z ##[endgroup]
2026-09-11T21:33:29.8896000Z Copying '/Users/runner/.gitconfig' to '/Users/runner/work/_temp/32706cd4-44e0-44f4-bbdb-37cbd8c86b07/.gitconfig'
2026-09-11T21:33:29.8915400Z Temporarily overriding HOME='/Users/runner/work/_temp/32706cd4-44e0-44f4-bbdb-37cbd8c86b07' before making global git config changes
2026-09-11T21:33:29.8918960Z Adding repository directory to the temporary git global config as a safe directory
2026-09-11T21:33:29.8925320Z [command]/usr/local/bin/git config --global --add safe.directory /Users/runner/work/Silex/Silex
2026-09-11T21:33:29.9085270Z Deleting the contents of '/Users/runner/work/Silex/Silex'
2026-09-11T21:33:29.9095550Z ##[group]Determining repository object format
2026-09-11T21:33:29.9098700Z ##[endgroup]
2026-09-11T21:33:29.9105330Z ##[group]Initializing the repository
2026-09-11T21:33:29.9122920Z [command]/usr/local/bin/git init /Users/runner/work/Silex/Silex
2026-09-11T21:33:29.9478460Z hint: Using 'master' as the name for the initial branch. This default branch name
2026-09-11T21:33:29.9480410Z hint: will change to "main" in Git 3.0. To configure the initial branch name
2026-09-11T21:33:29.9483070Z hint: to use in all of your new repositories, which will suppress this warning,
2026-09-11T21:33:29.9484350Z hint: call:
2026-09-11T21:33:29.9485120Z hint:
2026-09-11T21:33:29.9486080Z hint: 	git config --global init.defaultBranch <name>
2026-09-11T21:33:29.9487560Z hint:
2026-09-11T21:33:29.9488520Z hint: Names commonly chosen instead of 'master' are 'main', 'trunk' and
2026-09-11T21:33:29.9490100Z hint: 'development'. The just-created branch can be renamed via this command:
2026-09-11T21:33:29.9491300Z hint:
2026-09-11T21:33:29.9492140Z hint: 	git branch -m <name>
2026-09-11T21:33:29.9493010Z hint:
2026-09-11T21:33:29.9494320Z hint: Disable this message with "git config set advice.defaultBranchName false"
2026-09-11T21:33:29.9496100Z Initialized empty Git repository in /Users/runner/work/Silex/Silex/.git/
2026-09-11T21:33:29.9499040Z [command]/usr/local/bin/git remote add origin https://github.com/Matanek/Silex
2026-09-11T21:33:29.9633000Z ##[endgroup]
2026-09-11T21:33:29.9634570Z ##[group]Disabling automatic garbage collection
2026-09-11T21:33:29.9638470Z [command]/usr/local/bin/git config --local gc.auto 0
2026-09-11T21:33:29.9755060Z ##[endgroup]
2026-09-11T21:33:29.9756670Z ##[group]Setting up auth
2026-09-11T21:33:29.9758100Z Removing SSH command configuration
2026-09-11T21:33:29.9765300Z [command]/usr/local/bin/git config --local --name-only --get-regexp core\.sshCommand
2026-09-11T21:33:29.9898220Z [command]/usr/local/bin/git submodule foreach --recursive sh -c "git config --local --name-only --get-regexp 'core\.sshCommand' && git config --local --unset-all 'core.sshCommand' || :"
2026-09-11T21:33:30.1845720Z Removing HTTP extra header
2026-09-11T21:33:30.1853700Z [command]/usr/local/bin/git config --local --name-only --get-regexp http\.https\:\/\/github\.com\/\.extraheader
2026-09-11T21:33:30.1964210Z [command]/usr/local/bin/git submodule foreach --recursive sh -c "git config --local --name-only --get-regexp 'http\.https\:\/\/github\.com\/\.extraheader' && git config --local --unset-all 'http.https://github.com/.extraheader' || :"
2026-09-11T21:33:30.3522880Z Removing includeIf entries pointing to credentials config files
2026-09-11T21:33:30.3526250Z [command]/usr/local/bin/git config --local --name-only --get-regexp ^includeIf\.gitdir:
2026-09-11T21:33:30.3532830Z [command]/usr/local/bin/git submodule foreach --recursive git config --local --show-origin --name-only --get-regexp remote.origin.url
2026-09-11T21:33:30.5305130Z [command]/usr/local/bin/git config --file /Users/runner/work/_temp/git-credentials-d73b6087-763c-4841-a67d-af430f429cc4.config http.https://github.com/.extraheader AUTHORIZATION: basic ***
2026-09-11T21:33:30.5433410Z [command]/usr/local/bin/git config --local includeIf.gitdir:/Users/runner/work/Silex/Silex/.git.path /Users/runner/work/_temp/git-credentials-d73b6087-763c-4841-a67d-af430f429cc4.config
2026-09-11T21:33:30.5535840Z [command]/usr/local/bin/git config --local includeIf.gitdir:/Users/runner/work/Silex/Silex/.git/worktrees/*.path /Users/runner/work/_temp/git-credentials-d73b6087-763c-4841-a67d-af430f429cc4.config
2026-09-11T21:33:30.5644410Z [command]/usr/local/bin/git config --local includeIf.gitdir:/github/workspace/.git.path /github/runner_temp/git-credentials-d73b6087-763c-4841-a67d-af430f429cc4.config
2026-09-11T21:33:30.5751710Z [command]/usr/local/bin/git config --local includeIf.gitdir:/github/workspace/.git/worktrees/*.path /github/runner_temp/git-credentials-d73b6087-763c-4841-a67d-af430f429cc4.config
2026-09-11T21:33:30.5861610Z ##[endgroup]
2026-09-11T21:33:30.5863850Z ##[group]Fetching the repository
2026-09-11T21:33:30.5873250Z [command]/usr/local/bin/git -c protocol.version=2 fetch --no-tags --prune --no-recurse-submodules --depth=1 origin +225ba12f8d8b4f2e434c0ae18bd0b6269c909373:refs/remotes/origin/spec-silex-optimization-parity-completion
2026-09-11T21:33:32.3734970Z From https://github.com/Matanek/Silex
2026-09-11T21:33:32.3736860Z  * [new ref]         225ba12f8d8b4f2e434c0ae18bd0b6269c909373 -> origin/spec-silex-optimization-parity-completion
2026-09-11T21:33:32.3753020Z [command]/usr/local/bin/git branch --list --remote origin/spec-silex-optimization-parity-completion
2026-09-11T21:33:32.3872520Z   origin/spec-silex-optimization-parity-completion
2026-09-11T21:33:32.3886220Z [command]/usr/local/bin/git rev-parse refs/remotes/origin/spec-silex-optimization-parity-completion
2026-09-11T21:33:32.3982140Z 225ba12f8d8b4f2e434c0ae18bd0b6269c909373
2026-09-11T21:33:32.3988520Z ##[endgroup]
2026-09-11T21:33:32.3989610Z ##[group]Determining the checkout info
2026-09-11T21:33:32.3990690Z ##[endgroup]
2026-09-11T21:33:32.3997760Z [command]/usr/local/bin/git sparse-checkout disable
2026-09-11T21:33:32.4149870Z [command]/usr/local/bin/git config --local --unset-all extensions.worktreeConfig
2026-09-11T21:33:32.4261830Z ##[group]Checking out the ref
2026-09-11T21:33:32.4268330Z [command]/usr/local/bin/git checkout --progress --force -B spec-silex-optimization-parity-completion refs/remotes/origin/spec-silex-optimization-parity-completion
2026-09-11T21:33:33.7554330Z Updating files:  80% (1251/1563)
2026-09-11T21:33:33.7615880Z Updating files:  81% (1267/1563)
2026-09-11T21:33:33.8621660Z Updating files:  82% (1282/1563)
2026-09-11T21:33:33.9416390Z Updating files:  83% (1298/1563)
2026-09-11T21:33:33.9524040Z Updating files:  84% (1313/1563)
2026-09-11T21:33:33.9548750Z Updating files:  85% (1329/1563)
2026-09-11T21:33:33.9558410Z Updating files:  86% (1345/1563)
2026-09-11T21:33:33.9644130Z Updating files:  87% (1360/1563)
2026-09-11T21:33:33.9651800Z Updating files:  88% (1376/1563)
2026-09-11T21:33:33.9701520Z Updating files:  89% (1392/1563)
2026-09-11T21:33:33.9702470Z Updating files:  90% (1407/1563)
2026-09-11T21:33:33.9703510Z Updating files:  91% (1423/1563)
2026-09-11T21:33:33.9756870Z Updating files:  92% (1438/1563)
2026-09-11T21:33:33.9758290Z Updating files:  93% (1454/1563)
2026-09-11T21:33:33.9758880Z Updating files:  94% (1470/1563)
2026-09-11T21:33:33.9808160Z Updating files:  95% (1485/1563)
2026-09-11T21:33:33.9809050Z Updating files:  96% (1501/1563)
2026-09-11T21:33:33.9809810Z Updating files:  97% (1517/1563)
2026-09-11T21:33:33.9810640Z Updating files:  98% (1532/1563)
2026-09-11T21:33:33.9811340Z Updating files:  99% (1548/1563)
2026-09-11T21:33:33.9812020Z Updating files: 100% (1563/1563)
2026-09-11T21:33:33.9812770Z Updating files: 100% (1563/1563), done.
2026-09-11T21:33:33.9814310Z Switched to a new branch 'spec-silex-optimization-parity-completion'
2026-09-11T21:33:33.9815820Z branch 'spec-silex-optimization-parity-completion' set up to track 'origin/spec-silex-optimization-parity-completion'.
2026-09-11T21:33:33.9819550Z ##[endgroup]
2026-09-11T21:33:33.9821190Z [command]/usr/local/bin/git log -1 --format=%H
2026-09-11T21:33:33.9822040Z 225ba12f8d8b4f2e434c0ae18bd0b6269c909373
2026-09-11T21:33:34.0165780Z ##[group]Run set -euo pipefail
2026-09-11T21:33:34.0166560Z [36;1mset -euo pipefail[0m
2026-09-11T21:33:34.0167060Z [36;1marchive="$RUNNER_TEMP/zig.tar.xz"[0m
2026-09-11T21:33:34.0168060Z [36;1mcurl -fL https://ziglang.org/download/0.16.0/zig-x86_64-macos-0.16.0.tar.xz -o "$archive"[0m
2026-09-11T21:33:34.0169610Z [36;1mecho "0387557ed1877bc6a2e1802c8391953baddba76081876301c522f52977b52ba7  $archive" | shasum -a 256 -c -[0m
2026-09-11T21:33:34.0171100Z [36;1mtar -xJf "$archive" -C "$RUNNER_TEMP"[0m
2026-09-11T21:33:34.0171940Z [36;1mecho "$RUNNER_TEMP/zig-x86_64-macos-0.16.0" >> "$GITHUB_PATH"[0m
2026-09-11T21:33:34.0294850Z shell: /bin/bash --noprofile --norc -e -o pipefail {0}
2026-09-11T21:33:34.0297390Z ##[endgroup]
2026-09-11T21:33:34.3664780Z   % Total    % Received % Xferd  Average Speed  Time    Time    Time   Current
2026-09-11T21:33:34.3666040Z                                  Dload  Upload  Total   Spent   Left   Speed
2026-09-11T21:33:34.3666580Z 
2026-09-11T21:33:35.4038730Z   0      0   0      0   0      0      0      0                              0
2026-09-11T21:33:36.4212500Z   6 54.73M   6  3.43M   0      0  2.63M      0   00:20   00:01   00:19  3.31M
2026-09-11T21:33:37.2088260Z  57 54.73M  57 31.68M   0      0 13.65M      0   00:04   00:02   00:02 15.42M
2026-09-11T21:33:37.2129510Z 100 54.73M 100 54.73M   0      0 17.61M      0   00:03   00:03         15.42M
2026-09-11T21:33:37.2153610Z 100 54.73M 100 54.73M   0      0 17.61M      0   00:03   00:03         15.42M
2026-09-11T21:33:37.2162130Z 100 54.73M 100 54.73M   0      0 17.61M      0   00:03   00:03         15.42M
2026-09-11T21:33:37.5847800Z /Users/runner/work/_temp/zig.tar.xz: OK
2026-09-11T21:33:50.2424220Z ##[group]Run set -euo pipefail
2026-09-11T21:33:50.2425160Z [36;1mset -euo pipefail[0m
2026-09-11T21:33:50.2425720Z [36;1mtest "$(uname -m)" = "x86_64"[0m
2026-09-11T21:33:50.2426380Z [36;1mexport HOME="$RUNNER_TEMP/home"[0m
2026-09-11T21:33:50.2427200Z [36;1mmkdir -p "$HOME"[0m
2026-09-11T21:33:50.2427890Z [36;1mzig build -Doptimize=ReleaseFast -Dcpu=baseline \[0m
2026-09-11T21:33:50.2428720Z [36;1m  --prefix "$RUNNER_TEMP/silex-prefix" \[0m
2026-09-11T21:33:50.2429500Z [36;1m  --build-file Toolchain/build.zig[0m
2026-09-11T21:33:50.2430230Z [36;1msilex="$RUNNER_TEMP/silex-prefix/bin/silex"[0m
2026-09-11T21:33:50.2430970Z [36;1m"$silex" --version[0m
2026-09-11T21:33:50.2431580Z [36;1m"$silex" targets | grep -F 'macos-x64'[0m
2026-09-11T21:33:50.2432270Z [36;1m"$silex" setup[0m
2026-09-11T21:33:50.2433130Z [36;1mshadercross="$HOME/.silex/toolchain/shadercross/3.0.0/macos-x64/bin/shadercross"[0m
2026-09-11T21:33:50.2434290Z [36;1mfile "$shadercross" | grep -F 'x86_64'[0m
2026-09-11T21:33:50.2435020Z [36;1m"$shadercross" --help >/dev/null 2>&1[0m
2026-09-11T21:33:50.2436110Z [36;1mboundary_root="$GITHUB_WORKSPACE/Toolchain/Fixtures/MacOSX64Boundary/Boundary/macos-x64"[0m
2026-09-11T21:33:50.2437800Z [36;1mzig cc -target x86_64-macos -c "$boundary_root/Provider.c" -o "$boundary_root/Provider.o"[0m
2026-09-11T21:33:50.2439230Z [36;1mzig ar rcs "$boundary_root/libMacOSX64Boundary.a" "$boundary_root/Provider.o"[0m
2026-09-11T21:33:50.2440640Z [36;1mboundary_consumer="$GITHUB_WORKSPACE/Toolchain/Fixtures/MacOSX64BoundaryConsumer"[0m
2026-09-11T21:33:50.2442190Z [36;1m"$silex" link "$GITHUB_WORKSPACE/Toolchain/Fixtures/MacOSX64Boundary" \[0m
2026-09-11T21:33:50.2443260Z [36;1m  --workspace "$boundary_consumer" --target macos-x64[0m
2026-09-11T21:33:50.2444170Z [36;1m"$silex" packages resolve "$boundary_consumer"[0m
2026-09-11T21:33:50.2445000Z [36;1m"$silex" compile "$boundary_consumer/Main.sx" \[0m
2026-09-11T21:33:50.2445860Z [36;1m  --release -o "$RUNNER_TEMP/macos-x64-boundary"[0m
2026-09-11T21:33:50.2446880Z [36;1mtest "$("$RUNNER_TEMP/macos-x64-boundary")" = "macos x64 boundary ready"[0m
2026-09-11T21:33:50.2448090Z [36;1m"$silex" test "$GITHUB_WORKSPACE/Tests/Native/NativePortability.sx"[0m
2026-09-11T21:33:50.2449150Z [36;1mscalar_root="$RUNNER_TEMP/scalar-float-fixture"[0m
2026-09-11T21:33:50.2449910Z [36;1mmkdir -p "$scalar_root"[0m
2026-09-11T21:33:50.2450710Z [36;1mprintf '%s\n' '{"sources":"."}' > "$scalar_root/Package.json"[0m
2026-09-11T21:33:50.2451720Z [36;1msnapshot_fixture="$scalar_root/BranchSnapshots.sx"[0m
2026-09-11T21:33:50.2453100Z [36;1mcp "$GITHUB_WORKSPACE/Toolchain/Benchmarks/Optimizer/Regressions/BranchSnapshots.sx" "$snapshot_fixture"[0m
2026-09-11T21:33:50.2454400Z [36;1mfor mode in debug release; do[0m
2026-09-11T21:33:50.2455200Z [36;1m  "$silex" compile "$snapshot_fixture" "--$mode" --nocache \[0m
2026-09-11T21:33:50.2456130Z [36;1m    -o "$RUNNER_TEMP/branch-snapshots-$mode"[0m
2026-09-11T21:33:50.2457160Z [36;1m  snapshot_output=$("$RUNNER_TEMP/branch-snapshots-$mode")[0m
2026-09-11T21:33:50.2458200Z [36;1m  test "$(printf '%s\n' "$snapshot_output" | wc -l)" -eq 8[0m
2026-09-11T21:33:50.2459550Z [36;1m  test "$(printf '%s\n' "$snapshot_output" | grep -c '^true$')" -eq 8[0m
2026-09-11T21:33:50.2460370Z [36;1mdone[0m
2026-09-11T21:33:50.2460990Z [36;1mloop_exit_fixture="$scalar_root/LoopExitResidence.sx"[0m
2026-09-11T21:33:50.2462390Z [36;1mcp "$GITHUB_WORKSPACE/Toolchain/Benchmarks/Optimizer/Regressions/LoopExitResidence.sx" "$loop_exit_fixture"[0m
2026-09-11T21:33:50.2464570Z [36;1mfor mode in debug release; do[0m
2026-09-11T21:33:50.2465400Z [36;1m  "$silex" compile "$loop_exit_fixture" "--$mode" --nocache \[0m
2026-09-11T21:33:50.2466410Z [36;1m    -o "$RUNNER_TEMP/loop-exit-residence-$mode"[0m
2026-09-11T21:33:50.2467500Z [36;1m  loop_exit_output=$("$RUNNER_TEMP/loop-exit-residence-$mode")[0m
2026-09-11T21:33:50.2469170Z [36;1m  test "$(printf '%s\n' "$loop_exit_output" | wc -l)" -eq 5[0m
2026-09-11T21:33:50.2470160Z [36;1m  test "$(printf '%s\n' "$loop_exit_output" | grep -c '^true$')" -eq 5[0m
2026-09-11T21:33:50.2470980Z [36;1mdone[0m
2026-09-11T21:33:50.2471440Z [36;1mrun_distribution() {[0m
2026-09-11T21:33:50.2471990Z [36;1m  executable="$1"[0m
2026-09-11T21:33:50.2472700Z [36;1m  stderr="$RUNNER_TEMP/$(basename "$executable").stderr"[0m
2026-09-11T21:33:50.2473490Z [36;1m  set +e[0m
2026-09-11T21:33:50.2474000Z [36;1m  output=$("$executable" 2>"$stderr")[0m
2026-09-11T21:33:50.2474650Z [36;1m  status=$?[0m
2026-09-11T21:33:50.2475130Z [36;1m  set -e[0m
2026-09-11T21:33:50.2475620Z [36;1m  if [ "$status" -ne 0 ]; then[0m
2026-09-11T21:33:50.2476210Z [36;1m    cat "$stderr"[0m
2026-09-11T21:33:50.2476760Z [36;1m    lldb --batch -o 'run' \[0m
2026-09-11T21:33:50.2477370Z [36;1m      -k 'thread backtrace all' \[0m
2026-09-11T21:33:50.2477990Z [36;1m      -k 'register read' \[0m
2026-09-11T21:33:50.2478650Z [36;1m      -k 'image lookup -a $pc' \[0m
2026-09-11T21:33:50.2479320Z [36;1m      -k 'disassemble -p' \[0m
2026-09-11T21:33:50.2479940Z [36;1m      -- "$executable" || true[0m
2026-09-11T21:33:50.2480530Z [36;1m    return "$status"[0m
2026-09-11T21:33:50.2481050Z [36;1m  fi[0m
2026-09-11T21:33:50.2481590Z [36;1m  test "$output" = "silex distribution ready"[0m
2026-09-11T21:33:50.2483110Z [36;1m}[0m
2026-09-11T21:33:50.2484310Z [36;1mdistribution="$GITHUB_WORKSPACE/Tests/Native/DistributionSmoke.sx"[0m
2026-09-11T21:33:50.2485660Z [36;1m"$silex" compile "$distribution" \[0m
2026-09-11T21:33:50.2486470Z [36;1m  -o "$RUNNER_TEMP/distribution-smoke-debug"[0m
2026-09-11T21:33:50.2487330Z [36;1mrun_distribution "$RUNNER_TEMP/distribution-smoke-debug"[0m
2026-09-11T21:33:50.2488240Z [36;1m"$silex" compile "$distribution" \[0m
2026-09-11T21:33:50.2489070Z [36;1m  --release -o "$RUNNER_TEMP/distribution-smoke-release"[0m
2026-09-11T21:33:50.2490200Z [36;1mrun_distribution "$RUNNER_TEMP/distribution-smoke-release"[0m
2026-09-11T21:33:50.2491340Z [36;1mtest "$("$silex" run "$distribution" --release)" = "silex distribution ready"[0m
2026-09-11T21:33:50.2492570Z [36;1m"$silex" compile "$GITHUB_WORKSPACE/Tests/Native/NativePortability.sx" \[0m
2026-09-11T21:33:50.2493640Z [36;1m  --release -o "$RUNNER_TEMP/native-portability"[0m
2026-09-11T21:33:50.2494560Z [36;1mfile "$RUNNER_TEMP/native-portability" | grep -F 'x86_64'[0m
2026-09-11T21:33:50.2495590Z [36;1mportability_output=$("$RUNNER_TEMP/native-portability")[0m
2026-09-11T21:33:50.2496460Z [36;1mprintf '%s\n' "$portability_output"[0m
2026-09-11T21:33:50.2497520Z [36;1mcycle_drops=$(printf '%s\n' "$portability_output" | grep -c '^native cycle drop$')[0m
2026-09-11T21:33:50.2498690Z [36;1mtest "$cycle_drops" -eq 6[0m
2026-09-11T21:33:50.2579660Z shell: /bin/bash --noprofile --norc -e -o pipefail {0}
2026-09-11T21:33:50.2580510Z ##[endgroup]
2026-09-11T21:40:08.7219610Z silex 0.44.1
2026-09-11T21:40:08.7265280Z macos-x64 (host)
2026-09-11T21:40:09.9586310Z silex: installed Shadercross for macos-x64
2026-09-11T21:40:24.8138330Z silex: installed Native linker for macos-x64
2026-09-11T21:40:24.8280000Z /Users/runner/work/_temp/home/.silex/toolchain/shadercross/3.0.0/macos-x64/bin/shadercross: Mach-O universal binary with 2 architectures: [x86_64:Mach-O 64-bit executable x86_64] [arm64:Mach-O 64-bit executable arm64]
2026-09-11T21:40:24.8283010Z /Users/runner/work/_temp/home/.silex/toolchain/shadercross/3.0.0/macos-x64/bin/shadercross (for architecture x86_64):	Mach-O 64-bit executable x86_64
2026-09-11T21:40:25.1104010Z silex: linked MacOSX64Boundary@1.0.0 to /Users/runner/work/Silex/Silex/Toolchain/Fixtures/MacOSX64Boundary for this workspace
2026-09-11T21:40:25.1154110Z MacOSX64Boundary 1.0.0 workspace-link /Users/runner/work/Silex/Silex/Toolchain/Fixtures/MacOSX64Boundary
2026-09-11T21:40:37.7774860Z ok - execute direct indirect and dynamic calls beyond native registers
2026-09-11T21:40:37.8903860Z ok - preserve paired float32 arithmetic on native
2026-09-11T21:40:38.0016810Z ok - mutate a class-owned native list without changing its snapshot
2026-09-11T21:40:38.1234000Z ok - replace class elements in a class-owned native list
2026-09-11T21:40:38.2357350Z ok - preserve embedded byte contents on native
2026-09-11T21:40:38.3515010Z ok - format native floats through the standalone runtime
2026-09-11T21:40:38.4710760Z ok - convert native float precision in both directions
2026-09-11T21:40:38.5773010Z ok - replace and preserve an aliased native list
2026-09-11T21:40:38.6886820Z ok - swap and reverse a native list
2026-09-11T21:40:38.7960550Z ok - grow a native list at every position
2026-09-11T21:40:38.9070620Z ok - remove native list elements from every position
2026-09-11T21:40:39.0147230Z ok - slice view mutate and clear native lists
2026-09-11T21:40:39.1231240Z ok - mutable aggregate view detaches shared native list
2026-09-11T21:40:39.2314770Z copy state drop
2026-09-11T21:40:39.2315300Z copy state drop
2026-09-11T21:40:39.2315900Z ok - deep-copy repeated native class roots without collections
2026-09-11T21:40:39.3396310Z native cycle drop
2026-09-11T21:40:39.3397070Z native cycle drop
2026-09-11T21:40:39.3397800Z ok - finalize a direct native class cycle
2026-09-11T21:40:39.4478620Z native cycle drop
2026-09-11T21:40:39.4479360Z native cycle drop
2026-09-11T21:40:39.4479930Z ok - finalize a native class cycle through lists
2026-09-11T21:40:39.5582410Z native cycle drop
2026-09-11T21:40:39.5582880Z native cycle drop
2026-09-11T21:40:39.5583560Z ok - finalize a native class cycle through protocols
2026-09-11T21:40:39.6751420Z ok - execute the complete native collection mutation slice
2026-09-11T21:40:39.7808250Z copy state drop
2026-09-11T21:40:39.7808850Z copy state drop
2026-09-11T21:40:39.7809420Z ok - execute native ownership and deep-copy runtime
2026-09-11T21:40:39.8932210Z ok - preserve resource aggregates across native list growth
2026-09-11T21:40:40.0017740Z ok - serialize native mutations with mutex
2026-09-11T21:40:40.1185960Z native cycle drop
2026-09-11T21:40:40.1186480Z native cycle drop
2026-09-11T21:40:40.1186900Z native cycle drop
2026-09-11T21:40:40.1187320Z native cycle drop
2026-09-11T21:40:40.1187720Z native cycle drop
2026-09-11T21:40:40.1188150Z native cycle drop
2026-09-11T21:40:40.1188800Z ok - finalize native cycles across direct collection and protocol edges
2026-09-11T21:40:40.1189550Z 22 passed; 0 failed
2026-09-11T21:40:40.6563970Z /Users/runner/work/_temp/native-portability: Mach-O 64-bit executable x86_64
2026-09-11T21:40:40.6614210Z copy state drop
2026-09-11T21:40:40.6614710Z copy state drop
2026-09-11T21:40:40.6615140Z native cycle drop
2026-09-11T21:40:40.6615550Z native cycle drop
2026-09-11T21:40:40.6615960Z native cycle drop
2026-09-11T21:40:40.6616380Z native cycle drop
2026-09-11T21:40:40.6616790Z native cycle drop
2026-09-11T21:40:40.6617240Z native cycle drop
2026-09-11T21:40:40.6958300Z Post job cleanup.
2026-09-11T21:40:40.8440030Z [command]/usr/local/bin/git version
2026-09-11T21:40:40.8548120Z git version 2.55.0
2026-09-11T21:40:40.8588660Z Copying '/Users/runner/.gitconfig' to '/Users/runner/work/_temp/6df97fa2-c6fe-4877-812e-5161028ac520/.gitconfig'
2026-09-11T21:40:40.8603470Z Temporarily overriding HOME='/Users/runner/work/_temp/6df97fa2-c6fe-4877-812e-5161028ac520' before making global git config changes
2026-09-11T21:40:40.8605020Z Adding repository directory to the temporary git global config as a safe directory
2026-09-11T21:40:40.8610700Z [command]/usr/local/bin/git config --global --add safe.directory /Users/runner/work/Silex/Silex
2026-09-11T21:40:40.8709150Z Removing SSH command configuration
2026-09-11T21:40:40.8718670Z [command]/usr/local/bin/git config --local --name-only --get-regexp core\.sshCommand
2026-09-11T21:40:40.8826090Z [command]/usr/local/bin/git submodule foreach --recursive sh -c "git config --local --name-only --get-regexp 'core\.sshCommand' && git config --local --unset-all 'core.sshCommand' || :"
2026-09-11T21:40:41.0143100Z Removing HTTP extra header
2026-09-11T21:40:41.0150200Z [command]/usr/local/bin/git config --local --name-only --get-regexp http\.https\:\/\/github\.com\/\.extraheader
2026-09-11T21:40:41.0263180Z [command]/usr/local/bin/git submodule foreach --recursive sh -c "git config --local --name-only --get-regexp 'http\.https\:\/\/github\.com\/\.extraheader' && git config --local --unset-all 'http.https://github.com/.extraheader' || :"
2026-09-11T21:40:41.1561300Z Removing includeIf entries pointing to credentials config files
2026-09-11T21:40:41.1568940Z [command]/usr/local/bin/git config --local --name-only --get-regexp ^includeIf\.gitdir:
2026-09-11T21:40:41.1658700Z includeif.gitdir:/Users/runner/work/Silex/Silex/.git.path
2026-09-11T21:40:41.1659930Z includeif.gitdir:/Users/runner/work/Silex/Silex/.git/worktrees/*.path
2026-09-11T21:40:41.1661200Z includeif.gitdir:/github/workspace/.git.path
2026-09-11T21:40:41.1662720Z includeif.gitdir:/github/workspace/.git/worktrees/*.path
2026-09-11T21:40:41.1670730Z [command]/usr/local/bin/git config --local --get-all includeif.gitdir:/Users/runner/work/Silex/Silex/.git.path
2026-09-11T21:40:41.1768360Z /Users/runner/work/_temp/git-credentials-d73b6087-763c-4841-a67d-af430f429cc4.config
2026-09-11T21:40:41.1784410Z [command]/usr/local/bin/git config --local --unset includeif.gitdir:/Users/runner/work/Silex/Silex/.git.path /Users/runner/work/_temp/git-credentials-d73b6087-763c-4841-a67d-af430f429cc4.config
2026-09-11T21:40:41.1898850Z [command]/usr/local/bin/git config --local --get-all includeif.gitdir:/Users/runner/work/Silex/Silex/.git/worktrees/*.path
2026-09-11T21:40:41.2005910Z /Users/runner/work/_temp/git-credentials-d73b6087-763c-4841-a67d-af430f429cc4.config
2026-09-11T21:40:41.2024740Z [command]/usr/local/bin/git config --local --unset includeif.gitdir:/Users/runner/work/Silex/Silex/.git/worktrees/*.path /Users/runner/work/_temp/git-credentials-d73b6087-763c-4841-a67d-af430f429cc4.config
2026-09-11T21:40:41.3257510Z [command]/usr/local/bin/git config --local --get-all includeif.gitdir:/github/workspace/.git.path
2026-09-11T21:40:41.3939170Z /github/runner_temp/git-credentials-d73b6087-763c-4841-a67d-af430f429cc4.config
2026-09-11T21:40:41.4263180Z [command]/usr/local/bin/git config --local --unset includeif.gitdir:/github/workspace/.git.path /github/runner_temp/git-credentials-d73b6087-763c-4841-a67d-af430f429cc4.config
2026-09-11T21:40:41.4271100Z [command]/usr/local/bin/git config --local --get-all includeif.gitdir:/github/workspace/.git/worktrees/*.path
2026-09-11T21:40:41.4275070Z /github/runner_temp/git-credentials-d73b6087-763c-4841-a67d-af430f429cc4.config
2026-09-11T21:40:41.4283090Z [command]/usr/local/bin/git config --local --unset includeif.gitdir:/github/workspace/.git/worktrees/*.path /github/runner_temp/git-credentials-d73b6087-763c-4841-a67d-af430f429cc4.config
2026-09-11T21:40:41.4294530Z [command]/usr/local/bin/git submodule foreach --recursive git config --local --show-origin --name-only --get-regexp remote.origin.url
2026-09-11T21:40:41.5468300Z Removing credentials config '/Users/runner/work/_temp/git-credentials-d73b6087-763c-4841-a67d-af430f429cc4.config'
2026-09-11T21:40:41.5650850Z Cleaning up orphan processes

