2026-09-11T21:33:28.1551665Z Current runner version: '2.337.0'
2026-09-11T21:33:28.1585916Z ##[group]Runner Image Provisioner
2026-09-11T21:33:28.1587240Z Hosted Compute Agent
2026-09-11T21:33:28.1588359Z Version: 20260828.587
2026-09-11T21:33:28.1589330Z Commit: abac92662cab4cc7352de4f9f9d2e2419aad9c29
2026-09-11T21:33:28.1590480Z Build Date: 2026-08-28T16:44:25Z
2026-09-11T21:33:28.1591593Z Worker ID: {aa1b222c-5784-462f-a7d8-32bf5b866429}
2026-09-11T21:33:28.1592783Z Azure Region: eastus2
2026-09-11T21:33:28.1593672Z ##[endgroup]
2026-09-11T21:33:28.1595820Z ##[group]Operating System
2026-09-11T21:33:28.1596979Z Ubuntu
2026-09-11T21:33:28.1598087Z 24.04.5
2026-09-11T21:33:28.1598946Z LTS
2026-09-11T21:33:28.1599765Z ##[endgroup]
2026-09-11T21:33:28.1600606Z ##[group]Runner Image
2026-09-11T21:33:28.1601608Z Image: ubuntu-24.04
2026-09-11T21:33:28.1602513Z Version: 20260907.300.1
2026-09-11T21:33:28.1604636Z Included Software: https://github.com/actions/runner-images/blob/ubuntu24/20260907.300/images/ubuntu/Ubuntu2404-Readme.md
2026-09-11T21:33:28.1607250Z Image Release: https://github.com/actions/runner-images/releases/tag/ubuntu24%2F20260907.300
2026-09-11T21:33:28.1609045Z ##[endgroup]
2026-09-11T21:33:28.1610875Z ##[group]GITHUB_TOKEN Permissions
2026-09-11T21:33:28.1613976Z Contents: read
2026-09-11T21:33:28.1614905Z Metadata: read
2026-09-11T21:33:28.1615739Z ##[endgroup]
2026-09-11T21:33:28.1619151Z Secret source: Actions
2026-09-11T21:33:28.1620580Z Cache mode: write
2026-09-11T21:33:28.1621823Z Prepare workflow directory
2026-09-11T21:33:28.2098821Z Prepare all required actions
2026-09-11T21:33:28.2167436Z Getting action download info
2026-09-11T21:33:28.4429477Z Download action repository 'actions/checkout@v6' (SHA:d23441a48e516b6c34aea4fa41551a30e30af803)
2026-09-11T21:33:28.6850220Z Complete job name: linux-x64
2026-09-11T21:33:28.7626343Z ##[group]Run actions/checkout@v6
2026-09-11T21:33:28.7627230Z with:
2026-09-11T21:33:28.7628022Z   repository: Matanek/Silex
2026-09-11T21:33:28.7632080Z   token: ***
2026-09-11T21:33:28.7632576Z   ssh-strict: true
2026-09-11T21:33:28.7633027Z   ssh-user: git
2026-09-11T21:33:28.7633473Z   persist-credentials: true
2026-09-11T21:33:28.7633971Z   clean: true
2026-09-11T21:33:28.7634427Z   sparse-checkout-cone-mode: true
2026-09-11T21:33:28.7634952Z   fetch-depth: 1
2026-09-11T21:33:28.7635389Z   fetch-tags: false
2026-09-11T21:33:28.7635833Z   show-progress: true
2026-09-11T21:33:28.7636285Z   lfs: false
2026-09-11T21:33:28.7636701Z   submodules: false
2026-09-11T21:33:28.7637150Z   set-safe-directory: true
2026-09-11T21:33:28.7637826Z   allow-unsafe-pr-checkout: false
2026-09-11T21:33:28.7638650Z ##[endgroup]
2026-09-11T21:33:28.8733885Z Syncing repository: Matanek/Silex
2026-09-11T21:33:28.8736041Z ##[group]Getting Git version info
2026-09-11T21:33:28.8737071Z Working directory is '/home/runner/work/Silex/Silex'
2026-09-11T21:33:28.8738402Z [command]/usr/bin/git version
2026-09-11T21:33:28.8791279Z git version 2.55.0
2026-09-11T21:33:28.8817221Z ##[endgroup]
2026-09-11T21:33:28.8833992Z Temporarily overriding HOME='/home/runner/work/_temp/7d520578-eb71-40be-bb51-fd3d341c1145' before making global git config changes
2026-09-11T21:33:28.8836032Z Adding repository directory to the temporary git global config as a safe directory
2026-09-11T21:33:28.8840373Z [command]/usr/bin/git config --global --add safe.directory /home/runner/work/Silex/Silex
2026-09-11T21:33:28.8897287Z Deleting the contents of '/home/runner/work/Silex/Silex'
2026-09-11T21:33:28.8903912Z ##[group]Determining repository object format
2026-09-11T21:33:28.8905863Z ##[endgroup]
2026-09-11T21:33:28.8906811Z ##[group]Initializing the repository
2026-09-11T21:33:28.8911730Z [command]/usr/bin/git init /home/runner/work/Silex/Silex
2026-09-11T21:33:28.9024427Z hint: Using 'master' as the name for the initial branch. This default branch name
2026-09-11T21:33:28.9026316Z hint: will change to "main" in Git 3.0. To configure the initial branch name
2026-09-11T21:33:28.9030021Z hint: to use in all of your new repositories, which will suppress this warning,
2026-09-11T21:33:28.9031733Z hint: call:
2026-09-11T21:33:28.9032474Z hint:
2026-09-11T21:33:28.9033515Z hint: 	git config --global init.defaultBranch <name>
2026-09-11T21:33:28.9034512Z hint:
2026-09-11T21:33:28.9035133Z hint: Names commonly chosen instead of 'master' are 'main', 'trunk' and
2026-09-11T21:33:28.9036205Z hint: 'development'. The just-created branch can be renamed via this command:
2026-09-11T21:33:28.9037356Z hint:
2026-09-11T21:33:28.9038147Z hint: 	git branch -m <name>
2026-09-11T21:33:28.9038895Z hint:
2026-09-11T21:33:28.9039851Z hint: Disable this message with "git config set advice.defaultBranchName false"
2026-09-11T21:33:28.9041320Z Initialized empty Git repository in /home/runner/work/Silex/Silex/.git/
2026-09-11T21:33:28.9043477Z [command]/usr/bin/git remote add origin https://github.com/Matanek/Silex
2026-09-11T21:33:28.9090240Z ##[endgroup]
2026-09-11T21:33:28.9095464Z ##[group]Disabling automatic garbage collection
2026-09-11T21:33:28.9096175Z [command]/usr/bin/git config --local gc.auto 0
2026-09-11T21:33:28.9130541Z ##[endgroup]
2026-09-11T21:33:28.9131738Z ##[group]Setting up auth
2026-09-11T21:33:28.9132703Z Removing SSH command configuration
2026-09-11T21:33:28.9139644Z [command]/usr/bin/git config --local --name-only --get-regexp core\.sshCommand
2026-09-11T21:33:28.9182244Z [command]/usr/bin/git submodule foreach --recursive sh -c "git config --local --name-only --get-regexp 'core\.sshCommand' && git config --local --unset-all 'core.sshCommand' || :"
2026-09-11T21:33:28.9563060Z Removing HTTP extra header
2026-09-11T21:33:28.9570048Z [command]/usr/bin/git config --local --name-only --get-regexp http\.https\:\/\/github\.com\/\.extraheader
2026-09-11T21:33:28.9653387Z [command]/usr/bin/git submodule foreach --recursive sh -c "git config --local --name-only --get-regexp 'http\.https\:\/\/github\.com\/\.extraheader' && git config --local --unset-all 'http.https://github.com/.extraheader' || :"
2026-09-11T21:33:28.9926016Z Removing includeIf entries pointing to credentials config files
2026-09-11T21:33:28.9933506Z [command]/usr/bin/git config --local --name-only --get-regexp ^includeIf\.gitdir:
2026-09-11T21:33:28.9975158Z [command]/usr/bin/git submodule foreach --recursive git config --local --show-origin --name-only --get-regexp remote.origin.url
2026-09-11T21:33:29.0229935Z [command]/usr/bin/git config --file /home/runner/work/_temp/git-credentials-28eb6c50-8d63-48b7-b3b3-bbcda911bba0.config http.https://github.com/.extraheader AUTHORIZATION: basic ***
2026-09-11T21:33:29.0274992Z [command]/usr/bin/git config --local includeIf.gitdir:/home/runner/work/Silex/Silex/.git.path /home/runner/work/_temp/git-credentials-28eb6c50-8d63-48b7-b3b3-bbcda911bba0.config
2026-09-11T21:33:29.0313054Z [command]/usr/bin/git config --local includeIf.gitdir:/home/runner/work/Silex/Silex/.git/worktrees/*.path /home/runner/work/_temp/git-credentials-28eb6c50-8d63-48b7-b3b3-bbcda911bba0.config
2026-09-11T21:33:29.0354167Z [command]/usr/bin/git config --local includeIf.gitdir:/github/workspace/.git.path /github/runner_temp/git-credentials-28eb6c50-8d63-48b7-b3b3-bbcda911bba0.config
2026-09-11T21:33:29.0392324Z [command]/usr/bin/git config --local includeIf.gitdir:/github/workspace/.git/worktrees/*.path /github/runner_temp/git-credentials-28eb6c50-8d63-48b7-b3b3-bbcda911bba0.config
2026-09-11T21:33:29.0428520Z ##[endgroup]
2026-09-11T21:33:29.0429301Z ##[group]Fetching the repository
2026-09-11T21:33:29.0437320Z [command]/usr/bin/git -c protocol.version=2 fetch --no-tags --prune --no-recurse-submodules --depth=1 origin +225ba12f8d8b4f2e434c0ae18bd0b6269c909373:refs/remotes/origin/spec-silex-optimization-parity-completion
2026-09-11T21:33:30.1074339Z From https://github.com/Matanek/Silex
2026-09-11T21:33:30.1077017Z  * [new ref]         225ba12f8d8b4f2e434c0ae18bd0b6269c909373 -> origin/spec-silex-optimization-parity-completion
2026-09-11T21:33:30.1084969Z [command]/usr/bin/git branch --list --remote origin/spec-silex-optimization-parity-completion
2026-09-11T21:33:30.1116618Z   origin/spec-silex-optimization-parity-completion
2026-09-11T21:33:30.1125841Z [command]/usr/bin/git rev-parse refs/remotes/origin/spec-silex-optimization-parity-completion
2026-09-11T21:33:30.1156840Z 225ba12f8d8b4f2e434c0ae18bd0b6269c909373
2026-09-11T21:33:30.1162278Z ##[endgroup]
2026-09-11T21:33:30.1164006Z ##[group]Determining the checkout info
2026-09-11T21:33:30.1166113Z ##[endgroup]
2026-09-11T21:33:30.1167348Z [command]/usr/bin/git sparse-checkout disable
2026-09-11T21:33:30.1224946Z [command]/usr/bin/git config --local --unset-all extensions.worktreeConfig
2026-09-11T21:33:30.1269967Z ##[group]Checking out the ref
2026-09-11T21:33:30.1272462Z [command]/usr/bin/git checkout --progress --force -B spec-silex-optimization-parity-completion refs/remotes/origin/spec-silex-optimization-parity-completion
2026-09-11T21:33:30.3116189Z Switched to a new branch 'spec-silex-optimization-parity-completion'
2026-09-11T21:33:30.3131665Z branch 'spec-silex-optimization-parity-completion' set up to track 'origin/spec-silex-optimization-parity-completion'.
2026-09-11T21:33:30.3139261Z ##[endgroup]
2026-09-11T21:33:30.3189933Z [command]/usr/bin/git log -1 --format=%H
2026-09-11T21:33:30.3224288Z 225ba12f8d8b4f2e434c0ae18bd0b6269c909373
2026-09-11T21:33:30.3568243Z ##[group]Run actions/checkout@v6
2026-09-11T21:33:30.3568787Z with:
2026-09-11T21:33:30.3569147Z   repository: Matanek/Silex-Lib-STD
2026-09-11T21:33:30.3569730Z   ref: 5a018305fb470dfe00e94466150b3c04f207e252
2026-09-11T21:33:30.3570342Z   path: Dependencies/STD
2026-09-11T21:33:30.3577146Z   token: ***
2026-09-11T21:33:30.3577486Z   ssh-strict: true
2026-09-11T21:33:30.3577969Z   ssh-user: git
2026-09-11T21:33:30.3578343Z   persist-credentials: true
2026-09-11T21:33:30.3578787Z   clean: true
2026-09-11T21:33:30.3579165Z   sparse-checkout-cone-mode: true
2026-09-11T21:33:30.3579707Z   fetch-depth: 1
2026-09-11T21:33:30.3580094Z   fetch-tags: false
2026-09-11T21:33:30.3580476Z   show-progress: true
2026-09-11T21:33:30.3580857Z   lfs: false
2026-09-11T21:33:30.3581186Z   submodules: false
2026-09-11T21:33:30.3581609Z   set-safe-directory: true
2026-09-11T21:33:30.3582083Z   allow-unsafe-pr-checkout: false
2026-09-11T21:33:30.3582579Z ##[endgroup]
2026-09-11T21:33:30.4519415Z Syncing repository: Matanek/Silex-Lib-STD
2026-09-11T21:33:30.4532117Z ##[group]Getting Git version info
2026-09-11T21:33:30.4534520Z Working directory is '/home/runner/work/Silex/Silex/Dependencies/STD'
2026-09-11T21:33:30.4574384Z [command]/usr/bin/git version
2026-09-11T21:33:30.4619614Z git version 2.55.0
2026-09-11T21:33:30.4642924Z ##[endgroup]
2026-09-11T21:33:30.4658232Z Temporarily overriding HOME='/home/runner/work/_temp/0968c73a-10ee-498b-abb3-3da42b5dac79' before making global git config changes
2026-09-11T21:33:30.4661264Z Adding repository directory to the temporary git global config as a safe directory
2026-09-11T21:33:30.4666000Z [command]/usr/bin/git config --global --add safe.directory /home/runner/work/Silex/Silex/Dependencies/STD
2026-09-11T21:33:30.4706331Z ##[group]Determining repository object format
2026-09-11T21:33:30.4709634Z ##[endgroup]
2026-09-11T21:33:30.4710668Z ##[group]Initializing the repository
2026-09-11T21:33:30.4714610Z [command]/usr/bin/git init /home/runner/work/Silex/Silex/Dependencies/STD
2026-09-11T21:33:30.4760978Z hint: Using 'master' as the name for the initial branch. This default branch name
2026-09-11T21:33:30.4763263Z hint: will change to "main" in Git 3.0. To configure the initial branch name
2026-09-11T21:33:30.4765307Z hint: to use in all of your new repositories, which will suppress this warning,
2026-09-11T21:33:30.4767061Z hint: call:
2026-09-11T21:33:30.4767782Z hint:
2026-09-11T21:33:30.4768454Z hint: 	git config --global init.defaultBranch <name>
2026-09-11T21:33:30.4769437Z hint:
2026-09-11T21:33:30.4770317Z hint: Names commonly chosen instead of 'master' are 'main', 'trunk' and
2026-09-11T21:33:30.4772155Z hint: 'development'. The just-created branch can be renamed via this command:
2026-09-11T21:33:30.4773519Z hint:
2026-09-11T21:33:30.4773988Z hint: 	git branch -m <name>
2026-09-11T21:33:30.4775017Z hint:
2026-09-11T21:33:30.4776021Z hint: Disable this message with "git config set advice.defaultBranchName false"
2026-09-11T21:33:30.4778836Z Initialized empty Git repository in /home/runner/work/Silex/Silex/Dependencies/STD/.git/
2026-09-11T21:33:30.4782058Z [command]/usr/bin/git remote add origin https://github.com/Matanek/Silex-Lib-STD
2026-09-11T21:33:30.4849023Z ##[endgroup]
2026-09-11T21:33:30.4850532Z ##[group]Disabling automatic garbage collection
2026-09-11T21:33:30.4854488Z [command]/usr/bin/git config --local gc.auto 0
2026-09-11T21:33:30.4888171Z ##[endgroup]
2026-09-11T21:33:30.4996016Z ##[group]Setting up auth
2026-09-11T21:33:30.4997147Z Removing SSH command configuration
2026-09-11T21:33:30.4998735Z [command]/usr/bin/git config --local --name-only --get-regexp core\.sshCommand
2026-09-11T21:33:30.5003287Z [command]/usr/bin/git submodule foreach --recursive sh -c "git config --local --name-only --get-regexp 'core\.sshCommand' && git config --local --unset-all 'core.sshCommand' || :"
2026-09-11T21:33:30.5241132Z Removing HTTP extra header
2026-09-11T21:33:30.5243406Z [command]/usr/bin/git config --local --name-only --get-regexp http\.https\:\/\/github\.com\/\.extraheader
2026-09-11T21:33:30.5281100Z [command]/usr/bin/git submodule foreach --recursive sh -c "git config --local --name-only --get-regexp 'http\.https\:\/\/github\.com\/\.extraheader' && git config --local --unset-all 'http.https://github.com/.extraheader' || :"
2026-09-11T21:33:30.5546723Z Removing includeIf entries pointing to credentials config files
2026-09-11T21:33:30.5554165Z [command]/usr/bin/git config --local --name-only --get-regexp ^includeIf\.gitdir:
2026-09-11T21:33:30.5604901Z [command]/usr/bin/git submodule foreach --recursive git config --local --show-origin --name-only --get-regexp remote.origin.url
2026-09-11T21:33:30.5871395Z [command]/usr/bin/git config --file /home/runner/work/_temp/git-credentials-b45acbbd-7529-41ce-af08-4627ba7884e7.config http.https://github.com/.extraheader AUTHORIZATION: basic ***
2026-09-11T21:33:30.5921708Z [command]/usr/bin/git config --local includeIf.gitdir:/home/runner/work/Silex/Silex/Dependencies/STD/.git.path /home/runner/work/_temp/git-credentials-b45acbbd-7529-41ce-af08-4627ba7884e7.config
2026-09-11T21:33:30.5964750Z [command]/usr/bin/git config --local includeIf.gitdir:/home/runner/work/Silex/Silex/Dependencies/STD/.git/worktrees/*.path /home/runner/work/_temp/git-credentials-b45acbbd-7529-41ce-af08-4627ba7884e7.config
2026-09-11T21:33:30.6008245Z [command]/usr/bin/git config --local includeIf.gitdir:/github/workspace/Dependencies/STD/.git.path /github/runner_temp/git-credentials-b45acbbd-7529-41ce-af08-4627ba7884e7.config
2026-09-11T21:33:30.6051601Z [command]/usr/bin/git config --local includeIf.gitdir:/github/workspace/Dependencies/STD/.git/worktrees/*.path /github/runner_temp/git-credentials-b45acbbd-7529-41ce-af08-4627ba7884e7.config
2026-09-11T21:33:30.6089371Z ##[endgroup]
2026-09-11T21:33:30.6090066Z ##[group]Fetching the repository
2026-09-11T21:33:30.6099126Z [command]/usr/bin/git -c protocol.version=2 fetch --no-tags --prune --no-recurse-submodules --depth=1 origin 5a018305fb470dfe00e94466150b3c04f207e252
2026-09-11T21:33:30.9604284Z From https://github.com/Matanek/Silex-Lib-STD
2026-09-11T21:33:30.9605202Z  * branch            5a018305fb470dfe00e94466150b3c04f207e252 -> FETCH_HEAD
2026-09-11T21:33:30.9619687Z [command]/usr/bin/git rev-parse --verify --quiet 5a018305fb470dfe00e94466150b3c04f207e252^{object}
2026-09-11T21:33:30.9656097Z 5a018305fb470dfe00e94466150b3c04f207e252
2026-09-11T21:33:30.9668827Z ##[endgroup]
2026-09-11T21:33:30.9669367Z ##[group]Determining the checkout info
2026-09-11T21:33:30.9669900Z ##[endgroup]
2026-09-11T21:33:30.9671987Z [command]/usr/bin/git sparse-checkout disable
2026-09-11T21:33:30.9738847Z [command]/usr/bin/git config --local --unset-all extensions.worktreeConfig
2026-09-11T21:33:30.9783043Z ##[group]Checking out the ref
2026-09-11T21:33:30.9789272Z [command]/usr/bin/git checkout --progress --force 5a018305fb470dfe00e94466150b3c04f207e252
2026-09-11T21:33:31.0074267Z Note: switching to '5a018305fb470dfe00e94466150b3c04f207e252'.
2026-09-11T21:33:31.0074809Z 
2026-09-11T21:33:31.0075167Z You are in 'detached HEAD' state. You can look around, make experimental
2026-09-11T21:33:31.0075762Z changes and commit them, and you can discard any commits you make in this
2026-09-11T21:33:31.0076364Z state without impacting any branches by switching back to a branch.
2026-09-11T21:33:31.0076679Z 
2026-09-11T21:33:31.0076898Z If you want to create a new branch to retain commits you create, you may
2026-09-11T21:33:31.0077402Z do so (now or later) by using -c with the switch command. Example:
2026-09-11T21:33:31.0078038Z 
2026-09-11T21:33:31.0078235Z   git switch -c <new-branch-name>
2026-09-11T21:33:31.0078604Z 
2026-09-11T21:33:31.0078805Z Or undo this operation with:
2026-09-11T21:33:31.0079078Z 
2026-09-11T21:33:31.0079253Z   git switch -
2026-09-11T21:33:31.0079484Z 
2026-09-11T21:33:31.0079890Z Turn off this advice by setting config variable advice.detachedHead to false
2026-09-11T21:33:31.0080423Z 
2026-09-11T21:33:31.0080628Z HEAD is now at 5a01830 Prepare STD 0.21.0
2026-09-11T21:33:31.0082937Z ##[endgroup]
2026-09-11T21:33:31.0135390Z [command]/usr/bin/git log -1 --format=%H
2026-09-11T21:33:31.0169025Z 5a018305fb470dfe00e94466150b3c04f207e252
2026-09-11T21:33:31.0324760Z ##[group]Run set -euo pipefail
2026-09-11T21:33:31.0325249Z [36;1mset -euo pipefail[0m
2026-09-11T21:33:31.0325605Z [36;1marchive="$RUNNER_TEMP/zig.tar.xz"[0m
2026-09-11T21:33:31.0326201Z [36;1mcurl -fL https://ziglang.org/download/0.16.0/zig-x86_64-linux-0.16.0.tar.xz -o "$archive"[0m
2026-09-11T21:33:31.0326964Z [36;1mecho "70e49664a74374b48b51e6f3fdfbf437f6395d42509050588bd49abe52ba3d00  $archive" | sha256sum -c -[0m
2026-09-11T21:33:31.0327782Z [36;1mtar -xJf "$archive" -C "$RUNNER_TEMP"[0m
2026-09-11T21:33:31.0328248Z [36;1mecho "$RUNNER_TEMP/zig-x86_64-linux-0.16.0" >> "$GITHUB_PATH"[0m
2026-09-11T21:33:31.0375499Z shell: /usr/bin/bash --noprofile --norc -e -o pipefail {0}
2026-09-11T21:33:31.0375986Z ##[endgroup]
2026-09-11T21:33:31.0554407Z   % Total    % Received % Xferd  Average Speed   Time    Time     Time  Current
2026-09-11T21:33:31.0555309Z                                  Dload  Upload   Total   Spent    Left  Speed
2026-09-11T21:33:31.0555728Z 
2026-09-11T21:33:31.4466755Z   0     0    0     0    0     0      0      0 --:--:-- --:--:-- --:--:--     0
2026-09-11T21:33:32.4082824Z   0     0    0     0    0     0      0      0 --:--:-- --:--:-- --:--:--     0
2026-09-11T21:33:33.4684790Z   1 52.9M    1  767k    0     0   567k      0  0:01:35  0:00:01  0:01:34  567k
2026-09-11T21:33:34.4310772Z  26 52.9M   26 14.2M    0     0  6059k      0  0:00:08  0:00:02  0:00:06 6057k
2026-09-11T21:33:34.9369045Z  71 52.9M   71 37.8M    0     0  11.2M      0  0:00:04  0:00:03  0:00:01 11.2M
2026-09-11T21:33:34.9369912Z 100 52.9M  100 52.9M    0     0  13.6M      0  0:00:03  0:00:03 --:--:-- 13.6M
2026-09-11T21:33:34.9880504Z /home/runner/work/_temp/zig.tar.xz: OK
2026-09-11T21:33:38.8903504Z ##[group]Run set -euo pipefail
2026-09-11T21:33:38.8903915Z [36;1mset -euo pipefail[0m
2026-09-11T21:33:38.8904182Z [36;1mtest "$(uname -m)" = "x86_64"[0m
2026-09-11T21:33:38.8904490Z [36;1mexport HOME="$RUNNER_TEMP/home"[0m
2026-09-11T21:33:38.8904776Z [36;1mmkdir -p "$HOME"[0m
2026-09-11T21:33:38.8905132Z [36;1mzig build -Doptimize=ReleaseFast -Dcpu=baseline \[0m
2026-09-11T21:33:38.8905506Z [36;1m  --prefix "$RUNNER_TEMP/silex-prefix" \[0m
2026-09-11T21:33:38.8905853Z [36;1m  --build-file Toolchain/build.zig[0m
2026-09-11T21:33:38.8906189Z [36;1msilex="$RUNNER_TEMP/silex-prefix/bin/silex"[0m
2026-09-11T21:33:38.8906502Z [36;1m"$silex" setup[0m
2026-09-11T21:33:38.8906914Z [36;1m"$silex" link "$GITHUB_WORKSPACE/Dependencies/STD" --workspace "$GITHUB_WORKSPACE"[0m
2026-09-11T21:33:38.8907484Z [36;1m"$silex" test "$GITHUB_WORKSPACE/Tests/Types/Str/Operators.sx"[0m
2026-09-11T21:33:38.8908397Z [36;1m"$silex" test "$GITHUB_WORKSPACE/Tests/Types/Str/Returns.sx"[0m
2026-09-11T21:33:38.8909309Z [36;1m"$silex" test "$GITHUB_WORKSPACE/Tests/Native/NativePortability.sx"[0m
2026-09-11T21:33:38.8909987Z [36;1m"$silex" compile "$GITHUB_WORKSPACE/Tests/Native/NativePortability.sx" \[0m
2026-09-11T21:33:38.8910638Z [36;1m  --release -o "$RUNNER_TEMP/native-portability"[0m
2026-09-11T21:33:38.8911319Z [36;1mportability_output=$("$RUNNER_TEMP/native-portability")[0m
2026-09-11T21:33:38.8911918Z [36;1mprintf '%s\n' "$portability_output"[0m
2026-09-11T21:33:38.8912637Z [36;1mcycle_drops=$(printf '%s\n' "$portability_output" | grep -c '^native cycle drop$')[0m
2026-09-11T21:33:38.8913160Z [36;1mtest "$cycle_drops" -eq 6[0m
2026-09-11T21:33:38.8913559Z [36;1m"$silex" compile "$GITHUB_WORKSPACE/Tests/Native/DistributionSmoke.sx" \[0m
2026-09-11T21:33:38.8914013Z [36;1m  --release -o "$RUNNER_TEMP/distribution-smoke"[0m
2026-09-11T21:33:38.8914465Z [36;1mtest "$("$RUNNER_TEMP/distribution-smoke")" = "silex distribution ready"[0m
2026-09-11T21:33:38.8915164Z [36;1maggregate_fixture="$GITHUB_WORKSPACE/Toolchain/Benchmarks/Optimizer/Regressions/AggregateFieldStores.sx"[0m
2026-09-11T21:33:38.8915874Z [36;1mtest "$("$silex" interpret "$aggregate_fixture" --nocache)" = "aggregate field stores preserved"[0m
2026-09-11T21:33:38.8916350Z [36;1mfor mode in debug release; do[0m
2026-09-11T21:33:38.8916695Z [36;1m  "$silex" compile "$aggregate_fixture" "--$mode" --nocache \[0m
2026-09-11T21:33:38.8917086Z [36;1m    -o "$RUNNER_TEMP/aggregate-fields-$mode"[0m
2026-09-11T21:33:38.8917778Z [36;1m  test "$("$RUNNER_TEMP/aggregate-fields-$mode")" = "aggregate field stores preserved"[0m
2026-09-11T21:33:38.8918233Z [36;1mdone[0m
2026-09-11T21:33:38.8918627Z [36;1mminmax_fixture="$GITHUB_WORKSPACE/Toolchain/Benchmarks/Native/ScalarMathMinMax.sx"[0m
2026-09-11T21:33:38.8919077Z [36;1mfor mode in debug release; do[0m
2026-09-11T21:33:38.8919411Z [36;1m  "$silex" compile "$minmax_fixture" "--$mode" --nocache \[0m
2026-09-11T21:33:38.8919799Z [36;1m    -o "$RUNNER_TEMP/scalar-math-minmax-$mode"[0m
2026-09-11T21:33:38.8920291Z [36;1m  test "$("$RUNNER_TEMP/scalar-math-minmax-$mode")" = "scalar-math-minmax: pass"[0m
2026-09-11T21:33:38.8920697Z [36;1mdone[0m
2026-09-11T21:33:38.8921060Z [36;1m# Compile the exact standalone witness without the optimizer package's STD graph.[0m
2026-09-11T21:33:38.8921535Z [36;1mscalar_root="$RUNNER_TEMP/scalar-float-fixture"[0m
2026-09-11T21:33:38.8921880Z [36;1mmkdir -p "$scalar_root"[0m
2026-09-11T21:33:38.8922226Z [36;1mprintf '%s\n' '{"sources":"."}' > "$scalar_root/Package.json"[0m
2026-09-11T21:33:38.8922645Z [36;1mscalar_fixture="$scalar_root/ScalarFloatResidence.sx"[0m
2026-09-11T21:33:38.8923247Z [36;1mcp "$GITHUB_WORKSPACE/Toolchain/Benchmarks/Optimizer/Regressions/ScalarFloatResidence.sx" "$scalar_fixture"[0m
2026-09-11T21:33:38.8923791Z [36;1mfor mode in debug release; do[0m
2026-09-11T21:33:38.8924121Z [36;1m  "$silex" compile "$scalar_fixture" "--$mode" --nocache \[0m
2026-09-11T21:33:38.8924753Z [36;1m    -o "$RUNNER_TEMP/scalar-float-residence-$mode"[0m
2026-09-11T21:33:38.8925180Z [36;1m  scalar_output=$("$RUNNER_TEMP/scalar-float-residence-$mode")[0m
2026-09-11T21:33:38.8925602Z [36;1m  test "$(printf '%s\n' "$scalar_output" | wc -l)" -eq 9[0m
2026-09-11T21:33:38.8926032Z [36;1m  test "$(printf '%s\n' "$scalar_output" | grep -c '^true$')" -eq 9[0m
2026-09-11T21:33:38.8926388Z [36;1mdone[0m
2026-09-11T21:33:38.8926676Z [36;1mbranch_fixture="$scalar_root/BranchComparisons.sx"[0m
2026-09-11T21:33:38.8927263Z [36;1mcp "$GITHUB_WORKSPACE/Toolchain/Benchmarks/Optimizer/Regressions/BranchComparisons.sx" "$branch_fixture"[0m
2026-09-11T21:33:38.8927916Z [36;1mfor mode in debug release; do[0m
2026-09-11T21:33:38.8928258Z [36;1m  "$silex" compile "$branch_fixture" "--$mode" --nocache \[0m
2026-09-11T21:33:38.8928655Z [36;1m    -o "$RUNNER_TEMP/branch-comparisons-$mode"[0m
2026-09-11T21:33:38.8929040Z [36;1m  test "$("$RUNNER_TEMP/branch-comparisons-$mode")" = "true"[0m
2026-09-11T21:33:38.8929524Z [36;1mdone[0m
2026-09-11T21:33:38.8929805Z [36;1msnapshot_fixture="$scalar_root/BranchSnapshots.sx"[0m
2026-09-11T21:33:38.8930383Z [36;1mcp "$GITHUB_WORKSPACE/Toolchain/Benchmarks/Optimizer/Regressions/BranchSnapshots.sx" "$snapshot_fixture"[0m
2026-09-11T21:33:38.8930918Z [36;1mfor mode in debug release; do[0m
2026-09-11T21:33:38.8931269Z [36;1m  "$silex" compile "$snapshot_fixture" "--$mode" --nocache \[0m
2026-09-11T21:33:38.8931656Z [36;1m    -o "$RUNNER_TEMP/branch-snapshots-$mode"[0m
2026-09-11T21:33:38.8932041Z [36;1m  snapshot_output=$("$RUNNER_TEMP/branch-snapshots-$mode")[0m
2026-09-11T21:33:38.8932448Z [36;1m  test "$(printf '%s\n' "$snapshot_output" | wc -l)" -eq 8[0m
2026-09-11T21:33:38.8932865Z [36;1m  test "$(printf '%s\n' "$snapshot_output" | grep -c '^true$')" -eq 8[0m
2026-09-11T21:33:38.8933219Z [36;1mdone[0m
2026-09-11T21:33:38.8933505Z [36;1mloop_exit_fixture="$scalar_root/LoopExitResidence.sx"[0m
2026-09-11T21:33:38.8934106Z [36;1mcp "$GITHUB_WORKSPACE/Toolchain/Benchmarks/Optimizer/Regressions/LoopExitResidence.sx" "$loop_exit_fixture"[0m
2026-09-11T21:33:38.8934648Z [36;1mfor mode in debug release; do[0m
2026-09-11T21:33:38.8934996Z [36;1m  "$silex" compile "$loop_exit_fixture" "--$mode" --nocache \[0m
2026-09-11T21:33:38.8935389Z [36;1m    -o "$RUNNER_TEMP/loop-exit-residence-$mode"[0m
2026-09-11T21:33:38.8935786Z [36;1m  loop_exit_output=$("$RUNNER_TEMP/loop-exit-residence-$mode")[0m
2026-09-11T21:33:38.8936216Z [36;1m  test "$(printf '%s\n' "$loop_exit_output" | wc -l)" -eq 5[0m
2026-09-11T21:33:38.8936632Z [36;1m  test "$(printf '%s\n' "$loop_exit_output" | grep -c '^true$')" -eq 5[0m
2026-09-11T21:33:38.8936979Z [36;1mdone[0m
2026-09-11T21:33:38.8981324Z shell: /usr/bin/bash --noprofile --norc -e -o pipefail {0}
2026-09-11T21:33:38.8981702Z ##[endgroup]
2026-09-11T21:39:17.3142645Z silex: installed Shadercross for linux-x64
2026-09-11T21:39:26.8716354Z silex: installed Native linker for linux-x64
2026-09-11T21:39:26.8734235Z silex: linked STD@0.21.0 to /home/runner/work/Silex/Silex/Dependencies/STD for this workspace
2026-09-11T21:39:41.2879890Z ok - str concatenation operand positions
2026-09-11T21:39:41.3255952Z ok - str compound concatenation
2026-09-11T21:39:41.3546688Z ok - str equality and interpolation
2026-09-11T21:39:41.3798766Z ok - str unicode scalar count
2026-09-11T21:39:41.3803164Z 4 passed; 0 failed
2026-09-11T21:39:41.4423159Z ok - str return positions
2026-09-11T21:39:41.4426085Z 1 passed; 0 failed
2026-09-11T21:39:41.5118576Z ok - execute direct indirect and dynamic calls beyond native registers
2026-09-11T21:39:41.5378105Z ok - preserve paired float32 arithmetic on native
2026-09-11T21:39:41.5633648Z ok - mutate a class-owned native list without changing its snapshot
2026-09-11T21:39:41.5889597Z ok - replace class elements in a class-owned native list
2026-09-11T21:39:41.6142471Z ok - preserve embedded byte contents on native
2026-09-11T21:39:41.6399337Z ok - format native floats through the standalone runtime
2026-09-11T21:39:41.6668339Z ok - convert native float precision in both directions
2026-09-11T21:39:41.6928293Z ok - replace and preserve an aliased native list
2026-09-11T21:39:41.7193677Z ok - swap and reverse a native list
2026-09-11T21:39:41.7468330Z ok - grow a native list at every position
2026-09-11T21:39:41.7723144Z ok - remove native list elements from every position
2026-09-11T21:39:41.7973099Z ok - slice view mutate and clear native lists
2026-09-11T21:39:41.8240410Z ok - mutable aggregate view detaches shared native list
2026-09-11T21:39:41.8503425Z copy state drop
2026-09-11T21:39:41.8503946Z copy state drop
2026-09-11T21:39:41.8504559Z ok - deep-copy repeated native class roots without collections
2026-09-11T21:39:41.8766877Z native cycle drop
2026-09-11T21:39:41.8768003Z native cycle drop
2026-09-11T21:39:41.8768397Z ok - finalize a direct native class cycle
2026-09-11T21:39:41.9041692Z native cycle drop
2026-09-11T21:39:41.9042103Z native cycle drop
2026-09-11T21:39:41.9042541Z ok - finalize a native class cycle through lists
2026-09-11T21:39:41.9303507Z native cycle drop
2026-09-11T21:39:41.9303908Z native cycle drop
2026-09-11T21:39:41.9304331Z ok - finalize a native class cycle through protocols
2026-09-11T21:39:41.9575531Z ok - execute the complete native collection mutation slice
2026-09-11T21:39:41.9855727Z copy state drop
2026-09-11T21:39:41.9856112Z copy state drop
2026-09-11T21:39:41.9856517Z ok - execute native ownership and deep-copy runtime
2026-09-11T21:39:42.0139167Z ok - preserve resource aggregates across native list growth
2026-09-11T21:39:42.0396491Z ok - serialize native mutations with mutex
2026-09-11T21:39:42.0655014Z native cycle drop
2026-09-11T21:39:42.0655317Z native cycle drop
2026-09-11T21:39:42.0655539Z native cycle drop
2026-09-11T21:39:42.0655750Z native cycle drop
2026-09-11T21:39:42.0655960Z native cycle drop
2026-09-11T21:39:42.0656151Z native cycle drop
2026-09-11T21:39:42.0656473Z ok - finalize native cycles across direct collection and protocol edges
2026-09-11T21:39:42.0664985Z 22 passed; 0 failed
2026-09-11T21:39:42.1530785Z copy state drop
2026-09-11T21:39:42.1531192Z copy state drop
2026-09-11T21:39:42.1531498Z native cycle drop
2026-09-11T21:39:42.1531802Z native cycle drop
2026-09-11T21:39:42.1532097Z native cycle drop
2026-09-11T21:39:42.1532387Z native cycle drop
2026-09-11T21:39:42.1532677Z native cycle drop
2026-09-11T21:39:42.1532985Z native cycle drop
2026-09-11T21:39:43.3928079Z Post job cleanup.
2026-09-11T21:39:43.4836623Z [command]/usr/bin/git version
2026-09-11T21:39:43.4886180Z git version 2.55.0
2026-09-11T21:39:43.4935090Z Temporarily overriding HOME='/home/runner/work/_temp/7cfefa7b-2b93-4684-b02b-e968795f8673' before making global git config changes
2026-09-11T21:39:43.4942250Z Adding repository directory to the temporary git global config as a safe directory
2026-09-11T21:39:43.4943307Z [command]/usr/bin/git config --global --add safe.directory /home/runner/work/Silex/Silex/Dependencies/STD
2026-09-11T21:39:43.4990489Z Removing SSH command configuration
2026-09-11T21:39:43.4999500Z [command]/usr/bin/git config --local --name-only --get-regexp core\.sshCommand
2026-09-11T21:39:43.5045447Z [command]/usr/bin/git submodule foreach --recursive sh -c "git config --local --name-only --get-regexp 'core\.sshCommand' && git config --local --unset-all 'core.sshCommand' || :"
2026-09-11T21:39:43.5381027Z Removing HTTP extra header
2026-09-11T21:39:43.5382312Z [command]/usr/bin/git config --local --name-only --get-regexp http\.https\:\/\/github\.com\/\.extraheader
2026-09-11T21:39:43.5436233Z [command]/usr/bin/git submodule foreach --recursive sh -c "git config --local --name-only --get-regexp 'http\.https\:\/\/github\.com\/\.extraheader' && git config --local --unset-all 'http.https://github.com/.extraheader' || :"
2026-09-11T21:39:43.5799608Z Removing includeIf entries pointing to credentials config files
2026-09-11T21:39:43.5810297Z [command]/usr/bin/git config --local --name-only --get-regexp ^includeIf\.gitdir:
2026-09-11T21:39:43.5858319Z includeif.gitdir:/home/runner/work/Silex/Silex/Dependencies/STD/.git.path
2026-09-11T21:39:43.5873302Z includeif.gitdir:/home/runner/work/Silex/Silex/Dependencies/STD/.git/worktrees/*.path
2026-09-11T21:39:43.5874658Z includeif.gitdir:/github/workspace/Dependencies/STD/.git.path
2026-09-11T21:39:43.5875583Z includeif.gitdir:/github/workspace/Dependencies/STD/.git/worktrees/*.path
2026-09-11T21:39:43.5878106Z [command]/usr/bin/git config --local --get-all includeif.gitdir:/home/runner/work/Silex/Silex/Dependencies/STD/.git.path
2026-09-11T21:39:43.5919655Z /home/runner/work/_temp/git-credentials-b45acbbd-7529-41ce-af08-4627ba7884e7.config
2026-09-11T21:39:43.5950508Z [command]/usr/bin/git config --local --unset includeif.gitdir:/home/runner/work/Silex/Silex/Dependencies/STD/.git.path /home/runner/work/_temp/git-credentials-b45acbbd-7529-41ce-af08-4627ba7884e7.config
2026-09-11T21:39:43.6002327Z [command]/usr/bin/git config --local --get-all includeif.gitdir:/home/runner/work/Silex/Silex/Dependencies/STD/.git/worktrees/*.path
2026-09-11T21:39:43.6044838Z /home/runner/work/_temp/git-credentials-b45acbbd-7529-41ce-af08-4627ba7884e7.config
2026-09-11T21:39:43.6061560Z [command]/usr/bin/git config --local --unset includeif.gitdir:/home/runner/work/Silex/Silex/Dependencies/STD/.git/worktrees/*.path /home/runner/work/_temp/git-credentials-b45acbbd-7529-41ce-af08-4627ba7884e7.config
2026-09-11T21:39:43.6111251Z [command]/usr/bin/git config --local --get-all includeif.gitdir:/github/workspace/Dependencies/STD/.git.path
2026-09-11T21:39:43.6146003Z /github/runner_temp/git-credentials-b45acbbd-7529-41ce-af08-4627ba7884e7.config
2026-09-11T21:39:43.6157362Z [command]/usr/bin/git config --local --unset includeif.gitdir:/github/workspace/Dependencies/STD/.git.path /github/runner_temp/git-credentials-b45acbbd-7529-41ce-af08-4627ba7884e7.config
2026-09-11T21:39:43.6205209Z [command]/usr/bin/git config --local --get-all includeif.gitdir:/github/workspace/Dependencies/STD/.git/worktrees/*.path
2026-09-11T21:39:43.6236929Z /github/runner_temp/git-credentials-b45acbbd-7529-41ce-af08-4627ba7884e7.config
2026-09-11T21:39:43.6250538Z [command]/usr/bin/git config --local --unset includeif.gitdir:/github/workspace/Dependencies/STD/.git/worktrees/*.path /github/runner_temp/git-credentials-b45acbbd-7529-41ce-af08-4627ba7884e7.config
2026-09-11T21:39:43.6304814Z [command]/usr/bin/git submodule foreach --recursive git config --local --show-origin --name-only --get-regexp remote.origin.url
2026-09-11T21:39:43.6578118Z Removing credentials config '/home/runner/work/_temp/git-credentials-b45acbbd-7529-41ce-af08-4627ba7884e7.config'
2026-09-11T21:39:43.6789695Z Post job cleanup.
2026-09-11T21:39:43.7823214Z [command]/usr/bin/git version
2026-09-11T21:39:43.7890688Z git version 2.55.0
2026-09-11T21:39:43.7944285Z Temporarily overriding HOME='/home/runner/work/_temp/3a63328b-1d84-48a4-91b8-0783dedb1652' before making global git config changes
2026-09-11T21:39:43.7945726Z Adding repository directory to the temporary git global config as a safe directory
2026-09-11T21:39:43.7947013Z [command]/usr/bin/git config --global --add safe.directory /home/runner/work/Silex/Silex
2026-09-11T21:39:43.7975997Z Removing SSH command configuration
2026-09-11T21:39:43.7984904Z [command]/usr/bin/git config --local --name-only --get-regexp core\.sshCommand
2026-09-11T21:39:43.8033676Z [command]/usr/bin/git submodule foreach --recursive sh -c "git config --local --name-only --get-regexp 'core\.sshCommand' && git config --local --unset-all 'core.sshCommand' || :"
2026-09-11T21:39:43.8358677Z Removing HTTP extra header
2026-09-11T21:39:43.8359573Z [command]/usr/bin/git config --local --name-only --get-regexp http\.https\:\/\/github\.com\/\.extraheader
2026-09-11T21:39:43.8401307Z [command]/usr/bin/git submodule foreach --recursive sh -c "git config --local --name-only --get-regexp 'http\.https\:\/\/github\.com\/\.extraheader' && git config --local --unset-all 'http.https://github.com/.extraheader' || :"
2026-09-11T21:39:43.8680532Z Removing includeIf entries pointing to credentials config files
2026-09-11T21:39:43.8691835Z [command]/usr/bin/git config --local --name-only --get-regexp ^includeIf\.gitdir:
2026-09-11T21:39:43.8732369Z includeif.gitdir:/home/runner/work/Silex/Silex/.git.path
2026-09-11T21:39:43.8733227Z includeif.gitdir:/home/runner/work/Silex/Silex/.git/worktrees/*.path
2026-09-11T21:39:43.8734020Z includeif.gitdir:/github/workspace/.git.path
2026-09-11T21:39:43.8734641Z includeif.gitdir:/github/workspace/.git/worktrees/*.path
2026-09-11T21:39:43.8739668Z [command]/usr/bin/git config --local --get-all includeif.gitdir:/home/runner/work/Silex/Silex/.git.path
2026-09-11T21:39:43.8773716Z /home/runner/work/_temp/git-credentials-28eb6c50-8d63-48b7-b3b3-bbcda911bba0.config
2026-09-11T21:39:43.8799037Z [command]/usr/bin/git config --local --unset includeif.gitdir:/home/runner/work/Silex/Silex/.git.path /home/runner/work/_temp/git-credentials-28eb6c50-8d63-48b7-b3b3-bbcda911bba0.config
2026-09-11T21:39:43.8849665Z [command]/usr/bin/git config --local --get-all includeif.gitdir:/home/runner/work/Silex/Silex/.git/worktrees/*.path
2026-09-11T21:39:43.8876322Z /home/runner/work/_temp/git-credentials-28eb6c50-8d63-48b7-b3b3-bbcda911bba0.config
2026-09-11T21:39:43.8899366Z [command]/usr/bin/git config --local --unset includeif.gitdir:/home/runner/work/Silex/Silex/.git/worktrees/*.path /home/runner/work/_temp/git-credentials-28eb6c50-8d63-48b7-b3b3-bbcda911bba0.config
2026-09-11T21:39:43.8949726Z [command]/usr/bin/git config --local --get-all includeif.gitdir:/github/workspace/.git.path
2026-09-11T21:39:43.8991693Z /github/runner_temp/git-credentials-28eb6c50-8d63-48b7-b3b3-bbcda911bba0.config
2026-09-11T21:39:43.9005871Z [command]/usr/bin/git config --local --unset includeif.gitdir:/github/workspace/.git.path /github/runner_temp/git-credentials-28eb6c50-8d63-48b7-b3b3-bbcda911bba0.config
2026-09-11T21:39:43.9066236Z [command]/usr/bin/git config --local --get-all includeif.gitdir:/github/workspace/.git/worktrees/*.path
2026-09-11T21:39:43.9108901Z /github/runner_temp/git-credentials-28eb6c50-8d63-48b7-b3b3-bbcda911bba0.config
2026-09-11T21:39:43.9115331Z [command]/usr/bin/git config --local --unset includeif.gitdir:/github/workspace/.git/worktrees/*.path /github/runner_temp/git-credentials-28eb6c50-8d63-48b7-b3b3-bbcda911bba0.config
2026-09-11T21:39:43.9198954Z [command]/usr/bin/git submodule foreach --recursive git config --local --show-origin --name-only --get-regexp remote.origin.url
2026-09-11T21:39:43.9503305Z Removing credentials config '/home/runner/work/_temp/git-credentials-28eb6c50-8d63-48b7-b3b3-bbcda911bba0.config'
2026-09-11T21:39:43.9711971Z Cleaning up orphan processes

