Build Summary: 30/30 steps succeeded; 177/177 tests passed
install success
+- install silex success
|  +- compile exe silex ReleaseFast native success 1m MaxRSS:3G
|     +- options cached
|     +- WriteFile silex-float-runtime.macho cached
|     |  +- compile exe silex-float-runtime ReleaseSmall aarch64-macos cached 117ms MaxRSS:35M
|     +- WriteFile silex-float-runtime-linux-arm64.elf cached
|     |  +- compile exe silex-float-runtime-linux-arm64 ReleaseSmall aarch64-linux cached 53ms MaxRSS:35M
|     +- WriteFile silex-float-runtime-x64.elf cached
|     |  +- compile exe silex-float-runtime-x64 ReleaseSmall x86_64-linux cached 125ms MaxRSS:35M
|     +- WriteFile silex-float-runtime-macos-x64.macho cached
|     |  +- compile exe silex-float-runtime-macos-x64 ReleaseSmall x86_64-macos cached 119ms MaxRSS:35M
|     +- WriteFile silex-deep-copy-runtime.macho cached
|     |  +- compile exe silex-deep-copy-runtime ReleaseSmall aarch64-macos cached 92ms MaxRSS:35M
|     +- WriteFile silex-deep-copy-runtime-linux-arm64.elf cached
|     |  +- compile exe silex-deep-copy-runtime-linux-arm64 ReleaseSmall aarch64-linux cached 123ms MaxRSS:35M
|     +- WriteFile silex-deep-copy-runtime-x64.elf cached
|     |  +- compile exe silex-deep-copy-runtime-x64 ReleaseSmall x86_64-linux cached 119ms MaxRSS:35M
|     +- WriteFile silex-deep-copy-runtime-macos-x64.macho cached
|     |  +- compile exe silex-deep-copy-runtime-macos-x64 ReleaseSmall x86_64-macos cached 119ms MaxRSS:35M
|     +- WriteFile silex-cycle-runtime.macho cached
|     |  +- compile exe silex-cycle-runtime ReleaseSmall aarch64-macos cached 108ms MaxRSS:35M
|     +- WriteFile silex-cycle-runtime-linux-arm64.elf cached
|     |  +- compile exe silex-cycle-runtime-linux-arm64 ReleaseSmall aarch64-linux cached 121ms MaxRSS:35M
|     +- WriteFile silex-cycle-runtime-x64.elf cached
|     |  +- compile exe silex-cycle-runtime-x64 ReleaseSmall x86_64-linux cached 119ms MaxRSS:35M
|     +- WriteFile silex-cycle-runtime-macos-x64.macho cached
|        +- compile exe silex-cycle-runtime-macos-x64 ReleaseSmall x86_64-macos cached 72ms MaxRSS:35M
+- run test 177 pass (177 total) 343ms MaxRSS:27M
   +- compile test ReleaseFast native cached 126ms MaxRSS:35M
      +- options (reused)

