Silex native benchmark
host: Darwin-x86_64
clang: Apple clang version 17.0.0 (clang-1700.0.13.5)
references: clang=-O2/native-layout; clang-o3-slot8=-O3/8-byte-fields
workload: Arithmetic
result: 143997165
sizes:
   16631 .zig-cache/benchmark-native/arithmetic-debug
   12440 .zig-cache/benchmark-native/arithmetic-release
    8496 .zig-cache/benchmark-native/arithmetic-clang
    8496 .zig-cache/benchmark-native/arithmetic-clang-o3-slot8
   46063 total
compile times:
  debug real 0.60
  debug user 0.14
  debug sys 0.49
  release real 0.03
  release user 0.01
  release sys 0.01
  clang real 4.44
  clang user 0.17
  clang sys 3.71
  clang-o3-slot8 real 0.18
  clang-o3-slot8 user 0.12
  clang-o3-slot8 sys 0.09
run times:
  debug real 0.01
  debug user 0.00
  debug sys 0.00
  release real 0.00
  release user 0.00
  release sys 0.00
  clang real 0.00
  clang user 0.00
  clang sys 0.00
  clang-o3-slot8 real 0.00
  clang-o3-slot8 user 0.00
  clang-o3-slot8 sys 0.00
references: clang=-O2/native-layout; clang-o3-slot8=-O3/8-byte-fields
workload: Objects
result: 6000000
sizes:
   33023 .zig-cache/benchmark-native/objects-debug
   28856 .zig-cache/benchmark-native/objects-release
    8584 .zig-cache/benchmark-native/objects-clang
    8584 .zig-cache/benchmark-native/objects-clang-o3-slot8
   79047 total
compile times:
  debug real 0.15
  debug user 0.08
  debug sys 0.07
  release real 0.03
  release user 0.01
  release sys 0.01
  clang real 3.04
  clang user 0.96
  clang sys 1.47
  clang-o3-slot8 real 0.86
  clang-o3-slot8 user 0.75
  clang-o3-slot8 sys 0.13
run times:
  debug real 0.03
  debug user 0.03
  debug sys 0.00
  release real 0.01
  release user 0.00
  release sys 0.00
  clang real 0.00
  clang user 0.00
  clang sys 0.00
  clang-o3-slot8 real 0.00
  clang-o3-slot8 user 0.00
  clang-o3-slot8 sys 0.00
references: clang=-O2/native-layout; clang-o3-slot8=-O3/8-byte-fields
workload: Flocking
result: true
sizes:
   28927 .zig-cache/benchmark-native/flocking-debug
   20664 .zig-cache/benchmark-native/flocking-release
    9904 .zig-cache/benchmark-native/flocking-clang
   14000 .zig-cache/benchmark-native/flocking-clang-o3-slot8
   73495 total
compile times:
  debug real 0.13
  debug user 0.08
  debug sys 0.05
  release real 0.09
  release user 0.04
  release sys 0.01
  clang real 0.74
  clang user 0.64
  clang sys 0.11
  clang-o3-slot8 real 0.72
  clang-o3-slot8 user 0.65
  clang-o3-slot8 sys 0.09
run times:
  debug real 3.63
  debug user 3.61
  debug sys 0.01
  release real 1.46
  release user 1.44
  release sys 0.01
  clang real 0.29
  clang user 0.29
  clang sys 0.00
  clang-o3-slot8 real 0.47
  clang-o3-slot8 user 0.46
  clang-o3-slot8 sys 0.00
