Build Summary: 30/30 steps succeeded; 177/177 tests passed
install success
+- install silex success
|  +- compile exe silex ReleaseFast native success 1m MaxRSS:3G
|     +- options cached
|     +- WriteFile silex-float-runtime.macho cached
|     |  +- compile exe silex-float-runtime ReleaseSmall aarch64-macos cached 92ms MaxRSS:35M
|     +- WriteFile silex-float-runtime-linux-arm64.elf cached
|     |  +- compile exe silex-float-runtime-linux-arm64 ReleaseSmall aarch64-linux cached 115ms MaxRSS:35M
|     +- WriteFile silex-float-runtime-x64.elf cached
|     |  +- compile exe silex-float-runtime-x64 ReleaseSmall x86_64-linux cached 45ms MaxRSS:35M
|     +- WriteFile silex-float-runtime-macos-x64.macho cached
|     |  +- compile exe silex-float-runtime-macos-x64 ReleaseSmall x86_64-macos cached 109ms MaxRSS:35M
|     +- WriteFile silex-deep-copy-runtime.macho cached
|     |  +- compile exe silex-deep-copy-runtime ReleaseSmall aarch64-macos cached 103ms MaxRSS:35M
|     +- WriteFile silex-deep-copy-runtime-linux-arm64.elf cached
|     |  +- compile exe silex-deep-copy-runtime-linux-arm64 ReleaseSmall aarch64-linux cached 89ms MaxRSS:35M
|     +- WriteFile silex-deep-copy-runtime-x64.elf cached
|     |  +- compile exe silex-deep-copy-runtime-x64 ReleaseSmall x86_64-linux cached 98ms MaxRSS:35M
|     +- WriteFile silex-deep-copy-runtime-macos-x64.macho cached
|     |  +- compile exe silex-deep-copy-runtime-macos-x64 ReleaseSmall x86_64-macos cached 107ms MaxRSS:35M
|     +- WriteFile silex-cycle-runtime.macho cached
|     |  +- compile exe silex-cycle-runtime ReleaseSmall aarch64-macos cached 111ms MaxRSS:35M
|     +- WriteFile silex-cycle-runtime-linux-arm64.elf cached
|     |  +- compile exe silex-cycle-runtime-linux-arm64 ReleaseSmall aarch64-linux cached 110ms MaxRSS:35M
|     +- WriteFile silex-cycle-runtime-x64.elf cached
|     |  +- compile exe silex-cycle-runtime-x64 ReleaseSmall x86_64-linux cached 109ms MaxRSS:35M
|     +- WriteFile silex-cycle-runtime-macos-x64.macho cached
|        +- compile exe silex-cycle-runtime-macos-x64 ReleaseSmall x86_64-macos cached 87ms MaxRSS:35M
+- run test 177 pass (177 total) 366ms MaxRSS:28M
   +- compile test ReleaseFast native cached 113ms MaxRSS:35M
      +- options (reused)

