optimizer oracle: optimization coverage registry
  schema: 2
  LLVM executable: Apple clang version 21.0.0 (clang-2100.1.1.101)
  LLVM sources: 3623fe661ae35c6c80ac221f14d85be76aa870f1 (llvmorg-21.1.0)
  target: arm64-apple-darwin25.6.0, CPU apple-m1, -O3
  coverage: 13 families, 7 baselines, 5 hot functions, 21 workspace repositories, 15 sealed qualification projects
  interactions: 144 pairwise cases, 5 risk triplets, SHA-256 c5ca428fa03d03fd9b72f5a0f878333abd4c61be029d8aa44a85ba8dd86e9da3
  plan: .zig-cache/optimizer-oracle/coverage-plan.tsv
optimizer oracle: semantic verification
  PASS Regressions/ScalarFloatResidence.sx (45 bytes output)
  PASS Regressions/DominatedReferenceReads.sx (140 bytes output)
  PASS Regressions/LateScalarClosure.sx (5 bytes output)
  PASS Regressions/ValueModules/Main.sx (40 bytes output)
  PASS Regressions/AggregatePreparation.sx (795 bytes output)
  PASS Regressions/ScalarExpressionReuse.sx (40 bytes output)
  PASS Regressions/KnownViewElements.sx (35 bytes output)
  PASS DampedIntegration.sx (45 bytes output)
  PASS PreparationMasses.sx (105 bytes output)
  PASS AggregateViewAliasing.sx (45 bytes output)
  PASS IntegerArithmetic.sx (7 bytes output)
  PASS BranchingLoop.sx (7 bytes output)
  PASS FloatArithmetic.sx (5 bytes output)
  PASS IntegerControlFlow.sx (6 bytes output)
  PASS IntegerWidths.sx (3 bytes output)
  PASS UnsignedBitwise.sx (11 bytes output)
  PASS AggregateScalarization.sx (6 bytes output)
  PASS ReferenceAliasing.sx (6 bytes output)
  PASS ReferenceDeadStores.sx (9 bytes output)
  PASS ReadonlyViewMemory.sx (3 bytes output)
  PASS MutableViewMemory.sx (3 bytes output)
  PASS NestedAggregateWidths.sx (15 bytes output)
  PASS OwningCollectionCopy.sx (10 bytes output)
  PASS Regressions/LoopExitFloatLaneXY.sx (20 bytes output)
  PASS Regressions/FloatLaneXYZ.sx (15 bytes output)
  PASS Regressions/LoopExitFloatLaneXYZW.sx (40 bytes output)
  PASS Regressions/PureMathReferenceInlining.sx (20 bytes output)
  PASS Regressions/HotReferenceLeafClosure.sx (50 bytes output)
verified: 28 corpus programs
optimizer oracle: cold and warm cache reproducibility
  PASS IntegerArithmetic.sx: 9abf1f5b0548ed1a9c64aa813dd04a9da151c91cf4205182e782ca58a9eb6af9
  PASS BranchingLoop.sx: 6c7067dd5dad67ec392f3471b674e5f1ef2e7cd4aabe7e4f97d5eb92abe7ea96
  PASS Regressions/AggregateFieldStores.sx: c7e57f2229713c19eb0046184d323c678c8ca671291c519e0deb61215d62ce52
  PASS Regressions/DenseScalarLoop.sx: cc0c80ad880775576cb0f47225c23607672043f277c4699619238b2e40b2a3b4
cache proof: .zig-cache/optimizer-oracle/cache-proof.tsv
optimizer oracle: metamorphic qualification
  PASS direct-or-helper: semantics and native modes agree, structure equivalent
  PASS declaration-order: semantics and native modes agree, structure equivalent
  PASS inline-or-nested-helper: semantics and native modes agree, structure equivalent
  PASS scalar-or-aggregate-branch: semantics and native modes agree, structure equivalent
  PASS while-or-for-collection: semantics and native modes agree, structure equivalent
metamorphic report: .zig-cache/optimizer-oracle/metamorphic.tsv
optimizer oracle: native optimizer regression qualification
  PASS Regressions/ScalarFloatResidence.sx
    protects: scalar FP pressure, loop recurrence, call barriers, addressed aliases, exact conversion, NaN and signed zero
    binaries: Debug 64568 bytes, Release 32952 bytes
  PASS Regressions/DominatedReferenceReads.sx
    protects: dominated borrowed fields preserve branches, mutable aliases, signed zero, NaN and mixed scalar widths
    binaries: Debug 61048 bytes, Release 32952 bytes
  PASS Regressions/LateScalarClosure.sx
    protects: helpers exposed as scalar leaves after collection cleanup preserve loop results and checked initialization
    binaries: Debug 52560 bytes, Release 32952 bytes
  PASS Regressions/ValueModules/Main.sx
    protects: module and generic boundaries preserve dominated values, partial paths, mutable aliases and strict floating observations
    binaries: Debug 59032 bytes, Release 32952 bytes
  PASS Regressions/AggregatePreparation.sx
    protects: complete preparation observes all 26 fields across dynamic/fixed bodies, warm starts and detached results
    contract: dominated aggregate field reads 820 -> 24
    counter: disabling ssa_value_simplification retains 56 field reads versus 24
    binaries: Debug 145464 bytes, Release 32952 bytes
  PASS Regressions/ScalarExpressionReuse.sx
    protects: identical scalar snapshots share calculations across stores while changed memory and floating edge values retain their observations
    contract: scalar products 4 -> 2; changed-memory path retains 2
    counter: disabling ssa_value_simplification retains 4 scalar products versus 2
    binaries: Debug 56712 bytes, Release 32952 bytes
  PASS Regressions/KnownViewElements.sx
    protects: known scalar elements propagate through clamped nested views; aliases and branches retain observations
    contract: constantViews view loads 2 -> 0, stores 0 -> 0, 2 guard(s) retained
    counter: disabling reference_memory_elision retains 4 memory operation(s) versus 0 in constantViews; guards 6/2
    binaries: Debug 76528 bytes, Release 32952 bytes
  PASS IntegerArithmetic.sx
    protects: a hot scalar loop retains target registers across a terminal output barrier
    contract: main scalar residences ARM64 13/13, X64 13/13
    binaries: Debug 51568 bytes, Release 32952 bytes
  PASS AggregateScalarization.sx
    protects: value aggregate copies, field updates and returns reduce to scalar leaves
    contract: update value-aggregate operations 14 -> 3
    binaries: Debug 54104 bytes, Release 32952 bytes
  PASS ReferenceDeadStores.sx
    protects: exact reference stores are eliminated while a possibly aliasing observation remains
    contract: overwrite reference stores 2 -> 1; observed retains 1 load(s) and 2 store(s)
    counter: disabling reference_memory_elision retains 2 memory operation(s) versus 1 in overwrite; guards 0/0
    binaries: Debug 52856 bytes, Release 32952 bytes
  PASS MutableViewMemory.sx
    protects: exact mutable-view stores and loads coalesce without removing the surviving bounds guard
    contract: rewrite view loads 5 -> 0, stores 2 -> 1, 1 guard(s) retained
    counter: disabling reference_memory_elision retains 3 memory operation(s) versus 1 in rewrite; guards 3/1
    binaries: Debug 51376 bytes, Release 32952 bytes
  PASS OwningCollectionCopy.sx
    protects: known owning-list values forward while copy-on-write mutation remains explicit
    contract: main owning loads 4 -> 0, 1 mutation(s) and 0 guard(s) retained
    counter: disabling reference_memory_elision retains 3 memory operation(s) versus 1 in main; guards 3/0
    binaries: Debug 50888 bytes, Release 32952 bytes
  PASS Regressions/AggregateFieldStores.sx
    protects: scalar field reads and writes preserve snapshots, alias mutations across calls and loops, and owning collection copies
    binaries: Debug 105592 bytes, Release 49368 bytes
  PASS Regressions/CheckedMemoryLanes.sx
    protects: checked aggregate loads, independent arithmetic lanes, branches and borrowed writes
    binaries: Debug 81680 bytes, Release 49368 bytes
  PASS Regressions/AggregateControlFlow.sx
    protects: immutable aggregate projections across branches and loops preserve snapshots and joined returns
    binaries: Debug 64712 bytes, Release 32952 bytes
  PASS Regressions/FloatSsaDiamond.sx
    protects: float32 and float64 local values preserve both incoming edges of an SSA diamond
    binaries: Debug 67984 bytes, Release 32952 bytes
  PASS Regressions/FloatSsaLoop.sx
    protects: float32 and float64 local recurrences preserve entry and back-edge values
    binaries: Debug 54240 bytes, Release 32952 bytes
  PASS Regressions/BooleanSharedChain.sx
    protects: shared boolean-chain blocks and reused branch values
    contract: hot_chain blocks 13 -> 8
    binaries: Debug 57216 bytes, Release 32952 bytes
  PASS Regressions/SsaValueFacts.sx
    protects: unanimous SSA joins propagate exact constants while divergent joins retain their control
    contract: unanimous branches 2 -> 1, arithmetic 1 -> 0
    counter: disabling ssa_value_simplification retains 2 branches and 1 arithmetic operation(s), versus 1 and 0
    binaries: Debug 56224 bytes, Release 32952 bytes
  PASS Regressions/SsaCriticalEdge.sx
    protects: float32 and float64 locals cross a critical edge without memory traffic or a synthetic block
    contract: choose64 local operations 3 -> 0, blocks 4 -> 3
    counter: disabling ssa_promotion_post retains 3 local operation(s) versus 0, with blocks 3 versus 3
    binaries: Debug 53744 bytes, Release 32952 bytes
  PASS Regressions/SsaForwardedPhiLoop.sx
    protects: a loop-carried float value crosses an inner forwarding join without falling back to local storage
    contract: accumulate local operations 9 -> 0, blocks 7 -> 6
    counter: disabling ssa_promotion_post retains 4 local operation(s) versus 0, with blocks 6 versus 6
    binaries: Debug 52968 bytes, Release 32952 bytes
  PASS Regressions/SsaDistinctPhiLoop.sx
    protects: a float recurrence keeps distinct loop and branch joins without falling back to local storage
    contract: accumulate local operations 13 -> 0, blocks 7 -> 7
    counter: disabling ssa_promotion_post retains 8 local operation(s) versus 0, with blocks 7 versus 7
    binaries: Debug 53664 bytes, Release 32952 bytes
  PASS Regressions/IntegerConversionConstants.sx
    protects: unanimous integer facts cross representable conversions and expose dependent constant arithmetic
    contract: joined conversions 5 -> 0, arithmetic 4 -> 0
    counter: disabling ssa_value_simplification retains 1 conversions and 1 arithmetic operation(s), versus 0 and 0
    binaries: Debug 52424 bytes, Release 32952 bytes
  PASS Regressions/IntegerShiftConstants.sx
    protects: unanimous integer and count facts fold valid shifts while invalid counts preserve their failure
    contract: shifted branches 2 -> 1, arithmetic 3 -> 0
    counter: disabling ssa_value_simplification retains 2 branches and 3 arithmetic operation(s), versus 1 and 0
    binaries: Debug 54296 bytes, Release 32952 bytes
  PASS Regressions/IntegerRangeChecks.sx
    protects: dominating and loop-carried bounds remove only proven overflow and conversion checks
    contract: increment, decrement, widen_unsigned, shift_bounded, accumulate proven checks 12 -> 0; 1 unproven check(s) retained
    counter: disabling value_range_analysis retains 10 proven check(s) versus 0; unproven checks remain 1/1
    binaries: Debug 58656 bytes, Release 32952 bytes
  PASS Regressions/ConstantDivision.sx
    protects: signed and unsigned constant division, including powers of two, preserves all Silex integer widths on native backends
    binaries: Debug 77056 bytes, Release 32952 bytes
  PASS Regressions/X64RegionalBarriers.sx
    protects: a hot X64 scalar loop retains volatile registers while aggregate construction and a direct call remain stack barriers
    contract: integrate X64 regional residence 13/15, 2 spilled values, 4 frame slots/32 bytes, loop stack 0 load/0 store, barriers 1 direct/0 indirect call and 2 aggregate leaf slots
    binaries: Debug 52792 bytes, Release 32952 bytes
  PASS Regressions/X64IndirectAggregate.sx
    protects: a hot X64 scalar loop retains registers before a wide aggregate and indirect call barrier
    contract: integrate X64 regional residence 14/20, 6 spilled values, 8 frame slots/64 bytes, loop stack 0 load/0 store, barriers 0 direct/1 indirect call and 4 aggregate leaf slots
    binaries: Debug 53080 bytes, Release 32952 bytes
  PASS Regressions/ArrayStorageAccess.sx
    protects: fixed, dynamic, nested, and aggregate collection storage
    binaries: Debug 69856 bytes, Release 49368 bytes
  PASS Regressions/BoundedCollectionLoop.sx
    protects: proven zero-origin collection traversal without weakening other bounds checks
    contract: sum checked collection loads 1 -> 0
    binaries: Debug 53976 bytes, Release 32952 bytes
  PASS Regressions/SequentialBoundedLoops.sx
    protects: zero-origin recovery after a sequential loop resets its reused induction variable
    contract: sum_sequential checked collection loads 2 -> 1
    binaries: Debug 54008 bytes, Release 32952 bytes
  PASS Regressions/DenseScalarLoop.sx
    protects: class count accessor inlining and redundant scalar loads inside a dense loop
    contract: integrate collection loads 4 -> 2, calls 1 -> 0
    binaries: Debug 56432 bytes, Release 32952 bytes
  PASS Regressions/LoopExitFloatLaneXY.sx
    protects: XY loop recurrences become stable vectorizable snapshots after loop exit
    contract: finish SLP width 2 (required >= 2), ARM64 pairs 15 (required=yes), X64 pairs 0 (required=no)
    binaries: Debug 53624 bytes, Release 32952 bytes
  PASS Regressions/FloatLaneXYZ.sx
    protects: portable XYZ lane grouping through loads and arithmetic
    contract: transform SLP width 3 (required >= 3), ARM64 pairs 3 (required=no), X64 pairs 0 (required=no)
    binaries: Debug 51408 bytes, Release 32952 bytes
  PASS Regressions/LoopExitFloatLaneXYZW.sx
    protects: XYZW loop recurrences become two stable vectorizable pairs after loop exit
    contract: finish SLP width 4 (required >= 4), ARM64 pairs 30 (required=yes), X64 pairs 0 (required=no)
    binaries: Debug 55496 bytes, Release 32952 bytes
  PASS Regressions/TextOutputIntegrity.sx
    protects: complete text output through branches and collection iteration
    binaries: Debug 54312 bytes, Release 32952 bytes
  PASS Regressions/BoidsKernel.sx
    protects: boids-like arrays, shared boolean chains, and native XY/Z realization
    contract: steer SLP width 3 (required >= 3), ARM64 pairs 15 (required=yes), X64 pairs 6 (required=yes)
    binaries: Debug 74560 bytes, Release 32952 bytes
  PASS Regressions/Boids2DSteering.sx
    protects: aggregate vector parameters keep pointer-terminated collection cursors disjoint from cached float literals
    binaries: Debug 60208 bytes, Release 32952 bytes
  PASS Regressions/ReversedFloatRecurrence.sx
    protects: reversed float recurrence copies preserve lane order and exact unaligned compact-field loads
    binaries: Debug 53544 bytes, Release 32952 bytes
  PASS Regressions/CollectionCursor.sx
    protects: a generic unit-stride float collection loop retains a post-indexed pointer-terminated cursor
    contract: accumulate ARM64 cursor post-indexed=yes, pointer-terminated=yes
    binaries: Debug 54992 bytes, Release 32952 bytes
  PASS Regressions/ReferenceCursorReuse.sx
    protects: ascending mutable view references preserve checked bounds and reuse stable element addresses across field writes
    binaries: Debug 55592 bytes, Release 32952 bytes
  PASS Regressions/MultipleReferenceCursors.sx
    protects: independent mutable views carry every checked ascending element address in one loop
    contract: shift ARM64 reference cursors unchecked=0, checked=2
    binaries: Debug 53400 bytes, Release 32952 bytes
  PASS Regressions/AggregateParameterResidence.sx
    protects: read-only aggregate parameters keep scalar leaves in ARM64 registers unless storage is required
    contract: evaluate ARM64 aggregate parameter residence 12/12
    binaries: Debug 51120 bytes, Release 32952 bytes
  PASS Regressions/LoopForms.sx
    protects: signed and unsigned inductions, nested control, break, continue, dynamic bounds, strided access and contiguous recurrence
    binaries: Debug 59352 bytes, Release 32952 bytes
  PASS Regressions/CallEffectsInlining.sx
    protects: small reference and checked-view callees inline into the final caller without losing their memory effects
    contract: main calls 2 -> 0, reference stores 1 -> 0 after scalar replacement
    counter: disabling value_inlining retains 2 call(s) versus 0 in main
    binaries: Debug 52568 bytes, Release 32952 bytes
  PASS Regressions/BranchingReferenceInlining.sx
    protects: branching reference callees inline at hot loop sites while preserving their writes
    contract: main calls 1 -> 0, reference stores 2 -> 2 after scalar replacement
    counter: disabling value_inlining retains 1 call(s) versus 0 in main
    binaries: Debug 53528 bytes, Release 32952 bytes
  PASS Regressions/PureMathReferenceInlining.sx
    protects: proven pure scalar-math effects remain exact while a native call barrier stays outside a branching reference caller
    contract: main calls 1 -> 1, reference stores 4 -> 4 after scalar replacement
    binaries: Debug 57368 bytes, Release 51072 bytes
  PASS Regressions/HotReferenceLeafClosure.sx
    protects: a pressure-heavy hot set of reference leaf callees stays out of line until expanded caller residences are proven profitable
    contract: integrate calls 2 -> 2, reference stores 9 -> 9 after scalar replacement
    binaries: Debug 85976 bytes, Release 67640 bytes
  PASS Regressions/DynamicFieldClearAppend.sx
    protects: a loop-local class call bound stays defined before clearing and rebuilding a dynamic field
    binaries: Debug 75752 bytes, Release 49368 bytes
qualified: 64 integer failures with ordered output in Debug/Release
qualified: 43 numeric conversions with exact values and diagnostics in Debug/Release
qualified: 49 fixed regressions and 8 generated native scenarios
optimizer oracle: deterministic numeric fuzzing
verified: 128 generated programs (seed 1..128)
optimizer oracle: LLVM differential fuzzing
verified: 32 LLVM programs (seed 1..32)
optimizer oracle: Silex Release versus LLVM -O3
artifacts: .zig-cache/optimizer-oracle
timing host: macos aarch64 on arm64, CPU Apple M3 Pro, translated=false, mode=diagnostic
optimizer oracle: UnsupportedInstruction
optimizer-gate
+- run test w
parity registry: coverage gap 'known-gap' owned by silex-llvm-opt-02
parity registry: required LLVM family missing: instcombine-and-simplifycfg
failed command: ./.zig-cache/o/af4a3e24d103183b188c978003e45748/test --cache-dir=./.zig-cache --seed=0xbfe65232 --listen=-

optimizer-gate
+- run exe silex-optimizer-oracle failure
error: process exited with error code 1
failed command: ./.zig-cache/o/796f18668df79af86902fdc7730b42f2/silex-optimizer-oracle ./.zig-cache/o/8b6a0665e15af013251d1e3823a1f037/silex /Users/nekmata/Projects/SilexProject/.specs/Silex-Optimization-Parity-Completion/Worktree/Silex/Toolchain/Benchmarks/Optimizer gate

Build Summary: 29/31 steps succeeded (1 failed); 74/74 tests passed
optimizer-gate transitive failure
+- run exe silex-optimizer-oracle failure
|  +- compile exe silex-optimizer-oracle ReleaseFast native cached 123ms MaxRSS:35M
|  |  +- options cached
|  +- compile exe silex ReleaseFast native cached 54ms MaxRSS:35M
|     +- options (reused)
|     +- WriteFile silex-float-runtime.macho cached
|     |  +- compile exe silex-float-runtime ReleaseSmall aarch64-macos cached 103ms MaxRSS:35M
|     +- WriteFile silex-float-runtime-linux-arm64.elf cached
|     |  +- compile exe silex-float-runtime-linux-arm64 ReleaseSmall aarch64-linux cached 111ms MaxRSS:35M
|     +- WriteFile silex-float-runtime-x64.elf cached
|     |  +- compile exe silex-float-runtime-x64 ReleaseSmall x86_64-linux cached 104ms MaxRSS:35M
|     +- WriteFile silex-float-runtime-macos-x64.macho cached
|     |  +- compile exe silex-float-runtime-macos-x64 ReleaseSmall x86_64-macos cached 91ms MaxRSS:35M
|     +- WriteFile silex-deep-copy-runtime.macho cached
|     |  +- compile exe silex-deep-copy-runtime ReleaseSmall aarch64-macos cached 42ms MaxRSS:35M
|     +- WriteFile silex-deep-copy-runtime-linux-arm64.elf cached
|     |  +- compile exe silex-deep-copy-runtime-linux-arm64 ReleaseSmall aarch64-linux cached 93ms MaxRSS:35M
|     +- WriteFile silex-deep-copy-runtime-x64.elf cached
|     |  +- compile exe silex-deep-copy-runtime-x64 ReleaseSmall x86_64-linux cached 113ms MaxRSS:35M
|     +- WriteFile silex-deep-copy-runtime-macos-x64.macho cached
|     |  +- compile exe silex-deep-copy-runtime-macos-x64 ReleaseSmall x86_64-macos cached 112ms MaxRSS:35M
|     +- WriteFile silex-cycle-runtime.macho cached
|     |  +- compile exe silex-cycle-runtime ReleaseSmall aarch64-macos cached 115ms MaxRSS:35M
|     +- WriteFile silex-cycle-runtime-linux-arm64.elf cached
|     |  +- compile exe silex-cycle-runtime-linux-arm64 ReleaseSmall aarch64-linux cached 110ms MaxRSS:35M
|     +- WriteFile silex-cycle-runtime-x64.elf cached
|     |  +- compile exe silex-cycle-runtime-x64 ReleaseSmall x86_64-linux cached 42ms MaxRSS:35M
|     +- WriteFile silex-cycle-runtime-macos-x64.macho cached
|        +- compile exe silex-cycle-runtime-macos-x64 ReleaseSmall x86_64-macos cached 110ms MaxRSS:35M
+- run test 74 pass (74 total) 264ms MaxRSS:46M
   +- compile test ReleaseFast native cached 123ms MaxRSS:35M
      +- options (reused)

error: the following build command failed with exit code 1:
.zig-cache/o/1db1c0bf7cfdc052107baf7ebe63baef/build /opt/homebrew/Cellar/zig/0.16.0_1/bin/zig /opt/homebrew/Cellar/zig/0.16.0_1/lib/zig /Users/nekmata/Projects/SilexProject/.specs/Silex-Optimization-Parity-Completion/Worktree/Silex/Toolchain .zig-cache /Users/nekmata/.cache/zig --seed 0xbfe65232 -Zbd38b667a3cafcf8 optimizer-gate --summary all
