{
  "after_before": {
    "median": 0.998855472758913,
    "mad": 0.012809602573192524,
    "lower_bound": 0.986081704573913,
    "upper_bound": 1.0053670760266078,
    "confidence_ppm": 960823,
    "half_shift": 0.0025534219097218536
  },
  "after_clang": {
    "median": 1.9853859478262035,
    "mad": 0.03933806218696434,
    "lower_bound": 1.94885125534475,
    "upper_bound": 1.9941872393208953,
    "confidence_ppm": 960823,
    "half_shift": 0.011666634509341245
  },
  "before_clang": {
    "median": 1.9463346800597343,
    "mad": 0.06657632786240453,
    "lower_bound": 1.9304534895754266,
    "upper_bound": 2.0141063984907874,
    "confidence_ppm": 960823,
    "half_shift": -0.007454305638170622
  },
  "before": {
    "median_ms": 446.24298,
    "mad_ms": 1.8160200000000373
  },
  "after": {
    "median_ms": 446.594,
    "mad_ms": 2.0439999999999827
  },
  "clang": {
    "median_ms": 223.918000003,
    "mad_ms": 5.218000152000002
  }
}
