{
  "before_ns": {
    "median": 87931709,
    "minimum": 87426000,
    "maximum": 89067875,
    "mad": 258375,
    "half_shift": 0.002170228408381769
  },
  "partial_ns": {
    "median": 93057625,
    "minimum": 87706750,
    "maximum": 93972917,
    "mad": 485583,
    "half_shift": -0.010805152047156596
  },
  "after_ns": {
    "median": 85811541,
    "minimum": 83546917,
    "maximum": 87740458,
    "mad": 312375,
    "half_shift": -0.00856353841214208
  },
  "after_before": {
    "median": 0.9722671624979494,
    "minimum": 0.9452201882499286,
    "maximum": 0.9947775584569636,
    "mad": 0.009010157245500694,
    "half_shift": -0.017104361785390987
  },
  "after_partial": {
    "median": 0.9220891652036658,
    "minimum": 0.899414128841076,
    "maximum": 0.9967717329099669,
    "mad": 0.0073023052671360444,
    "half_shift": -0.0009700359989981422
  }
}
