{
  "before_ns": {
    "median": 87949708,
    "minimum": 87618500,
    "maximum": 89756750,
    "mad": 181750,
    "half_shift": 0.0024513591060053574
  },
  "after_ns": {
    "median": 91393833,
    "minimum": 86917833,
    "maximum": 93859459,
    "mad": 1965209,
    "half_shift": 0.024650078613548843
  },
  "after_before": {
    "median": 1.0391253902531286,
    "minimum": 0.9920032070852617,
    "maximum": 1.0651203411372858,
    "mad": 0.018728881654391794,
    "half_shift": 0.011068884080255526
  }
}
